corre_n10b · n10b_serie_s12701-12720_T100000 · 20260924_014236 · python 3.13.12 · corre_n10b.py b7808bbb83fb038e · PREREGISTRO_n10b.md 100f83f74446a973
shas: pista2.py=4d2bee16e7961261 motor_convive.py=d10cb9021f5d0f41 corre_convive.py=e6dadfdad9c379cd FABRICA.py=2ebee3e99ea5a33a FAMB_NADA.py=6635a04063fe7317 FAMB_RES.py=2addb7ca5b9d031d FAMB_RES1.py=766807733fb620e2 FAMB_BAR.py=dfcb2efbf5ec8d2b FAMB_ORACULO.py=c1ee88844650a78e
  NADA     s12701    56.1 s · NADA: R0nac 0.1299 vida nac 101.0 nac 469 tam 9.764 gen 3
  NADA     s12702    57.0 s · NADA: R0nac 0.1125 vida nac 86.0 nac 487 tam 9.61 gen 3
  NADA     s12703    57.5 s · NADA: R0nac 0.1377 vida nac 95.0 nac 481 tam 9.622 gen 3
  NADA     s12705    55.5 s · NADA: R0nac 0.0973 vida nac 108.5 nac 459 tam 9.504 gen 3
  NADA     s12704    56.6 s · NADA: R0nac 0.1087 vida nac 101.0 nac 463 tam 9.68 gen 3
  NADA     s12706    57.3 s · NADA: R0nac 0.0517 vida nac 95.0 nac 488 tam 9.6 gen 3
  NADA     s12708    56.3 s · NADA: R0nac 0.0726 vida nac 99.0 nac 478 tam 9.528 gen 4
  NADA     s12707    58.1 s · NADA: R0nac 0.1076 vida nac 108.0 nac 479 tam 9.956 gen 3
  NADA     s12709    57.6 s · NADA: R0nac 0.1542 vida nac 101.0 nac 501 tam 9.546 gen 5
  NADA     s12710    57.4 s · NADA: R0nac 0.1598 vida nac 99.0 nac 484 tam 9.65 gen 3
  NADA     s12711    57.3 s · NADA: R0nac 0.1157 vida nac 103.0 nac 465 tam 9.642 gen 3
  NADA     s12712    58.7 s · NADA: R0nac 0.1422 vida nac 97.0 nac 467 tam 9.618 gen 3
  NADA     s12713    57.9 s · NADA: R0nac 0.0681 vida nac 111.5 nac 457 tam 9.69 gen 3
  NADA     s12714    57.5 s · NADA: R0nac 0.0929 vida nac 89.0 nac 471 tam 9.67 gen 3
  NADA     s12715    56.7 s · NADA: R0nac 0.1435 vida nac 97.0 nac 461 tam 9.628 gen 4
  NADA     s12716    57.4 s · NADA: R0nac 0.1174 vida nac 97.0 nac 478 tam 9.578 gen 3
  NADA     s12717    58.1 s · NADA: R0nac 0.113 vida nac 101.0 nac 480 tam 9.652 gen 3
  NADA     s12718    57.0 s · NADA: R0nac 0.0936 vida nac 97.0 nac 479 tam 9.656 gen 3
  NADA     s12719    56.9 s · NADA: R0nac 0.1191 vida nac 110.5 nac 446 tam 9.688 gen 3
  NADA     s12720    57.5 s · NADA: R0nac 0.1688 vida nac 90.0 nac 485 tam 9.598 gen 3
  RES      s12701    89.0 s · RES: R0nac 0.6856 vida nac 546.0 nac 659 tam 19.516 gen 23 tele {'n': 659, 'claves_med': 6.0, 'frac_B_mala': 0.9454, 'frac_D_mala': 0.8012, 'frac_A_mala': 0.0, 'frac_C_mala': 0.0, 'frac_completa': 0.0546}
  RES      s12703    80.1 s · RES: R0nac 0.7259 vida nac 255.0 nac 663 tam 13.628 gen 16 tele {'n': 663, 'claves_med': 7.0, 'frac_B_mala': 0.9306, 'frac_D_mala': 0.7315, 'frac_A_mala': 0.0, 'frac_C_mala': 0.0, 'frac_completa': 0.1176}
  RES      s12702   105.2 s · RES: R0nac 0.8451 vida nac 929.0 nac 690 tam 21.17 gen 40 tele {'n': 690, 'claves_med': 6.0, 'frac_B_mala': 0.9551, 'frac_D_mala': 0.8739, 'frac_A_mala': 0.0, 'frac_C_mala': 0.0, 'frac_completa': 0.0159}
  RES      s12704    74.7 s · RES: R0nac 0.583 vida nac 259.5 nac 621 tam 14.176 gen 27 tele {'n': 621, 'claves_med': 7.0, 'frac_B_mala': 0.9259, 'frac_D_mala': 0.6699, 'frac_A_mala': 0.0, 'frac_C_mala': 0.0, 'frac_completa': 0.124}
  RES      s12705    90.4 s · RES: R0nac 0.6912 vida nac 600.0 nac 626 tam 20.596 gen 22 tele {'n': 626, 'claves_med': 6.0, 'frac_B_mala': 0.9537, 'frac_D_mala': 0.7236, 'frac_A_mala': 0.0, 'frac_C_mala': 0.0, 'frac_completa': 0.0463}
  RES      s12707    73.5 s · RES: R0nac 0.641 vida nac 263.0 nac 599 tam 12.544 gen 20 tele {'n': 599, 'claves_med': 7.0, 'frac_B_mala': 0.8998, 'frac_D_mala': 0.5927, 'frac_A_mala': 0.0, 'frac_C_mala': 0.0, 'frac_completa': 0.1519}
  RES      s12706    92.9 s · RES: R0nac 0.7282 vida nac 600.0 nac 649 tam 20.386 gen 31 tele {'n': 649, 'claves_med': 6.0, 'frac_B_mala': 0.9476, 'frac_D_mala': 0.7766, 'frac_A_mala': 0.0, 'frac_C_mala': 0.0, 'frac_completa': 0.0755}
  RES      s12709    75.6 s · RES: R0nac 0.6044 vida nac 259.0 nac 673 tam 13.576 gen 24 tele {'n': 673, 'claves_med': 7.0, 'frac_B_mala': 0.8871, 'frac_D_mala': 0.6152, 'frac_A_mala': 0.0, 'frac_C_mala': 0.0, 'frac_completa': 0.0936}
  RES      s12708   101.1 s · RES: R0nac 0.9066 vida nac 600.0 nac 683 tam 20.468 gen 35 tele {'n': 683, 'claves_med': 6.0, 'frac_B_mala': 0.9634, 'frac_D_mala': 0.8521, 'frac_A_mala': 0.0, 'frac_C_mala': 0.0, 'frac_completa': 0.0249}
  RES      s12710    97.9 s · RES: R0nac 0.855 vida nac 600.0 nac 706 tam 19.338 gen 32 tele {'n': 706, 'claves_med': 6.0, 'frac_B_mala': 0.9533, 'frac_D_mala': 0.8399, 'frac_A_mala': 0.0, 'frac_C_mala': 0.0, 'frac_completa': 0.0368}
  RES      s12711    80.8 s · RES: R0nac 0.6581 vida nac 412.0 nac 648 tam 15.624 gen 27 tele {'n': 648, 'claves_med': 7.0, 'frac_B_mala': 0.9306, 'frac_D_mala': 0.6806, 'frac_A_mala': 0.0, 'frac_C_mala': 0.0, 'frac_completa': 0.1312}
  RES      s12712    72.0 s · RES: R0nac 0.6552 vida nac 263.0 nac 581 tam 11.802 gen 13 tele {'n': 581, 'claves_med': 7.0, 'frac_B_mala': 0.9157, 'frac_D_mala': 0.5731, 'frac_A_mala': 0.0, 'frac_C_mala': 0.0, 'frac_completa': 0.1377}
  RES      s12713    82.5 s · RES: R0nac 0.6291 vida nac 435.0 nac 640 tam 16.636 gen 19 tele {'n': 640, 'claves_med': 6.0, 'frac_B_mala': 0.9234, 'frac_D_mala': 0.7094, 'frac_A_mala': 0.0, 'frac_C_mala': 0.0, 'frac_completa': 0.1219}
  RES      s12715    81.9 s · RES: R0nac 0.6687 vida nac 497.0 nac 646 tam 14.638 gen 13 tele {'n': 646, 'claves_med': 6.0, 'frac_B_mala': 0.9272, 'frac_D_mala': 0.6053, 'frac_A_mala': 0.0, 'frac_C_mala': 0.0, 'frac_completa': 0.1037}
  RES      s12714    96.7 s · RES: R0nac 0.7709 vida nac 600.0 nac 674 tam 20.128 gen 35 tele {'n': 674, 'claves_med': 6.0, 'frac_B_mala': 0.9347, 'frac_D_mala': 0.8427, 'frac_A_mala': 0.0, 'frac_C_mala': 0.0, 'frac_completa': 0.0401}
  RES      s12716    74.1 s · RES: R0nac 0.6268 vida nac 246.5 nac 608 tam 12.628 gen 23 tele {'n': 608, 'claves_med': 7.0, 'frac_B_mala': 0.9145, 'frac_D_mala': 0.6069, 'frac_A_mala': 0.0, 'frac_C_mala': 0.0, 'frac_completa': 0.1053}
  RES      s12718    76.5 s · RES: R0nac 0.7031 vida nac 240.5 nac 628 tam 11.462 gen 16 tele {'n': 628, 'claves_med': 7.0, 'frac_B_mala': 0.914, 'frac_D_mala': 0.6194, 'frac_A_mala': 0.0, 'frac_C_mala': 0.0, 'frac_completa': 0.1274}
  RES      s12717   106.8 s · RES: R0nac 0.8473 vida nac 600.0 nac 704 tam 21.616 gen 43 tele {'n': 704, 'claves_med': 6.0, 'frac_B_mala': 0.9602, 'frac_D_mala': 0.8651, 'frac_A_mala': 0.0, 'frac_C_mala': 0.0, 'frac_completa': 0.0213}
  RES      s12719    91.7 s · RES: R0nac 0.7662 vida nac 600.0 nac 670 tam 19.35 gen 25 tele {'n': 670, 'claves_med': 6.0, 'frac_B_mala': 0.9522, 'frac_D_mala': 0.8045, 'frac_A_mala': 0.0, 'frac_C_mala': 0.0, 'frac_completa': 0.0582}
  RES      s12720    76.6 s · RES: R0nac 0.6511 vida nac 298.5 nac 609 tam 12.926 gen 13 tele {'n': 609, 'claves_med': 7.0, 'frac_B_mala': 0.8998, 'frac_D_mala': 0.6749, 'frac_A_mala': 0.0, 'frac_C_mala': 0.0, 'frac_completa': 0.1921}
  RES1     s12701    64.8 s · RES1: R0nac 0.4346 vida nac 178.0 nac 554 tam 10.144 gen 7 tele {'n': 554, 'claves_med': 6.0, 'frac_B_mala': 0.5343, 'frac_D_mala': 0.2437, 'frac_A_mala': 0.0, 'frac_C_mala': 0.0, 'frac_completa': 0.0523}
  RES1     s12702    65.3 s · RES1: R0nac 0.3555 vida nac 156.0 nac 532 tam 10.484 gen 4 tele {'n': 532, 'claves_med': 6.0, 'frac_B_mala': 0.5188, 'frac_D_mala': 0.2838, 'frac_A_mala': 0.0, 'frac_C_mala': 0.0, 'frac_completa': 0.0752}
  RES1     s12703    63.8 s · RES1: R0nac 0.3864 vida nac 198.0 nac 535 tam 10.578 gen 6 tele {'n': 535, 'claves_med': 6.0, 'frac_B_mala': 0.5327, 'frac_D_mala': 0.2822, 'frac_A_mala': 0.0, 'frac_C_mala': 0.0, 'frac_completa': 0.0654}
  RES1     s12704    63.1 s · RES1: R0nac 0.3787 vida nac 177.5 nac 542 tam 10.082 gen 4 tele {'n': 542, 'claves_med': 6.0, 'frac_B_mala': 0.5258, 'frac_D_mala': 0.2675, 'frac_A_mala': 0.0, 'frac_C_mala': 0.0, 'frac_completa': 0.0738}
  RES1     s12705    65.1 s · RES1: R0nac 0.4151 vida nac 187.0 nac 553 tam 10.328 gen 5 tele {'n': 553, 'claves_med': 6.0, 'frac_B_mala': 0.5316, 'frac_D_mala': 0.2694, 'frac_A_mala': 0.0, 'frac_C_mala': 0.0, 'frac_completa': 0.085}
  RES1     s12706    65.0 s · RES1: R0nac 0.4198 vida nac 194.5 nac 559 tam 10.538 gen 7 tele {'n': 559, 'claves_med': 5.0, 'frac_B_mala': 0.5385, 'frac_D_mala': 0.2504, 'frac_A_mala': 0.0, 'frac_C_mala': 0.0, 'frac_completa': 0.0894}
  RES1     s12707    64.5 s · RES1: R0nac 0.4323 vida nac 178.0 nac 526 tam 10.204 gen 5 tele {'n': 526, 'claves_med': 6.0, 'frac_B_mala': 0.5228, 'frac_D_mala': 0.2814, 'frac_A_mala': 0.0, 'frac_C_mala': 0.0, 'frac_completa': 0.0837}
  RES1     s12708    63.6 s · RES1: R0nac 0.3867 vida nac 163.0 nac 523 tam 10.226 gen 4 tele {'n': 523, 'claves_med': 5.0, 'frac_B_mala': 0.5201, 'frac_D_mala': 0.2486, 'frac_A_mala': 0.0, 'frac_C_mala': 0.0, 'frac_completa': 0.0803}
  RES1     s12709    64.0 s · RES1: R0nac 0.4015 vida nac 200.0 nac 527 tam 10.234 gen 6 tele {'n': 527, 'claves_med': 6.0, 'frac_B_mala': 0.5294, 'frac_D_mala': 0.3093, 'frac_A_mala': 0.0, 'frac_C_mala': 0.0, 'frac_completa': 0.0816}
  RES1     s12710    62.5 s · RES1: R0nac 0.4113 vida nac 156.5 nac 539 tam 10.004 gen 4 tele {'n': 539, 'claves_med': 5.0, 'frac_B_mala': 0.5083, 'frac_D_mala': 0.2115, 'frac_A_mala': 0.0, 'frac_C_mala': 0.0, 'frac_completa': 0.0612}
  RES1     s12711    62.4 s · RES1: R0nac 0.4577 vida nac 185.0 nac 504 tam 9.924 gen 4 tele {'n': 504, 'claves_med': 6.0, 'frac_B_mala': 0.5437, 'frac_D_mala': 0.2619, 'frac_A_mala': 0.0, 'frac_C_mala': 0.0, 'frac_completa': 0.0635}
  RES1     s12712    64.8 s · RES1: R0nac 0.432 vida nac 179.5 nac 556 tam 10.026 gen 5 tele {'n': 556, 'claves_med': 6.0, 'frac_B_mala': 0.5324, 'frac_D_mala': 0.2356, 'frac_A_mala': 0.0, 'frac_C_mala': 0.0, 'frac_completa': 0.0647}
  RES1     s12713    63.9 s · RES1: R0nac 0.3934 vida nac 161.0 nac 541 tam 10.05 gen 7 tele {'n': 541, 'claves_med': 6.0, 'frac_B_mala': 0.4787, 'frac_D_mala': 0.2569, 'frac_A_mala': 0.0, 'frac_C_mala': 0.0, 'frac_completa': 0.0518}
  RES1     s12714    63.2 s · RES1: R0nac 0.3536 vida nac 183.0 nac 530 tam 10.108 gen 4 tele {'n': 530, 'claves_med': 6.0, 'frac_B_mala': 0.583, 'frac_D_mala': 0.2566, 'frac_A_mala': 0.0, 'frac_C_mala': 0.0, 'frac_completa': 0.1038}
  RES1     s12715    65.1 s · RES1: R0nac 0.3672 vida nac 172.0 nac 527 tam 10.15 gen 5 tele {'n': 527, 'claves_med': 6.0, 'frac_B_mala': 0.5047, 'frac_D_mala': 0.2713, 'frac_A_mala': 0.0, 'frac_C_mala': 0.0, 'frac_completa': 0.0778}
  RES1     s12716    63.5 s · RES1: R0nac 0.3806 vida nac 154.0 nac 527 tam 9.794 gen 7 tele {'n': 527, 'claves_med': 6.0, 'frac_B_mala': 0.6034, 'frac_D_mala': 0.2619, 'frac_A_mala': 0.0, 'frac_C_mala': 0.0, 'frac_completa': 0.0987}
  RES1     s12717    64.6 s · RES1: R0nac 0.5018 vida nac 160.0 nac 534 tam 10.096 gen 7 tele {'n': 534, 'claves_med': 5.0, 'frac_B_mala': 0.5281, 'frac_D_mala': 0.2378, 'frac_A_mala': 0.0, 'frac_C_mala': 0.0, 'frac_completa': 0.0787}
  RES1     s12718    64.4 s · RES1: R0nac 0.3976 vida nac 171.0 nac 523 tam 9.992 gen 4 tele {'n': 523, 'claves_med': 6.0, 'frac_B_mala': 0.5354, 'frac_D_mala': 0.2543, 'frac_A_mala': 0.0, 'frac_C_mala': 0.0, 'frac_completa': 0.0918}
  RES1     s12719    63.9 s · RES1: R0nac 0.3978 vida nac 177.0 nac 544 tam 9.954 gen 6 tele {'n': 544, 'claves_med': 5.0, 'frac_B_mala': 0.5202, 'frac_D_mala': 0.2335, 'frac_A_mala': 0.0, 'frac_C_mala': 0.0, 'frac_completa': 0.0588}
  RES1     s12720    65.9 s · RES1: R0nac 0.4094 vida nac 174.0 nac 544 tam 10.294 gen 5 tele {'n': 544, 'claves_med': 6.0, 'frac_B_mala': 0.5165, 'frac_D_mala': 0.2629, 'frac_A_mala': 0.0, 'frac_C_mala': 0.0, 'frac_completa': 0.0864}
  BAR      s12701    62.8 s · BAR: R0nac 0.1043 vida nac 118.5 nac 473 tam 9.852 gen 4 tele {'n': 473, 'claves_med': 6.0, 'frac_B_mala': 0.2008, 'frac_D_mala': 0.0571, 'frac_A_mala': 0.2051, 'frac_C_mala': 0.1522, 'frac_completa': 0.1268}
  BAR      s12702    64.0 s · BAR: R0nac 0.236 vida nac 124.0 nac 523 tam 9.764 gen 4 tele {'n': 523, 'claves_med': 6.0, 'frac_B_mala': 0.1778, 'frac_D_mala': 0.0918, 'frac_A_mala': 0.2084, 'frac_C_mala': 0.1587, 'frac_completa': 0.1969}
  BAR      s12703    63.1 s · BAR: R0nac 0.1853 vida nac 125.5 nac 496 tam 9.842 gen 3 tele {'n': 496, 'claves_med': 6.0, 'frac_B_mala': 0.1593, 'frac_D_mala': 0.0887, 'frac_A_mala': 0.1935, 'frac_C_mala': 0.1633, 'frac_completa': 0.1714}
  BAR      s12704    61.2 s · BAR: R0nac 0.1681 vida nac 118.0 nac 479 tam 9.778 gen 3 tele {'n': 479, 'claves_med': 6.0, 'frac_B_mala': 0.1524, 'frac_D_mala': 0.0877, 'frac_A_mala': 0.2004, 'frac_C_mala': 0.1816, 'frac_completa': 0.119}
  BAR      s12705    62.1 s · BAR: R0nac 0.1646 vida nac 102.0 nac 486 tam 9.672 gen 4 tele {'n': 486, 'claves_med': 6.0, 'frac_B_mala': 0.1646, 'frac_D_mala': 0.1029, 'frac_A_mala': 0.142, 'frac_C_mala': 0.1914, 'frac_completa': 0.179}
  BAR      s12706    61.3 s · BAR: R0nac 0.175 vida nac 125.5 nac 483 tam 9.744 gen 3 tele {'n': 483, 'claves_med': 6.0, 'frac_B_mala': 0.1615, 'frac_D_mala': 0.0952, 'frac_A_mala': 0.2277, 'frac_C_mala': 0.205, 'frac_completa': 0.1346}
  BAR      s12707    64.9 s · BAR: R0nac 0.1873 vida nac 123.0 nac 538 tam 10.694 gen 5 tele {'n': 538, 'claves_med': 6.0, 'frac_B_mala': 0.2045, 'frac_D_mala': 0.1413, 'frac_A_mala': 0.2026, 'frac_C_mala': 0.2119, 'frac_completa': 0.184}
  BAR      s12708    62.6 s · BAR: R0nac 0.1406 vida nac 118.5 nac 500 tam 9.83 gen 4 tele {'n': 500, 'claves_med': 6.0, 'frac_B_mala': 0.186, 'frac_D_mala': 0.096, 'frac_A_mala': 0.172, 'frac_C_mala': 0.156, 'frac_completa': 0.146}
  BAR      s12709    60.8 s · BAR: R0nac 0.1542 vida nac 133.0 nac 495 tam 9.756 gen 3 tele {'n': 495, 'claves_med': 6.0, 'frac_B_mala': 0.1879, 'frac_D_mala': 0.097, 'frac_A_mala': 0.2081, 'frac_C_mala': 0.1636, 'frac_completa': 0.1778}
  BAR      s12710    61.2 s · BAR: R0nac 0.2188 vida nac 113.0 nac 521 tam 9.78 gen 4 tele {'n': 521, 'claves_med': 6.0, 'frac_B_mala': 0.1555, 'frac_D_mala': 0.1152, 'frac_A_mala': 0.1843, 'frac_C_mala': 0.1785, 'frac_completa': 0.1267}
  BAR      s12711    61.1 s · BAR: R0nac 0.1342 vida nac 123.5 nac 470 tam 9.824 gen 5 tele {'n': 470, 'claves_med': 6.0, 'frac_B_mala': 0.1915, 'frac_D_mala': 0.0915, 'frac_A_mala': 0.1894, 'frac_C_mala': 0.1681, 'frac_completa': 0.1894}
  BAR      s12712    61.5 s · BAR: R0nac 0.1667 vida nac 133.0 nac 512 tam 10.14 gen 5 tele {'n': 512, 'claves_med': 7.0, 'frac_B_mala': 0.1621, 'frac_D_mala': 0.0898, 'frac_A_mala': 0.1875, 'frac_C_mala': 0.1777, 'frac_completa': 0.166}
  BAR      s12713    60.5 s · BAR: R0nac 0.1639 vida nac 120.0 nac 500 tam 9.928 gen 4 tele {'n': 500, 'claves_med': 6.0, 'frac_B_mala': 0.15, 'frac_D_mala': 0.098, 'frac_A_mala': 0.188, 'frac_C_mala': 0.174, 'frac_completa': 0.14}
  BAR      s12714    62.0 s · BAR: R0nac 0.1096 vida nac 117.5 nac 486 tam 9.886 gen 3 tele {'n': 486, 'claves_med': 6.0, 'frac_B_mala': 0.1872, 'frac_D_mala': 0.0905, 'frac_A_mala': 0.2016, 'frac_C_mala': 0.1687, 'frac_completa': 0.1852}
  BAR      s12715    63.3 s · BAR: R0nac 0.2667 vida nac 132.5 nac 484 tam 9.938 gen 6 tele {'n': 484, 'claves_med': 6.0, 'frac_B_mala': 0.1756, 'frac_D_mala': 0.095, 'frac_A_mala': 0.1901, 'frac_C_mala': 0.1694, 'frac_completa': 0.1632}
  BAR      s12716    61.4 s · BAR: R0nac 0.1645 vida nac 127.0 nac 465 tam 9.628 gen 3 tele {'n': 465, 'claves_med': 6.0, 'frac_B_mala': 0.2323, 'frac_D_mala': 0.0839, 'frac_A_mala': 0.1935, 'frac_C_mala': 0.1548, 'frac_completa': 0.1312}
  BAR      s12717    62.9 s · BAR: R0nac 0.254 vida nac 115.0 nac 492 tam 9.628 gen 4 tele {'n': 492, 'claves_med': 6.0, 'frac_B_mala': 0.1687, 'frac_D_mala': 0.1016, 'frac_A_mala': 0.189, 'frac_C_mala': 0.1626, 'frac_completa': 0.2033}
  BAR      s12718    62.5 s · BAR: R0nac 0.1688 vida nac 120.5 nac 494 tam 9.78 gen 3 tele {'n': 494, 'claves_med': 6.0, 'frac_B_mala': 0.166, 'frac_D_mala': 0.0951, 'frac_A_mala': 0.2186, 'frac_C_mala': 0.1559, 'frac_completa': 0.1579}
  BAR      s12719    60.6 s · BAR: R0nac 0.1125 vida nac 108.0 nac 503 tam 9.856 gen 5 tele {'n': 503, 'claves_med': 7.0, 'frac_B_mala': 0.1889, 'frac_D_mala': 0.0934, 'frac_A_mala': 0.2107, 'frac_C_mala': 0.1889, 'frac_completa': 0.2247}
  BAR      s12720    62.6 s · BAR: R0nac 0.1983 vida nac 133.0 nac 506 tam 9.932 gen 3 tele {'n': 506, 'claves_med': 6.0, 'frac_B_mala': 0.1937, 'frac_D_mala': 0.0949, 'frac_A_mala': 0.1719, 'frac_C_mala': 0.1996, 'frac_completa': 0.1265}
  ORACULO  s12701    68.4 s · ORACULO: R0nac 0.4807 vida nac 200.0 nac 621 tam 11.186 gen 9
  ORACULO  s12702    68.2 s · ORACULO: R0nac 0.5017 vida nac 200.0 nac 575 tam 10.786 gen 6
  ORACULO  s12703    68.6 s · ORACULO: R0nac 0.5331 vida nac 201.0 nac 621 tam 11.172 gen 7
  ORACULO  s12704    67.4 s · ORACULO: R0nac 0.5525 vida nac 219.0 nac 589 tam 11.038 gen 10
  ORACULO  s12705    66.3 s · ORACULO: R0nac 0.5912 vida nac 215.0 nac 600 tam 11.098 gen 8
  ORACULO  s12706    65.4 s · ORACULO: R0nac 0.493 vida nac 201.0 nac 585 tam 11.158 gen 9
  ORACULO  s12707    65.2 s · ORACULO: R0nac 0.4722 vida nac 212.0 nac 578 tam 11.084 gen 9
  ORACULO  s12708    67.2 s · ORACULO: R0nac 0.6141 vida nac 201.0 nac 612 tam 11.064 gen 11
  ORACULO  s12709    69.7 s · ORACULO: R0nac 0.5238 vida nac 207.0 nac 614 tam 11.336 gen 8
  ORACULO  s12710    68.0 s · ORACULO: R0nac 0.5066 vida nac 201.0 nac 611 tam 11.0 gen 9
  ORACULO  s12711    68.1 s · ORACULO: R0nac 0.5933 vida nac 229.0 nac 595 tam 10.95 gen 7
  ORACULO  s12712    67.0 s · ORACULO: R0nac 0.4354 vida nac 201.0 nac 567 tam 10.81 gen 6
  ORACULO  s12713    67.2 s · ORACULO: R0nac 0.5 vida nac 208.0 nac 585 tam 11.174 gen 8
  ORACULO  s12714    69.1 s · ORACULO: R0nac 0.5174 vida nac 200.0 nac 562 tam 10.886 gen 9
  ORACULO  s12715    71.2 s · ORACULO: R0nac 0.5618 vida nac 201.0 nac 594 tam 11.362 gen 7
  ORACULO  s12716    70.7 s · ORACULO: R0nac 0.5094 vida nac 210.0 nac 562 tam 10.848 gen 7
  ORACULO  s12717    67.3 s · ORACULO: R0nac 0.5 vida nac 201.0 nac 583 tam 11.044 gen 11
  ORACULO  s12718    66.3 s · ORACULO: R0nac 0.5228 vida nac 200.0 nac 582 tam 11.138 gen 9
  ORACULO  s12719    66.3 s · ORACULO: R0nac 0.5619 vida nac 200.0 nac 603 tam 10.596 gen 8
  ORACULO  s12720    68.2 s · ORACULO: R0nac 0.5452 vida nac 201.0 nac 603 tam 11.044 gen 9
  MIX      s12701    74.5 s · BAR: R0nac 0.1846 vida nac 131.0 nac 121 tam 3.152 gen 3 tele {'n': 121, 'claves_med': 6.0, 'frac_B_mala': 0.1736, 'frac_D_mala': 0.0826, 'frac_A_mala': 0.2314, 'frac_C_mala': 0.1322, 'frac_completa': 0.1488} · NADA: R0nac 0.0317 vida nac 93.0 nac 112 tam 3.106 gen 2 · RES: R0nac 0.8304 vida nac 336.0 nac 373 tam 6.992 gen 24 tele {'n': 373, 'claves_med': 7.0, 'frac_B_mala': 0.9732, 'frac_D_mala': 0.8338, 'frac_A_mala': 0.0, 'frac_C_mala': 0.0, 'frac_completa': 0.2064}
  MIX      s12702    76.1 s · BAR: R0nac 0.0278 vida nac 121.0 nac 90 tam 3.164 gen 3 tele {'n': 90, 'claves_med': 6.0, 'frac_B_mala': 0.1778, 'frac_D_mala': 0.0778, 'frac_A_mala': 0.2, 'frac_C_mala': 0.1444, 'frac_completa': 0.0556} · NADA: R0nac 0.1 vida nac 118.0 nac 115 tam 3.142 gen 2 · RES: R0nac 0.8738 vida nac 296.0 nac 421 tam 6.538 gen 39 tele {'n': 421, 'claves_med': 7.0, 'frac_B_mala': 0.9572, 'frac_D_mala': 0.8622, 'frac_A_mala': 0.0, 'frac_C_mala': 0.0, 'frac_completa': 0.0523}
  MIX      s12704    70.7 s · BAR: R0nac 0.2771 vida nac 171.0 nac 136 tam 3.176 gen 4 tele {'n': 136, 'claves_med': 6.0, 'frac_B_mala': 0.1691, 'frac_D_mala': 0.0956, 'frac_A_mala': 0.1838, 'frac_C_mala': 0.1618, 'frac_completa': 0.2132} · NADA: R0nac 0.1324 vida nac 95.0 nac 127 tam 3.118 gen 2 · RES: R0nac 0.575 vida nac 238.0 nac 319 tam 6.814 gen 16 tele {'n': 319, 'claves_med': 7.0, 'frac_B_mala': 0.9561, 'frac_D_mala': 0.7994, 'frac_A_mala': 0.0, 'frac_C_mala': 0.0, 'frac_completa': 0.1317}
  MIX      s12703    91.3 s · BAR: R0nac 0.16 vida nac 171.0 nac 76 tam 3.082 gen 3 tele {'n': 76, 'claves_med': 6.0, 'frac_B_mala': 0.1579, 'frac_D_mala': 0.0921, 'frac_A_mala': 0.1974, 'frac_C_mala': 0.1447, 'frac_completa': 0.1579} · NADA: R0nac 0.0517 vida nac 104.5 nac 86 tam 3.06 gen 2 · RES: R0nac 0.8663 vida nac 868.0 nac 485 tam 13.294 gen 26 tele {'n': 485, 'claves_med': 6.0, 'frac_B_mala': 0.9856, 'frac_D_mala': 0.901, 'frac_A_mala': 0.0, 'frac_C_mala': 0.0, 'frac_completa': 0.0557}
  MIX      s12705    70.2 s · BAR: R0nac 0.1014 vida nac 109.0 nac 125 tam 3.15 gen 3 tele {'n': 125, 'claves_med': 6.0, 'frac_B_mala': 0.184, 'frac_D_mala': 0.088, 'frac_A_mala': 0.16, 'frac_C_mala': 0.2, 'frac_completa': 0.104} · NADA: R0nac 0.141 vida nac 102.0 nac 122 tam 3.144 gen 3 · RES: R0nac 0.5577 vida nac 297.5 nac 309 tam 6.808 gen 19 tele {'n': 309, 'claves_med': 7.0, 'frac_B_mala': 0.9288, 'frac_D_mala': 0.7767, 'frac_A_mala': 0.0, 'frac_C_mala': 0.0, 'frac_completa': 0.178}
  MIX      s12707    68.4 s · BAR: R0nac 0.082 vida nac 119.0 nac 120 tam 3.214 gen 3 tele {'n': 120, 'claves_med': 6.0, 'frac_B_mala': 0.2083, 'frac_D_mala': 0.0833, 'frac_A_mala': 0.1167, 'frac_C_mala': 0.2167, 'frac_completa': 0.0917} · NADA: R0nac 0.1077 vida nac 101.0 nac 131 tam 3.192 gen 2 · RES: R0nac 0.7892 vida nac 255.0 nac 288 tam 4.386 gen 11 tele {'n': 288, 'claves_med': 7.0, 'frac_B_mala': 0.9375, 'frac_D_mala': 0.6493, 'frac_A_mala': 0.0, 'frac_C_mala': 0.0, 'frac_completa': 0.1944}
  MIX      s12708    71.0 s · BAR: R0nac 0.3289 vida nac 130.0 nac 137 tam 3.21 gen 4 tele {'n': 137, 'claves_med': 6.0, 'frac_B_mala': 0.1095, 'frac_D_mala': 0.0657, 'frac_A_mala': 0.1971, 'frac_C_mala': 0.1898, 'frac_completa': 0.2117} · NADA: R0nac 0.1642 vida nac 105.0 nac 131 tam 3.2 gen 3 · RES: R0nac 0.6 vida nac 474.0 nac 323 tam 6.096 gen 13 tele {'n': 323, 'claves_med': 6.0, 'frac_B_mala': 0.935, 'frac_D_mala': 0.4892, 'frac_A_mala': 0.0, 'frac_C_mala': 0.0, 'frac_completa': 0.1981}
  MIX      s12706    87.5 s · BAR: R0nac 0.1857 vida nac 141.0 nac 97 tam 3.054 gen 4 tele {'n': 97, 'claves_med': 6.0, 'frac_B_mala': 0.1649, 'frac_D_mala': 0.0412, 'frac_A_mala': 0.2062, 'frac_C_mala': 0.1753, 'frac_completa': 0.0722} · NADA: R0nac 0.2381 vida nac 87.0 nac 107 tam 3.074 gen 2 · RES: R0nac 0.6296 vida nac 600.0 nac 424 tam 14.184 gen 24 tele {'n': 424, 'claves_med': 6.0, 'frac_B_mala': 0.9646, 'frac_D_mala': 0.8396, 'frac_A_mala': 0.0, 'frac_C_mala': 0.0, 'frac_completa': 0.059}
  MIX      s12709    65.5 s · BAR: R0nac 0.1375 vida nac 140.0 nac 165 tam 3.356 gen 3 tele {'n': 165, 'claves_med': 6.0, 'frac_B_mala': 0.1939, 'frac_D_mala': 0.0848, 'frac_A_mala': 0.1758, 'frac_C_mala': 0.2242, 'frac_completa': 0.1455} · NADA: R0nac 0.0392 vida nac 113.5 nac 118 tam 3.132 gen 3 · RES: R0nac 0.6928 vida nac 242.5 nac 261 tam 3.628 gen 11 tele {'n': 261, 'claves_med': 7.0, 'frac_B_mala': 0.931, 'frac_D_mala': 0.5785, 'frac_A_mala': 0.0, 'frac_C_mala': 0.0, 'frac_completa': 0.1762}
  MIX      s12710    74.3 s · BAR: R0nac 0.1594 vida nac 156.0 nac 133 tam 3.316 gen 2 tele {'n': 133, 'claves_med': 6.0, 'frac_B_mala': 0.1729, 'frac_D_mala': 0.1203, 'frac_A_mala': 0.1729, 'frac_C_mala': 0.188, 'frac_completa': 0.2556} · NADA: R0nac 0.1127 vida nac 110.0 nac 127 tam 3.12 gen 3 · RES: R0nac 0.7922 vida nac 266.0 nac 338 tam 6.042 gen 12 tele {'n': 338, 'claves_med': 7.0, 'frac_B_mala': 0.9586, 'frac_D_mala': 0.7959, 'frac_A_mala': 0.0, 'frac_C_mala': 0.0, 'frac_completa': 0.0976}
  MIX      s12711    72.9 s · BAR: R0nac 0.2167 vida nac 137.0 nac 127 tam 3.18 gen 3 tele {'n': 127, 'claves_med': 6.0, 'frac_B_mala': 0.2441, 'frac_D_mala': 0.0709, 'frac_A_mala': 0.1969, 'frac_C_mala': 0.1811, 'frac_completa': 0.1496} · NADA: R0nac 0.0465 vida nac 112.5 nac 120 tam 3.224 gen 3 · RES: R0nac 0.9069 vida nac 413.0 nac 345 tam 4.742 gen 17 tele {'n': 345, 'claves_med': 7.0, 'frac_B_mala': 0.9594, 'frac_D_mala': 0.8203, 'frac_A_mala': 0.0, 'frac_C_mala': 0.0, 'frac_completa': 0.1333}
  MIX      s12712    85.8 s · BAR: R0nac 0.0727 vida nac 134.0 nac 84 tam 3.078 gen 2 tele {'n': 84, 'claves_med': 6.0, 'frac_B_mala': 0.2143, 'frac_D_mala': 0.0714, 'frac_A_mala': 0.2024, 'frac_C_mala': 0.1548, 'frac_completa': 0.0833} · NADA: R0nac 0.0652 vida nac 137.5 nac 86 tam 3.108 gen 2 · RES: R0nac 0.8728 vida nac 600.0 nac 422 tam 9.652 gen 32 tele {'n': 422, 'claves_med': 7.0, 'frac_B_mala': 0.9668, 'frac_D_mala': 0.8791, 'frac_A_mala': 0.0, 'frac_C_mala': 0.0, 'frac_completa': 0.0071}
  MIX      s12713    72.0 s · BAR: R0nac 0.1094 vida nac 131.5 nac 144 tam 3.25 gen 3 tele {'n': 144, 'claves_med': 6.0, 'frac_B_mala': 0.2222, 'frac_D_mala': 0.0347, 'frac_A_mala': 0.2014, 'frac_C_mala': 0.1181, 'frac_completa': 0.1389} · NADA: R0nac 0.1154 vida nac 103.0 nac 116 tam 3.184 gen 2 · RES: R0nac 0.8834 vida nac 363.5 nac 297 tam 5.0 gen 20 tele {'n': 297, 'claves_med': 7.0, 'frac_B_mala': 0.9596, 'frac_D_mala': 0.7374, 'frac_A_mala': 0.0, 'frac_C_mala': 0.0, 'frac_completa': 0.0943}
