corre_n10b · n10b_serie_s12721-12740_T100000 · 20260924_022952 · python 3.13.12 · corre_n10b.py b7808bbb83fb038e · PREREGISTRO_n10b.md 100f83f74446a973
shas: pista2.py=4d2bee16e7961261 motor_convive.py=d10cb9021f5d0f41 corre_convive.py=e6dadfdad9c379cd FABRICA.py=2ebee3e99ea5a33a FAMB_NADA.py=6635a04063fe7317 FAMB_RES.py=2addb7ca5b9d031d FAMB_RES1.py=766807733fb620e2 FAMB_BAR.py=dfcb2efbf5ec8d2b FAMB_ORACULO.py=c1ee88844650a78e
  NADA     s12723    57.6 s · NADA: R0nac 0.0954 vida nac 94.0 nac 474 tam 9.542 gen 3
  NADA     s12722    57.7 s · NADA: R0nac 0.1055 vida nac 101.0 nac 472 tam 9.578 gen 3
  NADA     s12721    58.5 s · NADA: R0nac 0.1281 vida nac 98.0 nac 485 tam 9.658 gen 3
  NADA     s12724    58.0 s · NADA: R0nac 0.087 vida nac 99.0 nac 470 tam 9.736 gen 3
  NADA     s12725    58.7 s · NADA: R0nac 0.1341 vida nac 107.0 nac 501 tam 9.804 gen 3
  NADA     s12726    58.4 s · NADA: R0nac 0.1064 vida nac 94.5 nac 468 tam 9.628 gen 3
  NADA     s12727    59.7 s · NADA: R0nac 0.1667 vida nac 93.5 nac 470 tam 9.664 gen 4
  NADA     s12729    61.1 s · NADA: R0nac 0.0727 vida nac 92.0 nac 452 tam 9.62 gen 2
  NADA     s12728    62.6 s · NADA: R0nac 0.103 vida nac 86.0 nac 477 tam 9.564 gen 3
  NADA     s12730    57.2 s · NADA: R0nac 0.1907 vida nac 107.0 nac 470 tam 9.656 gen 3
  NADA     s12731    58.8 s · NADA: R0nac 0.0762 vida nac 107.5 nac 455 tam 9.882 gen 3
  NADA     s12732    58.9 s · NADA: R0nac 0.1674 vida nac 96.0 nac 484 tam 9.716 gen 6
  NADA     s12733    57.5 s · NADA: R0nac 0.1441 vida nac 90.0 nac 473 tam 9.746 gen 3
  NADA     s12734    56.7 s · NADA: R0nac 0.1895 vida nac 98.0 nac 465 tam 9.474 gen 3
  NADA     s12735    57.5 s · NADA: R0nac 0.0855 vida nac 107.0 nac 481 tam 9.696 gen 3
  NADA     s12736    56.7 s · NADA: R0nac 0.1062 vida nac 106.0 nac 469 tam 9.62 gen 3
  NADA     s12737    58.2 s · NADA: R0nac 0.1148 vida nac 112.5 nac 484 tam 9.708 gen 3
  NADA     s12738    58.1 s · NADA: R0nac 0.1375 vida nac 98.0 nac 465 tam 9.606 gen 3
  NADA     s12739    59.5 s · NADA: R0nac 0.1399 vida nac 96.5 nac 469 tam 9.404 gen 4
  NADA     s12740    60.1 s · NADA: R0nac 0.1591 vida nac 101.0 nac 450 tam 9.738 gen 3
  RES      s12721    92.9 s · RES: R0nac 0.6335 vida nac 600.0 nac 679 tam 18.512 gen 19 tele {'n': 679, 'claves_med': 6.0, 'frac_B_mala': 0.9529, 'frac_D_mala': 0.7378, 'frac_A_mala': 0.0, 'frac_C_mala': 0.0, 'frac_completa': 0.0825}
  RES      s12723    88.3 s · RES: R0nac 0.7438 vida nac 299.5 nac 644 tam 13.766 gen 29 tele {'n': 644, 'claves_med': 7.0, 'frac_B_mala': 0.9193, 'frac_D_mala': 0.6382, 'frac_A_mala': 0.0, 'frac_C_mala': 0.0, 'frac_completa': 0.0994}
  RES      s12722    98.0 s · RES: R0nac 0.6594 vida nac 550.0 nac 672 tam 19.744 gen 17 tele {'n': 672, 'claves_med': 6.0, 'frac_B_mala': 0.9315, 'frac_D_mala': 0.7768, 'frac_A_mala': 0.0, 'frac_C_mala': 0.0, 'frac_completa': 0.0952}
  RES      s12724    89.7 s · RES: R0nac 0.5302 vida nac 430.0 nac 639 tam 16.768 gen 24 tele {'n': 639, 'claves_med': 6.0, 'frac_B_mala': 0.8936, 'frac_D_mala': 0.5822, 'frac_A_mala': 0.0, 'frac_C_mala': 0.0, 'frac_completa': 0.0767}
  RES      s12726    89.7 s · RES: R0nac 0.8266 vida nac 499.5 nac 675 tam 13.91 gen 24 tele {'n': 675, 'claves_med': 6.0, 'frac_B_mala': 0.9393, 'frac_D_mala': 0.7541, 'frac_A_mala': 0.0, 'frac_C_mala': 0.0, 'frac_completa': 0.0637}
  RES      s12725   103.3 s · RES: R0nac 0.7895 vida nac 600.0 nac 664 tam 20.932 gen 43 tele {'n': 664, 'claves_med': 6.0, 'frac_B_mala': 0.9654, 'frac_D_mala': 0.8494, 'frac_A_mala': 0.0, 'frac_C_mala': 0.0, 'frac_completa': 0.0407}
  RES      s12727    95.6 s · RES: R0nac 0.811 vida nac 600.0 nac 672 tam 19.608 gen 26 tele {'n': 672, 'claves_med': 6.0, 'frac_B_mala': 0.9524, 'frac_D_mala': 0.8631, 'frac_A_mala': 0.0, 'frac_C_mala': 0.0, 'frac_completa': 0.058}
  RES      s12728    71.2 s · RES: R0nac 0.5347 vida nac 202.0 nac 582 tam 11.546 gen 11 tele {'n': 582, 'claves_med': 7.0, 'frac_B_mala': 0.8952, 'frac_D_mala': 0.5859, 'frac_A_mala': 0.0, 'frac_C_mala': 0.0, 'frac_completa': 0.2938}
  RES      s12729    95.1 s · RES: R0nac 0.731 vida nac 600.0 nac 655 tam 16.676 gen 26 tele {'n': 655, 'claves_med': 6.0, 'frac_B_mala': 0.9145, 'frac_D_mala': 0.7679, 'frac_A_mala': 0.0, 'frac_C_mala': 0.0, 'frac_completa': 0.0947}
  RES      s12730    77.5 s · RES: R0nac 0.5119 vida nac 260.0 nac 649 tam 14.442 gen 19 tele {'n': 649, 'claves_med': 7.0, 'frac_B_mala': 0.8998, 'frac_D_mala': 0.6456, 'frac_A_mala': 0.0, 'frac_C_mala': 0.0, 'frac_completa': 0.1772}
  RES      s12731    70.4 s · RES: R0nac 0.4604 vida nac 201.0 nac 565 tam 12.126 gen 9 tele {'n': 565, 'claves_med': 7.0, 'frac_B_mala': 0.8796, 'frac_D_mala': 0.5221, 'frac_A_mala': 0.0, 'frac_C_mala': 0.0, 'frac_completa': 0.2248}
  RES      s12732    95.1 s · RES: R0nac 0.7591 vida nac 600.0 nac 633 tam 18.858 gen 34 tele {'n': 633, 'claves_med': 6.0, 'frac_B_mala': 0.9384, 'frac_D_mala': 0.7283, 'frac_A_mala': 0.0, 'frac_C_mala': 0.0, 'frac_completa': 0.0332}
  RES      s12733    95.2 s · RES: R0nac 0.7752 vida nac 600.0 nac 691 tam 20.59 gen 29 tele {'n': 691, 'claves_med': 6.0, 'frac_B_mala': 0.9305, 'frac_D_mala': 0.8017, 'frac_A_mala': 0.0, 'frac_C_mala': 0.0, 'frac_completa': 0.0217}
  RES      s12734    91.6 s · RES: R0nac 0.6507 vida nac 600.0 nac 640 tam 21.074 gen 26 tele {'n': 640, 'claves_med': 6.0, 'frac_B_mala': 0.9328, 'frac_D_mala': 0.7609, 'frac_A_mala': 0.0, 'frac_C_mala': 0.0, 'frac_completa': 0.0734}
  RES      s12735    91.0 s · RES: R0nac 0.7559 vida nac 600.0 nac 657 tam 20.632 gen 27 tele {'n': 657, 'claves_med': 6.0, 'frac_B_mala': 0.9513, 'frac_D_mala': 0.7732, 'frac_A_mala': 0.0, 'frac_C_mala': 0.0, 'frac_completa': 0.0533}
  RES      s12736   103.2 s · RES: R0nac 0.9599 vida nac 600.0 nac 693 tam 18.138 gen 35 tele {'n': 693, 'claves_med': 6.0, 'frac_B_mala': 0.9582, 'frac_D_mala': 0.8759, 'frac_A_mala': 0.0, 'frac_C_mala': 0.0, 'frac_completa': 0.013}
  RES      s12737    97.2 s · RES: R0nac 0.7988 vida nac 600.0 nac 694 tam 20.542 gen 28 tele {'n': 694, 'claves_med': 6.0, 'frac_B_mala': 0.9553, 'frac_D_mala': 0.8026, 'frac_A_mala': 0.0, 'frac_C_mala': 0.0, 'frac_completa': 0.0274}
  RES      s12738    82.5 s · RES: R0nac 0.789 vida nac 297.0 nac 654 tam 13.552 gen 35 tele {'n': 654, 'claves_med': 7.0, 'frac_B_mala': 0.9404, 'frac_D_mala': 0.6911, 'frac_A_mala': 0.0, 'frac_C_mala': 0.0, 'frac_completa': 0.0673}
  RES      s12739    78.5 s · RES: R0nac 0.6997 vida nac 262.5 nac 643 tam 13.008 gen 41 tele {'n': 643, 'claves_med': 7.0, 'frac_B_mala': 0.8896, 'frac_D_mala': 0.7341, 'frac_A_mala': 0.0, 'frac_C_mala': 0.0, 'frac_completa': 0.1244}
  RES      s12740    89.7 s · RES: R0nac 0.695 vida nac 495.0 nac 646 tam 17.628 gen 26 tele {'n': 646, 'claves_med': 7.0, 'frac_B_mala': 0.9505, 'frac_D_mala': 0.7616, 'frac_A_mala': 0.0, 'frac_C_mala': 0.0, 'frac_completa': 0.0666}
  RES1     s12721    64.4 s · RES1: R0nac 0.3717 vida nac 173.0 nac 534 tam 10.098 gen 6 tele {'n': 534, 'claves_med': 6.0, 'frac_B_mala': 0.5187, 'frac_D_mala': 0.2622, 'frac_A_mala': 0.0, 'frac_C_mala': 0.0, 'frac_completa': 0.0787}
  RES1     s12722    63.6 s · RES1: R0nac 0.4231 vida nac 172.0 nac 518 tam 10.026 gen 5 tele {'n': 518, 'claves_med': 6.0, 'frac_B_mala': 0.5444, 'frac_D_mala': 0.1969, 'frac_A_mala': 0.0, 'frac_C_mala': 0.0, 'frac_completa': 0.0463}
  RES1     s12723    65.6 s · RES1: R0nac 0.3111 vida nac 194.5 nac 538 tam 10.43 gen 4 tele {'n': 538, 'claves_med': 6.0, 'frac_B_mala': 0.5632, 'frac_D_mala': 0.316, 'frac_A_mala': 0.0, 'frac_C_mala': 0.0, 'frac_completa': 0.0818}
  RES1     s12724    62.6 s · RES1: R0nac 0.3985 vida nac 173.5 nac 543 tam 10.126 gen 4 tele {'n': 543, 'claves_med': 6.0, 'frac_B_mala': 0.5341, 'frac_D_mala': 0.2486, 'frac_A_mala': 0.0, 'frac_C_mala': 0.0, 'frac_completa': 0.0589}
  RES1     s12725    62.8 s · RES1: R0nac 0.3557 vida nac 168.5 nac 503 tam 9.93 gen 6 tele {'n': 503, 'claves_med': 6.0, 'frac_B_mala': 0.5388, 'frac_D_mala': 0.2366, 'frac_A_mala': 0.0, 'frac_C_mala': 0.0, 'frac_completa': 0.0417}
  RES1     s12726    64.8 s · RES1: R0nac 0.4333 vida nac 175.0 nac 540 tam 10.34 gen 4 tele {'n': 540, 'claves_med': 5.5, 'frac_B_mala': 0.5296, 'frac_D_mala': 0.2222, 'frac_A_mala': 0.0, 'frac_C_mala': 0.0, 'frac_completa': 0.0685}
  RES1     s12727    63.6 s · RES1: R0nac 0.4498 vida nac 194.0 nac 543 tam 10.334 gen 5 tele {'n': 543, 'claves_med': 5.0, 'frac_B_mala': 0.523, 'frac_D_mala': 0.2762, 'frac_A_mala': 0.0, 'frac_C_mala': 0.0, 'frac_completa': 0.081}
  RES1     s12728    63.6 s · RES1: R0nac 0.3321 vida nac 152.0 nac 534 tam 9.88 gen 5 tele {'n': 534, 'claves_med': 6.0, 'frac_B_mala': 0.5861, 'frac_D_mala': 0.2228, 'frac_A_mala': 0.0, 'frac_C_mala': 0.0, 'frac_completa': 0.073}
  RES1     s12729    65.7 s · RES1: R0nac 0.3717 vida nac 198.0 nac 541 tam 10.27 gen 5 tele {'n': 541, 'claves_med': 6.0, 'frac_B_mala': 0.5453, 'frac_D_mala': 0.2662, 'frac_A_mala': 0.0, 'frac_C_mala': 0.0, 'frac_completa': 0.0924}
  RES1     s12730    63.8 s · RES1: R0nac 0.3831 vida nac 179.5 nac 522 tam 10.006 gen 5 tele {'n': 522, 'claves_med': 6.0, 'frac_B_mala': 0.5556, 'frac_D_mala': 0.3103, 'frac_A_mala': 0.0, 'frac_C_mala': 0.0, 'frac_completa': 0.1092}
  RES1     s12731    63.3 s · RES1: R0nac 0.4599 vida nac 198.0 nac 533 tam 10.402 gen 5 tele {'n': 533, 'claves_med': 6.0, 'frac_B_mala': 0.5516, 'frac_D_mala': 0.2458, 'frac_A_mala': 0.0, 'frac_C_mala': 0.0, 'frac_completa': 0.0638}
  RES1     s12732    65.4 s · RES1: R0nac 0.3485 vida nac 172.5 nac 531 tam 10.024 gen 4 tele {'n': 531, 'claves_med': 6.0, 'frac_B_mala': 0.5461, 'frac_D_mala': 0.2373, 'frac_A_mala': 0.0, 'frac_C_mala': 0.0, 'frac_completa': 0.0584}
  RES1     s12733    63.0 s · RES1: R0nac 0.3383 vida nac 169.0 nac 536 tam 10.06 gen 4 tele {'n': 536, 'claves_med': 6.0, 'frac_B_mala': 0.5485, 'frac_D_mala': 0.222, 'frac_A_mala': 0.0, 'frac_C_mala': 0.0, 'frac_completa': 0.0522}
  RES1     s12734    64.4 s · RES1: R0nac 0.4215 vida nac 181.0 nac 540 tam 10.41 gen 5 tele {'n': 540, 'claves_med': 5.0, 'frac_B_mala': 0.5241, 'frac_D_mala': 0.2204, 'frac_A_mala': 0.0, 'frac_C_mala': 0.0, 'frac_completa': 0.0556}
  RES1     s12735    65.6 s · RES1: R0nac 0.3934 vida nac 199.5 nac 556 tam 10.126 gen 6 tele {'n': 556, 'claves_med': 6.0, 'frac_B_mala': 0.509, 'frac_D_mala': 0.2572, 'frac_A_mala': 0.0, 'frac_C_mala': 0.0, 'frac_completa': 0.0683}
  RES1     s12736    61.0 s · RES1: R0nac 0.3815 vida nac 173.5 nac 509 tam 10.1 gen 5 tele {'n': 509, 'claves_med': 5.0, 'frac_B_mala': 0.5344, 'frac_D_mala': 0.2299, 'frac_A_mala': 0.0, 'frac_C_mala': 0.0, 'frac_completa': 0.057}
  RES1     s12737    61.7 s · RES1: R0nac 0.4008 vida nac 172.0 nac 533 tam 9.974 gen 6 tele {'n': 533, 'claves_med': 6.0, 'frac_B_mala': 0.5178, 'frac_D_mala': 0.2495, 'frac_A_mala': 0.0, 'frac_C_mala': 0.0, 'frac_completa': 0.0582}
  RES1     s12738    66.4 s · RES1: R0nac 0.3568 vida nac 150.0 nac 518 tam 10.382 gen 6 tele {'n': 518, 'claves_med': 6.0, 'frac_B_mala': 0.5405, 'frac_D_mala': 0.2954, 'frac_A_mala': 0.0, 'frac_C_mala': 0.0, 'frac_completa': 0.0849}
  RES1     s12739    63.0 s · RES1: R0nac 0.4382 vida nac 183.5 nac 552 tam 10.108 gen 5 tele {'n': 552, 'claves_med': 5.0, 'frac_B_mala': 0.4837, 'frac_D_mala': 0.2428, 'frac_A_mala': 0.0, 'frac_C_mala': 0.0, 'frac_completa': 0.0688}
  RES1     s12740    62.0 s · RES1: R0nac 0.3463 vida nac 192.0 nac 526 tam 10.254 gen 5 tele {'n': 526, 'claves_med': 6.0, 'frac_B_mala': 0.597, 'frac_D_mala': 0.2129, 'frac_A_mala': 0.0, 'frac_C_mala': 0.0, 'frac_completa': 0.0722}
  BAR      s12721    62.8 s · BAR: R0nac 0.2333 vida nac 133.0 nac 483 tam 9.662 gen 4 tele {'n': 483, 'claves_med': 6.0, 'frac_B_mala': 0.1532, 'frac_D_mala': 0.1222, 'frac_A_mala': 0.205, 'frac_C_mala': 0.1822, 'frac_completa': 0.1366}
  BAR      s12722    62.5 s · BAR: R0nac 0.1736 vida nac 110.0 nac 500 tam 9.762 gen 5 tele {'n': 500, 'claves_med': 6.0, 'frac_B_mala': 0.208, 'frac_D_mala': 0.106, 'frac_A_mala': 0.184, 'frac_C_mala': 0.188, 'frac_completa': 0.182}
  BAR      s12723    63.0 s · BAR: R0nac 0.1569 vida nac 125.5 nac 504 tam 9.892 gen 3 tele {'n': 504, 'claves_med': 6.0, 'frac_B_mala': 0.1925, 'frac_D_mala': 0.0774, 'frac_A_mala': 0.1607, 'frac_C_mala': 0.1984, 'frac_completa': 0.1607}
  BAR      s12725    64.1 s · BAR: R0nac 0.0996 vida nac 114.0 nac 467 tam 9.676 gen 4 tele {'n': 467, 'claves_med': 6.0, 'frac_B_mala': 0.1734, 'frac_D_mala': 0.0921, 'frac_A_mala': 0.2313, 'frac_C_mala': 0.152, 'frac_completa': 0.1478}
  BAR      s12724    66.5 s · BAR: R0nac 0.16 vida nac 126.0 nac 472 tam 9.848 gen 4 tele {'n': 472, 'claves_med': 6.0, 'frac_B_mala': 0.1335, 'frac_D_mala': 0.1165, 'frac_A_mala': 0.1864, 'frac_C_mala': 0.1907, 'frac_completa': 0.1441}
  BAR      s12726    72.4 s · BAR: R0nac 0.1429 vida nac 100.5 nac 510 tam 9.882 gen 4 tele {'n': 510, 'claves_med': 6.0, 'frac_B_mala': 0.1627, 'frac_D_mala': 0.0706, 'frac_A_mala': 0.1922, 'frac_C_mala': 0.1647, 'frac_completa': 0.1784}
  BAR      s12728    76.1 s · BAR: R0nac 0.1633 vida nac 112.5 nac 490 tam 9.792 gen 4 tele {'n': 490, 'claves_med': 6.0, 'frac_B_mala': 0.149, 'frac_D_mala': 0.0796, 'frac_A_mala': 0.1796, 'frac_C_mala': 0.1735, 'frac_completa': 0.1265}
  BAR      s12727    78.4 s · BAR: R0nac 0.1496 vida nac 112.5 nac 494 tam 9.852 gen 4 tele {'n': 494, 'claves_med': 6.0, 'frac_B_mala': 0.1559, 'frac_D_mala': 0.0668, 'frac_A_mala': 0.2146, 'frac_C_mala': 0.1721, 'frac_completa': 0.1478}
  BAR      s12729    79.5 s · BAR: R0nac 0.1452 vida nac 115.0 nac 489 tam 9.734 gen 3 tele {'n': 489, 'claves_med': 6.0, 'frac_B_mala': 0.1513, 'frac_D_mala': 0.1084, 'frac_A_mala': 0.2127, 'frac_C_mala': 0.1697, 'frac_completa': 0.1718}
  BAR      s12730    74.9 s · BAR: R0nac 0.1558 vida nac 126.0 nac 456 tam 9.732 gen 4 tele {'n': 456, 'claves_med': 6.0, 'frac_B_mala': 0.1996, 'frac_D_mala': 0.0833, 'frac_A_mala': 0.1886, 'frac_C_mala': 0.1842, 'frac_completa': 0.1404}
  BAR      s12731    74.7 s · BAR: R0nac 0.2392 vida nac 123.0 nac 492 tam 9.808 gen 5 tele {'n': 492, 'claves_med': 6.0, 'frac_B_mala': 0.1443, 'frac_D_mala': 0.0976, 'frac_A_mala': 0.189, 'frac_C_mala': 0.1565, 'frac_completa': 0.1565}
  BAR      s12732    66.8 s · BAR: R0nac 0.1207 vida nac 116.5 nac 484 tam 9.768 gen 4 tele {'n': 484, 'claves_med': 6.0, 'frac_B_mala': 0.2045, 'frac_D_mala': 0.0744, 'frac_A_mala': 0.1694, 'frac_C_mala': 0.1818, 'frac_completa': 0.0847}
  BAR      s12733    75.0 s · BAR: R0nac 0.176 vida nac 117.0 nac 498 tam 9.72 gen 3 tele {'n': 498, 'claves_med': 6.0, 'frac_B_mala': 0.1908, 'frac_D_mala': 0.1044, 'frac_A_mala': 0.1807, 'frac_C_mala': 0.1486, 'frac_completa': 0.1265}
  BAR      s12734    76.7 s · BAR: R0nac 0.259 vida nac 123.0 nac 489 tam 9.636 gen 4 tele {'n': 489, 'claves_med': 6.0, 'frac_B_mala': 0.1554, 'frac_D_mala': 0.1043, 'frac_A_mala': 0.2065, 'frac_C_mala': 0.1636, 'frac_completa': 0.2229}
  BAR      s12735    79.3 s · BAR: R0nac 0.1772 vida nac 127.0 nac 496 tam 9.856 gen 8 tele {'n': 496, 'claves_med': 6.0, 'frac_B_mala': 0.2056, 'frac_D_mala': 0.1169, 'frac_A_mala': 0.1875, 'frac_C_mala': 0.1734, 'frac_completa': 0.1935}
  BAR      s12737    76.7 s · BAR: R0nac 0.1767 vida nac 128.0 nac 500 tam 9.714 gen 4 tele {'n': 500, 'claves_med': 6.0, 'frac_B_mala': 0.218, 'frac_D_mala': 0.088, 'frac_A_mala': 0.186, 'frac_C_mala': 0.156, 'frac_completa': 0.154}
  BAR      s12736    79.2 s · BAR: R0nac 0.2025 vida nac 131.0 nac 471 tam 9.732 gen 4 tele {'n': 471, 'claves_med': 7.0, 'frac_B_mala': 0.1826, 'frac_D_mala': 0.0955, 'frac_A_mala': 0.1932, 'frac_C_mala': 0.1741, 'frac_completa': 0.1953}
  BAR      s12738    70.3 s · BAR: R0nac 0.1762 vida nac 109.0 nac 511 tam 9.632 gen 4 tele {'n': 511, 'claves_med': 6.0, 'frac_B_mala': 0.135, 'frac_D_mala': 0.09, 'frac_A_mala': 0.2055, 'frac_C_mala': 0.1996, 'frac_completa': 0.1859}
  BAR      s12740    76.2 s · BAR: R0nac 0.1351 vida nac 136.0 nac 478 tam 9.882 gen 4 tele {'n': 478, 'claves_med': 6.0, 'frac_B_mala': 0.1883, 'frac_D_mala': 0.0983, 'frac_A_mala': 0.2071, 'frac_C_mala': 0.1799, 'frac_completa': 0.1464}
  BAR      s12739    77.2 s · BAR: R0nac 0.2311 vida nac 121.0 nac 512 tam 9.76 gen 5 tele {'n': 512, 'claves_med': 6.0, 'frac_B_mala': 0.1777, 'frac_D_mala': 0.0898, 'frac_A_mala': 0.1953, 'frac_C_mala': 0.1758, 'frac_completa': 0.168}
  ORACULO  s12721    87.9 s · ORACULO: R0nac 0.5304 vida nac 254.5 nac 600 tam 11.88 gen 10
  ORACULO  s12722    75.1 s · ORACULO: R0nac 0.4926 vida nac 201.0 nac 578 tam 11.508 gen 12
  ORACULO  s12723    75.8 s · ORACULO: R0nac 0.5733 vida nac 201.0 nac 612 tam 11.168 gen 10
  ORACULO  s12724    80.8 s · ORACULO: R0nac 0.486 vida nac 218.0 nac 608 tam 11.494 gen 7
  ORACULO  s12725    90.6 s · ORACULO: R0nac 0.5446 vida nac 201.0 nac 626 tam 11.666 gen 8
  ORACULO  s12726    90.3 s · ORACULO: R0nac 0.6169 vida nac 233.5 nac 616 tam 11.12 gen 9
  ORACULO  s12727    80.4 s · ORACULO: R0nac 0.5141 vida nac 202.0 nac 584 tam 10.98 gen 7
  ORACULO  s12728    66.7 s · ORACULO: R0nac 0.5137 vida nac 201.0 nac 583 tam 10.736 gen 8
  ORACULO  s12729    70.1 s · ORACULO: R0nac 0.549 vida nac 200.5 nac 598 tam 11.456 gen 9
  ORACULO  s12730    67.5 s · ORACULO: R0nac 0.5208 vida nac 200.0 nac 598 tam 11.142 gen 12
  ORACULO  s12731    69.7 s · ORACULO: R0nac 0.5728 vida nac 201.0 nac 603 tam 10.856 gen 8
  ORACULO  s12732    69.7 s · ORACULO: R0nac 0.4731 vida nac 200.0 nac 593 tam 11.128 gen 9
  ORACULO  s12733    69.8 s · ORACULO: R0nac 0.5482 vida nac 201.0 nac 592 tam 11.028 gen 11
  ORACULO  s12734    70.7 s · ORACULO: R0nac 0.5573 vida nac 201.0 nac 627 tam 11.522 gen 16
  ORACULO  s12735    67.7 s · ORACULO: R0nac 0.5458 vida nac 201.0 nac 620 tam 11.496 gen 9
  ORACULO  s12736    65.9 s · ORACULO: R0nac 0.4384 vida nac 201.0 nac 579 tam 11.076 gen 6
  ORACULO  s12737    66.8 s · ORACULO: R0nac 0.5774 vida nac 202.0 nac 588 tam 10.834 gen 7
  ORACULO  s12738    66.3 s · ORACULO: R0nac 0.512 vida nac 229.5 nac 596 tam 11.164 gen 6
  ORACULO  s12739    69.5 s · ORACULO: R0nac 0.5493 vida nac 207.5 nac 587 tam 11.068 gen 9
  ORACULO  s12740    77.4 s · ORACULO: R0nac 0.5737 vida nac 216.5 nac 622 tam 10.968 gen 12
  MIX      s12722    81.1 s · BAR: R0nac 0.1935 vida nac 118.0 nac 120 tam 3.166 gen 3 tele {'n': 120, 'claves_med': 6.0, 'frac_B_mala': 0.2, 'frac_D_mala': 0.1, 'frac_A_mala': 0.175, 'frac_C_mala': 0.125, 'frac_completa': 0.1} · NADA: R0nac 0.15 vida nac 105.0 nac 115 tam 3.126 gen 2 · RES: R0nac 0.8026 vida nac 366.0 nac 315 tam 5.02 gen 24 tele {'n': 315, 'claves_med': 7.0, 'frac_B_mala': 0.9175, 'frac_D_mala': 0.7016, 'frac_A_mala': 0.0, 'frac_C_mala': 0.0, 'frac_completa': 0.1587}
  MIX      s12721   113.0 s · BAR: R0nac 0.1176 vida nac 181.5 nac 60 tam 3.088 gen 3 tele {'n': 60, 'claves_med': 5.5, 'frac_B_mala': 0.15, 'frac_D_mala': 0.05, 'frac_A_mala': 0.2, 'frac_C_mala': 0.1, 'frac_completa': 0.0167} · NADA: R0nac 0.0882 vida nac 137.5 nac 56 tam 3.064 gen 2 · RES: R0nac 0.9725 vida nac 1009.5 nac 601 tam 13.776 gen 31 tele {'n': 601, 'claves_med': 6.0, 'frac_B_mala': 0.9917, 'frac_D_mala': 0.9285, 'frac_A_mala': 0.0, 'frac_C_mala': 0.0, 'frac_completa': 0.0316}
  MIX      s12723    70.0 s · BAR: R0nac 0.0536 vida nac 150.5 nac 136 tam 3.246 gen 3 tele {'n': 136, 'claves_med': 6.0, 'frac_B_mala': 0.1838, 'frac_D_mala': 0.0735, 'frac_A_mala': 0.1544, 'frac_C_mala': 0.2279, 'frac_completa': 0.1544} · NADA: R0nac 0.1273 vida nac 95.0 nac 146 tam 3.306 gen 3 · RES: R0nac 0.814 vida nac 201.0 nac 266 tam 3.418 gen 15 tele {'n': 266, 'claves_med': 7.0, 'frac_B_mala': 0.9023, 'frac_D_mala': 0.6692, 'frac_A_mala': 0.0, 'frac_C_mala': 0.0, 'frac_completa': 0.1842}
  MIX      s12725    85.2 s · BAR: R0nac 0.1026 vida nac 126.0 nac 136 tam 3.17 gen 2 tele {'n': 136, 'claves_med': 6.0, 'frac_B_mala': 0.1618, 'frac_D_mala': 0.125, 'frac_A_mala': 0.1838, 'frac_C_mala': 0.1691, 'frac_completa': 0.1691} · NADA: R0nac 0.1923 vida nac 96.0 nac 153 tam 3.22 gen 2 · RES: R0nac 0.6095 vida nac 286.0 nac 263 tam 4.708 gen 11 tele {'n': 263, 'claves_med': 7.0, 'frac_B_mala': 0.8973, 'frac_D_mala': 0.7338, 'frac_A_mala': 0.0, 'frac_C_mala': 0.0, 'frac_completa': 0.2966}
  MIX      s12724    96.3 s · BAR: R0nac 0.1111 vida nac 148.0 nac 119 tam 3.208 gen 3 tele {'n': 119, 'claves_med': 6.0, 'frac_B_mala': 0.1933, 'frac_D_mala': 0.1345, 'frac_A_mala': 0.2605, 'frac_C_mala': 0.1597, 'frac_completa': 0.2689} · NADA: R0nac 0.0357 vida nac 101.0 nac 100 tam 3.106 gen 2 · RES: R0nac 0.6986 vida nac 600.0 nac 412 tam 10.196 gen 13 tele {'n': 412, 'claves_med': 7.0, 'frac_B_mala': 0.9733, 'frac_D_mala': 0.7888, 'frac_A_mala': 0.0, 'frac_C_mala': 0.0, 'frac_completa': 0.1117}
  MIX      s12728    96.5 s · BAR: R0nac 0.1471 vida nac 165.0 nac 137 tam 3.18 gen 3 tele {'n': 137, 'claves_med': 6.0, 'frac_B_mala': 0.1825, 'frac_D_mala': 0.0803, 'frac_A_mala': 0.1971, 'frac_C_mala': 0.146, 'frac_completa': 0.0949} · NADA: R0nac 0.0154 vida nac 110.0 nac 133 tam 3.134 gen 3 · RES: R0nac 0.6759 vida nac 201.0 nac 233 tam 3.372 gen 10 tele {'n': 233, 'claves_med': 7.0, 'frac_B_mala': 0.8798, 'frac_D_mala': 0.5236, 'frac_A_mala': 0.0, 'frac_C_mala': 0.0, 'frac_completa': 0.0815}
  MIX      s12726   157.7 s · BAR: R0nac 0.125 vida nac 185.5 nac 60 tam 3.078 gen 2 tele {'n': 60, 'claves_med': 6.0, 'frac_B_mala': 0.1167, 'frac_D_mala': 0.05, 'frac_A_mala': 0.1167, 'frac_C_mala': 0.2333, 'frac_completa': 0.1167} · NADA: R0nac 0.0 vida nac 122.0 nac 44 tam 3.04 gen 1 · RES: R0nac 1.0036 vida nac 979.5 nac 584 tam 13.872 gen 43 tele {'n': 584, 'claves_med': 6.0, 'frac_B_mala': 0.988, 'frac_D_mala': 0.9486, 'frac_A_mala': 0.0, 'frac_C_mala': 0.0, 'frac_completa': 0.0}
  MIX      s12727   109.2 s · BAR: R0nac 0.194 vida nac 112.0 nac 128 tam 3.16 gen 4 tele {'n': 128, 'claves_med': 6.0, 'frac_B_mala': 0.1797, 'frac_D_mala': 0.0781, 'frac_A_mala': 0.1641, 'frac_C_mala': 0.1562, 'frac_completa': 0.1406} · NADA: R0nac 0.0164 vida nac 95.0 nac 119 tam 3.148 gen 2 · RES: R0nac 0.7857 vida nac 343.0 nac 338 tam 5.186 gen 13 tele {'n': 338, 'claves_med': 7.0, 'frac_B_mala': 0.9349, 'frac_D_mala': 0.8047, 'frac_A_mala': 0.0, 'frac_C_mala': 0.0, 'frac_completa': 0.1982}
  MIX      s12729    87.8 s · BAR: R0nac 0.2692 vida nac 133.5 nac 146 tam 3.25 gen 3 tele {'n': 146, 'claves_med': 6.0, 'frac_B_mala': 0.2329, 'frac_D_mala': 0.0959, 'frac_A_mala': 0.2055, 'frac_C_mala': 0.1438, 'frac_completa': 0.1438} · NADA: R0nac 0.1519 vida nac 86.0 nac 148 tam 3.136 gen 3 · RES: R0nac 0.6339 vida nac 261.0 nac 258 tam 4.818 gen 10 tele {'n': 258, 'claves_med': 7.0, 'frac_B_mala': 0.8837, 'frac_D_mala': 0.6124, 'frac_A_mala': 0.0, 'frac_C_mala': 0.0, 'frac_completa': 0.3953}
  MIX      s12730   105.5 s · BAR: R0nac 0.1094 vida nac 154.0 nac 106 tam 3.116 gen 3 tele {'n': 106, 'claves_med': 6.0, 'frac_B_mala': 0.1509, 'frac_D_mala': 0.066, 'frac_A_mala': 0.1792, 'frac_C_mala': 0.1887, 'frac_completa': 0.0472} · NADA: R0nac 0.1111 vida nac 121.0 nac 107 tam 3.096 gen 3 · RES: R0nac 0.8582 vida nac 248.5 nac 393 tam 8.258 gen 20 tele {'n': 393, 'claves_med': 7.0, 'frac_B_mala': 0.944, 'frac_D_mala': 0.8397, 'frac_A_mala': 0.0, 'frac_C_mala': 0.0, 'frac_completa': 0.0611}
  MIX      s12731   105.3 s · BAR: R0nac 0.2135 vida nac 111.0 nac 125 tam 3.092 gen 3 tele {'n': 125, 'claves_med': 6.0, 'frac_B_mala': 0.2, 'frac_D_mala': 0.136, 'frac_A_mala': 0.176, 'frac_C_mala': 0.224, 'frac_completa': 0.192} · NADA: R0nac 0.1515 vida nac 110.5 nac 104 tam 3.082 gen 3 · RES: R0nac 0.6019 vida nac 600.0 nac 352 tam 9.762 gen 20 tele {'n': 352, 'claves_med': 6.0, 'frac_B_mala': 0.9545, 'frac_D_mala': 0.8182, 'frac_A_mala': 0.0, 'frac_C_mala': 0.0, 'frac_completa': 0.0341}
  MIX      s12732    86.4 s · BAR: R0nac 0.0682 vida nac 123.0 nac 119 tam 3.216 gen 2 tele {'n': 119, 'claves_med': 6.0, 'frac_B_mala': 0.1176, 'frac_D_mala': 0.0588, 'frac_A_mala': 0.2101, 'frac_C_mala': 0.1765, 'frac_completa': 0.084} · NADA: R0nac 0.0217 vida nac 101.0 nac 113 tam 3.192 gen 3 · RES: R0nac 0.8429 vida nac 250.5 nac 308 tam 3.536 gen 14 tele {'n': 308, 'claves_med': 7.0, 'frac_B_mala': 0.9058, 'frac_D_mala': 0.6883, 'frac_A_mala': 0.0, 'frac_C_mala': 0.0, 'frac_completa': 0.1299}
  MIX      s12734    77.6 s · BAR: R0nac 0.1449 vida nac 114.5 nac 119 tam 3.1 gen 3 tele {'n': 119, 'claves_med': 6.0, 'frac_B_mala': 0.2101, 'frac_D_mala': 0.0588, 'frac_A_mala': 0.1429, 'frac_C_mala': 0.1681, 'frac_completa': 0.1092} · NADA: R0nac 0.1061 vida nac 124.5 nac 117 tam 3.102 gen 3 · RES: R0nac 0.5769 vida nac 302.0 nac 315 tam 6.834 gen 23 tele {'n': 315, 'claves_med': 7.0, 'frac_B_mala': 0.9175, 'frac_D_mala': 0.7111, 'frac_A_mala': 0.0, 'frac_C_mala': 0.0, 'frac_completa': 0.1333}
  MIX      s12733    86.0 s · BAR: R0nac 0.0714 vida nac 110.0 nac 117 tam 3.084 gen 2 tele {'n': 117, 'claves_med': 6.0, 'frac_B_mala': 0.1453, 'frac_D_mala': 0.0598, 'frac_A_mala': 0.1795, 'frac_C_mala': 0.1111, 'frac_completa': 0.0855} · NADA: R0nac 0.1207 vida nac 109.0 nac 101 tam 3.09 gen 3 · RES: R0nac 0.755 vida nac 600.0 nac 352 tam 8.97 gen 18 tele {'n': 352, 'claves_med': 7.0, 'frac_B_mala': 0.9631, 'frac_D_mala': 0.8295, 'frac_A_mala': 0.0, 'frac_C_mala': 0.0, 'frac_completa': 0.179}
  MIX      s12735    94.9 s · BAR: R0nac 0.0649 vida nac 124.0 nac 138 tam 3.172 gen 2 tele {'n': 138, 'claves_med': 6.0, 'frac_B_mala': 0.2029, 'frac_D_mala': 0.0362, 'frac_A_mala': 0.1884, 'frac_C_mala': 0.1449, 'frac_completa': 0.0942} · NADA: R0nac 0.0923 vida nac 96.0 nac 122 tam 3.152 gen 3 · RES: R0nac 0.8224 vida nac 278.0 nac 328 tam 5.834 gen 33 tele {'n': 328, 'claves_med': 7.0, 'frac_B_mala': 0.9512, 'frac_D_mala': 0.8415, 'frac_A_mala': 0.0, 'frac_C_mala': 0.0, 'frac_completa': 0.0762}
  MIX      s12736   100.4 s · BAR: R0nac 0.2959 vida nac 138.5 nac 156 tam 3.218 gen 3 tele {'n': 156, 'claves_med': 6.0, 'frac_B_mala': 0.2051, 'frac_D_mala': 0.1154, 'frac_A_mala': 0.1987, 'frac_C_mala': 0.2179, 'frac_completa': 0.1667} · NADA: R0nac 0.1333 vida nac 112.0 nac 137 tam 3.124 gen 2 · RES: R0nac 0.4896 vida nac 308.0 nac 262 tam 5.646 gen 10 tele {'n': 262, 'claves_med': 7.0, 'frac_B_mala': 0.8931, 'frac_D_mala': 0.6756, 'frac_A_mala': 0.0, 'frac_C_mala': 0.0, 'frac_completa': 0.2863}
  MIX      s12737   104.6 s · BAR: R0nac 0.037 vida nac 128.0 nac 119 tam 3.23 gen 3 tele {'n': 119, 'claves_med': 6.0, 'frac_B_mala': 0.2353, 'frac_D_mala': 0.0504, 'frac_A_mala': 0.1933, 'frac_C_mala': 0.1681, 'frac_completa': 0.1513} · NADA: R0nac 0.0308 vida nac 114.0 nac 126 tam 3.146 gen 3 · RES: R0nac 0.7172 vida nac 248.0 nac 326 tam 5.466 gen 24 tele {'n': 326, 'claves_med': 7.0, 'frac_B_mala': 0.9294, 'frac_D_mala': 0.7515, 'frac_A_mala': 0.0, 'frac_C_mala': 0.0, 'frac_completa': 0.1196}
  MIX      s12738   105.4 s · BAR: R0nac 0.08 vida nac 117.0 nac 111 tam 3.192 gen 3 tele {'n': 111, 'claves_med': 6.0, 'frac_B_mala': 0.1081, 'frac_D_mala': 0.1351, 'frac_A_mala': 0.1802, 'frac_C_mala': 0.2252, 'frac_completa': 0.0901} · NADA: R0nac 0.0909 vida nac 131.0 nac 114 tam 3.152 gen 2 · RES: R0nac 0.8457 vida nac 446.0 nac 359 tam 5.452 gen 23 tele {'n': 359, 'claves_med': 7.0, 'frac_B_mala': 0.9471, 'frac_D_mala': 0.7549, 'frac_A_mala': 0.0, 'frac_C_mala': 0.0, 'frac_completa': 0.1922}
  MIX      s12739    99.5 s · BAR: R0nac 0.082 vida nac 140.5 nac 112 tam 3.134 gen 2 tele {'n': 112, 'claves_med': 6.0, 'frac_B_mala': 0.1696, 'frac_D_mala': 0.0893, 'frac_A_mala': 0.2411, 'frac_C_mala': 0.1339, 'frac_completa': 0.1339} · NADA: R0nac 0.0484 vida nac 117.0 nac 107 tam 3.114 gen 3 · RES: R0nac 0.7099 vida nac 263.5 nac 392 tam 7.914 gen 32 tele {'n': 392, 'claves_med': 7.0, 'frac_B_mala': 0.949, 'frac_D_mala': 0.8265, 'frac_A_mala': 0.0, 'frac_C_mala': 0.0, 'frac_completa': 0.0842}
  MIX      s12740    99.9 s · BAR: R0nac 0.082 vida nac 133.0 nac 97 tam 3.11 gen 2 tele {'n': 97, 'claves_med': 6.0, 'frac_B_mala': 0.1753, 'frac_D_mala': 0.0722, 'frac_A_mala': 0.134, 'frac_C_mala': 0.1959, 'frac_completa': 0.0515} · NADA: R0nac 0.1389 vida nac 104.0 nac 119 tam 3.1 gen 3 · RES: R0nac 0.8071 vida nac 454.5 nac 400 tam 9.35 gen 30 tele {'n': 400, 'claves_med': 7.0, 'frac_B_mala': 0.97, 'frac_D_mala': 0.805, 'frac_A_mala': 0.0, 'frac_C_mala': 0.0, 'frac_completa': 0.075}

AGREGADO (medianas por semilla) · 20 semillas · 3059 s de pared
  NADA     {'tam_carro': 9.657, 'exceso': 0.657, 'nac': 470.0, 'fundadores': 2459.5, 'linajes_sin_ext': 0.0, 'persisten': 0.0, 'R0_nacidos': 0.1215, 'R0_fund': 0.1765, 'vida_nacidos': 98.0, 'vida_fund': 106.25, 'frac_mala_nacidos': 1.0, 'gen_max': 3.0, 'semillas': 20, 'persiste_carro': 0, 'bloqueados': 0, 'sem_R0nac_ge_090': 0}
  RES      {'tam_carro': 17.883, 'exceso': 8.883, 'nac': 654.5, 'fundadores': 2939.5, 'linajes_sin_ext': 0.0, 'persisten': 0.0, 'R0_nacidos': 0.7374, 'R0_fund': 0.0725, 'vida_nacidos': 575.0, 'vida_fund': 121.5, 'frac_mala_nacidos': 0.8391, 'gen_max': 26.0, 'semillas': 20, 'persiste_carro': 2, 'bloqueados': 0, 'sem_R0nac_ge_090': 1, 'tele': {'n': 654.5, 'claves_med': 6.0, 'frac_B_mala': 0.9356, 'frac_D_mala': 0.7575, 'frac_A_mala': 0.0, 'frac_C_mala': 0.0, 'frac_completa': 0.0703}}
  RES1     {'tam_carro': 10.117, 'exceso': 1.117, 'nac': 534.0, 'fundadores': 2470.0, 'linajes_sin_ext': 0.0, 'persisten': 0.0, 'R0_nacidos': 0.3823, 'R0_fund': 0.1402, 'vida_nacidos': 174.25, 'vida_fund': 99.0, 'frac_mala_nacidos': 0.9942, 'gen_max': 5.0, 'semillas': 20, 'persiste_carro': 0, 'bloqueados': 0, 'sem_R0nac_ge_090': 0, 'tele': {'n': 534.0, 'claves_med': 6.0, 'frac_B_mala': 0.5396, 'frac_D_mala': 0.2443, 'frac_A_mala': 0.0, 'frac_C_mala': 0.0, 'frac_completa': 0.0684}}
  BAR      {'tam_carro': 9.761, 'exceso': 0.761, 'nac': 491.0, 'fundadores': 2501.5, 'linajes_sin_ext': 0.0, 'persisten': 0.0, 'R0_nacidos': 0.1684, 'R0_fund': 0.167, 'vida_nacidos': 122.0, 'vida_fund': 101.5, 'frac_mala_nacidos': 0.9959, 'gen_max': 4.0, 'semillas': 20, 'persiste_carro': 0, 'bloqueados': 0, 'sem_R0nac_ge_090': 0, 'tele': {'n': 491.0, 'claves_med': 6.0, 'frac_B_mala': 0.1755, 'frac_D_mala': 0.0938, 'frac_A_mala': 0.1906, 'frac_C_mala': 0.1738, 'frac_completa': 0.1552}}
  ORACULO  {'tam_carro': 11.135, 'exceso': 2.135, 'nac': 598.0, 'fundadores': 2364.5, 'linajes_sin_ext': 0.0, 'persisten': 0.0, 'R0_nacidos': 0.5452, 'R0_fund': 0.1224, 'vida_nacidos': 201.0, 'vida_fund': 104.25, 'frac_mala_nacidos': 0.9933, 'gen_max': 9.0, 'semillas': 20, 'persiste_carro': 0, 'bloqueados': 0, 'sem_R0nac_ge_090': 0}
  _brecha_RES {'mediana': 1.3964, 'n': 20}
PAREADOS (monocultivo, por semilla):
  {'par': 'RES-NADA', 'clave': 'R0_nacidos', 'n': 20, 'gana': 20, 'pierde': 0, 'empata': 0, 'dif_med': 0.6114, 'p_signo': 0.0}
  {'par': 'RES-NADA', 'clave': 'vida_nacidos', 'n': 20, 'gana': 20, 'pierde': 0, 'empata': 0, 'dif_med': 468.25, 'p_signo': 0.0}
  {'par': 'RES-NADA', 'clave': 'exceso', 'n': 20, 'gana': 20, 'pierde': 0, 'empata': 0, 'dif_med': 8.204, 'p_signo': 0.0}
  {'par': 'RES-NADA', 'clave': 'nac', 'n': 20, 'gana': 20, 'pierde': 0, 'empata': 0, 'dif_med': 184.0, 'p_signo': 0.0}
  {'par': 'RES-NADA', 'clave': 'gen_max', 'n': 20, 'gana': 20, 'pierde': 0, 'empata': 0, 'dif_med': 23.5, 'p_signo': 0.0}
  {'par': 'RES-BAR', 'clave': 'R0_nacidos', 'n': 20, 'gana': 20, 'pierde': 0, 'empata': 0, 'dif_med': 0.5822, 'p_signo': 0.0}
  {'par': 'RES-BAR', 'clave': 'vida_nacidos', 'n': 20, 'gana': 20, 'pierde': 0, 'empata': 0, 'dif_med': 453.5, 'p_signo': 0.0}
  {'par': 'RES-BAR', 'clave': 'exceso', 'n': 20, 'gana': 20, 'pierde': 0, 'empata': 0, 'dif_med': 8.076, 'p_signo': 0.0}
  {'par': 'RES-BAR', 'clave': 'nac', 'n': 20, 'gana': 20, 'pierde': 0, 'empata': 0, 'dif_med': 166.5, 'p_signo': 0.0}
  {'par': 'RES-BAR', 'clave': 'gen_max', 'n': 20, 'gana': 20, 'pierde': 0, 'empata': 0, 'dif_med': 22.0, 'p_signo': 0.0}
  {'par': 'RES-RES1', 'clave': 'R0_nacidos', 'n': 20, 'gana': 20, 'pierde': 0, 'empata': 0, 'dif_med': 0.3603, 'p_signo': 0.0}
  {'par': 'RES-RES1', 'clave': 'vida_nacidos', 'n': 20, 'gana': 20, 'pierde': 0, 'empata': 0, 'dif_med': 389.25, 'p_signo': 0.0}
  {'par': 'RES-RES1', 'clave': 'exceso', 'n': 20, 'gana': 20, 'pierde': 0, 'empata': 0, 'dif_med': 7.706, 'p_signo': 0.0}
  {'par': 'RES-RES1', 'clave': 'nac', 'n': 20, 'gana': 20, 'pierde': 0, 'empata': 0, 'dif_med': 123.5, 'p_signo': 0.0}
  {'par': 'RES-RES1', 'clave': 'gen_max', 'n': 20, 'gana': 20, 'pierde': 0, 'empata': 0, 'dif_med': 21.0, 'p_signo': 0.0}
  {'par': 'BAR-NADA', 'clave': 'R0_nacidos', 'n': 20, 'gana': 15, 'pierde': 5, 'empata': 0, 'dif_med': 0.0617, 'p_signo': 0.04139}
  {'par': 'BAR-NADA', 'clave': 'vida_nacidos', 'n': 20, 'gana': 20, 'pierde': 0, 'empata': 0, 'dif_med': 21.75, 'p_signo': 0.0}
  {'par': 'BAR-NADA', 'clave': 'exceso', 'n': 20, 'gana': 17, 'pierde': 3, 'empata': 0, 'dif_med': 0.113, 'p_signo': 0.00258}
  {'par': 'BAR-NADA', 'clave': 'nac', 'n': 20, 'gana': 16, 'pierde': 3, 'empata': 1, 'dif_med': 24.0, 'p_signo': 0.00443}
  {'par': 'BAR-NADA', 'clave': 'gen_max', 'n': 20, 'gana': 16, 'pierde': 1, 'empata': 3, 'dif_med': 1.0, 'p_signo': 0.00027}
  {'par': 'RES1-NADA', 'clave': 'R0_nacidos', 'n': 20, 'gana': 20, 'pierde': 0, 'empata': 0, 'dif_med': 0.2594, 'p_signo': 0.0}
  {'par': 'RES1-NADA', 'clave': 'vida_nacidos', 'n': 20, 'gana': 20, 'pierde': 0, 'empata': 0, 'dif_med': 77.75, 'p_signo': 0.0}
  {'par': 'RES1-NADA', 'clave': 'exceso', 'n': 20, 'gana': 20, 'pierde': 0, 'empata': 0, 'dif_med': 0.464, 'p_signo': 0.0}
  {'par': 'RES1-NADA', 'clave': 'nac', 'n': 20, 'gana': 20, 'pierde': 0, 'empata': 0, 'dif_med': 63.5, 'p_signo': 0.0}
  {'par': 'RES1-NADA', 'clave': 'gen_max', 'n': 20, 'gana': 19, 'pierde': 1, 'empata': 0, 'dif_med': 2.0, 'p_signo': 4e-05}
  {'par': 'ORACULO-RES', 'clave': 'R0_nacidos', 'n': 20, 'gana': 2, 'pierde': 18, 'empata': 0, 'dif_med': -0.1762, 'p_signo': 0.0004}
  {'par': 'ORACULO-RES', 'clave': 'vida_nacidos', 'n': 20, 'gana': 0, 'pierde': 19, 'empata': 1, 'dif_med': -347.25, 'p_signo': 0.0}
  {'par': 'ORACULO-RES', 'clave': 'exceso', 'n': 20, 'gana': 0, 'pierde': 20, 'empata': 0, 'dif_med': -6.646, 'p_signo': 0.0}
  {'par': 'ORACULO-RES', 'clave': 'nac', 'n': 20, 'gana': 2, 'pierde': 18, 'empata': 0, 'dif_med': -53.5, 'p_signo': 0.0004}
  {'par': 'ORACULO-RES', 'clave': 'gen_max', 'n': 20, 'gana': 0, 'pierde': 20, 'empata': 0, 'dif_med': -17.5, 'p_signo': 0.0}
  {'par': 'ORACULO-NADA', 'clave': 'R0_nacidos', 'n': 20, 'gana': 20, 'pierde': 0, 'empata': 0, 'dif_med': 0.4068, 'p_signo': 0.0}
  {'par': 'ORACULO-NADA', 'clave': 'vida_nacidos', 'n': 20, 'gana': 20, 'pierde': 0, 'empata': 0, 'dif_med': 107.75, 'p_signo': 0.0}
  {'par': 'ORACULO-NADA', 'clave': 'exceso', 'n': 20, 'gana': 20, 'pierde': 0, 'empata': 0, 'dif_med': 1.525, 'p_signo': 0.0}
  {'par': 'ORACULO-NADA', 'clave': 'nac', 'n': 20, 'gana': 20, 'pierde': 0, 'empata': 0, 'dif_med': 126.5, 'p_signo': 0.0}
  {'par': 'ORACULO-NADA', 'clave': 'gen_max', 'n': 20, 'gana': 20, 'pierde': 0, 'empata': 0, 'dif_med': 5.5, 'p_signo': 0.0}
PAREADOS (MIX, dentro del mismo mundo):
  {'par': 'RES-NADA', 'clave': 'R0_nacidos', 'n': 20, 'gana': 20, 'pierde': 0, 'empata': 0, 'dif_med': 0.6656, 'p_signo': 0.0}
  {'par': 'RES-NADA', 'clave': 'exceso', 'n': 20, 'gana': 20, 'pierde': 0, 'empata': 0, 'dif_med': 2.602, 'p_signo': 0.0}
  {'par': 'RES-NADA', 'clave': 'nac', 'n': 20, 'gana': 20, 'pierde': 0, 'empata': 0, 'dif_med': 212.5, 'p_signo': 0.0}
  {'par': 'RES-BAR', 'clave': 'R0_nacidos', 'n': 20, 'gana': 20, 'pierde': 0, 'empata': 0, 'dif_med': 0.6541, 'p_signo': 0.0}
  {'par': 'RES-BAR', 'clave': 'exceso', 'n': 20, 'gana': 20, 'pierde': 0, 'empata': 0, 'dif_med': 2.545, 'p_signo': 0.0}
  {'par': 'RES-BAR', 'clave': 'nac', 'n': 20, 'gana': 20, 'pierde': 0, 'empata': 0, 'dif_med': 208.5, 'p_signo': 0.0}
  {'par': 'BAR-NADA', 'clave': 'R0_nacidos', 'n': 20, 'gana': 13, 'pierde': 7, 'empata': 0, 'dif_med': 0.0362, 'p_signo': 0.26318}
  {'par': 'BAR-NADA', 'clave': 'exceso', 'n': 20, 'gana': 16, 'pierde': 4, 'empata': 0, 'dif_med': 0.022, 'p_signo': 0.01182}
  {'par': 'BAR-NADA', 'clave': 'nac', 'n': 20, 'gana': 13, 'pierde': 7, 'empata': 0, 'dif_med': 4.5, 'p_signo': 0.26318}
VEREDICTO por la letra (PREREGISTRO_n10b.md sec. 6):
  V-ANCLA-b (mediana R0_nacidos NADA en [0.085, 0.135] y NADA persiste_carro <= 5/20): True
  V-TECHO-b (mediana R0_nacidos ORACULO en [0.49, 0.62] y ORACULO > NADA >= 15/20): True
  F-1 (RES > NADA en R0_nacidos >= 15/20): True
  F-2 (RES > BAR en R0_nacidos >= 15/20): True
  F-3 (MIX: RES > NADA, mismo mundo, >= 15/20): True
  F-4 (MIX: RES > BAR, mismo mundo, >= 15/20): True
  F-5 ACUMULA (RES > RES1 en R0_nacidos >= 15/20): True
  C-BAR (informativo: el control GANA o empata: BAR >= RES en >= 10/20): False
  L-PERSISTE (informativo: semillas donde persiste el carro RES): 2
  BRECHA (informativo: mediana de (RES-NADA)/(ORACULO-NADA)): 1.3964
  VEREDICTO: FUNCIONA + ACUMULA (la tabla que la familia pasa en vida sube el R0 de los nacidos por su CONTENIDO, en monocultivo y compitiendo en el mismo mundo; la tabla de la familia gana a la del padre solo)

escrito: /home/user/juaco/experimentos/subida_n10b/datos/n10b_serie_s12721-12740_T100000_20260924_022952.json (cc285d187403ce11) · crudo /home/user/juaco/experimentos/subida_n10b/datos/n10b_serie_s12721-12740_T100000_20260924_022952_crudo.json.gz
