[17:08:22] ENDO endo_replica_s22021-22040 · T 120000 · corte 60000 · mundo {'esc': 30, 'n0': 30, 'tope': 3000, 'muestra': 1000} · brazos ('VIDA_S', 'INERTE', 'BARAJADO', 'SIN_TRAGAR', 'AZAR_S') · pool 3 · shas {'corre_endo.py': '078734369e9721c5', 'motor_endo.py': '7e10329cf0cb9fd0', 'simbiontes.py': '72f8829defe3e69f', 'FABRICA_SIMB.py': '38ac0ddba8829c88', 'construye_endo.py': '750c9ced2c3d7631', 'identidad_endosimbiosis.py': '42f458cbbfbe3bc8', 'PREREGISTRO_endosimbiosis.md': '9e2b2dad50ebd414', 'motor_eco3.py': '2eec9830792d9822', 'corre_eco.py': '47d9cee4d6462116'}
[17:11:30] [1/100] VIDA_S s22021: persiste 0 (vivos 0) · prev_post 0.597465 · D 0.362259 · err60 None (186.8 s; 187 s)
[17:11:36] [2/100] BARAJADO s22021: persiste 0 (vivos 0) · prev_post 0.397723 · D -0.000514 · err60 None (193.1 s; 194 s)
[17:11:37] [3/100] INERTE s22021: persiste 0 (vivos 0) · prev_post 0.78254 · D 0.016956 · err60 None (194.0 s; 194 s)
[17:14:49] [4/100] AZAR_S s22021: persiste 0 (vivos 0) · prev_post 0.593002 · D 0.050244 · err60 None (193.4 s; 387 s)
[17:14:52] [5/100] VIDA_S s22022: persiste 0 (vivos 0) · prev_post 0.490079 · D -0.007036 · err60 None (195.2 s; 390 s)
[17:14:56] [6/100] SIN_TRAGAR s22021: persiste 0 (vivos 0) · prev_post 0.0 · D None · err60 None (205.7 s; 393 s)
[17:18:35] [7/100] BARAJADO s22022: persiste 0 (vivos 0) · prev_post 0.575388 · D 0.006412 · err60 None (222.5 s; 612 s)
[17:18:38] [8/100] INERTE s22022: persiste 0 (vivos 0) · prev_post 0.640084 · D 0.012007 · err60 None (228.0 s; 615 s)
[17:19:12] [9/100] SIN_TRAGAR s22022: persiste 1 (vivos 2) · prev_post 0.0 · D None · err60 None (256.2 s; 649 s)
[17:23:16] [10/100] VIDA_S s22023: persiste 0 (vivos 0) · prev_post 0.470794 · D 0.00695 · err60 None (278.0 s; 893 s)
[17:23:24] [11/100] AZAR_S s22022: persiste 0 (vivos 0) · prev_post 0.655888 · D -0.001288 · err60 None (289.0 s; 901 s)
[17:24:33] [12/100] INERTE s22023: persiste 1 (vivos 2) · prev_post 0.779524 · D -0.003425 · err60 None (321.6 s; 971 s)
[17:27:09] [13/100] BARAJADO s22023: persiste 0 (vivos 0) · prev_post 0.43125 · D 0.005927 · err60 None (233.8 s; 1127 s)
[17:27:47] [14/100] SIN_TRAGAR s22023: persiste 1 (vivos 3) · prev_post 0.0 · D None · err60 None (263.0 s; 1164 s)
[17:28:16] [15/100] AZAR_S s22023: persiste 0 (vivos 0) · prev_post 0.455556 · D -0.027783 · err60 None (222.6 s; 1194 s)
[17:30:36] [16/100] VIDA_S s22024: persiste 0 (vivos 0) · prev_post 0.150303 · D 0.00212 · err60 None (206.5 s; 1334 s)
[17:31:25] [17/100] INERTE s22024: persiste 0 (vivos 0) · prev_post 0.896652 · D 0.031218 · err60 None (218.3 s; 1383 s)
[17:31:28] [18/100] BARAJADO s22024: persiste 0 (vivos 0) · prev_post 0.548611 · D 0.010886 · err60 None (192.2 s; 1386 s)
[17:34:23] [19/100] SIN_TRAGAR s22024: persiste 1 (vivos 1) · prev_post 0.0 · D None · err60 None (226.7 s; 1560 s)
[17:34:50] [20/100] VIDA_S s22025: persiste 0 (vivos 0) · prev_post 0.071356 · D 0.00884 · err60 None (201.1 s; 1587 s)
[17:34:54] [21/100] AZAR_S s22024: persiste 0 (vivos 0) · prev_post 0.417598 · D -0.004366 · err60 None (208.2 s; 1591 s)
[17:39:19] [22/100] INERTE s22025: persiste 0 (vivos 0) · prev_post 0.719625 · D -0.041787 · err60 None (296.6 s; 1857 s)
[17:39:27] [23/100] BARAJADO s22025: persiste 0 (vivos 0) · prev_post 0.737374 · D 0.012604 · err60 None (277.1 s; 1864 s)
[17:39:46] [24/100] SIN_TRAGAR s22025: persiste 0 (vivos 0) · prev_post 0.0 · D None · err60 None (292.3 s; 1883 s)
[17:43:32] [25/100] VIDA_S s22026: persiste 0 (vivos 0) · prev_post 0.245089 · D 0.0124 · err60 None (245.6 s; 2110 s)
[17:43:35] [26/100] AZAR_S s22025: persiste 0 (vivos 0) · prev_post 0.597917 · D -0.005588 · err60 None (255.7 s; 2113 s)
[17:43:45] [27/100] INERTE s22026: persiste 0 (vivos 0) · prev_post 0.921131 · D 0.005881 · err60 None (239.3 s; 2123 s)
[17:46:41] [28/100] BARAJADO s22026: persiste 0 (vivos 0) · prev_post 0.068824 · D -0.02669 · err60 None (188.6 s; 2299 s)
[17:46:52] [29/100] AZAR_S s22026: persiste 0 (vivos 0) · prev_post 0.723502 · D 0.02727 · err60 None (186.9 s; 2310 s)
[17:47:02] [30/100] SIN_TRAGAR s22026: persiste 0 (vivos 0) · prev_post 0.0 · D None · err60 None (206.9 s; 2320 s)
[17:50:06] [31/100] VIDA_S s22027: persiste 0 (vivos 0) · prev_post 0.74073 · D 0.760485 · err60 None (205.3 s; 2504 s)
[17:50:14] [32/100] BARAJADO s22027: persiste 0 (vivos 0) · prev_post 0.656699 · D 0.002356 · err60 None (191.3 s; 2511 s)
[17:50:18] [33/100] INERTE s22027: persiste 0 (vivos 0) · prev_post 0.876038 · D -0.056746 · err60 None (205.5 s; 2515 s)
[17:53:24] [34/100] SIN_TRAGAR s22027: persiste 0 (vivos 0) · prev_post 0.0 · D None · err60 None (197.0 s; 2701 s)
[17:53:31] [35/100] VIDA_S s22028: persiste 0 (vivos 0) · prev_post 0.450694 · D 0.310023 · err60 None (193.7 s; 2709 s)
[17:53:39] [36/100] AZAR_S s22027: persiste 0 (vivos 0) · prev_post 0.532873 · D -0.007174 · err60 None (205.1 s; 2716 s)
[17:56:40] [37/100] BARAJADO s22028: persiste 0 (vivos 0) · prev_post 0.200069 · D 0.006906 · err60 None (189.1 s; 2898 s)
[17:56:45] [38/100] INERTE s22028: persiste 0 (vivos 0) · prev_post 0.900513 · D 0.001972 · err60 None (201.8 s; 2903 s)
[17:56:57] [39/100] SIN_TRAGAR s22028: persiste 0 (vivos 0) · prev_post 0.0 · D None · err60 None (197.8 s; 2914 s)
[18:00:04] [40/100] VIDA_S s22029: persiste 0 (vivos 0) · prev_post 0.281878 · D 0.016265 · err60 None (198.4 s; 3101 s)
[18:00:05] [41/100] AZAR_S s22028: persiste 0 (vivos 0) · prev_post 0.748764 · D -0.020139 · err60 None (204.3 s; 3102 s)
[18:00:26] [42/100] INERTE s22029: persiste 0 (vivos 0) · prev_post 0.679336 · D -0.051628 · err60 None (209.9 s; 3124 s)
[18:03:22] [43/100] BARAJADO s22029: persiste 0 (vivos 0) · prev_post 0.473958 · D 0.000574 · err60 None (198.4 s; 3300 s)
[18:03:31] [44/100] SIN_TRAGAR s22029: persiste 0 (vivos 0) · prev_post 0.0 · D None · err60 None (206.2 s; 3309 s)
[18:03:42] [45/100] AZAR_S s22029: persiste 0 (vivos 0) · prev_post 0.548115 · D -0.037953 · err60 None (195.6 s; 3320 s)
[18:06:37] [46/100] VIDA_S s22030: persiste 0 (vivos 0) · prev_post 0.587092 · D 0.008639 · err60 None (195.1 s; 3495 s)
[18:07:03] [47/100] BARAJADO s22030: persiste 0 (vivos 0) · prev_post 0.627489 · D -0.002659 · err60 None (200.9 s; 3521 s)
[18:07:14] [48/100] INERTE s22030: persiste 0 (vivos 0) · prev_post 0.789394 · D 0.013627 · err60 None (223.0 s; 3532 s)
[18:10:15] [49/100] AZAR_S s22030: persiste 0 (vivos 0) · prev_post 0.129464 · D -0.009286 · err60 None (191.7 s; 3712 s)
[18:10:24] [50/100] SIN_TRAGAR s22030: persiste 1 (vivos 2) · prev_post 0.0 · D None · err60 None (226.5 s; 3722 s)
[18:10:40] [51/100] VIDA_S s22031: persiste 0 (vivos 0) · prev_post 0.751065 · D -0.01288 · err60 None (205.6 s; 3737 s)
[18:13:59] [52/100] BARAJADO s22031: persiste 0 (vivos 0) · prev_post 0.546149 · D -0.017734 · err60 None (215.4 s; 3937 s)
[18:14:02] [53/100] INERTE s22031: persiste 0 (vivos 0) · prev_post 0.579486 · D -0.04678 · err60 None (226.7 s; 3939 s)
[18:14:41] [54/100] SIN_TRAGAR s22031: persiste 1 (vivos 2) · prev_post 0.0 · D None · err60 None (240.8 s; 3978 s)
[18:17:34] [55/100] AZAR_S s22031: persiste 0 (vivos 0) · prev_post 0.287037 · D -0.094671 · err60 None (214.2 s; 4151 s)
[18:17:36] [56/100] VIDA_S s22032: persiste 0 (vivos 0) · prev_post 0.129004 · D 0.011089 · err60 None (214.0 s; 4153 s)
[18:18:53] [57/100] INERTE s22032: persiste 0 (vivos 0) · prev_post 0.74813 · D -0.04856 · err60 None (252.1 s; 4230 s)
[18:21:10] [58/100] BARAJADO s22032: persiste 0 (vivos 0) · prev_post 0.027778 · D -0.03025 · err60 None (215.9 s; 4367 s)
[18:21:14] [59/100] SIN_TRAGAR s22032: persiste 0 (vivos 0) · prev_post 0.0 · D None · err60 None (218.3 s; 4372 s)
[18:22:20] [60/100] AZAR_S s22032: persiste 0 (vivos 0) · prev_post 0.36014 · D -0.050822 · err60 None (206.7 s; 4437 s)
[18:24:53] [61/100] VIDA_S s22033: persiste 0 (vivos 0) · prev_post 0.672221 · D 0.010389 · err60 None (223.7 s; 4591 s)
[18:24:58] [62/100] INERTE s22033: persiste 0 (vivos 0) · prev_post 0.841275 · D -0.028644 · err60 None (224.2 s; 4596 s)
[18:25:51] [63/100] BARAJADO s22033: persiste 0 (vivos 0) · prev_post 0.704978 · D -0.009762 · err60 None (211.1 s; 4648 s)
[18:28:31] [64/100] SIN_TRAGAR s22033: persiste 0 (vivos 0) · prev_post 0.0 · D None · err60 None (217.6 s; 4809 s)
[18:28:34] [65/100] AZAR_S s22033: persiste 0 (vivos 0) · prev_post 0.512037 · D 0.013293 · err60 None (216.2 s; 4812 s)
[18:29:08] [66/100] VIDA_S s22034: persiste 0 (vivos 0) · prev_post 0.368827 · D 0.099078 · err60 None (197.2 s; 4846 s)
[18:31:51] [67/100] BARAJADO s22034: persiste 0 (vivos 0) · prev_post 0.709627 · D 0.000815 · err60 None (196.9 s; 5009 s)
[18:32:13] [68/100] INERTE s22034: persiste 1 (vivos 1) · prev_post 0.672861 · D -0.009125 · err60 None (222.2 s; 5031 s)
[18:32:27] [69/100] SIN_TRAGAR s22034: persiste 0 (vivos 0) · prev_post 0.0 · D None · err60 None (199.4 s; 5045 s)
[18:34:49] [70/100] AZAR_S s22034: persiste 0 (vivos 0) · prev_post 0.579167 · D -0.035451 · err60 None (177.2 s; 5186 s)
[18:35:06] [71/100] VIDA_S s22035: persiste 0 (vivos 0) · prev_post 0.435332 · D 0.619974 · err60 None (173.0 s; 5204 s)
[18:35:47] [72/100] INERTE s22035: persiste 1 (vivos 3) · prev_post 0.794785 · D -0.081695 · err60 None (199.7 s; 5245 s)
[18:37:22] [73/100] BARAJADO s22035: persiste 0 (vivos 0) · prev_post 0.171296 · D 0.008217 · err60 None (153.0 s; 5339 s)
[18:37:44] [74/100] SIN_TRAGAR s22035: persiste 0 (vivos 0) · prev_post 0.0 · D None · err60 None (157.4 s; 5361 s)
[18:38:20] [75/100] AZAR_S s22035: persiste 0 (vivos 0) · prev_post 0.357323 · D 0.046533 · err60 None (153.0 s; 5398 s)
[18:40:13] [76/100] VIDA_S s22036: persiste 0 (vivos 0) · prev_post 0.607436 · D 0.748348 · err60 None (171.1 s; 5510 s)
[18:40:25] [77/100] INERTE s22036: persiste 0 (vivos 0) · prev_post 0.50372 · D -0.04976 · err60 None (161.6 s; 5523 s)
[18:41:03] [78/100] BARAJADO s22036: persiste 0 (vivos 0) · prev_post 0.14697 · D 0.001423 · err60 None (162.3 s; 5560 s)
[18:42:58] [79/100] SIN_TRAGAR s22036: persiste 0 (vivos 0) · prev_post 0.0 · D None · err60 None (165.2 s; 5676 s)
[18:43:02] [80/100] AZAR_S s22036: persiste 0 (vivos 0) · prev_post 0.619848 · D -0.016004 · err60 None (156.7 s; 5680 s)
[18:43:37] [81/100] VIDA_S s22037: persiste 0 (vivos 0) · prev_post 0.483165 · D 0.006787 · err60 None (154.2 s; 5714 s)
[18:45:38] [82/100] BARAJADO s22037: persiste 0 (vivos 0) · prev_post 0.151124 · D 0.008494 · err60 None (155.8 s; 5836 s)
[18:45:38] [83/100] INERTE s22037: persiste 0 (vivos 0) · prev_post 0.497204 · D -0.008803 · err60 None (160.3 s; 5836 s)
[18:46:36] [84/100] SIN_TRAGAR s22037: persiste 0 (vivos 0) · prev_post 0.0 · D None · err60 None (178.8 s; 5893 s)
[18:48:14] [85/100] AZAR_S s22037: persiste 0 (vivos 0) · prev_post 0.384694 · D -0.049164 · err60 None (155.7 s; 5991 s)
[18:48:14] [86/100] VIDA_S s22038: persiste 0 (vivos 0) · prev_post 0.710678 · D 0.01609 · err60 None (155.4 s; 5991 s)
[18:49:11] [87/100] INERTE s22038: persiste 0 (vivos 0) · prev_post 0.639203 · D -0.007847 · err60 None (154.9 s; 6048 s)
[18:50:39] [88/100] BARAJADO s22038: persiste 0 (vivos 0) · prev_post 0.048387 · D -0.002356 · err60 None (145.0 s; 6136 s)
[18:51:11] [89/100] SIN_TRAGAR s22038: persiste 1 (vivos 2) · prev_post 0.0 · D None · err60 None (176.8 s; 6168 s)
[18:52:05] [90/100] AZAR_S s22038: persiste 1 (vivos 3) · prev_post 0.663054 · D 0.014874 · err60 None (174.3 s; 6222 s)
[18:53:13] [91/100] VIDA_S s22039: persiste 0 (vivos 0) · prev_post 0.702866 · D 0.000471 · err60 None (153.9 s; 6290 s)
[18:54:03] [92/100] INERTE s22039: persiste 1 (vivos 4) · prev_post 0.875261 · D -0.018946 · err60 None (172.3 s; 6341 s)
[18:54:31] [93/100] BARAJADO s22039: persiste 0 (vivos 0) · prev_post 0.088951 · D 0.01551 · err60 None (145.7 s; 6368 s)
[18:55:40] [94/100] SIN_TRAGAR s22039: persiste 0 (vivos 0) · prev_post 0.0 · D None · err60 None (147.6 s; 6438 s)
[18:56:29] [95/100] AZAR_S s22039: persiste 0 (vivos 0) · prev_post 0.227273 · D -0.025576 · err60 None (145.7 s; 6486 s)
[18:57:11] [96/100] VIDA_S s22040: persiste 0 (vivos 0) · prev_post 0.717735 · D 0.430573 · err60 None (160.5 s; 6529 s)
[18:58:11] [97/100] INERTE s22040: persiste 0 (vivos 0) · prev_post 0.659443 · D 0.007159 · err60 None (150.9 s; 6589 s)
[18:58:59] [98/100] BARAJADO s22040: persiste 0 (vivos 0) · prev_post 0.342285 · D -0.021785 · err60 None (150.2 s; 6636 s)
[18:59:35] [99/100] SIN_TRAGAR s22040: persiste 0 (vivos 0) · prev_post 0.0 · D None · err60 None (143.9 s; 6673 s)
[19:00:29] [100/100] AZAR_S s22040: persiste 0 (vivos 0) · prev_post 0.104688 · D -0.032638 · err60 None (138.1 s; 6727 s)
P1 (persistencia pareada: cuerpos vivos tras el corte) VIDA_S > INERTE 4/20 (menor 16) · VIDA_S > SIN_TRAGAR 4/20 (menor 15) · VIDA_S > BARAJADO 12 · VIDA_S > AZAR_S 12 · medianas VIDA_S 74.5 · INERTE 130.0 · BARAJADO 65.5 · SIN_TRAGAR 105.5 · AZAR_S 57.5 · persisten en T {'VIDA_S': 0, 'INERTE': 4, 'BARAJADO': 0, 'SIN_TRAGAR': 6, 'AZAR_S': 1}
P2 (R0 de los portadores: delta = r0 con simbionte al nacer - r0 sin, >= 5 por grupo) VIDA_S > INERTE 3/20 (evaluables 4) · VIDA_S > BARAJADO 2/20 (evaluables 2) · VIDA_S > AZAR_S 1 · delta > 0 en VIDA_S 4 · medianas delta VIDA_S 0.3333 · INERTE 0.4881 · BARAJADO -0.2521 · AZAR_S 0.1366
P3 (domesticacion pareada: D = media sobre los PARTOS de I(lo transmitido) - I(libres en la misma muestra)) VIDA_S > AZAR_S 17/20 (evaluables 20) · VIDA_S > INERTE 17/20 (evaluables 20) · placebo BARAJADO D > 0 12, < 0 8 · D > 0: VIDA_S 18 · INERTE 7 · AZAR_S 5 · BARAJADO 12 · medianas D VIDA_S 0.0117 · INERTE -0.009 · BARAJADO 0.0011 · AZAR_S -0.0126 · descriptivo D solo tras el corte VIDA_S 0.0404 · INERTE 0.0066 · BARAJADO -0.0087 · AZAR_S -0.0183
DESCRIPTIVO (no decide; trinquete de Fable): fraccion con simbionte tras el corte, medianas VIDA_S 0.4866 · INERTE 0.7638 · BARAJADO 0.4145 · SIN_TRAGAR 0.0 · AZAR_S 0.5225 · semillas con fraccion >= 0.9: {'AZAR_S': 0, 'INERTE': 2} · distancia dentro-libres en T VIDA_S None · INERTE 1.2556 · BARAJADO None · AZAR_S 1.483
DESCRIPTIVO: fraccion de mordidas por letra en VIDA_S con canal {'A': 0.9737, 'B': 0.1789, 'C': 0.9725, 'D': 0.2445} · sin canal {'A': 0.9432, 'B': 0.2063, 'C': 0.8754, 'D': 0.2375}
Guardias: errores 0 · bloqueados 0 · corridas con tope de libres 0 · ERR-60 truncadas [] · VIDA_S con libres extintos antes del corte 0 · trinquete {'AZAR_S': 0, 'INERTE': 2} · placebo de D (BARAJADO) (12, 8) · delta > 0 en INERTE 8 · descriptivo, sesgo de adquisicion (D > 0 sin canal / sin seleccion): INERTE 7 AZAR_S 5
VEREDICTO ENDOSIMBIOSIS POR LA LETRA (una ventana; el bloque exige serie + replica con el mismo veredicto): HAY ALGO MODESTO (en esta ventana): pasan ['P3']
[19:00:31] VEREDICTO: HAY ALGO MODESTO (en esta ventana): pasan ['P3']
