CORRE_PATAS_MURO · serie_s52601-52620_T100000 · 20260929_113932 · python 3.14.2 · pool 2 · corre_patas_muro.py 2a5c95aae2b64e43 · preregistro PREREGISTRO_patas_muro.md 9ca054473f0829d1 · carpeta C:\Users\User\Documents\PROYECTOS\JUACO\organelos\experimentos\organelos\patas_muro\datos\serie_s52601-52620_T100000_20260929_113932
  tareas 140 · brazos ['pc', 'pu', 'pd', 'termo', 'pi', 'o1', 'v143'] · semillas 52601-52620 · T 100000 · fundador limpio 1 · reanuda False
  sha experimentos\tronco_v14_3\corre_v143.py 24100621c450da22 OK
  sha experimentos\tronco_v14_3\carros_v143\V143.py 2a03048a7f1525e5 OK
  sha experimentos\carrera_escuderias\pista.py 9f47c65e438e0ff4 OK
  sha experimentos\carrera_escuderias\juez.py 6a68f640a7832f12 OK
  sha experimentos\carrera_escuderias\carros\O1.py 99436afa2715f028 OK
  sha experimentos\carrera_escuderias\revisa_carro.py 1c8a789f7427ab96 OK
  sha experimentos\organelos\dinamita\construye_patas.py 85a8c136aa09491d OK
  sha experimentos\organelos\dinamita\carros\TPATAS.py 1b6272ef4616af8b OK
  sha experimentos\organelos\termo\carros\V143_TERMO.py 3db639cab75641fb OK
  carro TPATAS en disco == construye_patas.todas() por anclas desde V143_TERMO (sin escribir): OK
  IDENTIDAD CORTA: pc con PATAS = 0 == V143_TERMO (salida ENTERA, N 9, s 52691, T 2000, fundador limpio): OK
  IDENTIDAD CORTA: pu con PATAS = 0 == V143_TERMO (salida ENTERA, N 9, s 52691, T 2000, fundador limpio): OK
  IDENTIDAD CORTA: pd con PATAS = 0 == V143_TERMO (salida ENTERA, N 9, s 52691, T 2000, fundador limpio): OK
  IDENTIDAD CORTA: pi con PATAS = 0 == V143_TERMO (salida ENTERA, N 9, s 52691, T 2000, fundador limpio): OK
  git experimentos/organelos/patas_muro/PREREGISTRO_patas_muro.md: commiteado True · sin cambios vs HEAD True · ultimo commit 2829f7ae 2026-09-29T11:39:24-05:00
  git experimentos/organelos/patas_muro/corre_patas_muro.py: commiteado True · sin cambios vs HEAD True · ultimo commit 2829f7ae 2026-09-29T11:39:24-05:00
  [  111.7s] pu    s52601 (102.4s) cruzan 5/9 R0 real [0.0842, 0.9792, 0.9697, 0.1408, 0.9773, 0.9792, 0.9783, 0.8833, 0.1164] aborto None
  [  114.4s] pc    s52601 (105.2s) cruzan 5/9 R0 real [0.124, 0.9655, 0.9697, 0.9744, 0.0302, 0.9667, 0.7963, 0.9737, 0.2754] aborto None
  [  201.5s] pd    s52601 (89.8s) cruzan 3/9 R0 real [0.7959, 0.0734, 0.7818, 0.9787, 0.775, 0.9825, 0.95, 0.3462, 0.0974] aborto None
  [  201.7s] termo s52601 (87.3s) cruzan 5/9 R0 real [0.9412, 0.6731, 0.0976, 0.9762, 0.7358, 0.9744, 0.0316, 0.931, 0.9688] aborto None
  [  306.8s] pi    s52601 (105.2s) cruzan 6/9 R0 real [0.925, 0.975, 0.9697, 0.1667, 0.9512, 0.9783, 0.1546, 0.0305, 0.9808] aborto None
  [  367.1s] o1    s52601 (165.4s) cruzan 5/9 R0 real [0.9091, 0.0972, 0.9231, 0.8571, 0.9167, 0.9231, 0.9375, 0.8889, 0.0021] aborto None
  [  395.4s] v143  s52601 (88.6s) cruzan 3/9 R0 real [0.7692, 0.8305, 0.9744, 0.9744, 0.9545, 0.2549, 0.3211, 0.2847, 0.0043] aborto None
  [  473.7s] pc    s52602 (106.6s) cruzan 6/9 R0 real [0.557, 0.9792, 0.9074, 0.0194, 0.8644, 0.975, 0.973, 0.9677, 0.9756] aborto None
  [  500.1s] pu    s52602 (104.7s) cruzan 3/9 R0 real [0.8919, 0.9706, 0.8571, 0.7727, 0.2617, 0.9667, 0.0236, 0.4789, 0.9714] aborto None
  [  562.8s] pd    s52602 (89.1s) cruzan 2/9 R0 real [0.8889, 0.1549, 0.6957, 0.5474, 0.9787, 0.7885, 0.0406, 0.7091, 0.9737] aborto None
  [  588.5s] termo s52602 (88.3s) cruzan 5/9 R0 real [0.963, 0.9714, 0.3766, 0.9677, 0.9545, 0.68, 0.0257, 0.0803, 0.9348] aborto None
  [  667.8s] pi    s52602 (105.0s) cruzan 3/9 R0 real [0.9737, 0.0371, 0.7, 0.5484, 0.7778, 0.2278, 0.375, 0.925, 0.963] aborto None
  [  755.3s] o1    s52602 (166.8s) cruzan 7/9 R0 real [0.9286, 0.9524, 0.0556, 0.9286, 0.0022, 0.9545, 0.9333, 0.9167, 0.9231] aborto None
  [  757.7s] v143  s52602 (89.9s) cruzan 3/9 R0 real [0.0091, 0.1508, 0.9259, 0.3291, 0.4074, 0.9259, 0.0606, 0.9714, 0.5588] aborto None
  [  860.0s] pu    s52603 (102.3s) cruzan 3/9 R0 real [0.8485, 0.2418, 0.975, 0.9815, 0.0374, 0.2244, 0.9792, 0.6667, 0.5351] aborto None
  [  861.4s] pc    s52603 (106.1s) cruzan 4/9 R0 real [0.9677, 0.5909, 0.9787, 0.975, 0.8049, 0.9808, 0.4667, 0.2966, 0.0132] aborto None
  [  948.3s] pd    s52603 (88.2s) cruzan 5/9 R0 real [0.9767, 0.0357, 0.3709, 0.9722, 0.8043, 0.9744, 0.3187, 0.975, 0.975] aborto None
  [  949.1s] termo s52603 (87.7s) cruzan 5/9 R0 real [0.9706, 0.9688, 0.013, 0.9688, 0.3529, 0.9688, 0.5, 0.5, 0.9302] aborto None
  [ 1053.3s] pi    s52603 (105.0s) cruzan 2/9 R0 real [0.8, 0.9524, 0.7736, 0.0504, 0.8846, 0.1782, 0.5467, 0.9767, 0.099] aborto None
  [ 1118.3s] o1    s52603 (169.2s) cruzan 8/9 R0 real [0.9565, 0.1875, 0.9565, 0.9545, 0.9688, 0.9615, 0.9565, 0.9375, 0.96] aborto None
  [ 1141.9s] v143  s52603 (88.6s) cruzan 1/9 R0 real [0.8333, 0.0158, 0.016, 0.314, 0.9643, 0.8529, 0.1404, 0.5862, 0.8108] aborto None
  [ 1226.6s] pc    s52604 (108.3s) cruzan 5/9 R0 real [0.1603, 0.9655, 0.0768, 0.9655, 0.8, 0.975, 0.9744, 0.9143, 0.1341] aborto None
  [ 1247.7s] pu    s52604 (105.9s) cruzan 4/9 R0 real [0.9778, 0.98, 0.4186, 0.9512, 0.2131, 0.8462, 0.9815, 0.0401, 0.803] aborto None
  [ 1321.7s] pd    s52604 (95.1s) cruzan 3/9 R0 real [0.9787, 0.7347, 0.0537, 0.902, 0.8824, 0.975, 0.1163, 0.7627, 0.6875] aborto None
  [ 1339.5s] termo s52604 (91.8s) cruzan 5/9 R0 real [0.0249, 0.9722, 0.975, 0.9615, 0.0805, 0.9615, 0.5185, 0.65, 0.9643] aborto None
  [ 1434.3s] pi    s52604 (112.7s) cruzan 4/9 R0 real [0.0814, 0.0482, 0.5763, 0.9697, 0.561, 0.3855, 0.9697, 0.9444, 0.9737] aborto None
  [ 1515.7s] o1    s52604 (176.1s) cruzan 7/9 R0 real [0.03, 0.9545, 0.9286, 0.9474, 0.209, 0.9565, 0.9524, 0.9444, 0.9545] aborto None
  [ 1528.3s] v143  s52604 (94.0s) cruzan 1/9 R0 real [0.9744, 0.005, 0.6944, 0.3521, 0.8684, 0.0631, 0.5789, 0.5312, 0.0821] aborto None
  [ 1628.6s] pc    s52605 (112.9s) cruzan 6/9 R0 real [0.9744, 0.95, 0.0171, 0.3043, 0.973, 0.9714, 0.6056, 0.9783, 0.9787] aborto None
  [ 1638.7s] pu    s52605 (110.4s) cruzan 5/9 R0 real [0.9688, 0.9773, 0.75, 0.185, 0.7679, 0.9808, 0.0388, 0.9744, 0.9697] aborto None
  [ 1721.4s] pd    s52605 (92.8s) cruzan 6/9 R0 real [0.9706, 0.0382, 0.9808, 0.1429, 0.561, 0.9737, 0.9394, 0.9796, 0.9737] aborto None
  [ 1729.7s] termo s52605 (91.0s) cruzan 6/9 R0 real [0.9167, 0.9, 0.9286, 0.9706, 0.0236, 0.9792, 0.3521, 0.1439, 0.9655] aborto None
  [ 1830.3s] pi    s52605 (108.9s) cruzan 5/9 R0 real [0.9744, 0.9796, 0.9302, 0.6176, 0.0386, 0.9556, 0.6296, 0.1867, 0.98] aborto None
  [ 1902.5s] o1    s52605 (172.8s) cruzan 8/9 R0 real [0.9444, 0.9444, 0.0902, 0.9333, 0.95, 0.9583, 0.95, 0.9474, 0.963] aborto None
  [ 1920.5s] v143  s52605 (90.2s) cruzan 2/9 R0 real [0.0629, 0.1374, 0.9143, 0.3774, 0.5366, 0.963, 0.7143, 0.0082, 0.4182] aborto None
  [ 2012.1s] pc    s52606 (109.6s) cruzan 5/9 R0 real [0.0947, 0.9767, 0.9737, 0.0316, 0.9706, 0.9048, 0.973, 0.5962, 0.8333] aborto None
  [ 2027.8s] pu    s52606 (107.2s) cruzan 5/9 R0 real [0.1331, 0.0269, 0.9767, 0.9804, 0.8333, 0.7887, 0.9796, 0.9512, 0.9565] aborto None
  [ 2108.1s] pd    s52606 (95.9s) cruzan 3/9 R0 real [0.9038, 0.6957, 0.9744, 0.0887, 0.9787, 0.75, 0.0425, 0.86, 0.8919] aborto None
  [ 2120.1s] termo s52606 (92.3s) cruzan 5/9 R0 real [0.8378, 0.8718, 0.587, 0.9032, 0.9706, 0.9643, 0.0055, 0.9333, 0.9524] aborto None
  [ 2221.0s] pi    s52606 (112.9s) cruzan 3/9 R0 real [0.9286, 0.9706, 0.7917, 0.1083, 0.84, 0.9773, 0.2704, 0.8033, 0.0467] aborto None
  [ 2304.1s] o1    s52606 (184.0s) cruzan 8/9 R0 real [0.9565, 0.9091, 0.9412, 0.95, 0.9474, 0.9412, 0.95, 0.9545, 0.0242] aborto None
  [ 2322.3s] v143  s52606 (101.3s) cruzan 3/9 R0 real [0.9655, 0.1145, 0.9706, 0.1459, 0.9643, 0.0086, 0.8889, 0.3542, 0.7632] aborto None
  [ 2420.7s] pc    s52607 (116.6s) cruzan 3/9 R0 real [0.2174, 0.0298, 0.5978, 0.907, 0.9667, 0.7727, 0.4505, 0.9787, 0.352] aborto None
  [ 2436.1s] pu    s52607 (113.8s) cruzan 6/9 R0 real [0.1592, 0.9815, 0.9815, 0.9778, 0.8519, 0.9744, 0.9818, 0.9706, 0.0343] aborto None
  [ 2518.9s] pd    s52607 (98.2s) cruzan 5/9 R0 real [0.1768, 0.9767, 0.1683, 0.0843, 0.9787, 0.9412, 0.2473, 0.9796, 0.9348] aborto None
  [ 2532.5s] termo s52607 (96.4s) cruzan 3/9 R0 real [0.9783, 0.9655, 0.3009, 0.9474, 0.5093, 0.8947, 0.0177, 0.7736, 0.875] aborto None
  [ 2634.0s] pi    s52607 (115.2s) cruzan 4/9 R0 real [0.0412, 0.0928, 0.9583, 0.9286, 0.3125, 0.9756, 0.975, 0.9737, 0.5114] aborto None
  [ 2716.9s] o1    s52607 (184.4s) cruzan 6/9 R0 real [0.9474, 0.9667, 0.9333, 0.0456, 0.95, 0.9333, 0.5135, 0.95, 0.4359] aborto None
  [ 2731.6s] v143  s52607 (97.5s) cruzan 1/9 R0 real [0.0296, 0.0217, 0.4211, 0.0878, 0.881, 0.9474, 0.8846, 0.375, 0.8387] aborto None
  [ 2840.3s] pc    s52608 (123.4s) cruzan 4/9 R0 real [0.0344, 0.2458, 0.9677, 0.8163, 0.2951, 0.9677, 0.6825, 0.9714, 0.9688] aborto None
  [ 2852.2s] pu    s52608 (120.6s) cruzan 5/9 R0 real [0.973, 0.4912, 0.75, 0.202, 0.907, 0.9649, 0.0285, 0.9737, 0.9792] aborto None
  [ 2944.4s] pd    s52608 (104.1s) cruzan 5/9 R0 real [0.9688, 0.5909, 0.9762, 0.4271, 0.0876, 0.9722, 0.9825, 0.9792, 0.0578] aborto None
  [ 2953.1s] termo s52608 (100.8s) cruzan 5/9 R0 real [0.8431, 0.9714, 0.9643, 0.9677, 0.0046, 0.7143, 0.9667, 0.9714, 0.8261] aborto None
  [ 3064.2s] pi    s52608 (119.7s) cruzan 6/9 R0 real [0.9773, 0.96, 0.9024, 0.027, 0.9737, 0.8033, 0.9474, 0.2205, 0.9767] aborto None
  [ 3140.1s] o1    s52608 (187.0s) cruzan 5/9 R0 real [0.9231, 0.9, 0.9412, 0.8889, 0.9091, 0.3438, 0.8571, 0.0, 0.9] aborto None
  [ 3164.4s] v143  s52608 (100.2s) cruzan 3/9 R0 real [0.5574, 0.9688, 0.3889, 0.9697, 0.01, 0.0194, 0.5, 0.9615, 0.6571] aborto None
  [ 3256.9s] pc    s52609 (116.8s) cruzan 5/9 R0 real [0.9697, 0.6618, 0.9821, 0.9744, 0.9714, 0.0285, 0.166, 0.9697, 0.8936] aborto None
  [ 3277.6s] pu    s52609 (113.3s) cruzan 6/9 R0 real [0.028, 0.9348, 0.1909, 0.975, 0.9706, 0.9818, 0.9149, 0.9722, 0.2957] aborto None
  [ 3353.9s] pd    s52609 (97.0s) cruzan 5/9 R0 real [0.0446, 0.9444, 0.3033, 0.9706, 0.7302, 0.9808, 0.9722, 0.0912, 0.9714] aborto None
  [ 3374.1s] termo s52609 (96.4s) cruzan 4/9 R0 real [0.2627, 0.8649, 0.6197, 0.9722, 0.099, 0.9697, 0.9688, 0.9783, 0.0401] aborto None
  [ 3469.3s] pi    s52609 (115.4s) cruzan 5/9 R0 real [0.9737, 0.7632, 0.1676, 0.9268, 0.427, 0.9231, 0.9762, 0.022, 0.9677] aborto None
  [ 3555.8s] o1    s52609 (181.7s) cruzan 7/9 R0 real [0.9545, 0.0162, 0.0816, 0.9333, 0.9412, 0.9474, 0.95, 0.9545, 0.9545] aborto None
  [ 3565.3s] v143  s52609 (96.0s) cruzan 3/9 R0 real [0.9667, 0.9767, 0.8913, 0.0626, 0.1444, 0.6923, 0.0125, 0.9474, 0.8421] aborto None
  [ 3669.3s] pc    s52610 (113.4s) cruzan 6/9 R0 real [0.9796, 0.9787, 0.9556, 0.9773, 0.8684, 0.7358, 0.9778, 0.975, 0.0205] aborto None
  [ 3675.1s] pu    s52610 (109.7s) cruzan 4/9 R0 real [0.9792, 0.9792, 0.7719, 0.8571, 0.98, 0.0276, 0.8136, 0.6849, 0.9796] aborto None
  [ 3765.6s] pd    s52610 (96.3s) cruzan 3/9 R0 real [0.8718, 0.358, 0.7818, 0.973, 0.9783, 0.8036, 0.0779, 0.0757, 0.975] aborto None
  [ 3768.0s] termo s52610 (92.9s) cruzan 5/9 R0 real [0.0278, 0.9767, 0.9583, 0.9231, 0.2609, 0.7143, 0.1837, 0.973, 0.9688] aborto None
  [ 3878.7s] pi    s52610 (113.1s) cruzan 4/9 R0 real [0.9714, 0.9767, 0.3308, 0.0395, 0.9762, 0.1559, 0.6667, 0.9767, 0.5341] aborto None
  [ 3947.7s] o1    s52610 (179.8s) cruzan 8/9 R0 real [0.9643, 0.9583, 0.9583, 0.9412, 0.9524, 0.9474, 0.9615, 0.9583, 0.5517] aborto None
  [ 3973.0s] v143  s52610 (94.3s) cruzan 3/9 R0 real [0.0034, 0.9744, 0.625, 0.9667, 0.6308, 0.9545, 0.5135, 0.6087, 0.1897] aborto None
  [ 4060.8s] pc    s52611 (113.1s) cruzan 6/9 R0 real [0.0168, 0.9615, 0.2727, 0.9062, 0.9767, 0.9767, 0.9722, 0.9688, 0.6364] aborto None
  [ 4083.6s] pu    s52611 (110.5s) cruzan 2/9 R0 real [0.5464, 0.9787, 0.55, 0.9268, 0.6944, 0.0302, 0.3889, 0.3918, 0.6267] aborto None
  [ 4155.4s] pd    s52611 (94.5s) cruzan 5/9 R0 real [0.9787, 0.9643, 0.5, 0.269, 0.349, 0.9722, 0.0457, 0.9677, 0.9756] aborto None
  [ 4176.9s] termo s52611 (93.3s) cruzan 4/9 R0 real [0.9565, 0.2286, 0.973, 0.9583, 0.3571, 0.8889, 0.9762, 0.3, 0.0193] aborto None
  [ 4266.8s] pi    s52611 (111.4s) cruzan 3/9 R0 real [0.1925, 0.4891, 0.6226, 0.95, 0.9737, 0.84, 0.0357, 0.3538, 0.963] aborto None
  [ 4353.2s] o1    s52611 (176.3s) cruzan 7/9 R0 real [0.9444, 0.9412, 0.1573, 0.9375, 0.96, 0.9565, 0.1022, 0.9655, 0.9524] aborto None
  [ 4358.2s] v143  s52611 (91.4s) cruzan 3/9 R0 real [0.7576, 0.7333, 0.7826, 0.9565, 0.9655, 0.9375, 0.0166, 0.0151, 0.1156] aborto None
  [ 4461.9s] pc    s52612 (108.8s) cruzan 6/9 R0 real [0.9744, 0.98, 0.9783, 0.3333, 0.9512, 0.9388, 0.8444, 0.9831, 0.0269] aborto None
  [ 4463.8s] pu    s52612 (105.6s) cruzan 5/9 R0 real [0.9737, 0.0307, 0.9773, 0.9778, 0.5, 0.9744, 0.3854, 0.9744, 0.7826] aborto None
  [ 4558.4s] termo s52612 (94.6s) cruzan 5/9 R0 real [0.1137, 0.975, 0.9615, 0.4533, 0.963, 0.9583, 0.6, 0.963, 0.0258] aborto None
  [ 4560.2s] pd    s52612 (98.3s) cruzan 3/9 R0 real [0.0703, 0.247, 0.4321, 0.9815, 0.3846, 0.9811, 0.7925, 0.1024, 0.9697] aborto None
  [ 4675.1s] pi    s52612 (116.7s) cruzan 5/9 R0 real [0.9697, 0.0286, 0.1712, 0.975, 0.9677, 0.2585, 0.9524, 0.9474, 0.6271] aborto None
  [ 4748.2s] o1    s52612 (187.9s) cruzan 7/9 R0 real [0.95, 0.9444, 0.9333, 0.9286, 0.0262, 0.0779, 0.9583, 0.9444, 0.9091] aborto None
  [ 4779.9s] v143  s52612 (104.8s) cruzan 3/9 R0 real [0.8, 0.1008, 0.96, 0.0221, 0.6522, 0.0122, 0.9412, 0.7576, 0.9474] aborto None
  [ 4872.0s] pc    s52613 (123.8s) cruzan 5/9 R0 real [0.9744, 0.7391, 0.9756, 0.4578, 0.875, 0.9778, 0.0189, 0.9714, 0.9091] aborto None
  [ 4899.4s] pu    s52613 (119.5s) cruzan 4/9 R0 real [0.9787, 0.5595, 0.9778, 0.367, 0.0372, 0.9762, 0.4322, 0.5625, 0.9615] aborto None
  [ 4974.7s] pd    s52613 (102.7s) cruzan 5/9 R0 real [0.975, 0.4779, 0.9737, 0.4574, 0.9744, 0.9744, 0.2866, 0.9184, 0.0299] aborto None
  [ 4998.5s] termo s52613 (99.1s) cruzan 5/9 R0 real [0.1174, 0.9756, 0.9615, 0.2979, 0.2302, 0.9697, 0.9667, 0.0393, 0.9756] aborto None
  [ 5094.0s] pi    s52613 (119.3s) cruzan 3/9 R0 real [0.975, 0.975, 0.0276, 0.8333, 0.4773, 0.36, 0.8958, 0.9643, 0.2222] aborto None
  [ 5182.9s] o1    s52613 (184.3s) cruzan 4/9 R0 real [0.96, 0.3889, 0.3243, 0.8571, 0.9091, 0.9375, 0.0, 0.9412, 0.4146] aborto None
  [ 5191.7s] v143  s52613 (97.7s) cruzan 2/9 R0 real [0.0252, 0.4583, 0.9643, 0.9444, 0.7931, 0.8929, 0.0488, 0.6667, 0.0389] aborto None
  [ 5298.5s] pc    s52614 (115.7s) cruzan 5/9 R0 real [0.8909, 0.9535, 0.0372, 0.9286, 0.1119, 0.973, 0.9722, 0.9756, 0.973] aborto None
  [ 5304.8s] pu    s52614 (113.1s) cruzan 2/9 R0 real [0.8627, 0.8824, 0.2455, 0.973, 0.8197, 0.9778, 0.3902, 0.028, 0.4524] aborto None
  [ 5396.0s] pd    s52614 (97.5s) cruzan 5/9 R0 real [0.9773, 0.1433, 0.4727, 0.9574, 0.9756, 0.8, 0.048, 0.975, 0.9792] aborto None
  [ 5401.3s] termo s52614 (96.5s) cruzan 5/9 R0 real [0.9615, 0.9737, 0.5179, 0.4177, 0.9688, 0.9592, 0.2877, 0.0203, 0.9688] aborto None
  [ 5511.2s] pi    s52614 (115.1s) cruzan 4/9 R0 real [0.4444, 0.0981, 0.0403, 0.8485, 0.4674, 0.9667, 0.9286, 0.9787, 0.9778] aborto None
  [ 5583.3s] o1    s52614 (182.1s) cruzan 8/9 R0 real [0.9444, 0.96, 0.0916, 0.9565, 0.9524, 0.9412, 0.9444, 0.9524, 0.9524] aborto None
  [ 5608.4s] v143  s52614 (97.2s) cruzan 5/9 R0 real [0.0177, 0.9667, 0.9333, 0.6154, 0.0064, 0.9412, 0.6585, 0.95, 0.9474] aborto None
  [ 5699.7s] pc    s52615 (116.3s) cruzan 7/9 R0 real [0.0189, 0.9762, 0.9714, 0.973, 0.9796, 0.9744, 0.9767, 0.4783, 0.9737] aborto None
  [ 5721.1s] pu    s52615 (112.8s) cruzan 4/9 R0 real [0.8235, 0.1042, 0.9615, 0.2733, 0.9773, 0.9714, 0.0739, 0.3467, 0.9722] aborto None
  [ 5798.1s] pd    s52615 (98.4s) cruzan 4/9 R0 real [0.6667, 0.9667, 0.3704, 0.973, 0.9762, 0.0475, 0.8077, 0.0752, 0.9688] aborto None
  [ 5816.8s] termo s52615 (95.6s) cruzan 5/9 R0 real [0.9762, 0.4706, 0.9655, 0.1963, 0.9524, 0.9677, 0.9524, 0.881, 0.0069] aborto None
  [ 5913.4s] pi    s52615 (115.4s) cruzan 4/9 R0 real [0.9091, 0.1009, 0.0856, 0.9773, 0.6909, 0.8298, 0.9643, 0.0861, 0.9756] aborto None
  [ 5993.6s] o1    s52615 (176.8s) cruzan 8/9 R0 real [0.96, 0.9286, 0.9583, 0.9412, 0.9643, 0.9545, 0.9615, 0.9565, 0.3108] aborto None
  [ 6003.5s] v143  s52615 (90.0s) cruzan 2/9 R0 real [0.963, 0.3099, 0.0319, 0.0178, 0.8824, 0.8387, 0.9706, 0.266, 0.4918] aborto None
  [ 6098.7s] pc    s52616 (105.1s) cruzan 3/9 R0 real [0.6761, 0.9375, 0.7391, 0.2, 0.0247, 0.3981, 0.9762, 0.9756, 0.8868] aborto None
  [ 6106.4s] pu    s52616 (103.0s) cruzan 5/9 R0 real [0.9744, 0.5493, 0.3664, 0.9773, 0.0323, 0.9744, 0.9677, 0.9778, 0.3214] aborto None
  [ 6187.3s] pd    s52616 (88.7s) cruzan 2/9 R0 real [0.5316, 0.6301, 0.0595, 0.9744, 0.1376, 0.3252, 0.4861, 0.9667, 0.7719] aborto None
  [ 6194.6s] termo s52616 (88.2s) cruzan 4/9 R0 real [0.6552, 0.2297, 0.2481, 0.7692, 0.9259, 0.9524, 0.9762, 0.9722, 0.0158] aborto None
  [ 6293.0s] pi    s52616 (105.7s) cruzan 2/9 R0 real [0.9778, 0.7391, 0.6833, 0.1438, 0.9574, 0.3636, 0.3608, 0.0333, 0.814] aborto None
  [ 6360.9s] o1    s52616 (166.3s) cruzan 8/9 R0 real [0.9412, 0.9286, 0.0091, 0.9474, 0.9412, 0.9231, 0.9333, 0.9375, 0.9474] aborto None
  [ 6381.2s] v143  s52616 (88.1s) cruzan 3/9 R0 real [0.0358, 0.8684, 0.5714, 0.9643, 0.8667, 0.0144, 0.9474, 0.9688, 0.2241] aborto None
  [ 6466.6s] pc    s52617 (105.7s) cruzan 4/9 R0 real [0.9722, 0.98, 0.8387, 0.1078, 0.059, 0.1931, 0.9762, 0.9804, 0.8444] aborto None
  [ 6484.0s] pu    s52617 (102.9s) cruzan 6/9 R0 real [0.9792, 0.9111, 0.0398, 0.5357, 0.9778, 0.9787, 0.9688, 0.9833, 0.0773] aborto None
  [ 6556.6s] pd    s52617 (90.0s) cruzan 4/9 R0 real [0.975, 0.7708, 0.9756, 0.3333, 0.0268, 0.7115, 0.9677, 0.9767, 0.3694] aborto None
  [ 6570.9s] termo s52617 (86.8s) cruzan 3/9 R0 real [0.8718, 0.9286, 0.3977, 0.8158, 0.9189, 0.9286, 0.0187, 0.6481, 0.3776] aborto None
  [ 6662.1s] pi    s52617 (105.5s) cruzan 3/9 R0 real [0.07, 0.2161, 0.9762, 0.5926, 0.3824, 0.9767, 0.6957, 0.1105, 0.9767] aborto None
  [ 6738.2s] o1    s52617 (167.3s) cruzan 8/9 R0 real [0.9545, 0.9333, 0.96, 0.9412, 0.3077, 0.9474, 0.9615, 0.9655, 0.96] aborto None
  [ 6751.7s] v143  s52617 (89.6s) cruzan 2/9 R0 real [0.8929, 0.0086, 0.6863, 0.7027, 0.1, 0.9565, 0.9412, 0.0227, 0.5246] aborto None
  [ 6843.1s] pc    s52618 (104.9s) cruzan 5/9 R0 real [0.9804, 0.066, 0.1453, 0.9767, 0.9762, 0.1453, 0.9787, 0.7727, 0.9767] aborto None
  [ 6854.5s] pu    s52618 (102.8s) cruzan 4/9 R0 real [0.9756, 0.2564, 0.8571, 0.0276, 0.9767, 0.9787, 0.9744, 0.875, 0.2759] aborto None
  [ 6932.0s] pd    s52618 (88.9s) cruzan 4/9 R0 real [0.1397, 0.1079, 0.0682, 0.9773, 0.7619, 0.9714, 0.5233, 0.9744, 0.9697] aborto None
  [ 6942.4s] termo s52618 (87.9s) cruzan 4/9 R0 real [0.9792, 0.8571, 0.0144, 0.9667, 0.1724, 0.5357, 0.2727, 0.9615, 0.9583] aborto None
  [ 7037.7s] pi    s52618 (105.8s) cruzan 3/9 R0 real [0.0739, 0.9583, 0.0741, 0.5769, 0.2101, 0.9773, 0.8913, 0.8627, 0.973] aborto None
  [ 7107.4s] o1    s52618 (165.1s) cruzan 4/9 R0 real [0.9231, 0.9, 0.0, 0.9, 0.875, 0.9474, 0.8889, 0.8, 0.0195] aborto None
  [ 7125.5s] v143  s52618 (87.8s) cruzan 2/9 R0 real [0.8333, 0.8462, 0.9333, 0.9615, 0.0129, 0.625, 0.314, 0.4792, 0.0242] aborto None
  [ 7213.9s] pc    s52619 (106.5s) cruzan 6/9 R0 real [0.0573, 0.9778, 0.9737, 0.5604, 0.9783, 0.0427, 0.9778, 0.9688, 0.9722] aborto None
  [ 7228.0s] pu    s52619 (102.5s) cruzan 5/9 R0 real [0.8913, 0.9762, 0.9756, 0.9744, 0.9706, 0.7458, 0.3913, 0.0138, 0.9833] aborto None
  [ 7303.4s] pd    s52619 (89.4s) cruzan 5/9 R0 real [0.3894, 0.973, 0.9792, 0.9815, 0.975, 0.0703, 0.2733, 0.9778, 0.1184] aborto None
  [ 7314.8s] termo s52619 (86.8s) cruzan 4/9 R0 real [0.7647, 0.044, 0.7447, 0.973, 0.9762, 0.9697, 0.2655, 0.0775, 0.973] aborto None
  [ 7408.8s] pi    s52619 (105.4s) cruzan 3/9 R0 real [0.1625, 0.975, 0.0619, 0.7708, 0.55, 0.1156, 0.9677, 0.9143, 0.2826] aborto None
  [ 7482.4s] o1    s52619 (167.6s) cruzan 8/9 R0 real [0.963, 0.9524, 0.9565, 0.9655, 0.3607, 0.9565, 0.9412, 0.9565, 0.9643] aborto None
  [ 7497.8s] v143  s52619 (89.0s) cruzan 2/9 R0 real [0.9783, 0.4227, 0.6275, 0.9756, 0.009, 0.1269, 0.6071, 0.7895, 0.3148] aborto None
  [ 7588.0s] pc    s52620 (105.6s) cruzan 5/9 R0 real [0.9796, 0.0273, 0.973, 0.4667, 0.8448, 0.9697, 0.9744, 0.1571, 0.963] aborto None
  [ 7600.3s] pu    s52620 (102.5s) cruzan 4/9 R0 real [0.98, 0.0696, 0.44, 0.9744, 0.5135, 0.0843, 0.9762, 0.9737, 0.3889] aborto None
  [ 7677.2s] pd    s52620 (89.1s) cruzan 6/9 R0 real [0.9839, 0.2751, 0.0244, 0.9762, 0.9062, 0.9565, 0.9722, 0.973, 0.4667] aborto None
  [ 7688.1s] termo s52620 (87.8s) cruzan 3/9 R0 real [0.9714, 0.9474, 0.0067, 0.8571, 0.7429, 0.9688, 0.2077, 0.4727, 0.6604] aborto None
  [ 7781.6s] pi    s52620 (104.5s) cruzan 3/9 R0 real [0.0455, 0.9737, 0.6333, 0.1359, 0.192, 0.98, 0.5088, 0.9773, 0.6761] aborto None
  [ 7854.1s] o1    s52620 (166.0s) cruzan 8/9 R0 real [0.95, 0.9375, 0.0396, 0.9583, 0.9412, 0.9643, 0.9286, 0.9643, 0.9375] aborto None
  [ 7868.9s] v143  s52620 (87.3s) cruzan 2/9 R0 real [0.1627, 0.9655, 0.0702, 0.4493, 0.7234, 0.8108, 0.74, 0.9722, 0.0081] aborto None

== pc (TPATAS_3 x9) · 20 semillas 52601-52620 · T 100000 · fundador limpio 1
  R0 REAL (nacimientos reales) mediana 0.9546 (evaluables 0.955) · R0 preregistrado 1.5851 · vida mediana 1177.75 · muertes 45.5 · fundadores 1.0 · casi inmortales 0/180
  ENMIENDA 5 (decide): linajes que cruzan con R0 real 101/180 · semillas con mayoria 15/20 -> GANA · ENMIENDA 6: persisten 132/180 · semillas 20/20 -> ESTABILIZA (muertes voluntarias fisicas 0.83) · ENMIENDA 3 (ayer): no cruza (mediana R0 evaluables 1.585)
  causas hambre/sed/veneno/sal 1205/998/13119/13999 (veneno+sal 92%) · pasos sin NADA bueno en el mundo 0.0629 · mordidas B+D 111.0 / A+C 702.0 por linaje · limpiezas fisicas por cuerpo 1.8908
  telemetria del carro (NO puntua): {'frac_pasos_con_meta': 0.9241, 'vetos': 369275, 'mord_sin_meta': 14123, 'limpia_propia': 13783, 'todo_obst': 0, 'des_splits': 2201}
  contabilidad coherente 180/180 · t_fund reconstruible 180/180 · s por corrida (mediana) 109.2

== pu (TPATAS_2 x9) · 20 semillas 52601-52620 · T 100000 · fundador limpio 1
  R0 REAL (nacimientos reales) mediana 0.8828 (evaluables 0.883) · R0 preregistrado 1.394 · vida mediana 1039.0 · muertes 51.0 · fundadores 4.0 · casi inmortales 0/180
  ENMIENDA 5 (decide): linajes que cruzan con R0 real 87/180 · semillas con mayoria 10/20 -> no gana · ENMIENDA 6: persisten 125/180 · semillas 20/20 -> ESTABILIZA (muertes voluntarias fisicas 0.8058) · ENMIENDA 3 (ayer): no cruza (mediana R0 evaluables 1.394)
  causas hambre/sed/veneno/sal 1435/1153/12456/13415 (veneno+sal 91%) · pasos sin NADA bueno en el mundo 0.0547 · mordidas B+D 116.0 / A+C 679.0 por linaje · limpiezas fisicas por cuerpo 1.7449
  telemetria del carro (NO puntua): {'frac_pasos_con_meta': 0.9312, 'vetos': 388427, 'mord_sin_meta': 13100, 'limpia_propia': 12758, 'todo_obst': 0, 'des_splits': 2029}
  contabilidad coherente 180/180 · t_fund reconstruible 180/180 · s por corrida (mediana) 106.55

== pd (TPATAS_1 x9) · 20 semillas 52601-52620 · T 100000 · fundador limpio 1
  R0 REAL (nacimientos reales) mediana 0.8039 (evaluables 0.804) · R0 preregistrado 1.2169 · vida mediana 1215.75 · muertes 51.0 · fundadores 8.5 · casi inmortales 0/180
  ENMIENDA 5 (decide): linajes que cruzan con R0 real 83/180 · semillas con mayoria 10/20 -> no gana · ENMIENDA 6: persisten 119/180 · semillas 19/20 -> ESTABILIZA (muertes voluntarias fisicas 0.7852) · ENMIENDA 3 (ayer): no cruza (mediana R0 evaluables 1.217)
  causas hambre/sed/veneno/sal 1812/1389/11708/12891 (veneno+sal 88%) · pasos sin NADA bueno en el mundo 0.037 · mordidas B+D 111.0 / A+C 644.0 por linaje · limpiezas fisicas por cuerpo 1.5722
  telemetria del carro (NO puntua): {'frac_pasos_con_meta': 0.95, 'vetos': 402009, 'mord_sin_meta': 9983, 'limpia_propia': 9659, 'todo_obst': 0, 'des_splits': 1566}
  contabilidad coherente 180/180 · t_fund reconstruible 180/180 · s por corrida (mediana) 94.8

== termo (V143_TERMO x9) · 20 semillas 52601-52620 · T 100000 · fundador limpio 1
  R0 REAL (nacimientos reales) mediana 0.8974 (evaluables 0.897) · R0 preregistrado 1.5679 · vida mediana 1217.25 · muertes 40.0 · fundadores 3.0 · casi inmortales 0/180
  ENMIENDA 5 (decide): linajes que cruzan con R0 real 90/180 · semillas con mayoria 12/20 -> no gana · ENMIENDA 6: persisten 132/180 · semillas 20/20 -> ESTABILIZA (muertes voluntarias fisicas 0.789) · ENMIENDA 3 (ayer): no cruza (mediana R0 evaluables 1.568)
  causas hambre/sed/veneno/sal 1618/1378/11517/12321 (veneno+sal 89%) · pasos sin NADA bueno en el mundo 0.0304 · mordidas B+D 62.0 / A+C 620.5 por linaje · limpiezas fisicas por cuerpo 1.0719
  telemetria del carro (NO puntua): {'frac_pasos_con_meta': 0.961, 'vetos': 469067, 'mord_sin_meta': 6365, 'limpia_propia': 6042, 'todo_obst': 0, 'des_splits': 1623}
  contabilidad coherente 180/180 · t_fund reconstruible 180/180 · s por corrida (mediana) 92.05

== pi (TPATAS_4 x9) · 20 semillas 52601-52620 · T 100000 · fundador limpio 1
  R0 REAL (nacimientos reales) mediana 0.7848 (evaluables 0.785) · R0 preregistrado 1.1441 · vida mediana 997.25 · muertes 49.0 · fundadores 9.5 · casi inmortales 0/180
  ENMIENDA 5 (decide): linajes que cruzan con R0 real 75/180 · semillas con mayoria 5/20 -> no gana · ENMIENDA 6: persisten 109/180 · semillas 17/20 -> ESTABILIZA (muertes voluntarias fisicas 0.788) · ENMIENDA 3 (ayer): no cruza (mediana R0 evaluables 1.144)
  causas hambre/sed/veneno/sal 1663/1384/11912/13162 (veneno+sal 89%) · pasos sin NADA bueno en el mundo 0.0345 · mordidas B+D 104.5 / A+C 650.0 por linaje · limpiezas fisicas por cuerpo 1.5583
  telemetria del carro (NO puntua): {'frac_pasos_con_meta': 0.9544, 'vetos': 415928, 'mord_sin_meta': 9388, 'limpia_propia': 9054, 'todo_obst': 0, 'des_splits': 1760}
  contabilidad coherente 180/180 · t_fund reconstruible 180/180 · s por corrida (mediana) 112.05

== o1 (O1 x9) · 20 semillas 52601-52620 · T 100000 · fundador limpio 1
  R0 REAL (nacimientos reales) mediana 0.9412 (evaluables 0.941) · R0 preregistrado 2.3333 · vida mediana 3141.0 · muertes 20.0 · fundadores 0.0 · casi inmortales 1/180
  ENMIENDA 5 (decide): linajes que cruzan con R0 real 139/180 · semillas con mayoria 18/20 -> GANA · ENMIENDA 6: persisten 155/180 · semillas 20/20 -> ESTABILIZA (muertes voluntarias fisicas 0.0) · ENMIENDA 3 (ayer): CRUZA (mediana R0 evaluables 2.333)
  causas hambre/sed/veneno/sal 1072/985/3563/3532 (veneno+sal 78%) · pasos sin NADA bueno en el mundo 0.041 · mordidas B+D 364.0 / A+C 673.5 por linaje · limpiezas fisicas por cuerpo 17.1182
  contabilidad coherente 180/180 · t_fund reconstruible 180/180 · s por corrida (mediana) 176.2

== v143 (V143 x9) · 20 semillas 52601-52620 · T 100000 · fundador limpio 1
  R0 REAL (nacimientos reales) mediana 0.6291 (evaluables 0.629) · R0 preregistrado 1.3656 · vida mediana 600.0 · muertes 45.5 · fundadores 14.5 · casi inmortales 0/180
  ENMIENDA 5 (decide): linajes que cruzan con R0 real 49/180 · semillas con mayoria 1/20 -> no gana · ENMIENDA 6: persisten 121/180 · semillas 20/20 -> ESTABILIZA (muertes voluntarias fisicas 0.8393) · ENMIENDA 3 (ayer): no cruza (mediana R0 evaluables 1.366)
  causas hambre/sed/veneno/sal 1415/1235/16940/18362 (veneno+sal 93%) · pasos sin NADA bueno en el mundo 0.0254 · mordidas B+D 81.0 / A+C 812.5 por linaje · limpiezas fisicas por cuerpo 1.2384
  telemetria del carro (NO puntua): {'frac_pasos_con_meta': 0.9648, 'vetos': 435409, 'mord_sin_meta': 5548, 'limpia_propia': 5213, 'todo_obst': 0, 'des_splits': 1845}
  contabilidad coherente 180/180 · t_fund reconstruible 180/180 · s por corrida (mediana) 90.8

================ LECTURA (PREREGISTRO_patas_muro.md sec. 5-6) · C:\Users\User\Documents\PROYECTOS\JUACO\organelos\experimentos\organelos\patas_muro\datos\serie_s52601-52620_T100000_20260929_113932
brazo  cruzan/180  mayoria  R0 med fund med  A+C/lin  B+D/lin mundo A+C sin bueno
pc            101    15/20  0.9546      1.0    702.0    111.0    2.4672    0.0629
pu             87    10/20  0.8828      4.0    679.0    116.0    2.5772    0.0547
pd             83    10/20  0.8039      8.5    644.0    111.0    3.0035     0.037
termo          90    12/20  0.8974      3.0    620.5     62.0    3.3154    0.0304
pi             75     5/20  0.7848      9.5    650.0    104.5    3.2431    0.0345
o1            139    18/20  0.9412      0.0    673.5    364.0    2.0654     0.041
v143           49     1/20  0.6291     14.5    812.5     81.0    3.4489    0.0254
PAREADO en linajes que cruzan (gana/empata/pierde por semilla; suma de 9n; dif = suma a - suma b) y R0 real (mediana por semilla)
  pc_vs_termo    gana 10 empata  7 pierde  3 · suma 101 vs 90 (dif +11) · R0 gana 12/20 dif med 0.025
  pc_vs_pi       gana 16 empata  1 pierde  3 · suma 101 vs 75 (dif +26) · R0 gana 18/20 dif med 0.1033
  pc_vs_pd       gana 11 empata  5 pierde  4 · suma 101 vs 83 (dif +18) · R0 gana 13/20 dif med 0.0351
  pd_vs_termo    gana  6 empata  6 pierde  8 · suma 83 vs 90 (dif -7) · R0 gana 8/20 dif med -0.0432
  pu_vs_termo    gana  6 empata  5 pierde  9 · suma 87 vs 90 (dif -3) · R0 gana 10/20 dif med -0.021
  pi_vs_termo    gana  4 empata  3 pierde 13 · suma 75 vs 90 (dif -15) · R0 gana 5/20 dif med -0.1102
  pc_vs_pu       gana 13 empata  2 pierde  5 · suma 101 vs 87 (dif +14) · R0 gana 13/20 dif med 0.0515
  o1_vs_pc       gana 17 empata  1 pierde  2 · suma 139 vs 101 (dif +38) · R0 gana 7/20 dif med -0.0169
  o1_vs_termo    gana 16 empata  3 pierde  1 · suma 139 vs 90 (dif +49) · R0 gana 13/20 dif med 0.0313
  termo_vs_v143  gana 19 empata  1 pierde  0 · suma 90 vs 49 (dif +41) · R0 gana 19/20 dif med 0.2164
  por semilla pc [5, 6, 4, 5, 6, 5, 3, 4, 5, 6, 6, 6, 5, 5, 7, 3, 4, 5, 6, 5]
  por semilla termo [5, 5, 5, 5, 6, 5, 3, 5, 4, 5, 4, 5, 5, 5, 5, 4, 3, 4, 4, 3]
  por semilla pi [6, 3, 2, 4, 5, 3, 4, 6, 5, 4, 3, 5, 3, 4, 4, 2, 3, 3, 3, 3]
MUNDO (descriptivo; a_gana = semillas en que el primero supera al segundo en la medida; umbral de lectura 13)
  pc_vs_termo: come mas · no decide mejor · rinde mejor · mundo mas pelado · come_mas_AC 20/20 (697.5 vs 619.5) · muerde_mas_BD 20/20 (109.0 vs 62.0) · decide_mejor_frac_buena 0/20 (0.8642 vs 0.9093) · rinde_mejor_nac_por_100AC 15/20 (5.5037 vs 4.9497) · mundo_mas_pelado_AC 20/20 (2.4672 vs 3.3154) · menos_fundadores 9/20 (1.0 vs 2.0) · mas_establecidos 7/20 (6.5 vs 6.5)
  pu_vs_termo: come mas · no decide mejor · rinde mejor · mundo mas pelado · come_mas_AC 20/20 (681.0 vs 619.5) · muerde_mas_BD 20/20 (116.0 vs 62.0) · decide_mejor_frac_buena 0/20 (0.8516 vs 0.9093) · rinde_mejor_nac_por_100AC 19/20 (6.1496 vs 4.9497) · mundo_mas_pelado_AC 20/20 (2.5772 vs 3.3154) · menos_fundadores 9/20 (3.0 vs 2.0) · mas_establecidos 5/20 (6.0 vs 6.5)
  pd_vs_termo: come mas · no decide mejor · rinde mejor · mundo mas pelado · come_mas_AC 17/20 (647.5 vs 619.5) · muerde_mas_BD 20/20 (110.5 vs 62.0) · decide_mejor_frac_buena 0/20 (0.8525 vs 0.9093) · rinde_mejor_nac_por_100AC 20/20 (6.0569 vs 4.9497) · mundo_mas_pelado_AC 20/20 (3.0035 vs 3.3154) · menos_fundadores 7/20 (4.5 vs 2.0) · mas_establecidos 1/20 (6.0 vs 6.5)
  pi_vs_termo: come mas · no decide mejor · rinde mejor · mundo mas pelado · come_mas_AC 17/20 (648.0 vs 619.5) · muerde_mas_BD 20/20 (105.0 vs 62.0) · decide_mejor_frac_buena 0/20 (0.8563 vs 0.9093) · rinde_mejor_nac_por_100AC 20/20 (6.0344 vs 4.9497) · mundo_mas_pelado_AC 13/20 (3.2431 vs 3.3154) · menos_fundadores 2/20 (8.0 vs 2.0) · mas_establecidos 0/20 (5.5 vs 6.5)
  o1_vs_termo: come mas · no decide mejor · no rinde mejor · mundo mas pelado · come_mas_AC 20/20 (672.0 vs 619.5) · muerde_mas_BD 20/20 (358.5 vs 62.0) · decide_mejor_frac_buena 0/20 (0.6533 vs 0.9093) · rinde_mejor_nac_por_100AC 0/20 (2.7634 vs 4.9497) · mundo_mas_pelado_AC 20/20 (2.0654 vs 3.3154) · menos_fundadores 15/20 (0.0 vs 2.0) · mas_establecidos 15/20 (8.0 vs 6.5)
  pieza actua (cambios de paso por semilla, ultima instancia): {'pc': [476249, 517154, 496518, 418971], 'pu': [453851, 502885, 421058, 447827], 'pd': [438500, 447996, 401216, 436520], 'pi': [464650, 417197, 418002, 446370]} ...

  VALIDEZ {'V1_completa_0_abortos_coherente': True, 'V2_O1_mayoria': True, 'V3_ancla_V143': True, 'V4_carros_por_sha_y_perilla': True, 'V5_pieza_actua': True, 'V6_banda_termo': True} (termo suma 90, banda (70.0, 120.0))
  PUERTAS {'PA_pc_mas_cruzan_que_termo': False, 'PB_suma_pc_ge_termo_mas_15': False, 'PD_control_pc_sobre_pi': True, 'PC_letra_muro_pc_mayoria': True}
  SECUNDARIAS (no deciden) {'pu_mas_cruzan_que_termo': False, 'pd_mas_cruzan_que_termo': False, 'pc_sobre_pd_a_donde_va_lo_util': False, 'pi_se_hunde_bajo_termo': True, 'pi_supera_termo': False, 'pu_letra_muro': False, 'termo_letra_muro': False}
  VOCABULARIO (sec. 11; aplica solo con FUNCIONA o MODESTO): "PATAS ayuda, sin separarlo de caminar derecho" (pc no supera a pd con la forma PA+PB)

  RESUMEN C:\Users\User\Documents\PROYECTOS\JUACO\organelos\experimentos\organelos\patas_muro\datos\serie_s52601-52620_T100000_20260929_113932\resumen.json (sha dc82cf03a953e8c2)
Terminado en 7869.8s
VEREDICTO DE LA SERIE: NO   (regla de parada: PREREGISTRO_patas_muro.md sec. 7)
