DISECCION 2026-10-06 17:57:24 - semillas 277011-277020 - T 100000 - fundador no limpio - corre_diseccion.py faca65ad34d26ea2
  HUMO: sha 69fcfcb2473f - filtro PASA
  KO_RECICLA: sha 46d85155fe5d - filtro PASA
  KO_BANCO: sha 1ea29d0db707 - filtro PASA
  KO_CAP: sha c8cb69d88184 - filtro PASA
  KO_PIZARRA: sha 965aaec1e366 - filtro PASA
  [   118s] KO_RECICLA s277011 persisten 0/9 cruzan 0/9 R0 med 0.0805 vida med   600.0 fund>10k 646 muertes  803 mord malas     3 sin nada bueno 0.730 escrituras 899974 (117.4 s)
  [   161s] HUMO       s277011 persisten 9/9 cruzan 9/9 R0 med 0.9688 vida med  2370.5 fund>10k   0 muertes  262 mord malas  8897 sin nada bueno 0.255 escrituras 899974 (160.8 s)
  [   246s] KO_CAP     s277011 persisten 1/9 cruzan 0/9 R0 med 0.6667 vida med 37201.0 fund>10k   0 muertes   21 mord malas  8111 sin nada bueno 0.019 escrituras 899974 (128.2 s)
  [   262s] KO_BANCO   s277011 persisten 0/9 cruzan 0/9 R0 med 0.0000 vida med 100000.0 fund>10k   0 muertes    0 mord malas 55595 sin nada bueno 0.000 escrituras 899983 (261.4 s)
  [   310s] KO_PIZARRA s277011 persisten 8/9 cruzan 5/9 R0 med 0.9310 vida med  2183.0 fund>10k   5 muertes  261 mord malas  9142 sin nada bueno 0.242 escrituras 0 (148.5 s)
  [   375s] KO_RECICLA s277012 persisten 0/9 cruzan 0/9 R0 med 0.1268 vida med   600.0 fund>10k 568 muertes  705 mord malas     2 sin nada bueno 0.706 escrituras 899966 (113.3 s)
  [   414s] HUMO       s277012 persisten 8/9 cruzan 8/9 R0 med 0.9630 vida med  2512.5 fund>10k   1 muertes  291 mord malas  8690 sin nada bueno 0.249 escrituras 899966 (166.7 s)
  [   513s] KO_CAP     s277012 persisten 8/9 cruzan 0/9 R0 med 0.8333 vida med 13046.0 fund>10k   0 muertes   51 mord malas  7974 sin nada bueno 0.022 escrituras 899966 (137.6 s)
  [   567s] KO_PIZARRA s277012 persisten 9/9 cruzan 4/9 R0 med 0.8710 vida med  2688.0 fund>10k   0 muertes  260 mord malas  9133 sin nada bueno 0.244 escrituras 0 (153.4 s)
  [   585s] KO_BANCO   s277012 persisten 0/9 cruzan 0/9 R0 med 0.0000 vida med 100000.0 fund>10k   0 muertes    0 mord malas 55293 sin nada bueno 0.000 escrituras 899983 (274.8 s)
  [   678s] HUMO       s277013 persisten 9/9 cruzan 9/9 R0 med 0.9643 vida med  2319.0 fund>10k   0 muertes  266 mord malas  9083 sin nada bueno 0.239 escrituras 899978 (164.3 s)
  [   683s] KO_RECICLA s277013 persisten 0/9 cruzan 0/9 R0 med 0.1341 vida med   600.0 fund>10k 618 muertes  749 mord malas     3 sin nada bueno 0.723 escrituras 899978 (115.8 s)
  [   807s] KO_CAP     s277013 persisten 2/9 cruzan 0/9 R0 med 0.6667 vida med 25996.0 fund>10k   0 muertes   24 mord malas  8070 sin nada bueno 0.013 escrituras 899978 (128.6 s)
  [   836s] KO_PIZARRA s277013 persisten 8/9 cruzan 7/9 R0 med 0.9231 vida med  2391.0 fund>10k   2 muertes  270 mord malas  9372 sin nada bueno 0.228 escrituras 0 (153.0 s)
  [   853s] KO_BANCO   s277013 persisten 0/9 cruzan 0/9 R0 med 0.0000 vida med 100000.0 fund>10k   0 muertes    0 mord malas 55471 sin nada bueno 0.000 escrituras 899985 (268.0 s)
  [   953s] KO_RECICLA s277014 persisten 0/9 cruzan 0/9 R0 med 0.1333 vida med   600.0 fund>10k 575 muertes  746 mord malas     2 sin nada bueno 0.729 escrituras 899974 (116.2 s)
  [   974s] HUMO       s277014 persisten 9/9 cruzan 8/9 R0 med 0.9630 vida med  1931.0 fund>10k   0 muertes  287 mord malas  8882 sin nada bueno 0.259 escrituras 899974 (166.0 s)
  [  1087s] KO_CAP     s277014 persisten 4/9 cruzan 1/9 R0 med 0.8000 vida med 15684.0 fund>10k   0 muertes   43 mord malas  8419 sin nada bueno 0.023 escrituras 899974 (133.5 s)
  [  1122s] KO_BANCO   s277014 persisten 0/9 cruzan 0/9 R0 med 0.0000 vida med 100000.0 fund>10k   0 muertes    0 mord malas 55796 sin nada bueno 0.000 escrituras 899984 (268.4 s)
  [  1129s] KO_PIZARRA s277014 persisten 9/9 cruzan 5/9 R0 med 0.9333 vida med  2451.0 fund>10k   0 muertes  262 mord malas  9136 sin nada bueno 0.228 escrituras 0 (154.9 s)
  [  1242s] KO_RECICLA s277015 persisten 0/9 cruzan 0/9 R0 med 0.1064 vida med   600.0 fund>10k 602 muertes  751 mord malas     3 sin nada bueno 0.705 escrituras 899968 (119.5 s)
  [  1252s] HUMO       s277015 persisten 7/9 cruzan 7/9 R0 med 0.9474 vida med  2270.5 fund>10k   3 muertes  276 mord malas  8839 sin nada bueno 0.243 escrituras 899968 (164.5 s)
  [  1374s] KO_CAP     s277015 persisten 6/9 cruzan 0/9 R0 med 0.8333 vida med 13147.0 fund>10k   0 muertes   48 mord malas  8147 sin nada bueno 0.027 escrituras 899968 (131.6 s)
  [  1400s] KO_BANCO   s277015 persisten 0/9 cruzan 0/9 R0 med 0.0000 vida med 100000.0 fund>10k   0 muertes    0 mord malas 55310 sin nada bueno 0.000 escrituras 899985 (270.5 s)
  [  1402s] KO_PIZARRA s277015 persisten 7/9 cruzan 5/9 R0 med 0.9286 vida med  2719.0 fund>10k   2 muertes  243 mord malas  9148 sin nada bueno 0.228 escrituras 0 (149.7 s)
  [  1510s] KO_RECICLA s277016 persisten 0/9 cruzan 0/9 R0 med 0.1757 vida med   600.0 fund>10k 534 muertes  693 mord malas     2 sin nada bueno 0.705 escrituras 899975 (110.4 s)
  [  1530s] HUMO       s277016 persisten 9/9 cruzan 9/9 R0 med 0.9600 vida med  3166.0 fund>10k   0 muertes  223 mord malas  9124 sin nada bueno 0.219 escrituras 899975 (155.1 s)
  [  1646s] KO_CAP     s277016 persisten 2/9 cruzan 0/9 R0 med 0.8000 vida med 13310.0 fund>10k   0 muertes   36 mord malas  8105 sin nada bueno 0.035 escrituras 899975 (134.9 s)
  [  1667s] KO_BANCO   s277016 persisten 0/9 cruzan 0/9 R0 med 0.0000 vida med 100000.0 fund>10k   0 muertes    0 mord malas 55603 sin nada bueno 0.000 escrituras 899983 (264.9 s)
  [  1684s] KO_PIZARRA s277016 persisten 9/9 cruzan 6/9 R0 med 0.9630 vida med  2410.5 fund>10k   0 muertes  255 mord malas  8922 sin nada bueno 0.239 escrituras 0 (154.0 s)
  [  1786s] KO_RECICLA s277017 persisten 0/9 cruzan 0/9 R0 med 0.0825 vida med   600.0 fund>10k 746 muertes  869 mord malas     3 sin nada bueno 0.744 escrituras 899974 (119.0 s)
  [  1812s] HUMO       s277017 persisten 8/9 cruzan 8/9 R0 med 0.9615 vida med  2364.5 fund>10k   3 muertes  284 mord malas  8635 sin nada bueno 0.269 escrituras 899974 (166.3 s)
  [  1923s] KO_CAP     s277017 persisten 8/9 cruzan 3/9 R0 med 0.8571 vida med  7460.5 fund>10k   0 muertes   61 mord malas  8184 sin nada bueno 0.042 escrituras 899974 (136.7 s)
  [  1956s] KO_BANCO   s277017 persisten 0/9 cruzan 0/9 R0 med 0.0000 vida med 100000.0 fund>10k   0 muertes    0 mord malas 55720 sin nada bueno 0.000 escrituras 899984 (272.0 s)
  [  1972s] KO_PIZARRA s277017 persisten 9/9 cruzan 6/9 R0 med 0.9268 vida med  1996.0 fund>10k   0 muertes  305 mord malas  8602 sin nada bueno 0.273 escrituras 0 (159.2 s)
  [  2076s] KO_RECICLA s277018 persisten 0/9 cruzan 0/9 R0 med 0.1111 vida med   600.0 fund>10k 619 muertes  767 mord malas     3 sin nada bueno 0.719 escrituras 899977 (119.9 s)
  [  2106s] HUMO       s277018 persisten 9/9 cruzan 9/9 R0 med 0.9667 vida med  2687.0 fund>10k   0 muertes  265 mord malas  8923 sin nada bueno 0.249 escrituras 899977 (182.7 s)
  [  2219s] KO_CAP     s277018 persisten 5/9 cruzan 0/9 R0 med 0.8333 vida med 15879.0 fund>10k   0 muertes   43 mord malas  8130 sin nada bueno 0.027 escrituras 899977 (142.2 s)
  [  2241s] KO_BANCO   s277018 persisten 0/9 cruzan 0/9 R0 med 0.0000 vida med 100000.0 fund>10k   0 muertes    0 mord malas 55341 sin nada bueno 0.000 escrituras 899984 (268.9 s)
  [  2249s] KO_PIZARRA s277018 persisten 8/9 cruzan 5/9 R0 med 0.9375 vida med  2288.0 fund>10k   3 muertes  272 mord malas  8835 sin nada bueno 0.247 escrituras 0 (142.5 s)
  [  2358s] KO_RECICLA s277019 persisten 0/9 cruzan 0/9 R0 med 0.1505 vida med   600.0 fund>10k 625 muertes  788 mord malas     2 sin nada bueno 0.733 escrituras 899975 (116.2 s)
  [  2381s] HUMO       s277019 persisten 9/9 cruzan 8/9 R0 med 0.9500 vida med  3147.5 fund>10k   0 muertes  223 mord malas  9313 sin nada bueno 0.238 escrituras 899975 (161.3 s)
  [  2488s] KO_CAP     s277019 persisten 6/9 cruzan 0/9 R0 med 0.8571 vida med 12053.0 fund>10k   0 muertes   46 mord malas  7892 sin nada bueno 0.023 escrituras 899975 (130.1 s)
  [  2511s] KO_BANCO   s277019 persisten 0/9 cruzan 0/9 R0 med 0.0000 vida med 100000.0 fund>10k   0 muertes    0 mord malas 56256 sin nada bueno 0.000 escrituras 899984 (261.9 s)
  [  2529s] KO_PIZARRA s277019 persisten 9/9 cruzan 6/9 R0 med 0.9524 vida med  2436.5 fund>10k   0 muertes  233 mord malas  9157 sin nada bueno 0.237 escrituras 0 (148.1 s)
  [  2629s] KO_RECICLA s277020 persisten 0/9 cruzan 0/9 R0 med 0.1529 vida med   600.0 fund>10k 549 muertes  702 mord malas     4 sin nada bueno 0.713 escrituras 899979 (117.4 s)
  [  2657s] HUMO       s277020 persisten 9/9 cruzan 8/9 R0 med 0.9630 vida med  2278.0 fund>10k   0 muertes  242 mord malas  9077 sin nada bueno 0.242 escrituras 899979 (168.1 s)
