EXAMEN GRANDE 2026-10-06 10:21:29 - semillas 276021-276040 - T 100000 - fundador no limpio - corre_examen_grande.py a0db6f4f61cfb2cf - HUMO sha 69fcfcb2473f - O1 sha 99436afa2715f028 - filtro HUMO PASA
  [   227s] O1   s276021 persisten 9/9 cruzan 8/9 R0 med 0.9524 vida med  3071.0 fund>10k   0 muertes  194 mord malas  3355 (226.7 s)
  [   273s] HUMO s276021 persisten 9/9 cruzan 9/9 R0 med 0.9643 vida med  2661.0 fund>10k   0 muertes  251 mord malas  8885 (272.4 s)
  [   286s] HUMO s276022 persisten 9/9 cruzan 8/9 R0 med 0.9643 vida med  2465.0 fund>10k   0 muertes  257 mord malas  9079 (285.5 s)
  [   451s] O1   s276022 persisten 8/9 cruzan 7/9 R0 med 0.9583 vida med  2708.5 fund>10k   1 muertes  239 mord malas  3582 (223.7 s)
  [   513s] O1   s276023 persisten 8/9 cruzan 8/9 R0 med 0.9474 vida med  3014.0 fund>10k   3 muertes  193 mord malas  3433 (226.5 s)
  [   540s] HUMO s276023 persisten 7/9 cruzan 7/9 R0 med 0.9524 vida med  2705.5 fund>10k   3 muertes  264 mord malas  8936 (267.0 s)
  [   715s] HUMO s276024 persisten 8/9 cruzan 8/9 R0 med 0.9500 vida med  3353.0 fund>10k   1 muertes  200 mord malas  9343 (263.1 s)
  [   738s] O1   s276024 persisten 8/9 cruzan 7/9 R0 med 0.9565 vida med  2447.0 fund>10k   1 muertes  231 mord malas  3611 (225.1 s)
  [   808s] HUMO s276025 persisten 9/9 cruzan 9/9 R0 med 0.9655 vida med  2508.0 fund>10k   0 muertes  266 mord malas  9348 (267.0 s)
  [   931s] O1   s276025 persisten 6/9 cruzan 6/9 R0 med 0.9375 vida med  2940.0 fund>10k   4 muertes  182 mord malas  3561 (216.4 s)
  [  1000s] HUMO s276026 persisten 8/9 cruzan 8/9 R0 med 0.9630 vida med  2603.0 fund>10k   2 muertes  262 mord malas  8861 (261.8 s)
  [  1032s] O1   s276026 persisten 5/9 cruzan 5/9 R0 med 0.9474 vida med  2480.0 fund>10k  10 muertes  210 mord malas  3508 (224.3 s)
  [  1208s] HUMO s276027 persisten 8/9 cruzan 6/9 R0 med 0.9535 vida med  2379.5 fund>10k   4 muertes  290 mord malas  8973 (276.1 s)
  [  1229s] O1   s276027 persisten 9/9 cruzan 7/9 R0 med 0.9565 vida med  2542.0 fund>10k   0 muertes  216 mord malas  3576 (228.4 s)
  [  1305s] HUMO s276028 persisten 8/9 cruzan 7/9 R0 med 0.9615 vida med  2438.0 fund>10k   1 muertes  273 mord malas  9063 (272.2 s)
  [  1430s] O1   s276028 persisten 7/9 cruzan 7/9 R0 med 0.9412 vida med  2754.0 fund>10k   8 muertes  217 mord malas  3582 (221.6 s)
  [  1493s] HUMO s276029 persisten 8/9 cruzan 8/9 R0 med 0.9615 vida med  2261.0 fund>10k   1 muertes  250 mord malas  8983 (263.8 s)
  [  1521s] O1   s276029 persisten 6/9 cruzan 4/9 R0 med 0.8800 vida med  2421.5 fund>10k  13 muertes  224 mord malas  3461 (216.1 s)
  [  1700s] HUMO s276030 persisten 9/9 cruzan 9/9 R0 med 0.9643 vida med  2957.0 fund>10k   0 muertes  252 mord malas  8974 (269.9 s)
  [  1720s] O1   s276030 persisten 8/9 cruzan 7/9 R0 med 0.9412 vida med  3425.0 fund>10k   1 muertes  177 mord malas  3412 (226.8 s)
  [  1797s] HUMO s276031 persisten 7/9 cruzan 7/9 R0 med 0.9643 vida med  2457.5 fund>10k   2 muertes  268 mord malas  9085 (275.4 s)
