EXAMEN GRANDE 2026-10-06 09:20:56 - semillas 276001-276020 - T 100000 - fundador no limpio - corre_examen_grande.py a0db6f4f61cfb2cf - HUMO sha 69fcfcb2473f - O1 sha 99436afa2715f028 - filtro HUMO PASA
  [   229s] O1   s276001 persisten 8/9 cruzan 7/9 R0 med 0.9545 vida med  2601.0 fund>10k   2 muertes  205 mord malas  3447 (226.2 s)
  [   271s] HUMO s276002 persisten 9/9 cruzan 9/9 R0 med 0.9630 vida med  2271.0 fund>10k   0 muertes  278 mord malas  9070 (268.5 s)
  [   274s] HUMO s276001 persisten 9/9 cruzan 9/9 R0 med 0.9667 vida med  2180.0 fund>10k   0 muertes  263 mord malas  8947 (271.5 s)
  [   440s] O1   s276002 persisten 9/9 cruzan 8/9 R0 med 0.9524 vida med  3225.5 fund>10k   0 muertes  190 mord malas  3443 (210.9 s)
  [   487s] O1   s276003 persisten 9/9 cruzan 8/9 R0 med 0.9444 vida med  2993.0 fund>10k   0 muertes  198 mord malas  3677 (212.7 s)
  [   530s] HUMO s276003 persisten 7/9 cruzan 7/9 R0 med 0.9600 vida med  2113.0 fund>10k   7 muertes  263 mord malas  9057 (258.8 s)
  [   704s] HUMO s276004 persisten 9/9 cruzan 9/9 R0 med 0.9600 vida med  3054.0 fund>10k   0 muertes  216 mord malas  9180 (263.5 s)
  [   707s] O1   s276004 persisten 7/9 cruzan 6/9 R0 med 0.9091 vida med  2800.0 fund>10k   6 muertes  206 mord malas  3529 (219.7 s)
  [   822s] HUMO s276005 persisten 9/9 cruzan 8/9 R0 med 0.9600 vida med  2642.0 fund>10k   0 muertes  257 mord malas  8904 (290.6 s)
  [   933s] O1   s276005 persisten 9/9 cruzan 7/9 R0 med 0.9524 vida med  3224.0 fund>10k   0 muertes  220 mord malas  3461 (229.0 s)
  [   980s] HUMO s276006 persisten 6/9 cruzan 6/9 R0 med 0.9677 vida med  2130.5 fund>10k   7 muertes  305 mord malas  8756 (272.8 s)
  [  1044s] O1   s276006 persisten 8/9 cruzan 8/9 R0 med 0.9545 vida med  3014.0 fund>10k   1 muertes  193 mord malas  3491 (221.8 s)
  [  1202s] HUMO s276007 persisten 9/9 cruzan 8/9 R0 med 0.9615 vida med  2863.0 fund>10k   0 muertes  228 mord malas  9322 (268.9 s)
  [  1208s] O1   s276007 persisten 9/9 cruzan 9/9 R0 med 0.9545 vida med  3397.5 fund>10k   0 muertes  185 mord malas  3516 (227.6 s)
  [  1311s] HUMO s276008 persisten 7/9 cruzan 4/9 R0 med 0.9032 vida med  2219.0 fund>10k   5 muertes  275 mord malas  8734 (267.5 s)
  [  1417s] O1   s276008 persisten 6/9 cruzan 3/9 R0 med 0.9048 vida med  3157.0 fund>10k   6 muertes  205 mord malas  3566 (214.3 s)
  [  1466s] HUMO s276009 persisten 8/9 cruzan 8/9 R0 med 0.9655 vida med  2358.5 fund>10k   4 muertes  281 mord malas  8762 (257.7 s)
  [  1543s] O1   s276009 persisten 5/9 cruzan 4/9 R0 med 0.9000 vida med  2407.0 fund>10k  19 muertes  256 mord malas  3680 (231.0 s)
  [  1690s] HUMO s276010 persisten 6/9 cruzan 6/9 R0 med 0.9583 vida med  2581.0 fund>10k   5 muertes  269 mord malas  9160 (272.7 s)
  [  1696s] O1   s276010 persisten 9/9 cruzan 7/9 R0 med 0.9545 vida med  2620.0 fund>10k   0 muertes  221 mord malas  3707 (229.2 s)
  [  1814s] HUMO s276011 persisten 9/9 cruzan 8/9 R0 med 0.9615 vida med  2271.0 fund>10k   0 muertes  272 mord malas  8761 (270.7 s)
