corre_n9c · n9c_humo_CAND_s14192_T50000 · 20260923_174850 · python 3.14.2 · corre_n9c.py 3a9f66ec33628a50
shas: pista2.py=4d2bee16e7961261 motor_convive.py=d10cb9021f5d0f41 corre_convive.py=e6dadfdad9c379cd FABRICA.py=2ebee3e99ea5a33a N9C_NADA.py=d4853da9c6ed9a82 N9C_PRED.py=4a1ea0844b31c837 N9C_CAND.py=d5b2b9390e782a70 N9C_CRUZ.py=822cea5ec7d95b94
  CAND  s14192    54.7 s · persiste 0 (lin 0, max 1.0775) · tam 9.124 · nac 4 · R0nac 0.0 · vida nac/fund 600.0/200.0 · mala 0.3333 · malo/bueno k 60.52/81.08 · perd 5070 · mundo buenos/malos 3.976/30.719 · gen 1

AGREGADO (medianas por semilla) · 1 semilla(s) · 55 s de pared
  CAND  {'tam_carro': 9.124, 'lin_max': 1.0775, 'nac': 4.0, 'fundadores': 194.0, 'linajes_persisten': 0.0, 'R0_nacidos': 0.0, 'R0_fund': 0.0316, 'vida_nacidos': 600.0, 'vida_fund': 200.0, 'frac_mala_nacidos': 0.3333, 'gen_max': 1.0, 'mord_malo_k': 60.52, 'mord_bueno_k': 81.08, 'perdidas': 5070.0, 'nobj_medio': 34.694, 'buenos_mundo': 3.976, 'malos_mundo': 30.719, 'semillas': 1, 'persiste_estricto': 0, 'persiste_carro': 0, 'bloqueados': 0}
PAREADOS (por semilla):
  {'par': 'CAND-NADA', 'clave': 'R0_nacidos', 'n': 0, 'gana': 0, 'pierde': 0, 'empata': 0, 'dif_med': None, 'p_signo': 1.0}
  {'par': 'CAND-NADA', 'clave': 'vida_nacidos', 'n': 0, 'gana': 0, 'pierde': 0, 'empata': 0, 'dif_med': None, 'p_signo': 1.0}
  {'par': 'CAND-NADA', 'clave': 'tam_carro', 'n': 0, 'gana': 0, 'pierde': 0, 'empata': 0, 'dif_med': None, 'p_signo': 1.0}
  {'par': 'CAND-NADA', 'clave': 'lin_max', 'n': 0, 'gana': 0, 'pierde': 0, 'empata': 0, 'dif_med': None, 'p_signo': 1.0}
  {'par': 'CAND-PRED', 'clave': 'R0_nacidos', 'n': 0, 'gana': 0, 'pierde': 0, 'empata': 0, 'dif_med': None, 'p_signo': 1.0}
  {'par': 'CAND-PRED', 'clave': 'vida_nacidos', 'n': 0, 'gana': 0, 'pierde': 0, 'empata': 0, 'dif_med': None, 'p_signo': 1.0}
  {'par': 'CAND-PRED', 'clave': 'tam_carro', 'n': 0, 'gana': 0, 'pierde': 0, 'empata': 0, 'dif_med': None, 'p_signo': 1.0}
  {'par': 'CAND-PRED', 'clave': 'lin_max', 'n': 0, 'gana': 0, 'pierde': 0, 'empata': 0, 'dif_med': None, 'p_signo': 1.0}
  {'par': 'CAND-CRUZ', 'clave': 'R0_nacidos', 'n': 0, 'gana': 0, 'pierde': 0, 'empata': 0, 'dif_med': None, 'p_signo': 1.0}
  {'par': 'CAND-CRUZ', 'clave': 'vida_nacidos', 'n': 0, 'gana': 0, 'pierde': 0, 'empata': 0, 'dif_med': None, 'p_signo': 1.0}
  {'par': 'CAND-CRUZ', 'clave': 'tam_carro', 'n': 0, 'gana': 0, 'pierde': 0, 'empata': 0, 'dif_med': None, 'p_signo': 1.0}
  {'par': 'CAND-CRUZ', 'clave': 'lin_max', 'n': 0, 'gana': 0, 'pierde': 0, 'empata': 0, 'dif_med': None, 'p_signo': 1.0}
  {'par': 'PRED-NADA', 'clave': 'R0_nacidos', 'n': 0, 'gana': 0, 'pierde': 0, 'empata': 0, 'dif_med': None, 'p_signo': 1.0}
  {'par': 'PRED-NADA', 'clave': 'vida_nacidos', 'n': 0, 'gana': 0, 'pierde': 0, 'empata': 0, 'dif_med': None, 'p_signo': 1.0}
  {'par': 'PRED-NADA', 'clave': 'tam_carro', 'n': 0, 'gana': 0, 'pierde': 0, 'empata': 0, 'dif_med': None, 'p_signo': 1.0}
  {'par': 'PRED-NADA', 'clave': 'lin_max', 'n': 0, 'gana': 0, 'pierde': 0, 'empata': 0, 'dif_med': None, 'p_signo': 1.0}
  {'par': 'CRUZ-PRED', 'clave': 'R0_nacidos', 'n': 0, 'gana': 0, 'pierde': 0, 'empata': 0, 'dif_med': None, 'p_signo': 1.0}
  {'par': 'CRUZ-PRED', 'clave': 'vida_nacidos', 'n': 0, 'gana': 0, 'pierde': 0, 'empata': 0, 'dif_med': None, 'p_signo': 1.0}
  {'par': 'CRUZ-PRED', 'clave': 'tam_carro', 'n': 0, 'gana': 0, 'pierde': 0, 'empata': 0, 'dif_med': None, 'p_signo': 1.0}
  {'par': 'CRUZ-PRED', 'clave': 'lin_max', 'n': 0, 'gana': 0, 'pierde': 0, 'empata': 0, 'dif_med': None, 'p_signo': 1.0}

escrito: C:\Users\User\Documents\PROYECTOS\JUACO\bundle\experimentos\subida_n9c\datos\humo\n9c_humo_CAND_s14192_T50000_20260923_174850.json (581085983a8ad830) · crudo C:\Users\User\Documents\PROYECTOS\JUACO\bundle\experimentos\subida_n9c\datos\humo\n9c_humo_CAND_s14192_T50000_20260923_174850_crudo.json.gz
VEREDICTO por la letra (PREREGISTRO_n9c.md sec. 6):
  VEREDICTO: HUMO: sin veredicto (semilla de practica, T corto; persistencia con T <= 10000 no se lee)
