[12:51:50] ECO v2 eco_v2_replica_s20031-20050 · T 120000 · corte 60000 · mundos {'w30': {'esc': 30, 'n0': 30, 'tope': 3000}, 'w90': {'esc': 90, 'n0': 90, 'tope': 3000}, 'w270': {'esc': 270, 'n0': 270, 'tope': 9000}} · pool 3 · motor GEMELO · shas {'corre_eco_v2.py': '41fd6280607d4f4f', 'corre_eco.py': '47d9cee4d6462116', 'motor_eco2.py': '0921ee3a50ce7f7a', 'motor_eco_rapido_org.py': '024f0a8ea5e12c7d', 'carros/FAMB_ORG_ECO.py': '75d5f4118079ff15', 'construye_eco_org.py': 'ff5531748aa4bd6a', 'PREREGISTRO_eco_v2.md': 'ca34f2d34915e5f8'}
[12:52:20] [1/120] w270 AZAR s20031: persiste 0 (vivos 0, max 311) · banco con ensena 0.395 · filtra0 0.305 (29.2 s; 29 s)
[12:52:51] [2/120] w270 VIDA s20032: persiste 1 (vivos 117, max 719) · banco con ensena 0.965 · filtra0 0.695 (60.9 s; 61 s)
[12:52:51] [3/120] w270 AZAR s20032: persiste 1 (vivos 3, max 341) · banco con ensena 0.0 · filtra0 0.0 (31.8 s; 61 s)
[12:53:05] [4/120] w270 VIDA s20031: persiste 1 (vivos 125, max 818) · banco con ensena 0.995 · filtra0 0.445 (74.4 s; 74 s)
[12:53:24] [5/120] w270 AZAR s20033: persiste 1 (vivos 12, max 368) · banco con ensena 0.04 · filtra0 0.285 (32.9 s; 94 s)
[12:54:12] [6/120] w270 VIDA s20034: persiste 1 (vivos 232, max 839) · banco con ensena 0.975 · filtra0 0.68 (67.1 s; 142 s)
[12:54:14] [7/120] w270 AZAR s20034: persiste 1 (vivos 80, max 590) · banco con ensena 1.0 · filtra0 0.0 (49.3 s; 143 s)
[12:54:30] [8/120] w270 VIDA s20033: persiste 1 (vivos 347, max 831) · banco con ensena 0.975 · filtra0 0.865 (99.0 s; 160 s)
[12:54:49] [9/120] w270 AZAR s20035: persiste 1 (vivos 3, max 373) · banco con ensena 0.645 · filtra0 0.445 (35.1 s; 178 s)
[12:55:17] [10/120] w270 VIDA s20035: persiste 1 (vivos 129, max 746) · banco con ensena 0.995 · filtra0 0.63 (64.9 s; 207 s)
[12:55:18] [11/120] w270 AZAR s20036: persiste 0 (vivos 0, max 452) · banco con ensena 0.53 · filtra0 0.425 (29.6 s; 208 s)
[12:55:38] [12/120] w270 VIDA s20036: persiste 1 (vivos 148, max 799) · banco con ensena 0.99 · filtra0 0.68 (68.0 s; 228 s)
[12:55:50] [13/120] w270 AZAR s20037: persiste 1 (vivos 11, max 338) · banco con ensena 0.0 · filtra0 0.7 (31.4 s; 240 s)
[12:56:19] [14/120] w270 VIDA s20037: persiste 1 (vivos 127, max 803) · banco con ensena 0.98 · filtra0 0.96 (62.3 s; 269 s)
[12:56:24] [15/120] w270 AZAR s20038: persiste 1 (vivos 94, max 377) · banco con ensena 0.96 · filtra0 0.0 (33.6 s; 273 s)
[12:56:45] [16/120] w270 VIDA s20038: persiste 1 (vivos 140, max 826) · banco con ensena 0.975 · filtra0 0.455 (66.3 s; 294 s)
[12:56:54] [17/120] w270 AZAR s20039: persiste 1 (vivos 10, max 306) · banco con ensena 0.495 · filtra0 0.0 (30.1 s; 303 s)
[12:57:26] [18/120] w270 AZAR s20040: persiste 1 (vivos 3, max 426) · banco con ensena 0.9 · filtra0 1.0 (32.8 s; 336 s)
[12:57:27] [19/120] w270 VIDA s20039: persiste 1 (vivos 151, max 782) · banco con ensena 1.0 · filtra0 0.805 (68.1 s; 337 s)
[12:57:46] [20/120] w270 VIDA s20040: persiste 1 (vivos 113, max 728) · banco con ensena 1.0 · filtra0 0.79 (60.9 s; 355 s)
[12:57:57] [21/120] w270 AZAR s20041: persiste 1 (vivos 1, max 343) · banco con ensena 0.0 · filtra0 1.0 (29.5 s; 367 s)
[12:58:28] [22/120] w270 AZAR s20042: persiste 1 (vivos 59, max 322) · banco con ensena 0.605 · filtra0 0.75 (31.1 s; 398 s)
[12:58:32] [23/120] w270 VIDA s20041: persiste 1 (vivos 138, max 797) · banco con ensena 0.99 · filtra0 0.66 (65.5 s; 402 s)
[12:58:54] [24/120] w270 VIDA s20042: persiste 1 (vivos 124, max 801) · banco con ensena 0.995 · filtra0 0.43 (68.2 s; 424 s)
[12:59:02] [25/120] w270 AZAR s20043: persiste 1 (vivos 13, max 316) · banco con ensena 0.0 · filtra0 0.0 (30.1 s; 432 s)
[12:59:29] [26/120] w270 AZAR s20044: persiste 1 (vivos 1, max 314) · banco con ensena 0.01 · filtra0 1.0 (26.6 s; 458 s)
[12:59:41] [27/120] w270 VIDA s20043: persiste 1 (vivos 294, max 749) · banco con ensena 0.985 · filtra0 0.8 (73.2 s; 471 s)
[13:00:02] [28/120] w270 VIDA s20044: persiste 1 (vivos 137, max 795) · banco con ensena 1.0 · filtra0 0.875 (67.9 s; 491 s)
[13:00:10] [29/120] w270 AZAR s20045: persiste 1 (vivos 4, max 318) · banco con ensena 0.36 · filtra0 0.01 (29.1 s; 500 s)
[13:00:36] [30/120] w270 AZAR s20046: persiste 1 (vivos 4, max 304) · banco con ensena 0.385 · filtra0 0.85 (25.6 s; 526 s)
[13:00:52] [31/120] w270 VIDA s20045: persiste 1 (vivos 290, max 795) · banco con ensena 0.98 · filtra0 0.275 (83.0 s; 541 s)
[13:00:53] [32/120] w270 VIDA s20046: persiste 1 (vivos 122, max 750) · banco con ensena 0.98 · filtra0 0.265 (51.0 s; 542 s)
[13:01:27] [33/120] w270 AZAR s20047: persiste 1 (vivos 10, max 540) · banco con ensena 0.23 · filtra0 1.0 (35.4 s; 577 s)
[13:01:46] [34/120] w270 VIDA s20047: persiste 1 (vivos 115, max 809) · banco con ensena 0.995 · filtra0 0.81 (69.4 s; 595 s)
[13:02:07] [35/120] w270 VIDA s20048: persiste 1 (vivos 153, max 842) · banco con ensena 0.995 · filtra0 0.1 (74.2 s; 617 s)
[13:02:19] [36/120] w270 AZAR s20048: persiste 1 (vivos 101, max 797) · banco con ensena 1.0 · filtra0 0.205 (52.0 s; 629 s)
[13:02:38] [37/120] w270 AZAR s20049: persiste 1 (vivos 9, max 330) · banco con ensena 0.0 · filtra0 0.0 (31.2 s; 648 s)
[13:02:55] [38/120] w270 VIDA s20049: persiste 1 (vivos 138, max 811) · banco con ensena 0.985 · filtra0 0.67 (69.1 s; 664 s)
[13:03:13] [39/120] w90 VIDA s20031: persiste 1 (vivos 43, max 266) · banco con ensena 0.96 · filtra0 0.805 (17.8 s; 682 s)
[13:03:16] [40/120] w270 AZAR s20050: persiste 1 (vivos 57, max 452) · banco con ensena 0.33 · filtra0 0.86 (37.5 s; 685 s)
[13:03:20] [41/120] w90 AZAR s20031: persiste 1 (vivos 2, max 107) · banco con ensena 0.215 · filtra0 0.985 (7.8 s; 690 s)
[13:03:23] [42/120] w270 VIDA s20050: persiste 1 (vivos 131, max 812) · banco con ensena 0.99 · filtra0 0.28 (63.4 s; 692 s)
[13:03:29] [43/120] w90 AZAR s20032: persiste 1 (vivos 1, max 115) · banco con ensena 0.405 · filtra0 0.705 (9.0 s; 699 s)
[13:03:36] [44/120] w90 VIDA s20032: persiste 1 (vivos 80, max 264) · banco con ensena 0.985 · filtra0 0.455 (20.0 s; 705 s)
[13:03:38] [45/120] w90 AZAR s20033: persiste 1 (vivos 4, max 115) · banco con ensena 0.72 · filtra0 0.13 (8.9 s; 708 s)
[13:03:40] [46/120] w90 VIDA s20033: persiste 1 (vivos 41, max 269) · banco con ensena 0.99 · filtra0 0.2 (17.6 s; 710 s)
[13:03:48] [47/120] w90 AZAR s20034: persiste 1 (vivos 3, max 116) · banco con ensena 0.085 · filtra0 0.115 (9.7 s; 718 s)
[13:03:51] [48/120] w90 VIDA s20034: persiste 1 (vivos 44, max 278) · banco con ensena 0.99 · filtra0 0.87 (15.5 s; 721 s)
[13:03:52] [49/120] w90 VIDA s20035: persiste 1 (vivos 34, max 206) · banco con ensena 0.925 · filtra0 0.0 (12.0 s; 722 s)
[13:03:57] [50/120] w90 AZAR s20035: persiste 1 (vivos 10, max 124) · banco con ensena 0.25 · filtra0 0.84 (9.3 s; 727 s)
[13:04:01] [51/120] w90 AZAR s20036: persiste 1 (vivos 1, max 113) · banco con ensena 0.87 · filtra0 0.61 (8.7 s; 731 s)
[13:04:08] [52/120] w90 VIDA s20036: persiste 1 (vivos 36, max 236) · banco con ensena 0.95 · filtra0 0.19 (16.4 s; 737 s)
[13:04:13] [53/120] w90 AZAR s20037: persiste 1 (vivos 6, max 200) · banco con ensena 0.695 · filtra0 0.555 (12.1 s; 743 s)
[13:04:14] [54/120] w90 VIDA s20037: persiste 1 (vivos 80, max 272) · banco con ensena 0.955 · filtra0 0.94 (16.8 s; 744 s)
[13:04:22] [55/120] w90 AZAR s20038: persiste 0 (vivos 0, max 104) · banco con ensena 0.105 · filtra0 0.345 (8.3 s; 751 s)
[13:04:25] [56/120] w90 VIDA s20038: persiste 1 (vivos 42, max 263) · banco con ensena 0.995 · filtra0 0.505 (17.0 s; 754 s)
[13:04:29] [57/120] w90 VIDA s20039: persiste 1 (vivos 44, max 237) · banco con ensena 0.965 · filtra0 0.98 (15.4 s; 759 s)
[13:04:31] [58/120] w90 AZAR s20039: persiste 0 (vivos 0, max 134) · banco con ensena 0.82 · filtra0 0.525 (9.5 s; 761 s)
[13:04:39] [59/120] w90 AZAR s20040: persiste 1 (vivos 1, max 125) · banco con ensena 0.15 · filtra0 0.25 (9.4 s; 769 s)
[13:04:43] [60/120] w90 VIDA s20040: persiste 1 (vivos 34, max 273) · banco con ensena 0.995 · filtra0 0.565 (18.5 s; 773 s)
[13:04:48] [61/120] w90 VIDA s20041: persiste 1 (vivos 49, max 253) · banco con ensena 1.0 · filtra0 0.71 (16.8 s; 778 s)
[13:04:50] [62/120] w90 AZAR s20041: persiste 0 (vivos 0, max 182) · banco con ensena 0.84 · filtra0 1.0 (11.0 s; 779 s)
[13:04:56] [63/120] w90 AZAR s20042: persiste 1 (vivos 1, max 105) · banco con ensena 0.37 · filtra0 0.89 (8.2 s; 786 s)
[13:04:57] [64/120] w90 VIDA s20042: persiste 1 (vivos 34, max 231) · banco con ensena 0.945 · filtra0 0.96 (13.4 s; 786 s)
[13:05:05] [65/120] w90 AZAR s20043: persiste 1 (vivos 1, max 102) · banco con ensena 0.165 · filtra0 0.6 (8.4 s; 794 s)
[13:05:08] [66/120] w90 VIDA s20043: persiste 1 (vivos 63, max 270) · banco con ensena 0.995 · filtra0 0.04 (18.1 s; 798 s)
[13:05:14] [67/120] w90 AZAR s20044: persiste 1 (vivos 1, max 108) · banco con ensena 0.075 · filtra0 0.125 (9.0 s; 803 s)
[13:05:15] [68/120] w90 VIDA s20044: persiste 1 (vivos 35, max 280) · banco con ensena 0.995 · filtra0 0.94 (17.9 s; 804 s)
[13:05:22] [69/120] w90 AZAR s20045: persiste 1 (vivos 1, max 109) · banco con ensena 0.505 · filtra0 0.08 (8.6 s; 812 s)
[13:05:22] [70/120] w90 VIDA s20045: persiste 1 (vivos 46, max 204) · banco con ensena 1.0 · filtra0 0.92 (14.2 s; 812 s)
[13:05:31] [71/120] w90 AZAR s20046: persiste 1 (vivos 5, max 106) · banco con ensena 0.3 · filtra0 0.805 (9.0 s; 821 s)
[13:05:32] [72/120] w90 VIDA s20046: persiste 1 (vivos 45, max 246) · banco con ensena 0.98 · filtra0 0.71 (17.6 s; 822 s)
[13:05:40] [73/120] w90 AZAR s20047: persiste 1 (vivos 2, max 105) · banco con ensena 0.5 · filtra0 0.57 (8.4 s; 829 s)
[13:05:45] [74/120] w90 VIDA s20047: persiste 1 (vivos 83, max 280) · banco con ensena 0.975 · filtra0 0.625 (22.3 s; 834 s)
[13:05:50] [75/120] w90 VIDA s20048: persiste 1 (vivos 29, max 268) · banco con ensena 0.975 · filtra0 0.155 (17.9 s; 840 s)
[13:05:52] [76/120] w90 AZAR s20048: persiste 1 (vivos 7, max 191) · banco con ensena 0.755 · filtra0 0.185 (12.0 s; 841 s)
[13:05:59] [77/120] w90 AZAR s20049: persiste 0 (vivos 0, max 109) · banco con ensena 0.765 · filtra0 0.13 (8.4 s; 848 s)
[13:06:03] [78/120] w90 VIDA s20049: persiste 1 (vivos 45, max 293) · banco con ensena 0.975 · filtra0 0.325 (18.6 s; 853 s)
[13:06:07] [79/120] w30 VIDA s20031: persiste 1 (vivos 11, max 43) · banco con ensena 0.105 · filtra0 0.02 (3.8 s; 857 s)
[13:06:07] [80/120] w90 AZAR s20050: persiste 0 (vivos 0, max 111) · banco con ensena 0.675 · filtra0 0.305 (8.4 s; 857 s)
[13:06:09] [81/120] w90 VIDA s20050: persiste 1 (vivos 39, max 291) · banco con ensena 0.985 · filtra0 0.315 (17.1 s; 858 s)
[13:06:10] [82/120] w30 AZAR s20031: persiste 1 (vivos 1, max 37) · banco con ensena 0.36 · filtra0 0.09 (3.0 s; 860 s)
[13:06:11] [83/120] w30 VIDA s20032: persiste 1 (vivos 10, max 46) · banco con ensena 0.11 · filtra0 0.22 (3.5 s; 860 s)
[13:06:12] [84/120] w30 AZAR s20032: persiste 0 (vivos 0, max 42) · banco con ensena 0.3 · filtra0 0.35 (2.9 s; 861 s)
[13:06:14] [85/120] w30 AZAR s20033: persiste 0 (vivos 0, max 40) · banco con ensena 0.315 · filtra0 0.14 (3.0 s; 863 s)
[13:06:14] [86/120] w30 VIDA s20033: persiste 1 (vivos 12, max 93) · banco con ensena 0.945 · filtra0 0.925 (4.3 s; 864 s)
[13:06:16] [87/120] w30 VIDA s20034: persiste 1 (vivos 20, max 88) · banco con ensena 1.0 · filtra0 0.545 (4.7 s; 866 s)
[13:06:17] [88/120] w30 AZAR s20034: persiste 0 (vivos 0, max 48) · banco con ensena 0.705 · filtra0 0.19 (3.1 s; 866 s)
[13:06:19] [89/120] w30 VIDA s20035: persiste 1 (vivos 15, max 84) · banco con ensena 0.97 · filtra0 0.035 (4.7 s; 869 s)
[13:06:20] [90/120] w30 VIDA s20036: persiste 0 (vivos 0, max 41) · banco con ensena 0.025 · filtra0 0.0 (2.7 s; 869 s)
[13:06:20] [91/120] w30 AZAR s20035: persiste 1 (vivos 1, max 48) · banco con ensena 0.255 · filtra0 0.1 (3.3 s; 869 s)
[13:06:23] [92/120] w30 AZAR s20036: persiste 1 (vivos 7, max 52) · banco con ensena 0.545 · filtra0 0.59 (3.5 s; 872 s)
[13:06:23] [93/120] w30 VIDA s20037: persiste 1 (vivos 5, max 42) · banco con ensena 0.015 · filtra0 0.03 (3.1 s; 872 s)
[13:06:23] [94/120] w30 AZAR s20037: persiste 0 (vivos 0, max 44) · banco con ensena 0.4 · filtra0 0.35 (3.5 s; 873 s)
[13:06:26] [95/120] w30 AZAR s20038: persiste 0 (vivos 0, max 37) · banco con ensena 0.575 · filtra0 0.195 (3.2 s; 875 s)
[13:06:28] [96/120] w30 VIDA s20038: persiste 1 (vivos 14, max 88) · banco con ensena 0.92 · filtra0 0.89 (4.9 s; 877 s)
[13:06:28] [97/120] w30 VIDA s20039: persiste 1 (vivos 20, max 69) · banco con ensena 0.955 · filtra0 0.8 (4.6 s; 878 s)
[13:06:29] [98/120] w30 AZAR s20039: persiste 1 (vivos 2, max 46) · banco con ensena 0.705 · filtra0 0.66 (3.4 s; 879 s)
[13:06:31] [99/120] w30 AZAR s20040: persiste 1 (vivos 1, max 41) · banco con ensena 0.43 · filtra0 0.025 (2.9 s; 881 s)
[13:06:32] [100/120] w30 VIDA s20040: persiste 1 (vivos 13, max 66) · banco con ensena 0.745 · filtra0 0.27 (4.1 s; 881 s)
[13:06:34] [101/120] w30 AZAR s20041: persiste 0 (vivos 0, max 37) · banco con ensena 0.19 · filtra0 0.26 (2.8 s; 883 s)
[13:06:34] [102/120] w30 VIDA s20041: persiste 1 (vivos 14, max 85) · banco con ensena 0.985 · filtra0 0.155 (4.7 s; 884 s)
[13:06:36] [103/120] w30 VIDA s20042: persiste 1 (vivos 8, max 79) · banco con ensena 0.87 · filtra0 0.885 (4.2 s; 886 s)
[13:06:37] [104/120] w30 AZAR s20042: persiste 0 (vivos 0, max 37) · banco con ensena 0.51 · filtra0 0.215 (3.0 s; 886 s)
[13:06:38] [105/120] w30 VIDA s20043: persiste 1 (vivos 12, max 66) · banco con ensena 0.325 · filtra0 0.395 (3.9 s; 887 s)
[13:06:39] [106/120] w30 AZAR s20043: persiste 1 (vivos 4, max 47) · banco con ensena 0.345 · filtra0 0.265 (3.2 s; 889 s)
[13:06:41] [107/120] w30 AZAR s20044: persiste 0 (vivos 0, max 36) · banco con ensena 0.71 · filtra0 0.12 (2.8 s; 890 s)
[13:06:43] [108/120] w30 VIDA s20044: persiste 1 (vivos 12, max 89) · banco con ensena 0.99 · filtra0 1.0 (6.1 s; 892 s)
[13:06:44] [109/120] w30 AZAR s20045: persiste 0 (vivos 0, max 67) · banco con ensena 0.21 · filtra0 0.31 (3.3 s; 894 s)
[13:06:45] [110/120] w30 VIDA s20045: persiste 1 (vivos 5, max 91) · banco con ensena 1.0 · filtra0 0.8 (5.6 s; 894 s)
[13:06:46] [111/120] w30 VIDA s20046: persiste 1 (vivos 2, max 39) · banco con ensena 0.045 · filtra0 0.125 (3.1 s; 896 s)
[13:06:47] [112/120] w30 AZAR s20046: persiste 1 (vivos 1, max 38) · banco con ensena 0.24 · filtra0 0.095 (3.0 s; 897 s)
[13:06:49] [113/120] w30 AZAR s20047: persiste 0 (vivos 0, max 38) · banco con ensena 0.125 · filtra0 0.325 (2.8 s; 898 s)
[13:06:49] [114/120] w30 VIDA s20047: persiste 1 (vivos 14, max 82) · banco con ensena 0.975 · filtra0 0.845 (4.7 s; 899 s)
[13:06:51] [115/120] w30 VIDA s20048: persiste 1 (vivos 14, max 83) · banco con ensena 0.86 · filtra0 0.445 (4.3 s; 901 s)
[13:06:52] [116/120] w30 AZAR s20048: persiste 1 (vivos 3, max 51) · banco con ensena 0.38 · filtra0 0.305 (3.7 s; 902 s)
[13:06:54] [117/120] w30 AZAR s20049: persiste 0 (vivos 0, max 36) · banco con ensena 0.01 · filtra0 0.27 (2.9 s; 904 s)
[13:06:55] [118/120] w30 VIDA s20049: persiste 1 (vivos 21, max 88) · banco con ensena 0.96 · filtra0 0.985 (5.5 s; 905 s)
[13:06:56] [119/120] w30 VIDA s20050: persiste 1 (vivos 9, max 46) · banco con ensena 0.53 · filtra0 0.01 (3.8 s; 906 s)
[13:06:58] [120/120] w30 AZAR s20050: persiste 0 (vivos 0, max 51) · banco con ensena 0.545 · filtra0 0.18 (3.3 s; 907 s)
[w30] ensena fuera de sus sombras (+,-): VIDA (12, 1) · AZAR (7, 1) · filtra0: VIDA (9, 0) · AZAR (0, 3)
[w30] fraccion del banco con ensena prendido (mediana): VIDA 0.895 · AZAR 0.37; VIDA > AZAR 13/20 · con filtra0: VIDA 0.42000000000000004 · AZAR 0.2375
[w30] otros genes seleccionados en VIDA (>= 15/20): [] · persisten en T: {'VIDA': 19, 'AZAR': 8} · O1 NO · O2 NO · F NO
[w30] descriptivo: correlacion alpha-ensena en el banco de VIDA (mediana) -0.084 (n 20) · vivos en T con ensena (mediana): VIDA 1.0 · AZAR 0.125
[w90] ensena fuera de sus sombras (+,-): VIDA (13, 0) · AZAR (3, 1) · filtra0: VIDA (6, 3) · AZAR (3, 0)
[w90] fraccion del banco con ensena prendido (mediana): VIDA 0.9824999999999999 · AZAR 0.4525; VIDA > AZAR 20/20 · con filtra0: VIDA 0.595 · AZAR 0.54
[w90] otros genes seleccionados en VIDA (>= 15/20): [('alpha', (17, 0))] · persisten en T: {'VIDA': 20, 'AZAR': 15} · O1 NO · O2 SI · F NO
[w90] descriptivo: correlacion alpha-ensena en el banco de VIDA (mediana) -0.073 (n 20) · vivos en T con ensena (mediana): VIDA 1.0 · AZAR 0.0
[w270] ensena fuera de sus sombras (+,-): VIDA (17, 0) · AZAR (2, 0) · filtra0: VIDA (10, 0) · AZAR (3, 3)
[w270] fraccion del banco con ensena prendido (mediana): VIDA 0.99 · AZAR 0.3725; VIDA > AZAR 18/20 · con filtra0: VIDA 0.675 · AZAR 0.365
[w270] otros genes seleccionados en VIDA (>= 15/20): [('tau_e', (0, 16)), ('alpha', (20, 0))] · persisten en T: {'VIDA': 20, 'AZAR': 18} · O1 SI · O2 SI · F NO
[w270] descriptivo: correlacion alpha-ensena en el banco de VIDA (mediana) 0.036 (n 20) · vivos en T con ensena (mediana): VIDA 1.0 · AZAR 0.5
secundario: filtra0 seleccionado en 0 de 3 mundos (se lee junto a ensena: su beneficio solo existe si el padre ensena)
VEREDICTO ECO v2 POR LA LETRA (una serie; el del bloque exige serie + replica con el mismo veredicto): HAY ALGO MODESTO (en esta serie; O1 y O2 juntos en 1 mundo(s), alguno de los dos en 2)
[13:06:58] VEREDICTO: HAY ALGO MODESTO (en esta serie; O1 y O2 juntos en 1 mundo(s), alguno de los dos en 2)
