[13:54:56] lanza w30 T20000 ['SIN', 'ENSENA_F0', 'COMPOST', 'ENSENA_F0+COMPOST', 'ENSENA_F0+BORRA', 'FLUJO2', 'ENSENA_F0+FLUJO2'] s34001-34005: 35 corridas
[13:55:00] fin SIN s34001 rc 0 (4 s)
[13:55:00] fin FLUJO2 s34001 rc 0 (4 s)
[13:55:04] fin SIN s34002 rc 0 (8 s)
[13:55:12] fin COMPOST s34001 rc 0 (16 s)
[13:55:20] fin ENSENA_F0 s34001 rc 0 (24 s)
[13:55:20] fin ENSENA_F0+FLUJO2 s34001 rc 0 (24 s)
[13:55:24] fin ENSENA_F0 s34002 rc 0 (28 s)
[13:55:28] fin COMPOST s34002 rc 0 (32 s)
[13:55:28] fin FLUJO2 s34002 rc 0 (32 s)
[13:55:32] fin SIN s34003 rc 0 (36 s)
[13:55:50] fin ENSENA_F0+FLUJO2 s34002 rc 0 (54 s)
[13:55:52] fin ENSENA_F0 s34003 rc 0 (56 s)
[13:55:56] fin ENSENA_F0+BORRA s34001 rc 0 (60 s)
[13:56:02] fin COMPOST s34003 rc 0 (66 s)
[13:56:06] fin FLUJO2 s34003 rc 0 (70 s)
[13:56:24] fin ENSENA_F0+BORRA s34002 rc 0 (88 s)
[13:56:28] fin ENSENA_F0+FLUJO2 s34003 rc 0 (92 s)
[13:56:30] fin SIN s34004 rc 0 (94 s)
[13:56:40] fin ENSENA_F0+COMPOST s34001 rc 0 (104 s)
[13:56:46] fin COMPOST s34004 rc 0 (110 s)
[13:56:50] fin ENSENA_F0 s34004 rc 0 (114 s)
[13:56:54] fin FLUJO2 s34004 rc 0 (118 s)
[13:56:58] fin ENSENA_F0+BORRA s34003 rc 0 (122 s)
[13:57:02] fin SIN s34005 rc 0 (126 s)
[13:57:06] fin ENSENA_F0+COMPOST s34002 rc 0 (130 s)
[13:57:14] fin ENSENA_F0+FLUJO2 s34004 rc 0 (138 s)
[13:57:22] fin COMPOST s34005 rc 0 (146 s)
[13:57:28] fin ENSENA_F0 s34005 rc 0 (152 s)
[13:57:32] fin FLUJO2 s34005 rc 0 (156 s)
[13:57:38] fin ENSENA_F0+COMPOST s34003 rc 0 (162 s)
[13:57:50] fin ENSENA_F0+BORRA s34004 rc 0 (174 s)
[13:57:56] fin ENSENA_F0+FLUJO2 s34005 rc 0 (180 s)
[13:58:19] fin ENSENA_F0+COMPOST s34004 rc 0 (202 s)
[13:58:25] fin ENSENA_F0+BORRA s34005 rc 0 (208 s)
[13:58:53] fin ENSENA_F0+COMPOST s34005 rc 0 (236 s)
[13:58:53] LISTO (236 s)
