[19:28:14] EXPLORA p3: semillas 48808-48810 · brazos ['ING_SEL_C', 'ING_SEL_50', 'ING_AZA_50', 'ING_SEL_47', 'ING_SEL_25', 'ING_F1'] · T 500000 · tope 600 · shas {'motor_eco50.py': 'd85bbcda7b40fa19', 'motor_g50.py': '32f9e5dd4ddd20dd', 'nucleo_g50.py': '8e21e3bc7a6e33b0', 'corre_g50.py': '5bad120694b49258'}
[19:30:15] ING_SEL_C s48808: 120.7 s · K 100.16 · K_nac 14.737052 · fund_2a 45867 · n_nac 21807 · max_vivos 118 · bloqueados 0 · persiste 1 · aborto None
[19:32:35] ING_SEL_50 s48808: 139.6 s · K 92.47 · K_nac 2.657371 · fund_2a 32693 · n_nac 40783 · max_vivos 113 · bloqueados 0 · persiste 1 · aborto None
[19:35:08] ING_AZA_50 s48808: 152.9 s · K 94.35 · K_nac 5.179283 · fund_2a 51541 · n_nac 20097 · max_vivos 114 · bloqueados 0 · persiste 1 · aborto None
[19:37:54] ING_SEL_47 s48808: 166.1 s · K 103.23 · K_nac 19.760956 · fund_2a 36999 · n_nac 24346 · max_vivos 120 · bloqueados 0 · persiste 1 · aborto None
[19:41:39] ING_SEL_25 s48808: 224.5 s · K 102.59 · K_nac 20.23506 · fund_2a 38326 · n_nac 23562 · max_vivos 118 · bloqueados 0 · persiste 1 · aborto None
[19:45:14] ING_F1 s48808: 214.6 s · K 96.12 · K_nac 12.119522 · fund_2a 64324 · n_nac 23382 · max_vivos 107 · bloqueados 0 · persiste 1 · aborto None
[19:48:05] ING_SEL_C s48809: 170.8 s · K 100.96 · K_nac 15.836653 · fund_2a 43691 · n_nac 22584 · max_vivos 120 · bloqueados 0 · persiste 1 · aborto None
[19:51:07] ING_SEL_50 s48809: 181.9 s · K 93.98 · K_nac 4.896414 · fund_2a 37571 · n_nac 48361 · max_vivos 118 · bloqueados 0 · persiste 1 · aborto None
[19:53:55] ING_AZA_50 s48809: 168.0 s · K 92.53 · K_nac 4.139442 · fund_2a 58180 · n_nac 10438 · max_vivos 107 · bloqueados 0 · persiste 1 · aborto None
[19:56:30] ING_SEL_47 s48809: 153.9 s · K 102.3 · K_nac 19.027888 · fund_2a 35911 · n_nac 23478 · max_vivos 119 · bloqueados 0 · persiste 1 · aborto None
[19:58:45] ING_SEL_25 s48809: 135.0 s · K 103.08 · K_nac 20.557769 · fund_2a 37851 · n_nac 23324 · max_vivos 122 · bloqueados 0 · persiste 1 · aborto None
[20:01:44] ING_F1 s48809: 178.5 s · K 96.43 · K_nac 12.38247 · fund_2a 64303 · n_nac 23216 · max_vivos 110 · bloqueados 0 · persiste 1 · aborto None
[20:04:55] ING_SEL_C s48810: 191.4 s · K 101.44 · K_nac 16.7251 · fund_2a 42444 · n_nac 22717 · max_vivos 118 · bloqueados 0 · persiste 1 · aborto None
[20:08:16] ING_SEL_50 s48810: 200.9 s · K 91.39 · K_nac 1.633466 · fund_2a 33707 · n_nac 33230 · max_vivos 108 · bloqueados 0 · persiste 1 · aborto None
[20:11:48] ING_AZA_50 s48810: 211.6 s · K 93.4 · K_nac 4.788845 · fund_2a 55577 · n_nac 15207 · max_vivos 119 · bloqueados 0 · persiste 1 · aborto None
[20:15:26] ING_SEL_47 s48810: 217.8 s · K 101.73 · K_nac 18.322709 · fund_2a 37071 · n_nac 24530 · max_vivos 122 · bloqueados 0 · persiste 1 · aborto None
[20:19:43] ING_SEL_25 s48810: 255.9 s · K 102.49 · K_nac 19.904382 · fund_2a 36101 · n_nac 23258 · max_vivos 119 · bloqueados 0 · persiste 1 · aborto None
[20:24:21] ING_F1 s48810: 277.8 s · K 95.96 · K_nac 12.386454 · fund_2a 64046 · n_nac 23407 · max_vivos 108 · bloqueados 0 · persiste 1 · aborto None
[20:24:21] FIN
