s=1 pan0=1.000 0:0.199 1:0.125 2:0.120 3c:0.033 4c:0.116 5:0.027 6:0.203 6c:0.084 7:0.108 8:0.182 [7s]
s=2 pan0=1.000 0:0.212 1:0.075 2:0.069 3c:0.048 4c:0.112 5:0.029 6:0.175 6c:0.092 7:0.117 8:0.170 [13s]
s=3 pan0=1.000 0:0.174 1:0.110 2:0.111 3c:0.031 4c:0.091 5:0.026 6:0.160 6c:0.118 7:0.114 8:0.187 [19s]
s=4 pan0=1.000 0:0.203 1:0.066 2:0.064 3c:0.040 4c:0.119 5:0.019 6:0.171 6c:0.073 7:0.114 8:0.159 [26s]
s=5 pan0=1.000 0:0.195 1:0.061 2:0.060 3c:0.022 4c:0.135 5:0.032 6:0.181 6c:0.123 7:0.137 8:0.175 [32s]
s=6 pan0=1.000 0:0.203 1:0.070 2:0.068 3c:0.037 4c:0.120 5:0.015 6:0.163 6c:0.071 7:0.122 8:0.168 [39s]
s=7 pan0=1.000 0:0.180 1:0.112 2:0.111 3c:0.023 4c:0.113 5:0.027 6:0.173 6c:0.066 7:0.106 8:0.176 [45s]
s=8 pan0=1.000 0:0.204 1:0.062 2:0.059 3c:0.032 4c:0.101 5:0.034 6:0.180 6c:0.067 7:0.148 8:0.178 [52s]
s=9 pan0=1.000 0:0.179 1:0.065 2:0.056 3c:0.025 4c:0.101 5:0.029 6:0.101 6c:0.069 7:0.118 8:0.156 [59s]
s=10 pan0=1.000 0:0.202 1:0.063 2:0.062 3c:0.030 4c:0.134 5:0.023 6:0.183 6c:0.069 7:0.163 8:0.191 [65s]

## N=8 T=3000 sitio cada 300 reglas 900,1800,2700 C=32 pan=onehot (n=10; paso 0 del pan: 1.000 [1.000–1.000])
| brazo | comida/paso | tasa tras sitio | 1a comida tras sitio | 3a tras sitio | tasa tras regla | 1a tras regla | 3a tras regla | ops/decision | memoria | modelo vs mundo actual | modelo en lo que nunca cambió | pan solo vs original |
|---|---|---|---|---|---|---|---|---|---|---|---|---|
| 0 oraculo | 0.201 [0.174–0.212] | 0.199 [0.168–0.213] | 3 [0–10] (60/60) | 13 [6–24] (60/60) | 0.196 [0.159–0.211] | 2 [0–6] (30/30) | 12 [2–24] (30/30) | 1465 | 0 [0–0] | 1.00 [1.00–1.00] | 1.00 [1.00–1.00] | 1.00 [1.00–1.00] |
| 1 regla_mano | 0.068 [0.061–0.125] | 0.073 [0.063–0.131] | 4 [0–266] (41/60) | 12 [6–296] (32/60) | 0.011 [0.000–0.088] | 7 [0–214] (16/30) | 28 [11–157] (8/30) | 4 | 0 [0–0] | nunca | nunca | nunca |
| 2 plan_pan | 0.066 [0.056–0.120] | 0.072 [0.059–0.136] | 3 [0–9] (29/60) | 11 [6–21] (28/60) | 0.001 [0.000–0.074] | 3 [0–9] (7/30) | 13 [9–18] (4/30) | 2901 | 0 [0–0] | 0.50 [0.01–0.51] | 1.00 [1.00–1.00] | 1.00 [1.00–1.00] |
| 3c q_rapido | 0.032 [0.022–0.048] | 0.039 [0.023–0.078] | 24 [0–237] (58/60) | 85 [16–267] (49/60) | 0.021 [0.003–0.047] | 66 [0–291] (26/30) | 171 [19–299] (24/30) | 12 | 900 [900–900] | nunca | nunca | nunca |
| 4c plan_pan_grad_bufer_lr3 | 0.114 [0.091–0.135] | 0.142 [0.117–0.173] | 5 [0–62] (58/60) | 20 [9–210] (58/60) | 0.022 [0.010–0.079] | 49 [0–272] (23/30) | 127 [38–268] (18/30) | 5949185 | 8576 [8576–8576] | 0.62 [0.50–0.73] | 0.84 [0.52–1.00] | 0.41 [0.14–0.71] |
| 5 bloque_solo | 0.027 [0.015–0.034] | 0.030 [0.021–0.043] | 31 [0–249] (54/60) | 100 [10–296] (42/60) | 0.009 [0.003–0.024] | 83 [0–296] (24/30) | 146 [20–264] (11/30) | 56 | 40 [28–52] | nunca | nunca | nunca |
| 6 plan_pan_cel | 0.174 [0.101–0.203] | 0.178 [0.107–0.207] | 4 [0–224] (57/60) | 13 [6–238] (56/60) | 0.162 [0.058–0.201] | 6 [2–70] (27/30) | 18 [9–89] (27/30) | 3399 | 10 [6–15] | 0.89 [0.31–1.00] | 1.00 [0.79–1.00] | 1.00 [1.00–1.00] |
| 6c plan_pan_cel_costo | 0.072 [0.066–0.123] | 0.079 [0.065–0.131] | 7 [0–279] (54/60) | 19 [6–297] (48/60) | 0.018 [0.002–0.118] | 67 [2–295] (26/30) | 60 [13–254] (17/30) | 18216 | 27 [5–32] | 0.33 [0.10–0.56] | 1.00 [1.00–1.00] | 1.00 [1.00–1.00] |
| 7 plan_pan_cel_baraj | 0.117 [0.106–0.163] | 0.125 [0.112–0.173] | 4 [0–204] (53/60) | 15 [6–212] (51/60) | 0.077 [0.059–0.134] | 11 [2–35] (24/30) | 29 [12–187] (23/30) | 28076 | 32 [19–32] | 0.55 [0.04–0.96] | 1.00 [0.97–1.00] | 1.00 [1.00–1.00] |
| 8 sueno | 0.175 [0.156–0.191] | 0.176 [0.147–0.191] | 4 [0–133] (59/60) | 14 [6–142] (59/60) | 0.168 [0.132–0.190] | 12 [1–29] (30/30) | 23 [14–55] (30/30) | 112731 | 2 [0–6] | 0.51 [0.28–0.76] | 0.87 [0.00–1.00] | 0.78 [0.70–0.90] |
CPU 65s
