[14:12:31] F1 FRIO frio_serie_s35001-35020 · T 1000000 · brazos {'RES0_FRIO': ('MUT0', 'FAMB_RES0_ECO', 1), 'RES0_10k': ('MUT0', 'FAMB_RES0_ECO', 10000), 'RES0_60k': ('MUT0', 'FAMB_RES0_ECO', 60000), 'BAR0_FRIO': ('MUT0', 'BAR0_ECO', 1), 'FAB_FRIO': ('MUT0', 'FABRICA_ECO', 1)} · pool 6 · motor GEMELO motor_frio_rapido · shas {'corre_frio.py': '3ba8b0f5cf1fbbfa', 'construye_frio.py': '5dec635e6ffe55d4', 'motor_frio_rapido.py': 'ff9d890a5cce9dec', 'carros/BAR0_ECO.py': 'a4b899611bd71197', 'PREREGISTRO_frio.md': '43129620e9e22479', 'juaco_eco/corre_eco_v12.py': '1340d268e1fd93d8', 'juaco_eco/corre_eco.py': '47d9cee4d6462116', 'juaco_eco/motor_eco.py': 'bca3033878b59622', 'juaco_eco/motor_eco_rapido_fam.py': 'd1f16769a53bb51c', 'juaco_eco/carros/FAMB_RES0_ECO.py': '94ea78589bc2ce24', 'juaco_eco/carros/FABRICA_ECO.py': 'f1163009cb5193a2'}
[14:13:28] [1/100] RES0_60k s35003: persiste 1 (vivos 24) · t_ext None · refundados 20757 · r0_nac 0.9752 · max_vivos 239 · aborto None (54.6 s; 57 s)
[14:13:28] [2/100] RES0_60k s35006: persiste 1 (vivos 24) · t_ext None · refundados 21242 · r0_nac 0.9782 · max_vivos 256 · aborto None (55.3 s; 58 s)
[14:13:29] [3/100] RES0_60k s35005: persiste 1 (vivos 37) · t_ext None · refundados 20949 · r0_nac 0.9782 · max_vivos 244 · aborto None (55.5 s; 58 s)
[14:13:29] [4/100] RES0_60k s35004: persiste 1 (vivos 26) · t_ext None · refundados 21120 · r0_nac 0.9734 · max_vivos 234 · aborto None (55.8 s; 58 s)
[14:13:29] [5/100] RES0_60k s35002: persiste 1 (vivos 24) · t_ext None · refundados 21107 · r0_nac 0.9775 · max_vivos 241 · aborto None (56.1 s; 58 s)
[14:13:29] [6/100] RES0_60k s35001: persiste 1 (vivos 32) · t_ext None · refundados 20693 · r0_nac 0.977 · max_vivos 244 · aborto None (56.4 s; 58 s)
[14:14:19] [7/100] RES0_60k s35007: persiste 1 (vivos 26) · t_ext None · refundados 20999 · r0_nac 0.977 · max_vivos 247 · aborto None (50.8 s; 108 s)
[14:14:20] [8/100] RES0_60k s35008: persiste 1 (vivos 26) · t_ext None · refundados 20973 · r0_nac 0.9748 · max_vivos 238 · aborto None (51.1 s; 109 s)
[14:14:20] [9/100] RES0_60k s35009: persiste 1 (vivos 34) · t_ext None · refundados 20620 · r0_nac 0.977 · max_vivos 237 · aborto None (51.2 s; 109 s)
[14:14:21] [10/100] RES0_60k s35010: persiste 1 (vivos 35) · t_ext None · refundados 20964 · r0_nac 0.975 · max_vivos 243 · aborto None (52.1 s; 110 s)
[14:14:21] [11/100] RES0_60k s35011: persiste 1 (vivos 29) · t_ext None · refundados 20827 · r0_nac 0.9788 · max_vivos 246 · aborto None (52.0 s; 110 s)
[14:14:21] [12/100] RES0_60k s35012: persiste 1 (vivos 29) · t_ext None · refundados 21325 · r0_nac 0.9764 · max_vivos 240 · aborto None (52.1 s; 111 s)
[14:15:10] [13/100] RES0_60k s35013: persiste 1 (vivos 36) · t_ext None · refundados 20911 · r0_nac 0.9768 · max_vivos 242 · aborto None (51.2 s; 159 s)
[14:15:11] [14/100] RES0_60k s35015: persiste 1 (vivos 35) · t_ext None · refundados 21090 · r0_nac 0.9787 · max_vivos 249 · aborto None (51.3 s; 160 s)
[14:15:11] [15/100] RES0_60k s35016: persiste 1 (vivos 45) · t_ext None · refundados 20747 · r0_nac 0.9747 · max_vivos 241 · aborto None (50.4 s; 160 s)
[14:15:12] [16/100] RES0_60k s35014: persiste 1 (vivos 35) · t_ext None · refundados 20806 · r0_nac 0.9772 · max_vivos 246 · aborto None (52.0 s; 161 s)
[14:15:12] [17/100] RES0_60k s35018: persiste 1 (vivos 37) · t_ext None · refundados 20807 · r0_nac 0.9768 · max_vivos 239 · aborto None (50.2 s; 161 s)
[14:15:13] [18/100] RES0_60k s35017: persiste 1 (vivos 32) · t_ext None · refundados 20724 · r0_nac 0.9763 · max_vivos 242 · aborto None (51.5 s; 162 s)
[14:15:46] [19/100] RES0_10k s35001: persiste 1 (vivos 32) · t_ext None · refundados 2968 · r0_nac 0.9956 · max_vivos 223 · aborto None (35.0 s; 195 s)
[14:15:47] [20/100] RES0_10k s35003: persiste 1 (vivos 36) · t_ext None · refundados 3001 · r0_nac 0.9959 · max_vivos 212 · aborto None (35.0 s; 196 s)
[14:15:47] [21/100] RES0_10k s35002: persiste 1 (vivos 27) · t_ext None · refundados 3040 · r0_nac 0.9957 · max_vivos 219 · aborto None (35.3 s; 196 s)
[14:15:47] [22/100] RES0_10k s35004: persiste 1 (vivos 30) · t_ext None · refundados 3171 · r0_nac 0.9956 · max_vivos 221 · aborto None (34.7 s; 196 s)
[14:15:55] [23/100] RES0_60k s35019: persiste 1 (vivos 23) · t_ext None · refundados 20630 · r0_nac 0.9778 · max_vivos 242 · aborto None (45.2 s; 204 s)
[14:15:57] [24/100] RES0_60k s35020: persiste 1 (vivos 27) · t_ext None · refundados 20962 · r0_nac 0.9756 · max_vivos 246 · aborto None (45.4 s; 206 s)
[14:16:24] [25/100] RES0_10k s35006: persiste 1 (vivos 27) · t_ext None · refundados 3074 · r0_nac 0.9963 · max_vivos 212 · aborto None (37.3 s; 233 s)
[14:16:24] [26/100] RES0_10k s35005: persiste 1 (vivos 27) · t_ext None · refundados 3155 · r0_nac 0.9959 · max_vivos 238 · aborto None (37.8 s; 233 s)
[14:16:25] [27/100] RES0_10k s35008: persiste 1 (vivos 35) · t_ext None · refundados 3071 · r0_nac 0.9955 · max_vivos 220 · aborto None (37.4 s; 234 s)
[14:16:25] [28/100] RES0_10k s35007: persiste 1 (vivos 28) · t_ext None · refundados 3032 · r0_nac 0.9962 · max_vivos 224 · aborto None (37.9 s; 234 s)
[14:16:37] [29/100] RES0_10k s35009: persiste 1 (vivos 32) · t_ext None · refundados 3088 · r0_nac 0.9965 · max_vivos 224 · aborto None (42.1 s; 246 s)
[14:16:39] [30/100] RES0_10k s35010: persiste 1 (vivos 39) · t_ext None · refundados 3059 · r0_nac 0.9954 · max_vivos 220 · aborto None (42.0 s; 248 s)
[14:17:08] [31/100] RES0_10k s35012: persiste 1 (vivos 31) · t_ext None · refundados 3137 · r0_nac 0.9955 · max_vivos 227 · aborto None (43.2 s; 277 s)
[14:17:08] [32/100] RES0_10k s35014: persiste 1 (vivos 37) · t_ext None · refundados 2998 · r0_nac 0.996 · max_vivos 228 · aborto None (42.7 s; 277 s)
[14:17:08] [33/100] RES0_10k s35011: persiste 1 (vivos 30) · t_ext None · refundados 3064 · r0_nac 0.9958 · max_vivos 232 · aborto None (43.7 s; 277 s)
[14:17:08] [34/100] RES0_10k s35013: persiste 1 (vivos 25) · t_ext None · refundados 2965 · r0_nac 0.9964 · max_vivos 223 · aborto None (43.1 s; 277 s)
[14:17:21] [35/100] RES0_10k s35015: persiste 1 (vivos 34) · t_ext None · refundados 3052 · r0_nac 0.9963 · max_vivos 231 · aborto None (43.6 s; 290 s)
[14:17:22] [36/100] RES0_10k s35016: persiste 1 (vivos 29) · t_ext None · refundados 3068 · r0_nac 0.9951 · max_vivos 230 · aborto None (42.9 s; 291 s)
[14:17:51] [37/100] RES0_10k s35017: persiste 1 (vivos 26) · t_ext None · refundados 3024 · r0_nac 0.9953 · max_vivos 219 · aborto None (43.1 s; 320 s)
[14:17:51] [38/100] RES0_10k s35018: persiste 1 (vivos 28) · t_ext None · refundados 3067 · r0_nac 0.9967 · max_vivos 223 · aborto None (43.3 s; 320 s)
[14:17:51] [39/100] RES0_10k s35019: persiste 1 (vivos 35) · t_ext None · refundados 3076 · r0_nac 0.9958 · max_vivos 209 · aborto None (43.3 s; 320 s)
[14:17:51] [40/100] RES0_10k s35020: persiste 1 (vivos 34) · t_ext None · refundados 3149 · r0_nac 0.9952 · max_vivos 229 · aborto None (43.1 s; 320 s)
[14:18:00] [41/100] RES0_FRIO s35001: persiste 1 (vivos 28) · t_ext None · refundados 0 · r0_nac 1.0001 · max_vivos 90 · aborto None (39.3 s; 329 s)
[14:18:01] [42/100] RES0_FRIO s35002: persiste 1 (vivos 26) · t_ext None · refundados 0 · r0_nac 0.9993 · max_vivos 90 · aborto None (39.0 s; 330 s)
[14:18:29] [43/100] RES0_FRIO s35004: persiste 1 (vivos 26) · t_ext None · refundados 0 · r0_nac 1.0003 · max_vivos 90 · aborto None (38.3 s; 358 s)
[14:18:30] [44/100] RES0_FRIO s35005: persiste 1 (vivos 32) · t_ext None · refundados 0 · r0_nac 0.9999 · max_vivos 90 · aborto None (38.8 s; 359 s)
[14:18:30] [45/100] RES0_FRIO s35003: persiste 1 (vivos 33) · t_ext None · refundados 0 · r0_nac 1.0002 · max_vivos 90 · aborto None (39.3 s; 359 s)
[14:18:30] [46/100] RES0_FRIO s35006: persiste 1 (vivos 35) · t_ext None · refundados 0 · r0_nac 1.0003 · max_vivos 90 · aborto None (39.1 s; 359 s)
[14:18:39] [47/100] RES0_FRIO s35007: persiste 1 (vivos 37) · t_ext None · refundados 0 · r0_nac 0.9996 · max_vivos 90 · aborto None (38.5 s; 368 s)
[14:18:40] [48/100] RES0_FRIO s35008: persiste 1 (vivos 35) · t_ext None · refundados 0 · r0_nac 1.0002 · max_vivos 90 · aborto None (39.1 s; 369 s)
[14:19:06] [49/100] RES0_FRIO s35011: persiste 1 (vivos 33) · t_ext None · refundados 0 · r0_nac 0.999 · max_vivos 90 · aborto None (35.8 s; 395 s)
[14:19:06] [50/100] RES0_FRIO s35009: persiste 1 (vivos 30) · t_ext None · refundados 0 · r0_nac 1.0 · max_vivos 90 · aborto None (36.5 s; 395 s)
[14:19:06] [51/100] RES0_FRIO s35012: persiste 1 (vivos 30) · t_ext None · refundados 0 · r0_nac 0.9996 · max_vivos 90 · aborto None (36.0 s; 395 s)
[14:19:07] [52/100] RES0_FRIO s35010: persiste 1 (vivos 26) · t_ext None · refundados 0 · r0_nac 1.0007 · max_vivos 90 · aborto None (36.8 s; 396 s)
[14:19:14] [53/100] RES0_FRIO s35013: persiste 1 (vivos 28) · t_ext None · refundados 0 · r0_nac 1.0002 · max_vivos 90 · aborto None (34.9 s; 403 s)
[14:19:15] [54/100] RES0_FRIO s35014: persiste 1 (vivos 30) · t_ext None · refundados 0 · r0_nac 1.0001 · max_vivos 90 · aborto None (34.7 s; 404 s)
[14:19:41] [55/100] RES0_FRIO s35015: persiste 1 (vivos 31) · t_ext None · refundados 0 · r0_nac 1.0005 · max_vivos 90 · aborto None (34.8 s; 430 s)
[14:19:41] [56/100] BAR0_FRIO s35001: persiste 0 (vivos 0) · t_ext 8075 · refundados 0 · r0_nac None · max_vivos 90 · aborto None (0.2 s; 430 s)
[14:19:41] [57/100] RES0_FRIO s35017: persiste 1 (vivos 31) · t_ext None · refundados 0 · r0_nac 0.9991 · max_vivos 90 · aborto None (34.6 s; 430 s)
[14:19:41] [58/100] RES0_FRIO s35016: persiste 1 (vivos 32) · t_ext None · refundados 0 · r0_nac 1.0002 · max_vivos 90 · aborto None (35.2 s; 430 s)
[14:19:41] [59/100] BAR0_FRIO s35004: persiste 0 (vivos 0) · t_ext 8303 · refundados 0 · r0_nac None · max_vivos 90 · aborto None (0.2 s; 430 s)
[14:19:42] [60/100] RES0_FRIO s35018: persiste 1 (vivos 39) · t_ext None · refundados 0 · r0_nac 0.9999 · max_vivos 90 · aborto None (35.0 s; 431 s)
[14:19:43] [61/100] BAR0_FRIO s35006: persiste 0 (vivos 0) · t_ext 75588 · refundados 0 · r0_nac 0.942 · max_vivos 90 · aborto None (1.0 s; 432 s)
[14:19:43] [62/100] BAR0_FRIO s35007: persiste 0 (vivos 0) · t_ext 6132 · refundados 0 · r0_nac None · max_vivos 90 · aborto None (0.2 s; 432 s)
[14:19:43] [63/100] BAR0_FRIO s35008: persiste 0 (vivos 0) · t_ext 4845 · refundados 0 · r0_nac None · max_vivos 90 · aborto None (0.1 s; 432 s)
[14:19:45] [64/100] BAR0_FRIO s35009: persiste 0 (vivos 0) · t_ext 131032 · refundados 0 · r0_nac 0.9625 · max_vivos 90 · aborto None (1.6 s; 434 s)
[14:19:45] [65/100] BAR0_FRIO s35010: persiste 0 (vivos 0) · t_ext 62127 · refundados 0 · r0_nac 0.8831 · max_vivos 90 · aborto None (0.5 s; 434 s)
[14:19:45] [66/100] BAR0_FRIO s35005: persiste 0 (vivos 0) · t_ext 309859 · refundados 0 · r0_nac 0.9793 · max_vivos 90 · aborto None (4.0 s; 434 s)
[14:19:46] [67/100] BAR0_FRIO s35003: persiste 0 (vivos 0) · t_ext 414990 · refundados 0 · r0_nac 0.9986 · max_vivos 90 · aborto None (4.8 s; 435 s)
[14:19:47] [68/100] BAR0_FRIO s35012: persiste 0 (vivos 0) · t_ext 129422 · refundados 0 · r0_nac 0.9835 · max_vivos 90 · aborto None (1.3 s; 436 s)
[14:19:47] [69/100] BAR0_FRIO s35011: persiste 0 (vivos 0) · t_ext 159325 · refundados 0 · r0_nac 0.9922 · max_vivos 90 · aborto None (1.5 s; 436 s)
[14:19:48] [70/100] BAR0_FRIO s35013: persiste 0 (vivos 0) · t_ext 167607 · refundados 0 · r0_nac 0.9948 · max_vivos 90 · aborto None (2.4 s; 437 s)
[14:19:49] [71/100] RES0_FRIO s35019: persiste 1 (vivos 27) · t_ext None · refundados 0 · r0_nac 1.0001 · max_vivos 90 · aborto None (34.8 s; 438 s)
[14:19:49] [72/100] RES0_FRIO s35020: persiste 1 (vivos 30) · t_ext None · refundados 0 · r0_nac 1.0002 · max_vivos 90 · aborto None (34.2 s; 438 s)
[14:19:49] [73/100] BAR0_FRIO s35018: persiste 0 (vivos 0) · t_ext 5408 · refundados 0 · r0_nac None · max_vivos 90 · aborto None (0.3 s; 438 s)
[14:19:49] [74/100] BAR0_FRIO s35019: persiste 0 (vivos 0) · t_ext 3792 · refundados 0 · r0_nac None · max_vivos 90 · aborto None (0.1 s; 438 s)
[14:19:50] [75/100] BAR0_FRIO s35016: persiste 0 (vivos 0) · t_ext 112782 · refundados 0 · r0_nac 0.9144 · max_vivos 90 · aborto None (1.3 s; 439 s)
[14:19:50] [76/100] FAB_FRIO s35001: persiste 0 (vivos 0) · t_ext 6100 · refundados 0 · r0_nac None · max_vivos 90 · aborto None (0.2 s; 439 s)
[14:19:50] [77/100] FAB_FRIO s35002: persiste 0 (vivos 0) · t_ext 3906 · refundados 0 · r0_nac None · max_vivos 90 · aborto None (0.1 s; 439 s)
[14:19:50] [78/100] FAB_FRIO s35003: persiste 0 (vivos 0) · t_ext 6159 · refundados 0 · r0_nac None · max_vivos 90 · aborto None (0.1 s; 439 s)
[14:19:50] [79/100] FAB_FRIO s35004: persiste 0 (vivos 0) · t_ext 8774 · refundados 0 · r0_nac None · max_vivos 90 · aborto None (0.2 s; 439 s)
[14:19:50] [80/100] FAB_FRIO s35005: persiste 0 (vivos 0) · t_ext 3930 · refundados 0 · r0_nac None · max_vivos 90 · aborto None (0.1 s; 439 s)
[14:19:51] [81/100] FAB_FRIO s35006: persiste 0 (vivos 0) · t_ext 28808 · refundados 0 · r0_nac 0.25 · max_vivos 90 · aborto None (0.3 s; 440 s)
[14:19:51] [82/100] FAB_FRIO s35007: persiste 0 (vivos 0) · t_ext 7850 · refundados 0 · r0_nac None · max_vivos 90 · aborto None (0.1 s; 440 s)
[14:19:51] [83/100] FAB_FRIO s35008: persiste 0 (vivos 0) · t_ext 7194 · refundados 0 · r0_nac None · max_vivos 90 · aborto None (0.1 s; 440 s)
[14:19:51] [84/100] FAB_FRIO s35009: persiste 0 (vivos 0) · t_ext 5969 · refundados 0 · r0_nac None · max_vivos 90 · aborto None (0.1 s; 440 s)
[14:19:51] [85/100] FAB_FRIO s35010: persiste 0 (vivos 0) · t_ext 9233 · refundados 0 · r0_nac None · max_vivos 90 · aborto None (0.1 s; 440 s)
[14:19:51] [86/100] FAB_FRIO s35011: persiste 0 (vivos 0) · t_ext 4347 · refundados 0 · r0_nac None · max_vivos 90 · aborto None (0.1 s; 440 s)
[14:19:51] [87/100] FAB_FRIO s35012: persiste 0 (vivos 0) · t_ext 5183 · refundados 0 · r0_nac None · max_vivos 90 · aborto None (0.1 s; 441 s)
[14:19:52] [88/100] FAB_FRIO s35013: persiste 0 (vivos 0) · t_ext 3487 · refundados 0 · r0_nac None · max_vivos 90 · aborto None (0.1 s; 441 s)
[14:19:52] [89/100] BAR0_FRIO s35015: persiste 0 (vivos 0) · t_ext 374972 · refundados 0 · r0_nac 0.9866 · max_vivos 90 · aborto None (4.8 s; 441 s)
[14:19:52] [90/100] FAB_FRIO s35015: persiste 0 (vivos 0) · t_ext 4681 · refundados 0 · r0_nac None · max_vivos 90 · aborto None (0.1 s; 441 s)
[14:19:52] [91/100] FAB_FRIO s35014: persiste 0 (vivos 0) · t_ext 19721 · refundados 0 · r0_nac 0.0 · max_vivos 90 · aborto None (0.1 s; 441 s)
[14:19:52] [92/100] FAB_FRIO s35016: persiste 0 (vivos 0) · t_ext 3664 · refundados 0 · r0_nac None · max_vivos 90 · aborto None (0.1 s; 441 s)
[14:19:52] [93/100] FAB_FRIO s35017: persiste 0 (vivos 0) · t_ext 7220 · refundados 0 · r0_nac None · max_vivos 90 · aborto None (0.1 s; 441 s)
[14:19:52] [94/100] FAB_FRIO s35018: persiste 0 (vivos 0) · t_ext 4105 · refundados 0 · r0_nac None · max_vivos 90 · aborto None (0.1 s; 441 s)
[14:19:52] [95/100] FAB_FRIO s35019: persiste 0 (vivos 0) · t_ext 6546 · refundados 0 · r0_nac None · max_vivos 90 · aborto None (0.2 s; 441 s)
[14:19:52] [96/100] FAB_FRIO s35020: persiste 0 (vivos 0) · t_ext 9324 · refundados 0 · r0_nac None · max_vivos 90 · aborto None (0.2 s; 441 s)
[14:19:52] [97/100] BAR0_FRIO s35014: persiste 0 (vivos 0) · t_ext 415706 · refundados 0 · r0_nac 0.9975 · max_vivos 90 · aborto None (5.7 s; 441 s)
[14:19:53] [98/100] BAR0_FRIO s35020: persiste 0 (vivos 0) · t_ext 333432 · refundados 0 · r0_nac 0.9879 · max_vivos 90 · aborto None (3.6 s; 442 s)
[14:19:54] [99/100] BAR0_FRIO s35002: persiste 1 (vivos 8) · t_ext None · refundados 0 · r0_nac 1.0004 · max_vivos 90 · aborto None (12.8 s; 443 s)
[14:19:54] [100/100] BAR0_FRIO s35017: persiste 0 (vivos 0) · t_ext 481424 · refundados 0 · r0_nac 0.9952 · max_vivos 90 · aborto None (5.3 s; 443 s)
semillas por brazo: {'RES0_FRIO': 20, 'RES0_10k': 20, 'RES0_60k': 20, 'BAR0_FRIO': 20, 'FAB_FRIO': 20}; persiste en T = 1000000: {'RES0_FRIO': 20, 'RES0_10k': 20, 'RES0_60k': 20, 'BAR0_FRIO': 1, 'FAB_FRIO': 0}; guardia ERR-60 disparada (cuenta como persiste): {'RES0_FRIO': 0, 'RES0_10k': 0, 'RES0_60k': 0, 'BAR0_FRIO': 0, 'FAB_FRIO': 0}
abortos que no son la guardia: []; t_corte distinto del brazo: []; bloqueados: 0
R0 de NACIDOS (fund = 0) en [10000, T - 20000], mediana sobre las semillas (cohorte vacia = 0): {'RES0_FRIO': 1.0001, 'RES0_10k': 0.9958, 'RES0_60k': 0.9769, 'BAR0_FRIO': 0.9709, 'FAB_FRIO': 0.0}
descriptivo: cuerpos vivos en T en los que persisten (mediana) {'RES0_FRIO': 30.5, 'RES0_10k': 30.5, 'RES0_60k': 30.5, 'BAR0_FRIO': 8.0, 'FAB_FRIO': None}; t_ext (mediana de los que se extinguen) {'RES0_FRIO': None, 'RES0_10k': None, 'RES0_60k': None, 'BAR0_FRIO': 129422.0, 'FAB_FRIO': 6129.5}
descriptivo, DOSIS de vivero (RES0): t_corte 1 -> 20/20 · 10 000 -> 20/20 · 60 000 -> 20/20
V1 ancla RES0_60k >= 17/20: SE CUMPLE (20) · V2 frio limpio (0 refundados, 0 fundadores repuestos en los 3 brazos FRIO): SE CUMPLE []
P1 RES0_FRIO >= 15/20: SE CUMPLE (20) · P2 mediana R0 nacidos >= 0.90: SE CUMPLE (1.0001) · P3 FAB_FRIO <= 2/20: SE CUMPLE (0) · P4 BAR0_FRIO <= 5/20: SE CUMPLE (1) · M (MODESTO): RES0_FRIO >= 8, RES0 - BAR0 >= 6 (19), RES0 - FAB >= 6 (20): SE CUMPLE
VEREDICTO F1 POR LA LETRA (una serie; el del bloque exige serie + replica con el mismo veredicto): FUNCIONA: EL LINAJE ARRANCA EN FRIO CON LA TABLA DE LA FAMILIA (en esta serie)
[14:19:55] VEREDICTO: FUNCIONA: EL LINAJE ARRANCA EN FRIO CON LA TABLA DE LA FAMILIA (en esta serie)
