EXAMEN 2026-10-06 05:58:24 - semillas (275001, 275002, 275003, 275004, 275005) - T 100000 - fundador no limpio - corre_examen.py 29d0a1a086fd22a1
  MEJOR_B: examen/programas/MEJOR_B.py sha 2520d1d74549 - filtro: PASA
  HUMO: examen/programas/HUMO.py sha 69fcfcb2473f - filtro: PASA
  RAIZ: raiz/programa_inicial.py sha 50b2fc3241da - filtro: PASA
  [   207s] MEJOR_B s275001 persisten 0/9 cruzan 0/9 R0 med 0.0000 vida med  6440.0 fund>10k   51 muertes   71 (vol 0) sin nada bueno 0.047 mord malas  8745 base 0.000 (206.9 s)
  [   230s] O1     s275001 persisten 3/9 cruzan 3/9 R0 med 0.9259 vida med  2613.0 fund>10k   10 muertes  238 (vol 0) sin nada bueno 0.046 mord malas  3487 base 0.393 (229.7 s)
  [   276s] HUMO   s275001 persisten 7/9 cruzan 6/9 R0 med 0.9394 vida med  2049.0 fund>10k    3 muertes  257 (vol 0) sin nada bueno 0.245 mord malas  8870 base 0.749 (275.0 s)
  [   422s] RAIZ   s275001 persisten 0/9 cruzan 0/9 R0 med 0.1558 vida med   600.0 fund>10k  490 muertes  654 (vol 0) sin nada bueno 0.638 mord malas    18 base 0.016 (214.7 s)
  [   458s] MEJOR_B s275002 persisten 0/9 cruzan 0/9 R0 med 0.0000 vida med 13149.5 fund>10k   48 muertes   54 (vol 0) sin nada bueno 0.039 mord malas  8639 base 0.000 (227.5 s)
  [   560s] HUMO   s275002 persisten 9/9 cruzan 9/9 R0 med 0.9375 vida med  2683.5 fund>10k    0 muertes  239 (vol 0) sin nada bueno 0.251 mord malas  9089 base 0.994 (283.9 s)
  [   670s] RAIZ   s275002 persisten 0/9 cruzan 0/9 R0 med 0.2059 vida med   600.0 fund>10k  401 muertes  591 (vol 0) sin nada bueno 0.605 mord malas    18 base 0.021 (212.1 s)
  [   670s] O1     s275002 persisten 9/9 cruzan 7/9 R0 med 0.9474 vida med  3068.0 fund>10k    0 muertes  196 (vol 0) sin nada bueno 0.045 mord malas  3473 base 0.906 (247.8 s)
  [   788s] MEJOR_B s275003 persisten 0/9 cruzan 0/9 R0 med 0.0714 vida med  2170.0 fund>10k   76 muertes  105 (vol 0) sin nada bueno 0.063 mord malas  8397 base 0.007 (228.0 s)
  [   886s] O1     s275003 persisten 3/9 cruzan 1/9 R0 med 0.8621 vida med  2375.0 fund>10k   14 muertes  228 (vol 0) sin nada bueno 0.054 mord malas  3634 base 0.297 (215.7 s)
  [   931s] HUMO   s275003 persisten 8/9 cruzan 7/9 R0 med 0.9429 vida med  2257.0 fund>10k    1 muertes  274 (vol 0) sin nada bueno 0.248 mord malas  8890 base 0.850 (260.3 s)
  [   974s] RAIZ   s275003 persisten 0/9 cruzan 0/9 R0 med 0.1622 vida med   600.0 fund>10k  491 muertes  638 (vol 0) sin nada bueno 0.634 mord malas    18 base 0.016 (185.1 s)
  [  1088s] MEJOR_B s275004 persisten 0/9 cruzan 0/9 R0 med 0.0000 vida med 12029.0 fund>10k   29 muertes   37 (vol 0) sin nada bueno 0.024 mord malas  9403 base 0.000 (202.0 s)
  [  1179s] HUMO   s275004 persisten 9/9 cruzan 8/9 R0 med 0.9524 vida med  2558.0 fund>10k    0 muertes  226 (vol 0) sin nada bueno 0.228 mord malas  9393 base 0.951 (248.3 s)
  [  1185s] O1     s275004 persisten 7/9 cruzan 6/9 R0 med 0.9474 vida med  3358.5 fund>10k    4 muertes  202 (vol 0) sin nada bueno 0.044 mord malas  3382 base 0.750 (211.7 s)
  [  1276s] RAIZ   s275004 persisten 0/9 cruzan 0/9 R0 med 0.2286 vida med   600.0 fund>10k  379 muertes  558 (vol 0) sin nada bueno 0.600 mord malas    18 base 0.023 (187.3 s)
  [  1386s] MEJOR_B s275005 persisten 0/9 cruzan 0/9 R0 med 0.0000 vida med  6746.0 fund>10k   69 muertes   81 (vol 0) sin nada bueno 0.049 mord malas  8955 base 0.000 (206.1 s)
  [  1449s] HUMO   s275005 persisten 8/9 cruzan 7/9 R0 med 0.9615 vida med  2417.0 fund>10k    5 muertes  253 (vol 0) sin nada bueno 0.254 mord malas  8867 base 0.852 (263.3 s)
  [  1491s] O1     s275005 persisten 9/9 cruzan 9/9 R0 med 0.9545 vida med  3525.5 fund>10k    0 muertes  194 (vol 0) sin nada bueno 0.043 mord malas  3319 base 0.995 (215.2 s)
  [  1572s] RAIZ   s275005 persisten 0/9 cruzan 0/9 R0 med 0.2985 vida med   600.0 fund>10k  342 muertes  562 (vol 0) sin nada bueno 0.586 mord malas    18 base 0.030 (186.1 s)
total 1572 s - 20/20 corridas
