[10:40:02] ECO v1.1 v11_serie_s19421-19440 · T 1000000 · corte 60000 · lectura 120000 · juez 20 semillas T_b 20000 · pool 3 · shas {'corre_eco_v11.py': '5655c93419511162', 'corre_eco.py': '47d9cee4d6462116', 'corre_eco_rapido.py': '07bf5be9dc5d634a', 'motor_eco.py': 'bca3033878b59622', 'motor_eco_rapido.py': 'edb8a15090b0f0dd', 'carros/FABRICA_ECO.py': 'f1163009cb5193a2', 'PREREGISTRO_eco_v11.md': 'c629ebfb4a952dbb'}
[10:40:12] [1/80] AZAR s19421: persiste_lect 1 · persiste_T 0 · t_ext 135199 · vivos_T 0 (8.6 s; 10 s)
[10:40:13] [2/80] CEREBRO s19421: persiste_lect 1 · persiste_T 0 · t_ext 143445 · vivos_T 0 (10.2 s; 11 s)
[10:40:14] [3/80] VIDA s19421: persiste_lect 1 · persiste_T 0 · t_ext 278404 · vivos_T 0 (10.9 s; 12 s)
[10:40:20] [4/80] MUT0 s19421: persiste_lect 0 · persiste_T 0 · t_ext 69074 · vivos_T 0 (8.1 s; 18 s)
[10:40:24] [5/80] CEREBRO s19422: persiste_lect 0 · persiste_T 0 · t_ext 112711 · vivos_T 0 (9.2 s; 22 s)
[10:40:25] [6/80] VIDA s19422: persiste_lect 1 · persiste_T 0 · t_ext 374946 · vivos_T 0 (10.7 s; 23 s)
[10:40:29] [7/80] AZAR s19422: persiste_lect 1 · persiste_T 0 · t_ext 136778 · vivos_T 0 (8.5 s; 28 s)
[10:40:33] [8/80] MUT0 s19422: persiste_lect 0 · persiste_T 0 · t_ext 65645 · vivos_T 0 (9.1 s; 31 s)
[10:40:37] [9/80] VIDA s19423: persiste_lect 1 · persiste_T 0 · t_ext 250207 · vivos_T 0 (10.6 s; 35 s)
[10:40:42] [10/80] AZAR s19423: persiste_lect 0 · persiste_T 0 · t_ext 115250 · vivos_T 0 (8.7 s; 41 s)
[10:40:45] [11/80] MUT0 s19423: persiste_lect 0 · persiste_T 0 · t_ext 68793 · vivos_T 0 (7.9 s; 43 s)
[10:40:48] [12/80] CEREBRO s19423: persiste_lect 1 · persiste_T 0 · t_ext 753405 · vivos_T 0 (17.6 s; 46 s)
[10:40:53] [13/80] VIDA s19424: persiste_lect 1 · persiste_T 0 · t_ext 171438 · vivos_T 0 (9.1 s; 51 s)
[10:40:58] [14/80] AZAR s19424: persiste_lect 0 · persiste_T 0 · t_ext 102563 · vivos_T 0 (8.7 s; 56 s)
[10:41:01] [15/80] MUT0 s19424: persiste_lect 0 · persiste_T 0 · t_ext 68270 · vivos_T 0 (8.0 s; 59 s)
[10:41:05] [16/80] CEREBRO s19424: persiste_lect 1 · persiste_T 1 · t_ext None · vivos_T 7 (18.8 s; 63 s)
[10:41:08] [17/80] VIDA s19425: persiste_lect 1 · persiste_T 0 · t_ext 175066 · vivos_T 0 (9.3 s; 67 s)
[10:41:15] [18/80] AZAR s19425: persiste_lect 1 · persiste_T 0 · t_ext 335939 · vivos_T 0 (9.8 s; 74 s)
[10:41:16] [19/80] MUT0 s19425: persiste_lect 0 · persiste_T 0 · t_ext 65511 · vivos_T 0 (7.7 s; 74 s)
[10:41:20] [20/80] CEREBRO s19425: persiste_lect 1 · persiste_T 1 · t_ext None · vivos_T 6 (18.0 s; 78 s)
[10:41:25] [21/80] VIDA s19426: persiste_lect 1 · persiste_T 0 · t_ext 131298 · vivos_T 0 (8.4 s; 83 s)
[10:41:29] [22/80] AZAR s19426: persiste_lect 0 · persiste_T 0 · t_ext 91278 · vivos_T 0 (8.7 s; 87 s)
[10:41:33] [23/80] MUT0 s19426: persiste_lect 0 · persiste_T 0 · t_ext 82714 · vivos_T 0 (8.0 s; 91 s)
[10:41:35] [24/80] CEREBRO s19426: persiste_lect 1 · persiste_T 1 · t_ext None · vivos_T 11 (18.5 s; 93 s)
[10:41:41] [25/80] VIDA s19427: persiste_lect 1 · persiste_T 0 · t_ext 309706 · vivos_T 0 (10.7 s; 99 s)
[10:41:44] [26/80] AZAR s19427: persiste_lect 0 · persiste_T 0 · t_ext 80766 · vivos_T 0 (8.4 s; 102 s)
[10:41:49] [27/80] MUT0 s19427: persiste_lect 0 · persiste_T 0 · t_ext 65682 · vivos_T 0 (7.9 s; 107 s)
[10:41:55] [28/80] CEREBRO s19427: persiste_lect 1 · persiste_T 1 · t_ext None · vivos_T 9 (21.7 s; 114 s)
[10:42:03] [29/80] VIDA s19428: persiste_lect 1 · persiste_T 0 · t_ext 946566 · vivos_T 0 (17.5 s; 121 s)
[10:42:04] [30/80] AZAR s19428: persiste_lect 1 · persiste_T 0 · t_ext 155389 · vivos_T 0 (8.0 s; 122 s)
[10:42:10] [31/80] CEREBRO s19428: persiste_lect 1 · persiste_T 1 · t_ext None · vivos_T 11 (20.6 s; 129 s)
[10:42:11] [32/80] MUT0 s19428: persiste_lect 0 · persiste_T 0 · t_ext 71631 · vivos_T 0 (7.9 s; 129 s)
[10:42:19] [33/80] AZAR s19429: persiste_lect 1 · persiste_T 0 · t_ext 135549 · vivos_T 0 (8.0 s; 138 s)
[10:42:27] [34/80] VIDA s19429: persiste_lect 1 · persiste_T 1 · t_ext None · vivos_T 12 (21.2 s; 145 s)
[10:42:27] [35/80] MUT0 s19429: persiste_lect 0 · persiste_T 0 · t_ext 69706 · vivos_T 0 (7.7 s; 145 s)
[10:42:30] [36/80] CEREBRO s19429: persiste_lect 1 · persiste_T 1 · t_ext None · vivos_T 9 (19.2 s; 149 s)
[10:42:38] [37/80] AZAR s19430: persiste_lect 0 · persiste_T 0 · t_ext 65978 · vivos_T 0 (7.6 s; 156 s)
[10:42:46] [38/80] MUT0 s19430: persiste_lect 0 · persiste_T 0 · t_ext 65515 · vivos_T 0 (8.0 s; 164 s)
[10:42:46] [39/80] VIDA s19430: persiste_lect 1 · persiste_T 1 · t_ext None · vivos_T 5 (17.9 s; 165 s)
[10:42:48] [40/80] CEREBRO s19430: persiste_lect 1 · persiste_T 1 · t_ext None · vivos_T 15 (20.2 s; 166 s)
[10:42:57] [41/80] AZAR s19431: persiste_lect 1 · persiste_T 0 · t_ext 176313 · vivos_T 0 (8.4 s; 175 s)
[10:42:59] [42/80] VIDA s19431: persiste_lect 1 · persiste_T 0 · t_ext 557260 · vivos_T 0 (11.1 s; 177 s)
[10:43:00] [43/80] CEREBRO s19431: persiste_lect 1 · persiste_T 0 · t_ext 497683 · vivos_T 0 (12.5 s; 178 s)
[10:43:05] [44/80] MUT0 s19431: persiste_lect 0 · persiste_T 0 · t_ext 70154 · vivos_T 0 (7.6 s; 183 s)
[10:43:10] [45/80] VIDA s19432: persiste_lect 1 · persiste_T 0 · t_ext 268236 · vivos_T 0 (9.6 s; 188 s)
[10:43:13] [46/80] AZAR s19432: persiste_lect 0 · persiste_T 0 · t_ext 79992 · vivos_T 0 (7.9 s; 192 s)
[10:43:17] [47/80] MUT0 s19432: persiste_lect 0 · persiste_T 0 · t_ext 65278 · vivos_T 0 (7.7 s; 196 s)
[10:43:19] [48/80] CEREBRO s19432: persiste_lect 1 · persiste_T 1 · t_ext None · vivos_T 11 (19.1 s; 198 s)
[10:43:29] [49/80] AZAR s19433: persiste_lect 0 · persiste_T 0 · t_ext 88193 · vivos_T 0 (8.5 s; 207 s)
[10:43:30] [50/80] VIDA s19433: persiste_lect 1 · persiste_T 0 · t_ext 676960 · vivos_T 0 (14.8 s; 208 s)
[10:43:36] [51/80] MUT0 s19433: persiste_lect 0 · persiste_T 0 · t_ext 75074 · vivos_T 0 (7.8 s; 215 s)
[10:43:39] [52/80] CEREBRO s19433: persiste_lect 1 · persiste_T 1 · t_ext None · vivos_T 12 (20.7 s; 217 s)
[10:43:43] [53/80] VIDA s19434: persiste_lect 1 · persiste_T 0 · t_ext 364150 · vivos_T 0 (11.3 s; 221 s)
[10:43:45] [54/80] CEREBRO s19434: persiste_lect 0 · persiste_T 0 · t_ext 97854 · vivos_T 0 (8.2 s; 224 s)
[10:43:48] [55/80] AZAR s19434: persiste_lect 1 · persiste_T 0 · t_ext 137581 · vivos_T 0 (8.8 s; 226 s)
[10:43:51] [56/80] MUT0 s19434: persiste_lect 0 · persiste_T 0 · t_ext 69490 · vivos_T 0 (7.9 s; 229 s)
[10:43:56] [57/80] VIDA s19435: persiste_lect 1 · persiste_T 0 · t_ext 153376 · vivos_T 0 (9.1 s; 234 s)
[10:44:00] [58/80] AZAR s19435: persiste_lect 1 · persiste_T 0 · t_ext 279576 · vivos_T 0 (8.7 s; 238 s)
[10:44:03] [59/80] MUT0 s19435: persiste_lect 0 · persiste_T 0 · t_ext 66473 · vivos_T 0 (7.4 s; 242 s)
[10:44:10] [60/80] CEREBRO s19435: persiste_lect 1 · persiste_T 1 · t_ext None · vivos_T 17 (21.5 s; 249 s)
[10:44:13] [61/80] CEREBRO s19436: persiste_lect 1 · persiste_T 0 · t_ext 158120 · vivos_T 0 (9.1 s; 252 s)
[10:44:19] [62/80] AZAR s19436: persiste_lect 1 · persiste_T 0 · t_ext 413147 · vivos_T 0 (8.2 s; 257 s)
[10:44:21] [63/80] MUT0 s19436: persiste_lect 0 · persiste_T 0 · t_ext 70634 · vivos_T 0 (7.8 s; 259 s)
[10:44:24] [64/80] VIDA s19436: persiste_lect 1 · persiste_T 1 · t_ext None · vivos_T 18 (21.9 s; 262 s)
[10:44:30] [65/80] CEREBRO s19437: persiste_lect 1 · persiste_T 0 · t_ext 150020 · vivos_T 0 (8.3 s; 268 s)
[10:44:33] [66/80] AZAR s19437: persiste_lect 1 · persiste_T 0 · t_ext 189344 · vivos_T 0 (8.5 s; 271 s)
[10:44:38] [67/80] MUT0 s19437: persiste_lect 0 · persiste_T 0 · t_ext 72291 · vivos_T 0 (8.0 s; 276 s)
[10:44:40] [68/80] VIDA s19437: persiste_lect 1 · persiste_T 1 · t_ext None · vivos_T 5 (19.2 s; 278 s)
[10:44:44] [69/80] VIDA s19438: persiste_lect 1 · persiste_T 0 · t_ext 269529 · vivos_T 0 (9.7 s; 282 s)
[10:44:48] [70/80] CEREBRO s19438: persiste_lect 1 · persiste_T 0 · t_ext 199120 · vivos_T 0 (9.0 s; 286 s)
[10:44:49] [71/80] AZAR s19438: persiste_lect 0 · persiste_T 0 · t_ext 118268 · vivos_T 0 (7.9 s; 287 s)
[10:44:52] [72/80] MUT0 s19438: persiste_lect 0 · persiste_T 0 · t_ext 68168 · vivos_T 0 (7.8 s; 290 s)
[10:44:59] [73/80] CEREBRO s19439: persiste_lect 1 · persiste_T 0 · t_ext 229724 · vivos_T 0 (9.7 s; 297 s)
[10:45:00] [74/80] AZAR s19439: persiste_lect 0 · persiste_T 0 · t_ext 112280 · vivos_T 0 (8.2 s; 299 s)
[10:45:07] [75/80] MUT0 s19439: persiste_lect 0 · persiste_T 0 · t_ext 63768 · vivos_T 0 (7.9 s; 305 s)
[10:45:10] [76/80] VIDA s19439: persiste_lect 1 · persiste_T 1 · t_ext None · vivos_T 10 (20.4 s; 308 s)
[10:45:11] [77/80] VIDA s19440: persiste_lect 1 · persiste_T 0 · t_ext 197594 · vivos_T 0 (9.2 s; 309 s)
[10:45:19] [78/80] AZAR s19440: persiste_lect 1 · persiste_T 0 · t_ext 474790 · vivos_T 0 (8.7 s; 317 s)
[10:45:19] [79/80] MUT0 s19440: persiste_lect 0 · persiste_T 0 · t_ext 66095 · vivos_T 0 (8.1 s; 317 s)
[10:45:27] [80/80] CEREBRO s19440: persiste_lect 1 · persiste_T 1 · t_ext None · vivos_T 8 (19.5 s; 326 s)
semillas por brazo: {'VIDA': 20, 'CEREBRO': 20, 'AZAR': 20, 'MUT0': 20}; persiste en T_lect = 120000 (como v1): {'VIDA': 20, 'CEREBRO': 18, 'AZAR': 11, 'MUT0': 0}
P2 genes seleccionados en VIDA (>=15/20 mismo signo fuera de las 8 sombras): [('tau_e', (0, 16)), ('alpha', (20, 0)), ('aversion', (16, 1))]; AZAR con > 8/20 (falsos positivos del instrumento): []
P3 juez v2 (bateria sellada 19501-19520): VIDA > AZAR (pareado, estricto) 20/20 (empates 0); CEREBRO > AZAR 20/20 (empates 0); medianas VIDA 12643.0 · AZAR 3812.5
PLACEBO del juez (muestra flujo 7 contra flujo 8 del MISMO banco; puntaje = gana + empates/2, valido en [5, 15] de 20): {'VIDA': (10.5, 20), 'AZAR': (9.0, 20)} -> VALIDO
DESCRIPTIVO (nube-6, no decide): contra G0 (mediana 1905.5) ganan VIDA 20/20 y AZAR 17/20
P1 VIDA persiste >= 15/20: SE CUMPLE (20) · P1c MUT0 <= 2/20: SE CUMPLE (0) · P2: SE CUMPLE · P3 VIDA > AZAR >= 15/20: SE CUMPLE (20) · P4 VIDA - AZAR >= 8: SE CUMPLE (9) · H-c CEREBRO >= 15/20: SE CUMPLE (18)
VEREDICTO v1.1 POR LA LETRA (una serie; el del bloque exige serie + replica con el mismo veredicto): FUNCIONA (en esta serie)
L: persiste en T = 1000000: {'VIDA': 5, 'CEREBRO': 11, 'AZAR': 0, 'MUT0': 0}; R0 de la cohorte tras el corte en los que persisten (mediana): {'VIDA': 0.9917, 'CEREBRO': 0.9929, 'AZAR': None, 'MUT0': None}
L1 VIDA >= 10/20: NO (5) · L1c MUT0 <= 2/20: SE CUMPLE (0) · L2 VIDA - AZAR >= 6: NO (5)
VEREDICTO L POR LA LETRA (una serie): NO PERSISTE LARGO (en esta serie)
[10:45:28] VEREDICTO: FUNCIONA (en esta serie)
[10:45:28] VEREDICTO L: NO PERSISTE LARGO (en esta serie)
