=== Thu Oct  1 02:22:22 HPS 2026 | replica juntos (regla 12: en el umbral). El PC se apaga a las 4:00: si se corta, retomar con --replica --pool 2 --reanuda ===
[02:22:24] CORRE_JUNTOS · replica · 20261001_022223 · python 3.14.2 · pool 2 · corre_juntos.py db75135c8c2f3e0d · carpeta C:\Users\User\Documents\PROYECTOS\JUACO\organelos\experimentos\organelos\escalera\juntos\datos\juntos_replica_s738551-738570_T100000_m20000_20261001_022223
[02:22:24]   semillas 738551-738570 · T 100000 · brazos ['todo', 'sen', 'preg', 'lug', 'todobar'] · mundo {'oasis': 1, 'extra': 0.8, 'pobre': 0.5, 'dens': 0.5, 'vista_r': 20, 'mueve': 20000, 'c_e': 0.01} · reanuda False · nota ''
[02:22:24]   sha experimentos\tronco_v14_3\corre_v143.py 24100621c450da22 OK
[02:22:24]   sha experimentos\carrera_escuderias\pista.py 9f47c65e438e0ff4 OK
[02:22:24]   sha experimentos\carrera_escuderias\juez.py 6a68f640a7832f12 OK
[02:22:24]   sha experimentos\carrera_escuderias\carros\O1.py 99436afa2715f028 OK
[02:22:24]   carro O1_LUGAR == construye_p1: True (sha 49eee6bb278ea097)
[02:22:24]   carro O1_LUGAR_BAR == construye_p1: True (sha 93fc245b8db8794b)
[02:22:24]   carro O1_LUGAR0 == construye_p1: True (sha 33a7ab0c66fe2b82)
[02:22:24]   mundo_escalera: {'sha_pista': '9f47c65e438e0ff4', 'sha_juez': '6a68f640a7832f12', 'sha_fuente_transformada': '488e82252eece5f8', 'anclas': 9}
[02:22:24]   sha corre_p1.py 392b71186cf49b60 OK
[02:22:24]   sha construye_p1.py 90dc1b6f848fac80 OK
[02:22:24]   sha mundo_escalera.py 4f28b372207ba0a6 OK
[02:22:24]   sha mundo_tramo_c.py 4a1044a4e0e1d5c9 OK
[02:22:24]   sha construye_c.py 024a89476109b997 OK
[02:22:24]   sha corre_c.py 01e4ad94dd06e133 OK
[02:22:24]   sha construye_p7.py 50179cf58798120c OK
[02:22:24]   sha corre_p7.py 82c3811c144d1a2b OK
[02:22:24]   sha construye_juntos.py d469c8f3bf194d64 OK
[02:22:24]   carro O1_TODO == construye_juntos: True (sha b7519a4a481a0cf5)
[02:22:24]   carro O1_TODO_SBAR == construye_juntos: True (sha 153891018a52b5db)
[02:22:24]   carro O1_TODO_SEN == construye_juntos: True (sha dff5e762bd23612e)
[02:22:24]   carro O1_TODO_PREG == construye_juntos: True (sha 382dafcf822b36a1)
[02:22:24]   carro O1_TODO0 == construye_juntos: True (sha 4e197ff6d7d86841)
[02:22:24]   mundo_tramo_c: {'sha_pista': '9f47c65e438e0ff4', 'sha_juez': '6a68f640a7832f12', 'sha_mundo_escalera': '4f28b372207ba0a6', 'sha_fuente_transformada': '7e2e177748dcd156', 'anclas': 17}
[02:22:37]   IDENTIDAD CORTA (salida ENTERA, N 9, s 739950, T 1500, fundador limpio): mundo oasis 0 == pista True · O1_LUGAR0 == O1 True · O1_LUGAR sin oasis == O1 (salvo su telemetria 'lugar') True
[02:22:42]   IDENTIDAD CORTA C (salida ENTERA, N 9, s 739955, T 1200): mundo_tramo_c apagado == mundo_escalera True · promotores 0 == O1_LUGAR {'O1_LUGAR_COMP0': True, 'O1_LUGAR_PLAN0': True, 'O1_LUGAR_PREG0': True}
[02:22:53]   IDENTIDAD CORTA JUNTOS (salida ENTERA, N 9, s 738530, T 1500, mueve 500, c_e 0.01): TODO0 == O1_LUGAR True · TODO_SEN == O1_LUGAR_SENAL True · TODO_PREG == O1_LUGAR_PREG True · TODO != parejas True
[02:24:32]   [  127.7s] i0 sen     (98.4s) aborto None cruzan 5/9 R0 0.9535 fund [0, 52, 10, 19, 0, 26, 0, 1, 0] · oasis ratio pasos 6.627 · latencia 1376.0 nunca 1 mudanzas 4 exc 0 olv 0 · escribe 4234 cobros 4234 lee 29438 siembra 93 · mundo AC 7.1459
[02:24:51]   [  146.8s] i0 todo    (117.6s) aborto None cruzan 9/9 R0 0.95 fund [0, 0, 0, 0, 0, 0, 0, 0, 0] · oasis ratio pasos 7.11 · latencia 466.0 nunca 0 mudanzas 4 exc 142451 olv 237629 · escribe 4539 cobros 4539 lee 36312 siembra 65 · mundo AC 5.3477
[02:26:32]   [  247.6s] i0 preg    (119.9s) aborto None cruzan 8/9 R0 0.9545 fund [0, 0, 0, 0, 0, 0, 0, 47, 0] · oasis ratio pasos 6.634 · latencia 463.0 nunca 0 mudanzas 4 exc 169197 olv 236718 · escribe 0 cobros 0 lee None siembra None · mundo AC 4.7257
[02:26:34]   [  250.5s] i0 lug     (103.7s) aborto None cruzan 3/9 R0 0.84 fund [0, 5, 167, 0, 7, 35, 34, 29, 0] · oasis ratio pasos 5.949 · latencia 1124.5 nunca 1 mudanzas 4 exc 0 olv 0 · escribe 0 cobros 0 lee None siembra None · mundo AC 6.097
[02:28:30]   [  366.5s] i0 todobar (118.9s) aborto None cruzan 6/9 R0 0.95 fund [0, 3, 25, 1, 0, 0, 0, 108, 0] · oasis ratio pasos 6.557 · latencia 420.5 nunca 0 mudanzas 4 exc 136804 olv 233797 · escribe 4098 cobros 4098 lee 31736 siembra 245 · mundo AC 5.1381
[02:28:34]   [  370.2s] i1 todo    (119.7s) aborto None cruzan 9/9 R0 0.9545 fund [0, 0, 0, 0, 0, 0, 0, 0, 0] · oasis ratio pasos 7.176 · latencia 443.5 nunca 0 mudanzas 4 exc 155020 olv 239597 · escribe 4469 cobros 4469 lee 35752 siembra 40 · mundo AC 4.761
[02:30:07]   [  462.6s] i1 sen     (96.1s) aborto None cruzan 5/9 R0 0.9375 fund [2, 34, 14, 0, 0, 0, 0, 16, 9] · oasis ratio pasos 6.996 · latencia 1160.0 nunca 0 mudanzas 4 exc 0 olv 0 · escribe 4153 cobros 4153 lee 28687 siembra 103 · mundo AC 7.2498
[02:30:34]   [  489.9s] i1 preg    (119.7s) aborto None cruzan 9/9 R0 0.9643 fund [0, 0, 0, 0, 0, 0, 0, 0, 0] · oasis ratio pasos 6.811 · latencia 453.5 nunca 0 mudanzas 4 exc 199865 olv 238001 · escribe 0 cobros 0 lee None siembra None · mundo AC 4.1271
[02:31:47]   [  562.8s] i1 lug     (100.2s) aborto None cruzan 3/9 R0 0.7959 fund [4, 4, 0, 59, 54, 0, 9, 8, 11] · oasis ratio pasos 6.341 · latencia 1153.0 nunca 1 mudanzas 4 exc 0 olv 0 · escribe 0 cobros 0 lee None siembra None · mundo AC 6.252
[02:32:33]   [  609.1s] i1 todobar (119.3s) aborto None cruzan 4/9 R0 0.7429 fund [0, 0, 8, 0, 32, 32, 123, 0, 17] · oasis ratio pasos 6.533 · latencia 503.5 nunca 0 mudanzas 4 exc 150091 olv 223232 · escribe 3898 cobros 3898 lee 29770 siembra 123 · mundo AC 5.1748
[02:33:47]   [  683.5s] i2 todo    (120.7s) aborto None cruzan 8/9 R0 0.9565 fund [0, 0, 0, 1, 4, 0, 0, 0, 0] · oasis ratio pasos 7.065 · latencia 433.0 nunca 0 mudanzas 4 exc 166137 olv 242064 · escribe 4354 cobros 4354 lee 34821 siembra 55 · mundo AC 4.7998
[02:34:10]   [  706.3s] i2 sen     (97.2s) aborto None cruzan 8/9 R0 0.9706 fund [0, 0, 0, 6, 0, 0, 0, 0, 0] · oasis ratio pasos 7.003 · latencia 1003.0 nunca 1 mudanzas 4 exc 0 olv 0 · escribe 5281 cobros 5281 lee 40769 siembra 94 · mundo AC 6.7569
[02:35:43]   [  798.6s] i2 preg    (115.1s) aborto None cruzan 6/9 R0 0.9444 fund [0, 0, 12, 2, 4, 0, 0, 0, 0] · oasis ratio pasos 7.122 · latencia 485.0 nunca 0 mudanzas 4 exc 154975 olv 228094 · escribe 0 cobros 0 lee None siembra None · mundo AC 4.8282
[02:35:48]   [  804.4s] i2 lug     (98.1s) aborto None cruzan 5/9 R0 0.9655 fund [0, 35, 0, 0, 85, 32, 0, 10, 0] · oasis ratio pasos 6.52 · latencia 1550.0 nunca 1 mudanzas 4 exc 0 olv 0 · escribe 0 cobros 0 lee None siembra None · mundo AC 6.14
[02:37:37]   [  913.6s] i2 todobar (114.9s) aborto None cruzan 2/9 R0 0.7083 fund [0, 54, 176, 23, 6, 6, 5, 5, 0] · oasis ratio pasos 6.822 · latencia 466.5 nunca 1 mudanzas 4 exc 114053 olv 206816 · escribe 3805 cobros 3805 lee 28830 siembra 191 · mundo AC 5.7273
[02:37:50]   [  925.7s] i3 todo    (121.3s) aborto None cruzan 9/9 R0 0.9615 fund [0, 0, 0, 0, 0, 0, 0, 0, 0] · oasis ratio pasos 6.927 · latencia 591.0 nunca 0 mudanzas 4 exc 165886 olv 243865 · escribe 4242 cobros 4242 lee 33936 siembra 68 · mundo AC 4.4094
[02:39:12]   [ 1008.0s] i3 sen     (94.4s) aborto None cruzan 6/9 R0 0.9697 fund [8, 54, 4, 0, 0, 0, 0, 3, 0] · oasis ratio pasos 6.963 · latencia 1347.5 nunca 1 mudanzas 4 exc 0 olv 0 · escribe 5256 cobros 5256 lee 36085 siembra 104 · mundo AC 7.8791
[02:39:49]   [ 1045.1s] i3 preg    (119.4s) aborto None cruzan 8/9 R0 0.9667 fund [0, 14, 0, 0, 0, 0, 0, 0, 0] · oasis ratio pasos 6.751 · latencia 547.0 nunca 0 mudanzas 4 exc 199945 olv 241998 · escribe 0 cobros 0 lee None siembra None · mundo AC 4.0074
[02:40:51]   [ 1106.7s] i3 lug     (98.7s) aborto None cruzan 5/9 R0 0.9545 fund [0, 19, 118, 0, 17, 1, 0, 83, 0] · oasis ratio pasos 6.281 · latencia 1253.0 nunca 1 mudanzas 4 exc 0 olv 0 · escribe 0 cobros 0 lee None siembra None · mundo AC 5.8727
[02:41:42]   [ 1158.5s] i3 todobar (113.4s) aborto None cruzan 6/9 R0 0.9286 fund [0, 17, 0, 0, 143, 1, 49, 0, 0] · oasis ratio pasos 6.84 · latencia 446.0 nunca 0 mudanzas 4 exc 112584 olv 228401 · escribe 4101 cobros 4101 lee 31082 siembra 232 · mundo AC 5.5529
[02:42:44]   [ 1220.1s] i4 todo    (113.4s) aborto None cruzan 8/9 R0 0.95 fund [0, 0, 15, 0, 0, 0, 0, 0, 0] · oasis ratio pasos 7.166 · latencia 398.5 nunca 0 mudanzas 4 exc 143788 olv 229452 · escribe 4287 cobros 4287 lee 34016 siembra 65 · mundo AC 5.1519
[02:43:17]   [ 1252.7s] i4 sen     (94.2s) aborto None cruzan 8/9 R0 0.9697 fund [25, 0, 0, 0, 0, 0, 0, 0, 0] · oasis ratio pasos 7.112 · latencia 759.5 nunca 1 mudanzas 4 exc 0 olv 0 · escribe 5198 cobros 5198 lee 40898 siembra 72 · mundo AC 6.8417
[02:44:39]   [ 1334.9s] i4 preg    (114.8s) aborto None cruzan 7/9 R0 0.9583 fund [0, 0, 0, 0, 0, 0, 12, 11, 0] · oasis ratio pasos 6.921 · latencia 321.0 nunca 0 mudanzas 4 exc 173927 olv 234578 · escribe 0 cobros 0 lee None siembra None · mundo AC 4.4157
[02:44:52]   [ 1348.4s] i4 lug     (95.7s) aborto None cruzan 4/9 R0 0.85 fund [5, 10, 57, 0, 0, 31, 0, 0, 94] · oasis ratio pasos 6.613 · latencia 1543.0 nunca 0 mudanzas 4 exc 0 olv 0 · escribe 0 cobros 0 lee None siembra None · mundo AC 7.2174
[02:46:32]   [ 1448.3s] i4 todobar (113.4s) aborto None cruzan 7/9 R0 0.9524 fund [0, 0, 0, 0, 0, 0, 1, 151, 43] · oasis ratio pasos 6.789 · latencia 419.0 nunca 0 mudanzas 4 exc 130216 olv 234665 · escribe 4166 cobros 4166 lee 31938 siembra 191 · mundo AC 5.3757
[02:46:47]   [ 1463.0s] i5 todo    (114.6s) aborto None cruzan 9/9 R0 0.96 fund [0, 0, 0, 0, 0, 0, 0, 0, 0] · oasis ratio pasos 7.238 · latencia 535.0 nunca 0 mudanzas 4 exc 157972 olv 242766 · escribe 4210 cobros 4210 lee 33680 siembra 72 · mundo AC 4.7144
[02:48:05]   [ 1541.5s] i5 sen     (93.2s) aborto None cruzan 8/9 R0 0.9697 fund [9, 0, 2, 1, 0, 2, 0, 0, 0] · oasis ratio pasos 7.175 · latencia 806.5 nunca 0 mudanzas 4 exc 0 olv 0 · escribe 5003 cobros 5003 lee 37124 siembra 92 · mundo AC 6.8776
[02:48:43]   [ 1579.1s] i5 preg    (116.1s) aborto None cruzan 8/9 R0 0.9565 fund [35, 0, 0, 0, 0, 0, 0, 0, 0] · oasis ratio pasos 7.032 · latencia 520.0 nunca 0 mudanzas 4 exc 179293 olv 229294 · escribe 0 cobros 0 lee None siembra None · mundo AC 4.1662
[02:49:45]   [ 1641.2s] i5 lug     (99.7s) aborto None cruzan 3/9 R0 0.875 fund [5, 0, 143, 7, 0, 4, 13, 0, 11] · oasis ratio pasos 6.771 · latencia 1063.0 nunca 1 mudanzas 4 exc 0 olv 0 · escribe 0 cobros 0 lee None siembra None · mundo AC 6.3092
[02:50:39]   [ 1695.1s] i5 todobar (116.1s) aborto None cruzan 5/9 R0 0.9091 fund [0, 86, 0, 29, 0, 3, 2, 0, 82] · oasis ratio pasos 6.588 · latencia 395.5 nunca 0 mudanzas 4 exc 158887 olv 225200 · escribe 3709 cobros 3709 lee 28277 siembra 163 · mundo AC 4.8259
[02:51:42]   [ 1757.8s] i6 todo    (116.6s) aborto None cruzan 8/9 R0 0.9545 fund [0, 0, 9, 0, 0, 0, 0, 0, 0] · oasis ratio pasos 7.108 · latencia 285.5 nunca 0 mudanzas 4 exc 153152 olv 235989 · escribe 4147 cobros 4147 lee 33131 siembra 65 · mundo AC 4.6863
[02:52:15]   [ 1791.6s] i6 sen     (96.4s) aborto None cruzan 7/9 R0 0.9697 fund [0, 2, 7, 29, 0, 0, 0, 0, 0] · oasis ratio pasos 6.78 · latencia 1081.0 nunca 1 mudanzas 4 exc 0 olv 0 · escribe 4609 cobros 4609 lee 34661 siembra 93 · mundo AC 6.6587
[02:53:40]   [ 1875.7s] i6 preg    (117.9s) aborto None cruzan 8/9 R0 0.9643 fund [0, 0, 3, 0, 0, 0, 0, 0, 0] · oasis ratio pasos 6.753 · latencia 591.0 nunca 0 mudanzas 4 exc 178330 olv 248260 · escribe 0 cobros 0 lee None siembra None · mundo AC 4.5742
[02:53:52]   [ 1888.5s] i6 lug     (96.9s) aborto None cruzan 7/9 R0 0.973 fund [0, 0, 0, 0, 0, 24, 0, 0, 137] · oasis ratio pasos 6.184 · latencia 2125.0 nunca 2 mudanzas 4 exc 0 olv 0 · escribe 0 cobros 0 lee None siembra None · mundo AC 6.2808
[02:55:33]   [ 1989.0s] i6 todobar (113.3s) aborto None cruzan 5/9 R0 0.9412 fund [0, 72, 16, 0, 0, 0, 4, 0, 67] · oasis ratio pasos 6.607 · latencia 513.0 nunca 0 mudanzas 4 exc 130698 olv 224136 · escribe 4087 cobros 4087 lee 31692 siembra 240 · mundo AC 5.4687
[02:55:48]   [ 2004.4s] i7 todo    (116.0s) aborto None cruzan 9/9 R0 0.9545 fund [0, 0, 0, 0, 0, 0, 0, 0, 0] · oasis ratio pasos 7.008 · latencia 498.5 nunca 0 mudanzas 4 exc 154978 olv 246020 · escribe 4518 cobros 4518 lee 36144 siembra 52 · mundo AC 4.9393
[02:57:06]   [ 2082.1s] i7 sen     (93.1s) aborto None cruzan 5/9 R0 0.9667 fund [0, 23, 0, 10, 0, 0, 20, 0, 23] · oasis ratio pasos 6.687 · latencia 1272.0 nunca 1 mudanzas 4 exc 0 olv 0 · escribe 4510 cobros 4510 lee 30538 siembra 96 · mundo AC 7.1705
[02:57:42]   [ 2117.8s] i7 preg    (113.3s) aborto None cruzan 9/9 R0 0.9524 fund [0, 0, 0, 0, 0, 0, 0, 0, 0] · oasis ratio pasos 7.051 · latencia 453.5 nunca 0 mudanzas 4 exc 153984 olv 237900 · escribe 0 cobros 0 lee None siembra None · mundo AC 5.1334
[02:58:43]   [ 2179.6s] i7 lug     (97.5s) aborto None cruzan 5/9 R0 0.9444 fund [0, 24, 39, 0, 104, 0, 1, 0, 12] · oasis ratio pasos 6.116 · latencia 1563.5 nunca 0 mudanzas 4 exc 0 olv 0 · escribe 0 cobros 0 lee None siembra None · mundo AC 6.3594
[02:59:38]   [ 2233.8s] i7 todobar (116.0s) aborto None cruzan 5/9 R0 0.9375 fund [0, 0, 2, 0, 0, 267, 22, 0, 2] · oasis ratio pasos 6.336 · latencia 496.0 nunca 0 mudanzas 4 exc 140468 olv 217931 · escribe 3850 cobros 3850 lee 28136 siembra 160 · mundo AC 5.1285
[03:00:38]   [ 2294.5s] i8 todo    (114.9s) aborto None cruzan 8/9 R0 0.9474 fund [0, 0, 0, 0, 14, 0, 0, 0, 0] · oasis ratio pasos 7.11 · latencia 492.5 nunca 0 mudanzas 4 exc 146678 olv 248686 · escribe 4481 cobros 4481 lee 35713 siembra 72 · mundo AC 4.9449
[03:01:10]   [ 2326.5s] i8 sen     (92.6s) aborto None cruzan 7/9 R0 0.9737 fund [0, 0, 0, 0, 18, 33, 0, 0, 0] · oasis ratio pasos 7.072 · latencia 1653.0 nunca 1 mudanzas 4 exc 0 olv 0 · escribe 5277 cobros 5277 lee 38036 siembra 102 · mundo AC 7.7688
[03:02:33]   [ 2408.6s] i8 preg    (114.2s) aborto None cruzan 9/9 R0 0.9545 fund [0, 0, 0, 0, 0, 0, 0, 0, 0] · oasis ratio pasos 7.134 · latencia 446.5 nunca 0 mudanzas 4 exc 161795 olv 223487 · escribe 0 cobros 0 lee None siembra None · mundo AC 5.0218
[03:02:51]   [ 2427.5s] i8 lug     (101.1s) aborto None cruzan 6/9 R0 0.973 fund [0, 0, 131, 0, 84, 0, 0, 38, 0] · oasis ratio pasos 6.467 · latencia 1200.0 nunca 2 mudanzas 4 exc 0 olv 0 · escribe 0 cobros 0 lee None siembra None · mundo AC 6.7016
[03:04:27]   [ 2523.5s] i8 todobar (114.9s) aborto None cruzan 7/9 R0 0.9524 fund [78, 0, 0, 0, 2, 0, 0, 6, 0] · oasis ratio pasos 6.979 · latencia 409.0 nunca 0 mudanzas 4 exc 131550 olv 231114 · escribe 4209 cobros 4209 lee 33094 siembra 190 · mundo AC 5.2674
[03:04:49]   [ 2544.6s] i9 todo    (117.1s) aborto None cruzan 9/9 R0 0.9583 fund [0, 0, 0, 0, 0, 0, 0, 0, 0] · oasis ratio pasos 6.93 · latencia 431.5 nunca 0 mudanzas 4 exc 160100 olv 249363 · escribe 4234 cobros 4234 lee 33872 siembra 54 · mundo AC 4.7812
[03:05:58]   [ 2613.7s] i9 sen     (90.2s) aborto None cruzan 9/9 R0 0.9762 fund [0, 0, 0, 0, 0, 0, 0, 0, 0] · oasis ratio pasos 7.062 · latencia 1055.5 nunca 0 mudanzas 4 exc 0 olv 0 · escribe 4852 cobros 4852 lee 38816 siembra 70 · mundo AC 7.2855
[03:06:42]   [ 2657.8s] i9 preg    (113.2s) aborto None cruzan 8/9 R0 0.9545 fund [0, 0, 0, 0, 0, 0, 0, 5, 0] · oasis ratio pasos 7.085 · latencia 501.5 nunca 0 mudanzas 4 exc 155439 olv 245046 · escribe 0 cobros 0 lee None siembra None · mundo AC 4.8468
[03:07:31]   [ 2706.8s] i9 lug     (93.1s) aborto None cruzan 5/9 R0 0.9722 fund [0, 4, 0, 53, 0, 5, 7, 0, 0] · oasis ratio pasos 7.001 · latencia 1056.0 nunca 0 mudanzas 4 exc 0 olv 0 · escribe 0 cobros 0 lee None siembra None · mundo AC 6.7874
[03:08:35]   [ 2771.2s] i9 todobar (113.4s) aborto None cruzan 4/9 R0 0.7647 fund [0, 11, 0, 17, 0, 0, 7, 35, 7] · oasis ratio pasos 6.696 · latencia 452.0 nunca 0 mudanzas 4 exc 143112 olv 237774 · escribe 4120 cobros 4120 lee 32686 siembra 271 · mundo AC 4.8739
[03:09:24]   [ 2820.0s] i10 todo    (113.2s) aborto None cruzan 9/9 R0 0.9583 fund [0, 1, 0, 0, 0, 0, 0, 0, 0] · oasis ratio pasos 6.703 · latencia 490.0 nunca 0 mudanzas 4 exc 164536 olv 246342 · escribe 4329 cobros 4329 lee 34632 siembra 69 · mundo AC 4.775
[03:10:07]   [ 2863.3s] i10 sen     (92.1s) aborto None cruzan 6/9 R0 0.963 fund [0, 0, 0, 46, 0, 0, 4, 0, 43] · oasis ratio pasos 6.546 · latencia 1319.0 nunca 0 mudanzas 4 exc 0 olv 0 · escribe 4597 cobros 4597 lee 33363 siembra 91 · mundo AC 6.997
[03:11:19]   [ 2935.4s] i10 preg    (115.5s) aborto None cruzan 8/9 R0 0.9677 fund [0, 1, 0, 0, 0, 0, 0, 3, 0] · oasis ratio pasos 6.39 · latencia 493.5 nunca 0 mudanzas 4 exc 204267 olv 245400 · escribe 0 cobros 0 lee None siembra None · mundo AC 4.3715
[03:11:47]   [ 2962.6s] i10 lug     (99.3s) aborto None cruzan 4/9 R0 0.898 fund [136, 40, 4, 31, 0, 0, 5, 0, 0] · oasis ratio pasos 5.898 · latencia 1584.0 nunca 2 mudanzas 4 exc 0 olv 0 · escribe 0 cobros 0 lee None siembra None · mundo AC 6.0955
[03:13:17]   [ 3052.8s] i10 todobar (117.4s) aborto None cruzan 4/9 R0 0.8529 fund [32, 8, 0, 0, 82, 0, 4, 23, 0] · oasis ratio pasos 6.268 · latencia 476.5 nunca 0 mudanzas 4 exc 162194 olv 228985 · escribe 3690 cobros 3690 lee 28954 siembra 193 · mundo AC 4.775
[03:13:41]   [ 3077.0s] i11 todo    (114.4s) aborto None cruzan 7/9 R0 0.9583 fund [0, 20, 0, 0, 0, 0, 0, 9, 0] · oasis ratio pasos 6.992 · latencia 479.0 nunca 0 mudanzas 4 exc 161336 olv 246000 · escribe 4269 cobros 4269 lee 33977 siembra 74 · mundo AC 4.59
[03:14:45]   [ 3140.9s] i11 sen     (88.1s) aborto None cruzan 5/9 R0 0.9744 fund [11, 0, 34, 0, 0, 8, 7, 0, 0] · oasis ratio pasos 6.793 · latencia 2073.0 nunca 1 mudanzas 4 exc 0 olv 0 · escribe 4594 cobros 4594 lee 31808 siembra 107 · mundo AC 7.9169
[03:15:36]   [ 3192.0s] i11 preg    (115.0s) aborto None cruzan 8/9 R0 0.9583 fund [0, 0, 0, 0, 0, 26, 0, 0, 0] · oasis ratio pasos 6.833 · latencia 395.0 nunca 0 mudanzas 4 exc 175057 olv 240212 · escribe 0 cobros 0 lee None siembra None · mundo AC 4.6724
[03:16:19]   [ 3235.0s] i11 lug     (94.1s) aborto None cruzan 3/9 R0 0.8507 fund [66, 0, 7, 20, 0, 18, 0, 9, 13] · oasis ratio pasos 5.986 · latencia 1401.0 nunca 1 mudanzas 4 exc 0 olv 0 · escribe 0 cobros 0 lee None siembra None · mundo AC 6.7655
[03:17:28]   [ 3303.6s] i11 todobar (111.6s) aborto None cruzan 2/9 R0 0.6667 fund [132, 21, 9, 0, 0, 27, 21, 7, 11] · oasis ratio pasos 6.52 · latencia 489.0 nunca 0 mudanzas 4 exc 122709 olv 217982 · escribe 3900 cobros 3900 lee 30128 siembra 217 · mundo AC 5.7771
[03:18:14]   [ 3349.9s] i12 todo    (114.9s) aborto None cruzan 8/9 R0 0.9583 fund [0, 0, 0, 0, 0, 3, 0, 0, 0] · oasis ratio pasos 7.19 · latencia 463.5 nunca 0 mudanzas 4 exc 162044 olv 233877 · escribe 4114 cobros 4114 lee 32909 siembra 58 · mundo AC 4.7249
[03:19:04]   [ 3400.1s] i12 sen     (96.4s) aborto None cruzan 6/9 R0 0.9667 fund [1, 8, 0, 0, 0, 12, 0, 13, 0] · oasis ratio pasos 7.009 · latencia 901.0 nunca 1 mudanzas 4 exc 0 olv 0 · escribe 4361 cobros 4361 lee 32829 siembra 131 · mundo AC 6.336
[03:20:09]   [ 3464.7s] i12 preg    (114.8s) aborto None cruzan 8/9 R0 0.9545 fund [0, 0, 0, 0, 0, 34, 0, 0, 0] · oasis ratio pasos 7.123 · latencia 395.0 nunca 0 mudanzas 4 exc 160691 olv 225438 · escribe 0 cobros 0 lee None siembra None · mundo AC 4.7494
[03:20:41]   [ 3497.4s] i12 lug     (97.4s) aborto None cruzan 5/9 R0 0.9677 fund [14, 0, 0, 0, 0, 8, 47, 0, 21] · oasis ratio pasos 6.189 · latencia 1743.5 nunca 2 mudanzas 4 exc 0 olv 0 · escribe 0 cobros 0 lee None siembra None · mundo AC 6.0218
[03:22:00]   [ 3576.0s] i12 todobar (111.3s) aborto None cruzan 5/9 R0 0.9412 fund [4, 0, 17, 222, 0, 8, 0, 0, 0] · oasis ratio pasos 6.898 · latencia 482.5 nunca 1 mudanzas 4 exc 120897 olv 218542 · escribe 3751 cobros 3751 lee 27990 siembra 163 · mundo AC 5.5778
[03:22:37]   [ 3612.6s] i13 todo    (115.2s) aborto None cruzan 9/9 R0 0.9583 fund [0, 0, 0, 0, 0, 0, 0, 0, 0] · oasis ratio pasos 6.858 · latencia 505.0 nunca 0 mudanzas 4 exc 167650 olv 243848 · escribe 4183 cobros 4183 lee 33464 siembra 48 · mundo AC 4.5646
[03:23:35]   [ 3670.9s] i13 sen     (94.9s) aborto None cruzan 7/9 R0 0.9714 fund [81, 0, 143, 0, 0, 0, 0, 0, 0] · oasis ratio pasos 6.632 · latencia 1666.5 nunca 0 mudanzas 4 exc 0 olv 0 · escribe 4633 cobros 4633 lee 30077 siembra 75 · mundo AC 7.7384
[03:24:34]   [ 3730.3s] i13 preg    (117.7s) aborto None cruzan 9/9 R0 0.9667 fund [0, 0, 0, 0, 0, 0, 0, 0, 0] · oasis ratio pasos 6.583 · latencia 489.0 nunca 0 mudanzas 4 exc 201429 olv 236583 · escribe 0 cobros 0 lee None siembra None · mundo AC 4.0766
[03:25:11]   [ 3767.1s] i13 lug     (96.2s) aborto None cruzan 6/9 R0 0.9714 fund [0, 0, 8, 112, 1, 62, 0, 0, 0] · oasis ratio pasos 6.247 · latencia 1719.5 nunca 2 mudanzas 4 exc 0 olv 0 · escribe 0 cobros 0 lee None siembra None · mundo AC 6.0057
[03:26:28]   [ 3843.9s] i13 todobar (113.6s) aborto None cruzan 5/9 R0 0.9355 fund [12, 0, 0, 1, 37, 5, 0, 14, 0] · oasis ratio pasos 6.603 · latencia 492.5 nunca 0 mudanzas 4 exc 158549 olv 238060 · escribe 4093 cobros 4093 lee 32358 siembra 165 · mundo AC 4.6299
[03:27:08]   [ 3884.1s] i14 todo    (116.9s) aborto None cruzan 9/9 R0 0.963 fund [0, 0, 0, 0, 0, 0, 0, 0, 0] · oasis ratio pasos 6.929 · latencia 439.0 nunca 0 mudanzas 4 exc 174592 olv 242601 · escribe 4285 cobros 4285 lee 34280 siembra 36 · mundo AC 4.2936
[03:27:58]   [ 3933.8s] i14 sen     (89.9s) aborto None cruzan 6/9 R0 0.9744 fund [0, 0, 0, 0, 51, 0, 12, 21, 0] · oasis ratio pasos 6.786 · latencia 1398.0 nunca 1 mudanzas 4 exc 0 olv 0 · escribe 5096 cobros 5096 lee 38209 siembra 85 · mundo AC 7.2898
[03:28:57]   [ 3993.3s] i14 preg    (109.3s) aborto None cruzan 9/9 R0 0.95 fund [0, 0, 0, 0, 0, 0, 0, 0, 0] · oasis ratio pasos 7.125 · latencia 464.5 nunca 0 mudanzas 4 exc 155013 olv 237695 · escribe 0 cobros 0 lee None siembra None · mundo AC 5.0375
[03:29:34]   [ 4029.6s] i14 lug     (95.8s) aborto None cruzan 4/9 R0 0.5962 fund [1, 44, 0, 20, 91, 72, 0, 0, 119] · oasis ratio pasos 5.776 · latencia 1540.5 nunca 2 mudanzas 4 exc 0 olv 0 · escribe 0 cobros 0 lee None siembra None · mundo AC 6.5501
[03:30:47]   [ 4103.5s] i14 todobar (110.2s) aborto None cruzan 5/9 R0 0.9444 fund [0, 129, 0, 0, 38, 20, 0, 50, 0] · oasis ratio pasos 6.419 · latencia 447.5 nunca 0 mudanzas 4 exc 136273 olv 229021 · escribe 3953 cobros 3953 lee 29919 siembra 226 · mundo AC 5.1062
[03:31:30]   [ 4146.3s] i15 todo    (116.7s) aborto None cruzan 9/9 R0 0.963 fund [0, 0, 0, 0, 0, 0, 0, 0, 0] · oasis ratio pasos 6.772 · latencia 452.5 nunca 0 mudanzas 4 exc 178683 olv 249005 · escribe 4060 cobros 4060 lee 32480 siembra 62 · mundo AC 4.241
[03:32:20]   [ 4196.5s] i15 sen     (93.0s) aborto None cruzan 7/9 R0 0.9697 fund [0, 30, 0, 0, 0, 3, 0, 0, 53] · oasis ratio pasos 6.821 · latencia 1063.0 nunca 2 mudanzas 4 exc 0 olv 0 · escribe 4996 cobros 4996 lee 37510 siembra 76 · mundo AC 6.6574
[03:33:26]   [ 4262.5s] i15 preg    (116.1s) aborto None cruzan 9/9 R0 0.9677 fund [0, 0, 0, 0, 0, 0, 0, 0, 0] · oasis ratio pasos 6.949 · latencia 382.0 nunca 0 mudanzas 4 exc 186129 olv 241770 · escribe 0 cobros 0 lee None siembra None · mundo AC 4.2318
[03:33:54]   [ 4289.7s] i15 lug     (93.2s) aborto None cruzan 5/9 R0 0.9 fund [28, 2, 0, 0, 0, 25, 0, 44, 13] · oasis ratio pasos 6.468 · latencia 1036.5 nunca 1 mudanzas 4 exc 0 olv 0 · escribe 0 cobros 0 lee None siembra None · mundo AC 6.3007
[03:35:20]   [ 4375.7s] i15 todobar (113.3s) aborto None cruzan 4/9 R0 0.875 fund [1, 22, 0, 0, 2, 0, 88, 14, 38] · oasis ratio pasos 6.696 · latencia 450.0 nunca 0 mudanzas 4 exc 140624 olv 227057 · escribe 4194 cobros 4194 lee 32657 siembra 164 · mundo AC 5.3935
[03:35:51]   [ 4407.4s] i16 todo    (117.7s) aborto None cruzan 9/9 R0 0.9655 fund [0, 0, 0, 0, 0, 0, 0, 0, 0] · oasis ratio pasos 7.157 · latencia 479.5 nunca 0 mudanzas 4 exc 169634 olv 237139 · escribe 4283 cobros 4283 lee 34264 siembra 79 · mundo AC 4.7087
[03:36:49]   [ 4465.4s] i16 sen     (89.7s) aborto None cruzan 8/9 R0 0.9756 fund [0, 11, 0, 0, 0, 0, 0, 0, 0] · oasis ratio pasos 7.041 · latencia 1375.0 nunca 1 mudanzas 4 exc 0 olv 0 · escribe 4388 cobros 4388 lee 32919 siembra 67 · mundo AC 7.4153
[03:37:45]   [ 4521.4s] i16 preg    (114.0s) aborto None cruzan 8/9 R0 0.96 fund [0, 0, 0, 24, 0, 0, 0, 0, 0] · oasis ratio pasos 7.16 · latencia 416.5 nunca 0 mudanzas 4 exc 164352 olv 232865 · escribe 0 cobros 0 lee None siembra None · mundo AC 4.7967
[03:38:21]   [ 4557.4s] i16 lug     (92.0s) aborto None cruzan 6/9 R0 0.9615 fund [0, 26, 0, 0, 5, 1, 146, 0, 0] · oasis ratio pasos 6.632 · latencia 1231.5 nunca 1 mudanzas 4 exc 0 olv 0 · escribe 0 cobros 0 lee None siembra None · mundo AC 6.1192
[03:39:36]   [ 4632.2s] i16 todobar (110.8s) aborto None cruzan 6/9 R0 0.95 fund [0, 66, 0, 0, 0, 0, 1, 3, 223] · oasis ratio pasos 6.688 · latencia 450.5 nunca 1 mudanzas 4 exc 128407 olv 226971 · escribe 4162 cobros 4162 lee 30752 siembra 174 · mundo AC 5.3988
[03:40:14]   [ 4670.5s] i17 todo    (113.0s) aborto None cruzan 7/9 R0 0.9545 fund [0, 0, 0, 0, 7, 0, 0, 12, 0] · oasis ratio pasos 7.017 · latencia 427.0 nunca 0 mudanzas 4 exc 162214 olv 242920 · escribe 4332 cobros 4332 lee 34481 siembra 72 · mundo AC 4.7115
[03:41:08]   [ 4724.4s] i17 sen     (92.2s) aborto None cruzan 5/9 R0 0.9615 fund [23, 0, 4, 0, 0, 0, 37, 0, 18] · oasis ratio pasos 6.875 · latencia 1147.5 nunca 1 mudanzas 4 exc 0 olv 0 · escribe 3973 cobros 3973 lee 27662 siembra 98 · mundo AC 6.8269
[03:42:08]   [ 4783.9s] i17 preg    (113.4s) aborto None cruzan 9/9 R0 0.9545 fund [0, 0, 0, 0, 0, 0, 0, 0, 0] · oasis ratio pasos 7.103 · latencia 392.0 nunca 0 mudanzas 4 exc 167382 olv 238812 · escribe 0 cobros 0 lee None siembra None · mundo AC 4.5423
[03:42:44]   [ 4820.4s] i17 lug     (96.0s) aborto None cruzan 7/9 R0 0.9688 fund [0, 0, 0, 0, 155, 31, 0, 0, 0] · oasis ratio pasos 6.666 · latencia 869.0 nunca 1 mudanzas 4 exc 0 olv 0 · escribe 0 cobros 0 lee None siembra None · mundo AC 6.9744
[03:43:57]   [ 4892.6s] i17 todobar (108.8s) aborto None cruzan 4/9 R0 0.76 fund [236, 0, 13, 14, 0, 0, 5, 0, 132] · oasis ratio pasos 6.467 · latencia 562.0 nunca 1 mudanzas 4 exc 114954 olv 216705 · escribe 3590 cobros 3590 lee 26010 siembra 170 · mundo AC 5.3237
[03:44:34]   [ 4930.6s] i18 todo    (110.1s) aborto None cruzan 8/9 R0 0.9524 fund [0, 0, 0, 0, 12, 0, 0, 0, 0] · oasis ratio pasos 7.14 · latencia 399.5 nunca 0 mudanzas 4 exc 155713 olv 233780 · escribe 4266 cobros 4266 lee 34029 siembra 50 · mundo AC 4.8856
[03:45:28]   [ 4984.1s] i18 sen     (91.5s) aborto None cruzan 5/9 R0 0.9615 fund [5, 0, 0, 15, 3, 0, 5, 0, 0] · oasis ratio pasos 6.873 · latencia 1270.5 nunca 2 mudanzas 4 exc 0 olv 0 · escribe 4736 cobros 4736 lee 36001 siembra 94 · mundo AC 6.9172
[03:46:26]   [ 5042.3s] i18 preg    (111.7s) aborto None cruzan 8/9 R0 0.9545 fund [25, 0, 0, 0, 0, 0, 0, 0, 0] · oasis ratio pasos 7.001 · latencia 425.0 nunca 0 mudanzas 4 exc 167950 olv 229322 · escribe 0 cobros 0 lee None siembra None · mundo AC 4.4734
[03:47:02]   [ 5077.8s] i18 lug     (93.6s) aborto None cruzan 4/9 R0 0.5926 fund [21, 53, 0, 0, 0, 0, 43, 25, 33] · oasis ratio pasos 6.543 · latencia 875.5 nunca 2 mudanzas 4 exc 0 olv 0 · escribe 0 cobros 0 lee None siembra None · mundo AC 6.7612
[03:48:15]   [ 5151.3s] i18 todobar (109.0s) aborto None cruzan 6/9 R0 0.95 fund [133, 0, 0, 21, 0, 1, 0, 80, 0] · oasis ratio pasos 6.696 · latencia 428.5 nunca 0 mudanzas 4 exc 123831 olv 221782 · escribe 3969 cobros 3969 lee 29731 siembra 223 · mundo AC 5.3718
[03:48:57]   [ 5192.7s] i19 todo    (114.9s) aborto None cruzan 8/9 R0 0.963 fund [0, 0, 29, 0, 0, 0, 0, 0, 0] · oasis ratio pasos 6.811 · latencia 384.0 nunca 0 mudanzas 4 exc 169198 olv 245824 · escribe 4137 cobros 4137 lee 32871 siembra 72 · mundo AC 4.5019
[03:49:43]   [ 5238.6s] i19 sen     (87.3s) aborto None cruzan 6/9 R0 0.9697 fund [7, 0, 0, 0, 0, 0, 0, 14, 9] · oasis ratio pasos 7.042 · latencia 1334.0 nunca 2 mudanzas 4 exc 0 olv 0 · escribe 4431 cobros 4431 lee 33609 siembra 72 · mundo AC 8.1402
[03:51:30]   [ 5345.8s] i19 preg    (153.1s) aborto None cruzan 7/9 R0 0.96 fund [0, 0, 0, 0, 0, 19, 0, 0, 7] · oasis ratio pasos 6.78 · latencia 509.0 nunca 0 mudanzas 4 exc 178345 olv 231429 · escribe 0 cobros 0 lee None siembra None · mundo AC 4.1037
[03:52:11]   [ 5387.0s] i19 lug     (148.4s) aborto None cruzan 5/9 R0 0.96 fund [3, 0, 92, 19, 0, 0, 0, 15, 0] · oasis ratio pasos 6.91 · latencia 1213.0 nunca 0 mudanzas 4 exc 0 olv 0 · escribe 0 cobros 0 lee None siembra None · mundo AC 6.8277
[03:53:33]   [ 5468.8s] i19 todobar (123.0s) aborto None cruzan 3/9 R0 0.8214 fund [122, 108, 21, 9, 0, 4, 4, 0, 0] · oasis ratio pasos 6.472 · latencia 570.0 nunca 0 mudanzas 4 exc 116573 olv 221638 · escribe 3727 cobros 3727 lee 28155 siembra 320 · mundo AC 5.9174
[03:53:33] 
================ LA LETRA (escalada a n 20)
[03:53:33]   validez: {'V1_completa': True, 'V2_mundo_pide': True, 'V3_mundo_actua': True, 'V4_estado': True, 'V5_modulos_actuan': True, 'V6_bandas': True}
[03:53:33]   puertas: {'S_par_sen': True, 'S_suma_sen': True, 'S_par_preg': False, 'S_suma_preg': False, 'C_par_todobar': True, 'C_suma_todobar': True, 'E_estorban': False} · umbrales {'gana_par': 13, 'dif_suma': 10} · mejor pareja preg · EN EL UMBRAL (+-1): False · matiz None
[03:53:33]   techo: {'sen': {'semillas_en_9': 1, 'ganables': 19, 'margen_suma': 51}, 'preg': {'semillas_en_9': 7, 'ganables': 13, 'margen_suma': 17}, 'SUMAN_alcanzable': True}
[03:53:33]   todo vs sen: gana 17 empata 3 pierde 0 · suma 169 vs 129 (dif 40) · por indice [9, 9, 8, 9, 8, 9, 8, 9, 8, 9, 9, 7, 8, 9, 9, 9, 9, 7, 8, 8] vs [5, 5, 8, 6, 8, 8, 7, 5, 7, 9, 6, 5, 6, 7, 6, 7, 8, 5, 5, 6]
[03:53:33]   todo vs preg: gana 9 empata 8 pierde 3 · suma 169 vs 163 (dif 6) · por indice [9, 9, 8, 9, 8, 9, 8, 9, 8, 9, 9, 7, 8, 9, 9, 9, 9, 7, 8, 8] vs [8, 9, 6, 8, 7, 8, 8, 9, 9, 8, 8, 8, 8, 9, 9, 9, 8, 9, 8, 7]
[03:53:33]   todo vs todobar: gana 20 empata 0 pierde 0 · suma 169 vs 95 (dif 74) · por indice [9, 9, 8, 9, 8, 9, 8, 9, 8, 9, 9, 7, 8, 9, 9, 9, 9, 7, 8, 8] vs [6, 4, 2, 6, 7, 5, 5, 5, 7, 4, 4, 2, 5, 5, 5, 4, 6, 4, 6, 3]
[03:53:33]   [sombra] fund_todo_menor_que_sen: gana 19 empata 1 pierde 0 · mediana 0.0556 vs 6.1667
[03:53:33]   [sombra] latencia_todo_menor_que_sen: gana 20 empata 0 pierde 0 · mediana 458.0 vs 1271.25
[03:53:33]   [sombra] fund_todo_menor_que_preg: gana 10 empata 5 pierde 5 · mediana 0.0556 vs 1.0556
[03:53:33]   [sombra] latencia_todo_menor_que_preg: gana 8 empata 0 pierde 12 · mediana 458.0 vs 458.25
[03:53:33]   [sombra] SUMAN_en_sombra: False
[03:53:33]   [desc] suma_cruzan: {'todo': 169, 'sen': 129, 'preg': 163, 'lug': 95, 'todobar': 95}
[03:53:33]   [desc] mayorias: {'todo': 20, 'sen': 20, 'preg': 20, 'lug': 12, 'todobar': 12}
[03:53:33]   [desc] R0_med: {'todo': 0.9583, 'sen': 0.9697, 'preg': 0.9574, 'lug': 0.9495, 'todobar': 0.9321}
[03:53:33]   [desc] fund_media: {'todo': 0.0556, 'sen': 6.1667, 'preg': 1.0556, 'lug': 19.8889, 'todobar': 23.4444}
[03:53:33]   [desc] establecidos_0fund_post10k: {'todo': 180, 'sen': 140, 'preg': 177, 'lug': 136, 'todobar': 147}
[03:53:33]   [desc] vida_med: {'todo': 2523.5, 'sen': 1005.0, 'preg': 2413.5, 'lug': 796.0, 'todobar': 1777.0}
[03:53:33]   [desc] latencia_mudanza_med: {'todo': 458.0, 'sen': 1271.25, 'preg': 458.25, 'lug': 1242.25, 'todobar': 459.25}
[03:53:33]   [desc] nunca_llegan: {'todo': 0, 'sen': 18, 'preg': 0, 'lug': 23, 'todobar': 4}
[03:53:33]   [desc] mundo_AC: {'todo': 4.7196, 'sen': 7.1582, 'preg': 4.5583, 'lug': 6.3049, 'todobar': 5.3477}
[03:53:33]   [desc] mundo_AC_todo_sobre_lug: 0.749
[03:53:33]   [desc] ratio_pasos_oasis: {'todo': 7.041, 'sen': 6.919, 'preg': 6.975, 'lug': 6.404, 'todobar': 6.605}
[03:53:33]   [desc] escrituras: {'todo': 4276.0, 'sen': 4621.0, 'preg': 0.0, 'lug': 0.0, 'todobar': 3961.0}
[03:53:33]   [desc] siembras: {'todo': 65.0, 'sen': 93.0, 'preg': 0.0, 'lug': 0.0, 'todobar': 191.0}
[03:53:33]   [desc] excursiones: {'todo': 161690.0, 'sen': 0.0, 'preg': 171562.0, 'lug': 0.0, 'todobar': 131124.0}
[03:53:33]   [desc] olvidos: {'todo': 242843.0, 'sen': 0.0, 'preg': 237206.5, 'lug': 0.0, 'todobar': 226085.5}
[03:53:33]   [desc] bandas: {'lug': {'banda': (60, 115), 'suma': 95}, 'preg': {'banda': (140, 180), 'suma': 163}, 'sen': {'banda': (50, 155), 'suma': 129}}
[03:53:33] 
  RESUMEN C:\Users\User\Documents\PROYECTOS\JUACO\organelos\experimentos\organelos\escalera\juntos\datos\juntos_replica_s738551-738570_T100000_m20000_20261001_022223\resumen.json (sha 8c02d82ac1345a5c) · abortos 0 · 5469.4s
[03:53:33] VEREDICTO: NO SUMAN
