CORRE_EVO · evo_s41041-41050_T300000 · 20260928_164544 · python 3.13.12 · pool 3 · corre_evo.py 7d8e660a1b0e1a71 · preregistro PREREGISTRO_termo_evo.md · carpeta /home/user/juaco/experimentos/organelos/termo_evo/datos/evo_s41041-41050_T300000_20260928_164544
  tareas 20 · brazos ['evo', 'sinher'] · semillas 41041-41050 · T 300000 · fundador limpio 1 · reanuda False
  sha experimentos/tronco_v14_3/corre_v143.py 24100621c450da22 OK
  sha experimentos/tronco_v14_3/carros_v143/V143.py 2a03048a7f1525e5 OK
  sha experimentos/carrera_escuderias/pista.py 9f47c65e438e0ff4 OK
  sha experimentos/carrera_escuderias/juez.py 6a68f640a7832f12 OK
  sha experimentos/carrera_escuderias/carros/O1.py 99436afa2715f028 OK
  sha experimentos/carrera_escuderias/revisa_carro.py 1c8a789f7427ab96 OK
  sha experimentos/organelos/termo_evo/construye_evo.py 6cdd7dd10e9a0594 OK
  sha experimentos/organelos/termo_evo/carros/V143_EVO_BAJO.py 3187b373654e119f OK
  sha experimentos/organelos/termo_evo/carros/V143_EVO_ANCHO.py 1ff17bf4c6e32382 OK
  sha experimentos/organelos/termo_evo/carros/V143_EVO_SINHER.py a11989a3b04d13d6 OK
  sha experimentos/organelos/termo_evo/carros/V143_EVO_M40.py 713cd55ed465cc82 OK
  carro V143_EVO_BAJO sha 3187b373654e119f == construye: True · revisa_carro: PASA
  carro V143_EVO_ANCHO sha 1ff17bf4c6e32382 == construye: True · revisa_carro: PASA
  carro V143_EVO_SINHER sha a11989a3b04d13d6 == construye: True · revisa_carro: PASA
  carro V143_EVO_M40 sha 713cd55ed465cc82 == construye: True · revisa_carro: PASA
  IDENTIDAD CORTA: V143_EVO_BAJO con EVO = 0 == V143 (salida ENTERA, N 9, s 41913, T 2000, fundador limpio): OK
  IDENTIDAD CORTA: V143_EVO_ANCHO con EVO = 0 == V143 (salida ENTERA, N 9, s 41913, T 2000, fundador limpio): OK
  IDENTIDAD CORTA: V143_EVO_SINHER con EVO = 0 == V143 (salida ENTERA, N 9, s 41913, T 2000, fundador limpio): OK
  IDENTIDAD CORTA: V143_EVO_M40 con EVO = 0 == V143 (salida ENTERA, N 9, s 41913, T 2000, fundador limpio): OK
  [  461.4s] sinher s41041 (445.7s) R0 pista 0.2733 aborto None · R0 real por linaje [0.3944, 0.1368, 0.7609, 0.2323, 0.2683, 0.9032, 0.3944, 0.1172, 0.0808] · fundadores [42, 201, 10, 118, 89, 2, 42, 225, 306] · g padres ultima ventana {'n': 25, 'media': 0.057}
  [  465.3s] evo s41041 (449.6s) R0 pista 0.4861 aborto None · R0 real por linaje [0.2842, 0.9841, 0.5217, 0.9216, 0.9221, 0.9589, 0.0118, 0.6296, 0.4247] · fundadores [135, 0, 54, 3, 5, 2, 918, 29, 83] · g padres ultima ventana {'n': 95, 'media': 0.11}
  [  466.0s] evo s41042 (450.3s) R0 pista 0.4657 aborto None · R0 real por linaje [0.1026, 0.9467, 0.8406, 0.0279, 0.7216, 0.9706, 0.6634, 0.9841, 0.2438] · fundadores [410, 3, 10, 869, 26, 1, 33, 0, 182] · g padres ultima ventana {'n': 77, 'media': 0.1205}
  [  924.7s] sinher s41042 (463.2s) R0 pista 0.2602 aborto None · R0 real por linaje [0.4045, 0.9111, 0.0804, 0.0712, 0.3714, 0.0677, 0.5119, 0.9714, 0.4578] · fundadores [52, 3, 308, 299, 43, 357, 40, 0, 44] · g padres ultima ventana {'n': 34, 'media': 0.0701}
  [  932.3s] evo s41043 (467.0s) R0 pista 0.4873 aborto None · R0 real por linaje [0.9851, 0.9841, 0.3333, 0.0114, 0.2802, 0.9861, 0.7571, 0.6912, 0.9841] · fundadores [0, 0, 87, 1036, 166, 0, 16, 20, 0] · g padres ultima ventana {'n': 103, 'media': 0.1264}
  [  932.9s] sinher s41043 (466.9s) R0 pista 0.2586 aborto None · R0 real por linaje [0.2014, 0.7353, 0.208, 0.1244, 0.0827, 0.2734, 0.4746, 0.1684, 0.2013] · fundadores [114, 17, 98, 182, 254, 100, 30, 157, 118] · g padres ultima ventana {'n': 35, 'media': 0.0631}
  [ 1378.1s] evo s41044 (453.4s) R0 pista 0.45 aborto None · R0 real por linaje [0.5204, 0.1359, 0.0905, 0.9286, 0.7143, 0.6667, 0.0437, 0.5854, 0.9844] · fundadores [46, 266, 411, 3, 25, 22, 655, 50, 0] · g padres ultima ventana {'n': 116, 'media': 0.1189}
  [ 1385.4s] sinher s41044 (453.1s) R0 pista 0.2473 aborto None · R0 real por linaje [0.9231, 0.5172, 0.1923, 0.0684, 0.3729, 0.1239, 0.0831, 0.0592, 0.4412] · fundadores [2, 27, 146, 176, 36, 190, 308, 301, 37] · g padres ultima ventana {'n': 29, 'media': 0.0581}
  [ 1387.8s] evo s41045 (454.9s) R0 pista 0.4759 aborto None · R0 real por linaje [0.54, 0.9697, 0.6142, 0.5083, 0.2058, 0.9298, 0.6667, 0.0124, 0.9855] · fundadores [45, 1, 48, 58, 219, 3, 37, 1355, 0] · g padres ultima ventana {'n': 127, 'media': 0.1608}
  [ 1837.3s] sinher s41045 (459.2s) R0 pista 0.2648 aborto None · R0 real por linaje [0.1116, 0.194, 0.5882, 0.1322, 0.9778, 0.0839, 0.6333, 0.1979, 0.1159] · fundadores [198, 107, 27, 209, 0, 272, 21, 76, 266] · g padres ultima ventana {'n': 31, 'media': 0.0597}
  [ 1844.4s] evo s41046 (459.0s) R0 pista 0.4249 aborto None · R0 real por linaje [0.525, 0.3464, 0.9853, 0.4333, 0.0237, 0.459, 0.9831, 0.5699, 0.9839] · fundadores [56, 99, 0, 67, 1029, 65, 0, 39, 0] · g padres ultima ventana {'n': 86, 'media': 0.1185}
  [ 1849.4s] sinher s41046 (461.6s) R0 pista 0.2507 aborto None · R0 real por linaje [0.141, 0.0898, 0.7692, 0.0969, 0.0354, 0.4516, 0.2692, 0.375, 0.2051] · fundadores [200, 151, 11, 232, 326, 33, 113, 59, 123] · g padres ultima ventana {'n': 40, 'media': 0.065}
  [ 2303.1s] evo s41047 (465.7s) R0 pista 0.4833 aborto None · R0 real por linaje [0.8636, 0.9873, 0.7875, 0.0103, 0.9821, 0.4918, 0.9861, 0.6667, 0.9846] · fundadores [8, 0, 16, 1348, 0, 61, 0, 24, 0] · g padres ultima ventana {'n': 125, 'media': 0.0992}
  [ 2308.5s] sinher s41047 (464.0s) R0 pista 0.1976 aborto None · R0 real por linaje [0.3093, 0.3281, 0.0743, 0.3443, 0.0675, 0.1189, 0.0733, 0.2784, 0.2292] · fundadores [66, 42, 248, 79, 234, 214, 176, 69, 73] · g padres ultima ventana {'n': 26, 'media': 0.0489}
  [ 2315.5s] evo s41048 (466.1s) R0 pista 0.4828 aborto None · R0 real por linaje [0.9846, 0.0842, 0.0485, 0.9853, 0.5856, 0.6941, 0.9831, 0.541, 0.7449] · fundadores [0, 434, 764, 0, 45, 25, 0, 55, 24] · g padres ultima ventana {'n': 111, 'media': 0.113}
  [ 2752.1s] sinher s41048 (449.0s) R0 pista 0.2332 aborto None · R0 real por linaje [0.7077, 0.3721, 0.2053, 0.9722, 0.2672, 0.1012, 0.0853, 0.4048, 0.0791] · fundadores [18, 26, 150, 0, 84, 221, 192, 49, 290] · g padres ultima ventana {'n': 32, 'media': 0.0527}
  [ 2759.2s] evo s41049 (450.7s) R0 pista 0.3855 aborto None · R0 real por linaje [0.1519, 0.8462, 0.2946, 0.9815, 0.9839, 0.2271, 0.6737, 0.0323, 0.0883] · fundadores [267, 9, 78, 0, 0, 176, 30, 629, 319] · g padres ultima ventana {'n': 81, 'media': 0.1014}
  [ 2762.4s] sinher s41049 (446.8s) R0 pista 0.202 aborto None · R0 real por linaje [0.5465, 0.0905, 0.2696, 0.2687, 0.0651, 0.1629, 0.0604, 0.2417, 0.5116] · fundadores [38, 220, 83, 97, 243, 148, 357, 90, 41] · g padres ultima ventana {'n': 33, 'media': 0.0509}
  [ 3204.1s] evo s41050 (452.0s) R0 pista 0.477 aborto None · R0 real por linaje [0.9167, 0.0255, 0.6765, 0.0419, 0.9434, 0.466, 0.8909, 0.9808, 0.3934] · fundadores [4, 916, 32, 616, 2, 54, 5, 0, 73] · g padres ultima ventana {'n': 123, 'media': 0.1336}
  [ 3212.4s] sinher s41050 (453.1s) R0 pista 0.2636 aborto None · R0 real por linaje [0.6491, 0.4632, 0.2151, 0.0532, 0.2129, 0.124, 0.8378, 0.1613, 0.246] · fundadores [19, 50, 145, 408, 158, 218, 5, 129, 94] · g padres ultima ventana {'n': 28, 'media': 0.0561}

== evo (V143_EVO_BAJO x9) · 10 semillas 41041-41050 · T 300000 · fundador limpio 1
  R0 REAL (nacimientos reales) mediana 0.6667 (evaluables 0.667) · R0 preregistrado 1.2692 · vida mediana 903.75 · muertes 95.0 · fundadores 29.5 · casi inmortales 0/90
  ENMIENDA 5 (decide): linajes que cruzan con R0 real 30/90 · semillas con mayoria 0/10 -> no gana · ENMIENDA 6: persisten 33/90 · semillas 0/10 -> no estabiliza (muertes voluntarias fisicas 0.6864) · ENMIENDA 3 (ayer): no cruza (mediana R0 evaluables 1.269)
  causas hambre/sed/veneno/sal 1983/1854/7630/8089 (veneno+sal 80%) · pasos sin NADA bueno en el mundo 0.0132 · mordidas B+D 155.0 / A+C 1198.5 por linaje · limpiezas fisicas por cuerpo 1.1401
  telemetria del carro (NO puntua): {'frac_pasos_con_meta': 0.9826, 'vetos': 559310, 'mord_sin_meta': 3892, 'limpia_propia': 3736, 'todo_obst': 0, 'des_splits': 1463}
  contabilidad coherente 90/90 · t_fund reconstruible 90/90 · s por corrida (mediana) 454.15
  pieza (evo): contadores de la ultima instancia {'dec': 462162, 'a_no': 334126, 'a_si': 3665, 'mord': 81135}
  CURVA DE g (evo; por ventana de 30000 pasos: padres media [q10 q50 q90] n · vivos media · muertos hijos/cuerpo)
    [     0, 30000) padres 0.0749 [0.0296 0.0744 0.1232] n 654 · vivos 0.0144 [-0.0733 0.0146 0.092] · muertos n 1611 hijos/cuerpo 0.2986
    [ 30000, 60000) padres 0.0851 [0.0367 0.0749 0.1412] n 871 · vivos 0.0463 [-0.0406 0.0546 0.1171] · muertos n 2120 hijos/cuerpo 0.4387
    [ 60000, 90000) padres 0.0964 [0.0387 0.0927 0.161] n 880 · vivos 0.0559 [-0.0289 0.0574 0.1349] · muertos n 1893 hijos/cuerpo 0.4443
    [ 90000,120000) padres 0.1032 [0.0399 0.0965 0.1811] n 972 · vivos 0.0699 [-0.0087 0.0695 0.1565] · muertos n 1947 hijos/cuerpo 0.4905
    [120000,150000) padres 0.1001 [0.0393 0.0898 0.1789] n 893 · vivos 0.0674 [-0.0075 0.0656 0.1526] · muertos n 1882 hijos/cuerpo 0.4665
    [150000,180000) padres 0.1047 [0.0433 0.1035 0.1777] n 934 · vivos 0.0664 [-0.0223 0.065 0.1561] · muertos n 1811 hijos/cuerpo 0.5301
    [180000,210000) padres 0.1104 [0.0496 0.1079 0.1691] n 886 · vivos 0.0753 [-0.0035 0.0769 0.153] · muertos n 1911 hijos/cuerpo 0.4731
    [210000,240000) padres 0.1099 [0.0452 0.1059 0.1772] n 921 · vivos 0.0824 [0.0084 0.0809 0.1572] · muertos n 2010 hijos/cuerpo 0.4662
    [240000,270000) padres 0.1223 [0.0542 0.1131 0.1981] n 1022 · vivos 0.094 [0.0199 0.0894 0.1867] · muertos n 2158 hijos/cuerpo 0.4578
    [270000,300000) padres 0.1214 [0.045 0.1147 0.1978] n 1044 · vivos 0.0912 [0.0128 0.0918 0.1745] · muertos n 2213 hijos/cuerpo 0.4826
  PAISAJE (evo; bin de g: cuerpos, hijos por cuerpo, edad media): -0.10: 3621/0.0/452 · -0.05: 3927/0.0/666 · +0.00: 4621/0.298/1332 · +0.05: 5446/0.596/1501 · +0.10: 1282/2.025/4054 · +0.15: 497/2.616/4386 · +0.20: 133/2.541/4109 · +0.25: 24/2.75/3812 · +0.30: 4/2.0/2346 · +0.35: 1/11.0/12854

== sinher (V143_EVO_SINHER x9) · 10 semillas 41041-41050 · T 300000 · fundador limpio 1
  R0 REAL (nacimientos reales) mediana 0.2222 (evaluables 0.222) · R0 preregistrado 0.3198 · vida mediana 90.25 · muertes 135.5 · fundadores 103.5 · casi inmortales 0/90
  ENMIENDA 5 (decide): linajes que cruzan con R0 real 5/90 · semillas con mayoria 0/10 -> no gana · ENMIENDA 6: persisten 9/90 · semillas 0/10 -> no estabiliza (muertes voluntarias fisicas 0.6927) · ENMIENDA 3 (ayer): no cruza (mediana R0 evaluables 0.32)
  causas hambre/sed/veneno/sal 1108/1262/5840/6176 (veneno+sal 84%) · pasos sin NADA bueno en el mundo 0.0043 · mordidas B+D 350.5 / A+C 1051.0 por linaje · limpiezas fisicas por cuerpo 1.7336
  telemetria del carro (NO puntua): {'frac_pasos_con_meta': 0.9908, 'vetos': 279466, 'mord_sin_meta': 1697, 'limpia_propia': 1535, 'todo_obst': 0, 'des_splits': 647}
  contabilidad coherente 90/90 · t_fund reconstruible 90/90 · s por corrida (mediana) 456.15
  pieza (sinher): contadores de la ultima instancia {'dec': 316498, 'a_no': 244475, 'a_si': 1199, 'mord': 37519}
  CURVA DE g (sinher; por ventana de 30000 pasos: padres media [q10 q50 q90] n · vivos media · muertos hijos/cuerpo)
    [     0, 30000) padres 0.0616 [0.0211 0.0642 0.0928] n 344 · vivos -0.0131 [-0.0758 -0.0249 0.0694] · muertos n 1419 hijos/cuerpo 0.2051
    [ 30000, 60000) padres 0.0577 [0.0164 0.0598 0.091] n 337 · vivos -0.0098 [-0.0772 -0.0147 0.0727] · muertos n 1565 hijos/cuerpo 0.1968
    [ 60000, 90000) padres 0.0604 [0.0182 0.0684 0.0946] n 365 · vivos -0.0131 [-0.0812 -0.0238 0.0753] · muertos n 1440 hijos/cuerpo 0.2653
    [ 90000,120000) padres 0.0572 [0.021 0.0532 0.0946] n 311 · vivos -0.015 [-0.0824 -0.02 0.0673] · muertos n 1427 hijos/cuerpo 0.2278
    [120000,150000) padres 0.0552 [0.0185 0.0633 0.0896] n 388 · vivos -0.0085 [-0.0803 -0.0124 0.0693] · muertos n 1453 hijos/cuerpo 0.2498
    [150000,180000) padres 0.0582 [0.0228 0.061 0.0925] n 374 · vivos -0.0084 [-0.0774 -0.0138 0.071] · muertos n 1471 hijos/cuerpo 0.2549
    [180000,210000) padres 0.0504 [0.0199 0.0463 0.0851] n 344 · vivos -0.0089 [-0.0776 -0.0127 0.0687] · muertos n 1262 hijos/cuerpo 0.2734
    [210000,240000) padres 0.0593 [0.0224 0.0618 0.0896] n 392 · vivos -0.0095 [-0.0806 -0.0182 0.0718] · muertos n 1468 hijos/cuerpo 0.2677
    [240000,270000) padres 0.0571 [0.0221 0.056 0.0896] n 374 · vivos -0.0105 [-0.0831 -0.018 0.0725] · muertos n 1503 hijos/cuerpo 0.2462
    [270000,300000) padres 0.0587 [0.021 0.0578 0.0948] n 313 · vivos -0.0107 [-0.0803 -0.0134 0.0701] · muertos n 1378 hijos/cuerpo 0.2605
  PAISAJE (sinher; bin de g: cuerpos, hijos por cuerpo, edad media): -0.10: 3664/0.0/2035 · -0.05: 3655/0.0/2339 · +0.00: 3547/0.402/1593 · +0.05: 3520/0.593/1320

  P3 por semilla (evo: media de g de los padres en [270000, 300000); banda (0.1, 0.6)): 41041: 0.11 (n 95)* · 41042: 0.1205 (n 77)* · 41043: 0.1264 (n 103)* · 41044: 0.1189 (n 116)* · 41045: 0.1608 (n 127)* · 41046: 0.1185 (n 86)* · 41047: 0.0992 (n 125) · 41048: 0.113 (n 111)* · 41049: 0.1014 (n 81)* · 41050: 0.1336 (n 123)*

PAREADOS (por semilla: mediana del R0 real de los 9 linajes; gana = semillas en que el primero supera al segundo)
  evo vs sinher: gana 10/10 · diferencia mediana 0.4066

================ LA LETRA (PREREGISTRO_termo_evo.md sec. 6)
  validez {'V1_completa': False, 'V2_ancla_O1_gana': False, 'V3_ancla_V143': False, 'V4_pieza_actua': True}
  puertas {'P1_evo_cruza': False, 'P2_evo_gana_sinher': True, 'P3_g_en_banda': True} (P3: 9/10 semillas) · modesto True

  RESUMEN /home/user/juaco/experimentos/organelos/termo_evo/datos/evo_s41041-41050_T300000_20260928_164544/resumen.json (sha e504b7f891d33b31)
Terminado en 3212.5s
VEREDICTO DE LA SERIE: DESCRIPTIVA (sin letra: T 300 000, solo evo y sinher)   (regla de parada: PREREGISTRO_termo_evo.md sec. 7)
