[13:45:09] FUERZA BRUTA exploratoria bloque 3/6: 23 gramaticas x 1 semillas · {'semillas': (21101,), 'T': 18000, 't_corte': 6000, 'r0_margen': 6000} · shas {'corre_gramatica.py': '77cd07064a6270ab', 'motor_gramatica.py': '6b65dc5e32093424', 'carros/FAMB_GRAM_ECO.py': '2cee0a8510c997b9', 'gramatica_def.py': 'c58086e103d030d9', 'conducta.py': '9a2f1226fe27a514', 'construye_gramatica.py': 'df8c78c3c0d53cad', 'PREREGISTRO_gramatica.md': '7351f89e0db863a1'}
[13:45:27] [1/23] [nacer/todo/hijo/invertir]         s21101: persiste 0 vivos 0 r0 0.1034 (n 29) entregas {} abort None (18.2 s; 18 s)
[13:45:42] [2/23] [nacer/todo/vecino/invertir]       s21101: persiste 1 vivos 1 r0 0.3478 (n 23) entregas {'nacer/vecino/1': 87, 'nacer/vecino/0': 15} abort None (15.3 s; 34 s)
[13:45:56] [3/23] [nacer/neg/hermano/invertir]       s21101: persiste 0 vivos 0 r0 0.0 (n 21) entregas {'nacer/hermano/0': 91, 'nacer/hermano/1': 1} abort None (13.8 s; 47 s)
[13:46:11] [4/23] [nacer/pos/hijo/invertir]          s21101: persiste 0 vivos 0 r0 0.0667 (n 30) entregas {} abort None (14.2 s; 62 s)
[13:46:26] [5/23] [nacer/pos/vecino/invertir]        s21101: persiste 1 vivos 1 r0 0.1154 (n 26) entregas {'nacer/vecino/1': 107, 'nacer/vecino/0': 8} abort None (15.3 s; 77 s)
[13:46:49] [6/23] [nacer/sin0/hermano/invertir]      s21101: persiste 0 vivos 0 r0 0.0 (n 21) entregas {'nacer/hermano/0': 105, 'nacer/hermano/1': 1} abort None (22.8 s; 100 s)
[13:47:20] [7/23] [nacer/reciente/hijo/invertir]     s21101: persiste 0 vivos 0 r0 0.0 (n 22) entregas {} abort None (31.5 s; 131 s)
[13:47:45] [8/23] [nacer/reciente/vecino/invertir]   s21101: persiste 0 vivos 0 r0 0.0 (n 14) entregas {'nacer/vecino/1': 74} abort None (24.8 s; 156 s)
[13:48:08] [9/23] [vida/todo/hermano/invertir]       s21101: persiste 0 vivos 0 r0 0.1667 (n 30) entregas {'vida/hermano/0': 269, 'vida/hermano/1': 1} abort None (23.5 s; 179 s)
[13:48:40] [10/23] [vida/neg/hijo/invertir]           s21101: persiste 0 vivos 0 r0 0.0 (n 23) entregas {'vida/hijo/0': 207, 'vida/hijo/1': 19} abort None (31.5 s; 211 s)
[13:49:04] [11/23] [vida/neg/vecino/invertir]         s21101: persiste 0 vivos 0 r0 0.1875 (n 16) entregas {'vida/vecino/1': 213, 'vida/vecino/0': 1} abort None (23.9 s; 235 s)
[13:49:29] [12/23] [vida/pos/hermano/invertir]        s21101: persiste 0 vivos 0 r0 0.0909 (n 22) entregas {'vida/hermano/0': 260, 'vida/hermano/1': 1} abort None (25.3 s; 260 s)
[13:49:44] [13/23] [vida/sin0/hijo/invertir]          s21101: persiste 0 vivos 0 r0 0.1429 (n 21) entregas {'vida/hijo/0': 254, 'vida/hijo/1': 16} abort None (15.3 s; 276 s)
[13:49:59] [14/23] [vida/sin0/vecino/invertir]        s21101: persiste 0 vivos 0 r0 0.0 (n 15) entregas {'vida/vecino/1': 240, 'vida/vecino/0': 4} abort None (14.6 s; 290 s)
[13:50:13] [15/23] [vida/reciente/hermano/invertir]   s21101: persiste 0 vivos 0 r0 0.1667 (n 30) entregas {'vida/hermano/0': 269, 'vida/hermano/1': 1} abort None (14.2 s; 304 s)
[13:50:28] [16/23] [morir/todo/hijo/invertir]         s21101: persiste 0 vivos 0 r0 0.0385 (n 26) entregas {'morir/hijo/0': 642, 'morir/hijo/1': 28} abort None (14.2 s; 319 s)
[13:50:44] [17/23] [morir/todo/vecino/invertir]       s21101: persiste 0 vivos 0 r0 0.0 (n 16) entregas {'morir/vecino/1': 570, 'morir/vecino/0': 1} abort None (16.0 s; 335 s)
[13:50:57] [18/23] [morir/neg/hermano/invertir]       s21101: persiste 0 vivos 0 r0 0.15 (n 20) entregas {'morir/hermano/0': 555, 'morir/hermano/1': 2} abort None (13.9 s; 349 s)
[13:51:13] [19/23] [morir/pos/hijo/invertir]          s21101: persiste 0 vivos 0 r0 0.1714 (n 35) entregas {'morir/hijo/0': 203, 'morir/hijo/1': 37} abort None (15.1 s; 364 s)
[13:51:28] [20/23] [morir/pos/vecino/invertir]        s21101: persiste 0 vivos 0 r0 0.0833 (n 24) entregas {'morir/vecino/1': 254, 'morir/vecino/0': 1} abort None (15.3 s; 379 s)
[13:51:42] [21/23] [morir/sin0/hermano/invertir]      s21101: persiste 0 vivos 0 r0 0.15 (n 20) entregas {'morir/hermano/0': 563, 'morir/hermano/1': 2} abort None (13.7 s; 393 s)
[13:51:55] [22/23] [morir/reciente/hijo/invertir]     s21101: persiste 0 vivos 0 r0 0.0 (n 19) entregas {'morir/hijo/0': 615, 'morir/hijo/1': 23} abort None (13.3 s; 406 s)
[13:52:10] [23/23] [morir/reciente/vecino/invertir]   s21101: persiste 0 vivos 0 r0 0.1111 (n 9) entregas {'morir/vecino/1': 566, 'morir/vecino/0': 1} abort None (15.2 s; 421 s)
