[13:52:10] FUERZA BRUTA exploratoria bloque 4/6: 22 gramaticas x 1 semillas · {'semillas': (21101,), 'T': 18000, 't_corte': 6000, 'r0_margen': 6000} · shas {'corre_gramatica.py': '77cd07064a6270ab', 'motor_gramatica.py': '6b65dc5e32093424', 'carros/FAMB_GRAM_ECO.py': '2cee0a8510c997b9', 'gramatica_def.py': 'c58086e103d030d9', 'conducta.py': '9a2f1226fe27a514', 'construye_gramatica.py': 'df8c78c3c0d53cad', 'PREREGISTRO_gramatica.md': '7351f89e0db863a1'}
[13:52:24] [1/22] [nacer/todo/hermano/copiar]        s21101: persiste 0 vivos 0 r0 0.08 (n 25) entregas {'nacer/hermano/0': 107, 'nacer/hermano/1': 1} abort None (13.9 s; 14 s)
[13:52:42] [2/22] [nacer/neg/hijo/copiar]            s21101: persiste 1 vivos 7 r0 0.5161 (n 31) entregas {} abort None (18.2 s; 32 s)
[13:52:57] [3/22] [nacer/neg/vecino/copiar]          s21101: persiste 0 vivos 0 r0 0.0 (n 46) entregas {'nacer/vecino/1': 113, 'nacer/vecino/0': 4} abort None (14.8 s; 47 s)
[13:53:10] [4/22] [nacer/pos/hermano/copiar]         s21101: persiste 0 vivos 0 r0 0.0 (n 21) entregas {'nacer/hermano/0': 105, 'nacer/hermano/1': 1} abort None (13.3 s; 60 s)
[13:53:39] [5/22] [nacer/sin0/hijo/copiar]           s21101: persiste 1 vivos 7 r0 0.566 (n 53) entregas {} abort None (28.2 s; 88 s)
[13:53:57] [6/22] [nacer/sin0/vecino/copiar]         s21101: persiste 1 vivos 3 r0 0.2075 (n 53) entregas {'nacer/vecino/1': 192} abort None (18.4 s; 107 s)
[13:54:11] [7/22] [nacer/reciente/hermano/copiar]    s21101: persiste 0 vivos 0 r0 0.08 (n 25) entregas {'nacer/hermano/0': 107, 'nacer/hermano/1': 1} abort None (13.5 s; 120 s)
[13:54:24] [8/22] [vida/todo/hijo/copiar]            s21101: persiste 0 vivos 0 r0 0.0526 (n 19) entregas {'vida/hijo/0': 245, 'vida/hijo/1': 14} abort None (13.2 s; 133 s)
[13:54:39] [9/22] [vida/todo/vecino/copiar]          s21101: persiste 0 vivos 0 r0 0.0 (n 26) entregas {'vida/vecino/1': 284} abort None (15.2 s; 149 s)
[13:54:53] [10/22] [vida/neg/hermano/copiar]          s21101: persiste 0 vivos 0 r0 0.0435 (n 23) entregas {'vida/hermano/0': 232, 'vida/hermano/1': 3} abort None (13.6 s; 162 s)
[13:55:06] [11/22] [vida/pos/hijo/copiar]             s21101: persiste 0 vivos 0 r0 0.0 (n 29) entregas {'vida/hijo/0': 251, 'vida/hijo/1': 17} abort None (13.5 s; 176 s)
[13:55:21] [12/22] [vida/pos/vecino/copiar]           s21101: persiste 0 vivos 0 r0 0.1786 (n 28) entregas {'vida/vecino/1': 272} abort None (14.5 s; 190 s)
[13:55:35] [13/22] [vida/sin0/hermano/copiar]         s21101: persiste 0 vivos 0 r0 0.2414 (n 29) entregas {'vida/hermano/0': 283, 'vida/hermano/1': 3} abort None (14.2 s; 204 s)
[13:55:49] [14/22] [vida/reciente/hijo/copiar]        s21101: persiste 0 vivos 0 r0 0.3103 (n 29) entregas {'vida/hijo/0': 268, 'vida/hijo/1': 22} abort None (14.7 s; 219 s)
[13:56:04] [15/22] [vida/reciente/vecino/copiar]      s21101: persiste 0 vivos 0 r0 0.2083 (n 24) entregas {'vida/vecino/1': 267, 'vida/vecino/0': 4} abort None (14.9 s; 234 s)
[13:56:17] [16/22] [morir/todo/hermano/copiar]        s21101: persiste 0 vivos 0 r0 0.0 (n 16) entregas {'morir/hermano/0': 605, 'morir/hermano/1': 2} abort None (12.9 s; 247 s)
[13:56:31] [17/22] [morir/neg/hijo/copiar]            s21101: persiste 0 vivos 0 r0 0.0769 (n 26) entregas {'morir/hijo/0': 580, 'morir/hijo/1': 35} abort None (14.1 s; 261 s)
[13:56:51] [18/22] [morir/neg/vecino/copiar]          s21101: persiste 1 vivos 2 r0 0.0 (n 58) entregas {'morir/vecino/1': 633} abort None (19.3 s; 280 s)
[13:57:04] [19/22] [morir/pos/hermano/copiar]         s21101: persiste 0 vivos 0 r0 0.0 (n 21) entregas {'morir/hermano/0': 236, 'morir/hermano/1': 2} abort None (13.5 s; 294 s)
[13:57:20] [20/22] [morir/sin0/hijo/copiar]           s21101: persiste 1 vivos 2 r0 0.3415 (n 41) entregas {'morir/hijo/0': 628, 'morir/hijo/1': 26} abort None (16.2 s; 310 s)
[13:57:40] [21/22] [morir/sin0/vecino/copiar]         s21101: persiste 1 vivos 3 r0 0.0 (n 52) entregas {'morir/vecino/1': 625} abort None (19.9 s; 330 s)
[13:57:53] [22/22] [morir/reciente/hermano/copiar]    s21101: persiste 0 vivos 0 r0 0.0 (n 16) entregas {'morir/hermano/0': 605, 'morir/hermano/1': 2} abort None (12.9 s; 343 s)
