[13:31:57] FUERZA BRUTA exploratoria bloque 1/6: 23 gramaticas x 1 semillas · {'semillas': (21101,), 'T': 18000, 't_corte': 6000, 'r0_margen': 6000} · shas {'corre_gramatica.py': '77cd07064a6270ab', 'motor_gramatica.py': '6b65dc5e32093424', 'carros/FAMB_GRAM_ECO.py': '2cee0a8510c997b9', 'gramatica_def.py': 'c58086e103d030d9', 'conducta.py': '9a2f1226fe27a514', 'construye_gramatica.py': 'df8c78c3c0d53cad', 'PREREGISTRO_gramatica.md': '7351f89e0db863a1'}
[13:32:17] [1/23] [nacer/todo/hijo/copiar]           s21101: persiste 1 vivos 2 r0 0.7436 (n 39) entregas {} abort None (19.3 s; 19 s)
[13:32:33] [2/23] [nacer/todo/vecino/copiar]         s21101: persiste 0 vivos 0 r0 0.0476 (n 21) entregas {'nacer/vecino/1': 124} abort None (16.8 s; 36 s)
[13:32:48] [3/23] [nacer/neg/hermano/copiar]         s21101: persiste 0 vivos 0 r0 0.0 (n 25) entregas {'nacer/hermano/0': 86, 'nacer/hermano/1': 1} abort None (15.0 s; 51 s)
[13:33:04] [4/23] [nacer/pos/hijo/copiar]            s21101: persiste 0 vivos 0 r0 0.1304 (n 23) entregas {} abort None (15.3 s; 66 s)
[13:33:19] [5/23] [nacer/pos/vecino/copiar]          s21101: persiste 0 vivos 0 r0 0.0435 (n 23) entregas {'nacer/vecino/1': 101, 'nacer/vecino/0': 5} abort None (15.4 s; 82 s)
[13:33:36] [6/23] [nacer/sin0/hermano/copiar]        s21101: persiste 1 vivos 1 r0 0.0968 (n 31) entregas {'nacer/hermano/0': 120, 'nacer/hermano/1': 2} abort None (16.4 s; 98 s)
[13:33:51] [7/23] [nacer/reciente/hijo/copiar]       s21101: persiste 0 vivos 0 r0 0.0455 (n 22) entregas {} abort None (15.2 s; 113 s)
[13:34:06] [8/23] [nacer/reciente/vecino/copiar]     s21101: persiste 0 vivos 0 r0 0.1304 (n 23) entregas {'nacer/vecino/1': 114} abort None (15.4 s; 129 s)
[13:34:21] [9/23] [vida/todo/hermano/copiar]         s21101: persiste 0 vivos 0 r0 0.0 (n 21) entregas {'vida/hermano/0': 267, 'vida/hermano/1': 3} abort None (14.8 s; 144 s)
[13:34:40] [10/23] [vida/neg/hijo/copiar]             s21101: persiste 1 vivos 2 r0 0.2619 (n 42) entregas {'vida/hijo/0': 249, 'vida/hijo/1': 54} abort None (18.7 s; 162 s)
[13:35:00] [11/23] [vida/neg/vecino/copiar]           s21101: persiste 1 vivos 1 r0 0.0 (n 60) entregas {'vida/vecino/1': 394, 'vida/vecino/0': 4} abort None (20.4 s; 183 s)
[13:35:15] [12/23] [vida/pos/hermano/copiar]          s21101: persiste 0 vivos 0 r0 0.1667 (n 30) entregas {'vida/hermano/0': 269, 'vida/hermano/1': 1} abort None (15.1 s; 198 s)
[13:35:32] [13/23] [vida/sin0/hijo/copiar]            s21101: persiste 1 vivos 1 r0 0.1923 (n 26) entregas {'vida/hijo/0': 271, 'vida/hijo/1': 36} abort None (17.2 s; 215 s)
[13:35:56] [14/23] [vida/sin0/vecino/copiar]          s21101: persiste 1 vivos 3 r0 0.3548 (n 62) entregas {'vida/vecino/1': 457} abort None (23.8 s; 239 s)
[13:36:13] [15/23] [vida/reciente/hermano/copiar]     s21101: persiste 0 vivos 0 r0 0.0 (n 24) entregas {'vida/hermano/0': 272, 'vida/hermano/1': 3} abort None (16.9 s; 256 s)
[13:36:31] [16/23] [morir/todo/hijo/copiar]           s21101: persiste 1 vivos 2 r0 0.0333 (n 30) entregas {'morir/hijo/0': 647, 'morir/hijo/1': 25} abort None (18.1 s; 274 s)
[13:36:52] [17/23] [morir/todo/vecino/copiar]         s21101: persiste 0 vivos 0 r0 0.3889 (n 36) entregas {'morir/vecino/1': 611, 'morir/vecino/0': 1} abort None (20.3 s; 294 s)
[13:37:08] [18/23] [morir/neg/hermano/copiar]         s21101: persiste 0 vivos 0 r0 0.0312 (n 32) entregas {'morir/hermano/0': 586, 'morir/hermano/1': 3} abort None (16.8 s; 311 s)
[13:37:25] [19/23] [morir/pos/hijo/copiar]            s21101: persiste 0 vivos 0 r0 0.0 (n 20) entregas {'morir/hijo/0': 258, 'morir/hijo/1': 25} abort None (16.2 s; 327 s)
[13:37:42] [20/23] [morir/pos/vecino/copiar]          s21101: persiste 0 vivos 0 r0 0.0 (n 21) entregas {'morir/vecino/1': 283, 'morir/vecino/0': 1} abort None (17.4 s; 345 s)
[13:37:58] [21/23] [morir/sin0/hermano/copiar]        s21101: persiste 0 vivos 0 r0 0.0312 (n 32) entregas {'morir/hermano/0': 589, 'morir/hermano/1': 3} abort None (15.8 s; 361 s)
[13:38:15] [22/23] [morir/reciente/hijo/copiar]       s21101: persiste 0 vivos 0 r0 0.4 (n 35) entregas {'morir/hijo/0': 610, 'morir/hijo/1': 34} abort None (17.1 s; 378 s)
[13:38:34] [23/23] [morir/reciente/vecino/copiar]     s21101: persiste 0 vivos 0 r0 0.0 (n 26) entregas {'morir/vecino/1': 610, 'morir/vecino/0': 1} abort None (18.6 s; 396 s)
