[13:57:53] FUERZA BRUTA exploratoria bloque 5/6: 22 gramaticas x 1 semillas · {'semillas': (21101,), 'T': 18000, 't_corte': 6000, 'r0_margen': 6000} · shas {'corre_gramatica.py': '77cd07064a6270ab', 'motor_gramatica.py': '6b65dc5e32093424', 'carros/FAMB_GRAM_ECO.py': '2cee0a8510c997b9', 'gramatica_def.py': 'c58086e103d030d9', 'conducta.py': '9a2f1226fe27a514', 'construye_gramatica.py': 'df8c78c3c0d53cad', 'PREREGISTRO_gramatica.md': '7351f89e0db863a1'}
[13:58:07] [1/22] [nacer/todo/hermano/promediar]     s21101: persiste 0 vivos 0 r0 0.08 (n 25) entregas {'nacer/hermano/0': 107, 'nacer/hermano/1': 1} abort None (13.5 s; 13 s)
[13:58:20] [2/22] [nacer/neg/hijo/promediar]         s21101: persiste 0 vivos 0 r0 0.0556 (n 18) entregas {} abort None (13.4 s; 27 s)
[13:58:36] [3/22] [nacer/neg/vecino/promediar]       s21101: persiste 1 vivos 3 r0 0.2051 (n 39) entregas {'nacer/vecino/1': 134} abort None (15.1 s; 42 s)
[13:58:49] [4/22] [nacer/pos/hermano/promediar]      s21101: persiste 0 vivos 0 r0 0.0 (n 21) entregas {'nacer/hermano/0': 105, 'nacer/hermano/1': 1} abort None (13.3 s; 55 s)
[13:59:03] [5/22] [nacer/sin0/hijo/promediar]        s21101: persiste 0 vivos 0 r0 0.4286 (n 21) entregas {} abort None (14.4 s; 70 s)
[13:59:20] [6/22] [nacer/sin0/vecino/promediar]      s21101: persiste 1 vivos 1 r0 0.0 (n 48) entregas {'nacer/vecino/1': 161, 'nacer/vecino/0': 5} abort None (16.4 s; 86 s)
[13:59:33] [7/22] [nacer/reciente/hermano/promediar] s21101: persiste 0 vivos 0 r0 0.08 (n 25) entregas {'nacer/hermano/0': 107, 'nacer/hermano/1': 1} abort None (13.7 s; 100 s)
[13:59:47] [8/22] [vida/todo/hijo/promediar]         s21101: persiste 0 vivos 0 r0 0.0 (n 25) entregas {'vida/hijo/0': 248, 'vida/hijo/1': 20} abort None (13.7 s; 114 s)
[14:00:03] [9/22] [vida/todo/vecino/promediar]       s21101: persiste 0 vivos 0 r0 0.0 (n 34) entregas {'vida/vecino/1': 273, 'vida/vecino/0': 1} abort None (15.5 s; 129 s)
[14:00:16] [10/22] [vida/neg/hermano/promediar]       s21101: persiste 0 vivos 0 r0 0.0 (n 20) entregas {'vida/hermano/0': 220, 'vida/hermano/1': 3} abort None (13.5 s; 143 s)
[14:00:31] [11/22] [vida/pos/hijo/promediar]          s21101: persiste 0 vivos 0 r0 0.2 (n 25) entregas {'vida/hijo/0': 270, 'vida/hijo/1': 19} abort None (14.7 s; 157 s)
[14:00:46] [12/22] [vida/pos/vecino/promediar]        s21101: persiste 0 vivos 0 r0 0.0 (n 23) entregas {'vida/vecino/1': 267, 'vida/vecino/0': 2} abort None (14.7 s; 172 s)
[14:00:59] [13/22] [vida/sin0/hermano/promediar]      s21101: persiste 0 vivos 0 r0 0.0 (n 20) entregas {'vida/hermano/0': 266, 'vida/hermano/1': 3} abort None (13.5 s; 186 s)
[14:01:12] [14/22] [vida/reciente/hijo/promediar]     s21101: persiste 0 vivos 0 r0 0.0 (n 19) entregas {'vida/hijo/0': 241, 'vida/hijo/1': 16} abort None (13.3 s; 199 s)
[14:01:27] [15/22] [vida/reciente/vecino/promediar]   s21101: persiste 0 vivos 0 r0 0.0 (n 23) entregas {'vida/vecino/1': 262, 'vida/vecino/0': 6} abort None (14.8 s; 214 s)
[14:01:40] [16/22] [morir/todo/hermano/promediar]     s21101: persiste 0 vivos 0 r0 0.0 (n 16) entregas {'morir/hermano/0': 605, 'morir/hermano/1': 2} abort None (12.8 s; 226 s)
[14:01:53] [17/22] [morir/neg/hijo/promediar]         s21101: persiste 0 vivos 0 r0 0.0 (n 18) entregas {'morir/hijo/0': 554, 'morir/hijo/1': 31} abort None (13.2 s; 240 s)
[14:02:10] [18/22] [morir/neg/vecino/promediar]       s21101: persiste 1 vivos 1 r0 0.0 (n 49) entregas {'morir/vecino/1': 632} abort None (16.5 s; 256 s)
[14:02:23] [19/22] [morir/pos/hermano/promediar]      s21101: persiste 0 vivos 0 r0 0.0 (n 21) entregas {'morir/hermano/0': 236, 'morir/hermano/1': 2} abort None (13.5 s; 270 s)
[14:02:37] [20/22] [morir/sin0/hijo/promediar]        s21101: persiste 0 vivos 0 r0 0.0741 (n 27) entregas {'morir/hijo/0': 563, 'morir/hijo/1': 22} abort None (13.6 s; 283 s)
[14:02:54] [21/22] [morir/sin0/vecino/promediar]      s21101: persiste 1 vivos 2 r0 0.0435 (n 46) entregas {'morir/vecino/1': 623} abort None (17.2 s; 301 s)
[14:03:07] [22/22] [morir/reciente/hermano/promediar] s21101: persiste 0 vivos 0 r0 0.0 (n 16) entregas {'morir/hermano/0': 605, 'morir/hermano/1': 2} abort None (12.9 s; 313 s)
