[13:38:34] FUERZA BRUTA exploratoria bloque 2/6: 23 gramaticas x 1 semillas · {'semillas': (21101,), 'T': 18000, 't_corte': 6000, 'r0_margen': 6000} · shas {'corre_gramatica.py': '77cd07064a6270ab', 'motor_gramatica.py': '6b65dc5e32093424', 'carros/FAMB_GRAM_ECO.py': '2cee0a8510c997b9', 'gramatica_def.py': 'c58086e103d030d9', 'conducta.py': '9a2f1226fe27a514', 'construye_gramatica.py': 'df8c78c3c0d53cad', 'PREREGISTRO_gramatica.md': '7351f89e0db863a1'}
[13:38:51] [1/23] [nacer/todo/hijo/promediar]        s21101: persiste 0 vivos 0 r0 0.2857 (n 28) entregas {} abort None (17.0 s; 17 s)
[13:39:08] [2/23] [nacer/todo/vecino/promediar]      s21101: persiste 0 vivos 0 r0 0.1481 (n 27) entregas {'nacer/vecino/1': 107, 'nacer/vecino/0': 2} abort None (17.4 s; 34 s)
[13:39:24] [3/23] [nacer/neg/hermano/promediar]      s21101: persiste 0 vivos 0 r0 0.08 (n 25) entregas {'nacer/hermano/0': 93, 'nacer/hermano/1': 1} abort None (16.0 s; 50 s)
[13:39:41] [4/23] [nacer/pos/hijo/promediar]         s21101: persiste 0 vivos 0 r0 0.0952 (n 21) entregas {} abort None (16.5 s; 67 s)
[13:39:57] [5/23] [nacer/pos/vecino/promediar]       s21101: persiste 0 vivos 0 r0 0.0952 (n 21) entregas {'nacer/vecino/1': 106} abort None (16.5 s; 83 s)
[13:40:13] [6/23] [nacer/sin0/hermano/promediar]     s21101: persiste 0 vivos 0 r0 0.0 (n 20) entregas {'nacer/hermano/0': 98, 'nacer/hermano/1': 1} abort None (15.9 s; 99 s)
[13:40:32] [7/23] [nacer/reciente/hijo/promediar]    s21101: persiste 0 vivos 0 r0 0.1111 (n 27) entregas {} abort None (18.5 s; 118 s)
[13:40:49] [8/23] [nacer/reciente/vecino/promediar]  s21101: persiste 0 vivos 0 r0 0.0 (n 22) entregas {'nacer/vecino/1': 93, 'nacer/vecino/0': 3} abort None (16.9 s; 135 s)
[13:41:05] [9/23] [vida/todo/hermano/promediar]      s21101: persiste 0 vivos 0 r0 0.0 (n 22) entregas {'vida/hermano/0': 268, 'vida/hermano/1': 2} abort None (15.9 s; 151 s)
[13:41:21] [10/23] [vida/neg/hijo/promediar]          s21101: persiste 0 vivos 0 r0 0.4348 (n 23) entregas {'vida/hijo/0': 213, 'vida/hijo/1': 18} abort None (16.5 s; 167 s)
[13:41:41] [11/23] [vida/neg/vecino/promediar]        s21101: persiste 1 vivos 1 r0 0.0952 (n 42) entregas {'vida/vecino/1': 307, 'vida/vecino/0': 8} abort None (19.5 s; 187 s)
[13:41:57] [12/23] [vida/pos/hermano/promediar]       s21101: persiste 0 vivos 0 r0 0.0 (n 21) entregas {'vida/hermano/0': 268, 'vida/hermano/1': 2} abort None (16.4 s; 203 s)
[13:42:13] [13/23] [vida/sin0/hijo/promediar]         s21101: persiste 0 vivos 0 r0 0.0 (n 25) entregas {'vida/hijo/0': 242, 'vida/hijo/1': 24} abort None (15.9 s; 219 s)
[13:42:34] [14/23] [vida/sin0/vecino/promediar]       s21101: persiste 1 vivos 3 r0 0.0 (n 49) entregas {'vida/vecino/1': 338} abort None (21.1 s; 240 s)
[13:42:50] [15/23] [vida/reciente/hermano/promediar]  s21101: persiste 0 vivos 0 r0 0.0 (n 22) entregas {'vida/hermano/0': 268, 'vida/hermano/1': 2} abort None (16.4 s; 257 s)
[13:43:07] [16/23] [morir/todo/hijo/promediar]        s21101: persiste 0 vivos 0 r0 0.0588 (n 17) entregas {'morir/hijo/0': 640, 'morir/hijo/1': 23} abort None (16.1 s; 273 s)
[13:43:27] [17/23] [morir/todo/vecino/promediar]      s21101: persiste 0 vivos 0 r0 0.037 (n 27) entregas {'morir/vecino/1': 627, 'morir/vecino/0': 1} abort None (20.1 s; 293 s)
[13:43:43] [18/23] [morir/neg/hermano/promediar]      s21101: persiste 0 vivos 0 r0 0.0357 (n 28) entregas {'morir/hermano/0': 581, 'morir/hermano/1': 3} abort None (16.1 s; 309 s)
[13:44:00] [19/23] [morir/pos/hijo/promediar]         s21101: persiste 0 vivos 0 r0 0.2143 (n 28) entregas {'morir/hijo/0': 235, 'morir/hijo/1': 35} abort None (17.5 s; 326 s)
[13:44:17] [20/23] [morir/pos/vecino/promediar]       s21101: persiste 0 vivos 0 r0 0.0 (n 23) entregas {'morir/vecino/1': 279, 'morir/vecino/0': 1} abort None (16.7 s; 343 s)
[13:44:33] [21/23] [morir/sin0/hermano/promediar]     s21101: persiste 0 vivos 0 r0 0.0357 (n 28) entregas {'morir/hermano/0': 584, 'morir/hermano/1': 3} abort None (16.2 s; 359 s)
[13:44:50] [22/23] [morir/reciente/hijo/promediar]    s21101: persiste 0 vivos 0 r0 0.05 (n 20) entregas {'morir/hijo/0': 647, 'morir/hijo/1': 23} abort None (16.5 s; 376 s)
[13:45:09] [23/23] [morir/reciente/vecino/promediar]  s21101: persiste 0 vivos 0 r0 0.1034 (n 29) entregas {'morir/vecino/1': 630, 'morir/vecino/0': 1} abort None (18.9 s; 395 s)
