[13:25:52] FUERZA BRUTA exploratoria bloque 0/6: 23 gramaticas x 1 semillas · {'semillas': (21101,), 'T': 18000, 't_corte': 6000, 'r0_margen': 6000} · shas {'corre_gramatica.py': '77cd07064a6270ab', 'motor_gramatica.py': '6b65dc5e32093424', 'carros/FAMB_GRAM_ECO.py': '2cee0a8510c997b9', 'gramatica_def.py': 'c58086e103d030d9', 'conducta.py': '9a2f1226fe27a514', 'construye_gramatica.py': 'df8c78c3c0d53cad'}
[13:26:09] [1/23] []                                 s21101: persiste 0 vivos 0 r0 0.0 (n 21) entregas {} abort None (16.5 s; 16 s)
[13:26:26] [2/23] [nacer/todo/hermano/invertir]      s21101: persiste 0 vivos 0 r0 0.0 (n 21) entregas {'nacer/hermano/0': 105, 'nacer/hermano/1': 1} abort None (17.7 s; 34 s)
[13:26:44] [3/23] [nacer/neg/hijo/invertir]          s21101: persiste 0 vivos 0 r0 0.0345 (n 29) entregas {} abort None (17.5 s; 52 s)
[13:27:01] [4/23] [nacer/neg/vecino/invertir]        s21101: persiste 1 vivos 1 r0 0.45 (n 20) entregas {'nacer/vecino/1': 71, 'nacer/vecino/0': 14} abort None (17.2 s; 69 s)
[13:27:16] [5/23] [nacer/pos/hermano/invertir]       s21101: persiste 0 vivos 0 r0 0.0 (n 21) entregas {'nacer/hermano/0': 105, 'nacer/hermano/1': 1} abort None (15.1 s; 84 s)
[13:27:32] [6/23] [nacer/sin0/hijo/invertir]         s21101: persiste 0 vivos 0 r0 0.0 (n 19) entregas {} abort None (15.4 s; 99 s)
[13:27:47] [7/23] [nacer/sin0/vecino/invertir]       s21101: persiste 0 vivos 0 r0 0.0 (n 18) entregas {'nacer/vecino/1': 85, 'nacer/vecino/0': 2} abort None (15.3 s; 115 s)
[13:28:02] [8/23] [nacer/reciente/hermano/invertir]  s21101: persiste 0 vivos 0 r0 0.0 (n 21) entregas {'nacer/hermano/0': 105, 'nacer/hermano/1': 1} abort None (14.7 s; 129 s)
[13:28:17] [9/23] [vida/todo/hijo/invertir]          s21101: persiste 0 vivos 0 r0 0.0 (n 21) entregas {'vida/hijo/0': 251, 'vida/hijo/1': 23} abort None (15.1 s; 145 s)
[13:28:32] [10/23] [vida/todo/vecino/invertir]        s21101: persiste 0 vivos 0 r0 0.1667 (n 6) entregas {'vida/vecino/1': 212, 'vida/vecino/0': 3} abort None (15.2 s; 160 s)
[13:28:47] [11/23] [vida/neg/hermano/invertir]        s21101: persiste 0 vivos 0 r0 0.1667 (n 30) entregas {'vida/hermano/0': 224, 'vida/hermano/1': 1} abort None (15.2 s; 175 s)
[13:29:02] [12/23] [vida/pos/hijo/invertir]           s21101: persiste 0 vivos 0 r0 0.1429 (n 21) entregas {'vida/hijo/0': 257, 'vida/hijo/1': 21} abort None (15.0 s; 190 s)
[13:29:19] [13/23] [vida/pos/vecino/invertir]         s21101: persiste 0 vivos 0 r0 0.125 (n 24) entregas {'vida/vecino/1': 288, 'vida/vecino/0': 2} abort None (16.5 s; 207 s)
[13:29:34] [14/23] [vida/sin0/hermano/invertir]       s21101: persiste 0 vivos 0 r0 0.1667 (n 30) entregas {'vida/hermano/0': 269, 'vida/hermano/1': 1} abort None (15.3 s; 222 s)
[13:29:49] [15/23] [vida/reciente/hijo/invertir]      s21101: persiste 0 vivos 0 r0 0.0 (n 26) entregas {'vida/hijo/0': 254, 'vida/hijo/1': 13} abort None (15.1 s; 237 s)
[13:30:05] [16/23] [vida/reciente/vecino/invertir]    s21101: persiste 0 vivos 0 r0 0.0833 (n 12) entregas {'vida/vecino/1': 249, 'vida/vecino/0': 1} abort None (15.8 s; 253 s)
[13:30:21] [17/23] [morir/todo/hermano/invertir]      s21101: persiste 0 vivos 0 r0 0.0 (n 35) entregas {'morir/hermano/0': 635, 'morir/hermano/1': 2} abort None (16.4 s; 269 s)
[13:30:36] [18/23] [morir/neg/hijo/invertir]          s21101: persiste 0 vivos 0 r0 0.0 (n 19) entregas {'morir/hijo/0': 543, 'morir/hijo/1': 24} abort None (14.7 s; 284 s)
[13:30:52] [19/23] [morir/neg/vecino/invertir]        s21101: persiste 0 vivos 0 r0 0.0 (n 15) entregas {'morir/vecino/1': 541, 'morir/vecino/0': 1} abort None (15.8 s; 300 s)
[13:31:08] [20/23] [morir/pos/hermano/invertir]       s21101: persiste 0 vivos 0 r0 0.1724 (n 29) entregas {'morir/hermano/0': 240, 'morir/hermano/1': 3} abort None (16.5 s; 316 s)
[13:31:25] [21/23] [morir/sin0/hijo/invertir]         s21101: persiste 0 vivos 0 r0 0.037 (n 27) entregas {'morir/hijo/0': 578, 'morir/hijo/1': 27} abort None (16.2 s; 333 s)
[13:31:40] [22/23] [morir/sin0/vecino/invertir]       s21101: persiste 0 vivos 0 r0 0.0 (n 7) entregas {'morir/vecino/1': 548, 'morir/vecino/0': 1} abort None (15.7 s; 348 s)
[13:31:57] [23/23] [morir/reciente/hermano/invertir]  s21101: persiste 0 vivos 0 r0 0.0 (n 35) entregas {'morir/hermano/0': 635, 'morir/hermano/1': 2} abort None (16.5 s; 365 s)
