CONVIVE · serie_mix_s10014-10015_T3000_fija · 2026-09-22 20:29:36 · python 3.14.2 · pool 2
  pista2 4d2bee16e7961261 · motor d10cb9021f5d0f41 · juez e6dadfdad9c379cd · carros {'O2': '34d0bbac36a02521', 'O3': '0442c2884fcb0e11', 'O4': '75fd196ccbc1347e'}
  MIXTA 3 O2 + 3 O3 + 3 O4 · semillas 10014-10015 · T=3000 · reposicion fija · r_rep 0.03 · tope 300
  CHEQUEO ESTATICO O2: PASA
  CHEQUEO ESTATICO O3: PASA
  CHEQUEO ESTATICO O4: PASA
  IDENTIDAD CORTA solapadas=0 == pista v1 (1 FABRICA compat, T=3000): OK
  [    10.2s] MIX s10014 (9.2s) persisten 2/9 · cuerpos max 23 · (tam_carro, persiste_carro) {'O2': (4.6667, 1), 'O3': (4.5333, 1), 'O4': (8.8, 1)}
  [    10.3s] MIX s10015 (9.3s) persisten 0/9 · cuerpos max 22 · (tam_carro, persiste_carro) {'O2': (4.7333, 1), 'O3': (7.2667, 1), 'O4': (7.1333, 1)}
  CRUDO C:\Users\User\Documents\PROYECTOS\JUACO\convive\experimentos\generaciones\datos\convive_serie_mix_s10014-10015_T3000_fija_20260922_202936.json (sha e86d13b0dd810673)

  PISTA MIXTA (sec. 9), 2 semillas: tamano del carro (mediana) / persiste el carro / linajes sin extincion
   O2: 4.7 / 2 / 6
   O3: 5.9 / 2 / 6
   O4: 7.967 / 2 / 6
   O2-O3: O2 gana 1 · pierde 1 · empata 0 · diferencia mediana -1.2 · p signo 1.0 · O2 no pierde
   O2-O4: O2 gana 0 · pierde 2 · empata 0 · diferencia mediana -3.267 · p signo 0.5 · O2 PIERDE (>= 15/20)

  PREDICCIONES FIRMADAS DEL COORDINADOR (PREREGISTRO sec. 9)
   - H (MIXTA): O2 no pierde contra O3 ni contra O4 (perder = tamano menor en >= 15/20 semillas) (p 0.45): H REFUTADA
     (con 2 semillas el umbral es >= 1.5: solo prueba de ruta)
     AVISO: T = 3000 <= 10000: 'persiste el carro' es trivial (no hay tramo tras t = 10000); solo prueba de ruta
  RESUMEN C:\Users\User\Documents\PROYECTOS\JUACO\convive\experimentos\generaciones\datos\convive_serie_mix_s10014-10015_T3000_fija_20260922_202936_resumen.json
Terminado en 10.3s
