[10:45:48] EXPLORATORIO — no es dato · explora_feb_V143-V143_N0-V143_RES-V143_RES0-V143_BAR0-V143_EVO3-V143_ALPHA-V143_ANTI-FAB_EVO3-FAB_s24023-24024_T100000 · python 3.13.12 · corre_explora.py c4af6d01dc06b670 · carros_apr_reserva.py 9bff690b5c38eb29 · carros_extra.py 5316fe457ebf953f · carros_limpia.py e961c74c17286967 · carros_predice.py ff63d3d8743fd290 · carros_reserva.py 28e6b0866f2dc251 · carros_v143_evo.py b6e364c23ef0f1ec · carros_v143_familia.py 0cd482f45d474f1d · carros_v143_reserva.py fe9b5eb3bf552e08 · carros_ver.py 4b80ef71f3c2f4d6 · pista.py 9f47c65e438e0ff4 · juez.py 6a68f640a7832f12
[10:47:09]   s24023 V143       R0real 0.7179 persisten 6/9 vida 1044.5 muertes 38.0 fund 10.0 causas {'hambre': 71, 'sed': 73, 'veneno': 816, 'sal': 924} BD 87.0 AC 788.0 sinbueno 0.0189 tot {} (80.9 s)
[10:48:31]   s24023 V143_N0    R0real 0.3084 persisten 4/9 vida 174.0 muertes 106.0 fund 73.0 causas {'hambre': 69, 'sed': 60, 'veneno': 781, 'sal': 858} BD 220.0 AC 775.0 sinbueno 0.024 tot {'nodo_neutras_quitadas': 1189} (81.3 s)
[10:49:53]   s24023 V143_RES   R0real 0.4906 persisten 4/9 vida 263.0 muertes 52.0 fund 26.0 causas {'hambre': 87, 'sed': 76, 'veneno': 862, 'sal': 945} BD 106.0 AC 838.0 sinbueno 0.0235 tot {'partos': 481, 'entradas': 3335, 'neutras': 1573, 'nace_con_tabla': 272} (82.1 s)
[10:51:15]   s24023 V143_RES0  R0real 0.6429 persisten 5/9 vida 600.0 muertes 41.0 fund 14.0 causas {'hambre': 78, 'sed': 87, 'veneno': 734, 'sal': 695} BD 84.0 AC 657.0 sinbueno 0.0323 tot {'partos': 424, 'entradas': 2583, 'neutras': 938, 'nace_con_tabla': 228} (82.7 s)
[10:52:41]   s24023 V143_BAR0  R0real 0.1463 persisten 1/9 vida 66.5 muertes 285.0 fund 236.0 causas {'hambre': 53, 'sed': 66, 'veneno': 1135, 'sal': 1191} BD 767.0 AC 948.0 sinbueno 0.0043 tot {'partos': 526, 'entradas': 3131, 'neutras': 1329, 'nace_con_tabla': 378} (85.8 s)
[10:54:03]   s24023 V143_EVO3  R0real 0.5172 persisten 4/9 vida 475.0 muertes 86.0 fund 41.0 causas {'hambre': 106, 'sed': 91, 'veneno': 467, 'sal': 678} BD 165.0 AC 626.0 sinbueno 0.0427 tot {} (81.9 s)
[10:55:23]   s24023 V143_ALPHA R0real 0.62 persisten 6/9 vida 600.0 muertes 50.0 fund 18.0 causas {'hambre': 109, 'sed': 72, 'veneno': 622, 'sal': 794} BD 96.0 AC 736.0 sinbueno 0.0353 tot {} (80.3 s)
[10:56:45]   s24023 V143_ANTI  R0real 0.6765 persisten 6/9 vida 600.0 muertes 50.0 fund 14.0 causas {'hambre': 65, 'sed': 76, 'veneno': 885, 'sal': 901} BD 103.0 AC 807.0 sinbueno 0.0192 tot {} (81.7 s)
[10:58:02]   s24023 FAB_EVO3   R0real 0.2396 persisten 0/9 vida 200.0 muertes 181.0 fund 141.0 causas {'hambre': 29, 'sed': 54, 'veneno': 644, 'sal': 822} BD 582.0 AC 810.0 sinbueno 0.023 tot {} (77.2 s)
[10:59:31]   s24023 FAB        R0real 0.1713 persisten 0/9 vida 64.0 muertes 355.0 fund 294.0 causas {'hambre': 0, 'sed': 0, 'veneno': 1673, 'sal': 1724} BD 1485.0 AC 1705.0 sinbueno 0.0006 tot {} (89.0 s)
[11:00:53]   s24024 V143       R0real 0.5806 persisten 6/9 vida 1480.0 muertes 30.0 fund 12.0 causas {'hambre': 52, 'sed': 56, 'veneno': 953, 'sal': 972} BD 58.0 AC 895.0 sinbueno 0.0223 tot {} (82.3 s)
[11:02:16]   s24024 V143_N0    R0real 0.551 persisten 6/9 vida 600.0 muertes 48.0 fund 21.0 causas {'hambre': 66, 'sed': 65, 'veneno': 776, 'sal': 816} BD 78.0 AC 728.0 sinbueno 0.0258 tot {'nodo_neutras_quitadas': 1094} (82.3 s)
[11:03:41]   s24024 V143_RES   R0real 0.5254 persisten 5/9 vida 218.0 muertes 58.0 fund 27.0 causas {'hambre': 77, 'sed': 69, 'veneno': 816, 'sal': 881} BD 127.0 AC 772.0 sinbueno 0.0227 tot {'partos': 499, 'entradas': 3613, 'neutras': 1678, 'nace_con_tabla': 212} (84.7 s)
[11:05:07]   s24024 V143_RES0  R0real 0.4189 persisten 5/9 vida 200.0 muertes 73.0 fund 42.0 causas {'hambre': 88, 'sed': 65, 'veneno': 804, 'sal': 745} BD 148.0 AC 728.0 sinbueno 0.0337 tot {'partos': 471, 'entradas': 2868, 'neutras': 1065, 'nace_con_tabla': 212} (86.9 s)
[11:06:32]   s24024 V143_BAR0  R0real 0.1946 persisten 2/9 vida 61.0 muertes 220.0 fund 177.0 causas {'hambre': 50, 'sed': 50, 'veneno': 1030, 'sal': 1171} BD 596.0 AC 930.0 sinbueno 0.0102 tot {'partos': 518, 'entradas': 3169, 'neutras': 1341, 'nace_con_tabla': 406} (85.1 s)
[11:08:01]   s24024 V143_EVO3  R0real 0.3913 persisten 2/9 vida 200.0 muertes 91.0 fund 55.0 causas {'hambre': 125, 'sed': 100, 'veneno': 451, 'sal': 678} BD 183.0 AC 622.0 sinbueno 0.0408 tot {} (88.6 s)
[11:09:21]   s24024 V143_ALPHA R0real 0.5789 persisten 5/9 vida 600.0 muertes 56.0 fund 23.0 causas {'hambre': 93, 'sed': 66, 'veneno': 585, 'sal': 788} BD 113.0 AC 727.0 sinbueno 0.0386 tot {} (80.2 s)
[11:10:44]   s24024 V143_ANTI  R0real 0.675 persisten 7/9 vida 600.0 muertes 33.0 fund 10.0 causas {'hambre': 51, 'sed': 44, 'veneno': 997, 'sal': 976} BD 65.0 AC 879.0 sinbueno 0.0201 tot {} (82.9 s)
[11:12:02]   s24024 FAB_EVO3   R0real 0.2794 persisten 0/9 vida 200.0 muertes 172.0 fund 119.0 causas {'hambre': 52, 'sed': 38, 'veneno': 603, 'sal': 815} BD 564.0 AC 815.0 sinbueno 0.0218 tot {} (78.1 s)
[11:13:27]   s24024 FAB        R0real 0.1519 persisten 0/9 vida 66.0 muertes 376.0 fund 316.0 causas {'hambre': 0, 'sed': 0, 'veneno': 1687, 'sal': 1681} BD 1525.0 AC 1727.0 sinbueno 0.0008 tot {} (84.5 s)
[11:13:27] RESUMEN por brazo (medianas sobre semillas de la mediana de los 9 linajes)
[11:13:27]   V143       R0real 0.6492 persisten 12/18 vida 1262.25 muertes 34.0 fund 11.0 BD 72.5 AC 841.5 sinbueno 0.0206 muere_sin_parir 0.5271 · V143 del PC sin tocar (cargado por ruta)
[11:13:27]   V143_N0    R0real 0.4297 persisten 10/18 vida 387.0 muertes 77.0 fund 47.0 BD 149.0 AC 751.5 sinbueno 0.0249 muere_sin_parir 0.7619 · V143 con el nodo del linaje sin neutras (H-NEUTRAS; cero memoria nueva)
[11:13:27]   V143_RES   R0real 0.508 persisten 9/18 vida 240.5 muertes 55.0 fund 26.5 BD 116.5 AC 805.0 sinbueno 0.0231 muere_sin_parir 0.6946 · V143 + la tabla del padre vivo en el parto (FAMB_RES de n10b), con neutras
[11:13:27]   V143_RES0  R0real 0.5309 persisten 10/18 vida 400.0 muertes 57.0 fund 28.0 BD 116.0 AC 692.5 sinbueno 0.033 muere_sin_parir 0.7131 · V143 + la tabla del padre sin neutras (RES_SIN0 de n10c)
[11:13:27]   V143_BAR0  R0real 0.1704 persisten 3/18 vida 63.75 muertes 252.5 fund 206.5 BD 681.5 AC 939.0 sinbueno 0.0073 muere_sin_parir 0.9592 · control de contenido: RES0 con las R permutadas
[11:13:27]   V143_EVO3  R0real 0.4542 persisten 6/18 vida 337.5 muertes 88.5 fund 48.0 BD 174.0 AC 624.0 sinbueno 0.0418 muere_sin_parir 0.7612 · V143 con alpha x1.61, aversion x1.29, eta_s x1.26 (lo que eligió ECO)
[11:13:27]   V143_ALPHA R0real 0.5995 persisten 11/18 vida 600.0 muertes 53.0 fund 20.5 BD 104.5 AC 731.5 sinbueno 0.0369 muere_sin_parir 0.6279 · V143 con alpha x1.61 (el gen elegido 20/20)
[11:13:27]   V143_ANTI  R0real 0.6758 persisten 13/18 vida 600.0 muertes 41.5 fund 12.0 BD 84.0 AC 843.0 sinbueno 0.0197 muere_sin_parir 0.5686 · control de dirección: V143 con alpha /1.61
[11:13:27]   FAB_EVO3   R0real 0.2595 persisten 0/18 vida 200.0 muertes 176.5 fund 130.0 BD 573.0 AC 812.5 sinbueno 0.0224 muere_sin_parir 0.8347 · FABRICA con las tres perillas de ECO
[11:13:27]   FAB        R0real 0.1616 persisten 0/18 vida 65.0 muertes 365.5 fund 305.0 BD 1505.0 AC 1716.0 sinbueno 0.0007 muere_sin_parir 0.8954 · FABRICA de la carrera (bicho real, piso)
[11:13:27]   pareado V143 vs FAB: gana 2/2 · dif mediana 0.4876
[11:13:27]   pareado V143_N0 vs FAB: gana 2/2 · dif mediana 0.2681
[11:13:27]   pareado V143_RES vs FAB: gana 2/2 · dif mediana 0.3464
[11:13:27]   pareado V143_RES0 vs FAB: gana 2/2 · dif mediana 0.3693
[11:13:27]   pareado V143_BAR0 vs FAB: gana 1/2 · dif mediana 0.0088
[11:13:27]   pareado V143_EVO3 vs FAB: gana 2/2 · dif mediana 0.2926
[11:13:27]   pareado V143_ALPHA vs FAB: gana 2/2 · dif mediana 0.4378
[11:13:27]   pareado V143_ANTI vs FAB: gana 2/2 · dif mediana 0.5141
[11:13:27]   pareado FAB_EVO3 vs FAB: gana 2/2 · dif mediana 0.0979
[11:13:27] JSON: experimentos/exploratorio_nube_20260924/datos/explora_feb_V143-V143_N0-V143_RES-V143_RES0-V143_BAR0-V143_EVO3-V143_ALPHA-V143_ANTI-FAB_EVO3-FAB_s24023-24024_T100000_20260924_104548.json
