[10:34:54] EXPLORATORIO — no es dato · identidad · python 3.13.12 · corre_explora.py 1054a006a98f99d8 · carros_apr_reserva.py 9bff690b5c38eb29 · carros_extra.py 5316fe457ebf953f · carros_limpia.py e961c74c17286967 · carros_predice.py ff63d3d8743fd290 · carros_reserva.py 28e6b0866f2dc251 · carros_v143_familia.py 0cd482f45d474f1d · carros_v143_reserva.py fe9b5eb3bf552e08 · carros_ver.py 4b80ef71f3c2f4d6 · pista.py 9f47c65e438e0ff4 · juez.py 6a68f640a7832f12
[10:34:59]   identidad s24098: W0 == FAB en la fisica de los 9 linajes y la pista: True
[10:35:04]   identidad s24098: W2 == FAB en la fisica de los 9 linajes y la pista: True
[10:35:09]   identidad s24098: WP == FAB en la fisica de los 9 linajes y la pista: True
[10:35:14]   identidad s24098: WV == FAB en la fisica de los 9 linajes y la pista: True
[10:35:19]   identidad s24098: WA == APR en la fisica de los 9 linajes y la pista: True
[10:35:25]   identidad s24098: WL == FAB en la fisica de los 9 linajes y la pista: True
[10:35:30]   identidad s24098: RESP == RES en la fisica de los 9 linajes y la pista: True
[10:35:35]   identidad s24098: WV143 == V143 en la fisica de los 9 linajes y la pista: True
[10:35:41]   identidad s24098: WF143 == V143 en la fisica de los 9 linajes y la pista: True
[10:35:45]   identidad s24099: W0 == FAB en la fisica de los 9 linajes y la pista: True
[10:35:50]   identidad s24099: W2 == FAB en la fisica de los 9 linajes y la pista: True
[10:35:56]   identidad s24099: WP == FAB en la fisica de los 9 linajes y la pista: True
[10:36:01]   identidad s24099: WV == FAB en la fisica de los 9 linajes y la pista: True
[10:36:06]   identidad s24099: WA == APR en la fisica de los 9 linajes y la pista: True
[10:36:11]   identidad s24099: WL == FAB en la fisica de los 9 linajes y la pista: True
[10:36:16]   identidad s24099: RESP == RES en la fisica de los 9 linajes y la pista: True
[10:36:21]   identidad s24099: WV143 == V143 en la fisica de los 9 linajes y la pista: True
[10:36:27]   identidad s24099: WF143 == V143 en la fisica de los 9 linajes y la pista: True
[10:36:27] IDENTIDAD: OK
