[10:41:19] EXPLORATORIO — no es dato · identidad · python 3.13.12 · corre_explora.py c4af6d01dc06b670 · carros_apr_reserva.py 9bff690b5c38eb29 · carros_extra.py 5316fe457ebf953f · carros_limpia.py e961c74c17286967 · carros_predice.py ff63d3d8743fd290 · carros_reserva.py 28e6b0866f2dc251 · carros_v143_evo.py b6e364c23ef0f1ec · carros_v143_familia.py 0cd482f45d474f1d · carros_v143_reserva.py fe9b5eb3bf552e08 · carros_ver.py 4b80ef71f3c2f4d6 · pista.py 9f47c65e438e0ff4 · juez.py 6a68f640a7832f12
[10:41:24]   identidad s24098: W0 == FAB en la fisica de los 9 linajes y la pista: True
[10:41:29]   identidad s24098: W2 == FAB en la fisica de los 9 linajes y la pista: True
[10:41:34]   identidad s24098: WP == FAB en la fisica de los 9 linajes y la pista: True
[10:41:39]   identidad s24098: WV == FAB en la fisica de los 9 linajes y la pista: True
[10:41:44]   identidad s24098: WA == APR en la fisica de los 9 linajes y la pista: True
[10:41:49]   identidad s24098: WL == FAB en la fisica de los 9 linajes y la pista: True
[10:41:55]   identidad s24098: RESP == RES en la fisica de los 9 linajes y la pista: True
[10:42:00]   identidad s24098: WV143 == V143 en la fisica de los 9 linajes y la pista: True
[10:42:05]   identidad s24098: WF143 == V143 en la fisica de los 9 linajes y la pista: True
[10:42:10]   identidad s24098: WE143 == V143 en la fisica de los 9 linajes y la pista: True
[10:42:15]   identidad s24098: WEFAB == FAB en la fisica de los 9 linajes y la pista: True
[10:42:19]   identidad s24099: W0 == FAB en la fisica de los 9 linajes y la pista: True
[10:42:24]   identidad s24099: W2 == FAB en la fisica de los 9 linajes y la pista: True
[10:42:30]   identidad s24099: WP == FAB en la fisica de los 9 linajes y la pista: True
[10:42:35]   identidad s24099: WV == FAB en la fisica de los 9 linajes y la pista: True
[10:42:40]   identidad s24099: WA == APR en la fisica de los 9 linajes y la pista: True
[10:42:45]   identidad s24099: WL == FAB en la fisica de los 9 linajes y la pista: True
[10:42:50]   identidad s24099: RESP == RES en la fisica de los 9 linajes y la pista: True
[10:42:55]   identidad s24099: WV143 == V143 en la fisica de los 9 linajes y la pista: True
[10:43:00]   identidad s24099: WF143 == V143 en la fisica de los 9 linajes y la pista: True
[10:43:05]   identidad s24099: WE143 == V143 en la fisica de los 9 linajes y la pista: True
[10:43:09]   identidad s24099: WEFAB == FAB en la fisica de los 9 linajes y la pista: True
[10:43:09] IDENTIDAD: OK
