[02:35:25] EXPLORATORIO — no es dato · revisión de la alarma §8 de n10b (RES > ORÁCULO) · corre_n10b.tarea sin tocar
[02:36:23]   s12794 NADA      R0nac 0.0984 vida_nac 89.0 nac 480 exceso 0.548 gen 3 mala 1.0 (57.6 s)
[02:38:01]   s12794 RES       R0nac 0.8006 vida_nac 600.0 nac 701 exceso 11.124 gen 29 mala 0.7609 (98.2 s)
[02:39:09]   s12794 ORACULO   R0nac 0.5288 vida_nac 201.0 nac 595 exceso 1.894 gen 9 mala 0.9932 (68.2 s)
[02:41:07]   s12794 ORA_SIN0  R0nac 0.9615 vida_nac 1410.0 nac 769 exceso 11.612 gen 37 mala 0.628 (117.7 s)
[02:42:06]   s12795 NADA      R0nac 0.1036 vida_nac 93.0 nac 471 exceso 0.86 gen 3 mala 1.0 (59.3 s)
[02:43:18]   s12795 RES       R0nac 0.6438 vida_nac 286.5 nac 588 exceso 2.702 gen 16 mala 0.9794 (72.0 s)
[02:44:25]   s12795 ORACULO   R0nac 0.477 vida_nac 200.0 nac 600 exceso 2.134 gen 7 mala 0.9983 (67.3 s)
[02:46:19]   s12795 ORA_SIN0  R0nac 1.0191 vida_nac 1401.0 nac 751 exceso 12.6 gen 39 mala 0.5427 (114.2 s)
[02:47:16]   s12796 NADA      R0nac 0.0837 vida_nac 116.0 nac 461 exceso 0.69 gen 4 mala 1.0 (56.3 s)
[02:48:54]   s12796 RES       R0nac 0.7816 vida_nac 600.0 nac 673 exceso 11.05 gen 38 mala 0.7091 (98.4 s)
[02:50:03]   s12796 ORACULO   R0nac 0.5315 vida_nac 254.5 nac 573 exceso 2.152 gen 7 mala 0.9965 (69.1 s)
[02:51:59]   s12796 ORA_SIN0  R0nac 0.9946 vida_nac 1401.0 nac 759 exceso 11.924 gen 37 mala 0.5968 (115.7 s)
[02:52:55]   s12797 NADA      R0nac 0.0894 vida_nac 95.0 nac 470 exceso 0.512 gen 3 mala 1.0 (56.5 s)
[02:54:14]   s12797 RES       R0nac 0.6456 vida_nac 265.5 nac 643 exceso 4.06 gen 24 mala 0.9528 (78.6 s)
[02:55:21]   s12797 ORACULO   R0nac 0.5379 vida_nac 228.5 nac 590 exceso 1.732 gen 8 mala 0.9949 (67.2 s)
[02:57:21]   s12797 ORA_SIN0  R0nac 1.0 vida_nac 1401.0 nac 795 exceso 12.614 gen 34 mala 0.6231 (119.7 s)
[02:57:21] RESUMEN (medianas por semilla)
[02:57:21]   NADA      R0nac mediana 0.0939 · [0.0984, 0.1036, 0.0837, 0.0894]
[02:57:21]   RES       R0nac mediana 0.7136 · [0.8006, 0.6438, 0.7816, 0.6456]
[02:57:21]   ORACULO   R0nac mediana 0.5302 · [0.5288, 0.477, 0.5315, 0.5379]
[02:57:21]   ORA_SIN0  R0nac mediana 0.9973 · [0.9615, 1.0191, 0.9946, 1.0]
[02:57:21]   pareado ORA_SIN0 > ORACULO: 4/4 · dif mediana 0.4626
[02:57:21]   pareado ORA_SIN0 > RES: 4/4 · dif mediana 0.2837
[02:57:21]   pareado RES > ORACULO: 4/4 · dif mediana 0.2085
[02:57:21] JSON: experimentos/exploratorio_nube_20260924/datos/revisa_n10b_oraculo_s12794-12797_T100000_20260924_023525.json
