CORRE_MURO · muro_s37001-37020_T100000 · 20260925_164838 · python 3.14.2 · pool 6 · corre_muro.py 503b531ea1213c59 · carpeta C:\Users\User\Documents\PROYECTOS\JUACO\organelos\experimentos\organelos\muro\datos\muro_s37001-37020_T100000_20260925_164838
  tareas 80 · brazos ['v143', 'glotu', 'glotuinv', 'o1'] · semillas 37001-37020 · T 100000 · fundador limpio 1 · reanuda False
  sha experimentos\tronco_v14_3\corre_v143.py 24100621c450da22 OK
  sha experimentos\tronco_v14_3\carros_v143\V143.py 2a03048a7f1525e5 OK
  sha experimentos\carrera_escuderias\pista.py 9f47c65e438e0ff4 OK
  sha experimentos\carrera_escuderias\juez.py 6a68f640a7832f12 OK
  sha experimentos\carrera_escuderias\carros\O1.py 99436afa2715f028 OK
  carro V143_CTA sha d22cdaf912b4024d == construye: True · revisa_carro: PASA
  carro V143_LIMPIA sha 3bf3a997ab6775b2 == construye: True · revisa_carro: PASA
  carro V143_SINEST sha 18697fa556e84d74 == construye: True · revisa_carro: PASA
  carro V143_DESF sha e6c5d0915ae2204d == construye: True · revisa_carro: PASA
  carro V143_GLOT sha e22076d7fe67cf4f == construye: True · revisa_carro: PASA
  carro V143_GLOTCTA sha aeeb13e0943428c5 == construye: True · revisa_carro: PASA
  carro V143_GLOTFILA sha ed246a68d4c9ac58 == construye: True · revisa_carro: PASA
  carro V143_PATAS sha b1e64b0d7f4a4296 == construye: True · revisa_carro: PASA
  carro V143_PATASDESF sha 6333fa05d5bcbc31 == construye: True · revisa_carro: PASA
  carro V143_GLOTU sha 8a076a5c95980001 == construye: True · revisa_carro: PASA
  carro V143_GLOTUINV sha ca93b2d2a96ee081 == construye: True · revisa_carro: PASA
  carro V143_GLOTUPATAS sha dec2d8ceb004e541 == construye: True · revisa_carro: PASA
  carro V143_MTEL sha dd0970b8a01c9fa1 == construye: True · revisa_carro: PASA
  IDENTIDAD CORTA: V143_CTA con PAGA = GLOT = TELEM = 0 == V143 (salida ENTERA, N 9, s 37908, T 2000, fundador limpio): OK
  [  236.4s] v143 s37003 (221.4s) R0 pista 0.2534 aborto None
  [  245.4s] v143 s37002 (230.5s) R0 pista 0.2599 aborto None
  [  246.2s] v143 s37001 (231.1s) R0 pista 0.2683 aborto None
  [  253.7s] v143 s37005 (231.8s) R0 pista 0.2664 aborto None
  [  259.7s] v143 s37004 (244.8s) R0 pista 0.2613 aborto None
  [  267.3s] v143 s37006 (240.1s) R0 pista 0.253 aborto None
  [  444.1s] v143 s37008 (198.6s) R0 pista 0.2699 aborto None
  [  445.1s] v143 s37007 (208.7s) R0 pista 0.2719 aborto None
  [  454.6s] v143 s37009 (208.5s) R0 pista 0.2549 aborto None
  [  458.6s] v143 s37010 (204.9s) R0 pista 0.2624 aborto None
  [  462.6s] v143 s37011 (202.9s) R0 pista 0.2811 aborto None
  [  479.3s] v143 s37012 (212.0s) R0 pista 0.2527 aborto None
  [  652.5s] v143 s37013 (208.4s) R0 pista 0.2628 aborto None
  [  653.5s] v143 s37014 (208.3s) R0 pista 0.258 aborto None
  [  664.9s] v143 s37015 (210.3s) R0 pista 0.2524 aborto None
  [  667.6s] v143 s37017 (205.0s) R0 pista 0.2523 aborto None
  [  670.2s] v143 s37016 (211.6s) R0 pista 0.2741 aborto None
  [  682.4s] v143 s37018 (203.1s) R0 pista 0.273 aborto None
  [  848.4s] v143 s37019 (195.9s) R0 pista 0.2715 aborto None
  [  849.0s] v143 s37020 (195.6s) R0 pista 0.2505 aborto None
  [  870.1s] glotu s37002 (202.5s) R0 pista 0.4384 aborto None
  [  871.8s] glotu s37001 (206.9s) R0 pista 0.4641 aborto None
  [  873.6s] glotu s37003 (203.4s) R0 pista 0.428 aborto None
  [  881.7s] glotu s37004 (199.3s) R0 pista 0.4808 aborto None
  [ 1050.3s] glotu s37005 (201.9s) R0 pista 0.4682 aborto None
  [ 1051.0s] glotu s37006 (202.0s) R0 pista 0.4049 aborto None
  [ 1073.2s] glotu s37008 (201.3s) R0 pista 0.4623 aborto None
  [ 1075.3s] glotu s37007 (205.1s) R0 pista 0.431 aborto None
  [ 1079.7s] glotu s37009 (206.1s) R0 pista 0.4204 aborto None
  [ 1086.1s] glotu s37010 (204.3s) R0 pista 0.4383 aborto None
  [ 1250.5s] glotu s37011 (200.2s) R0 pista 0.4467 aborto None
  [ 1250.8s] glotu s37012 (199.8s) R0 pista 0.4121 aborto None
  [ 1274.0s] glotu s37013 (200.8s) R0 pista 0.4583 aborto None
  [ 1278.6s] glotu s37014 (203.3s) R0 pista 0.4023 aborto None
  [ 1282.6s] glotu s37015 (202.9s) R0 pista 0.4276 aborto None
  [ 1287.8s] glotu s37016 (201.7s) R0 pista 0.4514 aborto None
  [ 1448.5s] glotu s37018 (197.6s) R0 pista 0.4553 aborto None
  [ 1448.8s] glotu s37017 (198.2s) R0 pista 0.4114 aborto None
  [ 1471.2s] glotu s37019 (197.2s) R0 pista 0.4316 aborto None
  [ 1473.9s] glotu s37020 (195.3s) R0 pista 0.4343 aborto None
  [ 1484.3s] glotuinv s37001 (201.7s) R0 pista 0.0 aborto None
  [ 1486.6s] glotuinv s37002 (198.8s) R0 pista 0.0 aborto None
  [ 1639.5s] glotuinv s37003 (191.1s) R0 pista 0.0 aborto None
  [ 1640.5s] glotuinv s37004 (191.8s) R0 pista 0.0 aborto None
  [ 1660.2s] glotuinv s37005 (188.9s) R0 pista 0.0 aborto None
  [ 1663.2s] glotuinv s37006 (189.2s) R0 pista 0.0 aborto None
  [ 1673.6s] glotuinv s37007 (189.3s) R0 pista 0.0 aborto None
  [ 1674.2s] glotuinv s37008 (187.6s) R0 pista 0.0 aborto None
  [ 1833.6s] glotuinv s37009 (194.0s) R0 pista 0.0 aborto None
  [ 1835.8s] glotuinv s37010 (195.3s) R0 pista 0.0 aborto None
  [ 1858.6s] glotuinv s37011 (198.4s) R0 pista 0.0 aborto None
  [ 1859.5s] glotuinv s37012 (196.3s) R0 pista 0.0 aborto None
  [ 1873.4s] glotuinv s37013 (199.7s) R0 pista 0.0 aborto None
  [ 1873.6s] glotuinv s37014 (199.3s) R0 pista 0.0 aborto None
  [ 2023.7s] glotuinv s37015 (190.1s) R0 pista 0.0 aborto None
  [ 2026.8s] glotuinv s37016 (191.0s) R0 pista 0.0 aborto None
  [ 2047.8s] glotuinv s37017 (189.2s) R0 pista 0.0 aborto None
  [ 2048.6s] glotuinv s37018 (189.1s) R0 pista 0.0 aborto None
  [ 2062.2s] glotuinv s37020 (188.6s) R0 pista 0.0 aborto None
  [ 2065.0s] glotuinv s37019 (191.6s) R0 pista 0.0 aborto None
  [ 2347.0s] o1 s37001 (323.3s) R0 pista 0.6971 aborto None
  [ 2353.3s] o1 s37002 (326.5s) R0 pista 0.9653 aborto None
  [ 2370.5s] o1 s37003 (322.7s) R0 pista 0.6977 aborto None
  [ 2371.1s] o1 s37004 (322.5s) R0 pista 1.2515 aborto None
  [ 2382.6s] o1 s37005 (320.5s) R0 pista 1.1142 aborto None
  [ 2389.2s] o1 s37006 (324.2s) R0 pista 1.0277 aborto None
  [ 2677.9s] o1 s37007 (330.9s) R0 pista 1.5556 aborto None
  [ 2682.3s] o1 s37008 (329.0s) R0 pista 1.132 aborto None
  [ 2696.8s] o1 s37010 (325.6s) R0 pista 0.6897 aborto None
  [ 2698.3s] o1 s37009 (327.8s) R0 pista 1.2651 aborto None
  [ 2708.9s] o1 s37011 (326.2s) R0 pista 1.0564 aborto None
  [ 2717.6s] o1 s37012 (328.4s) R0 pista 1.3846 aborto None
  [ 2969.9s] o1 s37013 (292.0s) R0 pista 0.9659 aborto None
  [ 2979.2s] o1 s37014 (296.9s) R0 pista 1.2836 aborto None
  [ 2986.9s] o1 s37015 (290.2s) R0 pista 0.7302 aborto None
  [ 2988.5s] o1 s37016 (290.2s) R0 pista 0.7956 aborto None
  [ 2997.6s] o1 s37017 (288.7s) R0 pista 0.8407 aborto None
  [ 3007.4s] o1 s37018 (289.7s) R0 pista 1.6322 aborto None
  [ 3170.0s] o1 s37019 (200.1s) R0 pista 1.2548 aborto None
  [ 3175.5s] o1 s37020 (196.3s) R0 pista 0.5336 aborto None

== v143 (V143 x9) · 20 semillas 37001-37020 · T 100000 · fundador limpio 1
  R0 REAL (nacimientos reales) mediana 0.6057 (evaluables 0.606) · R0 preregistrado 1.3031 · vida mediana 600.0 · muertes 49.0 · fundadores 17.0 · casi inmortales 0/180
  ENMIENDA 5 (decide): linajes que cruzan con R0 real 53/180 · semillas con mayoria 1/20 -> no gana · ENMIENDA 6: persisten 114/180 · semillas 18/20 -> ESTABILIZA (muertes voluntarias fisicas 0.8376) · ENMIENDA 3 (ayer): no cruza (mediana R0 evaluables 1.303)
  causas hambre/sed/veneno/sal 1428/1327/16967/18294 (veneno+sal 93%) · pasos sin NADA bueno en el mundo 0.0261 · mordidas B+D 95.0 / A+C 795.0 por linaje · limpiezas fisicas por cuerpo 1.3359
  telemetria del carro (NO puntua): {'frac_pasos_con_meta': 0.9646, 'vetos': 430163, 'mord_sin_meta': 5683, 'limpia_propia': 5338, 'todo_obst': 0, 'des_splits': 1733}
  contabilidad coherente 180/180 · t_fund reconstruible 180/180 · s por corrida (mediana) 208.6
  ESTABLECIMIENTO (v143, descriptivo): {'linajes': 180, 'establecidos': 114, 'frac_establecidos': 0.6333, 'R0_real_establecidos': 0.8608, 'R0_real_no_establecidos': 0.0666, 'cruzan_de_establecidos': 53}
  CUERPOS (v143, descriptivo): {'n': 4461, 'vida_med': 1370.0, 'hijos_por_cuerpo': 1.857, 'frac_sin_hijos': 0.494, 'causas': {'veneno': 727, 'hambre': 1279, 'sal': 1356, 'sed': 1099}} · fundadores {'n': 33555, 'vida_med': 45.0, 'hijos_por_cuerpo': 0.041, 'frac_sin_hijos': 0.987, 'causas': {'sal': 16938, 'veneno': 16240, 'hambre': 149, 'sed': 228}}

== glotu (V143_GLOTU x9) · 20 semillas 37001-37020 · T 100000 · fundador limpio 1
  R0 REAL (nacimientos reales) mediana 0.7362 (evaluables 0.736) · R0 preregistrado 1.685 · vida mediana 1171.75 · muertes 34.5 · fundadores 8.0 · casi inmortales 0/180
  ENMIENDA 5 (decide): linajes que cruzan con R0 real 55/180 · semillas con mayoria 0/20 -> no gana · ENMIENDA 6: persisten 138/180 · semillas 20/20 -> ESTABILIZA (muertes voluntarias fisicas 0.7373) · ENMIENDA 3 (ayer): CRUZA (mediana R0 evaluables 1.685)
  causas hambre/sed/veneno/sal 1656/1635/9580/9833 (veneno+sal 86%) · pasos sin NADA bueno en el mundo 0.0094 · mordidas B+D 48.0 / A+C 531.5 por linaje · limpiezas fisicas por cuerpo 0.8929
  telemetria del carro (NO puntua): {'frac_pasos_con_meta': 0.9857, 'vetos': 689255, 'mord_sin_meta': 3608, 'limpia_propia': 3302, 'todo_obst': 0, 'des_splits': 1294}
  contabilidad coherente 180/180 · t_fund reconstruible 180/180 · s por corrida (mediana) 201.8
  ESTABLECIMIENTO (glotu, descriptivo): {'linajes': 180, 'establecidos': 138, 'frac_establecidos': 0.7667, 'R0_real_establecidos': 0.8382, 'R0_real_no_establecidos': 0.0828, 'cruzan_de_establecidos': 55}
  CUERPOS (glotu, descriptivo): {'n': 3881, 'vida_med': 1907.0, 'hijos_por_cuerpo': 2.195, 'frac_sin_hijos': 0.435, 'causas': {'sal': 781, 'sed': 1160, 'hambre': 1484, 'veneno': 456}} · fundadores {'n': 18823, 'vida_med': 50.0, 'hijos_por_cuerpo': 0.055, 'frac_sin_hijos': 0.982, 'causas': {'sed': 475, 'sal': 9052, 'veneno': 9124, 'hambre': 172}}
  muro (glotu): telemetria de la ultima instancia {'pasos': 15312660, 'sin_meta': 218206, 'veto_act': 0, 'veto_otra': 182931, 'libera': 0, 'mord_act': 1551, 'mord_otra_paga': 961, 'mord_otra_nopaga': 840, 'mord_act_sinmeta': 1074, 'mord_otra_sinmeta': 1677, 'veto_glot': 182931, 'mord_solo_otra': 0, 'patas_meta': 0, 'patas_cambia': 0}

== glotuinv (V143_GLOTUINV x9) · 20 semillas 37001-37020 · T 100000 · fundador limpio 1
  R0 REAL (nacimientos reales) mediana 0.0 (evaluables 0.0) · R0 preregistrado 0.0 · vida mediana 52.0 · muertes 183.0 · fundadores 183.0 · casi inmortales 2/180
  ENMIENDA 5 (decide): linajes que cruzan con R0 real 0/180 · semillas con mayoria 0/20 -> no gana · ENMIENDA 6: persisten 0/180 · semillas 0/20 -> no estabiliza (muertes voluntarias fisicas 0.8535) · ENMIENDA 3 (ayer): no cruza (mediana R0 evaluables 0.0)
  causas hambre/sed/veneno/sal 260/795/17359/18223 (veneno+sal 97%) · pasos sin NADA bueno en el mundo 0.004 · mordidas B+D 520.0 / A+C 800.5 por linaje · limpiezas fisicas por cuerpo 2.0313
  telemetria del carro (NO puntua): {'frac_pasos_con_meta': 0.9863, 'vetos': 78452, 'mord_sin_meta': 1372, 'limpia_propia': 1063, 'todo_obst': 0, 'des_splits': 259}
  contabilidad coherente 180/180 · t_fund reconstruible 180/180 · s por corrida (mediana) 191.35
  ESTABLECIMIENTO (glotuinv, descriptivo): {'linajes': 180, 'establecidos': 6, 'frac_establecidos': 0.0333, 'R0_real_establecidos': 0.0, 'R0_real_no_establecidos': 0.0, 'cruzan_de_establecidos': 0}
  CUERPOS (glotuinv, descriptivo): {'n': 0, 'vida_med': None, 'hijos_por_cuerpo': None, 'frac_sin_hijos': None, 'causas': {}} · fundadores {'n': 36637, 'vida_med': 51.0, 'hijos_por_cuerpo': 0.0, 'frac_sin_hijos': 1.0, 'causas': {'sed': 795, 'veneno': 17359, 'sal': 18223, 'hambre': 260}}
  muro (glotuinv): telemetria de la ultima instancia {'pasos': 3499490, 'sin_meta': 47985, 'veto_act': 0, 'veto_otra': 30504, 'libera': 0, 'mord_act': 214, 'mord_otra_paga': 239, 'mord_otra_nopaga': 209, 'mord_act_sinmeta': 151, 'mord_otra_sinmeta': 419, 'veto_glot': 30504, 'mord_solo_otra': 0, 'patas_meta': 0, 'patas_cambia': 0}

== o1 (O1 x9) · 20 semillas 37001-37020 · T 100000 · fundador limpio 1
  R0 REAL (nacimientos reales) mediana 0.9412 (evaluables 0.941) · R0 preregistrado 2.2614 · vida mediana 3394.5 · muertes 20.0 · fundadores 0.0 · casi inmortales 1/180
  ENMIENDA 5 (decide): linajes que cruzan con R0 real 145/180 · semillas con mayoria 20/20 -> GANA · ENMIENDA 6: persisten 155/180 · semillas 20/20 -> ESTABILIZA (muertes voluntarias fisicas 0.0) · ENMIENDA 3 (ayer): CRUZA (mediana R0 evaluables 2.25)
  causas hambre/sed/veneno/sal 1126/1095/3392/3280 (veneno+sal 75%) · pasos sin NADA bueno en el mundo 0.0428 · mordidas B+D 364.0 / A+C 673.0 por linaje · limpiezas fisicas por cuerpo 17.0676
  contabilidad coherente 180/180 · t_fund reconstruible 180/180 · s por corrida (mediana) 322.6
  ESTABLECIMIENTO (o1, descriptivo): {'linajes': 180, 'establecidos': 156, 'frac_establecidos': 0.8667, 'R0_real_establecidos': 0.9459, 'R0_real_no_establecidos': 0.0521, 'cruzan_de_establecidos': 145}
  CUERPOS (o1, descriptivo): {'n': 2979, 'vida_med': 3264.0, 'hijos_por_cuerpo': 2.326, 'frac_sin_hijos': 0.339, 'causas': {'hambre': 1029, 'sed': 1010, 'veneno': 464, 'sal': 476}} · fundadores {'n': 5914, 'vida_med': 200.0, 'hijos_por_cuerpo': 0.195, 'frac_sin_hijos': 0.968, 'causas': {'veneno': 2928, 'sal': 2804, 'hambre': 97, 'sed': 85}}

PAREADOS (por semilla: mediana del R0 real de los 9 linajes; gana = semillas en que el primero supera al segundo)
  glotu vs v143: gana 14/20 · diferencia mediana 0.102
  glotu vs glotuinv: gana 20/20 · diferencia mediana 0.7362
  glotuinv vs v143: gana 0/20 · diferencia mediana -0.613
  o1 vs v143: gana 20/20 · diferencia mediana 0.3302
  o1 vs glotu: gana 20/20 · diferencia mediana 0.2053

================ LA LETRA (PREREGISTRO_muro.md sec. 6)
  validez {'V1_completa': True, 'V2_ancla_O1_gana': True, 'V3_ancla_V143': True, 'V4_pieza_actua': True}
  puertas {'P1_cand_cruza': False, 'P2_cand_gana_v143': False, 'P3_ctrl_no_cruza': True} · modesto False

  RESUMEN C:\Users\User\Documents\PROYECTOS\JUACO\organelos\experimentos\organelos\muro\datos\muro_s37001-37020_T100000_20260925_164838\resumen.json (sha 1dcdad5962826efe)
Terminado en 3175.6s
VEREDICTO DE LA SERIE: NO
