[10:12:01] H-PLANO w90 serie 25111-25130 · MUNDO {'nombre': 'w90_pobre', 'esc': 90, 'n0': 90, 'tope': 9000} · r_rep 0.006 · SERIE {'T': 80000, 't_corte': 40000, 'r0_margen': 15000, 'banco': 200, 'n_sombra': 8, 'sigma': 0.15, 'p_mut': 0.05, 'cada_gen': 2000, 'ckpt_cada': 10000} · GRAM {'p_campo': 0.05, 'p_dup': 0.02, 'p_del': 0.02, 'tope': 4} · pool 6 · shas {'corre_ohno.py': 'd47b9de89709d25b', 'motor_gramatica.py': '6b65dc5e32093424', 'carros/FAMB_GRAM_ECO.py': '2cee0a8510c997b9', 'gramatica_def.py': 'c58086e103d030d9', 'conducta.py': '9a2f1226fe27a514', 'construye_ohno.py': '85b9a9e231a91074', 'PREREGISTRO_ohno.md': '0b9ab3fa0f9ce8e3'}
[10:21:10] [1/40] VIDA s25111: persiste 1 vivos 30 r0 1.1895 nac 370 post 351 abort None (548.1 s; 548 s)
[10:21:28] [2/40] VIDA s25113: persiste 1 vivos 29 r0 1.1284 nac 635 post 616 abort None (566.5 s; 567 s)
[10:21:29] [3/40] FIJO:filtra0 s25111: persiste 1 vivos 30 r0 1.1423 nac 474 post 455 abort None (567.2 s; 568 s)
[10:21:34] [4/40] FIJO:filtra0 s25113: persiste 1 vivos 32 r0 1.1171 nac 604 post 585 abort None (572.2 s; 573 s)
[10:21:39] [5/40] VIDA s25112: persiste 1 vivos 32 r0 1.1487 nac 669 post 648 abort None (577.6 s; 578 s)
[10:21:56] [6/40] FIJO:filtra0 s25112: persiste 1 vivos 52 r0 1.1051 nac 700 post 679 abort None (594.3 s; 595 s)
[10:30:48] [7/40] VIDA s25114: persiste 1 vivos 34 r0 1.1023 nac 769 post 740 abort None (578.4 s; 1127 s)
[10:31:08] [8/40] FIJO:filtra0 s25114: persiste 1 vivos 36 r0 1.1694 nac 683 post 660 abort None (579.5 s; 1146 s)
[10:31:08] [9/40] VIDA s25116: persiste 1 vivos 30 r0 1.1417 nac 662 post 650 abort None (568.9 s; 1147 s)
[10:31:08] [10/40] VIDA s25115: persiste 1 vivos 39 r0 1.1613 nac 792 post 772 abort None (579.5 s; 1147 s)
[10:31:19] [11/40] FIJO:filtra0 s25115: persiste 1 vivos 25 r0 1.152 nac 595 post 575 abort None (584.9 s; 1158 s)
[10:31:53] [12/40] FIJO:filtra0 s25116: persiste 1 vivos 45 r0 1.1215 nac 695 post 676 abort None (597.2 s; 1192 s)
[10:40:20] [13/40] VIDA s25117: persiste 1 vivos 33 r0 1.1123 nac 645 post 629 abort None (571.9 s; 1699 s)
[10:40:35] [14/40] VIDA s25119: persiste 1 vivos 29 r0 1.1607 nac 534 post 513 abort None (556.0 s; 1714 s)
[10:40:49] [15/40] FIJO:filtra0 s25117: persiste 1 vivos 35 r0 1.1134 nac 672 post 656 abort None (581.3 s; 1728 s)
[10:40:52] [16/40] VIDA s25118: persiste 1 vivos 40 r0 1.1384 nac 708 post 687 abort None (583.5 s; 1730 s)
[10:40:58] [17/40] FIJO:filtra0 s25118: persiste 1 vivos 39 r0 1.0839 nac 787 post 766 abort None (589.5 s; 1737 s)
[10:41:35] [18/40] FIJO:filtra0 s25119: persiste 1 vivos 34 r0 1.1195 nac 625 post 604 abort None (582.2 s; 1774 s)
[10:49:23] [19/40] VIDA s25120: persiste 1 vivos 31 r0 1.1782 nac 548 post 530 abort None (542.7 s; 2242 s)
[10:49:42] [20/40] VIDA s25121: persiste 1 vivos 26 r0 1.1622 nac 625 post 601 abort None (532.9 s; 2261 s)
[10:49:48] [21/40] FIJO:filtra0 s25120: persiste 1 vivos 39 r0 1.0763 nac 672 post 656 abort None (553.3 s; 2267 s)
[10:49:58] [22/40] FIJO:filtra0 s25121: persiste 1 vivos 33 r0 1.0947 nac 618 post 594 abort None (546.4 s; 2277 s)
[10:50:03] [23/40] VIDA s25122: persiste 1 vivos 41 r0 1.1786 nac 622 post 599 abort None (544.6 s; 2281 s)
[10:51:00] [24/40] FIJO:filtra0 s25122: persiste 1 vivos 38 r0 1.1069 nac 680 post 658 abort None (564.4 s; 2339 s)
[10:59:35] [25/40] VIDA s25124: persiste 1 vivos 1 r0 1.2162 nac 112 post 100 abort None (586.4 s; 2853 s)
[11:00:43] [26/40] VIDA s25123: persiste 1 vivos 38 r0 1.2316 nac 660 post 641 abort None (680.4 s; 2922 s)
[11:00:57] [27/40] VIDA s25125: persiste 1 vivos 16 r0 1.35 nac 240 post 220 abort None (654.4 s; 2936 s)
[11:01:02] [28/40] FIJO:filtra0 s25124: persiste 1 vivos 35 r0 1.1753 nac 545 post 530 abort None (663.3 s; 2940 s)
[11:01:19] [29/40] FIJO:filtra0 s25123: persiste 1 vivos 38 r0 1.1183 nac 609 post 590 abort None (696.5 s; 2957 s)
[11:03:00] [30/40] FIJO:filtra0 s25125: persiste 1 vivos 36 r0 1.1085 nac 837 post 816 abort None (720.2 s; 3059 s)
[11:11:52] [31/40] VIDA s25128: persiste 0 vivos 0 r0 0.0 nac 26 post 5 abort None (633.4 s; 3591 s)
[11:12:04] [32/40] VIDA s25126: persiste 1 vivos 34 r0 1.1429 nac 636 post 610 abort None (749.4 s; 3603 s)
[11:13:11] [33/40] FIJO:filtra0 s25126: persiste 1 vivos 42 r0 1.1338 nac 592 post 560 abort None (747.4 s; 3669 s)
[11:13:19] [34/40] VIDA s25127: persiste 1 vivos 29 r0 1.2222 nac 621 post 605 abort None (741.4 s; 3677 s)
[11:13:47] [35/40] FIJO:filtra0 s25127: persiste 1 vivos 39 r0 1.0989 nac 729 post 713 abort None (765.2 s; 3705 s)
[11:15:23] [36/40] FIJO:filtra0 s25128: persiste 1 vivos 38 r0 1.1173 nac 704 post 685 abort None (742.6 s; 3801 s)
[11:22:25] [37/40] VIDA s25129: persiste 1 vivos 26 r0 1.2336 nac 437 post 418 abort None (633.4 s; 4224 s)
[11:22:35] [38/40] VIDA s25130: persiste 0 vivos 0 r0 0.9304 nac 137 post 116 abort None (564.3 s; 4234 s)
[11:23:05] [39/40] FIJO:filtra0 s25129: persiste 1 vivos 49 r0 1.0983 nac 654 post 635 abort None (661.3 s; 4264 s)
[11:24:09] [40/40] FIJO:filtra0 s25130: persiste 1 vivos 38 r0 1.0847 nac 775 post 752 abort None (650.9 s; 4328 s)
[11:24:10] M0 nacidos antes del corte (mediana) VIDA 20.0 FIJO 19.5 (umbral 18) -> OK
[11:24:10] P1 vivos_T VIDA/FIJO en pares que persisten los dos: mediana 0.831 en 18 pares (min 8; sostiene >= 0.9, cae <= 0.75) · rango (0.029, 1.56)
[11:24:10] S1 persistencia pareada: ambos 18 · solo VIDA 0 · solo FIJO 2 · ninguno 0 · D 2 (sostiene <= 1, cae >= 4)
[11:24:10] S2 (version fuerte) vivos_T VIDA > FIJO pareado 3/20 (fuerte >= 15)
[11:24:10]   VIDA: persisten 18/20 · vivos_T mediana 30.0 · nac_post mediana 603.0 · r0_post mediana 1.161 rango (0.0, 1.35) · g_nmut mediana 1826.0
[11:24:10]   FIJO: persisten 20/20 · vivos_T mediana 38.0 · nac_post mediana 656.0 · r0_post mediana 1.11525 rango (1.0763, 1.1753) · g_nmut mediana 0.0
[11:24:10] VEREDICTO H-PLANO w90 POR LA LETRA (una ventana; el bloque exige serie + replica con el mismo veredicto): AMBIGUO
