CORRE_BANCO - banco_s42001-42020_T100000 - 20260928_235448 - python 3.13.12 - pool 3 - corre_banco.py d49157488d38962f - preregistro PREREGISTRO_termo_banco.md - carpeta /home/user/juaco/experimentos/organelos/termo_banco/datos/banco_s42001-42020_T100000_20260928_235448
  tareas 120 - brazos ['v143', 'evo', 'banco', 'bancobar', 'm40', 'o1'] - semillas 42001-42020 - T 100000 - fundador limpio 1 - reanuda False
  sha experimentos/tronco_v14_3/corre_v143.py 24100621c450da22 OK
  sha experimentos/tronco_v14_3/carros_v143/V143.py 2a03048a7f1525e5 OK
  sha experimentos/carrera_escuderias/pista.py 9f47c65e438e0ff4 OK
  sha experimentos/carrera_escuderias/juez.py 6a68f640a7832f12 OK
  sha experimentos/carrera_escuderias/carros/O1.py 99436afa2715f028 OK
  sha experimentos/carrera_escuderias/revisa_carro.py 1c8a789f7427ab96 OK
  sha experimentos/organelos/termo_banco/construye_evo.py 6cdd7dd10e9a0594 OK
  sha experimentos/organelos/termo_banco/corre_evo.py 7d8e660a1b0e1a71 OK
  sha experimentos/organelos/termo_banco/carros/V143_EVO_BAJO.py 3187b373654e119f OK
  sha experimentos/organelos/termo_banco/carros/V143_EVO_M40.py 713cd55ed465cc82 OK
  sha experimentos/organelos/termo_banco/construye_banco.py ead46623e70d13f6 OK
  sha experimentos/organelos/termo_banco/carros/V143_EVO_BANCO.py 9862ba0b8324cf3c OK
  sha experimentos/organelos/termo_banco/carros/V143_EVO_BANCOBAR.py 8458fb27a28236e0 OK
  sha experimentos/organelos/termo_banco/carros/V143_EVO_BANCO_M40.py 20c411944ec07183 OK
  carro V143_EVO_BANCO sha 9862ba0b8324cf3c == construye: True - revisa_carro: PASA
  carro V143_EVO_BANCOBAR sha 8458fb27a28236e0 == construye: True - revisa_carro: PASA
  carro V143_EVO_BANCO_M40 sha 20c411944ec07183 == construye: True - revisa_carro: PASA
  IDENTIDAD CORTA: V143_EVO_BANCO con BANCO = 0 == V143_EVO_BAJO (salida ENTERA y _TEL, N 9, s 42913, T 3000, fundador limpio): OK
  IDENTIDAD CORTA: V143_EVO_BANCOBAR con BANCO = 0 == V143_EVO_BAJO (salida ENTERA y _TEL, N 9, s 42913, T 3000, fundador limpio): OK
  [   98.0s] evo s42001 (89.5s) R0 pista 0.3624 aborto None - R0 real por linaje [0.0435, 0.1714, 0.1531, 0.2432, 0.9615, 0.95, 0.0278, 0.5, 0.1887] - fundadores [65, 86, 82, 27, 0, 0, 69, 17, 42] - g padres ultima ventana {'n': 21, 'media': 0.0905}
  [   98.9s] banco s42001 (90.4s) R0 pista 0.4132 aborto None - R0 real por linaje [0.7586, 0.1622, 0.0625, 0.2381, 0.3182, 0.95, 0.2, 0.1212, 0.5556] - fundadores [6, 61, 89, 31, 29, 0, 71, 86, 15] - g padres ultima ventana {'n': 28, 'media': 0.0699} - fundadores por origen {'inicial': 158, 'propio': 239, 'ajeno': 0}
  [  101.8s] v143 s42001 (93.3s) R0 pista 0.2818 aborto None - R0 real por linaje [0.1301, 0.8696, 0.66, 0.9655, 0.0076, 0.9286, 0.0776, 0.9444, 0.9615] - fundadores [213, 5, 16, 0, 1049, 1, 320, 0, 0]
  [  190.1s] bancobar s42001 (92.2s) R0 pista 0.4219 aborto None - R0 real por linaje [0.3333, 0.4103, 0.0461, 0.3333, 0.5556, 0.9333, 0.3929, 0.0181, 0.725] - fundadores [27, 22, 206, 31, 15, 0, 33, 162, 10] - g padres ultima ventana {'n': 39, 'media': 0.1084} - fundadores por origen {'inicial': 291, 'propio': 0, 'ajeno': 224}
  [  192.4s] m40 s42001 (93.5s) R0 pista 0.4019 aborto None - R0 real por linaje [0.0372, 0.9167, 0.5333, 0.96, 0.9688, 0.2414, 0.1254, 0.9592, 0.9783] - fundadores [543, 3, 34, 0, 0, 87, 264, 1, 0] - g padres ultima ventana {'n': 52, 'media': 0.4}
  [  270.8s] o1 s42001 (169.0s) R0 pista 0.9232 aborto None - R0 real por linaje [0.9565, 0.95, 0.9375, 0.1158, 0.9524, 0.9615, 0.0565, 0.9286, 0.9091] - fundadores [0, 0, 0, 83, 0, 0, 216, 0, 0]
  [  282.1s] evo s42002 (89.7s) R0 pista 0.4123 aborto None - R0 real por linaje [0.3091, 0.4286, 0.9091, 0.9231, 0.064, 0.9375, 0.0243, 0.9333, 0.0882] - fundadores [37, 11, 1, 0, 116, 0, 240, 0, 92] - g padres ultima ventana {'n': 24, 'media': 0.0777}
  [  282.8s] v143 s42002 (92.6s) R0 pista 0.2613 aborto None - R0 real por linaje [0.8889, 0.1623, 0.9706, 0.5926, 0.0153, 0.8462, 0.6923, 0.9677, 0.0255] - fundadores [2, 128, 0, 21, 706, 5, 11, 0, 803]
  [  360.9s] banco s42002 (90.1s) R0 pista 0.4429 aborto None - R0 real por linaje [0.3559, 0.4783, 0.875, 0.9286, 0.0323, 0.9375, 0.0959, 0.9167, 0.113] - fundadores [37, 11, 1, 0, 179, 0, 131, 0, 101] - g padres ultima ventana {'n': 25, 'media': 0.0824} - fundadores por origen {'inicial': 226, 'propio': 243, 'ajeno': 0}
  [  371.8s] bancobar s42002 (89.6s) R0 pista 0.4684 aborto None - R0 real por linaje [0.2963, 0.6, 0.8889, 0.9524, 0.0577, 0.9583, 0.219, 0.9444, 0.0966] - fundadores [37, 11, 1, 0, 146, 0, 81, 0, 158] - g padres ultima ventana {'n': 23, 'media': 0.0968} - fundadores por origen {'inicial': 272, 'propio': 0, 'ajeno': 171}
  [  372.9s] m40 s42002 (90.1s) R0 pista 0.3787 aborto None - R0 real por linaje [0.2578, 0.8537, 0.9355, 0.9655, 0.96, 0.0812, 0.2969, 0.0604, 0.9783] - fundadores [94, 5, 1, 0, 0, 350, 89, 466, 0] - g padres ultima ventana {'n': 55, 'media': 0.4}
  [  461.8s] evo s42003 (88.9s) R0 pista 0.4018 aborto None - R0 real por linaje [0.9474, 0.7273, 0.4444, 0.0806, 0.16, 0.8235, 0.0582, 0.0468, 0.1] - fundadores [0, 5, 14, 56, 62, 2, 177, 162, 71] - g padres ultima ventana {'n': 38, 'media': 0.0953}
  [  463.1s] v143 s42003 (91.3s) R0 pista 0.262 aborto None - R0 real por linaje [0.963, 0.0094, 0.9706, 0.0782, 0.7778, 0.4643, 0.9032, 0.6216, 0.1355] - fundadores [0, 1051, 0, 400, 9, 29, 2, 13, 133]
  [  524.4s] o1 s42002 (163.5s) R0 pista 0.9551 aborto None - R0 real por linaje [0.9333, 0.0157, 0.9167, 0.95, 0.9286, 0.9286, 0.9333, 0.1412, 0.9444] - fundadores [0, 313, 0, 0, 0, 0, 0, 72, 0]
  [  550.0s] banco s42003 (88.2s) R0 pista 0.3244 aborto None - R0 real por linaje [0.2344, 0.2247, 0.8571, 0.0093, 0.0345, 0.7857, 0.0879, 0.3939, 0.5806] - fundadores [48, 68, 2, 213, 111, 2, 82, 19, 12] - g padres ultima ventana {'n': 20, 'media': 0.0865} - fundadores por origen {'inicial': 115, 'propio': 451, 'ajeno': 0}
  [  550.6s] bancobar s42003 (87.4s) R0 pista 0.3956 aborto None - R0 real por linaje [0.6286, 0.088, 0.88, 0.5143, 0.5319, 0.875, 0.4545, 0.525, 0.0467] - fundadores [12, 113, 2, 16, 21, 2, 17, 18, 305] - g padres ultima ventana {'n': 30, 'media': 0.1077} - fundadores por origen {'inicial': 165, 'propio': 0, 'ajeno': 350}
  [  614.5s] m40 s42003 (90.1s) R0 pista 0.37 aborto None - R0 real por linaje [0.6557, 0.9737, 0.9677, 0.9808, 0.0135, 0.9722, 0.2616, 0.973, 0.9722] - fundadores [20, 0, 0, 0, 878, 0, 126, 0, 0] - g padres ultima ventana {'n': 33, 'media': 0.4}
  [  643.0s] v143 s42004 (92.4s) R0 pista 0.2639 aborto None - R0 real por linaje [0.8919, 0.7222, 0.9767, 0.8, 0.1028, 0.9615, 0.7586, 0.1626, 0.0094] - fundadores [3, 9, 0, 7, 287, 0, 6, 169, 1058]
  [  706.5s] evo s42004 (92.0s) R0 pista 0.3726 aborto None - R0 real por linaje [0.0172, 0.0843, 0.2895, 0.0136, 0.3056, 0.1636, 0.9333, 0.031, 0.8824] - fundadores [113, 75, 26, 144, 24, 45, 0, 124, 1] - g padres ultima ventana {'n': 29, 'media': 0.0784}
  [  717.3s] o1 s42003 (167.3s) R0 pista 0.721 aborto None - R0 real por linaje [0.95, 0.95, 0.9333, 0.9375, 0.9375, 0.0794, 0.0099, 0.9545, 0.9333] - fundadores [0, 0, 0, 0, 0, 115, 401, 0, 0]
