CRUCE · 2026-09-24 14:12:13 · R7-5700-ASUS-A520 · python 3.14.2 · semillas 24601-24620 · cria 200000 · lectura 100000 · crias ('vida', 'azar', 'mut0') · lecturas ('vida', 'vida_p', 'desf', 'azar', 'mut0', 'v143', 'o1')
  previas OK: shas de origen, motor 6cfff5c04fdc2c8f y carro 63ac38bac2d0bbcd == construye, revisa_carro PASA, corre_cruce 746d33a1007f850f
  [  226.7s] cria vida s24603 (226.4s) R0 real 0.9367
  [  227.4s] cria vida s24604 (227.1s) R0 real 0.6441
  [  227.8s] cria vida s24606 (227.5s) R0 real 0.6462
  [  227.9s] cria vida s24601 (227.5s) R0 real 0.8088
  [  228.1s] cria vida s24605 (227.7s) R0 real 0.0946
  [  228.8s] cria vida s24602 (228.4s) R0 real 0.5652
  [  443.0s] cria vida s24608 (215.6s) R0 real 0.8421
  [  447.0s] cria vida s24611 (218.9s) R0 real 0.4857
  [  447.8s] cria vida s24607 (221.1s) R0 real 0.2511
  [  448.8s] cria vida s24609 (221.0s) R0 real 0.3
  [  450.5s] cria vida s24612 (221.7s) R0 real 0.5217
  [  451.2s] cria vida s24610 (223.3s) R0 real 0.36
  [  668.2s] cria vida s24613 (225.2s) R0 real 0.6395
  [  668.2s] cria vida s24615 (220.4s) R0 real 0.7778
  [  669.2s] cria vida s24614 (222.2s) R0 real 0.7419
  [  669.5s] cria vida s24618 (218.4s) R0 real 0.4535
  [  671.4s] cria vida s24617 (221.0s) R0 real 0.5577
  [  673.3s] cria vida s24616 (224.4s) R0 real 0.5593
  [  879.0s] cria vida s24619 (210.8s) R0 real 0.5368
  [  881.5s] cria vida s24620 (213.3s) R0 real 0.5867
  [  884.9s] cria azar s24602 (215.4s) R0 real 0.2115
  [  885.1s] cria azar s24601 (215.9s) R0 real 0.178
  [  888.0s] cria azar s24603 (216.5s) R0 real 0.8958
  [  890.7s] cria azar s24604 (217.4s) R0 real 0.3007
  [ 1101.6s] cria azar s24605 (222.7s) R0 real 0.4286
  [ 1102.3s] cria azar s24606 (220.8s) R0 real 0.0824
  [ 1107.1s] cria azar s24608 (222.0s) R0 real 0.2396
  [ 1107.7s] cria azar s24607 (222.9s) R0 real 0.2518
  [ 1110.8s] cria azar s24609 (222.8s) R0 real 0.0977
  [ 1116.0s] cria azar s24610 (225.4s) R0 real 0.0511
  [ 1352.9s] cria azar s24612 (250.6s) R0 real 0.1167
  [ 1353.7s] cria azar s24611 (252.0s) R0 real 0.1075
  [ 1354.9s] cria azar s24614 (247.1s) R0 real 0.5882
  [ 1356.9s] cria azar s24613 (249.8s) R0 real 0.7143
  [ 1362.4s] cria azar s24615 (251.7s) R0 real 0.1198
  [ 1365.5s] cria azar s24616 (249.4s) R0 real 0.5588
  [ 1583.4s] cria mut0 s24601 (221.0s) R0 real 0.6867
  [ 1585.6s] cria mut0 s24602 (220.1s) R0 real 0.7955
  [ 1604.1s] cria azar s24617 (251.1s) R0 real 0.1729
  [ 1604.2s] cria azar s24618 (250.6s) R0 real 0.016
  [ 1606.3s] cria azar s24620 (249.4s) R0 real 0.3016
  [ 1606.5s] cria azar s24619 (251.7s) R0 real 0.3059
  [ 1811.7s] cria mut0 s24603 (228.3s) R0 real 0.7447
  [ 1815.2s] cria mut0 s24604 (229.6s) R0 real 0.8462
  [ 1833.3s] cria mut0 s24606 (229.0s) R0 real 0.6556
  [ 1834.7s] cria mut0 s24605 (230.6s) R0 real 0.6818
  [ 1836.0s] cria mut0 s24607 (229.7s) R0 real 0.9315
  [ 1837.3s] cria mut0 s24608 (230.7s) R0 real 0.8625
  [ 2074.4s] cria mut0 s24609 (262.7s) R0 real 0.8681
  [ 2076.7s] cria mut0 s24610 (261.5s) R0 real 0.8452
  [ 2096.8s] cria mut0 s24612 (262.2s) R0 real 0.4904
  [ 2097.5s] cria mut0 s24611 (264.2s) R0 real 0.7733
  [ 2099.2s] cria mut0 s24613 (263.2s) R0 real 0.8571
  [ 2100.2s] cria mut0 s24614 (263.0s) R0 real 0.9796
  [ 2334.8s] cria mut0 s24615 (260.4s) R0 real 0.7222
  [ 2338.3s] cria mut0 s24616 (261.6s) R0 real 0.8333
  [ 2363.1s] cria mut0 s24617 (266.3s) R0 real 0.8478
  [ 2363.2s] cria mut0 s24619 (264.0s) R0 real 0.8831
  [ 2364.2s] cria mut0 s24618 (266.7s) R0 real 0.6849
  [ 2367.9s] cria mut0 s24620 (267.7s) R0 real 0.6604
  [ 2540.2s] lee vida s24602 (172.2s) R0 real 0.641
  [ 2541.8s] lee vida s24606 (173.8s) R0 real 0.6735
  [ 2541.9s] lee vida s24605 (173.9s) R0 real 0.459
  [ 2542.0s] lee vida s24603 (174.0s) R0 real 0.4828
  [ 2542.5s] lee vida s24601 (174.6s) R0 real 0.6889
  [ 2543.7s] lee vida s24604 (175.7s) R0 real 0.4035
  [ 2717.8s] lee vida s24608 (176.1s) R0 real 0.375
  [ 2721.7s] lee vida s24609 (179.8s) R0 real 0.6279
  [ 2721.9s] lee vida s24610 (179.9s) R0 real 0.7381
  [ 2722.5s] lee vida s24611 (180.0s) R0 real 0.9259
  [ 2722.7s] lee vida s24607 (182.4s) R0 real 0.4828
  [ 2724.6s] lee vida s24612 (180.9s) R0 real 0.4444
  [ 2878.3s] lee vida s24613 (160.5s) R0 real 0.451
  [ 2886.9s] lee vida s24616 (164.4s) R0 real 0.5574
  [ 2888.9s] lee vida s24615 (167.0s) R0 real 0.5455
  [ 2889.1s] lee vida s24614 (167.4s) R0 real 0.8837
  [ 2891.6s] lee vida s24618 (167.0s) R0 real 0.6286
  [ 2892.2s] lee vida s24617 (169.5s) R0 real 0.3378
  [ 3043.9s] lee vida s24619 (165.6s) R0 real 0.7692
  [ 3049.3s] lee vida_p s24601 (160.4s) R0 real 0.625
  [ 3055.1s] lee vida s24620 (168.3s) R0 real 0.4103
  [ 3055.5s] lee vida_p s24602 (166.4s) R0 real 0.449
  [ 3057.2s] lee vida_p s24604 (165.0s) R0 real 0.6098
  [ 3058.1s] lee vida_p s24603 (166.5s) R0 real 0.9615
  [ 3205.4s] lee vida_p s24605 (161.5s) R0 real 0.6667
  [ 3211.9s] lee vida_p s24606 (162.6s) R0 real 0.6667
  [ 3218.8s] lee vida_p s24608 (163.3s) R0 real 0.281
  [ 3219.1s] lee vida_p s24607 (163.9s) R0 real 0.8056
  [ 3219.4s] lee vida_p s24609 (162.3s) R0 real 0.3469
  [ 3220.3s] lee vida_p s24610 (162.2s) R0 real 0.6061
  [ 3358.6s] lee vida_p s24611 (153.2s) R0 real 0.3651
  [ 3367.1s] lee vida_p s24612 (155.2s) R0 real 0.3117
  [ 3373.4s] lee vida_p s24613 (154.6s) R0 real 0.5156
  [ 3375.1s] lee vida_p s24615 (155.7s) R0 real 0.7059
  [ 3375.7s] lee vida_p s24614 (156.6s) R0 real 0.8077
  [ 3377.9s] lee vida_p s24616 (157.6s) R0 real 0.875
  [ 3524.0s] lee vida_p s24617 (165.4s) R0 real 0.5517
  [ 3530.0s] lee vida_p s24618 (162.9s) R0 real 0.2967
  [ 3535.4s] lee vida_p s24619 (162.0s) R0 real 0.551
  [ 3540.8s] lee vida_p s24620 (165.7s) R0 real 0.7027
  [ 3553.0s] lee desf s24602 (175.0s) R0 real 0.6977
  [ 3553.8s] lee desf s24601 (178.1s) R0 real 0.3922
  [ 3698.9s] lee desf s24603 (174.9s) R0 real 0.3333
  [ 3706.3s] lee desf s24604 (176.3s) R0 real 0.7255
  [ 3711.4s] lee desf s24605 (176.0s) R0 real 0.7692
  [ 3718.5s] lee desf s24606 (177.7s) R0 real 0.7
  [ 3726.3s] lee desf s24608 (172.6s) R0 real 0.5227
  [ 3730.9s] lee desf s24607 (178.0s) R0 real 0.614
  [ 3880.2s] lee desf s24609 (181.3s) R0 real 0.6078
  [ 3889.6s] lee desf s24610 (183.2s) R0 real 0.5
  [ 3893.5s] lee desf s24611 (182.2s) R0 real 0.2157
  [ 3899.7s] lee desf s24613 (173.4s) R0 real 0.3818
  [ 3901.9s] lee desf s24612 (183.3s) R0 real 0.3594
  [ 3913.1s] lee desf s24614 (182.1s) R0 real 0.6071
  [ 4053.7s] lee desf s24615 (173.6s) R0 real 0.23
  [ 4055.3s] lee desf s24616 (165.8s) R0 real 0.6038
  [ 4069.8s] lee desf s24617 (176.3s) R0 real 0.619
  [ 4071.9s] lee desf s24618 (172.1s) R0 real 0.4615
  [ 4071.9s] lee desf s24619 (170.0s) R0 real 0.4151
  [ 4086.5s] lee desf s24620 (173.4s) R0 real 0.7812
  [ 4221.1s] lee azar s24601 (167.4s) R0 real 0.0
  [ 4222.4s] lee azar s24602 (167.1s) R0 real 0.0162
  [ 4236.7s] lee azar s24603 (166.9s) R0 real 0.2162
  [ 4240.6s] lee azar s24605 (168.7s) R0 real 0.0
  [ 4241.1s] lee azar s24604 (169.2s) R0 real 0.0
  [ 4252.9s] lee azar s24606 (166.4s) R0 real 0.1527
  [ 4382.7s] lee azar s24608 (160.3s) R0 real 0.2232
  [ 4382.9s] lee azar s24607 (161.8s) R0 real 0.0
  [ 4396.0s] lee azar s24609 (159.3s) R0 real 0.0667
  [ 4401.5s] lee azar s24610 (160.9s) R0 real 0.0211
  [ 4403.2s] lee azar s24611 (162.1s) R0 real 0.0
  [ 4412.1s] lee azar s24612 (159.2s) R0 real 0.0
  [ 4547.8s] lee azar s24613 (165.1s) R0 real 0.2887
  [ 4549.6s] lee azar s24614 (166.7s) R0 real 0.0
  [ 4566.9s] lee azar s24615 (170.9s) R0 real 0.0
  [ 4573.7s] lee azar s24616 (172.2s) R0 real 0.0
  [ 4575.6s] lee azar s24617 (172.4s) R0 real 0.05
  [ 4583.6s] lee azar s24618 (171.6s) R0 real 0.078
  [ 4718.3s] lee mut0 s24601 (151.4s) R0 real 0.7143
  [ 4722.5s] lee azar s24619 (174.6s) R0 real 0.3559
  [ 4723.1s] lee azar s24620 (173.6s) R0 real 0.1031
  [ 4724.0s] lee mut0 s24602 (150.2s) R0 real 0.6744
  [ 4725.8s] lee mut0 s24603 (150.2s) R0 real 0.9615
  [ 4733.7s] lee mut0 s24604 (150.1s) R0 real 0.4156
  [ 4872.2s] lee mut0 s24605 (153.9s) R0 real 0.6842
  [ 4875.1s] lee mut0 s24607 (152.0s) R0 real 0.3939
  [ 4877.2s] lee mut0 s24609 (151.4s) R0 real 0.5577
  [ 4877.3s] lee mut0 s24606 (154.9s) R0 real 0.6176
  [ 4879.2s] lee mut0 s24608 (155.2s) R0 real 0.5692
  [ 4888.7s] lee mut0 s24610 (155.0s) R0 real 0.8947
  [ 5022.1s] lee mut0 s24612 (146.9s) R0 real 0.5072
  [ 5022.6s] lee mut0 s24611 (150.3s) R0 real 0.8378
  [ 5025.6s] lee mut0 s24613 (148.4s) R0 real 0.7333
  [ 5028.5s] lee mut0 s24614 (151.2s) R0 real 0.6444
  [ 5032.7s] lee mut0 s24615 (153.5s) R0 real 0.1868
  [ 5037.5s] lee mut0 s24616 (148.8s) R0 real 0.5893
  [ 5173.0s] lee mut0 s24617 (150.9s) R0 real 0.65
  [ 5173.6s] lee mut0 s24618 (150.9s) R0 real 0.9524
  [ 5176.9s] lee mut0 s24619 (151.2s) R0 real 0.7143
  [ 5179.6s] lee mut0 s24620 (151.0s) R0 real 0.6667
  [ 5184.2s] lee v143 s24601 (151.5s) R0 real 0.7143
  [ 5188.0s] lee v143 s24602 (150.6s) R0 real 0.6744
  [ 5319.6s] lee v143 s24603 (146.6s) R0 real 0.9615
  [ 5320.0s] lee v143 s24604 (146.5s) R0 real 0.4156
  [ 5322.5s] lee v143 s24605 (145.6s) R0 real 0.6842
  [ 5324.6s] lee v143 s24606 (145.0s) R0 real 0.6176
  [ 5328.8s] lee v143 s24607 (144.6s) R0 real 0.3939
  [ 5331.1s] lee v143 s24608 (143.0s) R0 real 0.5692
  [ 5440.0s] lee v143 s24610 (120.0s) R0 real 0.8947
  [ 5440.7s] lee v143 s24609 (121.2s) R0 real 0.5577
  [ 5443.2s] lee v143 s24611 (120.6s) R0 real 0.8378
  [ 5445.3s] lee v143 s24612 (120.7s) R0 real 0.5072
  [ 5448.4s] lee v143 s24613 (119.7s) R0 real 0.7333
  [ 5450.6s] lee v143 s24614 (119.6s) R0 real 0.6444
  [ 5565.1s] lee v143 s24616 (124.3s) R0 real 0.5893
  [ 5565.3s] lee v143 s24615 (125.3s) R0 real 0.1868
  [ 5567.9s] lee v143 s24617 (124.7s) R0 real 0.65
  [ 5569.9s] lee v143 s24618 (124.6s) R0 real 0.9524
  [ 5574.8s] lee v143 s24619 (126.4s) R0 real 0.7143
  [ 5577.8s] lee v143 s24620 (127.2s) R0 real 0.6667
