=== Wed Sep 30 18:15:56 HPS 2026 | excepcion declarada a EQUIPO.md: corre en paralelo con los diagnosticos de condiciones (pool 2 + 2); determinista por semilla ===
[18:15:57] CORRE_GRANDE · explora · 20260930_181557 · python 3.14.2 · pool 2 · corre_grande.py e32d39add31f47da · preregistro PREREGISTRO_grande.md b6a6ff25ee345972 · carpeta C:\Users\User\Documents\PROYECTOS\JUACO\organelos\experimentos\organelos\o1_evo\grande\datos\explora_s718001-718005_20260930_181557
[18:15:57]   semillas [718001, 718002, 718003, 718004, 718005] · T 100000 · brazos ['o1', 'termo', 'v143', 'pc', 'o1liso', 'o1pas'] · mundos {'G': 2, 'rica': 1, 'lento': 1} / liso {'G': 2, 'rica': 0, 'lento': 0} · siembra experimentos/organelos/o1_evo/datos/serie_i617201-617220_20260929_193426 (14de44f826d30927) · reanuda False
[18:15:57]   sha experimentos\tronco_v14_3\corre_v143.py 24100621c450da22 OK
[18:15:57]   sha experimentos\tronco_v14_3\carros_v143\V143.py 2a03048a7f1525e5 OK
[18:15:57]   sha experimentos\carrera_escuderias\pista.py 9f47c65e438e0ff4 OK
[18:15:57]   sha experimentos\carrera_escuderias\juez.py 6a68f640a7832f12 OK
[18:15:57]   sha experimentos\carrera_escuderias\carros\O1.py 99436afa2715f028 OK
[18:15:57]   sha experimentos\organelos\termo\carros\V143_TERMO.py 3db639cab75641fb OK
[18:15:57]   sha experimentos\organelos\dinamita\carros\TPATAS.py 1b6272ef4616af8b OK
[18:15:57]   sha experimentos\organelos\o1_evo\grande\pista_grande.py 15fea5afb19fdde4 OK
[18:15:57]   sha experimentos\organelos\o1_evo\carros\O1_PAS.py c5377ada6b28bee0 OK
[18:15:57]   pista_grande construida por anclas: {'sha_pista': '9f47c65e438e0ff4', 'sha_juez': '6a68f640a7832f12', 'sha_fuente_transformada': 'bb6d7ad3f5ef9833', 'anclas': 10}
[18:16:00]   IDENTIDAD CORTA (O1 x9, s 718089, T 800, fundador limpio, mundo de fabrica): tarea == corre_v143.tarea True · crudo == pista.run True · sin claves nuevas True
[18:16:00]   git experimentos/organelos/o1_evo/grande/PREREGISTRO_grande.md: commiteado True · sin cambios vs HEAD True
[18:16:00]   git experimentos/organelos/o1_evo/grande/corre_grande.py: commiteado True · sin cambios vs HEAD True
[18:16:00]   git experimentos/organelos/o1_evo/grande/pista_grande.py: commiteado True · sin cambios vs HEAD True
[18:17:58]   [  120.9s] termo  s718001 (117.1s) cruzan 3/9 zonas 0.1047/0.1041 aborto None
[18:20:00]   [  243.2s] v143   s718001 (122.2s) cruzan 0/9 zonas 0.1017/0.0993 aborto None
[18:21:28]   [  331.4s] o1     s718001 (327.7s) cruzan 7/9 zonas 0.1059/0.0979 aborto None
=== Wed Sep 30 18:22:19 HPS 2026 DETENIDO a mano por el coordinador: exceso de procesos sobre el 2+2 aprobado por el director; se retoma con --reanuda cuando haya pool libre ===
=== Wed Sep 30 21:07:49 HPS 2026 | REANUDA: el director autorizo 'corre todo' ===
[21:07:49] CORRE_GRANDE · explora · 20260930_210749 · python 3.14.2 · pool 2 · corre_grande.py e32d39add31f47da · preregistro PREREGISTRO_grande.md b6a6ff25ee345972 · carpeta C:\Users\User\Documents\PROYECTOS\JUACO\organelos\experimentos\organelos\o1_evo\grande\datos\explora_s718001-718005_20260930_181557
[21:07:49]   semillas [718001, 718002, 718003, 718004, 718005] · T 100000 · brazos ['o1', 'termo', 'v143', 'pc', 'o1liso', 'o1pas'] · mundos {'G': 2, 'rica': 1, 'lento': 1} / liso {'G': 2, 'rica': 0, 'lento': 0} · siembra experimentos/organelos/o1_evo/datos/serie_i617201-617220_20260929_193426 (14de44f826d30927) · reanuda True
[21:07:49]   sha experimentos\tronco_v14_3\corre_v143.py 24100621c450da22 OK
[21:07:49]   sha experimentos\tronco_v14_3\carros_v143\V143.py 2a03048a7f1525e5 OK
[21:07:49]   sha experimentos\carrera_escuderias\pista.py 9f47c65e438e0ff4 OK
[21:07:49]   sha experimentos\carrera_escuderias\juez.py 6a68f640a7832f12 OK
[21:07:49]   sha experimentos\carrera_escuderias\carros\O1.py 99436afa2715f028 OK
[21:07:49]   sha experimentos\organelos\termo\carros\V143_TERMO.py 3db639cab75641fb OK
[21:07:49]   sha experimentos\organelos\dinamita\carros\TPATAS.py 1b6272ef4616af8b OK
[21:07:49]   sha experimentos\organelos\o1_evo\grande\pista_grande.py 15fea5afb19fdde4 OK
[21:07:49]   sha experimentos\organelos\o1_evo\carros\O1_PAS.py c5377ada6b28bee0 OK
[21:07:49]   pista_grande construida por anclas: {'sha_pista': '9f47c65e438e0ff4', 'sha_juez': '6a68f640a7832f12', 'sha_fuente_transformada': 'bb6d7ad3f5ef9833', 'anclas': 10}
[21:07:53]   IDENTIDAD CORTA (O1 x9, s 718089, T 800, fundador limpio, mundo de fabrica): tarea == corre_v143.tarea True · crudo == pista.run True · sin claves nuevas True
[21:07:53]   git experimentos/organelos/o1_evo/grande/PREREGISTRO_grande.md: commiteado True · sin cambios vs HEAD True
[21:07:53]   git experimentos/organelos/o1_evo/grande/corre_grande.py: commiteado True · sin cambios vs HEAD True
[21:07:53]   git experimentos/organelos/o1_evo/grande/pista_grande.py: commiteado True · sin cambios vs HEAD True
[21:07:53]   H-4: --reanuda con la MISMA siembra (14de44f826d30927) y brazos que la corrida previa: OK
[21:07:54]   [    4.2s] o1     s718001 (327.7s) cruzan 7/9 zonas 0.1059/0.0979 aborto None
[21:07:54]   [    4.2s] termo  s718001 (117.1s) cruzan 3/9 zonas 0.1047/0.1041 aborto None
[21:07:54]   [    4.2s] v143   s718001 (122.2s) cruzan 0/9 zonas 0.1017/0.0993 aborto None
[21:11:14]   [  204.5s] pc     s718001 (200.2s) cruzan 5/9 zonas 0.1233/0.0982 aborto None
[21:15:18]   [  449.0s] o1liso s718001 (444.6s) cruzan 1/9 zonas None/None aborto None
[21:17:56]   [  606.9s] o1pas  s718001 (402.4s) cruzan 6/9 zonas 0.1111/0.0968 aborto None
[21:20:32]   [  762.8s] termo  s718002 (155.9s) cruzan 4/9 zonas 0.1/0.1033 aborto None
[21:22:32]   [  882.5s] o1     s718002 (433.5s) cruzan 6/9 zonas 0.1099/0.0996 aborto None
[21:23:09]   [  919.8s] v143   s718002 (157.0s) cruzan 1/9 zonas 0.0981/0.1062 aborto None
[21:25:44]   [ 1075.1s] pc     s718002 (192.6s) cruzan 3/9 zonas 0.1163/0.105 aborto None
[21:30:17]   [ 1347.7s] o1liso s718002 (427.8s) cruzan 0/9 zonas None/None aborto None
[21:32:42]   [ 1492.7s] o1pas  s718002 (417.6s) cruzan 5/9 zonas 0.1047/0.1043 aborto None
[21:35:14]   [ 1645.2s] termo  s718003 (152.4s) cruzan 4/9 zonas 0.1054/0.0984 aborto None
[21:37:06]   [ 1757.2s] o1     s718003 (409.5s) cruzan 6/9 zonas 0.1082/0.097 aborto None
[21:37:40]   [ 1790.4s] v143   s718003 (145.3s) cruzan 2/9 zonas 0.0937/0.0997 aborto None
[21:40:00]   [ 1930.6s] pc     s718003 (173.4s) cruzan 3/9 zonas 0.1153/0.0992 aborto None
[21:43:58]   [ 2168.9s] o1liso s718003 (378.4s) cruzan 2/9 zonas None/None aborto None
[21:46:09]   [ 2300.1s] o1pas  s718003 (369.5s) cruzan 7/9 zonas 0.1068/0.093 aborto None
[21:48:23]   [ 2433.2s] termo  s718004 (133.1s) cruzan 4/9 zonas 0.1028/0.1005 aborto None
[21:50:05]   [ 2535.9s] o1     s718004 (367.1s) cruzan 8/9 zonas 0.1087/0.0986 aborto None
[21:50:38]   [ 2568.6s] v143   s718004 (135.4s) cruzan 0/9 zonas 0.0988/0.0976 aborto None
[21:52:50]   [ 2701.1s] pc     s718004 (165.2s) cruzan 4/9 zonas 0.1179/0.0995 aborto None
[21:56:45]   [ 2935.7s] o1liso s718004 (367.1s) cruzan 3/9 zonas None/None aborto None
[21:59:05]   [ 3075.7s] o1pas  s718004 (374.6s) cruzan 5/9 zonas 0.1056/0.1018 aborto None
[22:01:39]   [ 3229.4s] termo  s718005 (153.7s) cruzan 5/9 zonas 0.1026/0.1013 aborto None
[22:03:40]   [ 3350.4s] o1     s718005 (414.7s) cruzan 7/9 zonas 0.1045/0.1007 aborto None
[22:04:07]   [ 3377.6s] v143   s718005 (148.2s) cruzan 1/9 zonas 0.0996/0.0976 aborto None
[22:06:33]   [ 3523.4s] pc     s718005 (173.0s) cruzan 4/9 zonas 0.1166/0.0958 aborto None
[22:10:12]   [ 3742.9s] o1liso s718005 (365.3s) cruzan 2/9 zonas None/None aborto None
[22:12:19]   [ 3869.3s] o1pas  s718005 (345.9s) cruzan 7/9 zonas 0.1044/0.0981 aborto None
[22:12:19]   validez: {'V1_completa': True, 'V2_cosas_actuan': True, 'V2b_liso_sin_cosas': True, 'V3_estado': True, 'V4_tamano': True, 'V5_siembra_actua': True}
[22:12:19]   valido: True
[22:12:19]   total_linajes: 45
[22:12:19]   suma_cruzan: {'o1': 34, 'termo': 20, 'v143': 4, 'pc': 19, 'o1liso': 8, 'o1pas': 30}
[22:12:19]   mayorias: {'o1': 5, 'termo': 1, 'v143': 0, 'pc': 1, 'o1liso': 0, 'o1pas': 5}
[22:12:19]   L1_orden: {'se_mantiene': True, 'o1': 34, 'termo': 20, 'v143': 4, 'invertido': []}
[22:12:19]   L2_par_o1_termo: {'n': 5, 'gana': 5, 'empata': 0, 'pierde': 0, 'suma_a': 34, 'suma_b': 20, 'dif': 14}
[22:12:19]   L2_par_termo_v143: {'n': 5, 'gana': 5, 'empata': 0, 'pierde': 0, 'suma_a': 20, 'suma_b': 4, 'dif': 16}
[22:12:19]   L3_margen_o1: {'no_cruzan': 11, 'frac_cruzan': 0.7556, 'mayorias': 5}
[22:12:19]   L4_cosas_en_o1: {'o1liso': 8, 'o1': 34, 'dif_liso_menos_grande': -26, 'par': {'n': 5, 'gana': 0, 'empata': 0, 'pierde': 5, 'suma_a': 8, 'suma_b': 34, 'dif': -26}, 'reserva_inmortales_o1liso': False}
[22:12:19]   L5_oasis: {'o1': {'ratio_pasos': 1.082, 'ratio_mord_AC': 1.003}, 'termo': {'ratio_pasos': 1.028, 'ratio_mord_AC': 1.0}, 'v143': {'ratio_pasos': 0.988, 'ratio_mord_AC': 1.035}, 'pc': {'ratio_pasos': 1.166, 'ratio_mord_AC': 0.994}, 'o1pas': {'ratio_pasos': 1.056, 'ratio_mord_AC': 0.949}}
[22:12:19]   L6_pantano: {'o1': {'ratio_pasos': 0.906, 'ratio_mord_AC': 0.986, 'frac_muertes_con_carga': 0.381, 'cargas_med': 557.0, 'drenado_med': 375.988}, 'termo': {'ratio_pasos': 0.989, 'ratio_mord_AC': 1.013, 'frac_muertes_con_carga': 0.2476, 'cargas_med': 622.0, 'drenado_med': 417.332}, 'v143': {'ratio_pasos': 1.02, 'ratio_mord_AC': 0.993, 'frac_muertes_con_carga': 0.1702, 'cargas_med': 799.0, 'drenado_med': 507.315}, 'pc': {'ratio_pasos': 0.887, 'ratio_mord_AC': 0.992, 'frac_muertes_con_carga': 0.2433, 'cargas_med': 680.0, 'drenado_med': 433.752}, 'o1pas': {'ratio_pasos': 0.93, 'ratio_mord_AC': 0.981, 'frac_muertes_con_carga': 0.3651, 'cargas_med': 544.0, 'drenado_med': 376.885}}
[22:12:19]   L7_pc_termo: {'n': 5, 'gana': 1, 'empata': 1, 'pierde': 3, 'suma_a': 19, 'suma_b': 20, 'dif': -1}
[22:12:19]   L8_o1pas_o1: {'n': 5, 'gana': 1, 'empata': 1, 'pierde': 3, 'suma_a': 30, 'suma_b': 34, 'dif': -4}
[22:12:19]   desc: {'o1': {'R0_med': 0.9677, 'fund_media': 17.8889, 'fund_mediana': 0.0, 'persisten': 38, 'vida_med': 1897.0, 'muertes': 2672, 'causas': {'hambre': 1140, 'sed': 263, 'veneno': 672, 'sal': 597}, 'mord_BD_med': 559.0, 'mord_AC_med': 5591.0, 'mundo_AC': 3.6861, 'sin_bueno': 0.0081}, 'termo': {'R0_med': 0.8367, 'fund_media': 62.5556, 'fund_mediana': 7.0, 'persisten': 27, 'vida_med': 1097.5, 'muertes': 4747, 'causas': {'hambre': 1546, 'sed': 379, 'veneno': 1383, 'sal': 1439}, 'mord_BD_med': 1613.0, 'mord_AC_med': 6020.0, 'mundo_AC': 6.9754, 'sin_bueno': 0.0009}, 'v143': {'R0_med': 0.4419, 'fund_media': 149.6667, 'fund_mediana': 47.0, 'persisten': 18, 'vida_med': 294.5, 'muertes': 8507, 'causas': {'hambre': 1463, 'sed': 468, 'veneno': 3226, 'sal': 3350}, 'mord_BD_med': 3632.0, 'mord_AC_med': 8033.0, 'mundo_AC': 8.2044, 'sin_bueno': 0.0002}, 'pc': {'R0_med': 0.7959, 'fund_media': 56.5556, 'fund_mediana': 9.0, 'persisten': 30, 'vida_med': 999.0, 'muertes': 4716, 'causas': {'hambre': 1326, 'sed': 273, 'veneno': 1537, 'sal': 1580}, 'mord_BD_med': 1689.0, 'mord_AC_med': 6837.0, 'mundo_AC': 4.5015, 'sin_bueno': 0.0091}, 'o1liso': {'R0_med': 0.8571, 'fund_media': 0.2222, 'fund_mediana': 0.0, 'persisten': 37, 'vida_med': 9642.5, 'muertes': 403, 'causas': {'hambre': 133, 'sed': 166, 'veneno': 57, 'sal': 47}, 'mord_BD_med': 858.0, 'mord_AC_med': 5594.0, 'mundo_AC': 4.998, 'sin_bueno': 0.0022}, 'o1pas': {'R0_med': 0.9697, 'fund_media': 20.7778, 'fund_mediana': 0.0, 'persisten': 36, 'vida_med': 1812.5, 'muertes': 2843, 'causas': {'hambre': 1174, 'sed': 243, 'veneno': 764, 'sal': 662}, 'mord_BD_med': 652.0, 'mord_AC_med': 5538.0, 'mundo_AC': 3.8084, 'sin_bueno': 0.007}}
[22:12:19]   predicciones: {'P1_orden_se_mantiene': True, 'P2_o1_suma_en_22_40': True, 'P3_o1_mayoria_ge_3de5': True, 'P4_liso_menos_grande_en_m3_10': False, 'P5_oasis_no_se_usa': True, 'P6_pantano_no_se_evita': True, 'P7_pc_igual_termo': True}
[22:12:19]   casi_inmortales: {'o1': 0, 'termo': 0, 'v143': 0, 'pc': 0, 'o1liso': 8, 'o1pas': 0}
[22:12:19]   reserva_inmortales: []
[22:12:19]   L1b_cruzan_mas_inmortales: {'o1': 34, 'termo': 20, 'v143': 4, 'pc': 19, 'o1liso': 16, 'o1pas': 30}
[22:12:19]   P4_con_reserva: False
[22:12:19]   lectura: ORDEN SE MANTIENE
[22:12:19]   RESUMEN experimentos\organelos\o1_evo\grande\datos\explora_s718001-718005_20260930_181557\resumen.json (sha c5956e3b34980648) · terminado en 3869.6s
[22:12:19] LECTURA DE LA CORRIDA: ORDEN SE MANTIENE
