[14:32:03] ECO v2.1 eco_v21_serie_s20211-20230 · T 120000 · corte 60000 · mundos {'w30': {'esc': 30, 'n0': 30, 'tope': 3000}, 'w90': {'esc': 90, 'n0': 90, 'tope': 3000}, 'w270': {'esc': 270, 'n0': 270, 'tope': 9000}} · pool 3 · motor GEMELO · shas {'corre_eco_v21.py': '7a64da16e6e7fd25', 'corre_eco.py': '47d9cee4d6462116', 'motor_eco2.py': '0921ee3a50ce7f7a', 'motor_eco_rapido_org.py': '024f0a8ea5e12c7d', 'carros/FAMB_ORG_ECO.py': '75d5f4118079ff15', 'construye_eco_org.py': 'ff5531748aa4bd6a', 'PREREGISTRO_eco_v21.md': '8cd7f988d49eaf2f'}
[14:32:34] [1/120] w270 AZAR s20211: persiste 1 (vivos 2, max 350) · banco con ensena 0.0 · filtra0 0.82 (30.9 s; 31 s)
[14:32:54] [2/120] w270 VIDA s20212: persiste 1 (vivos 117, max 656) · banco con ensena 0.985 · filtra0 0.08 (51.0 s; 51 s)
[14:33:05] [3/120] w270 AZAR s20212: persiste 1 (vivos 5, max 295) · banco con ensena 0.45 · filtra0 0.0 (31.3 s; 62 s)
[14:33:37] [4/120] w270 AZAR s20213: persiste 1 (vivos 1, max 295) · banco con ensena 0.0 · filtra0 0.25 (31.9 s; 94 s)
[14:33:54] [5/120] w270 VIDA s20211: persiste 1 (vivos 327, max 874) · banco con ensena 0.995 · filtra0 0.81 (110.4 s; 110 s)
[14:34:09] [6/120] w270 VIDA s20213: persiste 1 (vivos 132, max 740) · banco con ensena 0.985 · filtra0 0.885 (74.9 s; 126 s)
[14:35:39] ECO v2.1 eco_v21_serie_s20211-20230 · T 120000 · corte 60000 · mundos {'w30': {'esc': 30, 'n0': 30, 'tope': 3000}, 'w90': {'esc': 90, 'n0': 90, 'tope': 3000}, 'w270': {'esc': 270, 'n0': 270, 'tope': 9000}} · pool 3 · motor GEMELO · shas {'corre_eco_v21.py': '7a64da16e6e7fd25', 'corre_eco.py': '47d9cee4d6462116', 'motor_eco2.py': '0921ee3a50ce7f7a', 'motor_eco_rapido_org.py': '024f0a8ea5e12c7d', 'carros/FAMB_ORG_ECO.py': '75d5f4118079ff15', 'construye_eco_org.py': 'ff5531748aa4bd6a', 'PREREGISTRO_eco_v21.md': '8cd7f988d49eaf2f'}
[14:35:39] [1/120] w270 AZAR s20211: persiste 1 (vivos 2, max 350) · banco con ensena 0.0 · filtra0 0.82 (30.9 s; 0 s)
[14:35:39] [2/120] w270 VIDA s20211: persiste 1 (vivos 327, max 874) · banco con ensena 0.995 · filtra0 0.81 (110.4 s; 0 s)
[14:35:39] [3/120] w270 VIDA s20212: persiste 1 (vivos 117, max 656) · banco con ensena 0.985 · filtra0 0.08 (51.0 s; 0 s)
[14:35:39] [4/120] w270 VIDA s20213: persiste 1 (vivos 132, max 740) · banco con ensena 0.985 · filtra0 0.885 (74.9 s; 0 s)
[14:35:39] [5/120] w270 AZAR s20212: persiste 1 (vivos 5, max 295) · banco con ensena 0.45 · filtra0 0.0 (31.3 s; 0 s)
[14:35:39] [6/120] w270 AZAR s20213: persiste 1 (vivos 1, max 295) · banco con ensena 0.0 · filtra0 0.25 (31.9 s; 0 s)
[14:35:43] [7/120] w270 AZAR s20214: persiste 1 (vivos 19, max 433) · banco con ensena 0.96 · filtra0 0.0 (3.7 s; 4 s)
[14:36:03] [8/120] w270 VIDA s20214: persiste 1 (vivos 151, max 835) · banco con ensena 0.98 · filtra0 0.195 (24.1 s; 24 s)
[14:36:26] [9/120] w270 AZAR s20215: persiste 1 (vivos 18, max 507) · banco con ensena 0.365 · filtra0 0.195 (43.1 s; 47 s)
[14:36:37] [10/120] w270 VIDA s20215: persiste 1 (vivos 285, max 776) · banco con ensena 1.0 · filtra0 0.935 (58.0 s; 58 s)
[14:37:00] [11/120] w270 AZAR s20216: persiste 0 (vivos 0, max 379) · banco con ensena 1.0 · filtra0 0.005 (34.5 s; 81 s)
[14:37:17] [12/120] w270 VIDA s20216: persiste 1 (vivos 268, max 755) · banco con ensena 1.0 · filtra0 0.07 (74.3 s; 99 s)
[14:37:38] [13/120] w270 AZAR s20217: persiste 1 (vivos 27, max 362) · banco con ensena 0.085 · filtra0 0.645 (37.7 s; 119 s)
[14:37:44] [14/120] w270 VIDA s20217: persiste 1 (vivos 98, max 764) · banco con ensena 0.985 · filtra0 0.18 (66.7 s; 125 s)
[14:38:07] [15/120] w270 AZAR s20218: persiste 1 (vivos 12, max 320) · banco con ensena 0.07 · filtra0 1.0 (28.7 s; 148 s)
[14:38:39] [16/120] w270 AZAR s20219: persiste 1 (vivos 8, max 315) · banco con ensena 0.615 · filtra0 0.03 (32.2 s; 180 s)
[14:38:41] [17/120] w270 VIDA s20218: persiste 1 (vivos 282, max 794) · banco con ensena 0.98 · filtra0 0.735 (84.0 s; 183 s)
[14:39:05] [18/120] w270 VIDA s20219: persiste 1 (vivos 297, max 748) · banco con ensena 0.985 · filtra0 0.74 (81.0 s; 206 s)
[14:39:10] [19/120] w270 AZAR s20220: persiste 0 (vivos 0, max 317) · banco con ensena 0.5 · filtra0 1.0 (29.0 s; 212 s)
[14:39:45] [20/120] w270 AZAR s20221: persiste 1 (vivos 6, max 522) · banco con ensena 0.99 · filtra0 0.035 (34.5 s; 246 s)
[14:40:12] [21/120] w270 VIDA s20221: persiste 1 (vivos 120, max 813) · banco con ensena 0.985 · filtra0 0.455 (67.4 s; 273 s)
[14:40:14] [22/120] w270 VIDA s20220: persiste 1 (vivos 300, max 846) · banco con ensena 0.975 · filtra0 0.56 (94.5 s; 275 s)
[14:40:39] [23/120] w270 AZAR s20222: persiste 1 (vivos 1, max 319) · banco con ensena 0.0 · filtra0 0.245 (27.3 s; 301 s)
[14:40:47] [24/120] w270 VIDA s20222: persiste 1 (vivos 123, max 742) · banco con ensena 0.99 · filtra0 0.605 (61.8 s; 308 s)
[14:41:10] [25/120] w270 AZAR s20223: persiste 0 (vivos 0, max 333) · banco con ensena 0.035 · filtra0 0.315 (30.7 s; 331 s)
[14:41:18] [26/120] w270 VIDA s20223: persiste 1 (vivos 160, max 792) · banco con ensena 0.97 · filtra0 0.895 (64.9 s; 340 s)
[14:41:41] [27/120] w270 AZAR s20224: persiste 0 (vivos 0, max 392) · banco con ensena 0.97 · filtra0 0.1 (31.2 s; 363 s)
[14:42:03] [28/120] w270 VIDA s20224: persiste 1 (vivos 281, max 774) · banco con ensena 0.99 · filtra0 0.845 (75.9 s; 384 s)
[14:42:10] [29/120] w270 AZAR s20225: persiste 1 (vivos 14, max 325) · banco con ensena 0.155 · filtra0 0.3 (29.0 s; 392 s)
[14:42:42] [30/120] w270 AZAR s20226: persiste 1 (vivos 21, max 404) · banco con ensena 0.305 · filtra0 0.0 (31.8 s; 423 s)
[14:42:59] [31/120] w270 VIDA s20225: persiste 1 (vivos 323, max 884) · banco con ensena 0.99 · filtra0 0.905 (100.6 s; 440 s)
[14:43:21] [32/120] w270 VIDA s20226: persiste 1 (vivos 283, max 789) · banco con ensena 1.0 · filtra0 0.95 (78.4 s; 462 s)
[14:43:40] [33/120] w270 AZAR s20227: persiste 1 (vivos 14, max 678) · banco con ensena 0.04 · filtra0 0.005 (40.9 s; 481 s)
[14:43:52] [34/120] w270 VIDA s20227: persiste 1 (vivos 285, max 774) · banco con ensena 0.98 · filtra0 0.095 (69.8 s; 493 s)
[14:44:09] [35/120] w270 AZAR s20228: persiste 1 (vivos 2, max 300) · banco con ensena 0.02 · filtra0 0.665 (28.8 s; 510 s)
[14:44:26] [36/120] w270 VIDA s20228: persiste 1 (vivos 130, max 801) · banco con ensena 0.985 · filtra0 0.075 (64.7 s; 527 s)
[14:44:39] [37/120] w270 AZAR s20229: persiste 0 (vivos 0, max 332) · banco con ensena 0.0 · filtra0 0.855 (29.6 s; 540 s)
[14:45:04] [38/120] w270 VIDA s20229: persiste 1 (vivos 180, max 860) · banco con ensena 0.98 · filtra0 0.785 (71.7 s; 565 s)
[14:45:06] [39/120] w270 AZAR s20230: persiste 1 (vivos 2, max 298) · banco con ensena 0.035 · filtra0 0.725 (27.7 s; 568 s)
[14:45:15] [40/120] w90 AZAR s20211: persiste 0 (vivos 0, max 105) · banco con ensena 0.005 · filtra0 0.795 (8.3 s; 576 s)
[14:45:21] [41/120] w90 VIDA s20211: persiste 1 (vivos 43, max 248) · banco con ensena 0.985 · filtra0 0.22 (17.1 s; 582 s)
[14:45:26] [42/120] w270 VIDA s20230: persiste 1 (vivos 114, max 774) · banco con ensena 0.97 · filtra0 0.22 (60.4 s; 588 s)
[14:45:33] [43/120] w90 VIDA s20212: persiste 1 (vivos 45, max 236) · banco con ensena 0.995 · filtra0 0.85 (18.2 s; 594 s)
[14:45:33] [44/120] w90 AZAR s20212: persiste 1 (vivos 27, max 199) · banco con ensena 0.455 · filtra0 0.0 (12.5 s; 595 s)
[14:45:43] [45/120] w90 AZAR s20213: persiste 1 (vivos 4, max 146) · banco con ensena 0.005 · filtra0 0.0 (10.4 s; 604 s)
[14:45:45] [46/120] w90 VIDA s20213: persiste 1 (vivos 49, max 275) · banco con ensena 0.995 · filtra0 0.05 (18.5 s; 606 s)
[14:45:52] [47/120] w90 AZAR s20214: persiste 0 (vivos 0, max 109) · banco con ensena 0.385 · filtra0 0.17 (8.4 s; 613 s)
[14:45:52] [48/120] w90 VIDA s20214: persiste 1 (vivos 47, max 283) · banco con ensena 0.995 · filtra0 0.1 (18.6 s; 613 s)
[14:46:01] [49/120] w90 AZAR s20215: persiste 1 (vivos 5, max 112) · banco con ensena 0.86 · filtra0 0.565 (9.6 s; 623 s)
[14:46:04] [50/120] w90 VIDA s20215: persiste 1 (vivos 37, max 273) · banco con ensena 1.0 · filtra0 0.84 (19.2 s; 625 s)
[14:46:10] [51/120] w90 VIDA s20216: persiste 1 (vivos 43, max 252) · banco con ensena 0.96 · filtra0 0.685 (17.8 s; 631 s)
[14:46:11] [52/120] w90 AZAR s20216: persiste 1 (vivos 3, max 155) · banco con ensena 0.615 · filtra0 0.69 (9.9 s; 632 s)
[14:46:19] [53/120] w90 AZAR s20217: persiste 1 (vivos 1, max 107) · banco con ensena 0.16 · filtra0 0.0 (9.0 s; 640 s)
[14:46:23] [54/120] w90 VIDA s20217: persiste 1 (vivos 54, max 279) · banco con ensena 0.985 · filtra0 0.42 (18.6 s; 644 s)
[14:46:29] [55/120] w90 AZAR s20218: persiste 1 (vivos 9, max 120) · banco con ensena 0.065 · filtra0 0.54 (9.7 s; 650 s)
[14:46:35] [56/120] w90 VIDA s20218: persiste 1 (vivos 109, max 252) · banco con ensena 1.0 · filtra0 0.695 (23.6 s; 656 s)
[14:46:37] [57/120] w90 AZAR s20219: persiste 0 (vivos 0, max 109) · banco con ensena 0.0 · filtra0 0.405 (8.2 s; 658 s)
[14:46:38] [58/120] w90 VIDA s20219: persiste 1 (vivos 37, max 277) · banco con ensena 0.995 · filtra0 0.96 (15.7 s; 660 s)
[14:46:47] [59/120] w90 AZAR s20220: persiste 1 (vivos 5, max 138) · banco con ensena 0.465 · filtra0 0.885 (10.3 s; 668 s)
[14:46:53] [60/120] w90 VIDA s20220: persiste 1 (vivos 45, max 260) · banco con ensena 0.975 · filtra0 1.0 (18.6 s; 675 s)
[14:46:55] [61/120] w90 VIDA s20221: persiste 1 (vivos 42, max 259) · banco con ensena 0.985 · filtra0 0.8 (17.0 s; 677 s)
[14:46:57] [62/120] w90 AZAR s20221: persiste 1 (vivos 2, max 114) · banco con ensena 0.16 · filtra0 0.71 (9.4 s; 678 s)
[14:47:04] [63/120] w90 AZAR s20222: persiste 1 (vivos 6, max 102) · banco con ensena 0.16 · filtra0 0.24 (8.7 s; 685 s)
[14:47:12] [64/120] w90 VIDA s20222: persiste 1 (vivos 36, max 273) · banco con ensena 0.965 · filtra0 0.09 (18.2 s; 693 s)
[14:47:13] [65/120] w90 AZAR s20223: persiste 0 (vivos 0, max 113) · banco con ensena 0.23 · filtra0 0.0 (8.5 s; 694 s)
[14:47:13] [66/120] w90 VIDA s20223: persiste 1 (vivos 39, max 268) · banco con ensena 0.995 · filtra0 0.145 (16.6 s; 695 s)
[14:47:21] [67/120] w90 AZAR s20224: persiste 1 (vivos 2, max 106) · banco con ensena 0.96 · filtra0 0.0 (8.3 s; 702 s)
[14:47:30] [68/120] w90 VIDA s20224: persiste 1 (vivos 47, max 246) · banco con ensena 0.995 · filtra0 0.76 (18.1 s; 711 s)
[14:47:30] [69/120] w90 AZAR s20225: persiste 1 (vivos 1, max 114) · banco con ensena 0.0 · filtra0 0.01 (8.9 s; 711 s)
[14:47:34] [70/120] w90 VIDA s20225: persiste 1 (vivos 97, max 269) · banco con ensena 0.99 · filtra0 0.905 (20.8 s; 715 s)
[14:47:39] [71/120] w90 AZAR s20226: persiste 1 (vivos 1, max 109) · banco con ensena 0.675 · filtra0 0.99 (8.5 s; 720 s)
[14:47:46] [72/120] w90 VIDA s20227: persiste 1 (vivos 36, max 167) · banco con ensena 0.9 · filtra0 0.735 (11.9 s; 727 s)
[14:47:48] [73/120] w90 AZAR s20227: persiste 0 (vivos 0, max 111) · banco con ensena 0.115 · filtra0 0.6 (9.1 s; 729 s)
[14:47:48] [74/120] w90 VIDA s20226: persiste 1 (vivos 38, max 253) · banco con ensena 0.995 · filtra0 0.62 (18.5 s; 730 s)
[14:47:57] [75/120] w90 AZAR s20228: persiste 1 (vivos 1, max 110) · banco con ensena 0.35 · filtra0 0.1 (9.1 s; 738 s)
[14:48:05] [76/120] w90 VIDA s20229: persiste 1 (vivos 41, max 236) · banco con ensena 0.99 · filtra0 0.935 (16.6 s; 746 s)
[14:48:05] [77/120] w90 VIDA s20228: persiste 1 (vivos 73, max 266) · banco con ensena 0.985 · filtra0 0.735 (19.3 s; 747 s)
[14:48:07] [78/120] w90 AZAR s20229: persiste 1 (vivos 7, max 128) · banco con ensena 0.0 · filtra0 0.76 (10.0 s; 748 s)
[14:48:10] [79/120] w30 VIDA s20211: persiste 1 (vivos 14, max 41) · banco con ensena 0.05 · filtra0 0.315 (3.3 s; 751 s)
[14:48:13] [80/120] w30 AZAR s20211: persiste 0 (vivos 0, max 37) · banco con ensena 0.065 · filtra0 0.25 (3.1 s; 754 s)
[14:48:14] [81/120] w90 AZAR s20230: persiste 1 (vivos 1, max 106) · banco con ensena 0.96 · filtra0 0.445 (9.0 s; 756 s)
[14:48:17] [82/120] w30 AZAR s20212: persiste 1 (vivos 1, max 41) · banco con ensena 0.255 · filtra0 0.25 (2.9 s; 759 s)
[14:48:18] [83/120] w30 VIDA s20212: persiste 1 (vivos 10, max 83) · banco con ensena 0.995 · filtra0 0.185 (5.1 s; 759 s)
[14:48:21] [84/120] w30 AZAR s20213: persiste 0 (vivos 0, max 45) · banco con ensena 0.42 · filtra0 0.67 (3.0 s; 763 s)
[14:48:23] [85/120] w30 VIDA s20213: persiste 1 (vivos 16, max 92) · banco con ensena 0.99 · filtra0 0.195 (5.4 s; 764 s)
[14:48:24] [86/120] w90 VIDA s20230: persiste 1 (vivos 38, max 283) · banco con ensena 1.0 · filtra0 0.965 (19.4 s; 766 s)
[14:48:26] [87/120] w30 AZAR s20214: persiste 1 (vivos 2, max 42) · banco con ensena 0.2 · filtra0 0.635 (3.2 s; 767 s)
[14:48:27] [88/120] w30 VIDA s20214: persiste 1 (vivos 14, max 97) · banco con ensena 1.0 · filtra0 0.855 (5.3 s; 768 s)
[14:48:29] [89/120] w30 VIDA s20215: persiste 1 (vivos 13, max 87) · banco con ensena 0.98 · filtra0 0.915 (4.7 s; 770 s)
[14:48:29] [90/120] w30 AZAR s20215: persiste 1 (vivos 7, max 39) · banco con ensena 0.555 · filtra0 0.06 (3.1 s; 770 s)
[14:48:30] [91/120] w30 VIDA s20216: persiste 1 (vivos 10, max 73) · banco con ensena 0.83 · filtra0 0.805 (3.9 s; 772 s)
[14:48:32] [92/120] w30 VIDA s20217: persiste 0 (vivos 0, max 40) · banco con ensena 0.035 · filtra0 0.035 (2.8 s; 773 s)
[14:48:32] [93/120] w30 AZAR s20216: persiste 1 (vivos 1, max 41) · banco con ensena 0.155 · filtra0 0.3 (3.1 s; 773 s)
[14:48:33] [94/120] w30 AZAR s20217: persiste 0 (vivos 0, max 38) · banco con ensena 0.23 · filtra0 0.425 (2.9 s; 775 s)
[14:48:35] [95/120] w30 AZAR s20218: persiste 0 (vivos 0, max 41) · banco con ensena 0.065 · filtra0 0.59 (2.8 s; 776 s)
[14:48:37] [96/120] w30 VIDA s20218: persiste 1 (vivos 14, max 77) · banco con ensena 0.97 · filtra0 0.26 (4.6 s; 778 s)
[14:48:38] [97/120] w30 AZAR s20219: persiste 1 (vivos 2, max 40) · banco con ensena 0.05 · filtra0 0.86 (3.1 s; 779 s)
[14:48:38] [98/120] w30 VIDA s20219: persiste 1 (vivos 18, max 85) · banco con ensena 0.99 · filtra0 0.98 (5.1 s; 780 s)
[14:48:41] [99/120] w30 AZAR s20220: persiste 0 (vivos 0, max 39) · banco con ensena 0.36 · filtra0 0.065 (2.8 s; 782 s)
[14:48:43] [100/120] w30 VIDA s20220: persiste 1 (vivos 8, max 97) · banco con ensena 0.99 · filtra0 0.83 (6.0 s; 784 s)
[14:48:44] [101/120] w30 AZAR s20221: persiste 0 (vivos 0, max 38) · banco con ensena 0.09 · filtra0 0.065 (2.8 s; 785 s)
[14:48:44] [102/120] w30 VIDA s20221: persiste 1 (vivos 23, max 95) · banco con ensena 1.0 · filtra0 0.885 (5.8 s; 786 s)
[14:48:47] [103/120] w30 AZAR s20222: persiste 0 (vivos 0, max 41) · banco con ensena 0.475 · filtra0 0.2 (3.0 s; 788 s)
[14:48:48] [104/120] w30 VIDA s20222: persiste 1 (vivos 10, max 90) · banco con ensena 0.955 · filtra0 0.89 (4.9 s; 789 s)
[14:48:48] [105/120] w30 VIDA s20223: persiste 1 (vivos 15, max 44) · banco con ensena 0.005 · filtra0 0.06 (3.6 s; 789 s)
[14:48:50] [106/120] w30 AZAR s20223: persiste 1 (vivos 2, max 38) · banco con ensena 0.4 · filtra0 0.19 (3.0 s; 791 s)
[14:48:51] [107/120] w30 AZAR s20224: persiste 1 (vivos 2, max 39) · banco con ensena 0.285 · filtra0 0.55 (2.8 s; 792 s)
[14:48:51] [108/120] w30 VIDA s20224: persiste 1 (vivos 10, max 45) · banco con ensena 0.105 · filtra0 0.86 (3.7 s; 793 s)
[14:48:54] [109/120] w30 AZAR s20225: persiste 0 (vivos 0, max 43) · banco con ensena 0.295 · filtra0 0.465 (3.0 s; 795 s)
[14:48:55] [110/120] w30 VIDA s20225: persiste 1 (vivos 11, max 88) · banco con ensena 1.0 · filtra0 0.9 (5.0 s; 796 s)
[14:48:55] [111/120] w30 VIDA s20226: persiste 1 (vivos 12, max 43) · banco con ensena 0.235 · filtra0 0.03 (3.7 s; 796 s)
[14:48:58] [112/120] w30 AZAR s20226: persiste 1 (vivos 10, max 66) · banco con ensena 0.51 · filtra0 0.345 (4.0 s; 799 s)
[14:48:58] [113/120] w30 AZAR s20227: persiste 1 (vivos 1, max 38) · banco con ensena 0.53 · filtra0 0.49 (3.0 s; 799 s)
[14:49:00] [114/120] w30 VIDA s20227: persiste 1 (vivos 15, max 96) · banco con ensena 0.985 · filtra0 0.945 (4.9 s; 801 s)
[14:49:01] [115/120] w30 AZAR s20228: persiste 0 (vivos 0, max 37) · banco con ensena 0.355 · filtra0 0.075 (2.8 s; 802 s)
[14:49:02] [116/120] w30 VIDA s20228: persiste 1 (vivos 16, max 84) · banco con ensena 0.85 · filtra0 0.745 (4.1 s; 803 s)
[14:49:04] [117/120] w30 AZAR s20229: persiste 0 (vivos 0, max 38) · banco con ensena 0.025 · filtra0 0.075 (2.9 s; 805 s)
[14:49:05] [118/120] w30 VIDA s20229: persiste 1 (vivos 11, max 103) · banco con ensena 0.99 · filtra0 0.0 (5.3 s; 806 s)
[14:49:07] [119/120] w30 AZAR s20230: persiste 1 (vivos 1, max 39) · banco con ensena 0.41 · filtra0 0.395 (3.0 s; 808 s)
[14:49:07] [120/120] w30 VIDA s20230: persiste 1 (vivos 12, max 96) · banco con ensena 0.885 · filtra0 0.03 (4.8 s; 808 s)
[w30] ensena: VIDA expresa sobre la media de sus sombras 17/20 · AZAR 9/20 · filtra0: VIDA 15/20 · AZAR 10/20 · descriptivo media contra sombras VIDA ensena (11, 2) filtra0 (7, 2)
[w30] banco con ensena (mediana): VIDA 0.975 · AZAR 0.29; VIDA > AZAR 15/20 · con filtra0: VIDA 0.775 · AZAR 0.3225 · vivos en T con ensena: VIDA 1.0 · AZAR 0.0
[w30] otros genes seleccionados en VIDA (>= 15/20): [] · persisten en T: {'VIDA': 19, 'AZAR': 10} · O1* SI · O2 SI · F SI
[w90] ensena: VIDA expresa sobre la media de sus sombras 20/20 · AZAR 7/20 · filtra0: VIDA 15/20 · AZAR 10/20 · descriptivo media contra sombras VIDA ensena (15, 0) filtra0 (10, 1)
[w90] banco con ensena (mediana): VIDA 0.9924999999999999 · AZAR 0.195; VIDA > AZAR 20/20 · con filtra0: VIDA 0.735 · AZAR 0.42500000000000004 · vivos en T con ensena: VIDA 1.0 · AZAR 0.25
[w90] otros genes seleccionados en VIDA (>= 15/20): [('alpha', (15, 0))] · persisten en T: {'VIDA': 20, 'AZAR': 15} · O1* SI · O2 SI · F SI
[w270] ensena: VIDA expresa sobre la media de sus sombras 20/20 · AZAR 8/20 · filtra0: VIDA 14/20 · AZAR 7/20 · descriptivo media contra sombras VIDA ensena (16, 0) filtra0 (7, 0)
[w270] banco con ensena (mediana): VIDA 0.985 · AZAR 0.12; VIDA > AZAR 18/20 · con filtra0: VIDA 0.6699999999999999 · AZAR 0.2475 · vivos en T con ensena: VIDA 0.99505 · AZAR 0.3571
[w270] otros genes seleccionados en VIDA (>= 15/20): [('tau_e', (0, 17)), ('alpha', (15, 0)), ('rep_umbral', (0, 16)), ('rep_X', (0, 15))] · persisten en T: {'VIDA': 20, 'AZAR': 15} · O1* SI · O2 SI · F NO
secundario: filtra0 expresado sobre sus sombras (>= 15/20) en 2 de 3 mundos
VEREDICTO ECO v2.1 POR LA LETRA (una serie; el del bloque exige serie + replica con el mismo veredicto): FUNCIONA: LA SELECCION PRENDE EL ORGANO DE ENSENAR (en esta serie; O1* y O2 en 3 de 3 mundos)
[14:49:07] VEREDICTO: FUNCIONA: LA SELECCION PRENDE EL ORGANO DE ENSENAR (en esta serie; O1* y O2 en 3 de 3 mundos)
