[14:30:13] ENDO endo_serie_s22001-22020 · T 120000 · corte 60000 · mundo {'esc': 30, 'n0': 30, 'tope': 3000, 'muestra': 1000} · brazos ('VIDA_S', 'INERTE', 'BARAJADO', 'SIN_TRAGAR', 'AZAR_S') · pool 3 · shas {'corre_endo.py': '078734369e9721c5', 'motor_endo.py': '7e10329cf0cb9fd0', 'simbiontes.py': '72f8829defe3e69f', 'FABRICA_SIMB.py': '38ac0ddba8829c88', 'construye_endo.py': '750c9ced2c3d7631', 'identidad_endosimbiosis.py': '42f458cbbfbe3bc8', 'PREREGISTRO_endosimbiosis.md': '9e2b2dad50ebd414', 'motor_eco3.py': '2eec9830792d9822', 'corre_eco.py': '47d9cee4d6462116'}
[14:33:13] [1/100] VIDA_S s22001: persiste 0 (vivos 0) · prev_post 0.632362 · D -0.00832 · err60 None (180.0 s; 180 s)
[14:33:14] [2/100] BARAJADO s22001: persiste 0 (vivos 0) · prev_post 0.467583 · D 0.0019 · err60 None (180.4 s; 181 s)
[14:33:29] [3/100] INERTE s22001: persiste 0 (vivos 0) · prev_post 0.765808 · D 0.099415 · err60 None (195.3 s; 196 s)
[14:35:58] [4/100] AZAR_S s22001: persiste 0 (vivos 0) · prev_post 0.300831 · D -0.001192 · err60 None (164.6 s; 345 s)
[14:36:01] [5/100] SIN_TRAGAR s22001: persiste 0 (vivos 0) · prev_post 0.0 · D None · err60 None (167.6 s; 348 s)
[14:36:23] [6/100] VIDA_S s22002: persiste 0 (vivos 0) · prev_post 0.745378 · D 0.94017 · err60 None (174.9 s; 371 s)
[14:38:51] [7/100] BARAJADO s22002: persiste 0 (vivos 0) · prev_post 0.06684 · D 0.011129 · err60 None (169.7 s; 518 s)
[14:39:08] [8/100] INERTE s22002: persiste 0 (vivos 0) · prev_post 0.667649 · D 0.001527 · err60 None (189.8 s; 535 s)
[14:39:37] [9/100] SIN_TRAGAR s22002: persiste 0 (vivos 0) · prev_post 0.0 · D None · err60 None (193.8 s; 565 s)
[14:41:54] [10/100] AZAR_S s22002: persiste 0 (vivos 0) · prev_post 0.181187 · D -0.02364 · err60 None (183.1 s; 701 s)
[14:42:23] [11/100] VIDA_S s22003: persiste 0 (vivos 0) · prev_post 0.59127 · D -0.001143 · err60 None (195.0 s; 730 s)
[14:42:52] [12/100] INERTE s22003: persiste 0 (vivos 0) · prev_post 0.636429 · D 0.00668 · err60 None (194.3 s; 759 s)
[14:45:09] [13/100] BARAJADO s22003: persiste 0 (vivos 0) · prev_post 0.33027 · D -0.007025 · err60 None (194.7 s; 896 s)
[14:46:24] [14/100] AZAR_S s22003: persiste 0 (vivos 0) · prev_post 0.544563 · D -0.019912 · err60 None (212.1 s; 971 s)
[14:46:36] [15/100] SIN_TRAGAR s22003: persiste 1 (vivos 4) · prev_post 0.0 · D None · err60 None (253.1 s; 983 s)
[14:48:26] [16/100] VIDA_S s22004: persiste 0 (vivos 0) · prev_post 0.164706 · D 0.067779 · err60 None (197.5 s; 1093 s)
[14:49:47] [17/100] BARAJADO s22004: persiste 0 (vivos 0) · prev_post 0.232067 · D -0.004607 · err60 None (190.9 s; 1174 s)
[14:50:19] [18/100] INERTE s22004: persiste 0 (vivos 0) · prev_post 0.621895 · D 0.002588 · err60 None (234.8 s; 1206 s)
[14:53:05] [19/100] SIN_TRAGAR s22004: persiste 1 (vivos 4) · prev_post 0.0 · D None · err60 None (278.9 s; 1372 s)
[14:53:40] [20/100] AZAR_S s22004: persiste 0 (vivos 0) · prev_post 0.198864 · D 0.001132 · err60 None (232.2 s; 1407 s)
[14:54:17] [21/100] VIDA_S s22005: persiste 0 (vivos 0) · prev_post 0.177419 · D 0.164558 · err60 None (238.1 s; 1444 s)
[14:57:43] [22/100] INERTE s22005: persiste 1 (vivos 2) · prev_post 0.808441 · D 0.020312 · err60 None (278.0 s; 1650 s)
[14:58:01] [23/100] BARAJADO s22005: persiste 0 (vivos 0) · prev_post 0.476906 · D -0.035733 · err60 None (261.8 s; 1669 s)
[14:58:58] [24/100] SIN_TRAGAR s22005: persiste 0 (vivos 0) · prev_post 0.0 · D None · err60 None (281.4 s; 1726 s)
[15:01:40] [25/100] AZAR_S s22005: persiste 0 (vivos 0) · prev_post 0.577172 · D -0.001735 · err60 None (237.0 s; 1887 s)
[15:02:30] [26/100] VIDA_S s22006: persiste 0 (vivos 0) · prev_post 0.535981 · D -0.025196 · err60 None (268.1 s; 1937 s)
[15:03:30] [27/100] INERTE s22006: persiste 0 (vivos 0) · prev_post 0.810516 · D 0.006142 · err60 None (271.6 s; 1997 s)
[15:05:41] [28/100] BARAJADO s22006: persiste 0 (vivos 0) · prev_post 0.429468 · D -0.007238 · err60 None (241.2 s; 2129 s)
[15:06:52] [29/100] SIN_TRAGAR s22006: persiste 1 (vivos 5) · prev_post 0.0 · D None · err60 None (262.0 s; 2199 s)
[15:07:10] [30/100] AZAR_S s22006: persiste 0 (vivos 0) · prev_post 0.557087 · D 0.007032 · err60 None (220.2 s; 2218 s)
[15:09:30] [31/100] VIDA_S s22007: persiste 0 (vivos 0) · prev_post 0.453676 · D -0.002892 · err60 None (228.3 s; 2357 s)
[15:10:53] [32/100] BARAJADO s22007: persiste 0 (vivos 0) · prev_post 0.078495 · D 0.008708 · err60 None (222.8 s; 2440 s)
[15:11:04] [33/100] INERTE s22007: persiste 0 (vivos 0) · prev_post 0.730673 · D -0.019298 · err60 None (252.3 s; 2451 s)
[15:13:33] [34/100] SIN_TRAGAR s22007: persiste 0 (vivos 0) · prev_post 0.0 · D None · err60 None (243.6 s; 2601 s)
[15:14:43] [35/100] AZAR_S s22007: persiste 0 (vivos 0) · prev_post 0.775546 · D -0.033882 · err60 None (229.8 s; 2670 s)
[15:14:59] [36/100] VIDA_S s22008: persiste 0 (vivos 0) · prev_post 0.296554 · D -0.01151 · err60 None (235.2 s; 2687 s)
[15:17:32] [37/100] INERTE s22008: persiste 0 (vivos 0) · prev_post 0.822823 · D -0.009518 · err60 None (238.8 s; 2839 s)
[15:18:36] [38/100] BARAJADO s22008: persiste 0 (vivos 0) · prev_post 0.260598 · D -0.019827 · err60 None (233.0 s; 2903 s)
[15:19:04] [39/100] SIN_TRAGAR s22008: persiste 0 (vivos 0) · prev_post 0.0 · D None · err60 None (244.7 s; 2931 s)
[15:22:01] [40/100] AZAR_S s22008: persiste 1 (vivos 4) · prev_post 0.55036 · D -0.016419 · err60 None (268.8 s; 3108 s)
[15:22:30] [41/100] VIDA_S s22009: persiste 0 (vivos 0) · prev_post 0.256134 · D 0.026365 · err60 None (233.4 s; 3137 s)
[15:22:51] [42/100] INERTE s22009: persiste 0 (vivos 0) · prev_post 0.712121 · D 0.02364 · err60 None (226.7 s; 3158 s)
[15:25:34] [43/100] BARAJADO s22009: persiste 0 (vivos 0) · prev_post 0.325149 · D 0.007764 · err60 None (212.3 s; 3321 s)
[15:26:37] [44/100] AZAR_S s22009: persiste 0 (vivos 0) · prev_post 0.240293 · D -0.051383 · err60 None (226.2 s; 3384 s)
[15:26:46] [45/100] SIN_TRAGAR s22009: persiste 1 (vivos 3) · prev_post 0.0 · D None · err60 None (255.8 s; 3393 s)
[15:29:33] [46/100] VIDA_S s22010: persiste 0 (vivos 0) · prev_post 0.192761 · D -0.009717 · err60 None (239.8 s; 3561 s)
[15:30:47] [47/100] BARAJADO s22010: persiste 0 (vivos 0) · prev_post 0.770632 · D 0.002483 · err60 None (241.8 s; 3635 s)
[15:30:58] [48/100] INERTE s22010: persiste 0 (vivos 0) · prev_post 0.670597 · D -0.01987 · err60 None (261.0 s; 3645 s)
[15:34:04] [49/100] SIN_TRAGAR s22010: persiste 0 (vivos 0) · prev_post 0.0 · D None · err60 None (271.0 s; 3832 s)
[15:34:55] [50/100] AZAR_S s22010: persiste 0 (vivos 0) · prev_post 0.247511 · D -0.064958 · err60 None (247.2 s; 3882 s)
[15:35:06] [51/100] VIDA_S s22011: persiste 0 (vivos 0) · prev_post 0.402778 · D 0.019565 · err60 None (247.3 s; 3893 s)
[15:38:32] [52/100] INERTE s22011: persiste 0 (vivos 0) · prev_post 0.793646 · D 0.010692 · err60 None (267.0 s; 4099 s)
[15:38:53] [53/100] BARAJADO s22011: persiste 0 (vivos 0) · prev_post 0.736622 · D -0.001809 · err60 None (238.3 s; 4120 s)
[15:39:35] [54/100] SIN_TRAGAR s22011: persiste 1 (vivos 3) · prev_post 0.0 · D None · err60 None (269.9 s; 4163 s)
[15:42:13] [55/100] AZAR_S s22011: persiste 0 (vivos 0) · prev_post 0.251984 · D -0.008376 · err60 None (221.9 s; 4321 s)
[15:42:37] [56/100] VIDA_S s22012: persiste 0 (vivos 0) · prev_post 0.532967 · D 0.645128 · err60 None (224.3 s; 4345 s)
[15:43:07] [57/100] INERTE s22012: persiste 0 (vivos 0) · prev_post 0.668597 · D 0.009742 · err60 None (211.0 s; 4374 s)
[15:45:40] [58/100] BARAJADO s22012: persiste 0 (vivos 0) · prev_post 0.314268 · D 0.010387 · err60 None (206.0 s; 4527 s)
[15:46:06] [59/100] SIN_TRAGAR s22012: persiste 0 (vivos 0) · prev_post 0.0 · D None · err60 None (208.3 s; 4553 s)
[15:46:45] [60/100] AZAR_S s22012: persiste 0 (vivos 0) · prev_post 0.627551 · D -0.0051 · err60 None (218.5 s; 4592 s)
[16:09:50] ENDO endo_serie_s22001-22020 · T 120000 · corte 60000 · mundo {'esc': 30, 'n0': 30, 'tope': 3000, 'muestra': 1000} · brazos ('VIDA_S', 'INERTE', 'BARAJADO', 'SIN_TRAGAR', 'AZAR_S') · pool 3 · shas {'corre_endo.py': '078734369e9721c5', 'motor_endo.py': '7e10329cf0cb9fd0', 'simbiontes.py': '72f8829defe3e69f', 'FABRICA_SIMB.py': '38ac0ddba8829c88', 'construye_endo.py': '750c9ced2c3d7631', 'identidad_endosimbiosis.py': '42f458cbbfbe3bc8', 'PREREGISTRO_endosimbiosis.md': '9e2b2dad50ebd414', 'motor_eco3.py': '2eec9830792d9822', 'corre_eco.py': '47d9cee4d6462116'}
[16:09:51] [1/100] BARAJADO s22001: persiste 0 (vivos 0) · prev_post 0.467583 · D 0.0019 · err60 None (180.4 s; 0 s)
[16:09:51] [2/100] INERTE s22001: persiste 0 (vivos 0) · prev_post 0.765808 · D 0.099415 · err60 None (195.3 s; 0 s)
[16:09:51] [3/100] VIDA_S s22001: persiste 0 (vivos 0) · prev_post 0.632362 · D -0.00832 · err60 None (180.0 s; 0 s)
[16:09:51] [4/100] SIN_TRAGAR s22001: persiste 0 (vivos 0) · prev_post 0.0 · D None · err60 None (167.6 s; 0 s)
[16:09:51] [5/100] AZAR_S s22001: persiste 0 (vivos 0) · prev_post 0.300831 · D -0.001192 · err60 None (164.6 s; 0 s)
[16:09:51] [6/100] VIDA_S s22002: persiste 0 (vivos 0) · prev_post 0.745378 · D 0.94017 · err60 None (174.9 s; 0 s)
[16:09:51] [7/100] BARAJADO s22002: persiste 0 (vivos 0) · prev_post 0.06684 · D 0.011129 · err60 None (169.7 s; 0 s)
[16:09:51] [8/100] INERTE s22002: persiste 0 (vivos 0) · prev_post 0.667649 · D 0.001527 · err60 None (189.8 s; 0 s)
[16:09:51] [9/100] SIN_TRAGAR s22002: persiste 0 (vivos 0) · prev_post 0.0 · D None · err60 None (193.8 s; 0 s)
[16:09:51] [10/100] AZAR_S s22002: persiste 0 (vivos 0) · prev_post 0.181187 · D -0.02364 · err60 None (183.1 s; 0 s)
[16:09:51] [11/100] VIDA_S s22003: persiste 0 (vivos 0) · prev_post 0.59127 · D -0.001143 · err60 None (195.0 s; 0 s)
[16:09:51] [12/100] INERTE s22003: persiste 0 (vivos 0) · prev_post 0.636429 · D 0.00668 · err60 None (194.3 s; 0 s)
[16:09:51] [13/100] BARAJADO s22003: persiste 0 (vivos 0) · prev_post 0.33027 · D -0.007025 · err60 None (194.7 s; 0 s)
[16:09:51] [14/100] SIN_TRAGAR s22003: persiste 1 (vivos 4) · prev_post 0.0 · D None · err60 None (253.1 s; 0 s)
[16:09:51] [15/100] AZAR_S s22003: persiste 0 (vivos 0) · prev_post 0.544563 · D -0.019912 · err60 None (212.1 s; 0 s)
[16:09:51] [16/100] VIDA_S s22004: persiste 0 (vivos 0) · prev_post 0.164706 · D 0.067779 · err60 None (197.5 s; 0 s)
[16:09:51] [17/100] INERTE s22004: persiste 0 (vivos 0) · prev_post 0.621895 · D 0.002588 · err60 None (234.8 s; 0 s)
[16:09:51] [18/100] BARAJADO s22004: persiste 0 (vivos 0) · prev_post 0.232067 · D -0.004607 · err60 None (190.9 s; 0 s)
[16:09:51] [19/100] SIN_TRAGAR s22004: persiste 1 (vivos 4) · prev_post 0.0 · D None · err60 None (278.9 s; 0 s)
[16:09:51] [20/100] VIDA_S s22005: persiste 0 (vivos 0) · prev_post 0.177419 · D 0.164558 · err60 None (238.1 s; 1 s)
[16:09:51] [21/100] AZAR_S s22004: persiste 0 (vivos 0) · prev_post 0.198864 · D 0.001132 · err60 None (232.2 s; 1 s)
[16:09:51] [22/100] INERTE s22005: persiste 1 (vivos 2) · prev_post 0.808441 · D 0.020312 · err60 None (278.0 s; 1 s)
[16:09:51] [23/100] BARAJADO s22005: persiste 0 (vivos 0) · prev_post 0.476906 · D -0.035733 · err60 None (261.8 s; 1 s)
[16:09:51] [24/100] SIN_TRAGAR s22005: persiste 0 (vivos 0) · prev_post 0.0 · D None · err60 None (281.4 s; 1 s)
[16:09:51] [25/100] AZAR_S s22005: persiste 0 (vivos 0) · prev_post 0.577172 · D -0.001735 · err60 None (237.0 s; 1 s)
[16:09:51] [26/100] INERTE s22006: persiste 0 (vivos 0) · prev_post 0.810516 · D 0.006142 · err60 None (271.6 s; 1 s)
[16:09:51] [27/100] BARAJADO s22006: persiste 0 (vivos 0) · prev_post 0.429468 · D -0.007238 · err60 None (241.2 s; 1 s)
[16:09:51] [28/100] SIN_TRAGAR s22006: persiste 1 (vivos 5) · prev_post 0.0 · D None · err60 None (262.0 s; 1 s)
[16:09:51] [29/100] AZAR_S s22006: persiste 0 (vivos 0) · prev_post 0.557087 · D 0.007032 · err60 None (220.2 s; 1 s)
[16:09:51] [30/100] VIDA_S s22006: persiste 0 (vivos 0) · prev_post 0.535981 · D -0.025196 · err60 None (268.1 s; 1 s)
[16:09:51] [31/100] VIDA_S s22007: persiste 0 (vivos 0) · prev_post 0.453676 · D -0.002892 · err60 None (228.3 s; 1 s)
[16:09:51] [32/100] BARAJADO s22007: persiste 0 (vivos 0) · prev_post 0.078495 · D 0.008708 · err60 None (222.8 s; 1 s)
[16:09:51] [33/100] INERTE s22007: persiste 0 (vivos 0) · prev_post 0.730673 · D -0.019298 · err60 None (252.3 s; 1 s)
[16:09:51] [34/100] SIN_TRAGAR s22007: persiste 0 (vivos 0) · prev_post 0.0 · D None · err60 None (243.6 s; 1 s)
[16:09:51] [35/100] VIDA_S s22008: persiste 0 (vivos 0) · prev_post 0.296554 · D -0.01151 · err60 None (235.2 s; 1 s)
[16:09:51] [36/100] AZAR_S s22007: persiste 0 (vivos 0) · prev_post 0.775546 · D -0.033882 · err60 None (229.8 s; 1 s)
[16:09:51] [37/100] INERTE s22008: persiste 0 (vivos 0) · prev_post 0.822823 · D -0.009518 · err60 None (238.8 s; 1 s)
[16:09:51] [38/100] SIN_TRAGAR s22008: persiste 0 (vivos 0) · prev_post 0.0 · D None · err60 None (244.7 s; 1 s)
[16:09:51] [39/100] BARAJADO s22008: persiste 0 (vivos 0) · prev_post 0.260598 · D -0.019827 · err60 None (233.0 s; 1 s)
[16:09:51] [40/100] AZAR_S s22008: persiste 1 (vivos 4) · prev_post 0.55036 · D -0.016419 · err60 None (268.8 s; 1 s)
[16:09:51] [41/100] INERTE s22009: persiste 0 (vivos 0) · prev_post 0.712121 · D 0.02364 · err60 None (226.7 s; 1 s)
[16:09:51] [42/100] BARAJADO s22009: persiste 0 (vivos 0) · prev_post 0.325149 · D 0.007764 · err60 None (212.3 s; 1 s)
[16:09:51] [43/100] VIDA_S s22009: persiste 0 (vivos 0) · prev_post 0.256134 · D 0.026365 · err60 None (233.4 s; 1 s)
[16:09:51] [44/100] AZAR_S s22009: persiste 0 (vivos 0) · prev_post 0.240293 · D -0.051383 · err60 None (226.2 s; 1 s)
[16:09:51] [45/100] VIDA_S s22010: persiste 0 (vivos 0) · prev_post 0.192761 · D -0.009717 · err60 None (239.8 s; 1 s)
[16:09:51] [46/100] SIN_TRAGAR s22009: persiste 1 (vivos 3) · prev_post 0.0 · D None · err60 None (255.8 s; 1 s)
[16:09:51] [47/100] BARAJADO s22010: persiste 0 (vivos 0) · prev_post 0.770632 · D 0.002483 · err60 None (241.8 s; 1 s)
[16:09:51] [48/100] SIN_TRAGAR s22010: persiste 0 (vivos 0) · prev_post 0.0 · D None · err60 None (271.0 s; 1 s)
[16:09:51] [49/100] INERTE s22010: persiste 0 (vivos 0) · prev_post 0.670597 · D -0.01987 · err60 None (261.0 s; 1 s)
[16:09:51] [50/100] AZAR_S s22010: persiste 0 (vivos 0) · prev_post 0.247511 · D -0.064958 · err60 None (247.2 s; 1 s)
[16:09:51] [51/100] VIDA_S s22011: persiste 0 (vivos 0) · prev_post 0.402778 · D 0.019565 · err60 None (247.3 s; 1 s)
[16:09:51] [52/100] INERTE s22011: persiste 0 (vivos 0) · prev_post 0.793646 · D 0.010692 · err60 None (267.0 s; 1 s)
[16:09:51] [53/100] BARAJADO s22011: persiste 0 (vivos 0) · prev_post 0.736622 · D -0.001809 · err60 None (238.3 s; 1 s)
[16:09:51] [54/100] AZAR_S s22011: persiste 0 (vivos 0) · prev_post 0.251984 · D -0.008376 · err60 None (221.9 s; 1 s)
[16:09:51] [55/100] SIN_TRAGAR s22011: persiste 1 (vivos 3) · prev_post 0.0 · D None · err60 None (269.9 s; 1 s)
[16:09:51] [56/100] VIDA_S s22012: persiste 0 (vivos 0) · prev_post 0.532967 · D 0.645128 · err60 None (224.3 s; 1 s)
[16:09:51] [57/100] INERTE s22012: persiste 0 (vivos 0) · prev_post 0.668597 · D 0.009742 · err60 None (211.0 s; 1 s)
[16:09:51] [58/100] BARAJADO s22012: persiste 0 (vivos 0) · prev_post 0.314268 · D 0.010387 · err60 None (206.0 s; 1 s)
[16:09:51] [59/100] SIN_TRAGAR s22012: persiste 0 (vivos 0) · prev_post 0.0 · D None · err60 None (208.3 s; 1 s)
[16:09:51] [60/100] AZAR_S s22012: persiste 0 (vivos 0) · prev_post 0.627551 · D -0.0051 · err60 None (218.5 s; 1 s)
[16:12:41] [61/100] BARAJADO s22013: persiste 0 (vivos 0) · prev_post 0.112135 · D 0.010709 · err60 None (170.2 s; 171 s)
[16:12:57] [62/100] INERTE s22013: persiste 0 (vivos 0) · prev_post 0.946538 · D -0.060793 · err60 None (186.3 s; 187 s)
[16:12:58] [63/100] VIDA_S s22013: persiste 0 (vivos 0) · prev_post 0.934535 · D 0.812283 · err60 None (187.0 s; 188 s)
[16:15:41] [64/100] VIDA_S s22014: persiste 0 (vivos 0) · prev_post 0.315238 · D -0.027464 · err60 None (162.4 s; 350 s)
[16:15:47] [65/100] AZAR_S s22013: persiste 0 (vivos 0) · prev_post 0.468638 · D -0.007129 · err60 None (169.3 s; 356 s)
[16:15:59] [66/100] SIN_TRAGAR s22013: persiste 1 (vivos 4) · prev_post 0.0 · D None · err60 None (197.4 s; 368 s)
[16:18:28] [67/100] INERTE s22014: persiste 0 (vivos 0) · prev_post 0.893512 · D -0.056782 · err60 None (167.5 s; 518 s)
[16:18:35] [68/100] BARAJADO s22014: persiste 0 (vivos 0) · prev_post 0.093781 · D -0.004209 · err60 None (168.7 s; 525 s)
[16:19:06] [69/100] SIN_TRAGAR s22014: persiste 1 (vivos 2) · prev_post 0.0 · D None · err60 None (186.9 s; 555 s)
[16:20:56] [70/100] AZAR_S s22014: persiste 0 (vivos 0) · prev_post 0.098387 · D -0.028879 · err60 None (148.0 s; 666 s)
[16:21:09] [71/100] VIDA_S s22015: persiste 0 (vivos 0) · prev_post 0.267767 · D 0.087309 · err60 None (153.3 s; 679 s)
[16:21:34] [72/100] INERTE s22015: persiste 0 (vivos 0) · prev_post 0.432727 · D 0.007292 · err60 None (148.4 s; 704 s)
[16:23:14] [73/100] BARAJADO s22015: persiste 0 (vivos 0) · prev_post 0.412202 · D 0.006896 · err60 None (138.0 s; 804 s)
[16:23:55] [74/100] AZAR_S s22015: persiste 0 (vivos 0) · prev_post 0.190476 · D -0.024172 · err60 None (141.3 s; 845 s)
[16:23:56] [75/100] SIN_TRAGAR s22015: persiste 1 (vivos 2) · prev_post 0.0 · D None · err60 None (167.3 s; 846 s)
[16:26:02] [76/100] VIDA_S s22016: persiste 0 (vivos 0) · prev_post 0.8829 · D 0.829383 · err60 None (167.3 s; 971 s)
[16:26:37] [77/100] BARAJADO s22016: persiste 0 (vivos 0) · prev_post 0.289583 · D -0.009892 · err60 None (161.2 s; 1007 s)
[16:26:58] [78/100] INERTE s22016: persiste 1 (vivos 1) · prev_post 0.743266 · D -0.039341 · err60 None (182.3 s; 1028 s)
[16:28:54] [79/100] SIN_TRAGAR s22016: persiste 0 (vivos 0) · prev_post 0.0 · D None · err60 None (172.5 s; 1144 s)
[16:29:27] [80/100] AZAR_S s22016: persiste 0 (vivos 0) · prev_post 0.671429 · D 0.010541 · err60 None (169.5 s; 1177 s)
[16:29:49] [81/100] VIDA_S s22017: persiste 0 (vivos 0) · prev_post 0.881469 · D 0.997577 · err60 None (171.4 s; 1199 s)
[16:32:07] [82/100] INERTE s22017: persiste 1 (vivos 4) · prev_post 0.756028 · D -0.045429 · err60 None (192.8 s; 1337 s)
[16:32:11] [83/100] BARAJADO s22017: persiste 0 (vivos 0) · prev_post 0.467989 · D 0.014006 · err60 None (164.4 s; 1341 s)
[16:32:51] [84/100] SIN_TRAGAR s22017: persiste 0 (vivos 0) · prev_post 0.0 · D None · err60 None (181.2 s; 1380 s)
[16:34:54] [85/100] AZAR_S s22017: persiste 0 (vivos 0) · prev_post 0.621571 · D 0.036105 · err60 None (166.4 s; 1503 s)
[16:35:03] [86/100] VIDA_S s22018: persiste 0 (vivos 0) · prev_post 0.050457 · D 0.005664 · err60 None (171.4 s; 1513 s)
[16:35:54] [87/100] INERTE s22018: persiste 0 (vivos 0) · prev_post 0.833777 · D -0.071672 · err60 None (182.9 s; 1563 s)
[16:49:44] ENDO endo_serie_s22001-22020 · T 120000 · corte 60000 · mundo {'esc': 30, 'n0': 30, 'tope': 3000, 'muestra': 1000} · brazos ('VIDA_S', 'INERTE', 'BARAJADO', 'SIN_TRAGAR', 'AZAR_S') · pool 3 · shas {'corre_endo.py': '078734369e9721c5', 'motor_endo.py': '7e10329cf0cb9fd0', 'simbiontes.py': '72f8829defe3e69f', 'FABRICA_SIMB.py': '38ac0ddba8829c88', 'construye_endo.py': '750c9ced2c3d7631', 'identidad_endosimbiosis.py': '42f458cbbfbe3bc8', 'PREREGISTRO_endosimbiosis.md': '9e2b2dad50ebd414', 'motor_eco3.py': '2eec9830792d9822', 'corre_eco.py': '47d9cee4d6462116'}
[16:49:44] [1/100] INERTE s22001: persiste 0 (vivos 0) · prev_post 0.765808 · D 0.099415 · err60 None (195.3 s; 0 s)
[16:49:44] [2/100] BARAJADO s22001: persiste 0 (vivos 0) · prev_post 0.467583 · D 0.0019 · err60 None (180.4 s; 0 s)
[16:49:45] [3/100] SIN_TRAGAR s22001: persiste 0 (vivos 0) · prev_post 0.0 · D None · err60 None (167.6 s; 0 s)
[16:49:45] [4/100] AZAR_S s22001: persiste 0 (vivos 0) · prev_post 0.300831 · D -0.001192 · err60 None (164.6 s; 0 s)
[16:49:45] [5/100] VIDA_S s22001: persiste 0 (vivos 0) · prev_post 0.632362 · D -0.00832 · err60 None (180.0 s; 0 s)
[16:49:45] [6/100] VIDA_S s22002: persiste 0 (vivos 0) · prev_post 0.745378 · D 0.94017 · err60 None (174.9 s; 0 s)
[16:49:45] [7/100] INERTE s22002: persiste 0 (vivos 0) · prev_post 0.667649 · D 0.001527 · err60 None (189.8 s; 1 s)
[16:49:45] [8/100] BARAJADO s22002: persiste 0 (vivos 0) · prev_post 0.06684 · D 0.011129 · err60 None (169.7 s; 1 s)
[16:49:45] [9/100] SIN_TRAGAR s22002: persiste 0 (vivos 0) · prev_post 0.0 · D None · err60 None (193.8 s; 1 s)
[16:49:45] [10/100] AZAR_S s22002: persiste 0 (vivos 0) · prev_post 0.181187 · D -0.02364 · err60 None (183.1 s; 1 s)
[16:49:45] [11/100] VIDA_S s22003: persiste 0 (vivos 0) · prev_post 0.59127 · D -0.001143 · err60 None (195.0 s; 1 s)
[16:49:45] [12/100] INERTE s22003: persiste 0 (vivos 0) · prev_post 0.636429 · D 0.00668 · err60 None (194.3 s; 1 s)
[16:49:45] [13/100] BARAJADO s22003: persiste 0 (vivos 0) · prev_post 0.33027 · D -0.007025 · err60 None (194.7 s; 1 s)
[16:49:45] [14/100] SIN_TRAGAR s22003: persiste 1 (vivos 4) · prev_post 0.0 · D None · err60 None (253.1 s; 1 s)
[16:49:45] [15/100] AZAR_S s22003: persiste 0 (vivos 0) · prev_post 0.544563 · D -0.019912 · err60 None (212.1 s; 1 s)
[16:49:45] [16/100] VIDA_S s22004: persiste 0 (vivos 0) · prev_post 0.164706 · D 0.067779 · err60 None (197.5 s; 1 s)
[16:49:45] [17/100] INERTE s22004: persiste 0 (vivos 0) · prev_post 0.621895 · D 0.002588 · err60 None (234.8 s; 1 s)
[16:49:45] [18/100] BARAJADO s22004: persiste 0 (vivos 0) · prev_post 0.232067 · D -0.004607 · err60 None (190.9 s; 1 s)
[16:49:45] [19/100] SIN_TRAGAR s22004: persiste 1 (vivos 4) · prev_post 0.0 · D None · err60 None (278.9 s; 1 s)
[16:49:45] [20/100] AZAR_S s22004: persiste 0 (vivos 0) · prev_post 0.198864 · D 0.001132 · err60 None (232.2 s; 1 s)
[16:49:45] [21/100] VIDA_S s22005: persiste 0 (vivos 0) · prev_post 0.177419 · D 0.164558 · err60 None (238.1 s; 1 s)
[16:49:45] [22/100] BARAJADO s22005: persiste 0 (vivos 0) · prev_post 0.476906 · D -0.035733 · err60 None (261.8 s; 1 s)
[16:49:45] [23/100] INERTE s22005: persiste 1 (vivos 2) · prev_post 0.808441 · D 0.020312 · err60 None (278.0 s; 1 s)
[16:49:45] [24/100] SIN_TRAGAR s22005: persiste 0 (vivos 0) · prev_post 0.0 · D None · err60 None (281.4 s; 1 s)
[16:49:45] [25/100] AZAR_S s22005: persiste 0 (vivos 0) · prev_post 0.577172 · D -0.001735 · err60 None (237.0 s; 1 s)
[16:49:45] [26/100] INERTE s22006: persiste 0 (vivos 0) · prev_post 0.810516 · D 0.006142 · err60 None (271.6 s; 1 s)
[16:49:45] [27/100] BARAJADO s22006: persiste 0 (vivos 0) · prev_post 0.429468 · D -0.007238 · err60 None (241.2 s; 1 s)
[16:49:45] [28/100] SIN_TRAGAR s22006: persiste 1 (vivos 5) · prev_post 0.0 · D None · err60 None (262.0 s; 1 s)
[16:49:45] [29/100] AZAR_S s22006: persiste 0 (vivos 0) · prev_post 0.557087 · D 0.007032 · err60 None (220.2 s; 1 s)
[16:49:45] [30/100] VIDA_S s22006: persiste 0 (vivos 0) · prev_post 0.535981 · D -0.025196 · err60 None (268.1 s; 1 s)
[16:49:45] [31/100] VIDA_S s22007: persiste 0 (vivos 0) · prev_post 0.453676 · D -0.002892 · err60 None (228.3 s; 1 s)
[16:49:45] [32/100] BARAJADO s22007: persiste 0 (vivos 0) · prev_post 0.078495 · D 0.008708 · err60 None (222.8 s; 1 s)
[16:49:45] [33/100] SIN_TRAGAR s22007: persiste 0 (vivos 0) · prev_post 0.0 · D None · err60 None (243.6 s; 1 s)
[16:49:45] [34/100] INERTE s22007: persiste 0 (vivos 0) · prev_post 0.730673 · D -0.019298 · err60 None (252.3 s; 1 s)
[16:49:45] [35/100] AZAR_S s22007: persiste 0 (vivos 0) · prev_post 0.775546 · D -0.033882 · err60 None (229.8 s; 1 s)
[16:49:45] [36/100] VIDA_S s22008: persiste 0 (vivos 0) · prev_post 0.296554 · D -0.01151 · err60 None (235.2 s; 1 s)
[16:49:45] [37/100] INERTE s22008: persiste 0 (vivos 0) · prev_post 0.822823 · D -0.009518 · err60 None (238.8 s; 1 s)
[16:49:45] [38/100] BARAJADO s22008: persiste 0 (vivos 0) · prev_post 0.260598 · D -0.019827 · err60 None (233.0 s; 1 s)
[16:49:45] [39/100] SIN_TRAGAR s22008: persiste 0 (vivos 0) · prev_post 0.0 · D None · err60 None (244.7 s; 1 s)
[16:49:45] [40/100] AZAR_S s22008: persiste 1 (vivos 4) · prev_post 0.55036 · D -0.016419 · err60 None (268.8 s; 1 s)
[16:49:45] [41/100] VIDA_S s22009: persiste 0 (vivos 0) · prev_post 0.256134 · D 0.026365 · err60 None (233.4 s; 1 s)
[16:49:45] [42/100] INERTE s22009: persiste 0 (vivos 0) · prev_post 0.712121 · D 0.02364 · err60 None (226.7 s; 1 s)
[16:49:45] [43/100] BARAJADO s22009: persiste 0 (vivos 0) · prev_post 0.325149 · D 0.007764 · err60 None (212.3 s; 1 s)
[16:49:45] [44/100] SIN_TRAGAR s22009: persiste 1 (vivos 3) · prev_post 0.0 · D None · err60 None (255.8 s; 1 s)
[16:49:45] [45/100] AZAR_S s22009: persiste 0 (vivos 0) · prev_post 0.240293 · D -0.051383 · err60 None (226.2 s; 1 s)
[16:49:45] [46/100] VIDA_S s22010: persiste 0 (vivos 0) · prev_post 0.192761 · D -0.009717 · err60 None (239.8 s; 1 s)
[16:49:45] [47/100] BARAJADO s22010: persiste 0 (vivos 0) · prev_post 0.770632 · D 0.002483 · err60 None (241.8 s; 1 s)
[16:49:45] [48/100] SIN_TRAGAR s22010: persiste 0 (vivos 0) · prev_post 0.0 · D None · err60 None (271.0 s; 1 s)
[16:49:45] [49/100] INERTE s22010: persiste 0 (vivos 0) · prev_post 0.670597 · D -0.01987 · err60 None (261.0 s; 1 s)
[16:49:45] [50/100] AZAR_S s22010: persiste 0 (vivos 0) · prev_post 0.247511 · D -0.064958 · err60 None (247.2 s; 1 s)
[16:49:45] [51/100] VIDA_S s22011: persiste 0 (vivos 0) · prev_post 0.402778 · D 0.019565 · err60 None (247.3 s; 1 s)
[16:49:45] [52/100] INERTE s22011: persiste 0 (vivos 0) · prev_post 0.793646 · D 0.010692 · err60 None (267.0 s; 1 s)
[16:49:45] [53/100] BARAJADO s22011: persiste 0 (vivos 0) · prev_post 0.736622 · D -0.001809 · err60 None (238.3 s; 1 s)
[16:49:45] [54/100] SIN_TRAGAR s22011: persiste 1 (vivos 3) · prev_post 0.0 · D None · err60 None (269.9 s; 1 s)
[16:49:45] [55/100] AZAR_S s22011: persiste 0 (vivos 0) · prev_post 0.251984 · D -0.008376 · err60 None (221.9 s; 1 s)
[16:49:45] [56/100] VIDA_S s22012: persiste 0 (vivos 0) · prev_post 0.532967 · D 0.645128 · err60 None (224.3 s; 1 s)
[16:49:45] [57/100] INERTE s22012: persiste 0 (vivos 0) · prev_post 0.668597 · D 0.009742 · err60 None (211.0 s; 1 s)
[16:49:45] [58/100] BARAJADO s22012: persiste 0 (vivos 0) · prev_post 0.314268 · D 0.010387 · err60 None (206.0 s; 1 s)
[16:49:45] [59/100] SIN_TRAGAR s22012: persiste 0 (vivos 0) · prev_post 0.0 · D None · err60 None (208.3 s; 1 s)
[16:49:45] [60/100] VIDA_S s22013: persiste 0 (vivos 0) · prev_post 0.934535 · D 0.812283 · err60 None (187.0 s; 1 s)
[16:49:45] [61/100] AZAR_S s22012: persiste 0 (vivos 0) · prev_post 0.627551 · D -0.0051 · err60 None (218.5 s; 1 s)
[16:49:45] [62/100] BARAJADO s22013: persiste 0 (vivos 0) · prev_post 0.112135 · D 0.010709 · err60 None (170.2 s; 1 s)
[16:49:45] [63/100] INERTE s22013: persiste 0 (vivos 0) · prev_post 0.946538 · D -0.060793 · err60 None (186.3 s; 1 s)
[16:49:45] [64/100] SIN_TRAGAR s22013: persiste 1 (vivos 4) · prev_post 0.0 · D None · err60 None (197.4 s; 1 s)
[16:49:45] [65/100] AZAR_S s22013: persiste 0 (vivos 0) · prev_post 0.468638 · D -0.007129 · err60 None (169.3 s; 1 s)
[16:49:45] [66/100] VIDA_S s22014: persiste 0 (vivos 0) · prev_post 0.315238 · D -0.027464 · err60 None (162.4 s; 1 s)
[16:49:45] [67/100] BARAJADO s22014: persiste 0 (vivos 0) · prev_post 0.093781 · D -0.004209 · err60 None (168.7 s; 1 s)
[16:49:45] [68/100] INERTE s22014: persiste 0 (vivos 0) · prev_post 0.893512 · D -0.056782 · err60 None (167.5 s; 1 s)
[16:49:45] [69/100] SIN_TRAGAR s22014: persiste 1 (vivos 2) · prev_post 0.0 · D None · err60 None (186.9 s; 1 s)
[16:49:45] [70/100] AZAR_S s22014: persiste 0 (vivos 0) · prev_post 0.098387 · D -0.028879 · err60 None (148.0 s; 1 s)
[16:49:45] [71/100] VIDA_S s22015: persiste 0 (vivos 0) · prev_post 0.267767 · D 0.087309 · err60 None (153.3 s; 1 s)
[16:49:45] [72/100] INERTE s22015: persiste 0 (vivos 0) · prev_post 0.432727 · D 0.007292 · err60 None (148.4 s; 1 s)
[16:49:45] [73/100] BARAJADO s22015: persiste 0 (vivos 0) · prev_post 0.412202 · D 0.006896 · err60 None (138.0 s; 1 s)
[16:49:45] [74/100] SIN_TRAGAR s22015: persiste 1 (vivos 2) · prev_post 0.0 · D None · err60 None (167.3 s; 1 s)
[16:49:45] [75/100] AZAR_S s22015: persiste 0 (vivos 0) · prev_post 0.190476 · D -0.024172 · err60 None (141.3 s; 1 s)
[16:49:45] [76/100] INERTE s22016: persiste 1 (vivos 1) · prev_post 0.743266 · D -0.039341 · err60 None (182.3 s; 1 s)
[16:49:45] [77/100] BARAJADO s22016: persiste 0 (vivos 0) · prev_post 0.289583 · D -0.009892 · err60 None (161.2 s; 1 s)
[16:49:45] [78/100] VIDA_S s22016: persiste 0 (vivos 0) · prev_post 0.8829 · D 0.829383 · err60 None (167.3 s; 1 s)
[16:49:45] [79/100] SIN_TRAGAR s22016: persiste 0 (vivos 0) · prev_post 0.0 · D None · err60 None (172.5 s; 1 s)
[16:49:45] [80/100] AZAR_S s22016: persiste 0 (vivos 0) · prev_post 0.671429 · D 0.010541 · err60 None (169.5 s; 1 s)
[16:49:45] [81/100] INERTE s22017: persiste 1 (vivos 4) · prev_post 0.756028 · D -0.045429 · err60 None (192.8 s; 1 s)
[16:49:45] [82/100] BARAJADO s22017: persiste 0 (vivos 0) · prev_post 0.467989 · D 0.014006 · err60 None (164.4 s; 1 s)
[16:49:45] [83/100] VIDA_S s22017: persiste 0 (vivos 0) · prev_post 0.881469 · D 0.997577 · err60 None (171.4 s; 1 s)
[16:49:45] [84/100] SIN_TRAGAR s22017: persiste 0 (vivos 0) · prev_post 0.0 · D None · err60 None (181.2 s; 1 s)
[16:49:45] [85/100] VIDA_S s22018: persiste 0 (vivos 0) · prev_post 0.050457 · D 0.005664 · err60 None (171.4 s; 1 s)
[16:49:45] [86/100] AZAR_S s22017: persiste 0 (vivos 0) · prev_post 0.621571 · D 0.036105 · err60 None (166.4 s; 1 s)
[16:49:45] [87/100] INERTE s22018: persiste 0 (vivos 0) · prev_post 0.833777 · D -0.071672 · err60 None (182.9 s; 1 s)
[16:52:33] [88/100] AZAR_S s22018: persiste 0 (vivos 0) · prev_post 0.114379 · D -0.023915 · err60 None (167.9 s; 169 s)
[16:52:46] [89/100] BARAJADO s22018: persiste 0 (vivos 0) · prev_post 0.353885 · D -0.002985 · err60 None (181.0 s; 182 s)
[16:52:55] [90/100] SIN_TRAGAR s22018: persiste 0 (vivos 0) · prev_post 0.0 · D None · err60 None (189.9 s; 191 s)
[16:56:14] [91/100] VIDA_S s22019: persiste 0 (vivos 0) · prev_post 0.435829 · D 0.018094 · err60 None (221.1 s; 390 s)
[16:56:56] [92/100] INERTE s22019: persiste 0 (vivos 0) · prev_post 0.975731 · D -0.048276 · err60 None (249.8 s; 432 s)
[16:57:14] [93/100] BARAJADO s22019: persiste 0 (vivos 0) · prev_post 0.379487 · D 0.004343 · err60 None (259.3 s; 450 s)
[17:01:28] [94/100] SIN_TRAGAR s22019: persiste 0 (vivos 0) · prev_post 0.0 · D None · err60 None (313.8 s; 704 s)
[17:01:59] [95/100] AZAR_S s22019: persiste 0 (vivos 0) · prev_post 0.168587 · D -0.001815 · err60 None (303.2 s; 735 s)
[17:02:51] [96/100] VIDA_S s22020: persiste 1 (vivos 1) · prev_post 0.947845 · D 0.80023 · err60 None (336.3 s; 787 s)
[17:05:17] [97/100] BARAJADO s22020: persiste 0 (vivos 0) · prev_post 0.41059 · D -0.002251 · err60 None (197.2 s; 933 s)
[17:05:35] [98/100] INERTE s22020: persiste 1 (vivos 2) · prev_post 0.550807 · D -0.013931 · err60 None (246.7 s; 951 s)
[17:05:53] [99/100] SIN_TRAGAR s22020: persiste 0 (vivos 0) · prev_post 0.0 · D None · err60 None (182.4 s; 969 s)
[17:08:01] [100/100] AZAR_S s22020: persiste 0 (vivos 0) · prev_post 0.243252 · D -0.044594 · err60 None (164.3 s; 1097 s)
P1 (persistencia pareada: cuerpos vivos tras el corte) VIDA_S > INERTE 5/20 (menor 15) · VIDA_S > SIN_TRAGAR 2/20 (menor 18) · VIDA_S > BARAJADO 11 · VIDA_S > AZAR_S 15 · medianas VIDA_S 64.5 · INERTE 131.0 · BARAJADO 65.5 · SIN_TRAGAR 171.0 · AZAR_S 58.0 · persisten en T {'VIDA_S': 1, 'INERTE': 4, 'BARAJADO': 0, 'SIN_TRAGAR': 8, 'AZAR_S': 1}
P2 (R0 de los portadores: delta = r0 con simbionte al nacer - r0 sin, >= 5 por grupo) VIDA_S > INERTE 2/20 (evaluables 3) · VIDA_S > BARAJADO 0/20 (evaluables 1) · VIDA_S > AZAR_S 0 · delta > 0 en VIDA_S 2 · medianas delta VIDA_S 0.1641 · INERTE 0.1149 · BARAJADO -0.1071 · AZAR_S 0.0004
P3 (domesticacion pareada: D = media sobre los PARTOS de I(lo transmitido) - I(libres en la misma muestra)) VIDA_S > AZAR_S 18/20 (evaluables 20) · VIDA_S > INERTE 16/20 (evaluables 20) · placebo BARAJADO D > 0 10, < 0 10 · D > 0: VIDA_S 13 · INERTE 10 · AZAR_S 4 · BARAJADO 10 · medianas D VIDA_S 0.023 · INERTE -0.004 · BARAJADO 0.0 · AZAR_S -0.0124 · descriptivo D solo tras el corte VIDA_S 0.0244 · INERTE 0.0129 · BARAJADO -0.0057 · AZAR_S 0.0003
DESCRIPTIVO (no decide; trinquete de Fable): fraccion con simbionte tras el corte, medianas VIDA_S 0.4448 · INERTE 0.7496 · BARAJADO 0.3421 · SIN_TRAGAR 0.0 · AZAR_S 0.2764 · semillas con fraccion >= 0.9: {'AZAR_S': 0, 'INERTE': 2} · distancia dentro-libres en T VIDA_S 1.4896 · INERTE 1.2936 · BARAJADO None · AZAR_S 0.8072
DESCRIPTIVO: fraccion de mordidas por letra en VIDA_S con canal {'A': 0.9787, 'B': 0.1991, 'C': 0.9722, 'D': 0.254} · sin canal {'A': 0.9431, 'B': 0.2194, 'C': 0.8732, 'D': 0.2519}
Guardias: errores 0 · bloqueados 0 · corridas con tope de libres 0 · ERR-60 truncadas [] · VIDA_S con libres extintos antes del corte 0 · trinquete {'AZAR_S': 0, 'INERTE': 2} · placebo de D (BARAJADO) (10, 10) · delta > 0 en INERTE 8 · descriptivo, sesgo de adquisicion (D > 0 sin canal / sin seleccion): INERTE 10 AZAR_S 4
VEREDICTO ENDOSIMBIOSIS POR LA LETRA (una ventana; el bloque exige serie + replica con el mismo veredicto): HAY ALGO MODESTO (en esta ventana): pasan ['P3']
[17:08:02] VEREDICTO: HAY ALGO MODESTO (en esta ventana): pasan ['P3']
