corre_n10c · n10c_serie_s12821-12840_T100000 · 20260924_065441 · python 3.13.12 · corre_n10c.py 27f640c352057b87 · PREREGISTRO_n10c.md 2d0365a6b80d0602
shas: corre_n10b.py=b7808bbb83fb038e carros_n10c.py=67f149c81f880cb1 pista2.py=4d2bee16e7961261 motor_convive.py=d10cb9021f5d0f41 corre_convive.py=e6dadfdad9c379cd FABRICA.py=2ebee3e99ea5a33a FAMB_NADA.py=6635a04063fe7317 FAMB_RES.py=2addb7ca5b9d031d FAMB_RES1.py=766807733fb620e2 FAMB_BAR.py=dfcb2efbf5ec8d2b FAMB_ORACULO.py=c1ee88844650a78e
  NADA     s12821    58.8 s · NADA: R0nac 0.1224 vida nac 100.0 nac 478 tam 9.63 gen 3 sin_ext 0 carro 0
  NADA     s12822    58.1 s · NADA: R0nac 0.1303 vida nac 97.0 nac 460 tam 9.658 gen 4 sin_ext 0 carro 0
  NADA     s12823    59.8 s · NADA: R0nac 0.13 vida nac 103.0 nac 465 tam 9.74 gen 3 sin_ext 0 carro 0
  NADA     s12824    59.5 s · NADA: R0nac 0.0969 vida nac 106.0 nac 475 tam 9.836 gen 4 sin_ext 0 carro 0
  NADA     s12825    57.9 s · NADA: R0nac 0.1167 vida nac 105.0 nac 472 tam 9.616 gen 3 sin_ext 0 carro 0
  NADA     s12826    59.2 s · NADA: R0nac 0.0759 vida nac 93.0 nac 489 tam 9.696 gen 3 sin_ext 0 carro 0
  NADA     s12827    61.4 s · NADA: R0nac 0.103 vida nac 93.5 nac 476 tam 9.824 gen 4 sin_ext 0 carro 0
  NADA     s12828    57.7 s · NADA: R0nac 0.1356 vida nac 95.0 nac 466 tam 9.526 gen 3 sin_ext 0 carro 0
  NADA     s12829    59.1 s · NADA: R0nac 0.1283 vida nac 99.0 nac 478 tam 9.784 gen 4 sin_ext 0 carro 0
  NADA     s12830    59.9 s · NADA: R0nac 0.08 vida nac 98.5 nac 461 tam 9.682 gen 3 sin_ext 0 carro 0
  NADA     s12831    59.4 s · NADA: R0nac 0.1073 vida nac 100.0 nac 475 tam 9.694 gen 3 sin_ext 0 carro 0
  NADA     s12832    58.3 s · NADA: R0nac 0.1603 vida nac 90.0 nac 475 tam 9.568 gen 4 sin_ext 0 carro 0
  NADA     s12833    59.4 s · NADA: R0nac 0.1057 vida nac 96.0 nac 482 tam 9.682 gen 3 sin_ext 0 carro 0
  NADA     s12834    57.7 s · NADA: R0nac 0.0733 vida nac 109.0 nac 465 tam 9.696 gen 2 sin_ext 0 carro 0
  NADA     s12835    58.1 s · NADA: R0nac 0.1195 vida nac 103.0 nac 453 tam 9.44 gen 3 sin_ext 0 carro 0
  NADA     s12836    59.5 s · NADA: R0nac 0.1059 vida nac 91.0 nac 472 tam 9.61 gen 3 sin_ext 0 carro 0
  NADA     s12837    59.5 s · NADA: R0nac 0.1082 vida nac 111.0 nac 466 tam 9.748 gen 3 sin_ext 0 carro 0
  NADA     s12838    58.9 s · NADA: R0nac 0.1096 vida nac 101.5 nac 471 tam 9.742 gen 3 sin_ext 0 carro 0
  NADA     s12839    61.6 s · NADA: R0nac 0.1299 vida nac 110.0 nac 472 tam 9.914 gen 4 sin_ext 0 carro 0
  NADA     s12840    59.2 s · NADA: R0nac 0.0909 vida nac 104.0 nac 457 tam 9.65 gen 4 sin_ext 0 carro 0
  RES      s12821   113.2 s · RES: R0nac 0.8701 vida nac 674.0 nac 673 tam 20.8 gen 36 sin_ext 1 carro 1 tele {'n': 673, 'claves_med': 6.0, 'frac_B_mala': 0.9733, 'frac_D_mala': 0.893, 'frac_A_mala': 0.0, 'frac_C_mala': 0.0, 'frac_completa': 0.0059}
  RES      s12822   109.0 s · RES: R0nac 0.8265 vida nac 600.0 nac 673 tam 21.15 gen 39 sin_ext 1 carro 1 tele {'n': 673, 'claves_med': 6.0, 'frac_B_mala': 0.9391, 'frac_D_mala': 0.8559, 'frac_A_mala': 0.0, 'frac_C_mala': 0.0, 'frac_completa': 0.0178}
  RES      s12823    89.4 s · RES: R0nac 0.5377 vida nac 461.0 nac 663 tam 19.702 gen 24 sin_ext 0 carro 0 tele {'n': 663, 'claves_med': 6.0, 'frac_B_mala': 0.9201, 'frac_D_mala': 0.7029, 'frac_A_mala': 0.0, 'frac_C_mala': 0.0, 'frac_completa': 0.0679}
  RES      s12824    76.1 s · RES: R0nac 0.6296 vida nac 238.0 nac 606 tam 12.01 gen 25 sin_ext 0 carro 0 tele {'n': 606, 'claves_med': 7.0, 'frac_B_mala': 0.9208, 'frac_D_mala': 0.6089, 'frac_A_mala': 0.0, 'frac_C_mala': 0.0, 'frac_completa': 0.1601}
  RES      s12825    98.3 s · RES: R0nac 0.8116 vida nac 600.0 nac 676 tam 18.876 gen 27 sin_ext 0 carro 0 tele {'n': 676, 'claves_med': 6.0, 'frac_B_mala': 0.9586, 'frac_D_mala': 0.8299, 'frac_A_mala': 0.0, 'frac_C_mala': 0.0, 'frac_completa': 0.0503}
  RES      s12826   104.2 s · RES: R0nac 0.8333 vida nac 600.0 nac 691 tam 20.688 gen 32 sin_ext 0 carro 0 tele {'n': 691, 'claves_med': 6.0, 'frac_B_mala': 0.9725, 'frac_D_mala': 0.835, 'frac_A_mala': 0.0, 'frac_C_mala': 0.0, 'frac_completa': 0.0434}
  RES      s12827    83.8 s · RES: R0nac 0.6881 vida nac 419.5 nac 649 tam 16.448 gen 27 sin_ext 0 carro 0 tele {'n': 649, 'claves_med': 7.0, 'frac_B_mala': 0.9414, 'frac_D_mala': 0.7565, 'frac_A_mala': 0.0, 'frac_C_mala': 0.0, 'frac_completa': 0.1032}
  RES      s12828    87.0 s · RES: R0nac 0.6771 vida nac 526.0 nac 654 tam 18.356 gen 17 sin_ext 0 carro 0 tele {'n': 654, 'claves_med': 6.0, 'frac_B_mala': 0.9297, 'frac_D_mala': 0.7477, 'frac_A_mala': 0.0, 'frac_C_mala': 0.0, 'frac_completa': 0.1254}
  RES      s12829    78.6 s · RES: R0nac 0.6773 vida nac 324.0 nac 630 tam 12.774 gen 21 sin_ext 0 carro 0 tele {'n': 630, 'claves_med': 7.0, 'frac_B_mala': 0.9254, 'frac_D_mala': 0.6238, 'frac_A_mala': 0.0, 'frac_C_mala': 0.0, 'frac_completa': 0.1095}
  RES      s12830    78.5 s · RES: R0nac 0.4863 vida nac 363.5 nac 607 tam 15.342 gen 15 sin_ext 0 carro 0 tele {'n': 607, 'claves_med': 6.0, 'frac_B_mala': 0.9077, 'frac_D_mala': 0.5799, 'frac_A_mala': 0.0, 'frac_C_mala': 0.0, 'frac_completa': 0.1351}
  RES      s12831    98.7 s · RES: R0nac 0.7942 vida nac 600.0 nac 695 tam 19.516 gen 24 sin_ext 0 carro 0 tele {'n': 695, 'claves_med': 6.0, 'frac_B_mala': 0.9511, 'frac_D_mala': 0.823, 'frac_A_mala': 0.0, 'frac_C_mala': 0.0, 'frac_completa': 0.023}
  RES      s12832    87.5 s · RES: R0nac 0.7529 vida nac 307.0 nac 697 tam 14.812 gen 27 sin_ext 0 carro 0 tele {'n': 697, 'claves_med': 7.0, 'frac_B_mala': 0.9484, 'frac_D_mala': 0.7934, 'frac_A_mala': 0.0, 'frac_C_mala': 0.0, 'frac_completa': 0.0344}
  RES      s12833    76.6 s · RES: R0nac 0.6667 vida nac 233.0 nac 628 tam 12.69 gen 15 sin_ext 0 carro 0 tele {'n': 628, 'claves_med': 7.0, 'frac_B_mala': 0.9156, 'frac_D_mala': 0.5478, 'frac_A_mala': 0.0, 'frac_C_mala': 0.0, 'frac_completa': 0.051}
  RES      s12834    79.2 s · RES: R0nac 0.5458 vida nac 231.5 nac 616 tam 14.786 gen 17 sin_ext 0 carro 0 tele {'n': 616, 'claves_med': 7.0, 'frac_B_mala': 0.8701, 'frac_D_mala': 0.6331, 'frac_A_mala': 0.0, 'frac_C_mala': 0.0, 'frac_completa': 0.1234}
  RES      s12835   107.2 s · RES: R0nac 0.8681 vida nac 600.0 nac 674 tam 21.694 gen 41 sin_ext 1 carro 1 tele {'n': 674, 'claves_med': 6.0, 'frac_B_mala': 0.9525, 'frac_D_mala': 0.8724, 'frac_A_mala': 0.0, 'frac_C_mala': 0.0, 'frac_completa': 0.0297}
  RES      s12836   107.2 s · RES: R0nac 0.8761 vida nac 600.0 nac 683 tam 21.238 gen 34 sin_ext 1 carro 1 tele {'n': 683, 'claves_med': 6.0, 'frac_B_mala': 0.9678, 'frac_D_mala': 0.8668, 'frac_A_mala': 0.0, 'frac_C_mala': 0.0, 'frac_completa': 0.0512}
  RES      s12837   105.0 s · RES: R0nac 0.7988 vida nac 600.0 nac 684 tam 19.72 gen 36 sin_ext 1 carro 1 tele {'n': 684, 'claves_med': 6.0, 'frac_B_mala': 0.9605, 'frac_D_mala': 0.8333, 'frac_A_mala': 0.0, 'frac_C_mala': 0.0, 'frac_completa': 0.0322}
  RES      s12838    81.7 s · RES: R0nac 0.6563 vida nac 291.0 nac 656 tam 13.644 gen 34 sin_ext 0 carro 0 tele {'n': 656, 'claves_med': 7.0, 'frac_B_mala': 0.9055, 'frac_D_mala': 0.6921, 'frac_A_mala': 0.0, 'frac_C_mala': 0.0, 'frac_completa': 0.122}
  RES      s12839   105.9 s · RES: R0nac 0.8863 vida nac 600.0 nac 693 tam 19.85 gen 24 sin_ext 0 carro 0 tele {'n': 693, 'claves_med': 6.0, 'frac_B_mala': 0.9654, 'frac_D_mala': 0.873, 'frac_A_mala': 0.0, 'frac_C_mala': 0.0, 'frac_completa': 0.0274}
  RES      s12840   101.3 s · RES: R0nac 0.795 vida nac 600.0 nac 654 tam 19.358 gen 32 sin_ext 0 carro 0 tele {'n': 654, 'claves_med': 6.0, 'frac_B_mala': 0.9495, 'frac_D_mala': 0.8073, 'frac_A_mala': 0.0, 'frac_C_mala': 0.0, 'frac_completa': 0.0367}
  RES_SIN0 s12821   120.2 s · RES_SIN0: R0nac 0.9446 vida nac 1207.0 nac 720 tam 22.24 gen 36 sin_ext 0 carro 0 tele {'n': 720, 'claves_med': 4.0, 'frac_B_mala': 0.9792, 'frac_D_mala': 0.9167, 'frac_A_mala': 0.0, 'frac_C_mala': 0.0, 'frac_completa': 0.0}
  RES_SIN0 s12822   114.9 s · RES_SIN0: R0nac 0.9547 vida nac 1264.5 nac 690 tam 20.796 gen 32 sin_ext 1 carro 1 tele {'n': 690, 'claves_med': 4.0, 'frac_B_mala': 0.9696, 'frac_D_mala': 0.8855, 'frac_A_mala': 0.0, 'frac_C_mala': 0.0, 'frac_completa': 0.0}
  RES_SIN0 s12823   115.0 s · RES_SIN0: R0nac 0.9858 vida nac 1178.0 nac 697 tam 20.452 gen 35 sin_ext 1 carro 1 tele {'n': 697, 'claves_med': 4.0, 'frac_B_mala': 0.9742, 'frac_D_mala': 0.8537, 'frac_A_mala': 0.0, 'frac_C_mala': 0.0, 'frac_completa': 0.0}
  RES_SIN0 s12824   117.8 s · RES_SIN0: R0nac 0.9787 vida nac 1332.0 nac 733 tam 21.728 gen 33 sin_ext 2 carro 1 tele {'n': 733, 'claves_med': 4.0, 'frac_B_mala': 0.9823, 'frac_D_mala': 0.9045, 'frac_A_mala': 0.0, 'frac_C_mala': 0.0, 'frac_completa': 0.0}
  RES_SIN0 s12825   113.9 s · RES_SIN0: R0nac 0.92 vida nac 1245.0 nac 706 tam 21.492 gen 37 sin_ext 1 carro 1 tele {'n': 706, 'claves_med': 4.0, 'frac_B_mala': 0.9731, 'frac_D_mala': 0.8909, 'frac_A_mala': 0.0, 'frac_C_mala': 0.0, 'frac_completa': 0.0}
  RES_SIN0 s12826   115.4 s · RES_SIN0: R0nac 0.9516 vida nac 1363.0 nac 702 tam 22.496 gen 37 sin_ext 1 carro 1 tele {'n': 702, 'claves_med': 4.0, 'frac_B_mala': 0.9715, 'frac_D_mala': 0.896, 'frac_A_mala': 0.0, 'frac_C_mala': 0.0, 'frac_completa': 0.0}
  RES_SIN0 s12827   115.1 s · RES_SIN0: R0nac 0.8867 vida nac 1384.0 nac 721 tam 22.232 gen 34 sin_ext 1 carro 1 tele {'n': 721, 'claves_med': 4.0, 'frac_B_mala': 0.9723, 'frac_D_mala': 0.8571, 'frac_A_mala': 0.0, 'frac_C_mala': 0.0, 'frac_completa': 0.0}
  RES_SIN0 s12828   115.5 s · RES_SIN0: R0nac 0.9441 vida nac 1342.0 nac 669 tam 21.524 gen 34 sin_ext 1 carro 1 tele {'n': 669, 'claves_med': 4.0, 'frac_B_mala': 0.9626, 'frac_D_mala': 0.8714, 'frac_A_mala': 0.0, 'frac_C_mala': 0.0, 'frac_completa': 0.0}
  RES_SIN0 s12829   112.3 s · RES_SIN0: R0nac 0.9503 vida nac 1274.0 nac 700 tam 21.962 gen 44 sin_ext 1 carro 1 tele {'n': 700, 'claves_med': 4.0, 'frac_B_mala': 0.9671, 'frac_D_mala': 0.8943, 'frac_A_mala': 0.0, 'frac_C_mala': 0.0, 'frac_completa': 0.0}
  RES_SIN0 s12830   113.1 s · RES_SIN0: R0nac 0.9266 vida nac 1089.0 nac 673 tam 21.876 gen 40 sin_ext 1 carro 1 tele {'n': 673, 'claves_med': 4.0, 'frac_B_mala': 0.9658, 'frac_D_mala': 0.8796, 'frac_A_mala': 0.0, 'frac_C_mala': 0.0, 'frac_completa': 0.0}
  RES_SIN0 s12831   116.5 s · RES_SIN0: R0nac 0.9364 vida nac 1372.0 nac 702 tam 21.89 gen 44 sin_ext 1 carro 1 tele {'n': 702, 'claves_med': 4.0, 'frac_B_mala': 0.9772, 'frac_D_mala': 0.8974, 'frac_A_mala': 0.0, 'frac_C_mala': 0.0, 'frac_completa': 0.0}
  RES_SIN0 s12832   120.5 s · RES_SIN0: R0nac 0.9559 vida nac 1359.5 nac 719 tam 22.102 gen 34 sin_ext 0 carro 0 tele {'n': 719, 'claves_med': 4.0, 'frac_B_mala': 0.968, 'frac_D_mala': 0.9193, 'frac_A_mala': 0.0, 'frac_C_mala': 0.0, 'frac_completa': 0.0}
  RES_SIN0 s12833   116.9 s · RES_SIN0: R0nac 0.9158 vida nac 1165.0 nac 736 tam 22.148 gen 36 sin_ext 1 carro 1 tele {'n': 736, 'claves_med': 4.0, 'frac_B_mala': 0.9606, 'frac_D_mala': 0.8791, 'frac_A_mala': 0.0, 'frac_C_mala': 0.0, 'frac_completa': 0.0}
  RES_SIN0 s12834   114.8 s · RES_SIN0: R0nac 0.9448 vida nac 1133.0 nac 714 tam 21.65 gen 39 sin_ext 1 carro 1 tele {'n': 714, 'claves_med': 4.0, 'frac_B_mala': 0.9594, 'frac_D_mala': 0.902, 'frac_A_mala': 0.0, 'frac_C_mala': 0.0, 'frac_completa': 0.0}
  RES_SIN0 s12835   115.3 s · RES_SIN0: R0nac 0.9472 vida nac 1400.0 nac 683 tam 21.642 gen 43 sin_ext 1 carro 1 tele {'n': 683, 'claves_med': 4.0, 'frac_B_mala': 0.9707, 'frac_D_mala': 0.9078, 'frac_A_mala': 0.0, 'frac_C_mala': 0.0, 'frac_completa': 0.0}
  RES_SIN0 s12836   121.7 s · RES_SIN0: R0nac 0.9773 vida nac 1401.0 nac 714 tam 22.354 gen 25 sin_ext 0 carro 0 tele {'n': 714, 'claves_med': 4.0, 'frac_B_mala': 0.9818, 'frac_D_mala': 0.9496, 'frac_A_mala': 0.0, 'frac_C_mala': 0.0, 'frac_completa': 0.0}
  RES_SIN0 s12837   115.2 s · RES_SIN0: R0nac 0.9384 vida nac 1401.0 nac 713 tam 21.598 gen 39 sin_ext 1 carro 1 tele {'n': 713, 'claves_med': 4.0, 'frac_B_mala': 0.9734, 'frac_D_mala': 0.8878, 'frac_A_mala': 0.0, 'frac_C_mala': 0.0, 'frac_completa': 0.0}
  RES_SIN0 s12838   115.3 s · RES_SIN0: R0nac 0.8956 vida nac 1227.0 nac 718 tam 21.758 gen 29 sin_ext 0 carro 0 tele {'n': 718, 'claves_med': 4.0, 'frac_B_mala': 0.9624, 'frac_D_mala': 0.8747, 'frac_A_mala': 0.0, 'frac_C_mala': 0.0, 'frac_completa': 0.0}
  RES_SIN0 s12839   116.6 s · RES_SIN0: R0nac 0.9514 vida nac 1401.0 nac 696 tam 21.566 gen 44 sin_ext 1 carro 1 tele {'n': 696, 'claves_med': 4.0, 'frac_B_mala': 0.977, 'frac_D_mala': 0.8922, 'frac_A_mala': 0.0, 'frac_C_mala': 0.0, 'frac_completa': 0.0}
  RES_SIN0 s12840   121.3 s · RES_SIN0: R0nac 0.9565 vida nac 1400.0 nac 707 tam 20.814 gen 39 sin_ext 1 carro 1 tele {'n': 707, 'claves_med': 4.0, 'frac_B_mala': 0.9703, 'frac_D_mala': 0.9279, 'frac_A_mala': 0.0, 'frac_C_mala': 0.0, 'frac_completa': 0.0}
  BAR_SIN0 s12821    72.4 s · BAR_SIN0: R0nac 0.6234 vida nac 176.0 nac 629 tam 11.29 gen 10 sin_ext 0 carro 0 tele {'n': 629, 'claves_med': 4.0, 'frac_B_mala': 0.3577, 'frac_D_mala': 0.3052, 'frac_A_mala': 0.4149, 'frac_C_mala': 0.3943, 'frac_completa': 0.0}
  BAR_SIN0 s12822    72.2 s · BAR_SIN0: R0nac 0.3792 vida nac 180.0 nac 588 tam 12.234 gen 12 sin_ext 0 carro 0 tele {'n': 588, 'claves_med': 3.0, 'frac_B_mala': 0.3912, 'frac_D_mala': 0.2381, 'frac_A_mala': 0.3878, 'frac_C_mala': 0.3912, 'frac_completa': 0.0}
  BAR_SIN0 s12823    73.8 s · BAR_SIN0: R0nac 0.4903 vida nac 200.0 nac 592 tam 12.632 gen 9 sin_ext 0 carro 0 tele {'n': 592, 'claves_med': 4.0, 'frac_B_mala': 0.4155, 'frac_D_mala': 0.3074, 'frac_A_mala': 0.3936, 'frac_C_mala': 0.3868, 'frac_completa': 0.0}
  BAR_SIN0 s12824    67.5 s · BAR_SIN0: R0nac 0.6013 vida nac 163.0 nac 592 tam 10.818 gen 10 sin_ext 0 carro 0 tele {'n': 592, 'claves_med': 3.0, 'frac_B_mala': 0.3885, 'frac_D_mala': 0.2568, 'frac_A_mala': 0.4172, 'frac_C_mala': 0.326, 'frac_completa': 0.0}
  BAR_SIN0 s12825    71.9 s · BAR_SIN0: R0nac 0.5452 vida nac 171.0 nac 615 tam 11.232 gen 8 sin_ext 0 carro 0 tele {'n': 615, 'claves_med': 4.0, 'frac_B_mala': 0.3789, 'frac_D_mala': 0.3122, 'frac_A_mala': 0.4537, 'frac_C_mala': 0.4195, 'frac_completa': 0.0}
  BAR_SIN0 s12826    69.9 s · BAR_SIN0: R0nac 0.6012 vida nac 178.0 nac 612 tam 10.582 gen 13 sin_ext 0 carro 0 tele {'n': 612, 'claves_med': 4.0, 'frac_B_mala': 0.4003, 'frac_D_mala': 0.2729, 'frac_A_mala': 0.402, 'frac_C_mala': 0.3627, 'frac_completa': 0.0}
  BAR_SIN0 s12827    71.2 s · BAR_SIN0: R0nac 0.4093 vida nac 167.0 nac 588 tam 11.768 gen 6 sin_ext 0 carro 0 tele {'n': 588, 'claves_med': 3.0, 'frac_B_mala': 0.3741, 'frac_D_mala': 0.2109, 'frac_A_mala': 0.4252, 'frac_C_mala': 0.3282, 'frac_completa': 0.0}
  BAR_SIN0 s12828    68.4 s · BAR_SIN0: R0nac 0.4302 vida nac 181.0 nac 544 tam 10.432 gen 8 sin_ext 0 carro 0 tele {'n': 544, 'claves_med': 3.0, 'frac_B_mala': 0.3585, 'frac_D_mala': 0.1875, 'frac_A_mala': 0.3658, 'frac_C_mala': 0.3474, 'frac_completa': 0.0}
  BAR_SIN0 s12829    76.4 s · BAR_SIN0: R0nac 0.5949 vida nac 178.0 nac 649 tam 12.804 gen 7 sin_ext 0 carro 0 tele {'n': 649, 'claves_med': 4.0, 'frac_B_mala': 0.4145, 'frac_D_mala': 0.3097, 'frac_A_mala': 0.4422, 'frac_C_mala': 0.3636, 'frac_completa': 0.0}
  BAR_SIN0 s12830    69.0 s · BAR_SIN0: R0nac 0.4762 vida nac 162.0 nac 566 tam 10.548 gen 9 sin_ext 0 carro 0 tele {'n': 566, 'claves_med': 4.0, 'frac_B_mala': 0.3498, 'frac_D_mala': 0.2933, 'frac_A_mala': 0.4382, 'frac_C_mala': 0.3728, 'frac_completa': 0.0}
  BAR_SIN0 s12831    71.6 s · BAR_SIN0: R0nac 0.5544 vida nac 180.5 nac 583 tam 11.428 gen 9 sin_ext 0 carro 0 tele {'n': 583, 'claves_med': 4.0, 'frac_B_mala': 0.3774, 'frac_D_mala': 0.3139, 'frac_A_mala': 0.4202, 'frac_C_mala': 0.3877, 'frac_completa': 0.0}
  BAR_SIN0 s12832    73.4 s · BAR_SIN0: R0nac 0.6217 vida nac 190.0 nac 586 tam 10.712 gen 9 sin_ext 0 carro 0 tele {'n': 586, 'claves_med': 3.0, 'frac_B_mala': 0.3771, 'frac_D_mala': 0.2867, 'frac_A_mala': 0.3584, 'frac_C_mala': 0.3874, 'frac_completa': 0.0}
  BAR_SIN0 s12833    66.4 s · BAR_SIN0: R0nac 0.2846 vida nac 148.0 nac 540 tam 10.408 gen 8 sin_ext 0 carro 0 tele {'n': 540, 'claves_med': 3.0, 'frac_B_mala': 0.3259, 'frac_D_mala': 0.1981, 'frac_A_mala': 0.3648, 'frac_C_mala': 0.3019, 'frac_completa': 0.0}
  BAR_SIN0 s12834    72.0 s · BAR_SIN0: R0nac 0.5333 vida nac 200.0 nac 599 tam 11.718 gen 11 sin_ext 0 carro 0 tele {'n': 599, 'claves_med': 4.0, 'frac_B_mala': 0.4007, 'frac_D_mala': 0.2922, 'frac_A_mala': 0.4124, 'frac_C_mala': 0.3322, 'frac_completa': 0.0}
  BAR_SIN0 s12835    73.8 s · BAR_SIN0: R0nac 0.5636 vida nac 191.0 nac 618 tam 11.856 gen 12 sin_ext 0 carro 0 tele {'n': 618, 'claves_med': 4.0, 'frac_B_mala': 0.4126, 'frac_D_mala': 0.2848, 'frac_A_mala': 0.4256, 'frac_C_mala': 0.377, 'frac_completa': 0.0}
  BAR_SIN0 s12836    71.0 s · BAR_SIN0: R0nac 0.5051 vida nac 198.0 nac 570 tam 10.948 gen 8 sin_ext 0 carro 0 tele {'n': 570, 'claves_med': 4.0, 'frac_B_mala': 0.393, 'frac_D_mala': 0.2842, 'frac_A_mala': 0.4404, 'frac_C_mala': 0.3667, 'frac_completa': 0.0}
  BAR_SIN0 s12837    73.9 s · BAR_SIN0: R0nac 0.5054 vida nac 178.0 nac 606 tam 11.57 gen 13 sin_ext 0 carro 0 tele {'n': 606, 'claves_med': 4.0, 'frac_B_mala': 0.3894, 'frac_D_mala': 0.3333, 'frac_A_mala': 0.401, 'frac_C_mala': 0.3878, 'frac_completa': 0.0}
  BAR_SIN0 s12838    72.3 s · BAR_SIN0: R0nac 0.4444 vida nac 183.0 nac 595 tam 11.618 gen 7 sin_ext 0 carro 0 tele {'n': 595, 'claves_med': 4.0, 'frac_B_mala': 0.3933, 'frac_D_mala': 0.284, 'frac_A_mala': 0.4034, 'frac_C_mala': 0.3613, 'frac_completa': 0.0}
  BAR_SIN0 s12839    72.5 s · BAR_SIN0: R0nac 0.5836 vida nac 196.0 nac 598 tam 11.046 gen 9 sin_ext 0 carro 0 tele {'n': 598, 'claves_med': 4.0, 'frac_B_mala': 0.4164, 'frac_D_mala': 0.2676, 'frac_A_mala': 0.3829, 'frac_C_mala': 0.3746, 'frac_completa': 0.0}
  BAR_SIN0 s12840    70.5 s · BAR_SIN0: R0nac 0.578 vida nac 172.5 nac 606 tam 11.656 gen 8 sin_ext 0 carro 0 tele {'n': 606, 'claves_med': 4.0, 'frac_B_mala': 0.3515, 'frac_D_mala': 0.2921, 'frac_A_mala': 0.4142, 'frac_C_mala': 0.4059, 'frac_completa': 0.0}
  ORA_SIN0 s12821   121.2 s · ORA_SIN0: R0nac 0.9847 vida nac 1400.0 nac 772 tam 20.586 gen 27 sin_ext 0 carro 0
  ORA_SIN0 s12822   120.7 s · ORA_SIN0: R0nac 0.985 vida nac 1352.0 nac 780 tam 21.48 gen 35 sin_ext 1 carro 1
  ORA_SIN0 s12823   125.3 s · ORA_SIN0: R0nac 0.995 vida nac 1377.0 nac 795 tam 20.984 gen 23 sin_ext 0 carro 0
  ORA_SIN0 s12824   121.8 s · ORA_SIN0: R0nac 0.9786 vida nac 1401.0 nac 748 tam 21.442 gen 35 sin_ext 0 carro 0
  ORA_SIN0 s12825   126.1 s · ORA_SIN0: R0nac 1.0159 vida nac 1401.0 nac 773 tam 21.89 gen 24 sin_ext 0 carro 0
  ORA_SIN0 s12826   120.8 s · ORA_SIN0: R0nac 0.9619 vida nac 1401.0 nac 738 tam 22.34 gen 27 sin_ext 0 carro 0
  ORA_SIN0 s12827   120.7 s · ORA_SIN0: R0nac 0.9759 vida nac 1509.0 nac 756 tam 22.058 gen 33 sin_ext 1 carro 1
  ORA_SIN0 s12828   123.4 s · ORA_SIN0: R0nac 0.9807 vida nac 1431.5 nac 730 tam 21.484 gen 41 sin_ext 1 carro 1
  ORA_SIN0 s12829   122.6 s · ORA_SIN0: R0nac 0.9972 vida nac 1410.0 nac 732 tam 21.928 gen 42 sin_ext 1 carro 1
  ORA_SIN0 s12830   117.7 s · ORA_SIN0: R0nac 0.982 vida nac 1391.0 nac 767 tam 21.162 gen 29 sin_ext 0 carro 0
  ORA_SIN0 s12831   121.3 s · ORA_SIN0: R0nac 0.9676 vida nac 1400.0 nac 753 tam 22.688 gen 33 sin_ext 0 carro 0
  ORA_SIN0 s12832   124.8 s · ORA_SIN0: R0nac 1.0 vida nac 1428.0 nac 776 tam 21.24 gen 26 sin_ext 0 carro 0
  ORA_SIN0 s12833   124.0 s · ORA_SIN0: R0nac 0.9785 vida nac 1401.0 nac 769 tam 22.186 gen 36 sin_ext 1 carro 1
  ORA_SIN0 s12834   124.5 s · ORA_SIN0: R0nac 1.0 vida nac 1555.0 nac 733 tam 22.58 gen 30 sin_ext 0 carro 0
  ORA_SIN0 s12835   122.5 s · ORA_SIN0: R0nac 0.9673 vida nac 1401.0 nac 765 tam 21.794 gen 36 sin_ext 1 carro 1
  ORA_SIN0 s12836   124.4 s · ORA_SIN0: R0nac 0.9491 vida nac 1324.0 nac 761 tam 20.316 gen 26 sin_ext 0 carro 0
  ORA_SIN0 s12837   122.4 s · ORA_SIN0: R0nac 0.9941 vida nac 1401.0 nac 714 tam 21.23 gen 30 sin_ext 0 carro 0
  ORA_SIN0 s12838   123.4 s · ORA_SIN0: R0nac 1.0105 vida nac 1401.0 nac 742 tam 21.958 gen 40 sin_ext 1 carro 1
  ORA_SIN0 s12839   124.8 s · ORA_SIN0: R0nac 0.9796 vida nac 1401.0 nac 786 tam 21.844 gen 24 sin_ext 0 carro 0
  ORA_SIN0 s12840   120.3 s · ORA_SIN0: R0nac 0.9802 vida nac 1401.0 nac 728 tam 21.642 gen 38 sin_ext 1 carro 1
  MIX      s12821   116.9 s · BAR_SIN0: R0nac 0.0625 vida nac 169.0 nac 27 tam 3.024 gen 2 sin_ext 0 carro 0 tele {'n': 27, 'claves_med': 3.0, 'frac_B_mala': 0.1852, 'frac_D_mala': 0.1111, 'frac_A_mala': 0.3333, 'frac_C_mala': 0.2963, 'frac_completa': 0.0} · NADA: R0nac 0.0667 vida nac 94.0 nac 23 tam 3.01 gen 2 sin_ext 0 carro 0 · RES_SIN0: R0nac 1.0157 vida nac 1401.0 nac 648 tam 16.378 gen 37 sin_ext 1 carro 1 tele {'n': 648, 'claves_med': 4.0, 'frac_B_mala': 0.9969, 'frac_D_mala': 0.9769, 'frac_A_mala': 0.0, 'frac_C_mala': 0.0, 'frac_completa': 0.0}
  MIX      s12822   109.2 s · BAR_SIN0: R0nac 0.1786 vida nac 200.0 nac 47 tam 3.07 gen 2 sin_ext 0 carro 0 tele {'n': 47, 'claves_med': 3.0, 'frac_B_mala': 0.2979, 'frac_D_mala': 0.0851, 'frac_A_mala': 0.3617, 'frac_C_mala': 0.2553, 'frac_completa': 0.0} · NADA: R0nac 0.0 vida nac 100.0 nac 29 tam 3.03 gen 1 sin_ext 0 carro 0 · RES_SIN0: R0nac 1.0146 vida nac 1401.0 nac 588 tam 16.14 gen 35 sin_ext 1 carro 1 tele {'n': 588, 'claves_med': 4.0, 'frac_B_mala': 0.9881, 'frac_D_mala': 0.9847, 'frac_A_mala': 0.0, 'frac_C_mala': 0.0, 'frac_completa': 0.0}
  MIX      s12823   111.7 s · BAR_SIN0: R0nac 0.087 vida nac 152.0 nac 43 tam 3.042 gen 2 sin_ext 0 carro 0 tele {'n': 43, 'claves_med': 3.0, 'frac_B_mala': 0.2791, 'frac_D_mala': 0.1163, 'frac_A_mala': 0.3488, 'frac_C_mala': 0.3023, 'frac_completa': 0.0} · NADA: R0nac 0.05 vida nac 111.0 nac 27 tam 3.012 gen 2 sin_ext 0 carro 0 · RES_SIN0: R0nac 1.0 vida nac 1304.0 nac 640 tam 15.956 gen 37 sin_ext 1 carro 1 tele {'n': 640, 'claves_med': 4.0, 'frac_B_mala': 0.9922, 'frac_D_mala': 0.9375, 'frac_A_mala': 0.0, 'frac_C_mala': 0.0, 'frac_completa': 0.0}
  MIX      s12824   112.2 s · BAR_SIN0: R0nac 0.3636 vida nac 189.0 nac 47 tam 3.032 gen 2 sin_ext 0 carro 0 tele {'n': 47, 'claves_med': 3.0, 'frac_B_mala': 0.234, 'frac_D_mala': 0.1489, 'frac_A_mala': 0.383, 'frac_C_mala': 0.383, 'frac_completa': 0.0} · NADA: R0nac 0.0 vida nac 158.0 nac 31 tam 3.048 gen 2 sin_ext 0 carro 0 · RES_SIN0: R0nac 1.0 vida nac 1414.0 nac 593 tam 15.456 gen 29 sin_ext 1 carro 1 tele {'n': 593, 'claves_med': 4.0, 'frac_B_mala': 0.9848, 'frac_D_mala': 0.9696, 'frac_A_mala': 0.0, 'frac_C_mala': 0.0, 'frac_completa': 0.0}
  MIX      s12825   117.5 s · BAR_SIN0: R0nac 0.2308 vida nac 200.0 nac 37 tam 3.03 gen 2 sin_ext 0 carro 0 tele {'n': 37, 'claves_med': 3.0, 'frac_B_mala': 0.2432, 'frac_D_mala': 0.027, 'frac_A_mala': 0.4324, 'frac_C_mala': 0.3243, 'frac_completa': 0.0} · NADA: R0nac 0.0667 vida nac 95.5 nac 24 tam 3.02 gen 2 sin_ext 0 carro 0 · RES_SIN0: R0nac 1.0064 vida nac 1400.0 nac 613 tam 15.87 gen 37 sin_ext 1 carro 1 tele {'n': 613, 'claves_med': 4.0, 'frac_B_mala': 0.9951, 'frac_D_mala': 0.9592, 'frac_A_mala': 0.0, 'frac_C_mala': 0.0, 'frac_completa': 0.0}
  MIX      s12826   115.2 s · BAR_SIN0: R0nac 0.1 vida nac 200.0 nac 33 tam 3.086 gen 2 sin_ext 0 carro 0 tele {'n': 33, 'claves_med': 3.0, 'frac_B_mala': 0.3636, 'frac_D_mala': 0.0606, 'frac_A_mala': 0.2424, 'frac_C_mala': 0.3636, 'frac_completa': 0.0} · NADA: R0nac 0.1818 vida nac 139.0 nac 36 tam 3.052 gen 2 sin_ext 0 carro 0 · RES_SIN0: R0nac 1.0 vida nac 1378.5 nac 599 tam 15.07 gen 34 sin_ext 1 carro 1 tele {'n': 599, 'claves_med': 4.0, 'frac_B_mala': 0.985, 'frac_D_mala': 0.9499, 'frac_A_mala': 0.0, 'frac_C_mala': 0.0, 'frac_completa': 0.0}
  MIX      s12827   123.3 s · BAR_SIN0: R0nac 0.2667 vida nac 200.0 nac 33 tam 3.046 gen 3 sin_ext 0 carro 0 tele {'n': 33, 'claves_med': 3.0, 'frac_B_mala': 0.2727, 'frac_D_mala': 0.1212, 'frac_A_mala': 0.4545, 'frac_C_mala': 0.3636, 'frac_completa': 0.0} · NADA: R0nac 0.0 vida nac 146.5 nac 36 tam 3.048 gen 2 sin_ext 0 carro 0 · RES_SIN0: R0nac 0.9865 vida nac 1401.0 nac 616 tam 15.652 gen 37 sin_ext 1 carro 1 tele {'n': 616, 'claves_med': 4.0, 'frac_B_mala': 0.9951, 'frac_D_mala': 0.9481, 'frac_A_mala': 0.0, 'frac_C_mala': 0.0, 'frac_completa': 0.0}
  MIX      s12828   112.9 s · BAR_SIN0: R0nac 0.2963 vida nac 183.0 nac 56 tam 3.174 gen 3 sin_ext 0 carro 0 tele {'n': 56, 'claves_med': 3.0, 'frac_B_mala': 0.3571, 'frac_D_mala': 0.2321, 'frac_A_mala': 0.4107, 'frac_C_mala': 0.3036, 'frac_completa': 0.0} · NADA: R0nac 0.0 vida nac 114.0 nac 31 tam 3.032 gen 2 sin_ext 0 carro 0 · RES_SIN0: R0nac 1.007 vida nac 1325.5 nac 580 tam 14.662 gen 36 sin_ext 1 carro 1 tele {'n': 580, 'claves_med': 4.0, 'frac_B_mala': 0.9897, 'frac_D_mala': 0.9586, 'frac_A_mala': 0.0, 'frac_C_mala': 0.0, 'frac_completa': 0.0}
  MIX      s12829   125.1 s · BAR_SIN0: R0nac 0.3333 vida nac 200.0 nac 33 tam 3.044 gen 3 sin_ext 0 carro 0 tele {'n': 33, 'claves_med': 4.0, 'frac_B_mala': 0.3939, 'frac_D_mala': 0.2424, 'frac_A_mala': 0.2727, 'frac_C_mala': 0.3636, 'frac_completa': 0.0} · NADA: R0nac 0.0588 vida nac 200.0 nac 32 tam 3.036 gen 2 sin_ext 0 carro 0 · RES_SIN0: R0nac 1.0033 vida nac 1491.5 nac 618 tam 16.254 gen 37 sin_ext 1 carro 1 tele {'n': 618, 'claves_med': 4.0, 'frac_B_mala': 0.9854, 'frac_D_mala': 0.9741, 'frac_A_mala': 0.0, 'frac_C_mala': 0.0, 'frac_completa': 0.0}
  MIX      s12830   120.2 s · BAR_SIN0: R0nac 0.5667 vida nac 200.0 nac 45 tam 3.054 gen 4 sin_ext 0 carro 0 tele {'n': 45, 'claves_med': 3.0, 'frac_B_mala': 0.4667, 'frac_D_mala': 0.1556, 'frac_A_mala': 0.3111, 'frac_C_mala': 0.3778, 'frac_completa': 0.0} · NADA: R0nac 0.0 vida nac 112.5 nac 32 tam 3.034 gen 2 sin_ext 0 carro 0 · RES_SIN0: R0nac 1.0112 vida nac 1401.0 nac 576 tam 15.512 gen 41 sin_ext 1 carro 1 tele {'n': 576, 'claves_med': 4.0, 'frac_B_mala': 0.9913, 'frac_D_mala': 0.9688, 'frac_A_mala': 0.0, 'frac_C_mala': 0.0, 'frac_completa': 0.0}
  MIX      s12831   115.4 s · BAR_SIN0: R0nac 0.3571 vida nac 200.0 nac 40 tam 3.026 gen 4 sin_ext 0 carro 0 tele {'n': 40, 'claves_med': 3.0, 'frac_B_mala': 0.425, 'frac_D_mala': 0.1, 'frac_A_mala': 0.35, 'frac_C_mala': 0.275, 'frac_completa': 0.0} · NADA: R0nac 0.0909 vida nac 132.5 nac 40 tam 3.034 gen 2 sin_ext 0 carro 0 · RES_SIN0: R0nac 1.0217 vida nac 1392.0 nac 602 tam 15.728 gen 33 sin_ext 1 carro 1 tele {'n': 602, 'claves_med': 4.0, 'frac_B_mala': 0.9817, 'frac_D_mala': 0.9585, 'frac_A_mala': 0.0, 'frac_C_mala': 0.0, 'frac_completa': 0.0}
  MIX      s12832   115.8 s · BAR_SIN0: R0nac 0.1538 vida nac 200.0 nac 32 tam 3.04 gen 2 sin_ext 0 carro 0 tele {'n': 32, 'claves_med': 3.0, 'frac_B_mala': 0.375, 'frac_D_mala': 0.0938, 'frac_A_mala': 0.3125, 'frac_C_mala': 0.3125, 'frac_completa': 0.0} · NADA: R0nac 0.0 vida nac 142.0 nac 32 tam 3.046 gen 2 sin_ext 0 carro 0 · RES_SIN0: R0nac 1.0328 vida nac 1401.0 nac 608 tam 15.202 gen 39 sin_ext 1 carro 1 tele {'n': 608, 'claves_med': 4.0, 'frac_B_mala': 0.9934, 'frac_D_mala': 0.9671, 'frac_A_mala': 0.0, 'frac_C_mala': 0.0, 'frac_completa': 0.0}
  MIX      s12833   115.0 s · BAR_SIN0: R0nac 0.1053 vida nac 200.0 nac 27 tam 3.018 gen 2 sin_ext 0 carro 0 tele {'n': 27, 'claves_med': 3.0, 'frac_B_mala': 0.2593, 'frac_D_mala': 0.1852, 'frac_A_mala': 0.2963, 'frac_C_mala': 0.2963, 'frac_completa': 0.0} · NADA: R0nac 0.0 vida nac 195.0 nac 37 tam 3.042 gen 2 sin_ext 0 carro 0 · RES_SIN0: R0nac 1.0127 vida nac 1400.0 nac 629 tam 16.522 gen 33 sin_ext 0 carro 0 tele {'n': 629, 'claves_med': 4.0, 'frac_B_mala': 0.9936, 'frac_D_mala': 0.9618, 'frac_A_mala': 0.0, 'frac_C_mala': 0.0, 'frac_completa': 0.0}
  MIX      s12834   112.8 s · BAR_SIN0: R0nac 0.0714 vida nac 200.0 nac 42 tam 3.038 gen 2 sin_ext 0 carro 0 tele {'n': 42, 'claves_med': 3.0, 'frac_B_mala': 0.3095, 'frac_D_mala': 0.0476, 'frac_A_mala': 0.2619, 'frac_C_mala': 0.2143, 'frac_completa': 0.0} · NADA: R0nac 0.1053 vida nac 157.0 nac 35 tam 3.022 gen 2 sin_ext 0 carro 0 · RES_SIN0: R0nac 1.0638 vida nac 1459.0 nac 607 tam 15.42 gen 43 sin_ext 1 carro 1 tele {'n': 607, 'claves_med': 4.0, 'frac_B_mala': 0.9967, 'frac_D_mala': 0.9687, 'frac_A_mala': 0.0, 'frac_C_mala': 0.0, 'frac_completa': 0.0}
  MIX      s12835   120.5 s · BAR_SIN0: R0nac 0.5714 vida nac 200.0 nac 43 tam 3.05 gen 4 sin_ext 0 carro 0 tele {'n': 43, 'claves_med': 3.0, 'frac_B_mala': 0.3488, 'frac_D_mala': 0.3023, 'frac_A_mala': 0.4186, 'frac_C_mala': 0.3023, 'frac_completa': 0.0} · NADA: R0nac 0.0 vida nac 134.5 nac 32 tam 3.028 gen 1 sin_ext 0 carro 0 · RES_SIN0: R0nac 1.0284 vida nac 1468.0 nac 586 tam 15.8 gen 41 sin_ext 1 carro 1 tele {'n': 586, 'claves_med': 4.0, 'frac_B_mala': 0.9915, 'frac_D_mala': 0.9317, 'frac_A_mala': 0.0, 'frac_C_mala': 0.0, 'frac_completa': 0.0}
  MIX      s12836   125.2 s · BAR_SIN0: R0nac 0.1579 vida nac 200.0 nac 39 tam 3.058 gen 2 sin_ext 0 carro 0 tele {'n': 39, 'claves_med': 3.0, 'frac_B_mala': 0.2564, 'frac_D_mala': 0.0513, 'frac_A_mala': 0.359, 'frac_C_mala': 0.1795, 'frac_completa': 0.0} · NADA: R0nac 0.0417 vida nac 146.0 nac 40 tam 3.038 gen 2 sin_ext 0 carro 0 · RES_SIN0: R0nac 1.0271 vida nac 1407.0 nac 615 tam 15.948 gen 34 sin_ext 1 carro 1 tele {'n': 615, 'claves_med': 4.0, 'frac_B_mala': 0.9837, 'frac_D_mala': 0.9561, 'frac_A_mala': 0.0, 'frac_C_mala': 0.0, 'frac_completa': 0.0}
  MIX      s12837   110.5 s · BAR_SIN0: R0nac 0.2333 vida nac 188.0 nac 46 tam 3.078 gen 2 sin_ext 0 carro 0 tele {'n': 46, 'claves_med': 3.0, 'frac_B_mala': 0.3913, 'frac_D_mala': 0.1522, 'frac_A_mala': 0.413, 'frac_C_mala': 0.1957, 'frac_completa': 0.0} · NADA: R0nac 0.08 vida nac 82.0 nac 36 tam 3.02 gen 2 sin_ext 0 carro 0 · RES_SIN0: R0nac 1.004 vida nac 1379.0 nac 583 tam 16.49 gen 28 sin_ext 0 carro 0 tele {'n': 583, 'claves_med': 4.0, 'frac_B_mala': 0.9863, 'frac_D_mala': 0.9314, 'frac_A_mala': 0.0, 'frac_C_mala': 0.0, 'frac_completa': 0.0}
  MIX      s12838   134.8 s · BAR_SIN0: R0nac 0.0 vida nac 159.0 nac 37 tam 3.046 gen 2 sin_ext 0 carro 0 tele {'n': 37, 'claves_med': 3.0, 'frac_B_mala': 0.2703, 'frac_D_mala': 0.1351, 'frac_A_mala': 0.3784, 'frac_C_mala': 0.2432, 'frac_completa': 0.0} · NADA: R0nac 0.0 vida nac 126.0 nac 37 tam 3.07 gen 2 sin_ext 0 carro 0 · RES_SIN0: R0nac 1.01 vida nac 1349.0 nac 616 tam 15.528 gen 35 sin_ext 1 carro 1 tele {'n': 616, 'claves_med': 4.0, 'frac_B_mala': 0.9886, 'frac_D_mala': 0.9448, 'frac_A_mala': 0.0, 'frac_C_mala': 0.0, 'frac_completa': 0.0}
  MIX      s12839   117.3 s · BAR_SIN0: R0nac 0.125 vida nac 200.0 nac 34 tam 3.022 gen 2 sin_ext 0 carro 0 tele {'n': 34, 'claves_med': 3.0, 'frac_B_mala': 0.3529, 'frac_D_mala': 0.0882, 'frac_A_mala': 0.2941, 'frac_C_mala': 0.1765, 'frac_completa': 0.0} · NADA: R0nac 0.0 vida nac 116.0 nac 28 tam 3.026 gen 1 sin_ext 0 carro 0 · RES_SIN0: R0nac 1.0511 vida nac 1494.5 nac 603 tam 15.31 gen 37 sin_ext 1 carro 1 tele {'n': 603, 'claves_med': 4.0, 'frac_B_mala': 0.9917, 'frac_D_mala': 0.9685, 'frac_A_mala': 0.0, 'frac_C_mala': 0.0, 'frac_completa': 0.0}
  MIX      s12840   116.9 s · BAR_SIN0: R0nac 0.0952 vida nac 200.0 nac 39 tam 3.058 gen 2 sin_ext 0 carro 0 tele {'n': 39, 'claves_med': 3.0, 'frac_B_mala': 0.3333, 'frac_D_mala': 0.2051, 'frac_A_mala': 0.2308, 'frac_C_mala': 0.2051, 'frac_completa': 0.0} · NADA: R0nac 0.04 vida nac 145.5 nac 36 tam 3.036 gen 2 sin_ext 0 carro 0 · RES_SIN0: R0nac 1.0548 vida nac 1389.0 nac 614 tam 15.284 gen 41 sin_ext 1 carro 1 tele {'n': 614, 'claves_med': 4.0, 'frac_B_mala': 0.9919, 'frac_D_mala': 0.9707, 'frac_A_mala': 0.0, 'frac_C_mala': 0.0, 'frac_completa': 0.0}

AGREGADO (medianas por semilla) · 20 semillas · 11618 s de pared
  NADA      {'tam_carro': 9.688, 'exceso': 0.688, 'nac': 472.0, 'fundadores': 2495.5, 'linajes_sin_ext': 0.0, 'persisten': 0.0, 'R0_nacidos': 0.1089, 'R0_fund': 0.1749, 'vida_nacidos': 100.0, 'vida_fund': 106.0, 'frac_mala_nacidos': 1.0, 'gen_max': 3.0, 'semillas': 20, 'persiste_carro': 0, 'bloqueados': 0, 'sem_R0nac_ge_090': 0}
  RES       {'tam_carro': 19.117, 'exceso': 10.117, 'nac': 668.0, 'fundadores': 3006.5, 'linajes_sin_ext': 0.0, 'persisten': 0.0, 'R0_nacidos': 0.7735, 'R0_fund': 0.0654, 'vida_nacidos': 563.0, 'vida_fund': 120.0, 'frac_mala_nacidos': 0.8307, 'gen_max': 27.0, 'semillas': 20, 'persiste_carro': 5, 'bloqueados': 0, 'sem_R0nac_ge_090': 0, 'tele': {'n': 668.0, 'claves_med': 6.0, 'frac_B_mala': 0.9449, 'frac_D_mala': 0.8004, 'frac_A_mala': 0.0, 'frac_C_mala': 0.0, 'frac_completa': 0.0507}}
  RES_SIN0  {'tam_carro': 21.743, 'exceso': 12.743, 'nac': 706.5, 'fundadores': 3465.5, 'linajes_sin_ext': 1.0, 'persisten': 1.0, 'R0_nacidos': 0.946, 'R0_fund': 0.0237, 'vida_nacidos': 1337.0, 'vida_fund': 122.0, 'frac_mala_nacidos': 0.5763, 'gen_max': 36.5, 'semillas': 20, 'persiste_carro': 16, 'bloqueados': 0, 'sem_R0nac_ge_090': 18, 'tele': {'n': 706.5, 'claves_med': 4.0, 'frac_B_mala': 0.9711, 'frac_D_mala': 0.8932, 'frac_A_mala': 0.0, 'frac_C_mala': 0.0, 'frac_completa': 0.0}}
  BAR_SIN0  {'tam_carro': 11.359, 'exceso': 2.359, 'nac': 593.5, 'fundadores': 2575.0, 'linajes_sin_ext': 0.0, 'persisten': 0.0, 'R0_nacidos': 0.5393, 'R0_fund': 0.1148, 'vida_nacidos': 179.0, 'vida_fund': 98.75, 'frac_mala_nacidos': 0.9701, 'gen_max': 9.0, 'semillas': 20, 'persiste_carro': 0, 'bloqueados': 0, 'sem_R0nac_ge_090': 0, 'tele': {'n': 593.5, 'claves_med': 4.0, 'frac_B_mala': 0.389, 'frac_D_mala': 0.2858, 'frac_A_mala': 0.4133, 'frac_C_mala': 0.3737, 'frac_completa': 0.0}}
  ORA_SIN0  {'tam_carro': 21.718, 'exceso': 12.718, 'nac': 758.5, 'fundadores': 3393.0, 'linajes_sin_ext': 0.0, 'persisten': 0.0, 'R0_nacidos': 0.9813, 'R0_fund': 0.0161, 'vida_nacidos': 1401.0, 'vida_fund': 98.0, 'frac_mala_nacidos': 0.6085, 'gen_max': 31.5, 'semillas': 20, 'persiste_carro': 8, 'bloqueados': 0, 'sem_R0nac_ge_090': 20}
  _brecha_RES {'mediana': None, 'n': 0}
PAREADOS (monocultivo, por semilla):
  {'par': 'RES_SIN0-RES', 'clave': 'R0_nacidos', 'n': 20, 'gana': 20, 'pierde': 0, 'empata': 0, 'dif_med': 0.18, 'p_signo': 0.0}
  {'par': 'RES_SIN0-RES', 'clave': 'vida_nacidos', 'n': 20, 'gana': 20, 'pierde': 0, 'empata': 0, 'dif_med': 801.0, 'p_signo': 0.0}
  {'par': 'RES_SIN0-RES', 'clave': 'exceso', 'n': 20, 'gana': 18, 'pierde': 2, 'empata': 0, 'dif_med': 2.495, 'p_signo': 0.0004}
  {'par': 'RES_SIN0-RES', 'clave': 'nac', 'n': 20, 'gana': 20, 'pierde': 0, 'empata': 0, 'dif_med': 32.5, 'p_signo': 0.0}
  {'par': 'RES_SIN0-RES', 'clave': 'gen_max', 'n': 20, 'gana': 16, 'pierde': 3, 'empata': 1, 'dif_med': 7.5, 'p_signo': 0.00443}
  {'par': 'RES_SIN0-BAR_SIN0', 'clave': 'R0_nacidos', 'n': 20, 'gana': 20, 'pierde': 0, 'empata': 0, 'dif_med': 0.3976, 'p_signo': 0.0}
  {'par': 'RES_SIN0-BAR_SIN0', 'clave': 'vida_nacidos', 'n': 20, 'gana': 20, 'pierde': 0, 'empata': 0, 'dif_med': 1165.0, 'p_signo': 0.0}
  {'par': 'RES_SIN0-BAR_SIN0', 'clave': 'exceso', 'n': 20, 'gana': 20, 'pierde': 0, 'empata': 0, 'dif_med': 10.463, 'p_signo': 0.0}
  {'par': 'RES_SIN0-BAR_SIN0', 'clave': 'nac', 'n': 20, 'gana': 20, 'pierde': 0, 'empata': 0, 'dif_med': 107.0, 'p_signo': 0.0}
  {'par': 'RES_SIN0-BAR_SIN0', 'clave': 'gen_max', 'n': 20, 'gana': 20, 'pierde': 0, 'empata': 0, 'dif_med': 27.0, 'p_signo': 0.0}
  {'par': 'RES_SIN0-NADA', 'clave': 'R0_nacidos', 'n': 20, 'gana': 20, 'pierde': 0, 'empata': 0, 'dif_med': 0.8261, 'p_signo': 0.0}
  {'par': 'RES_SIN0-NADA', 'clave': 'vida_nacidos', 'n': 20, 'gana': 20, 'pierde': 0, 'empata': 0, 'dif_med': 1236.5, 'p_signo': 0.0}
  {'par': 'RES_SIN0-NADA', 'clave': 'exceso', 'n': 20, 'gana': 20, 'pierde': 0, 'empata': 0, 'dif_med': 12.097, 'p_signo': 0.0}
  {'par': 'RES_SIN0-NADA', 'clave': 'nac', 'n': 20, 'gana': 20, 'pierde': 0, 'empata': 0, 'dif_med': 238.0, 'p_signo': 0.0}
  {'par': 'RES_SIN0-NADA', 'clave': 'gen_max', 'n': 20, 'gana': 20, 'pierde': 0, 'empata': 0, 'dif_med': 33.5, 'p_signo': 0.0}
  {'par': 'BAR_SIN0-NADA', 'clave': 'R0_nacidos', 'n': 20, 'gana': 20, 'pierde': 0, 'empata': 0, 'dif_med': 0.4363, 'p_signo': 0.0}
  {'par': 'BAR_SIN0-NADA', 'clave': 'vida_nacidos', 'n': 20, 'gana': 20, 'pierde': 0, 'empata': 0, 'dif_med': 81.0, 'p_signo': 0.0}
  {'par': 'BAR_SIN0-NADA', 'clave': 'exceso', 'n': 20, 'gana': 20, 'pierde': 0, 'empata': 0, 'dif_med': 1.697, 'p_signo': 0.0}
  {'par': 'BAR_SIN0-NADA', 'clave': 'nac', 'n': 20, 'gana': 20, 'pierde': 0, 'empata': 0, 'dif_med': 125.0, 'p_signo': 0.0}
  {'par': 'BAR_SIN0-NADA', 'clave': 'gen_max', 'n': 20, 'gana': 20, 'pierde': 0, 'empata': 0, 'dif_med': 5.5, 'p_signo': 0.0}
  {'par': 'RES-NADA', 'clave': 'R0_nacidos', 'n': 20, 'gana': 20, 'pierde': 0, 'empata': 0, 'dif_med': 0.6398, 'p_signo': 0.0}
  {'par': 'RES-NADA', 'clave': 'vida_nacidos', 'n': 20, 'gana': 20, 'pierde': 0, 'empata': 0, 'dif_med': 460.0, 'p_signo': 0.0}
  {'par': 'RES-NADA', 'clave': 'exceso', 'n': 20, 'gana': 20, 'pierde': 0, 'empata': 0, 'dif_med': 9.484, 'p_signo': 0.0}
  {'par': 'RES-NADA', 'clave': 'nac', 'n': 20, 'gana': 20, 'pierde': 0, 'empata': 0, 'dif_med': 197.5, 'p_signo': 0.0}
  {'par': 'RES-NADA', 'clave': 'gen_max', 'n': 20, 'gana': 20, 'pierde': 0, 'empata': 0, 'dif_med': 23.0, 'p_signo': 0.0}
  {'par': 'ORA_SIN0-RES_SIN0', 'clave': 'R0_nacidos', 'n': 20, 'gana': 18, 'pierde': 2, 'empata': 0, 'dif_med': 0.0383, 'p_signo': 0.0004}
  {'par': 'ORA_SIN0-RES_SIN0', 'clave': 'vida_nacidos', 'n': 20, 'gana': 17, 'pierde': 1, 'empata': 2, 'dif_med': 88.5, 'p_signo': 0.00014}
  {'par': 'ORA_SIN0-RES_SIN0', 'clave': 'exceso', 'n': 20, 'gana': 10, 'pierde': 10, 'empata': 0, 'dif_med': 0.002, 'p_signo': 1.0}
  {'par': 'ORA_SIN0-RES_SIN0', 'clave': 'nac', 'n': 20, 'gana': 20, 'pierde': 0, 'empata': 0, 'dif_med': 49.0, 'p_signo': 0.0}
  {'par': 'ORA_SIN0-RES_SIN0', 'clave': 'gen_max', 'n': 20, 'gana': 5, 'pierde': 14, 'empata': 1, 'dif_med': -7.5, 'p_signo': 0.06357}
PAREADOS (MIX, dentro del mismo mundo):
  {'par': 'RES_SIN0-NADA', 'clave': 'R0_nacidos', 'n': 20, 'gana': 20, 'pierde': 0, 'empata': 0, 'dif_med': 0.9932, 'p_signo': 0.0}
  {'par': 'RES_SIN0-NADA', 'clave': 'exceso', 'n': 20, 'gana': 20, 'pierde': 0, 'empata': 0, 'dif_med': 12.649, 'p_signo': 0.0}
  {'par': 'RES_SIN0-NADA', 'clave': 'nac', 'n': 20, 'gana': 20, 'pierde': 0, 'empata': 0, 'dif_med': 575.0, 'p_signo': 0.0}
  {'par': 'RES_SIN0-BAR_SIN0', 'clave': 'R0_nacidos', 'n': 20, 'gana': 20, 'pierde': 0, 'empata': 0, 'dif_med': 0.8526, 'p_signo': 0.0}
  {'par': 'RES_SIN0-BAR_SIN0', 'clave': 'exceso', 'n': 20, 'gana': 20, 'pierde': 0, 'empata': 0, 'dif_med': 12.654, 'p_signo': 0.0}
  {'par': 'RES_SIN0-BAR_SIN0', 'clave': 'nac', 'n': 20, 'gana': 20, 'pierde': 0, 'empata': 0, 'dif_med': 572.0, 'p_signo': 0.0}
  {'par': 'BAR_SIN0-NADA', 'clave': 'R0_nacidos', 'n': 20, 'gana': 16, 'pierde': 3, 'empata': 1, 'dif_med': 0.1535, 'p_signo': 0.00443}
  {'par': 'BAR_SIN0-NADA', 'clave': 'exceso', 'n': 20, 'gana': 13, 'pierde': 7, 'empata': 0, 'dif_med': 0.015, 'p_signo': 0.26318}
  {'par': 'BAR_SIN0-NADA', 'clave': 'nac', 'n': 20, 'gana': 13, 'pierde': 4, 'empata': 3, 'dif_med': 5.0, 'p_signo': 0.04904}
VEREDICTO por la letra (PREREGISTRO_n10c.md sec. 6):
  V-ANCLA-c (mediana R0_nacidos NADA en [0.085, 0.135] y NADA persiste_carro <= 5/20): True
  V-RES-c (mediana R0_nacidos RES en [0.60, 0.82]): True
  S-1 (RES_SIN0 > RES en R0_nacidos >= 15/20): True
  S-2 (RES_SIN0 > BAR_SIN0 en R0_nacidos >= 15/20): True
  S-3 (MIX: RES_SIN0 > NADA, mismo mundo, >= 15/20): True
  S-4 (MIX: RES_SIN0 > BAR_SIN0, mismo mundo, >= 15/20): True
  R0N-90 (calificador: RES_SIN0 R0_nacidos >= 0.90 en >= 15/20 semillas; NO es H-1: H-1 exige ademas 0 fundadores): True
  PER-c (calificador: persiste el carro RES_SIN0 en >= 15/20 semillas): True
  informativo ORA_SIN0 > RES_SIN0 (semillas): 18
  informativo persiste_carro por brazo: {'NADA': 0, 'RES': 5, 'RES_SIN0': 16, 'BAR_SIN0': 0, 'ORA_SIN0': 8}
  VEREDICTO: FUNCIONA + R0 DE NACIDOS >= 0.90 + PERSISTE

escrito: experimentos/subida_n10c/datos/n10c_serie_s12821-12840_T100000_20260924_065441.json (75263d554e211f74) · crudo experimentos/subida_n10c/datos/n10c_serie_s12821-12840_T100000_20260924_065441_crudo.json.gz
