CORRE_FRIO_CARRERA · frio_carrera_s36001-36020_T100000 · 20260925_145319 · python 3.14.2 · pool 6 · corre_frio_carrera.py 49de4dd28a8f3c3a · carpeta C:\Users\User\Documents\PROYECTOS\JUACO\organelos\experimentos\organelos\frio_carrera\datos\frio_carrera_s36001-36020_T100000_20260925_145319
  tareas 80 · brazos ['v143', 'res0', 'bar0', 'o1'] · semillas 36001-36020 · T 100000 · fundador limpio 1 · reanuda False
  sha experimentos\tronco_v14_3\corre_v143.py 24100621c450da22 OK
  sha experimentos\tronco_v14_3\carros_v143\V143.py 2a03048a7f1525e5 OK
  sha experimentos\carrera_escuderias\pista.py 9f47c65e438e0ff4 OK
  sha experimentos\carrera_escuderias\juez.py 6a68f640a7832f12 OK
  sha experimentos\carrera_escuderias\carros\O1.py 99436afa2715f028 OK
  carro V143_RES0 sha fab1d8068fe901a5 == construye: True · revisa_carro: PASA
  carro V143_BAR0 sha db160ec0685ec7bd == construye: True · revisa_carro: PASA
  carro V143_TEL sha f73f8ea41399bb79 == construye: True · revisa_carro: PASA
  IDENTIDAD CORTA: V143_RES0 con RES0 = BAR = TELEM = 0 == V143 (salida ENTERA, N 9, s 36901, T 2000, fundador limpio): OK
  [  133.3s] v143 s36001 (128.3s) R0 pista 0.2642 aborto None
  [  134.6s] v143 s36002 (129.6s) R0 pista 0.2568 aborto None
  [  135.2s] v143 s36004 (130.1s) R0 pista 0.2559 aborto None
  [  135.4s] v143 s36006 (130.1s) R0 pista 0.2611 aborto None
  [  135.5s] v143 s36003 (130.5s) R0 pista 0.2606 aborto None
  [  136.6s] v143 s36005 (131.5s) R0 pista 0.2494 aborto None
  [  269.7s] v143 s36007 (136.4s) R0 pista 0.2576 aborto None
  [  273.8s] v143 s36008 (139.2s) R0 pista 0.2525 aborto None
  [  274.1s] v143 s36010 (138.7s) R0 pista 0.2648 aborto None
  [  274.5s] v143 s36012 (137.8s) R0 pista 0.2691 aborto None
  [  275.5s] v143 s36011 (140.0s) R0 pista 0.2567 aborto None
  [  275.7s] v143 s36009 (140.5s) R0 pista 0.2466 aborto None
  [  404.7s] v143 s36013 (135.0s) R0 pista 0.2408 aborto None
  [  409.6s] v143 s36014 (135.9s) R0 pista 0.264 aborto None
  [  410.5s] v143 s36017 (135.0s) R0 pista 0.2699 aborto None
  [  410.7s] v143 s36016 (136.2s) R0 pista 0.258 aborto None
  [  410.7s] v143 s36015 (136.6s) R0 pista 0.2503 aborto None
  [  412.3s] v143 s36018 (136.6s) R0 pista 0.2552 aborto None
  [  544.8s] v143 s36019 (140.1s) R0 pista 0.2482 aborto None
  [  548.7s] res0 s36001 (138.1s) R0 pista 0.2614 aborto None
  [  549.2s] v143 s36020 (139.6s) R0 pista 0.2422 aborto None
  [  550.1s] res0 s36003 (139.4s) R0 pista 0.2815 aborto None
  [  551.2s] res0 s36002 (140.5s) R0 pista 0.2579 aborto None
  [  551.8s] res0 s36004 (139.5s) R0 pista 0.261 aborto None
  [  679.3s] res0 s36005 (134.5s) R0 pista 0.267 aborto None
  [  683.3s] res0 s36006 (134.7s) R0 pista 0.2485 aborto None
  [  684.4s] res0 s36007 (135.1s) R0 pista 0.2653 aborto None
  [  684.9s] res0 s36008 (134.7s) R0 pista 0.2701 aborto None
  [  687.7s] res0 s36009 (136.5s) R0 pista 0.2623 aborto None
  [  689.0s] res0 s36010 (137.2s) R0 pista 0.2635 aborto None
  [  816.6s] res0 s36011 (137.2s) R0 pista 0.2603 aborto None
  [  820.1s] res0 s36012 (136.7s) R0 pista 0.2444 aborto None
  [  821.8s] res0 s36013 (137.4s) R0 pista 0.2386 aborto None
  [  821.8s] res0 s36014 (136.9s) R0 pista 0.2666 aborto None
  [  824.5s] res0 s36015 (136.8s) R0 pista 0.2767 aborto None
  [  827.6s] res0 s36016 (138.6s) R0 pista 0.2541 aborto None
  [  954.7s] res0 s36017 (138.1s) R0 pista 0.2519 aborto None
  [  960.0s] res0 s36020 (138.2s) R0 pista 0.2506 aborto None
  [  960.3s] res0 s36018 (140.2s) R0 pista 0.254 aborto None
  [  960.8s] res0 s36019 (139.0s) R0 pista 0.2489 aborto None
  [  965.1s] bar0 s36001 (140.6s) R0 pista 0.2157 aborto None
  [  970.8s] bar0 s36002 (143.1s) R0 pista 0.2063 aborto None
  [ 1079.6s] bar0 s36003 (124.9s) R0 pista 0.2057 aborto None
  [ 1084.1s] bar0 s36004 (124.1s) R0 pista 0.2026 aborto None
  [ 1085.7s] bar0 s36006 (124.9s) R0 pista 0.2075 aborto None
  [ 1085.9s] bar0 s36005 (125.7s) R0 pista 0.2076 aborto None
  [ 1089.5s] bar0 s36007 (124.3s) R0 pista 0.2128 aborto None
  [ 1093.6s] bar0 s36008 (122.8s) R0 pista 0.2312 aborto None
  [ 1206.3s] bar0 s36009 (126.6s) R0 pista 0.2077 aborto None
  [ 1211.7s] bar0 s36010 (127.6s) R0 pista 0.1987 aborto None
  [ 1212.9s] bar0 s36011 (127.2s) R0 pista 0.2078 aborto None
  [ 1214.4s] bar0 s36012 (128.5s) R0 pista 0.2054 aborto None
  [ 1218.5s] bar0 s36013 (129.1s) R0 pista 0.2005 aborto None
  [ 1222.1s] bar0 s36014 (128.5s) R0 pista 0.2017 aborto None
  [ 1320.4s] bar0 s36015 (114.1s) R0 pista 0.2071 aborto None
  [ 1325.2s] bar0 s36016 (113.5s) R0 pista 0.22 aborto None
  [ 1327.0s] bar0 s36017 (114.1s) R0 pista 0.2114 aborto None
  [ 1327.2s] bar0 s36018 (112.8s) R0 pista 0.2103 aborto None
  [ 1331.4s] bar0 s36019 (112.9s) R0 pista 0.2016 aborto None
  [ 1335.6s] bar0 s36020 (113.5s) R0 pista 0.1941 aborto None
  [ 1553.3s] o1 s36001 (232.9s) R0 pista 0.7088 aborto None
  [ 1558.9s] o1 s36004 (231.6s) R0 pista 0.7241 aborto None
  [ 1559.8s] o1 s36002 (234.6s) R0 pista 1.0718 aborto None
  [ 1560.3s] o1 s36003 (233.3s) R0 pista 0.7231 aborto None
  [ 1565.1s] o1 s36005 (233.7s) R0 pista 1.273 aborto None
  [ 1569.7s] o1 s36006 (234.1s) R0 pista 0.9026 aborto None
  [ 1802.7s] o1 s36007 (249.4s) R0 pista 0.9686 aborto None
  [ 1808.9s] o1 s36008 (250.0s) R0 pista 0.7315 aborto None
  [ 1809.7s] o1 s36010 (249.4s) R0 pista 0.7013 aborto None
  [ 1813.7s] o1 s36009 (253.8s) R0 pista 1.1644 aborto None
  [ 1816.1s] o1 s36011 (251.0s) R0 pista 0.6912 aborto None
  [ 1822.7s] o1 s36012 (253.0s) R0 pista 1.2762 aborto None
  [ 2036.2s] o1 s36013 (233.5s) R0 pista 1.1198 aborto None
  [ 2039.5s] o1 s36014 (230.6s) R0 pista 0.7526 aborto None
  [ 2040.8s] o1 s36015 (231.1s) R0 pista 1.2834 aborto None
  [ 2044.4s] o1 s36016 (230.7s) R0 pista 1.0971 aborto None
  [ 2045.6s] o1 s36017 (229.5s) R0 pista 0.9954 aborto None
  [ 2050.8s] o1 s36018 (228.1s) R0 pista 0.9246 aborto None
  [ 2217.4s] o1 s36019 (181.2s) R0 pista 0.6487 aborto None
  [ 2219.6s] o1 s36020 (180.1s) R0 pista 0.6535 aborto None

== v143 (V143 x9) · 20 semillas 36001-36020 · T 100000 · fundador limpio 1
  R0 REAL (nacimientos reales) mediana 0.6021 (evaluables 0.602) · R0 preregistrado 1.2971 · vida mediana 600.0 · muertes 47.5 · fundadores 16.0 · casi inmortales 0/180
  ENMIENDA 5 (decide): linajes que cruzan con R0 real 49/180 · semillas con mayoria 0/20 -> no gana · ENMIENDA 6: persisten 119/180 · semillas 19/20 -> ESTABILIZA (muertes voluntarias fisicas 0.8364) · ENMIENDA 3 (ayer): no cruza (mediana R0 evaluables 1.297)
  causas hambre/sed/veneno/sal 1365/1341/17309/18438 (veneno+sal 93%) · pasos sin NADA bueno en el mundo 0.0249 · mordidas B+D 86.0 / A+C 807.0 por linaje · limpiezas fisicas por cuerpo 1.333
  telemetria del carro (NO puntua): {'frac_pasos_con_meta': 0.9645, 'vetos': 446362, 'mord_sin_meta': 6014, 'limpia_propia': 5654, 'todo_obst': 0, 'des_splits': 1831}
  contabilidad coherente 180/180 · t_fund reconstruible 180/180 · s por corrida (mediana) 136.3
  ESTABLECIMIENTO (v143, descriptivo): {'linajes': 180, 'establecidos': 119, 'frac_establecidos': 0.6611, 'R0_real_establecidos': 0.7879, 'R0_real_no_establecidos': 0.0426, 'cruzan_de_establecidos': 49}
  frio_carrera (v143): telemetria - · cuerpos que leen nodo (nacimientos reales) 4589 · fundadores limpios (nodo vacio) 33864

== res0 (V143_RES0 x9) · 20 semillas 36001-36020 · T 100000 · fundador limpio 1
  R0 REAL (nacimientos reales) mediana 0.5579 (evaluables 0.558) · R0 preregistrado 1.2233 · vida mediana 600.0 · muertes 44.5 · fundadores 19.0 · casi inmortales 0/180
  ENMIENDA 5 (decide): linajes que cruzan con R0 real 48/180 · semillas con mayoria 2/20 -> no gana · ENMIENDA 6: persisten 113/180 · semillas 18/20 -> ESTABILIZA (muertes voluntarias fisicas 0.8268) · ENMIENDA 3 (ayer): no cruza (mediana R0 evaluables 1.223)
  causas hambre/sed/veneno/sal 1584/1194/16060/15769 (veneno+sal 92%) · pasos sin NADA bueno en el mundo 0.0256 · mordidas B+D 84.5 / A+C 725.5 por linaje · limpiezas fisicas por cuerpo 1.2721
  telemetria del carro (NO puntua): {'frac_pasos_con_meta': 0.8868, 'vetos': 262019, 'mord_sin_meta': 10687, 'limpia_propia': 10352, 'todo_obst': 0, 'des_splits': 1559}
  contabilidad coherente 180/180 · t_fund reconstruible 180/180 · s por corrida (mediana) 137.3
  ESTABLECIMIENTO (res0, descriptivo): {'linajes': 180, 'establecidos': 113, 'frac_establecidos': 0.6278, 'R0_real_establecidos': 0.8529, 'R0_real_no_establecidos': 0.0836, 'cruzan_de_establecidos': 48}
  frio_carrera (res0): telemetria {'lect': 3881, 'entradas': 600921, 'neutras': 282896, 'pasan': 318025, 'sel': 165193, 'sel_neutras': 0, 'bar_lect': 0, 'bar_distintas': 0, 'bar_cambian': 0, 'bar_entradas': 0, 'frac_neutras_nodo': 0.4708, 'frac_neutras_leidas': 0.0, 'frac_bar_distintas': None} · cuerpos que leen nodo (nacimientos reales) 4496 · fundadores limpios (nodo vacio) 30111

== bar0 (V143_BAR0 x9) · 20 semillas 36001-36020 · T 100000 · fundador limpio 1
  R0 REAL (nacimientos reales) mediana 0.2022 (evaluables 0.202) · R0 preregistrado 0.2241 · vida mediana 67.25 · muertes 260.0 · fundadores 209.0 · casi inmortales 0/180
  ENMIENDA 5 (decide): linajes que cruzan con R0 real 1/180 · semillas con mayoria 0/20 -> no gana · ENMIENDA 6: persisten 8/180 · semillas 0/20 -> no estabiliza (muertes voluntarias fisicas 0.787) · ENMIENDA 3 (ayer): no cruza (mediana R0 evaluables 0.224)
  causas hambre/sed/veneno/sal 881/1184/22942/25492 (veneno+sal 96%) · pasos sin NADA bueno en el mundo 0.0058 · mordidas B+D 720.5 / A+C 972.0 por linaje · limpiezas fisicas por cuerpo 1.9434
  telemetria del carro (NO puntua): {'frac_pasos_con_meta': 0.9597, 'vetos': 101481, 'mord_sin_meta': 3350, 'limpia_propia': 3019, 'todo_obst': 0, 'des_splits': 372}
  contabilidad coherente 180/180 · t_fund reconstruible 180/180 · s por corrida (mediana) 124.9
  ESTABLECIMIENTO (bar0, descriptivo): {'linajes': 180, 'establecidos': 8, 'frac_establecidos': 0.0444, 'R0_real_establecidos': 0.7887, 'R0_real_no_establecidos': 0.1824, 'cruzan_de_establecidos': 1}
  frio_carrera (bar0): telemetria {'lect': 1293, 'entradas': 151251, 'neutras': 81170, 'pasan': 70081, 'sel': 46767, 'sel_neutras': 0, 'bar_lect': 1293, 'bar_distintas': 1224, 'bar_cambian': 28076, 'bar_entradas': 70081, 'frac_neutras_nodo': 0.5367, 'frac_neutras_leidas': 0.0, 'frac_bar_distintas': 0.9466} · cuerpos que leen nodo (nacimientos reales) 8770 · fundadores limpios (nodo vacio) 41729

== o1 (O1 x9) · 20 semillas 36001-36020 · T 100000 · fundador limpio 1
  R0 REAL (nacimientos reales) mediana 0.9412 (evaluables 0.941) · R0 preregistrado 2.5 · vida mediana 3243.5 · muertes 19.0 · fundadores 0.0 · casi inmortales 0/180
  ENMIENDA 5 (decide): linajes que cruzan con R0 real 145/180 · semillas con mayoria 20/20 -> GANA · ENMIENDA 6: persisten 151/180 · semillas 20/20 -> ESTABILIZA (muertes voluntarias fisicas 0.0) · ENMIENDA 3 (ayer): CRUZA (mediana R0 evaluables 2.5)
  causas hambre/sed/veneno/sal 1057/1078/3677/3665 (veneno+sal 77%) · pasos sin NADA bueno en el mundo 0.0407 · mordidas B+D 356.5 / A+C 674.0 por linaje · limpiezas fisicas por cuerpo 17.0819
  contabilidad coherente 180/180 · t_fund reconstruible 180/180 · s por corrida (mediana) 233.4
  ESTABLECIMIENTO (o1, descriptivo): {'linajes': 180, 'establecidos': 151, 'frac_establecidos': 0.8389, 'R0_real_establecidos': 0.9444, 'R0_real_no_establecidos': 0.0669, 'cruzan_de_establecidos': 145}
  frio_carrera (o1): telemetria - · cuerpos que leen nodo (nacimientos reales) 3083 · fundadores limpios (nodo vacio) 6394

PAREADOS (por semilla: mediana del R0 real de los 9 linajes; gana = semillas en que el primero supera al segundo)
  res0 vs v143: gana 9/20 · diferencia mediana -0.0354
  res0 vs bar0: gana 20/20 · diferencia mediana 0.405
  v143 vs bar0: gana 20/20 · diferencia mediana 0.4405
  o1 vs v143: gana 20/20 · diferencia mediana 0.2903
  o1 vs res0: gana 19/20 · diferencia mediana 0.3348

================ LA LETRA (PREREGISTRO_frio_carrera.md sec. 6)
  validez {'V1_completa': True, 'V2_ancla_O1_gana': True, 'V3_ancla_V143': True, 'V4_instrumento': True}
  puertas {'P1_res0_cruza': False, 'P2_res0_gana_v143': False, 'P3_bar0_no_cruza': True} · modesto False

  RESUMEN C:\Users\User\Documents\PROYECTOS\JUACO\organelos\experimentos\organelos\frio_carrera\datos\frio_carrera_s36001-36020_T100000_20260925_145319\resumen.json (sha b991b073a6f2231b)
Terminado en 2219.6s
VEREDICTO DE LA SERIE: NO
