[17:54:00] ECO_SEL_ING eco_sel_ing_serie_s46121-46140_T1000000 · T 1000000 · brazos {'ING_F1': ('MUT0', 'FABRICA_ECO', None), 'ING_SEL_C': ('CEREBRO', 'FABRICA_ECO', None), 'ING_AZA_C': ('CEREBRO_AZAR', 'FABRICA_ECO', None)} · pool 6 · motor GEMELO motor_frio_rapido · shas {'corre_eco_sel_ing.py': 'cc7e8c0377f4ed88', 'nucleo_eco_sel_ing.py': 'c2189f9d22b72386', 'construye_eco_sel_ing.py': '8c74739584d602a0', 'PREREGISTRO_eco_sel_ing.md': '761604d173ab6811', 'eco_sel/nucleo_eco_sel.py': '6a36e47ce61db3e1', 'eco_sel/corre_eco_sel.py': '74aff2f668c2c97a', 'frio/corre_frio.py': '3ba8b0f5cf1fbbfa', 'frio/motor_frio_rapido.py': 'ff9d890a5cce9dec', 'juaco_eco/corre_eco_v12.py': '1340d268e1fd93d8', 'juaco_eco/corre_eco.py': '47d9cee4d6462116', 'juaco_eco/motor_eco.py': 'bca3033878b59622', 'juaco_eco/carros/FAMB_RES0_ECO.py': '94ea78589bc2ce24', 'juaco_eco/carros/FABRICA_ECO.py': 'f1163009cb5193a2'}
[17:56:47] [1/60] ING_SEL_C s46124: K 100.65 · K_nac 15.283433 · fund_2a 88016 · persiste 1 · bloqueados 0 · aborto None (164.7 s; 166 s)
[17:56:48] [2/60] ING_SEL_C s46123: K 101.63 · K_nac 17.145709 · fund_2a 83962 · persiste 1 · bloqueados 0 · aborto None (165.4 s; 167 s)
[17:56:49] [3/60] ING_SEL_C s46122: K 100.49 · K_nac 14.786427 · fund_2a 88869 · persiste 1 · bloqueados 0 · aborto None (166.7 s; 168 s)
[17:56:49] [4/60] ING_SEL_C s46125: K 100.48 · K_nac 15.171657 · fund_2a 92011 · persiste 1 · bloqueados 0 · aborto None (166.7 s; 168 s)
[17:56:49] [5/60] ING_SEL_C s46121: K 101.13 · K_nac 16.840319 · fund_2a 89293 · persiste 1 · bloqueados 0 · aborto None (166.9 s; 169 s)
[17:56:50] [6/60] ING_SEL_C s46126: K 100.59 · K_nac 15.231537 · fund_2a 90449 · persiste 1 · bloqueados 0 · aborto None (167.2 s; 169 s)
[17:59:34] [7/60] ING_SEL_C s46127: K 100.08 · K_nac 14.487026 · fund_2a 92238 · persiste 1 · bloqueados 0 · aborto None (166.4 s; 333 s)
[17:59:35] [8/60] ING_SEL_C s46128: K 101.32 · K_nac 16.54491 · fund_2a 86539 · persiste 1 · bloqueados 0 · aborto None (167.3 s; 335 s)
[17:59:36] [9/60] ING_SEL_C s46131: K 102.15 · K_nac 18.141717 · fund_2a 80632 · persiste 1 · bloqueados 0 · aborto None (167.2 s; 336 s)
[17:59:37] [10/60] ING_SEL_C s46132: K 100.34 · K_nac 14.94012 · fund_2a 91400 · persiste 1 · bloqueados 0 · aborto None (166.9 s; 336 s)
[17:59:37] [11/60] ING_SEL_C s46130: K 101.04 · K_nac 15.996008 · fund_2a 87949 · persiste 1 · bloqueados 0 · aborto None (167.4 s; 336 s)
[17:59:37] [12/60] ING_SEL_C s46129: K 100.6 · K_nac 15.630739 · fund_2a 88676 · persiste 1 · bloqueados 0 · aborto None (167.9 s; 336 s)
[18:02:19] [13/60] ING_SEL_C s46133: K 100.92 · K_nac 16.00998 · fund_2a 86464 · persiste 1 · bloqueados 0 · aborto None (165.4 s; 499 s)
[18:02:23] [14/60] ING_SEL_C s46134: K 100.46 · K_nac 15.137725 · fund_2a 92019 · persiste 1 · bloqueados 0 · aborto None (167.4 s; 502 s)
[18:02:24] [15/60] ING_SEL_C s46138: K 100.85 · K_nac 15.692615 · fund_2a 88452 · persiste 1 · bloqueados 0 · aborto None (166.6 s; 503 s)
[18:02:24] [16/60] ING_SEL_C s46136: K 101.42 · K_nac 16.9501 · fund_2a 85427 · persiste 1 · bloqueados 0 · aborto None (167.0 s; 503 s)
[18:02:25] [17/60] ING_SEL_C s46137: K 100.93 · K_nac 15.331337 · fund_2a 91529 · persiste 1 · bloqueados 0 · aborto None (168.4 s; 505 s)
[18:02:25] [18/60] ING_SEL_C s46135: K 100.42 · K_nac 14.828343 · fund_2a 89832 · persiste 1 · bloqueados 0 · aborto None (168.8 s; 505 s)
[18:05:11] [19/60] ING_SEL_C s46139: K 100.99 · K_nac 15.904192 · fund_2a 87730 · persiste 1 · bloqueados 0 · aborto None (171.3 s; 670 s)
[18:05:13] [20/60] ING_AZA_C s46121: K 90.44 · K_nac 0.764471 · fund_2a 109725 · persiste 1 · bloqueados 0 · aborto None (169.0 s; 672 s)
[18:05:14] [21/60] ING_SEL_C s46140: K 101.15 · K_nac 16.173653 · fund_2a 85921 · persiste 1 · bloqueados 0 · aborto None (171.1 s; 673 s)
[18:05:24] [22/60] ING_AZA_C s46123: K 95.33 · K_nac 7.169661 · fund_2a 124025 · persiste 1 · bloqueados 0 · aborto None (178.2 s; 683 s)
[18:05:34] [23/60] ING_AZA_C s46124: K 97.95 · K_nac 11.103792 · fund_2a 117087 · persiste 1 · bloqueados 0 · aborto None (188.8 s; 694 s)
[18:05:35] [24/60] ING_AZA_C s46122: K 98.6 · K_nac 13.333333 · fund_2a 119005 · persiste 1 · bloqueados 0 · aborto None (190.5 s; 694 s)
[18:07:59] [25/60] ING_AZA_C s46127: K 94.36 · K_nac 7.429142 · fund_2a 119315 · persiste 1 · bloqueados 0 · aborto None (164.8 s; 839 s)
[18:08:14] [26/60] ING_AZA_C s46126: K 94.22 · K_nac 9.728543 · fund_2a 115133 · persiste 1 · bloqueados 0 · aborto None (180.6 s; 853 s)
[18:08:17] [27/60] ING_AZA_C s46125: K 99.56 · K_nac 15.243513 · fund_2a 107759 · persiste 1 · bloqueados 0 · aborto None (186.1 s; 857 s)
[18:08:20] [28/60] ING_AZA_C s46129: K 92.35 · K_nac 3.902196 · fund_2a 113752 · persiste 1 · bloqueados 0 · aborto None (165.2 s; 859 s)
[18:08:25] [29/60] ING_AZA_C s46128: K 98.83 · K_nac 12.706587 · fund_2a 115449 · persiste 1 · bloqueados 0 · aborto None (181.1 s; 864 s)
[18:08:35] [30/60] ING_AZA_C s46130: K 96.54 · K_nac 9.812375 · fund_2a 115227 · persiste 1 · bloqueados 0 · aborto None (180.5 s; 875 s)
[18:11:04] [31/60] ING_AZA_C s46131: K 97.05 · K_nac 9.205589 · fund_2a 121453 · persiste 1 · bloqueados 0 · aborto None (185.1 s; 1024 s)
[18:11:17] [32/60] ING_AZA_C s46133: K 95.98 · K_nac 9.536926 · fund_2a 123614 · persiste 1 · bloqueados 0 · aborto None (180.2 s; 1037 s)
[18:11:22] [33/60] ING_AZA_C s46134: K 93.9 · K_nac 5.347305 · fund_2a 140319 · persiste 1 · bloqueados 0 · aborto None (181.9 s; 1041 s)
[18:11:24] [34/60] ING_AZA_C s46132: K 96.19 · K_nac 9.261477 · fund_2a 133685 · persiste 1 · bloqueados 0 · aborto None (189.7 s; 1043 s)
[18:11:30] [35/60] ING_AZA_C s46135: K 95.1 · K_nac 7.497006 · fund_2a 124358 · persiste 1 · bloqueados 0 · aborto None (184.9 s; 1049 s)
[18:11:38] [36/60] ING_AZA_C s46136: K 95.34 · K_nac 8.147705 · fund_2a 131326 · persiste 1 · bloqueados 0 · aborto None (182.7 s; 1058 s)
[18:14:22] [37/60] ING_AZA_C s46138: K 95.2 · K_nac 7.666667 · fund_2a 120007 · persiste 1 · bloqueados 0 · aborto None (184.0 s; 1221 s)
[18:14:27] [38/60] ING_AZA_C s46137: K 99.62 · K_nac 15.652695 · fund_2a 115096 · persiste 1 · bloqueados 0 · aborto None (202.3 s; 1226 s)
[18:14:35] [39/60] ING_F1 s46121: K 96.21 · K_nac 12.123752 · fund_2a 128885 · persiste 1 · bloqueados 0 · aborto None (184.8 s; 1234 s)
[18:14:41] [40/60] ING_AZA_C s46139: K 95.34 · K_nac 8.9002 · fund_2a 126049 · persiste 1 · bloqueados 0 · aborto None (198.5 s; 1240 s)
[18:14:45] [41/60] ING_F1 s46122: K 96.07 · K_nac 12.381238 · fund_2a 128963 · persiste 1 · bloqueados 0 · aborto None (186.2 s; 1244 s)
[18:14:46] [42/60] ING_AZA_C s46140: K 96.9 · K_nac 12.576846 · fund_2a 136329 · persiste 1 · bloqueados 0 · aborto None (202.0 s; 1245 s)
[18:17:32] [43/60] ING_F1 s46123: K 96.45 · K_nac 12.734531 · fund_2a 129270 · persiste 1 · bloqueados 0 · aborto None (189.8 s; 1411 s)
[18:17:37] [44/60] ING_F1 s46124: K 96.48 · K_nac 12.582834 · fund_2a 128515 · persiste 1 · bloqueados 0 · aborto None (189.9 s; 1417 s)
[18:17:46] [45/60] ING_F1 s46125: K 96.27 · K_nac 12.748503 · fund_2a 128501 · persiste 1 · bloqueados 0 · aborto None (190.7 s; 1425 s)
[18:17:52] [46/60] ING_F1 s46126: K 96.38 · K_nac 12.736527 · fund_2a 129076 · persiste 1 · bloqueados 0 · aborto None (190.8 s; 1431 s)
[18:17:57] [47/60] ING_F1 s46127: K 96.41 · K_nac 12.696607 · fund_2a 129084 · persiste 1 · bloqueados 0 · aborto None (191.8 s; 1436 s)
[18:17:58] [48/60] ING_F1 s46128: K 96.42 · K_nac 12.774451 · fund_2a 127852 · persiste 1 · bloqueados 0 · aborto None (192.4 s; 1438 s)
[18:20:54] [49/60] ING_F1 s46129: K 96.34 · K_nac 12.582834 · fund_2a 128553 · persiste 1 · bloqueados 0 · aborto None (201.7 s; 1613 s)
[18:20:59] [50/60] ING_F1 s46130: K 96.01 · K_nac 12.303393 · fund_2a 129016 · persiste 1 · bloqueados 0 · aborto None (202.1 s; 1619 s)
[18:21:08] [51/60] ING_F1 s46131: K 95.97 · K_nac 11.822355 · fund_2a 128324 · persiste 1 · bloqueados 0 · aborto None (201.4 s; 1627 s)
[18:21:14] [52/60] ING_F1 s46132: K 96.47 · K_nac 12.750499 · fund_2a 128418 · persiste 1 · bloqueados 0 · aborto None (201.7 s; 1633 s)
[18:21:20] [53/60] ING_F1 s46133: K 96.42 · K_nac 12.59481 · fund_2a 129119 · persiste 1 · bloqueados 0 · aborto None (203.1 s; 1639 s)
[18:21:21] [54/60] ING_F1 s46134: K 96.68 · K_nac 13.037924 · fund_2a 128578 · persiste 1 · bloqueados 0 · aborto None (201.9 s; 1640 s)
[18:24:16] [55/60] ING_F1 s46135: K 96.27 · K_nac 12.572854 · fund_2a 128542 · persiste 1 · bloqueados 0 · aborto None (202.4 s; 1816 s)
[18:24:22] [56/60] ING_F1 s46136: K 96.4 · K_nac 12.674651 · fund_2a 127774 · persiste 1 · bloqueados 0 · aborto None (201.9 s; 1821 s)
[18:24:29] [57/60] ING_F1 s46137: K 96.25 · K_nac 12.461078 · fund_2a 128791 · persiste 1 · bloqueados 0 · aborto None (201.5 s; 1829 s)
[18:24:35] [58/60] ING_F1 s46138: K 96.32 · K_nac 12.459082 · fund_2a 128887 · persiste 1 · bloqueados 0 · aborto None (201.1 s; 1835 s)
[18:24:40] [59/60] ING_F1 s46139: K 96.52 · K_nac 12.926148 · fund_2a 128172 · persiste 1 · bloqueados 0 · aborto None (200.2 s; 1840 s)
[18:24:41] [60/60] ING_F1 s46140: K 96.29 · K_nac 12.846307 · fund_2a 127844 · persiste 1 · bloqueados 0 · aborto None (200.1 s; 1840 s)
semillas por brazo: {'ING_F1': 20, 'ING_SEL_C': 20, 'ING_AZA_C': 20}; otros brazos: []; persiste en T = 1000000: {'ING_F1': 20, 'ING_SEL_C': 20, 'ING_AZA_C': 20}; abortos: []; t_corte distinto de T (vivero permanente): []; bloqueados: 0; carro distinto de FABRICA_ECO: []
K (media de cuerpos vivos en [T/2, T]), mediana: {'ING_F1': 96.36, 'ING_SEL_C': 100.89, 'ING_AZA_C': 95.66} · K_nac (solo NACIDOS): {'ING_F1': 12.63, 'ING_SEL_C': 15.66, 'ING_AZA_C': 9.23} · fund_2a (fundadores repuestos en la 2a mitad): {'ING_F1': 128565.5, 'ING_SEL_C': 88564.0, 'ING_AZA_C': 119661.0}
V1 la base ingenua esta presente (ING_F1 persiste >= 17/20): SE CUMPLE (20) · V2 los tres brazos nacen ingenuos (carro FABRICA_ECO): SE CUMPLE
V3 genetica declarada: {'ING_F1': (True, [], [], 0), 'ING_SEL_C': (True, [], [], 20), 'ING_AZA_C': (True, [], [], 20)}
P1 firma contra las 8 sombras en t = 100000: rango medio <= 3.5 o >= 6.5 en algun gen de ['alpha', 'aversion', 'tau_e'] en ING_SEL_C: SE CUMPLE ({'alpha': 8.65, 'aversion': 7.55, 'tau_e': 1.5}) · guardia: en ING_AZA_C ningun gen sale: SE CUMPLE ({'alpha': 6.1, 'aversion': 4.95, 'tau_e': 5.35})
P2 ING_SEL_C > ING_F1: K pareado >= 15/20 y mediana >= +1.5 Y K_nac pareado >= 15/20: SE CUMPLE (K 20/20, mediana 4.49; K_nac 20/20, mediana 3.01)
P3 ING_SEL_C > ING_AZA_C: K pareado >= 15/20 Y K_nac pareado >= 15/20: SE CUMPLE (K 20/20, mediana 5.2; K_nac 18/20, mediana 6.74)
P4 establecimiento, fund_2a ING_SEL_C < ING_F1 pareado >= 15/20: SE CUMPLE (20/20, mediana -40264.5) · ING_SEL_C < ING_AZA_C: SE CUMPLE (20/20, mediana -30845.5)
VEREDICTO C POR LA LETRA (una serie): FUNCIONA: CON EL HIJO INGENUO LA SELECCION MUEVE EL CEREBRO Y SUBE LA CAPACIDAD SOBRE LA BASE; SIN HERENCIA NO (en esta serie)
VEREDICTO E (establecimiento) POR LA LETRA (una serie): FUNCIONA: EL LINAJE INGENUO SELECCIONADO NECESITA MENOS FUNDADORES QUE LA BASE Y QUE SU CONTROL SIN HERENCIA (en esta serie)
descriptivo, genes de los vivos en T (mediana sobre semillas): alpha SEL 4.3104 · AZA 1.4067; aversion SEL 1.0145 · AZA 1.3245; tau_e SEL 0.3439 · AZA 0.4973; eta_s SEL 0.1689 · AZA 0.2205; hambre_boca SEL 2.7068 · AZA 1.6295; NK SEL 32.3155 · AZA 24.9487
descriptivo: K_fund {'ING_F1': 83.7146, 'ING_SEL_C': 85.1198, 'ING_AZA_C': 86.8862} · fundadores repuestos por linaje en toda la corrida {'ING_F1': 2856.6778, 'ING_SEL_C': 1983.8833, 'ING_AZA_C': 2661.9778} · nacimientos 2a mitad {'ING_F1': 23401.0, 'ING_SEL_C': 20601.0, 'ING_AZA_C': 16495.0} · vida media de los nacidos muertos 2a mitad {'ING_F1': 267.5, 'ING_SEL_C': 377.35, 'ING_AZA_C': 283.65} · veneno + sal {'ING_F1': 0.9995, 'ING_SEL_C': 0.96, 'ING_AZA_C': 0.986}
[18:24:41] VEREDICTOS: {'C': 'FUNCIONA: CON EL HIJO INGENUO LA SELECCION MUEVE EL CEREBRO Y SUBE LA CAPACIDAD SOBRE LA BASE; SIN HERENCIA NO (en esta serie)', 'E': 'FUNCIONA: EL LINAJE INGENUO SELECCIONADO NECESITA MENOS FUNDADORES QUE LA BASE Y QUE SU CONTROL SIN HERENCIA (en esta serie)'}
