construye_eco_sel --verifica: IGUAL (origen 3ba8b0f5cf1fbbfa; destino 6a36e47ce61db3e1)
[14:06:17] ECO_SEL eco_sel_serie_s45321-45340 · T 1000000 · brazos {'F1': ('MUT0', 'FAMB_RES0_ECO', 1), 'SEL_M': ('MARGEN', 'FAMB_RES0_ECO', 1), 'AZA_M': ('MARGEN_AZAR', 'FAMB_RES0_ECO', 1), 'SEL_C': ('CEREBRO', 'FAMB_RES0_ECO', 1), 'AZA_C': ('CEREBRO_AZAR', 'FAMB_RES0_ECO', 1)} · pool 6 · motor GEMELO motor_frio_rapido · shas {'corre_eco_sel.py': '74aff2f668c2c97a', 'nucleo_eco_sel.py': '6a36e47ce61db3e1', 'construye_eco_sel.py': 'f2f5ed3c54d1b2c5', 'PREREGISTRO_eco_sel.md': '7c5fbfe0e109e0f9', 'frio/corre_frio.py': '3ba8b0f5cf1fbbfa', 'frio/motor_frio_rapido.py': 'ff9d890a5cce9dec', 'juaco_eco/corre_eco_v12.py': '1340d268e1fd93d8', 'juaco_eco/corre_eco.py': '47d9cee4d6462116', 'juaco_eco/motor_eco.py': 'bca3033878b59622', 'juaco_eco/carros/FAMB_RES0_ECO.py': '94ea78589bc2ce24'}
[14:07:06] [1/100] SEL_C s45324: persiste 1 (vivos 35) · K 38.67 · t_ext None · refundados 0 · n_nac 17565 · genes vivos T - · aborto None (47.9 s; 50 s)
[14:07:06] [2/100] SEL_C s45322: persiste 1 (vivos 38) · K 38.64 · t_ext None · refundados 0 · n_nac 17656 · genes vivos T - · aborto None (48.1 s; 50 s)
[14:07:07] [3/100] SEL_C s45325: persiste 1 (vivos 40) · K 39.47 · t_ext None · refundados 0 · n_nac 17358 · genes vivos T - · aborto None (48.3 s; 50 s)
[14:07:07] [4/100] SEL_C s45321: persiste 1 (vivos 34) · K 39.45 · t_ext None · refundados 0 · n_nac 17483 · genes vivos T - · aborto None (48.5 s; 50 s)
[14:07:07] [5/100] SEL_C s45323: persiste 1 (vivos 51) · K 39.2 · t_ext None · refundados 0 · n_nac 17725 · genes vivos T - · aborto None (48.8 s; 50 s)
[14:07:07] [6/100] SEL_C s45326: persiste 1 (vivos 40) · K 39.26 · t_ext None · refundados 0 · n_nac 17565 · genes vivos T - · aborto None (48.9 s; 50 s)
[14:07:54] [7/100] SEL_C s45327: persiste 1 (vivos 32) · K 39.78 · t_ext None · refundados 0 · n_nac 16930 · genes vivos T - · aborto None (47.5 s; 97 s)
[14:07:54] [8/100] SEL_C s45331: persiste 1 (vivos 36) · K 38.67 · t_ext None · refundados 0 · n_nac 17294 · genes vivos T - · aborto None (46.9 s; 97 s)
[14:07:54] [9/100] SEL_C s45329: persiste 1 (vivos 45) · K 39.0 · t_ext None · refundados 0 · n_nac 17676 · genes vivos T - · aborto None (47.4 s; 97 s)
[14:07:54] [10/100] SEL_C s45328: persiste 1 (vivos 46) · K 39.65 · t_ext None · refundados 0 · n_nac 17256 · genes vivos T - · aborto None (47.8 s; 97 s)
[14:07:55] [11/100] SEL_C s45330: persiste 1 (vivos 48) · K 39.86 · t_ext None · refundados 0 · n_nac 17759 · genes vivos T - · aborto None (48.2 s; 98 s)
[14:07:55] [12/100] SEL_C s45332: persiste 1 (vivos 35) · K 39.5 · t_ext None · refundados 0 · n_nac 17271 · genes vivos T - · aborto None (47.8 s; 98 s)
[14:08:41] [13/100] SEL_C s45334: persiste 1 (vivos 33) · K 38.04 · t_ext None · refundados 0 · n_nac 17218 · genes vivos T - · aborto None (46.7 s; 144 s)
[14:08:41] [14/100] SEL_C s45333: persiste 1 (vivos 34) · K 39.2 · t_ext None · refundados 0 · n_nac 17769 · genes vivos T - · aborto None (47.3 s; 144 s)
[14:08:41] [15/100] SEL_C s45335: persiste 1 (vivos 42) · K 39.28 · t_ext None · refundados 0 · n_nac 17502 · genes vivos T - · aborto None (47.1 s; 145 s)
[14:08:42] [16/100] SEL_C s45336: persiste 1 (vivos 36) · K 39.59 · t_ext None · refundados 0 · n_nac 17626 · genes vivos T - · aborto None (48.2 s; 146 s)
[14:08:42] [17/100] SEL_C s45338: persiste 1 (vivos 35) · K 38.96 · t_ext None · refundados 0 · n_nac 17349 · genes vivos T - · aborto None (47.5 s; 146 s)
[14:08:43] [18/100] SEL_C s45337: persiste 1 (vivos 51) · K 39.9 · t_ext None · refundados 0 · n_nac 17754 · genes vivos T - · aborto None (47.9 s; 146 s)
[14:09:28] [19/100] SEL_M s45321: persiste 1 (vivos 33) · K 34.73 · t_ext None · refundados 0 · n_nac 27331 · genes vivos T {'rep_umbral': 0.788611} · aborto None (47.0 s; 192 s)
[14:09:29] [20/100] SEL_C s45339: persiste 1 (vivos 46) · K 39.14 · t_ext None · refundados 0 · n_nac 17710 · genes vivos T - · aborto None (47.9 s; 192 s)
[14:09:29] [21/100] SEL_C s45340: persiste 1 (vivos 36) · K 38.94 · t_ext None · refundados 0 · n_nac 17835 · genes vivos T - · aborto None (47.7 s; 192 s)
[14:09:29] [22/100] SEL_M s45324: persiste 1 (vivos 45) · K 34.54 · t_ext None · refundados 0 · n_nac 25860 · genes vivos T {'rep_umbral': 0.519773} · aborto None (46.0 s; 192 s)
[14:09:30] [23/100] SEL_M s45322: persiste 1 (vivos 26) · K 35.35 · t_ext None · refundados 0 · n_nac 27519 · genes vivos T {'rep_umbral': 0.688129} · aborto None (47.3 s; 193 s)
[14:09:31] [24/100] SEL_M s45323: persiste 1 (vivos 47) · K 35.19 · t_ext None · refundados 0 · n_nac 28476 · genes vivos T {'rep_umbral': 0.502874} · aborto None (48.5 s; 194 s)
[14:10:15] [25/100] SEL_M s45327: persiste 1 (vivos 29) · K 34.41 · t_ext None · refundados 0 · n_nac 25971 · genes vivos T {'rep_umbral': 0.524899} · aborto None (46.3 s; 239 s)
[14:10:16] [26/100] SEL_M s45325: persiste 1 (vivos 28) · K 34.89 · t_ext None · refundados 0 · n_nac 27962 · genes vivos T {'rep_umbral': 0.791572} · aborto None (48.1 s; 240 s)
[14:10:17] [27/100] SEL_M s45326: persiste 1 (vivos 32) · K 34.38 · t_ext None · refundados 0 · n_nac 27503 · genes vivos T {'rep_umbral': 0.536924} · aborto None (47.8 s; 240 s)
[14:10:17] [28/100] SEL_M s45328: persiste 1 (vivos 30) · K 35.22 · t_ext None · refundados 0 · n_nac 26931 · genes vivos T {'rep_umbral': 0.599663} · aborto None (47.8 s; 240 s)
[14:10:18] [29/100] SEL_M s45329: persiste 1 (vivos 46) · K 35.06 · t_ext None · refundados 0 · n_nac 27837 · genes vivos T {'rep_umbral': 0.673619} · aborto None (48.4 s; 242 s)
[14:10:20] [30/100] SEL_M s45330: persiste 1 (vivos 31) · K 35.03 · t_ext None · refundados 0 · n_nac 28617 · genes vivos T {'rep_umbral': 0.635618} · aborto None (49.4 s; 244 s)
[14:10:59] [31/100] SEL_M s45331: persiste 1 (vivos 25) · K 31.38 · t_ext None · refundados 0 · n_nac 22933 · genes vivos T {'rep_umbral': 0.770895} · aborto None (43.8 s; 282 s)
[14:11:01] [32/100] SEL_M s45332: persiste 1 (vivos 32) · K 34.09 · t_ext None · refundados 0 · n_nac 24990 · genes vivos T {'rep_umbral': 0.716469} · aborto None (44.8 s; 285 s)
[14:11:02] [33/100] SEL_M s45333: persiste 1 (vivos 27) · K 33.16 · t_ext None · refundados 0 · n_nac 24931 · genes vivos T {'rep_umbral': 0.617273} · aborto None (45.4 s; 285 s)
[14:11:04] [34/100] SEL_M s45334: persiste 1 (vivos 42) · K 34.71 · t_ext None · refundados 0 · n_nac 27699 · genes vivos T {'rep_umbral': 0.72947} · aborto None (47.4 s; 288 s)
[14:11:05] [35/100] SEL_M s45335: persiste 1 (vivos 38) · K 34.62 · t_ext None · refundados 0 · n_nac 25813 · genes vivos T {'rep_umbral': 0.665171} · aborto None (46.3 s; 288 s)
[14:11:07] [36/100] SEL_M s45336: persiste 1 (vivos 31) · K 35.29 · t_ext None · refundados 0 · n_nac 25719 · genes vivos T {'rep_umbral': 0.711384} · aborto None (46.8 s; 291 s)
[14:11:45] [37/100] F1 s45321: persiste 1 (vivos 35) · K 31.32 · t_ext None · refundados 0 · n_nac 18412 · genes vivos T - · aborto None (40.3 s; 328 s)
[14:11:45] [38/100] SEL_M s45337: persiste 1 (vivos 40) · K 34.05 · t_ext None · refundados 0 · n_nac 25636 · genes vivos T {'rep_umbral': 0.519088} · aborto None (46.0 s; 328 s)
[14:11:47] [39/100] F1 s45322: persiste 1 (vivos 25) · K 30.49 · t_ext None · refundados 0 · n_nac 18407 · genes vivos T - · aborto None (40.1 s; 331 s)
[14:11:49] [40/100] SEL_M s45339: persiste 1 (vivos 34) · K 34.98 · t_ext None · refundados 0 · n_nac 27478 · genes vivos T {'rep_umbral': 0.654901} · aborto None (47.3 s; 333 s)
[14:11:50] [41/100] SEL_M s45338: persiste 1 (vivos 32) · K 35.13 · t_ext None · refundados 0 · n_nac 28698 · genes vivos T {'rep_umbral': 0.576564} · aborto None (48.3 s; 333 s)
[14:11:51] [42/100] SEL_M s45340: persiste 1 (vivos 33) · K 34.75 · t_ext None · refundados 0 · n_nac 26296 · genes vivos T {'rep_umbral': 0.756301} · aborto None (47.2 s; 335 s)
[14:12:25] [43/100] F1 s45323: persiste 1 (vivos 27) · K 30.68 · t_ext None · refundados 0 · n_nac 18216 · genes vivos T - · aborto None (39.6 s; 368 s)
[14:12:26] [44/100] F1 s45324: persiste 1 (vivos 45) · K 31.36 · t_ext None · refundados 0 · n_nac 18536 · genes vivos T - · aborto None (40.4 s; 369 s)
[14:12:28] [45/100] F1 s45325: persiste 1 (vivos 28) · K 30.69 · t_ext None · refundados 0 · n_nac 18266 · genes vivos T - · aborto None (40.7 s; 372 s)
[14:12:29] [46/100] F1 s45326: persiste 1 (vivos 31) · K 30.81 · t_ext None · refundados 0 · n_nac 18310 · genes vivos T - · aborto None (40.0 s; 373 s)
[14:12:30] [47/100] F1 s45327: persiste 1 (vivos 31) · K 31.1 · t_ext None · refundados 0 · n_nac 18400 · genes vivos T - · aborto None (40.0 s; 373 s)
[14:12:32] [48/100] F1 s45328: persiste 1 (vivos 39) · K 30.99 · t_ext None · refundados 0 · n_nac 18390 · genes vivos T - · aborto None (40.2 s; 375 s)
[14:13:04] [49/100] F1 s45329: persiste 1 (vivos 34) · K 30.52 · t_ext None · refundados 0 · n_nac 18422 · genes vivos T - · aborto None (39.9 s; 408 s)
[14:13:06] [50/100] F1 s45330: persiste 1 (vivos 39) · K 30.73 · t_ext None · refundados 0 · n_nac 18235 · genes vivos T - · aborto None (39.9 s; 409 s)
[14:13:08] [51/100] F1 s45331: persiste 1 (vivos 22) · K 30.78 · t_ext None · refundados 0 · n_nac 18384 · genes vivos T - · aborto None (40.1 s; 412 s)
[14:13:09] [52/100] F1 s45332: persiste 1 (vivos 28) · K 30.6 · t_ext None · refundados 0 · n_nac 18200 · genes vivos T - · aborto None (39.3 s; 412 s)
[14:13:10] [53/100] F1 s45333: persiste 1 (vivos 29) · K 30.95 · t_ext None · refundados 0 · n_nac 18596 · genes vivos T - · aborto None (40.3 s; 413 s)
[14:13:12] [54/100] F1 s45334: persiste 1 (vivos 26) · K 31.11 · t_ext None · refundados 0 · n_nac 18517 · genes vivos T - · aborto None (40.5 s; 416 s)
[14:13:44] [55/100] F1 s45335: persiste 1 (vivos 31) · K 31.19 · t_ext None · refundados 0 · n_nac 18360 · genes vivos T - · aborto None (39.9 s; 448 s)
[14:13:46] [56/100] F1 s45336: persiste 1 (vivos 29) · K 31.19 · t_ext None · refundados 0 · n_nac 18557 · genes vivos T - · aborto None (40.1 s; 449 s)
[14:13:49] [57/100] F1 s45338: persiste 1 (vivos 32) · K 31.03 · t_ext None · refundados 0 · n_nac 18368 · genes vivos T - · aborto None (40.0 s; 452 s)
[14:13:49] [58/100] F1 s45337: persiste 1 (vivos 33) · K 31.24 · t_ext None · refundados 0 · n_nac 18697 · genes vivos T - · aborto None (40.7 s; 452 s)
[14:13:50] [59/100] F1 s45339: persiste 1 (vivos 30) · K 31.1 · t_ext None · refundados 0 · n_nac 18378 · genes vivos T - · aborto None (40.1 s; 453 s)
[14:13:53] [60/100] F1 s45340: persiste 1 (vivos 31) · K 31.15 · t_ext None · refundados 0 · n_nac 18586 · genes vivos T - · aborto None (40.4 s; 456 s)
[14:14:08] [61/100] AZA_M s45323: persiste 0 (vivos 0) · K 7.44 · t_ext 922354 · refundados 0 · n_nac 4911 · genes vivos T None · aborto None (19.2 s; 472 s)
[14:14:11] [62/100] AZA_M s45325: persiste 1 (vivos 18) · K 14.88 · t_ext None · refundados 0 · n_nac 4164 · genes vivos T {'rep_umbral': 1.321902} · aborto None (20.8 s; 474 s)
[14:14:15] [63/100] AZA_M s45326: persiste 0 (vivos 0) · K 8.85 · t_ext 767349 · refundados 0 · n_nac 7203 · genes vivos T None · aborto None (21.8 s; 478 s)
[14:14:15] [64/100] AZA_M s45322: persiste 1 (vivos 7) · K 19.56 · t_ext None · refundados 0 · n_nac 8855 · genes vivos T {'rep_umbral': 1.394151} · aborto None (29.0 s; 478 s)
[14:14:18] [65/100] AZA_M s45324: persiste 1 (vivos 28) · K 23.19 · t_ext None · refundados 0 · n_nac 8229 · genes vivos T {'rep_umbral': 1.060025} · aborto None (28.7 s; 481 s)
[14:14:20] [66/100] AZA_M s45321: persiste 1 (vivos 26) · K 28.16 · t_ext None · refundados 0 · n_nac 13322 · genes vivos T {'rep_umbral': 1.088815} · aborto None (35.3 s; 483 s)
[14:14:40] [67/100] AZA_M s45328: persiste 1 (vivos 25) · K 20.28 · t_ext None · refundados 0 · n_nac 9459 · genes vivos T {'rep_umbral': 1.141579} · aborto None (29.5 s; 504 s)
[14:14:40] [68/100] AZA_M s45327: persiste 1 (vivos 15) · K 23.37 · t_ext None · refundados 0 · n_nac 10933 · genes vivos T {'rep_umbral': 1.201193} · aborto None (32.2 s; 504 s)
[14:14:44] [69/100] AZA_M s45331: persiste 1 (vivos 1) · K 14.29 · t_ext None · refundados 0 · n_nac 7826 · genes vivos T {'rep_umbral': 1.45} · aborto None (26.2 s; 507 s)
[14:14:53] [70/100] AZA_M s45332: persiste 1 (vivos 27) · K 24.27 · t_ext None · refundados 0 · n_nac 11793 · genes vivos T {'rep_umbral': 1.065892} · aborto None (33.4 s; 517 s)
[14:14:54] [71/100] AZA_M s45330: persiste 1 (vivos 28) · K 30.83 · t_ext None · refundados 0 · n_nac 17180 · genes vivos T {'rep_umbral': 0.942676} · aborto None (39.1 s; 517 s)
[14:14:54] [72/100] AZA_M s45329: persiste 1 (vivos 18) · K 29.74 · t_ext None · refundados 0 · n_nac 17916 · genes vivos T {'rep_umbral': 1.194739} · aborto None (39.7 s; 518 s)
[14:15:18] [73/100] AZA_M s45333: persiste 1 (vivos 35) · K 29.03 · t_ext None · refundados 0 · n_nac 15583 · genes vivos T {'rep_umbral': 0.781686} · aborto None (37.1 s; 541 s)
[14:15:18] [74/100] AZA_M s45334: persiste 1 (vivos 36) · K 30.66 · t_ext None · refundados 0 · n_nac 15831 · genes vivos T {'rep_umbral': 0.712044} · aborto None (37.3 s; 541 s)
[14:15:23] [75/100] AZA_M s45335: persiste 1 (vivos 25) · K 30.14 · t_ext None · refundados 0 · n_nac 17390 · genes vivos T {'rep_umbral': 0.940672} · aborto None (39.2 s; 547 s)
[14:15:26] [76/100] AZA_M s45338: persiste 1 (vivos 21) · K 20.51 · t_ext None · refundados 0 · n_nac 10425 · genes vivos T {'rep_umbral': 1.264279} · aborto None (31.0 s; 549 s)
[14:15:28] [77/100] AZA_M s45337: persiste 1 (vivos 19) · K 24.65 · t_ext None · refundados 0 · n_nac 12832 · genes vivos T {'rep_umbral': 1.209398} · aborto None (34.3 s; 552 s)
[14:15:31] [78/100] AZA_M s45336: persiste 1 (vivos 25) · K 28.62 · t_ext None · refundados 0 · n_nac 15700 · genes vivos T {'rep_umbral': 0.783708} · aborto None (37.6 s; 554 s)
[14:15:51] [79/100] AZA_C s45323: persiste 0 (vivos 0) · K 10.7 · t_ext 875980 · refundados 0 · n_nac 11208 · genes vivos T - · aborto None (23.2 s; 575 s)
[14:15:53] [80/100] AZA_M s45340: persiste 1 (vivos 33) · K 28.42 · t_ext None · refundados 0 · n_nac 13690 · genes vivos T {'rep_umbral': 0.713338} · aborto None (34.7 s; 576 s)
[14:15:57] [81/100] AZA_C s45324: persiste 0 (vivos 0) · K 10.33 · t_ext 858466 · refundados 0 · n_nac 12645 · genes vivos T - · aborto None (26.2 s; 580 s)
[14:15:58] [82/100] AZA_M s45339: persiste 1 (vivos 40) · K 31.23 · t_ext None · refundados 0 · n_nac 18474 · genes vivos T {'rep_umbral': 0.844521} · aborto None (40.4 s; 581 s)
[14:16:02] [83/100] AZA_C s45322: persiste 1 (vivos 27) · K 25.83 · t_ext None · refundados 0 · n_nac 16550 · genes vivos T - · aborto None (36.2 s; 585 s)
[14:16:03] [84/100] AZA_C s45325: persiste 0 (vivos 0) · K 0.0 · t_ext 437545 · refundados 0 · n_nac 5803 · genes vivos T - · aborto None (11.9 s; 587 s)
[14:16:04] [85/100] AZA_C s45321: persiste 1 (vivos 38) · K 30.03 · t_ext None · refundados 0 · n_nac 17074 · genes vivos T - · aborto None (40.3 s; 587 s)
[14:16:21] [86/100] AZA_C s45328: persiste 1 (vivos 15) · K 9.86 · t_ext None · refundados 0 · n_nac 11312 · genes vivos T - · aborto None (22.7 s; 604 s)
[14:16:33] [87/100] AZA_C s45327: persiste 1 (vivos 31) · K 25.1 · t_ext None · refundados 0 · n_nac 16311 · genes vivos T - · aborto None (35.5 s; 616 s)
[14:16:34] [88/100] AZA_C s45330: persiste 1 (vivos 13) · K 17.77 · t_ext None · refundados 0 · n_nac 15222 · genes vivos T - · aborto None (30.9 s; 618 s)
[14:16:36] [89/100] AZA_C s45326: persiste 1 (vivos 30) · K 34.66 · t_ext None · refundados 0 · n_nac 17500 · genes vivos T - · aborto None (43.8 s; 620 s)
[14:16:39] [90/100] AZA_C s45329: persiste 1 (vivos 29) · K 24.49 · t_ext None · refundados 0 · n_nac 17321 · genes vivos T - · aborto None (37.6 s; 623 s)
[14:16:46] [91/100] AZA_C s45331: persiste 1 (vivos 35) · K 34.48 · t_ext None · refundados 0 · n_nac 17658 · genes vivos T - · aborto None (42.3 s; 629 s)
[14:16:47] [92/100] AZA_C s45333: persiste 0 (vivos 0) · K 0.0 · t_ext 460236 · refundados 0 · n_nac 6794 · genes vivos T - · aborto None (14.3 s; 630 s)
[14:16:52] [93/100] AZA_C s45332: persiste 1 (vivos 22) · K 21.53 · t_ext None · refundados 0 · n_nac 15480 · genes vivos T - · aborto None (31.3 s; 635 s)
[14:17:02] [94/100] AZA_C s45334: persiste 1 (vivos 18) · K 12.23 · t_ext None · refundados 0 · n_nac 13871 · genes vivos T - · aborto None (27.5 s; 645 s)
[14:17:09] [95/100] AZA_C s45335: persiste 1 (vivos 5) · K 18.51 · t_ext None · refundados 0 · n_nac 15874 · genes vivos T - · aborto None (32.8 s; 653 s)
[14:17:15] [96/100] AZA_C s45336: persiste 1 (vivos 33) · K 26.35 · t_ext None · refundados 0 · n_nac 15884 · genes vivos T - · aborto None (35.5 s; 658 s)
[14:17:19] [97/100] AZA_C s45339: persiste 0 (vivos 0) · K 11.25 · t_ext 994349 · refundados 0 · n_nac 13577 · genes vivos T - · aborto None (26.9 s; 662 s)
[14:17:23] [98/100] AZA_C s45337: persiste 1 (vivos 36) · K 28.91 · t_ext None · refundados 0 · n_nac 17210 · genes vivos T - · aborto None (36.9 s; 666 s)
[14:17:28] [99/100] AZA_C s45338: persiste 1 (vivos 31) · K 33.98 · t_ext None · refundados 0 · n_nac 18465 · genes vivos T - · aborto None (41.3 s; 672 s)
[14:17:37] [100/100] AZA_C s45340: persiste 1 (vivos 28) · K 33.41 · t_ext None · refundados 0 · n_nac 17789 · genes vivos T - · aborto None (34.9 s; 680 s)
semillas por brazo: {'F1': 20, 'SEL_M': 20, 'AZA_M': 20, 'SEL_C': 20, 'AZA_C': 20}; persiste en T = 1000000: {'F1': 20, 'SEL_M': 20, 'AZA_M': 18, 'SEL_C': 20, 'AZA_C': 15}; abortos: []; t_corte distinto de 1: []; bloqueados: 0
CAPACIDAD K (media de cuerpos vivos en [T/2, T], extincion = 0), mediana sobre semillas: {'F1': 31.01, 'SEL_M': 34.74, 'AZA_M': 24.46, 'SEL_C': 39.23, 'AZA_C': 23.01}
V1 ancla F1 persiste >= 17/20: SE CUMPLE (20) · V2 frio limpio (0 refundados, 0 fundadores repuestos, los 5 brazos): SE CUMPLE []
V3 genetica declarada (mutables, 0 genes fuera de los mutables movidos, mutacion en >= 18/20; F1 sin mutacion): {'F1': (True, [], [], 0), 'SEL_M': (True, [], [], 20), 'AZA_M': (True, [], [], 20), 'SEL_C': (True, [], [], 20), 'AZA_C': (True, [], [], 20)}
[M] P1 firma del gen contra sus 8 sombras en t = 100000: rango medio (1..9, nula 5) <= 3.5 o >= 6.5 en algun gen de ['rep_umbral'] en SEL_M: SE CUMPLE ({'rep_umbral': 2.25}; salen [('rep_umbral', 2.25)]) · guardia: en AZA_M ningun gen sale: SE CUMPLE ({'rep_umbral': 4.4}) · descriptivo, prueba de ECO (fuera de las 8 sombras, +/-): SEL_M {'rep_umbral': (0, 8)} · AZA_M {'rep_umbral': (2, 2)}
[M] P2 SEL_M > F1 en K, pareado >= 15/20 y mediana de la diferencia >= +1.5: SE CUMPLE (20/20, mediana 3.6) · P3 SEL_M > AZA_M en K, pareado >= 15/20 (el mismo gen sin herencia): SE CUMPLE (20/20, mediana 9.61)
VEREDICTO M POR LA LETRA (una serie; el del bloque exige serie + replica con el mismo veredicto): FUNCIONA: LA SELECCION MUEVE EL MARGEN Y SUBE LA CAPACIDAD DEL LINAJE SOBRE F1; EL MISMO GEN SIN HERENCIA NO (en esta serie)
[C] P1 firma del gen contra sus 8 sombras en t = 100000: rango medio (1..9, nula 5) <= 3.5 o >= 6.5 en algun gen de ['alpha', 'aversion', 'tau_e'] en SEL_C: SE CUMPLE ({'alpha': 8.6, 'aversion': 5.35, 'tau_e': 1.6}; salen [('alpha', 8.6), ('tau_e', 1.6)]) · guardia: en AZA_C ningun gen sale: SE CUMPLE ({'alpha': 5.45, 'aversion': 5.4, 'tau_e': 4.45}) · descriptivo, prueba de ECO (fuera de las 8 sombras, +/-): SEL_C {'alpha': (15, 0), 'aversion': (2, 1), 'tau_e': (0, 12)} · AZA_C {'alpha': (3, 1), 'aversion': (2, 0), 'tau_e': (1, 2)}
[C] P2 SEL_C > F1 en K, pareado >= 15/20 y mediana de la diferencia >= +1.5: SE CUMPLE (20/20, mediana 8.32) · P3 SEL_C > AZA_C en K, pareado >= 15/20 (el mismo gen sin herencia): SE CUMPLE (20/20, mediana 16.33)
VEREDICTO C POR LA LETRA (una serie; el del bloque exige serie + replica con el mismo veredicto): FUNCIONA: LA SELECCION MUEVE EL CEREBRO Y SUBE LA CAPACIDAD DEL LINAJE SOBRE F1; EL MISMO GEN SIN HERENCIA NO (en esta serie)
descriptivo, genes en los vivos en T (mediana sobre semillas de la media por semilla): rep_umbral SEL_M 0.66 · AZA_M 1.0774; alpha SEL_C 2.0292 · AZA_C 1.6032; aversion SEL_C 0.7719 · AZA_C 1.0674
descriptivo, TERMO: semillas con la media de rep_umbral de los vivos en T dentro de (0.6, 0.9) (margen m = 1 - rep_umbral en [0.10, 0.40]): {'SEL_M': 13, 'AZA_M': 5}
descriptivo, NACIDOS en la segunda mitad (mediana): nacimientos {'F1': 9229.5, 'SEL_M': 14352.0, 'AZA_M': 5088.5, 'SEL_C': 8820.5, 'AZA_C': 7980.5}; vida media de los muertos {'F1': 1670.9, 'SEL_M': 1205.95, 'AZA_M': 2380.65, 'SEL_C': 2207.35, 'AZA_C': 1495.75}; fraccion de muertes por veneno + sal {'F1': 0.8182, 'SEL_M': 0.763, 'AZA_M': 0.8162, 'SEL_C': 0.0347, 'AZA_C': 0.6871}; R0 de nacidos {'F1': 1.0002, 'SEL_M': 1.0, 'AZA_M': 0.9986, 'SEL_C': 1.0013, 'AZA_C': 1.0011} (en el quimiostato ~1 por construccion: no informa)
[14:17:38] VEREDICTOS: {'M': 'FUNCIONA: LA SELECCION MUEVE EL MARGEN Y SUBE LA CAPACIDAD DEL LINAJE SOBRE F1; EL MISMO GEN SIN HERENCIA NO (en esta serie)', 'C': 'FUNCIONA: LA SELECCION MUEVE EL CEREBRO Y SUBE LA CAPACIDAD DEL LINAJE SOBRE F1; EL MISMO GEN SIN HERENCIA NO (en esta serie)'}
