CORRE_ECO_ING_A_CARRERA · explora · 20260928_182508 · python 3.14.2 · pool NO (un proceso) · corre_eco_ing_a_carrera.py 47d7ddff05787616 · carpeta C:\Users\User\Documents\PROYECTOS\JUACO\organelos\experimentos\organelos\eco_ing_a_carrera\datos\eic_explora_s39461-39470_T100000
  tareas 8 · brazos ['v143', 'ingv', 'azav', 'g0', 'ing', 'aza', 'selc', 'o1'] · semillas [39467] · T 100000 · fundador limpio 1 · reanuda False
  sha experimentos\organelos\frio_carrera\corre_frio_carrera.py 49de4dd28a8f3c3a OK
  sha experimentos\organelos\frio_carrera\carros\V143_RES0.py fab1d8068fe901a5 OK
  sha experimentos\organelos\frio_carrera\carros\V143_TEL.py f73f8ea41399bb79 OK
  sha experimentos\tronco_v14_3\corre_v143.py 24100621c450da22 OK
  sha experimentos\tronco_v14_3\carros_v143\V143.py 2a03048a7f1525e5 OK
  sha experimentos\carrera_escuderias\pista.py 9f47c65e438e0ff4 OK
  sha experimentos\carrera_escuderias\juez.py 6a68f640a7832f12 OK
  sha experimentos\carrera_escuderias\carros\O1.py 99436afa2715f028 OK
  sha experimentos\organelos\eco_a_carrera\construye_eco_a_carrera.py 403c747caaae1c1e OK
  sha experimentos\organelos\eco_a_carrera\extrae_genomas.py 1c8082d17d8e095f OK
  sha experimentos\organelos\eco_a_carrera\corre_eco_a_carrera.py 399a52ffcf3456f4 OK
  sha experimentos\organelos\eco_a_carrera\genomas_eco_sel.json 84b64bf54acff2b0 OK
  sha genomas_ing_serie.json 216a02a83318be8a OK
  genomas_ing_replica.json: sha no fijado (no se usa en este modo)
  carro EIC_G0 sha c7e2e5fac85cc2bc == construye: True · revisa_carro: PASA
  carro EIC_ING sha a21482cdd25e60f8 == construye: True · revisa_carro: PASA
  carro EIC_AZA sha 3ca2f066f2dd7c2f == construye: True · revisa_carro: PASA
  carro EIC_SELC sha 5727c900f492d176 == construye: True · revisa_carro: PASA
  carro EIC_G0V sha b56b173d5b437b78 == construye: True · revisa_carro: PASA
  carro EIC_INGV sha a4656eddb09a31e1 == construye: True · revisa_carro: PASA
  carro EIC_AZAV sha da85dcb0cc4f9bc9 == construye: True · revisa_carro: PASA
  IDENTIDAD CORTA: EIC_G0 con GENOMA None == V143_RES0 de frio_carrera (salida ENTERA, N 9, s 39561, T 2000): OK
  [  148.4s] v143 s39467 (142.6s) genoma None aborto None · R0 real por linaje [0.9667, 0.725, 0.299, 0.0539, 0.0534, 0.9474, 0.96, 0.0155, 0.9565] · fundadores [0, 10, 67, 350, 548, 0, 0, 826, 0]
  [  290.2s] ingv s39467 (141.8s) genoma serie:ING_SEL_C:46107 aborto None · R0 real por linaje [0.0439, 0.75, 0.0379, 0.0791, 0.4941, 0.7273, 0.1404, 0.0672, 0.8966] · fundadores [304, 9, 278, 255, 42, 8, 152, 249, 5]
  [  433.9s] azav s39467 (143.7s) genoma serie:ING_AZA_C:46107 aborto None · R0 real por linaje [0.4412, 0.0545, 0.4667, 0.0091, 0.9412, 0.1977, 0.8333, 0.0164, 0.75] · fundadores [18, 467, 15, 984, 0, 68, 1, 781, 2]
  [  574.2s] g0 s39467 (140.3s) genoma G0 aborto None · R0 real por linaje [0.96, 0.6944, 0.3966, 0.28, 0.6452, 0.9677, 0.9667, 0.0042, 0.2824] · fundadores [0, 10, 34, 71, 10, 0, 0, 1184, 93]
  [  718.0s] ing s39467 (143.9s) genoma serie:ING_SEL_C:46107 aborto None · R0 real por linaje [0.8636, 0.1056, 0.9333, 0.0314, 0.0505, 0.2443, 0.3409, 0.0679, 0.9714] · fundadores [5, 160, 2, 338, 281, 98, 57, 260, 0]
  [  864.4s] aza s39467 (146.4s) genoma serie:ING_AZA_C:46107 aborto None · R0 real por linaje [0.0645, 0.0233, 0.5, 0.7727, 0.641, 0.4098, 0.9091, 0.02, 0.8889] · fundadores [260, 797, 15, 4, 13, 35, 1, 734, 2]
  [ 1014.0s] selc s39467 (149.6s) genoma serie:SEL_C:45307 aborto None · R0 real por linaje [0.931, 0.0152, 0.8293, 0.8723, 0.0327, 0.9677, 0.1625, 0.3529, 0.0569] · fundadores [1, 388, 6, 5, 324, 0, 133, 32, 281]
  [ 1328.4s] o1 s39467 (314.5s) genoma None aborto None · R0 real por linaje [0.9, 0.875, 0.9412, 0.0, 0.9375, 0.8571, 0.9375, 0.9333, 0.3056] · fundadores [0, 0, 0, 478, 0, 0, 0, 0, 24]

  EXPLORA: 8 corridas escritas en C:\Users\User\Documents\PROYECTOS\JUACO\organelos\experimentos\organelos\eco_ing_a_carrera\datos\eic_explora_s39461-39470_T100000; se resume con --lee cuando terminen todos los procesos.
