CORRE_ECO_ING_A_CARRERA · explora · 20260928_182508 · python 3.14.2 · pool NO (un proceso) · corre_eco_ing_a_carrera.py 47d7ddff05787616 · carpeta C:\Users\User\Documents\PROYECTOS\JUACO\organelos\experimentos\organelos\eco_ing_a_carrera\datos\eic_explora_s39461-39470_T100000
  tareas 8 · brazos ['v143', 'ingv', 'azav', 'g0', 'ing', 'aza', 'selc', 'o1'] · semillas [39469] · T 100000 · fundador limpio 1 · reanuda False
  sha experimentos\organelos\frio_carrera\corre_frio_carrera.py 49de4dd28a8f3c3a OK
  sha experimentos\organelos\frio_carrera\carros\V143_RES0.py fab1d8068fe901a5 OK
  sha experimentos\organelos\frio_carrera\carros\V143_TEL.py f73f8ea41399bb79 OK
  sha experimentos\tronco_v14_3\corre_v143.py 24100621c450da22 OK
  sha experimentos\tronco_v14_3\carros_v143\V143.py 2a03048a7f1525e5 OK
  sha experimentos\carrera_escuderias\pista.py 9f47c65e438e0ff4 OK
  sha experimentos\carrera_escuderias\juez.py 6a68f640a7832f12 OK
  sha experimentos\carrera_escuderias\carros\O1.py 99436afa2715f028 OK
  sha experimentos\organelos\eco_a_carrera\construye_eco_a_carrera.py 403c747caaae1c1e OK
  sha experimentos\organelos\eco_a_carrera\extrae_genomas.py 1c8082d17d8e095f OK
  sha experimentos\organelos\eco_a_carrera\corre_eco_a_carrera.py 399a52ffcf3456f4 OK
  sha experimentos\organelos\eco_a_carrera\genomas_eco_sel.json 84b64bf54acff2b0 OK
  sha genomas_ing_serie.json 216a02a83318be8a OK
  genomas_ing_replica.json: sha no fijado (no se usa en este modo)
  carro EIC_G0 sha c7e2e5fac85cc2bc == construye: True · revisa_carro: PASA
  carro EIC_ING sha a21482cdd25e60f8 == construye: True · revisa_carro: PASA
  carro EIC_AZA sha 3ca2f066f2dd7c2f == construye: True · revisa_carro: PASA
  carro EIC_SELC sha 5727c900f492d176 == construye: True · revisa_carro: PASA
  carro EIC_G0V sha b56b173d5b437b78 == construye: True · revisa_carro: PASA
  carro EIC_INGV sha a4656eddb09a31e1 == construye: True · revisa_carro: PASA
  carro EIC_AZAV sha da85dcb0cc4f9bc9 == construye: True · revisa_carro: PASA
  IDENTIDAD CORTA: EIC_G0 con GENOMA None == V143_RES0 de frio_carrera (salida ENTERA, N 9, s 39561, T 2000): OK
  [  145.9s] v143 s39469 (139.8s) genoma None aborto None · R0 real por linaje [0.0929, 0.4, 0.5455, 0.0166, 0.0478, 0.9697, 0.7353, 0.8462, 0.9722] · fundadores [253, 41, 14, 946, 417, 0, 8, 5, 0]
  [  288.5s] ingv s39469 (142.6s) genoma serie:ING_SEL_C:46109 aborto None · R0 real por linaje [0.3398, 0.0548, 0.0648, 0.9667, 0.3689, 0.0614, 0.0959, 0.0401, 0.1078] · fundadores [67, 275, 230, 0, 64, 259, 197, 310, 148]
  [  435.5s] azav s39469 (147.0s) genoma serie:ING_AZA_C:46109 aborto None · R0 real por linaje [0.4259, 0.9783, 0.0339, 0.7627, 0.2519, 0.1029, 0.06, 0.9825, 0.8548] · fundadores [30, 0, 541, 13, 97, 339, 375, 0, 8]
  [  576.9s] g0 s39469 (141.4s) genoma G0 aborto None · R0 real por linaje [0.5946, 0.6486, 0.5455, 0.7895, 0.032, 0.1852, 0.0214, 0.8065, 0.9667] · fundadores [14, 12, 24, 7, 694, 131, 732, 5, 0]
  [  720.7s] ing s39469 (143.8s) genoma serie:ING_SEL_C:46109 aborto None · R0 real por linaje [0.1127, 0.8286, 0.0723, 0.2013, 0.2857, 0.1077, 0.2348, 0.0286, 0.0703] · fundadores [188, 5, 217, 126, 79, 173, 100, 305, 237]
  [  868.5s] aza s39469 (147.8s) genoma serie:ING_AZA_C:46109 aborto None · R0 real por linaje [0.0402, 0.0593, 0.8286, 0.2749, 0.3779, 0.98, 0.4359, 0.9677, 0.2114] · fundadores [500, 316, 11, 123, 106, 0, 65, 0, 193]
  [ 1020.2s] selc s39469 (151.7s) genoma serie:SEL_C:45309 aborto None · R0 real por linaje [0.0777, 0.6087, 0.5385, 0.0044, 0.0022, 0.0047, 0.6364, 0.7407, 0.0047] · fundadores [177, 8, 17, 455, 451, 422, 7, 6, 426]
  [ 1340.6s] o1 s39469 (320.3s) genoma None aborto None · R0 real por linaje [0.9545, 0.9545, 0.9545, 0.9167, 0.9583, 0.9286, 0.96, 0.0749, 0.9] · fundadores [0, 0, 0, 0, 0, 0, 0, 172, 0]

  EXPLORA: 8 corridas escritas en C:\Users\User\Documents\PROYECTOS\JUACO\organelos\experimentos\organelos\eco_ing_a_carrera\datos\eic_explora_s39461-39470_T100000; se resume con --lee cuando terminen todos los procesos.
