CORRE_ECO_ING_A_CARRERA · explora · 20260928_184734 · python 3.14.2 · pool NO (un proceso) · corre_eco_ing_a_carrera.py 47d7ddff05787616 · carpeta C:\Users\User\Documents\PROYECTOS\JUACO\organelos\experimentos\organelos\eco_ing_a_carrera\datos\eic_explora_s39461-39470_T100000
  tareas 5 · brazos ['v143', 'ingv', 'azav', 'g0', 'ing'] · semillas [39470] · T 100000 · fundador limpio 1 · reanuda False
  sha experimentos\organelos\frio_carrera\corre_frio_carrera.py 49de4dd28a8f3c3a OK
  sha experimentos\organelos\frio_carrera\carros\V143_RES0.py fab1d8068fe901a5 OK
  sha experimentos\organelos\frio_carrera\carros\V143_TEL.py f73f8ea41399bb79 OK
  sha experimentos\tronco_v14_3\corre_v143.py 24100621c450da22 OK
  sha experimentos\tronco_v14_3\carros_v143\V143.py 2a03048a7f1525e5 OK
  sha experimentos\carrera_escuderias\pista.py 9f47c65e438e0ff4 OK
  sha experimentos\carrera_escuderias\juez.py 6a68f640a7832f12 OK
  sha experimentos\carrera_escuderias\carros\O1.py 99436afa2715f028 OK
  sha experimentos\organelos\eco_a_carrera\construye_eco_a_carrera.py 403c747caaae1c1e OK
  sha experimentos\organelos\eco_a_carrera\extrae_genomas.py 1c8082d17d8e095f OK
  sha experimentos\organelos\eco_a_carrera\corre_eco_a_carrera.py 399a52ffcf3456f4 OK
  sha experimentos\organelos\eco_a_carrera\genomas_eco_sel.json 84b64bf54acff2b0 OK
  sha genomas_ing_serie.json 216a02a83318be8a OK
  genomas_ing_replica.json: sha no fijado (no se usa en este modo)
  carro EIC_G0 sha c7e2e5fac85cc2bc == construye: True · revisa_carro: PASA
  carro EIC_ING sha a21482cdd25e60f8 == construye: True · revisa_carro: PASA
  carro EIC_AZA sha 3ca2f066f2dd7c2f == construye: True · revisa_carro: PASA
  carro EIC_SELC sha 5727c900f492d176 == construye: True · revisa_carro: PASA
  carro EIC_G0V sha b56b173d5b437b78 == construye: True · revisa_carro: PASA
  carro EIC_INGV sha a4656eddb09a31e1 == construye: True · revisa_carro: PASA
  carro EIC_AZAV sha da85dcb0cc4f9bc9 == construye: True · revisa_carro: PASA
  IDENTIDAD CORTA: EIC_G0 con GENOMA None == V143_RES0 de frio_carrera (salida ENTERA, N 9, s 39561, T 2000): OK
  [  187.3s] v143 s39470 (180.3s) genoma None aborto None · R0 real por linaje [0.0074, 0.3699, 0.0293, 0.9545, 0.7778, 0.7826, 0.3793, 0.931, 0.1518] · fundadores [932, 45, 729, 0, 5, 4, 35, 1, 94]
  [  376.7s] ingv s39470 (189.4s) genoma serie:ING_SEL_C:46110 aborto None · R0 real por linaje [0.133, 0.1345, 0.1724, 0.6479, 0.2941, 0.093, 0.2593, 0.9722, 0.4766] · fundadores [188, 205, 167, 24, 107, 233, 99, 0, 55]
  [  561.1s] azav s39470 (184.4s) genoma serie:ING_AZA_C:46110 aborto None · R0 real por linaje [0.0927, 0.1368, 0.4141, 0.2923, 0.1485, 0.07, 0.1278, 0.0842, 0.0968] · fundadores [224, 182, 57, 91, 171, 238, 156, 249, 223]
  [  735.2s] g0 s39470 (174.1s) genoma G0 aborto None · R0 real por linaje [0.0177, 0.6552, 0.975, 0.9615, 0.8537, 0.8438, 0.4194, 0.9167, 0.0836] · fundadores [996, 19, 0, 0, 5, 4, 35, 1, 284]
  [  905.5s] ing s39470 (170.2s) genoma serie:ING_SEL_C:46110 aborto None · R0 real por linaje [0.5541, 0.0556, 0.3614, 0.1628, 0.9688, 0.4194, 0.1658, 0.9714, 0.0995] · fundadores [32, 322, 52, 143, 0, 35, 165, 0, 198]

  EXPLORA: 5 corridas escritas en C:\Users\User\Documents\PROYECTOS\JUACO\organelos\experimentos\organelos\eco_ing_a_carrera\datos\eic_explora_s39461-39470_T100000; se resume con --lee cuando terminen todos los procesos.
