CORRE_APRENDE · aprende_humo_apr_s8002-8002_T30000_20260922_162732 · python 3.14.2 · pool NO (un proceso)
  pista.py fb0ba16ada56eabc · juez.py 9621e095000aaa1a · corre_aprende.py d6ab24cb43677fec · carros {'APR': '38672cabb1496d83', 'FABRICA': '2ebee3e99ea5a33a'}
  series ['apr'] · semillas 8002-8002 · T 30000 · APR_AZAR.P_AZAR = None
  CHEQUEO ESTATICO APR: PASA
  CHEQUEO ESTATICO FABRICA: PASA
  IDENTIDAD CORTA del juez (FABRICA == organismo_f9c REL, s 1, T 5000): OK
  IDENTIDAD CORTA APR: OPCION 0 == FABRICA (N 9, s 8001, T 2000): OK
  ENTRADA campo a campo (regla 14): corre_aprende.tarea == juez.tarea (9 FABRICA, s 8001, T 2000): OK
  [   50.5s] apr semilla 8002 (40.0s) R0 pista 0.3465 · R0 por linaje [0.377, 0.4032, 0.451, 0.3542, 0.3966, 0.2676, 0.44, 0.2727, 0.2188]
  CRUDO C:\Users\User\Documents\PROYECTOS\JUACO\aprende\experimentos\aprende_barrer\datos\aprende_humo_apr_s8002-8002_T30000_20260922_162732_apr.json (sha b670dda143c3c82e) · escrituras en la pizarra 0

== SERIE apr (APR x9) · 1 semillas 8002-8002 · T 30000
  R0 por linaje-semilla: mediana 0.377 · R0 de la pista (mediana por semilla) 0.3465 · vida mediana 200.0
  ENMIENDA 3: (i) mediana R0 evaluables 0.377 · (ii) sin fundadores tras 10000 0.0 · (iii) evaluables 9/9 · casi inmortales 0 · linajes que cruzan 0 -> NO CRUZA
  causas de muerte hambre/sed/veneno/sal 0/0/212/310 (0%/0%/41%/59%)
  fraccion de pasos SIN ningun objeto bueno en el mundo: mediana 0.0103 (por semilla [0.0103])
  limpieza FISICA (juez: B/D a sabiendas con el golpe en la necesidad mas llena): por cuerpo 4.2188 · por linaje-semilla 246.0 · mordidas B+D por linaje-semilla 269.0
  contabilidad coherente 9/9 · t_fund reconstruible 9/9
  OPCION (telemetria del carro, no puntua): oportunidades 23736 · mordidas 2492 · tasa 0.105 · por cuarto de T [0.1214, 0.1132, 0.0945, 0.0926] · ULTIMO CUARTO 0.0926 (-> P_AZAR de APR_AZAR si serie apr)
    tasa por EDAD del cuerpo (cortes [50, 100, 200, 400, 800, 1600]): [0.2205, 0.262, 0.2035, 0.0683, 0.0577, 0.0606, 0.0437]
    tasa por INDICE DEL CUERPO en el linaje (cortes [1, 5, 20, 50, 100, 200, 400]): [0.1778, 0.1049, 0.1203, 0.0989, 0.0986, None, None, None] (oportunidades [270, 1487, 5396, 12921, 3662, 0, 0, 0])
    CUANDO: tasa con algun bueno en el mundo 0.1091 vs SIN ningun bueno 0.0679 (oportunidades [21393, 2343])
    por min(E,Ag) predicho tras morder (cortes [0.0, 0.3, 0.6, 1.0]): con bueno [0.1578, 0.2352, 0.2214, 0.0355, 0.0067] · sin bueno [0.1404, 0.1682, 0.137, 0.0225, 0.0041]
    DESVIO respecto de la boca de FABRICA (por oportunidad): ANADIDAS (limpia donde FABRICA no) por cuarto [0.0019, 0.0012, 0.0005, 0.0002] · QUITADAS (se contiene donde FABRICA morderia) por cuarto [0.06, 0.0529, 0.0573, 0.0521]
      anadidas con bueno / SIN bueno [0.001, 0.0] · quitadas con / sin [0.055, 0.0606] · anadidas por edad [0.0, 0.0006, 0.0017, 0.0013, 0.0012, 0.0008, 0.0005] · por indice del cuerpo [0.0111, 0.002, 0.0013, 0.0007, 0.0, None, None, None]
    FABRICA habria mordido 0.1596 de esas oportunidades · p media 0.1045 · |delta TD| medio 0.0534
    Q final (mediana por linaje-semilla; rasgos [1, u, u_tras, sin_bueno, dist]): no morder [-0.6819, -0.2549, 0.0389, 0.0491, -0.1877, 0.2458] · morder [-0.8566, -0.3596, 0.1823, 0.0259, -0.1969, -0.0368]
    correccion final al logit de la boca de FABRICA, BETA*(Q1-Q0) (mediana; > 0 = limpia mas): {'g0=0 post=-0.2': -2.09, 'g0=0 post=0.1': -2.195, 'g0=0 post=0.4': -1.856, 'g0=0 post=0.8': -1.565, 'g0=0 post=1.2': -1.165, 'g0=1 post=-0.2': -2.204, 'g0=1 post=0.1': -2.047, 'g0=1 post=0.4': -2.053, 'g0=1 post=0.8': -2.203, 'g0=1 post=1.2': -1.579}
  PREDICCION FIRMADA: APR NO cruza por la ENMIENDA 3 (p 0.93); mediana del R0 de los linajes-semilla 0.30-0.60 -> medido NO CRUZA, mediana 0.377 -> SE CUMPLE

  RESUMEN C:\Users\User\Documents\PROYECTOS\JUACO\aprende\experimentos\aprende_barrer\datos\aprende_humo_apr_s8002-8002_T30000_20260922_162732_resumen.json
Terminado en 50.5s
