[13:44:34] lanza w9 T30000 ['SIN', 'ENSENA', 'ENSENA_F0', 'VIDA', 'CADAVER', 'BOLSA', 'BOLSA_TODOS', 'NICHO', 'NICHO_AZAR', 'ENSENA+CADAVER', 'ENSENA+CADAVER+BOLSA', 'ENSENA_F0+CADAVER', 'VIDA+ENSENA', 'ENSENA+NICHO', 'ENSENA+BOLSA', 'ENSENA+VIDA+CADAVER'] s34001-34005: 80 corridas
[13:44:36] fin SIN s34001 rc 0 (2 s)
[13:44:36] fin VIDA s34001 rc 0 (2 s)
[13:44:36] fin CADAVER s34001 rc 0 (2 s)
[13:44:36] fin BOLSA s34001 rc 0 (2 s)
[13:44:38] fin ENSENA s34001 rc 0 (4 s)
[13:44:38] fin BOLSA_TODOS s34001 rc 0 (4 s)
[13:44:38] fin NICHO s34001 rc 0 (4 s)
[13:44:38] fin NICHO_AZAR s34001 rc 0 (4 s)
[13:44:38] fin ENSENA+CADAVER s34001 rc 0 (4 s)
[13:44:40] fin ENSENA+CADAVER+BOLSA s34001 rc 0 (6 s)
[13:44:40] fin ENSENA+NICHO s34001 rc 0 (6 s)
[13:44:40] fin ENSENA+BOLSA s34001 rc 0 (6 s)
[13:44:42] fin VIDA+ENSENA s34001 rc 0 (8 s)
[13:44:42] fin ENSENA+VIDA+CADAVER s34001 rc 0 (8 s)
[13:44:42] fin SIN s34002 rc 0 (8 s)
[13:44:44] fin ENSENA_F0 s34001 rc 0 (10 s)
[13:44:44] fin ENSENA s34002 rc 0 (10 s)
[13:44:44] fin VIDA s34002 rc 0 (10 s)
[13:44:44] fin CADAVER s34002 rc 0 (10 s)
[13:44:46] fin BOLSA s34002 rc 0 (12 s)
[13:44:46] fin BOLSA_TODOS s34002 rc 0 (12 s)
[13:44:46] fin NICHO s34002 rc 0 (12 s)
[13:44:46] fin NICHO_AZAR s34002 rc 0 (12 s)
[13:44:48] fin ENSENA+CADAVER s34002 rc 0 (14 s)
[13:44:48] fin VIDA+ENSENA s34002 rc 0 (14 s)
[13:44:50] fin ENSENA_F0+CADAVER s34001 rc 0 (16 s)
[13:44:50] fin ENSENA_F0+CADAVER s34002 rc 0 (16 s)
[13:44:50] fin ENSENA+NICHO s34002 rc 0 (16 s)
[13:44:55] fin ENSENA_F0 s34002 rc 0 (21 s)
[13:44:55] fin ENSENA+CADAVER+BOLSA s34002 rc 0 (21 s)
[13:44:55] fin ENSENA+VIDA+CADAVER s34002 rc 0 (21 s)
[13:44:55] fin SIN s34003 rc 0 (21 s)
[13:44:55] fin ENSENA s34003 rc 0 (21 s)
[13:44:57] fin ENSENA+BOLSA s34002 rc 0 (23 s)
[13:44:57] fin VIDA s34003 rc 0 (23 s)
[13:44:57] fin CADAVER s34003 rc 0 (23 s)
[13:44:57] fin BOLSA s34003 rc 0 (23 s)
[13:44:57] fin BOLSA_TODOS s34003 rc 0 (23 s)
[13:44:59] fin NICHO s34003 rc 0 (25 s)
[13:44:59] fin NICHO_AZAR s34003 rc 0 (25 s)
[13:44:59] fin ENSENA+CADAVER+BOLSA s34003 rc 0 (25 s)
[13:45:01] fin ENSENA_F0 s34003 rc 0 (27 s)
[13:45:01] fin ENSENA+CADAVER s34003 rc 0 (27 s)
[13:45:01] fin VIDA+ENSENA s34003 rc 0 (27 s)
[13:45:01] fin ENSENA+NICHO s34003 rc 0 (27 s)
[13:45:01] fin ENSENA+BOLSA s34003 rc 0 (27 s)
[13:45:03] fin SIN s34004 rc 0 (29 s)
[13:45:03] fin ENSENA s34004 rc 0 (29 s)
[13:45:03] fin VIDA s34004 rc 0 (29 s)
[13:45:05] fin ENSENA+VIDA+CADAVER s34003 rc 0 (31 s)
[13:45:05] fin ENSENA_F0 s34004 rc 0 (31 s)
[13:45:05] fin CADAVER s34004 rc 0 (31 s)
[13:45:05] fin BOLSA s34004 rc 0 (31 s)
[13:45:05] fin BOLSA_TODOS s34004 rc 0 (31 s)
[13:45:07] fin NICHO s34004 rc 0 (33 s)
[13:45:07] fin NICHO_AZAR s34004 rc 0 (33 s)
[13:45:07] fin ENSENA+CADAVER s34004 rc 0 (33 s)
[13:45:07] fin ENSENA+CADAVER+BOLSA s34004 rc 0 (33 s)
[13:45:07] fin ENSENA_F0+CADAVER s34004 rc 0 (33 s)
[13:45:09] fin ENSENA_F0+CADAVER s34003 rc 0 (35 s)
[13:45:09] fin VIDA+ENSENA s34004 rc 0 (35 s)
[13:45:09] fin ENSENA+NICHO s34004 rc 0 (35 s)
[13:45:09] fin ENSENA+BOLSA s34004 rc 0 (35 s)
[13:45:09] fin ENSENA+VIDA+CADAVER s34004 rc 0 (35 s)
[13:45:09] fin SIN s34005 rc 0 (35 s)
[13:45:11] fin ENSENA s34005 rc 0 (37 s)
[13:45:11] fin VIDA s34005 rc 0 (37 s)
[13:45:11] fin CADAVER s34005 rc 0 (37 s)
[13:45:11] fin BOLSA s34005 rc 0 (37 s)
[13:45:11] fin BOLSA_TODOS s34005 rc 0 (37 s)
[13:45:13] fin NICHO_AZAR s34005 rc 0 (39 s)
[13:45:13] fin ENSENA+CADAVER s34005 rc 0 (39 s)
[13:45:15] fin ENSENA_F0 s34005 rc 0 (41 s)
[13:45:15] fin NICHO s34005 rc 0 (41 s)
[13:45:15] fin VIDA+ENSENA s34005 rc 0 (41 s)
[13:45:17] fin ENSENA+CADAVER+BOLSA s34005 rc 0 (43 s)
[13:45:17] fin ENSENA+NICHO s34005 rc 0 (43 s)
[13:45:17] fin ENSENA+BOLSA s34005 rc 0 (43 s)
[13:45:17] fin ENSENA+VIDA+CADAVER s34005 rc 0 (43 s)
[13:45:23] fin ENSENA_F0+CADAVER s34005 rc 0 (49 s)
[13:45:23] LISTO (49 s)
[13:48:12] lanza w9 T30000 ['COMPOST', 'BORRA', 'ENSENA+COMPOST', 'ENSENA_F0+COMPOST', 'ENSENA_F0+BORRA', 'ENSENA_F0+CADAVER+COMPOST', 'CADAVER+COMPOST'] s34001-34005: 35 corridas
[13:48:16] fin BORRA s34001 rc 0 (4 s)
[13:48:22] fin COMPOST s34001 rc 0 (10 s)
[13:48:26] fin CADAVER+COMPOST s34001 rc 0 (14 s)
[13:48:28] fin ENSENA+COMPOST s34001 rc 0 (16 s)
[13:48:28] fin BORRA s34002 rc 0 (16 s)
[13:48:30] fin COMPOST s34002 rc 0 (18 s)
[13:48:44] fin ENSENA_F0+BORRA s34001 rc 0 (32 s)
[13:48:54] fin ENSENA+COMPOST s34002 rc 0 (42 s)
[13:48:58] fin CADAVER+COMPOST s34002 rc 0 (46 s)
[13:49:00] fin ENSENA_F0+COMPOST s34001 rc 0 (48 s)
[13:49:02] fin ENSENA_F0+CADAVER+COMPOST s34001 rc 0 (50 s)
[13:49:02] fin ENSENA_F0+BORRA s34002 rc 0 (50 s)
[13:49:06] fin BORRA s34003 rc 0 (54 s)
[13:49:08] fin COMPOST s34003 rc 0 (56 s)
[13:49:18] fin ENSENA_F0+COMPOST s34002 rc 0 (66 s)
[13:49:22] fin ENSENA+COMPOST s34003 rc 0 (70 s)
[13:49:22] fin CADAVER+COMPOST s34003 rc 0 (70 s)
[13:49:24] fin BORRA s34004 rc 0 (72 s)
[13:49:26] fin COMPOST s34004 rc 0 (74 s)
[13:49:36] fin ENSENA_F0+CADAVER+COMPOST s34002 rc 0 (84 s)
[13:49:40] fin ENSENA_F0+BORRA s34003 rc 0 (88 s)
[13:49:44] fin ENSENA+COMPOST s34004 rc 0 (92 s)
[13:49:48] fin ENSENA_F0+COMPOST s34003 rc 0 (96 s)
[13:49:50] fin CADAVER+COMPOST s34004 rc 0 (98 s)
[13:49:52] fin COMPOST s34005 rc 0 (100 s)
[13:49:54] fin BORRA s34005 rc 0 (102 s)
[13:50:02] fin ENSENA_F0+CADAVER+COMPOST s34003 rc 0 (110 s)
[13:50:10] fin ENSENA_F0+BORRA s34004 rc 0 (118 s)
[13:50:10] fin ENSENA+COMPOST s34005 rc 0 (118 s)
[13:50:14] fin ENSENA_F0+COMPOST s34004 rc 0 (122 s)
[13:50:14] fin CADAVER+COMPOST s34005 rc 0 (122 s)
[13:50:32] fin ENSENA_F0+CADAVER+COMPOST s34004 rc 0 (140 s)
[13:50:36] fin ENSENA_F0+BORRA s34005 rc 0 (144 s)
[13:50:42] fin ENSENA_F0+COMPOST s34005 rc 0 (150 s)
[13:50:54] fin ENSENA_F0+CADAVER+COMPOST s34005 rc 0 (162 s)
[13:50:54] LISTO (162 s)
[13:51:49] lanza w9 T30000 ['FLUJO2', 'ENSENA_F0+FLUJO2'] s34001-34005: 10 corridas
[13:51:51] fin FLUJO2 s34001 rc 0 (2 s)
[13:51:51] fin FLUJO2 s34002 rc 0 (2 s)
[13:51:51] fin FLUJO2 s34003 rc 0 (2 s)
[13:51:53] fin FLUJO2 s34004 rc 0 (4 s)
[13:51:53] fin FLUJO2 s34005 rc 0 (4 s)
[13:51:55] fin ENSENA_F0+FLUJO2 s34005 rc 0 (6 s)
[13:51:59] fin ENSENA_F0+FLUJO2 s34001 rc 0 (10 s)
[13:51:59] fin ENSENA_F0+FLUJO2 s34002 rc 0 (10 s)
[13:52:01] fin ENSENA_F0+FLUJO2 s34003 rc 0 (12 s)
[13:52:01] fin ENSENA_F0+FLUJO2 s34004 rc 0 (12 s)
[13:52:01] LISTO (12 s)
