LANZA 15:57:19 · 35 corridas · max 4 · T 100000
  [     0s] lanzo v143 s38001 (vivos 1, en cola 34)
  [     0s] lanzo piz s38001 (vivos 2, en cola 33)
  [     0s] lanzo o1 s38001 (vivos 3, en cola 32)
  [     0s] lanzo piz_bar s38001 (vivos 4, en cola 31)
  [   145s] lanzo piz_fund s38001 (vivos 4, en cola 30)
  [   175s] lanzo imita s38001 (vivos 4, en cola 29)
  [   185s] lanzo espera s38001 (vivos 4, en cola 28)
  [   280s] lanzo v143 s38002 (vivos 4, en cola 27)
  [   300s] lanzo piz s38002 (vivos 4, en cola 26)
  [   345s] lanzo o1 s38002 (vivos 4, en cola 25)
  [   461s] lanzo piz_bar s38002 (vivos 4, en cola 24)
  [   557s] lanzo piz_fund s38002 (vivos 4, en cola 23)
  [   562s] lanzo imita s38002 (vivos 4, en cola 22)
  [   753s] lanzo espera s38002 (vivos 4, en cola 21)
  [   783s] lanzo v143 s38003 (vivos 4, en cola 20)
  [   788s] lanzo piz s38003 (vivos 4, en cola 19)
  [   953s] lanzo o1 s38003 (vivos 4, en cola 18)
  [   984s] lanzo piz_bar s38003 (vivos 3, en cola 17)
  [   984s] lanzo piz_fund s38003 (vivos 4, en cola 16)
  [  1039s] lanzo imita s38003 (vivos 4, en cola 15)
  [  1210s] lanzo espera s38003 (vivos 4, en cola 14)
  [  1245s] lanzo v143 s38004 (vivos 4, en cola 13)
  [  1371s] lanzo piz s38004 (vivos 4, en cola 12)
  [  1416s] lanzo o1 s38004 (vivos 4, en cola 11)
  [  1451s] lanzo piz_bar s38004 (vivos 3, en cola 10)
  [  1451s] lanzo piz_fund s38004 (vivos 4, en cola 9)
  [  1622s] lanzo imita s38004 (vivos 4, en cola 8)
  [  1657s] lanzo espera s38004 (vivos 4, en cola 7)
  [  1687s] lanzo v143 s38005 (vivos 4, en cola 6)
  [  1817s] lanzo piz s38005 (vivos 4, en cola 5)
  [  1837s] lanzo o1 s38005 (vivos 4, en cola 4)
  [  1888s] lanzo piz_bar s38005 (vivos 4, en cola 3)
  [  2028s] lanzo piz_fund s38005 (vivos 4, en cola 2)
  [  2088s] lanzo imita s38005 (vivos 4, en cola 1)
  [  2133s] lanzo espera s38005 (vivos 4, en cola 0)
FIN 16:38:03 en 2444s
LANZA 16:38:49 · 20 corridas · max 4 · T 100000
  [     0s] lanzo piz_ads_barre s38001 (vivos 1, en cola 19)
  [     0s] lanzo piz_ads s38001 (vivos 2, en cola 18)
  [     0s] lanzo piz_barre s38001 (vivos 3, en cola 17)
  [     0s] lanzo barre s38001 (vivos 4, en cola 16)
  [   180s] lanzo piz_ads_barre s38002 (vivos 4, en cola 15)
  [   235s] lanzo piz_ads s38002 (vivos 4, en cola 14)
  [   245s] lanzo piz_barre s38002 (vivos 3, en cola 13)
  [   245s] lanzo barre s38002 (vivos 4, en cola 12)
  [   440s] lanzo piz_ads_barre s38003 (vivos 4, en cola 11)
  [   450s] lanzo piz_ads s38003 (vivos 4, en cola 10)
  [   465s] lanzo piz_barre s38003 (vivos 4, en cola 9)
  [   510s] lanzo barre s38003 (vivos 4, en cola 8)
  [   722s] lanzo piz_ads_barre s38004 (vivos 4, en cola 7)
  [   753s] lanzo piz_ads s38004 (vivos 4, en cola 6)
  [   773s] lanzo piz_barre s38004 (vivos 4, en cola 5)
  [   819s] lanzo barre s38004 (vivos 4, en cola 4)
  [  1055s] lanzo piz_ads_barre s38005 (vivos 3, en cola 3)
  [  1055s] lanzo piz_ads s38005 (vivos 4, en cola 2)
  [  1075s] lanzo piz_barre s38005 (vivos 4, en cola 1)
  [  1090s] lanzo barre s38005 (vivos 4, en cola 0)
FIN 17:02:00 en 1391s
LANZA 17:03:14 · 10 corridas · max 4 · T 100000
  [     0s] lanzo barre s38001 (vivos 1, en cola 9)
  [     0s] lanzo piz_ads_barre s38003 (vivos 2, en cola 8)
  [     0s] lanzo piz_barre s38003 (vivos 3, en cola 7)
  [     0s] lanzo barre s38003 (vivos 4, en cola 6)
  [   226s] lanzo piz_ads_barre s38004 (vivos 3, en cola 5)
  [   226s] lanzo piz_barre s38004 (vivos 4, en cola 4)
  [   291s] lanzo barre s38004 (vivos 4, en cola 3)
  [   301s] lanzo piz_ads_barre s38005 (vivos 4, en cola 2)
  [   511s] lanzo piz_barre s38005 (vivos 4, en cola 1)
  [   516s] lanzo barre s38005 (vivos 4, en cola 0)
