CORRE_TERMO · termo_s39101-39120_T100000 · 20260928_092323 · python 3.14.2 · pool 6 · corre_termo.py 66f1f2539f1030ef · preregistro PREREGISTRO_termo.md · carpeta C:\Users\User\Documents\PROYECTOS\JUACO\organelos\experimentos\organelos\termo\datos\termo_s39101-39120_T100000_20260928_092323
  tareas 80 · brazos ['v143', 'termo', 'termoinv', 'o1'] · semillas 39101-39120 · T 100000 · fundador limpio 1 · reanuda False
  sha experimentos\tronco_v14_3\corre_v143.py 24100621c450da22 OK
  sha experimentos\tronco_v14_3\carros_v143\V143.py 2a03048a7f1525e5 OK
  sha experimentos\carrera_escuderias\pista.py 9f47c65e438e0ff4 OK
  sha experimentos\carrera_escuderias\juez.py 6a68f640a7832f12 OK
  sha experimentos\carrera_escuderias\carros\O1.py 99436afa2715f028 OK
  sha experimentos\carrera_escuderias\revisa_carro.py 1c8a789f7427ab96 OK
  sha experimentos\organelos\termo\construye_termo.py 23f57933c51c64e8 OK
  sha experimentos\organelos\termo\carros\V143_TERMO.py 3db639cab75641fb OK
  sha experimentos\organelos\termo\carros\V143_TERMOINV.py da106a995b18bafd OK
  carro V143_TERMO sha 3db639cab75641fb == construye: True · revisa_carro: PASA
  carro V143_TERMOINV sha da106a995b18bafd == construye: True · revisa_carro: PASA
  IDENTIDAD CORTA: V143_TERMO con TERMO = 0 == V143 (salida ENTERA, N 9, s 39913, T 2000, fundador limpio): OK
  IDENTIDAD CORTA: V143_TERMOINV con TERMO = 0 == V143 (salida ENTERA, N 9, s 39913, T 2000, fundador limpio): OK
  [  155.6s] v143 s39103 (149.4s) R0 pista 0.2554 aborto None
  [  155.7s] v143 s39102 (149.6s) R0 pista 0.2629 aborto None
  [  156.0s] v143 s39106 (149.5s) R0 pista 0.246 aborto None
  [  156.1s] v143 s39101 (149.9s) R0 pista 0.2647 aborto None
  [  156.2s] v143 s39104 (149.9s) R0 pista 0.274 aborto None
  [  156.4s] v143 s39105 (150.0s) R0 pista 0.2581 aborto None
  [  305.9s] v143 s39107 (150.4s) R0 pista 0.2909 aborto None
  [  306.1s] v143 s39109 (150.0s) R0 pista 0.2751 aborto None
  [  306.7s] v143 s39108 (151.0s) R0 pista 0.2691 aborto None
  [  307.0s] v143 s39110 (150.9s) R0 pista 0.2662 aborto None
  [  307.3s] v143 s39112 (150.9s) R0 pista 0.2956 aborto None
  [  307.4s] v143 s39111 (151.2s) R0 pista 0.2839 aborto None
  [  456.5s] v143 s39113 (150.6s) R0 pista 0.2572 aborto None
  [  457.4s] v143 s39114 (151.3s) R0 pista 0.2699 aborto None
  [  458.0s] v143 s39115 (151.3s) R0 pista 0.2593 aborto None
  [  459.1s] v143 s39116 (152.0s) R0 pista 0.2569 aborto None
  [  460.0s] v143 s39118 (152.6s) R0 pista 0.2564 aborto None
  [  460.0s] v143 s39117 (152.8s) R0 pista 0.2528 aborto None
  [  612.4s] termo s39101 (154.4s) R0 pista 0.4048 aborto None
  [  612.4s] v143 s39119 (155.9s) R0 pista 0.2797 aborto None
  [  613.5s] termo s39102 (154.4s) R0 pista 0.4098 aborto None
  [  614.0s] v143 s39120 (156.6s) R0 pista 0.2562 aborto None
  [  614.9s] termo s39103 (154.9s) R0 pista 0.4209 aborto None
  [  615.1s] termo s39104 (155.1s) R0 pista 0.4008 aborto None
  [  766.8s] termo s39105 (154.4s) R0 pista 0.382 aborto None
  [  767.4s] termo s39106 (154.9s) R0 pista 0.3688 aborto None
  [  768.2s] termo s39108 (154.2s) R0 pista 0.3981 aborto None
  [  769.1s] termo s39107 (155.6s) R0 pista 0.3986 aborto None
  [  770.1s] termo s39109 (155.1s) R0 pista 0.4172 aborto None
  [  770.8s] termo s39110 (155.7s) R0 pista 0.3913 aborto None
  [  920.7s] termo s39111 (153.9s) R0 pista 0.3608 aborto None
  [  921.9s] termo s39112 (154.6s) R0 pista 0.3948 aborto None
  [  922.5s] termo s39113 (154.3s) R0 pista 0.3733 aborto None
  [  924.2s] termo s39114 (155.2s) R0 pista 0.3635 aborto None
  [  924.4s] termo s39115 (154.3s) R0 pista 0.3866 aborto None
  [  926.3s] termo s39116 (155.5s) R0 pista 0.3669 aborto None
  [ 1071.6s] termo s39117 (150.8s) R0 pista 0.4003 aborto None
  [ 1073.7s] termo s39118 (151.7s) R0 pista 0.416 aborto None
  [ 1073.7s] termo s39119 (151.2s) R0 pista 0.3879 aborto None
  [ 1076.5s] termo s39120 (152.2s) R0 pista 0.3815 aborto None
  [ 1079.4s] termoinv s39101 (155.0s) R0 pista 0.1178 aborto None
  [ 1081.1s] termoinv s39102 (154.8s) R0 pista 0.124 aborto None
  [ 1226.9s] termoinv s39103 (155.3s) R0 pista 0.1423 aborto None
  [ 1229.9s] termoinv s39104 (156.2s) R0 pista 0.1282 aborto None
  [ 1230.1s] termoinv s39105 (156.3s) R0 pista 0.1112 aborto None
  [ 1233.0s] termoinv s39106 (156.5s) R0 pista 0.1129 aborto None
  [ 1235.9s] termoinv s39107 (156.4s) R0 pista 0.1142 aborto None
  [ 1238.4s] termoinv s39108 (157.3s) R0 pista 0.1222 aborto None
  [ 1380.7s] termoinv s39109 (153.8s) R0 pista 0.1242 aborto None
  [ 1384.0s] termoinv s39111 (153.9s) R0 pista 0.1194 aborto None
  [ 1385.5s] termoinv s39110 (155.6s) R0 pista 0.1254 aborto None
  [ 1387.5s] termoinv s39112 (154.4s) R0 pista 0.1269 aborto None
  [ 1390.0s] termoinv s39113 (154.1s) R0 pista 0.1303 aborto None
  [ 1394.1s] termoinv s39114 (155.7s) R0 pista 0.1207 aborto None
  [ 1532.7s] termoinv s39115 (152.0s) R0 pista 0.1286 aborto None
  [ 1537.1s] termoinv s39116 (153.1s) R0 pista 0.1137 aborto None
  [ 1538.4s] termoinv s39117 (152.9s) R0 pista 0.1258 aborto None
  [ 1540.2s] termoinv s39118 (152.7s) R0 pista 0.117 aborto None
  [ 1542.8s] termoinv s39119 (152.7s) R0 pista 0.1302 aborto None
  [ 1548.2s] termoinv s39120 (154.0s) R0 pista 0.1241 aborto None
  [ 1841.3s] o1 s39101 (308.5s) R0 pista 0.8938 aborto None
  [ 1847.2s] o1 s39102 (310.0s) R0 pista 0.8171 aborto None
  [ 1847.4s] o1 s39103 (309.0s) R0 pista 0.7621 aborto None
  [ 1848.7s] o1 s39104 (308.5s) R0 pista 1.1852 aborto None
  [ 1853.0s] o1 s39105 (310.2s) R0 pista 1.1114 aborto None
  [ 1855.2s] o1 s39106 (307.0s) R0 pista 0.729 aborto None
  [ 2151.6s] o1 s39109 (304.2s) R0 pista 0.6431 aborto None
  [ 2152.4s] o1 s39107 (311.1s) R0 pista 0.9039 aborto None
  [ 2155.6s] o1 s39110 (306.9s) R0 pista 0.8435 aborto None
  [ 2157.3s] o1 s39108 (310.1s) R0 pista 1.1905 aborto None
  [ 2160.4s] o1 s39111 (307.4s) R0 pista 0.974 aborto None
  [ 2161.2s] o1 s39112 (305.9s) R0 pista 0.7585 aborto None
  [ 2455.3s] o1 s39113 (303.7s) R0 pista 0.8871 aborto None
  [ 2456.5s] o1 s39114 (304.1s) R0 pista 1.7565 aborto None
  [ 2457.5s] o1 s39115 (301.8s) R0 pista 0.6767 aborto None
  [ 2459.4s] o1 s39116 (302.0s) R0 pista 0.6642 aborto None
  [ 2462.8s] o1 s39118 (301.6s) R0 pista 1.2862 aborto None
  [ 2463.3s] o1 s39117 (302.8s) R0 pista 1.556 aborto None
  [ 2712.7s] o1 s39120 (256.2s) R0 pista 0.6564 aborto None
  [ 2714.7s] o1 s39119 (259.4s) R0 pista 2.2077 aborto None

== v143 (V143 x9) · 20 semillas 39101-39120 · T 100000 · fundador limpio 1
  R0 REAL (nacimientos reales) mediana 0.6095 (evaluables 0.609) · R0 preregistrado 1.2803 · vida mediana 600.0 · muertes 51.0 · fundadores 17.5 · casi inmortales 0/180
  ENMIENDA 5 (decide): linajes que cruzan con R0 real 53/180 · semillas con mayoria 0/20 -> no gana · ENMIENDA 6: persisten 118/180 · semillas 19/20 -> ESTABILIZA (muertes voluntarias fisicas 0.8311) · ENMIENDA 3 (ayer): no cruza (mediana R0 evaluables 1.28)
  causas hambre/sed/veneno/sal 1457/1353/16496/17785 (veneno+sal 92%) · pasos sin NADA bueno en el mundo 0.025 · mordidas B+D 95.0 / A+C 791.5 por linaje · limpiezas fisicas por cuerpo 1.3585
  telemetria del carro (NO puntua): {'frac_pasos_con_meta': 0.9645, 'vetos': 441418, 'mord_sin_meta': 5939, 'limpia_propia': 5610, 'todo_obst': 0, 'des_splits': 1800}
  contabilidad coherente 180/180 · t_fund reconstruible 180/180 · s por corrida (mediana) 150.9
  ESTABLECIMIENTO (v143, descriptivo): {'linajes': 180, 'establecidos': 118, 'frac_establecidos': 0.6556, 'R0_real_establecidos': 0.8458, 'R0_real_no_establecidos': 0.0706, 'cruzan_de_establecidos': 53}
  CUERPOS (v143, descriptivo): {'n': 4613, 'vida_med': 1301.0, 'hijos_por_cuerpo': 1.775, 'frac_sin_hijos': 0.502, 'causas': {'sed': 1123, 'sal': 1387, 'hambre': 1313, 'veneno': 790}} · fundadores {'n': 32478, 'vida_med': 45.0, 'hijos_por_cuerpo': 0.041, 'frac_sin_hijos': 0.987, 'causas': {'sed': 230, 'sal': 16398, 'hambre': 144, 'veneno': 15706}}

== termo (V143_TERMO x9) · 20 semillas 39101-39120 · T 100000 · fundador limpio 1
  R0 REAL (nacimientos reales) mediana 0.9231 (evaluables 0.923) · R0 preregistrado 1.5632 · vida mediana 1161.5 · muertes 39.0 · fundadores 2.0 · casi inmortales 0/180
  ENMIENDA 5 (decide): linajes que cruzan con R0 real 96/180 · semillas con mayoria 14/20 -> no gana · ENMIENDA 6: persisten 132/180 · semillas 19/20 -> ESTABILIZA (muertes voluntarias fisicas 0.7868) · ENMIENDA 3 (ayer): no cruza (mediana R0 evaluables 1.563)
  causas hambre/sed/veneno/sal 1644/1363/11202/12223 (veneno+sal 89%) · pasos sin NADA bueno en el mundo 0.0304 · mordidas B+D 62.5 / A+C 616.0 por linaje · limpiezas fisicas por cuerpo 1.1218
  telemetria del carro (NO puntua): {'frac_pasos_con_meta': 0.9604, 'vetos': 470121, 'mord_sin_meta': 6591, 'limpia_propia': 6257, 'todo_obst': 0, 'des_splits': 1728}
  contabilidad coherente 180/180 · t_fund reconstruible 180/180 · s por corrida (mediana) 154.4
  ESTABLECIMIENTO (termo, descriptivo): {'linajes': 180, 'establecidos': 132, 'frac_establecidos': 0.7333, 'R0_real_establecidos': 0.9615, 'R0_real_no_establecidos': 0.1296, 'cruzan_de_establecidos': 96}
  CUERPOS (termo, descriptivo): {'n': 5358, 'vida_med': 1400.0, 'hijos_por_cuerpo': 1.676, 'frac_sin_hijos': 0.495, 'causas': {'veneno': 933, 'hambre': 1529, 'sal': 1627, 'sed': 1269}} · fundadores {'n': 21074, 'vida_med': 45.0, 'hijos_por_cuerpo': 0.049, 'frac_sin_hijos': 0.98, 'causas': {'hambre': 115, 'sed': 94, 'veneno': 10269, 'sal': 10596}}
  termo (termo): telemetria de la ultima instancia {'dec': 169624, 'a_no': 66686, 'a_si': 7412, 'mord': 92284}

== termoinv (V143_TERMOINV x9) · 20 semillas 39101-39120 · T 100000 · fundador limpio 1
  R0 REAL (nacimientos reales) mediana 0.1268 (evaluables 0.127) · R0 preregistrado 0.1411 · vida mediana 62.0 · muertes 211.0 · fundadores 180.5 · casi inmortales 0/180
  ENMIENDA 5 (decide): linajes que cruzan con R0 real 8/180 · semillas con mayoria 0/20 -> no gana · ENMIENDA 6: persisten 25/180 · semillas 0/20 -> no estabiliza (muertes voluntarias fisicas 0.8014) · ENMIENDA 3 (ayer): no cruza (mediana R0 evaluables 0.141)
  causas hambre/sed/veneno/sal 1864/1650/17979/18845 (veneno+sal 91%) · pasos sin NADA bueno en el mundo 0.0081 · mordidas B+D 547.5 / A+C 826.0 por linaje · limpiezas fisicas por cuerpo 1.8532
  telemetria del carro (NO puntua): {'frac_pasos_con_meta': 0.9838, 'vetos': 215887, 'mord_sin_meta': 2128, 'limpia_propia': 1817, 'todo_obst': 0, 'des_splits': 770}
  contabilidad coherente 180/180 · t_fund reconstruible 180/180 · s por corrida (mediana) 154.6
  ESTABLECIMIENTO (termoinv, descriptivo): {'linajes': 180, 'establecidos': 25, 'frac_establecidos': 0.1389, 'R0_real_establecidos': 0.8333, 'R0_real_no_establecidos': 0.1066, 'cruzan_de_establecidos': 8}
  CUERPOS (termoinv, descriptivo): {'n': 4145, 'vida_med': 1001.0, 'hijos_por_cuerpo': 0.698, 'frac_sin_hijos': 0.639, 'causas': {'sal': 982, 'sed': 1133, 'hambre': 1238, 'veneno': 792}} · fundadores {'n': 36193, 'vida_med': 49.0, 'hijos_por_cuerpo': 0.053, 'frac_sin_hijos': 0.97, 'causas': {'sal': 17863, 'veneno': 17187, 'sed': 517, 'hambre': 626}}
  termo (termoinv): telemetria de la ultima instancia {'dec': 86106, 'a_no': 32136, 'a_si': 4679, 'mord': 50744}

== o1 (O1 x9) · 20 semillas 39101-39120 · T 100000 · fundador limpio 1
  R0 REAL (nacimientos reales) mediana 0.9375 (evaluables 0.938) · R0 preregistrado 2.7687 · vida mediana 3634.5 · muertes 17.0 · fundadores 0.0 · casi inmortales 0/180
  ENMIENDA 5 (decide): linajes que cruzan con R0 real 141/180 · semillas con mayoria 20/20 -> GANA · ENMIENDA 6: persisten 152/180 · semillas 20/20 -> ESTABILIZA (muertes voluntarias fisicas 0.0) · ENMIENDA 3 (ayer): CRUZA (mediana R0 evaluables 2.769)
  causas hambre/sed/veneno/sal 1048/929/3640/3759 (veneno+sal 79%) · pasos sin NADA bueno en el mundo 0.0403 · mordidas B+D 359.0 / A+C 679.5 por linaje · limpiezas fisicas por cuerpo 19.25
  contabilidad coherente 180/180 · t_fund reconstruible 180/180 · s por corrida (mediana) 306.4
  ESTABLECIMIENTO (o1, descriptivo): {'linajes': 180, 'establecidos': 152, 'frac_establecidos': 0.8444, 'R0_real_establecidos': 0.9412, 'R0_real_no_establecidos': 0.0551, 'cruzan_de_establecidos': 141}
  CUERPOS (o1, descriptivo): {'n': 2630, 'vida_med': 3612.5, 'hijos_por_cuerpo': 2.669, 'frac_sin_hijos': 0.306, 'causas': {'hambre': 964, 'sed': 842, 'sal': 427, 'veneno': 397}} · fundadores {'n': 6746, 'vida_med': 200.0, 'hijos_por_cuerpo': 0.176, 'frac_sin_hijos': 0.972, 'causas': {'sed': 87, 'hambre': 84, 'veneno': 3243, 'sal': 3332}}

PAREADOS (por semilla: mediana del R0 real de los 9 linajes; gana = semillas en que el primero supera al segundo)
  termo vs v143: gana 18/20 · diferencia mediana 0.3503
  termo vs termoinv: gana 20/20 · diferencia mediana 0.7898
  termoinv vs v143: gana 0/20 · diferencia mediana -0.442
  o1 vs v143: gana 20/20 · diferencia mediana 0.3501
  o1 vs termo: gana 9/20 · diferencia mediana -0.0106

================ LA LETRA (PREREGISTRO_termo.md sec. 6)
  validez {'V1_completa': True, 'V2_ancla_O1_gana': True, 'V3_ancla_V143': True, 'V4_pieza_actua': True}
  puertas {'P1_cand_cruza': False, 'P2_cand_gana_v143': True, 'P3_ctrl_no_cruza': True} · modesto True

  RESUMEN C:\Users\User\Documents\PROYECTOS\JUACO\organelos\experimentos\organelos\termo\datos\termo_s39101-39120_T100000_20260928_092323\resumen.json (sha d6eeacd8a3464c83)
Terminado en 2714.8s
VEREDICTO DE LA SERIE: HAY ALGO MODESTO   (regla de parada: PREREGISTRO_termo.md sec. 7)
