[21:09:01] ECO_SEL LARGO eco_sel_largo_serie_s45401-45420: arranca (verifica shas y anclas)
[21:09:01] T 10000000 · brazos {'F1': ('MUT0', 'FAMB_RES0_ECO', 1), 'SEL_C': ('CEREBRO', 'FAMB_RES0_ECO', 1), 'SEL_MC': ('MC', 'FAMB_RES0_ECO', 1), 'AZA_MC': ('MC_AZAR', 'FAMB_RES0_ECO', 1), 'SEL_M': ('MARGEN', 'FAMB_RES0_ECO', 1)} · pool 3 · reanuda False · checkpoint cada 100000 · motor GEMELO motor_frio_rapido · shas {'corre_eco_sel_largo.py': '69db795b7d952d93', 'nucleo_eco_sel_largo.py': '69f2b652ac46cd1b', 'construye_eco_sel_largo.py': '65b5d9f5b5f98f73', 'PREREGISTRO_eco_sel_largo.md': '9a7f1029c7dc8b61', 'eco_sel/nucleo_eco_sel.py': '6a36e47ce61db3e1', 'eco_sel/construye_eco_sel.py': 'f2f5ed3c54d1b2c5', 'frio/corre_frio.py': '3ba8b0f5cf1fbbfa', 'frio/motor_frio_rapido.py': 'ff9d890a5cce9dec', 'juaco_eco/corre_eco_v12.py': '1340d268e1fd93d8', 'juaco_eco/corre_eco.py': '47d9cee4d6462116', 'juaco_eco/motor_eco.py': 'bca3033878b59622', 'juaco_eco/carros/FAMB_RES0_ECO.py': '94ea78589bc2ce24'}
[21:14:01] latido: 0/100 terminadas; checkpoints vivos 3 (SEL_MC_s45401.pkl 26.5 MB, SEL_MC_s45403.pkl 27.4 MB, SEL_MC_s45402.pkl 27.2 MB); 300 s
[21:17:20] [1/100] SEL_MC s45401: persiste 1 (vivos 39) · K base 42.14 · K final 41.13 · t_ext None · refundados 0 · bloq 0 · n_nac 276756 · aborto None (498.5 s; 499 s)
[21:17:31] [2/100] SEL_MC s45402: persiste 1 (vivos 30) · K base 42.36 · K final 42.31 · t_ext None · refundados 0 · bloq 0 · n_nac 288287 · aborto None (509.7 s; 510 s)
[21:17:32] [3/100] SEL_MC s45403: persiste 1 (vivos 57) · K base 42.68 · K final 43.29 · t_ext None · refundados 0 · bloq 0 · n_nac 292046 · aborto None (510.9 s; 511 s)
[21:22:32] latido: 3/100 terminadas; checkpoints vivos 3 (SEL_MC_s45406.pkl 26.9 MB, SEL_MC_s45404.pkl 27.3 MB, SEL_MC_s45405.pkl 27.2 MB); 811 s
[21:25:41] [4/100] SEL_MC s45405: persiste 1 (vivos 40) · K base 41.59 · K final 42.24 · t_ext None · refundados 0 · bloq 0 · n_nac 278192 · aborto None (490.0 s; 1000 s)
[21:25:42] [5/100] SEL_MC s45404: persiste 1 (vivos 46) · K base 41.77 · K final 41.27 · t_ext None · refundados 0 · bloq 0 · n_nac 277259 · aborto None (501.7 s; 1001 s)
[21:25:45] [6/100] SEL_MC s45406: persiste 1 (vivos 45) · K base 42.5 · K final 41.79 · t_ext None · refundados 0 · bloq 0 · n_nac 266213 · aborto None (492.8 s; 1004 s)
[21:30:45] latido: 6/100 terminadas; checkpoints vivos 3 (SEL_MC_s45407.pkl 27.5 MB, SEL_MC_s45409.pkl 26.9 MB, SEL_MC_s45408.pkl 26.9 MB); 1304 s
[21:33:44] [7/100] SEL_MC s45407: persiste 1 (vivos 44) · K base 40.77 · K final 41.87 · t_ext None · refundados 0 · bloq 0 · n_nac 269284 · aborto None (482.3 s; 1483 s)
[21:33:59] [8/100] SEL_MC s45409: persiste 1 (vivos 50) · K base 41.71 · K final 41.71 · t_ext None · refundados 0 · bloq 0 · n_nac 273661 · aborto None (493.4 s; 1498 s)
[21:34:01] [9/100] SEL_MC s45408: persiste 1 (vivos 38) · K base 42.78 · K final 41.65 · t_ext None · refundados 0 · bloq 0 · n_nac 276840 · aborto None (499.1 s; 1500 s)
[21:39:01] latido: 9/100 terminadas; checkpoints vivos 3 (SEL_MC_s45410.pkl 28.4 MB, SEL_MC_s45411.pkl 27.6 MB, SEL_MC_s45412.pkl 27.2 MB); 1800 s
[21:41:42] [10/100] SEL_MC s45410: persiste 1 (vivos 48) · K base 41.56 · K final 41.49 · t_ext None · refundados 0 · bloq 0 · n_nac 264073 · aborto None (477.4 s; 1961 s)
[21:42:01] [11/100] SEL_MC s45411: persiste 1 (vivos 39) · K base 40.18 · K final 41.23 · t_ext None · refundados 0 · bloq 0 · n_nac 273810 · aborto None (482.2 s; 1980 s)
[21:42:14] [12/100] SEL_MC s45412: persiste 1 (vivos 43) · K base 41.79 · K final 43.47 · t_ext None · refundados 0 · bloq 0 · n_nac 273421 · aborto None (493.0 s; 1993 s)
[21:47:14] latido: 12/100 terminadas; checkpoints vivos 3 (SEL_MC_s45414.pkl 28.5 MB, SEL_MC_s45413.pkl 28.9 MB, SEL_MC_s45415.pkl 27.4 MB); 2293 s
[21:49:40] [13/100] SEL_MC s45413: persiste 1 (vivos 36) · K base 39.06 · K final 42.04 · t_ext None · refundados 0 · bloq 0 · n_nac 265280 · aborto None (478.6 s; 2439 s)
[21:50:10] [14/100] SEL_MC s45414: persiste 1 (vivos 48) · K base 42.46 · K final 41.58 · t_ext None · refundados 0 · bloq 0 · n_nac 280754 · aborto None (488.4 s; 2469 s)
[21:50:21] [15/100] SEL_MC s45415: persiste 1 (vivos 32) · K base 41.85 · K final 41.93 · t_ext None · refundados 0 · bloq 0 · n_nac 268427 · aborto None (486.3 s; 2480 s)
[21:55:21] latido: 15/100 terminadas; checkpoints vivos 3 (SEL_MC_s45416.pkl 30.6 MB, SEL_MC_s45418.pkl 27.5 MB, SEL_MC_s45417.pkl 28.4 MB); 2780 s
[21:57:38] [16/100] SEL_MC s45416: persiste 1 (vivos 37) · K base 41.76 · K final 41.11 · t_ext None · refundados 0 · bloq 0 · n_nac 274531 · aborto None (477.2 s; 2917 s)
[21:58:07] [17/100] SEL_MC s45417: persiste 1 (vivos 36) · K base 42.53 · K final 41.2 · t_ext None · refundados 0 · bloq 0 · n_nac 276133 · aborto None (476.5 s; 2946 s)
[21:58:30] [18/100] SEL_MC s45418: persiste 1 (vivos 35) · K base 42.54 · K final 41.54 · t_ext None · refundados 0 · bloq 0 · n_nac 284500 · aborto None (489.5 s; 2969 s)
[22:03:30] latido: 18/100 terminadas; checkpoints vivos 3 (SEL_MC_s45420.pkl 29.8 MB, SEL_C_s45401.pkl 26.5 MB, SEL_MC_s45419.pkl 31.1 MB); 3269 s
[22:05:32] [19/100] SEL_MC s45419: persiste 1 (vivos 35) · K base 41.38 · K final 42.55 · t_ext None · refundados 0 · bloq 0 · n_nac 269209 · aborto None (473.9 s; 3391 s)
[22:05:40] [20/100] SEL_C s45401: persiste 1 (vivos 33) · K base 39.73 · K final 39.17 · t_ext None · refundados 0 · bloq 0 · n_nac 177029 · aborto None (429.0 s; 3399 s)
[22:06:00] [21/100] SEL_MC s45420: persiste 1 (vivos 39) · K base 39.83 · K final 41.22 · t_ext None · refundados 0 · bloq 0 · n_nac 269540 · aborto None (473.1 s; 3419 s)
[22:11:00] latido: 21/100 terminadas; checkpoints vivos 3 (SEL_C_s45404.pkl 26.4 MB, SEL_C_s45403.pkl 27.7 MB, SEL_C_s45402.pkl 27.9 MB); 3719 s
[22:12:37] [22/100] SEL_C s45402: persiste 1 (vivos 36) · K base 38.5 · K final 38.53 · t_ext None · refundados 0 · bloq 0 · n_nac 177608 · aborto None (424.9 s; 3816 s)
[22:12:46] [23/100] SEL_C s45403: persiste 1 (vivos 42) · K base 38.6 · K final 38.57 · t_ext None · refundados 0 · bloq 0 · n_nac 177540 · aborto None (426.2 s; 3825 s)
[22:13:01] [24/100] SEL_C s45404: persiste 1 (vivos 41) · K base 39.35 · K final 39.4 · t_ext None · refundados 0 · bloq 0 · n_nac 177281 · aborto None (420.6 s; 3840 s)
[22:18:01] latido: 24/100 terminadas; checkpoints vivos 3 (SEL_C_s45407.pkl 27.0 MB, SEL_C_s45405.pkl 27.6 MB, SEL_C_s45406.pkl 27.2 MB); 4140 s
[22:19:39] [25/100] SEL_C s45405: persiste 1 (vivos 41) · K base 38.62 · K final 39.3 · t_ext None · refundados 0 · bloq 0 · n_nac 174600 · aborto None (422.2 s; 4238 s)
[22:19:48] [26/100] SEL_C s45406: persiste 1 (vivos 45) · K base 38.71 · K final 39.53 · t_ext None · refundados 0 · bloq 0 · n_nac 176244 · aborto None (421.9 s; 4247 s)
[22:19:57] [27/100] SEL_C s45407: persiste 1 (vivos 39) · K base 39.17 · K final 39.1 · t_ext None · refundados 0 · bloq 0 · n_nac 178147 · aborto None (415.8 s; 4256 s)
[22:24:57] latido: 27/100 terminadas; checkpoints vivos 3 (SEL_C_s45409.pkl 26.9 MB, SEL_C_s45408.pkl 27.8 MB, SEL_C_s45410.pkl 26.6 MB); 4556 s
[22:26:40] [28/100] SEL_C s45408: persiste 1 (vivos 35) · K base 39.45 · K final 38.62 · t_ext None · refundados 0 · bloq 0 · n_nac 178331 · aborto None (420.3 s; 4659 s)
[22:26:51] [29/100] SEL_C s45409: persiste 1 (vivos 44) · K base 39.58 · K final 38.85 · t_ext None · refundados 0 · bloq 0 · n_nac 176476 · aborto None (422.7 s; 4670 s)
[22:26:54] [30/100] SEL_C s45410: persiste 1 (vivos 38) · K base 38.69 · K final 38.68 · t_ext None · refundados 0 · bloq 0 · n_nac 175418 · aborto None (416.7 s; 4673 s)
[22:31:54] latido: 30/100 terminadas; checkpoints vivos 3 (SEL_C_s45412.pkl 27.0 MB, SEL_C_s45411.pkl 28.1 MB, SEL_C_s45413.pkl 26.6 MB); 4973 s
[22:33:31] [31/100] SEL_C s45411: persiste 1 (vivos 36) · K base 39.57 · K final 38.26 · t_ext None · refundados 0 · bloq 0 · n_nac 176926 · aborto None (411.5 s; 5070 s)
[22:33:51] [32/100] SEL_C s45413: persiste 1 (vivos 34) · K base 39.87 · K final 38.82 · t_ext None · refundados 0 · bloq 0 · n_nac 172616 · aborto None (417.1 s; 5090 s)
[22:33:51] [33/100] SEL_C s45412: persiste 1 (vivos 43) · K base 38.57 · K final 39.13 · t_ext None · refundados 0 · bloq 0 · n_nac 174346 · aborto None (420.2 s; 5090 s)
[22:38:51] latido: 33/100 terminadas; checkpoints vivos 3 (SEL_C_s45414.pkl 28.2 MB, SEL_C_s45416.pkl 27.3 MB, SEL_C_s45415.pkl 27.1 MB); 5390 s
[22:40:20] [34/100] SEL_C s45414: persiste 1 (vivos 31) · K base 39.35 · K final 38.47 · t_ext None · refundados 0 · bloq 0 · n_nac 175022 · aborto None (408.1 s; 5479 s)
[22:40:37] [35/100] SEL_C s45415: persiste 1 (vivos 32) · K base 39.23 · K final 38.71 · t_ext None · refundados 0 · bloq 0 · n_nac 172976 · aborto None (405.6 s; 5496 s)
[22:40:41] [36/100] SEL_C s45416: persiste 1 (vivos 40) · K base 39.23 · K final 38.63 · t_ext None · refundados 0 · bloq 0 · n_nac 175576 · aborto None (409.9 s; 5500 s)
[22:45:41] latido: 36/100 terminadas; checkpoints vivos 3 (SEL_C_s45417.pkl 28.2 MB, SEL_C_s45419.pkl 27.0 MB, SEL_C_s45418.pkl 27.3 MB); 5800 s
[22:47:20] [37/100] SEL_C s45417: persiste 1 (vivos 49) · K base 39.3 · K final 39.96 · t_ext None · refundados 0 · bloq 0 · n_nac 176189 · aborto None (420.0 s; 5899 s)
[22:47:24] [38/100] SEL_C s45418: persiste 1 (vivos 42) · K base 38.68 · K final 39.01 · t_ext None · refundados 0 · bloq 0 · n_nac 175751 · aborto None (406.7 s; 5903 s)
[22:47:32] [39/100] SEL_C s45419: persiste 1 (vivos 38) · K base 39.06 · K final 39.79 · t_ext None · refundados 0 · bloq 0 · n_nac 174568 · aborto None (410.4 s; 5911 s)
[22:52:32] latido: 39/100 terminadas; checkpoints vivos 3 (SEL_M_s45402.pkl 32.0 MB, SEL_C_s45420.pkl 28.0 MB, SEL_M_s45401.pkl 32.5 MB); 6211 s
[22:53:47] [40/100] SEL_M s45401: persiste 1 (vivos 34) · K base 34.78 · K final 35.31 · t_ext None · refundados 0 · bloq 0 · n_nac 276987 · aborto None (383.4 s; 6286 s)
[22:54:04] [41/100] SEL_M s45402: persiste 1 (vivos 30) · K base 34.58 · K final 35.12 · t_ext None · refundados 0 · bloq 0 · n_nac 284120 · aborto None (391.5 s; 6303 s)
[22:54:04] [42/100] SEL_C s45420: persiste 1 (vivos 43) · K base 38.61 · K final 39.12 · t_ext None · refundados 0 · bloq 0 · n_nac 177290 · aborto None (403.9 s; 6303 s)
[22:59:04] latido: 42/100 terminadas; checkpoints vivos 3 (SEL_M_s45403.pkl 33.6 MB, SEL_M_s45404.pkl 31.9 MB, SEL_M_s45405.pkl 31.9 MB); 6603 s
[23:00:16] [43/100] SEL_M s45403: persiste 1 (vivos 36) · K base 34.7 · K final 35.75 · t_ext None · refundados 0 · bloq 0 · n_nac 278655 · aborto None (388.4 s; 6675 s)
[23:00:40] [44/100] SEL_M s45405: persiste 1 (vivos 43) · K base 35.2 · K final 34.9 · t_ext None · refundados 0 · bloq 0 · n_nac 284745 · aborto None (396.2 s; 6699 s)
[23:00:43] [45/100] SEL_M s45404: persiste 1 (vivos 37) · K base 33.63 · K final 35.32 · t_ext None · refundados 0 · bloq 0 · n_nac 286170 · aborto None (399.2 s; 6702 s)
[23:05:43] latido: 45/100 terminadas; checkpoints vivos 3 (SEL_M_s45406.pkl 34.1 MB, SEL_M_s45408.pkl 31.7 MB, SEL_M_s45407.pkl 32.1 MB); 7002 s
[23:06:47] [46/100] SEL_M s45406: persiste 1 (vivos 40) · K base 33.66 · K final 34.6 · t_ext None · refundados 0 · bloq 0 · n_nac 284020 · aborto None (391.4 s; 7066 s)
[23:07:08] [47/100] SEL_M s45407: persiste 1 (vivos 35) · K base 34.81 · K final 34.93 · t_ext None · refundados 0 · bloq 0 · n_nac 274558 · aborto None (387.3 s; 7087 s)
[23:07:21] [48/100] SEL_M s45408: persiste 1 (vivos 39) · K base 35.16 · K final 34.54 · t_ext None · refundados 0 · bloq 0 · n_nac 285198 · aborto None (397.8 s; 7100 s)
[23:12:21] latido: 48/100 terminadas; checkpoints vivos 3 (SEL_M_s45411.pkl 32.0 MB, SEL_M_s45409.pkl 34.9 MB, SEL_M_s45410.pkl 33.4 MB); 7400 s
[23:13:20] [49/100] SEL_M s45409: persiste 1 (vivos 32) · K base 34.89 · K final 33.77 · t_ext None · refundados 0 · bloq 0 · n_nac 285640 · aborto None (392.3 s; 7459 s)
[23:13:40] [50/100] SEL_M s45410: persiste 1 (vivos 32) · K base 33.66 · K final 34.46 · t_ext None · refundados 0 · bloq 0 · n_nac 276521 · aborto None (391.9 s; 7479 s)
[23:13:58] [51/100] SEL_M s45411: persiste 1 (vivos 31) · K base 33.5 · K final 34.71 · t_ext None · refundados 0 · bloq 0 · n_nac 278581 · aborto None (396.5 s; 7497 s)
[23:18:58] latido: 51/100 terminadas; checkpoints vivos 3 (SEL_M_s45413.pkl 32.6 MB, SEL_M_s45414.pkl 31.5 MB, SEL_M_s45412.pkl 34.0 MB); 7797 s
[23:20:01] [52/100] SEL_M s45412: persiste 1 (vivos 29) · K base 34.02 · K final 35.39 · t_ext None · refundados 0 · bloq 0 · n_nac 277205 · aborto None (400.6 s; 7860 s)
[23:20:22] [53/100] SEL_M s45413: persiste 1 (vivos 40) · K base 35.96 · K final 34.93 · t_ext None · refundados 0 · bloq 0 · n_nac 285760 · aborto None (401.2 s; 7881 s)
[23:20:35] [54/100] SEL_M s45414: persiste 1 (vivos 29) · K base 33.78 · K final 35.67 · t_ext None · refundados 0 · bloq 0 · n_nac 270548 · aborto None (396.6 s; 7894 s)
[23:25:35] latido: 54/100 terminadas; checkpoints vivos 3 (SEL_M_s45415.pkl 34.6 MB, SEL_M_s45416.pkl 33.1 MB, SEL_M_s45417.pkl 31.5 MB); 8194 s
[23:26:23] [55/100] SEL_M s45415: persiste 1 (vivos 29) · K base 32.81 · K final 31.2 · t_ext None · refundados 0 · bloq 0 · n_nac 266522 · aborto None (382.5 s; 8242 s)
[23:26:55] [56/100] SEL_M s45416: persiste 1 (vivos 36) · K base 34.96 · K final 33.61 · t_ext None · refundados 0 · bloq 0 · n_nac 282901 · aborto None (393.1 s; 8274 s)
[23:27:17] [57/100] SEL_M s45417: persiste 1 (vivos 37) · K base 35.02 · K final 34.84 · t_ext None · refundados 0 · bloq 0 · n_nac 286982 · aborto None (401.7 s; 8296 s)
[23:32:17] latido: 57/100 terminadas; checkpoints vivos 3 (SEL_M_s45419.pkl 33.7 MB, SEL_M_s45418.pkl 36.3 MB, SEL_M_s45420.pkl 32.0 MB); 8596 s
[23:32:54] [58/100] SEL_M s45418: persiste 1 (vivos 37) · K base 35.27 · K final 35.24 · t_ext None · refundados 0 · bloq 0 · n_nac 285463 · aborto None (390.8 s; 8633 s)
[23:33:18] [59/100] SEL_M s45419: persiste 1 (vivos 39) · K base 32.12 · K final 34.64 · t_ext None · refundados 0 · bloq 0 · n_nac 269497 · aborto None (382.6 s; 8657 s)
[23:33:44] [60/100] SEL_M s45420: persiste 1 (vivos 41) · K base 35.29 · K final 34.9 · t_ext None · refundados 0 · bloq 0 · n_nac 269963 · aborto None (386.8 s; 8683 s)
[23:38:25] [61/100] F1 s45401: persiste 1 (vivos 33) · K base 30.66 · K final 31.15 · t_ext None · refundados 0 · bloq 0 · n_nac 183896 · aborto None (330.2 s; 8964 s)
[23:38:49] [62/100] F1 s45402: persiste 1 (vivos 30) · K base 30.18 · K final 30.92 · t_ext None · refundados 0 · bloq 0 · n_nac 183667 · aborto None (331.0 s; 8988 s)
[23:39:17] [63/100] F1 s45403: persiste 1 (vivos 24) · K base 31.08 · K final 30.46 · t_ext None · refundados 0 · bloq 0 · n_nac 182963 · aborto None (333.0 s; 9016 s)
[23:43:58] [64/100] F1 s45404: persiste 1 (vivos 30) · K base 30.37 · K final 30.94 · t_ext None · refundados 0 · bloq 0 · n_nac 183810 · aborto None (333.0 s; 9297 s)
[23:44:23] [65/100] F1 s45405: persiste 1 (vivos 31) · K base 30.75 · K final 30.67 · t_ext None · refundados 0 · bloq 0 · n_nac 184037 · aborto None (333.9 s; 9322 s)
[23:44:54] [66/100] F1 s45406: persiste 1 (vivos 29) · K base 30.66 · K final 30.35 · t_ext None · refundados 0 · bloq 0 · n_nac 184222 · aborto None (337.2 s; 9353 s)
[23:49:37] [67/100] F1 s45407: persiste 1 (vivos 35) · K base 30.63 · K final 30.63 · t_ext None · refundados 0 · bloq 0 · n_nac 183731 · aborto None (338.7 s; 9636 s)
[23:50:01] [68/100] F1 s45408: persiste 1 (vivos 27) · K base 30.93 · K final 30.48 · t_ext None · refundados 0 · bloq 0 · n_nac 184249 · aborto None (338.0 s; 9660 s)
[23:50:37] [69/100] F1 s45409: persiste 1 (vivos 32) · K base 30.65 · K final 31.36 · t_ext None · refundados 0 · bloq 0 · n_nac 183959 · aborto None (342.3 s; 9696 s)
[23:55:10] [70/100] F1 s45410: persiste 1 (vivos 26) · K base 30.99 · K final 30.92 · t_ext None · refundados 0 · bloq 0 · n_nac 184397 · aborto None (333.2 s; 9969 s)
[23:55:37] [71/100] F1 s45411: persiste 1 (vivos 34) · K base 30.84 · K final 31.17 · t_ext None · refundados 0 · bloq 0 · n_nac 184741 · aborto None (336.1 s; 9996 s)
[23:56:16] [72/100] F1 s45412: persiste 1 (vivos 39) · K base 30.79 · K final 30.91 · t_ext None · refundados 0 · bloq 0 · n_nac 183556 · aborto None (339.3 s; 10035 s)
[00:00:42] [73/100] F1 s45413: persiste 1 (vivos 29) · K base 30.12 · K final 30.69 · t_ext None · refundados 0 · bloq 0 · n_nac 184092 · aborto None (332.0 s; 10301 s)
[00:01:14] [74/100] F1 s45414: persiste 1 (vivos 20) · K base 30.94 · K final 30.6 · t_ext None · refundados 0 · bloq 0 · n_nac 183864 · aborto None (336.0 s; 10333 s)
[00:01:57] [75/100] F1 s45415: persiste 1 (vivos 24) · K base 30.48 · K final 30.54 · t_ext None · refundados 0 · bloq 0 · n_nac 183955 · aborto None (341.0 s; 10376 s)
[00:06:22] [76/100] F1 s45416: persiste 1 (vivos 31) · K base 30.93 · K final 30.72 · t_ext None · refundados 0 · bloq 0 · n_nac 183417 · aborto None (339.7 s; 10641 s)
[00:06:57] [77/100] F1 s45417: persiste 1 (vivos 40) · K base 30.93 · K final 30.94 · t_ext None · refundados 0 · bloq 0 · n_nac 184391 · aborto None (343.4 s; 10676 s)
[00:07:43] [78/100] F1 s45418: persiste 1 (vivos 23) · K base 30.6 · K final 30.48 · t_ext None · refundados 0 · bloq 0 · n_nac 183351 · aborto None (345.6 s; 10722 s)
[00:07:54] [79/100] AZA_MC s45401: persiste 0 (vivos 0) · K base 0.42 · K final 0.0 · t_ext 707778 · refundados 0 · bloq 0 · n_nac 4396 · aborto None (10.7 s; 10733 s)
[00:08:17] [80/100] AZA_MC s45402: persiste 0 (vivos 0) · K base 11.37 · K final 0.0 · t_ext 923055 · refundados 0 · bloq 0 · n_nac 13055 · aborto None (23.6 s; 10756 s)
[00:08:33] [81/100] AZA_MC s45403: persiste 0 (vivos 0) · K base 2.2 · K final 0.0 · t_ext 905988 · refundados 0 · bloq 0 · n_nac 6173 · aborto None (15.6 s; 10772 s)
[00:11:54] [82/100] F1 s45419: persiste 1 (vivos 36) · K base 31.05 · K final 30.87 · t_ext None · refundados 0 · bloq 0 · n_nac 183628 · aborto None (331.3 s; 10973 s)
[00:12:27] [83/100] AZA_MC s45404: persiste 1 (vivos 1) · K base 24.19 · K final 1.0 · t_ext None · refundados 0 · bloq 0 · n_nac 81795 · aborto None (233.8 s; 11006 s)
[00:12:32] [84/100] AZA_MC s45405: persiste 0 (vivos 0) · K base 20.21 · K final 0.0 · t_ext 1737256 · refundados 0 · bloq 0 · n_nac 16889 · aborto None (38.2 s; 11011 s)
[00:12:32] [85/100] F1 s45420: persiste 1 (vivos 33) · K base 30.28 · K final 31.19 · t_ext None · refundados 0 · bloq 0 · n_nac 183934 · aborto None (335.1 s; 11011 s)
[00:12:51] [86/100] AZA_MC s45407: persiste 0 (vivos 0) · K base 12.15 · K final 0.0 · t_ext 927566 · refundados 0 · bloq 0 · n_nac 7723 · aborto None (19.2 s; 11030 s)
[00:12:52] [87/100] AZA_MC s45406: persiste 0 (vivos 0) · K base 20.55 · K final 0.0 · t_ext 1012469 · refundados 0 · bloq 0 · n_nac 10878 · aborto None (24.8 s; 11031 s)
[00:13:48] [88/100] AZA_MC s45409: persiste 0 (vivos 0) · K base 22.52 · K final 0.0 · t_ext 2275672 · refundados 0 · bloq 0 · n_nac 24430 · aborto None (56.8 s; 11087 s)
[00:14:29] [89/100] AZA_MC s45410: persiste 0 (vivos 0) · K base 32.96 · K final 0.0 · t_ext 4548863 · refundados 0 · bloq 0 · n_nac 43705 · aborto None (97.3 s; 11128 s)
[00:14:39] [90/100] AZA_MC s45411: persiste 0 (vivos 0) · K base 24.94 · K final 0.0 · t_ext 1996120 · refundados 0 · bloq 0 · n_nac 19307 · aborto None (51.0 s; 11138 s)
[00:14:51] [91/100] AZA_MC s45412: persiste 0 (vivos 0) · K base 11.58 · K final 0.0 · t_ext 920339 · refundados 0 · bloq 0 · n_nac 9993 · aborto None (21.5 s; 11150 s)
[00:15:25] [92/100] AZA_MC s45408: persiste 0 (vivos 0) · K base 24.56 · K final 0.0 · t_ext 5679841 · refundados 0 · bloq 0 · n_nac 70082 · aborto None (172.6 s; 11184 s)
[00:15:25] [93/100] AZA_MC s45413: persiste 0 (vivos 0) · K base 25.67 · K final 0.0 · t_ext 2730503 · refundados 0 · bloq 0 · n_nac 17141 · aborto None (46.0 s; 11184 s)
[00:15:34] [94/100] AZA_MC s45415: persiste 0 (vivos 0) · K base 0.0 · K final 0.0 · t_ext 383575 · refundados 0 · bloq 0 · n_nac 4144 · aborto None (8.6 s; 11193 s)
[00:15:34] [95/100] AZA_MC s45416: persiste 0 (vivos 0) · K base 0.65 · K final 0.0 · t_ext 822169 · refundados 0 · bloq 0 · n_nac 2569 · aborto None (9.0 s; 11193 s)
[00:15:47] [96/100] AZA_MC s45418: persiste 0 (vivos 0) · K base 2.03 · K final 0.0 · t_ext 792046 · refundados 0 · bloq 0 · n_nac 5684 · aborto None (12.4 s; 11206 s)
[00:16:25] [97/100] AZA_MC s45417: persiste 0 (vivos 0) · K base 29.72 · K final 0.0 · t_ext 1769012 · refundados 0 · bloq 0 · n_nac 28520 · aborto None (51.8 s; 11244 s)
[00:16:29] [98/100] AZA_MC s45419: persiste 0 (vivos 0) · K base 19.79 · K final 0.0 · t_ext 5856195 · refundados 0 · bloq 0 · n_nac 9976 · aborto None (42.6 s; 11248 s)
[00:16:45] [99/100] AZA_MC s45414: persiste 0 (vivos 0) · K base 30.09 · K final 0.0 · t_ext 4374825 · refundados 0 · bloq 0 · n_nac 39276 · aborto None (114.2 s; 11264 s)
[00:16:50] [100/100] AZA_MC s45420: persiste 0 (vivos 0) · K base 13.13 · K final 0.0 · t_ext 2041566 · refundados 0 · bloq 0 · n_nac 5219 · aborto None (24.5 s; 11269 s)
semillas por brazo: {'F1': 20, 'SEL_C': 20, 'SEL_MC': 20, 'AZA_MC': 20, 'SEL_M': 20}; persiste en T = 10000000: {'F1': 20, 'SEL_C': 20, 'SEL_MC': 20, 'AZA_MC': 1, 'SEL_M': 20}; abortos: []; t_corte distinto de 1: []; semillas con bloqueados (NO EVALUABLES): []
K BASE [T/20, T/10] (== K de eco_sel a T 1e6 si T = 1e7), mediana: {'F1': 30.707, 'SEL_C': 39.197, 'SEL_MC': 41.779, 'AZA_MC': 19.996, 'SEL_M': 34.744} · K FINAL [9T/10, T], mediana: {'F1': 30.794, 'SEL_C': 38.934, 'SEL_MC': 41.676, 'AZA_MC': 0.0, 'SEL_M': 34.896} · dK = final - base, mediana: {'F1': 0.004, 'SEL_C': -0.021, 'SEL_MC': -0.025, 'AZA_MC': -19.996, 'SEL_M': 0.32}
V1 F1 persiste >= 17/20: SE CUMPLE (20) · V2 frio limpio (0 refundados, 0 fundadores repuestos, todos los brazos): SE CUMPLE [] · VB semillas bloqueadas <= 2: SE CUMPLE (0)
V3 genetica declarada (mutables, 0 genes fuera, mutacion en >= 18/20; F1 sin mutacion): {'F1': (True, [], [], 0), 'SEL_C': (True, [], [], 20), 'SEL_MC': (True, [], [], 20), 'AZA_MC': (True, [], [], 20), 'SEL_M': (True, [], [], 20)}
[L] L-1 SEL_C sube (K final > K base) en >= 15/20: NO (9/20) y mediana de dK >= +2.0: NO (-0.02) · L-2 no es deriva: AZA_MC NO cumple L-1: SE CUMPLE (0/20, mediana -20.0) y dK(SEL_C) > dK(AZA_MC) pareado >= 15/20: SE CUMPLE (18, mediana 20.7) · L-3 no es el tiempo: dK(SEL_C) > dK(F1) pareado >= 15/20: NO (8, mediana -0.38)
VEREDICTO L POR LA LETRA (una serie; el del bloque exige serie + replica con el mismo veredicto): NO: K DE SEL_C NO SIGUE SUBIENDO POR LA LETRA (se estanca, baja, o lo explican la deriva o el tiempo) (en esta serie)
[MC] MC-1 K final SEL_MC > SEL_C pareado >= 15/20: SE CUMPLE (20/20) y mediana >= +1.5: SE CUMPLE (2.83) · MC-2 K final SEL_MC > AZA_MC (los mismos 16 genes sin herencia) pareado >= 15/20: SE CUMPLE (20/20, mediana 41.68)
VEREDICTO MC POR LA LETRA (una serie; el del bloque exige serie + replica con el mismo veredicto): FUNCIONA: CON EL MARGEN Y EL CEREBRO HEREDABLES A LA VEZ LA SELECCION SUBE K POR ENCIMA DEL CEREBRO SOLO; SIN HERENCIA NO (en esta serie)
descriptivo, CURVA de K por ventana de T/10 (mediana [q10, q90] sobre semillas):
    F1      30.838[30.445,31.113] 30.886[30.444,31.101] 30.737[30.519,31.042] 30.823[30.528,31.127] 30.87[30.431,31.106] 30.834[30.656,31.31] 30.929[30.623,31.143] 30.823[30.46,31.17] 30.79[30.418,31.1] 30.794[30.474,31.173]
    SEL_C   38.628[38.306,39.136] 38.951[38.614,39.59] 39.006[38.346,39.765] 39.106[38.341,39.692] 39.119[38.389,39.875] 39.139[38.096,39.629] 38.969[38.17,39.602] 38.741[38.45,39.584] 39.104[38.449,39.726] 38.934[38.521,39.558]
    SEL_MC  40.974[40.011,41.785] 42.382[41.504,42.831] 41.737[41.241,42.696] 41.889[41.169,43.036] 41.784[40.532,43.91] 41.963[41.076,43.168] 41.871[41.254,43.924] 41.872[41.099,42.901] 41.816[41.299,43.036] 41.676[41.189,42.62]
    AZA_MC  22.254[9.332,28.626] 6.924[0.0,29.86] 0.0[0.0,26.033] 0.0[0.0,20.051] 0.0[0.0,3.91] 0.0[0.0,1.72] 0.0[0.0,0.0] 0.0[0.0,0.0] 0.0[0.0,0.0] 0.0[0.0,0.0]
    SEL_M   33.744[32.95,34.911] 34.862[34.309,35.264] 34.526[33.054,35.074] 34.421[33.239,35.164] 34.59[33.749,35.149] 34.709[33.402,35.439] 35.079[34.388,35.586] 34.825[33.985,35.368] 34.759[33.796,35.309] 34.896[33.75,35.42]
descriptivo, K [T/2, T] (la de eco_sel aplicada a T), mediana: {'F1': 30.837, 'SEL_C': 38.94, 'SEL_MC': 41.875, 'AZA_MC': 0.0, 'SEL_M': 34.809}
descriptivo, GENES por ventana (mediana sobre semillas de la media de los vivos en el borde W_k; W_1, W_5, W_10; todo en el JSON):
    SEL_C   alpha 2.397/2.43/3.154 · aversion 1.164/0.534/0.753 · tau_e 0.467/0.326/0.298 · hambre_boca 1.615/2.094/2.596 · NK 33.933/46.776/31.162
    SEL_MC  alpha 2.105/2.931/3.173 · aversion 1.187/0.689/0.444 · tau_e 0.378/0.318/0.312 · hambre_boca 2.008/2.972/3.028 · NK 26.614/30.458/39.132 · rep_umbral 0.653/0.64/0.645
    AZA_MC  alpha 1.567/1.644/1.67 · aversion 1.002/0.769/1.114 · tau_e 0.675/0.588/0.665 · hambre_boca 1.971/1.758/2.068 · NK 30.423/42.0/59.0 · rep_umbral 1.078/1.312/1.45
    SEL_M   rep_umbral 0.594/0.619/0.648
descriptivo, fraccion de muertes por veneno + sal por ventana (mediana): {'F1': [0.818, 0.818, 0.816, 0.817, 0.817, 0.817, 0.818, 0.817, 0.817, 0.816], 'SEL_C': [0.078, 0.018, 0.025, 0.024, 0.027, 0.021, 0.022, 0.031, 0.03, 0.023], 'SEL_MC': [0.067, 0.026, 0.03, 0.025, 0.025, 0.025, 0.033, 0.032, 0.031, 0.032], 'AZA_MC': [0.7, 0.625, 0.746, 0.481, 0.194, 0.177, 0.398, 0.62, None, None], 'SEL_M': [0.781, 0.761, 0.767, 0.769, 0.764, 0.763, 0.756, 0.762, 0.768, 0.76]}
descriptivo, rango del banco contra sus 8 sombras (mediana; en t = 100000 y en T; la deriva de las sombras llena el rango a T largo): {'SEL_C': {'alpha': (9.0, 7.5), 'aversion': (4.0, 3.5), 'tau_e': (2.0, 3.0)}, 'SEL_MC': {'alpha': (9.0, 8.0), 'aversion': (6.0, 4.0), 'tau_e': (2.0, 3.0), 'rep_umbral': (2.0, 2.5)}, 'AZA_MC': {'alpha': (6.0, 8.0), 'aversion': (5.75, 4.0), 'tau_e': (3.0, 9.0), 'rep_umbral': (5.0, 9.0)}, 'SEL_M': {'rep_umbral': (2.5, 3.0)}}
descriptivo, nacimientos totales (mediana): {'F1': 183915.0, 'SEL_C': 176216.5, 'SEL_MC': 274170.5, 'AZA_MC': 11966.5, 'SEL_M': 280778.0}; R0 de nacidos {'F1': 1.0, 'SEL_C': 1.0, 'SEL_MC': 1.0, 'AZA_MC': 0.996, 'SEL_M': 1.0} (~1 por construccion en el quimiostato: no informa)
[00:16:53] VEREDICTOS: {'L': 'NO: K DE SEL_C NO SIGUE SUBIENDO POR LA LETRA (se estanca, baja, o lo explican la deriva o el tiempo) (en esta serie)', 'MC': 'FUNCIONA: CON EL MARGEN Y EL CEREBRO HEREDABLES A LA VEZ LA SELECCION SUBE K POR ENCIMA DEL CEREBRO SOLO; SIN HERENCIA NO (en esta serie)'}
