[10:34:19] ECO v1.1 v11_serie_s19401-19420 · T 1000000 · corte 60000 · lectura 120000 · juez 20 semillas T_b 20000 · pool 3 · shas {'corre_eco_v11.py': '5655c93419511162', 'corre_eco.py': '47d9cee4d6462116', 'corre_eco_rapido.py': '07bf5be9dc5d634a', 'motor_eco.py': 'bca3033878b59622', 'motor_eco_rapido.py': 'edb8a15090b0f0dd', 'carros/FABRICA_ECO.py': 'f1163009cb5193a2', 'PREREGISTRO_eco_v11.md': 'c629ebfb4a952dbb'}
[10:34:29] [1/80] AZAR s19401: persiste_lect 1 · persiste_T 0 · t_ext 126448 · vivos_T 0 (8.8 s; 10 s)
[10:34:32] [2/80] VIDA s19401: persiste_lect 1 · persiste_T 0 · t_ext 322765 · vivos_T 0 (11.7 s; 13 s)
[10:34:35] [3/80] CEREBRO s19401: persiste_lect 1 · persiste_T 0 · t_ext 725158 · vivos_T 0 (15.9 s; 17 s)
[10:34:37] [4/80] MUT0 s19401: persiste_lect 0 · persiste_T 0 · t_ext 66911 · vivos_T 0 (8.0 s; 18 s)
[10:34:48] [5/80] AZAR s19402: persiste_lect 1 · persiste_T 0 · t_ext 346395 · vivos_T 0 (9.5 s; 29 s)
[10:34:49] [6/80] VIDA s19402: persiste_lect 1 · persiste_T 1 · t_ext None · vivos_T 3 (16.1 s; 31 s)
[10:34:53] [7/80] CEREBRO s19402: persiste_lect 1 · persiste_T 0 · t_ext 964999 · vivos_T 0 (17.1 s; 35 s)
[10:34:55] [8/80] MUT0 s19402: persiste_lect 0 · persiste_T 0 · t_ext 72887 · vivos_T 0 (7.7 s; 37 s)
[10:35:00] [9/80] VIDA s19403: persiste_lect 0 · persiste_T 0 · t_ext 98557 · vivos_T 0 (8.8 s; 41 s)
[10:35:05] [10/80] AZAR s19403: persiste_lect 1 · persiste_T 0 · t_ext 210404 · vivos_T 0 (9.4 s; 47 s)
[10:35:08] [11/80] MUT0 s19403: persiste_lect 0 · persiste_T 0 · t_ext 79421 · vivos_T 0 (8.2 s; 49 s)
[10:35:08] [12/80] CEREBRO s19403: persiste_lect 1 · persiste_T 0 · t_ext 694389 · vivos_T 0 (14.5 s; 50 s)
[10:35:17] [13/80] VIDA s19404: persiste_lect 1 · persiste_T 0 · t_ext 212362 · vivos_T 0 (9.8 s; 58 s)
[10:35:17] [14/80] AZAR s19404: persiste_lect 1 · persiste_T 0 · t_ext 122091 · vivos_T 0 (8.1 s; 59 s)
[10:35:24] [15/80] MUT0 s19404: persiste_lect 0 · persiste_T 0 · t_ext 75185 · vivos_T 0 (7.9 s; 66 s)
[10:35:29] [16/80] CEREBRO s19404: persiste_lect 1 · persiste_T 1 · t_ext None · vivos_T 10 (20.9 s; 71 s)
[10:35:31] [17/80] VIDA s19405: persiste_lect 1 · persiste_T 0 · t_ext 510718 · vivos_T 0 (12.7 s; 73 s)
[10:35:39] [18/80] MUT0 s19405: persiste_lect 0 · persiste_T 0 · t_ext 66860 · vivos_T 0 (7.9 s; 81 s)
[10:35:40] [19/80] AZAR s19405: persiste_lect 1 · persiste_T 0 · t_ext 384612 · vivos_T 0 (9.3 s; 81 s)
[10:35:44] [20/80] CEREBRO s19405: persiste_lect 1 · persiste_T 1 · t_ext None · vivos_T 9 (18.6 s; 85 s)
[10:35:51] [21/80] VIDA s19406: persiste_lect 1 · persiste_T 0 · t_ext 224193 · vivos_T 0 (10.6 s; 93 s)
[10:35:53] [22/80] AZAR s19406: persiste_lect 0 · persiste_T 0 · t_ext 98510 · vivos_T 0 (8.4 s; 94 s)
[10:35:56] [23/80] CEREBRO s19406: persiste_lect 1 · persiste_T 0 · t_ext 657758 · vivos_T 0 (16.1 s; 98 s)
[10:35:59] [24/80] MUT0 s19406: persiste_lect 0 · persiste_T 0 · t_ext 73278 · vivos_T 0 (8.2 s; 101 s)
[10:36:04] [25/80] VIDA s19407: persiste_lect 1 · persiste_T 0 · t_ext 253134 · vivos_T 0 (10.2 s; 106 s)
[10:36:08] [26/80] CEREBRO s19407: persiste_lect 1 · persiste_T 0 · t_ext 221988 · vivos_T 0 (10.4 s; 109 s)
[10:36:10] [27/80] AZAR s19407: persiste_lect 1 · persiste_T 0 · t_ext 324453 · vivos_T 0 (9.3 s; 111 s)
[10:36:12] [28/80] MUT0 s19407: persiste_lect 0 · persiste_T 0 · t_ext 67244 · vivos_T 0 (8.0 s; 114 s)
[10:36:20] [29/80] VIDA s19408: persiste_lect 1 · persiste_T 0 · t_ext 296150 · vivos_T 0 (10.8 s; 121 s)
[10:36:25] [30/80] AZAR s19408: persiste_lect 1 · persiste_T 0 · t_ext 898660 · vivos_T 0 (11.3 s; 126 s)
[10:36:28] [31/80] MUT0 s19408: persiste_lect 0 · persiste_T 0 · t_ext 67600 · vivos_T 0 (8.5 s; 130 s)
[10:36:32] [32/80] CEREBRO s19408: persiste_lect 1 · persiste_T 1 · t_ext None · vivos_T 10 (21.3 s; 133 s)
[10:36:38] [33/80] VIDA s19409: persiste_lect 1 · persiste_T 0 · t_ext 355834 · vivos_T 0 (11.3 s; 139 s)
[10:36:41] [34/80] AZAR s19409: persiste_lect 1 · persiste_T 0 · t_ext 277599 · vivos_T 0 (9.1 s; 143 s)
[10:36:46] [35/80] MUT0 s19409: persiste_lect 0 · persiste_T 0 · t_ext 73341 · vivos_T 0 (7.9 s; 147 s)
[10:36:49] [36/80] CEREBRO s19409: persiste_lect 1 · persiste_T 1 · t_ext None · vivos_T 7 (19.9 s; 150 s)
[10:36:52] [37/80] VIDA s19410: persiste_lect 1 · persiste_T 0 · t_ext 178036 · vivos_T 0 (9.3 s; 154 s)
[10:36:56] [38/80] CEREBRO s19410: persiste_lect 1 · persiste_T 0 · t_ext 203025 · vivos_T 0 (9.5 s; 157 s)
[10:36:58] [39/80] AZAR s19410: persiste_lect 0 · persiste_T 0 · t_ext 80570 · vivos_T 0 (8.0 s; 159 s)
[10:37:00] [40/80] MUT0 s19410: persiste_lect 0 · persiste_T 0 · t_ext 62800 · vivos_T 0 (8.2 s; 162 s)
[10:37:08] [41/80] CEREBRO s19411: persiste_lect 1 · persiste_T 0 · t_ext 191798 · vivos_T 0 (9.3 s; 169 s)
[10:37:11] [42/80] VIDA s19411: persiste_lect 1 · persiste_T 0 · t_ext 566369 · vivos_T 0 (13.6 s; 172 s)
[10:37:12] [43/80] AZAR s19411: persiste_lect 1 · persiste_T 0 · t_ext 501623 · vivos_T 0 (10.2 s; 173 s)
[10:37:16] [44/80] MUT0 s19411: persiste_lect 0 · persiste_T 0 · t_ext 65972 · vivos_T 0 (8.2 s; 177 s)
[10:37:21] [45/80] CEREBRO s19412: persiste_lect 1 · persiste_T 0 · t_ext 143812 · vivos_T 0 (8.6 s; 182 s)
[10:37:22] [46/80] VIDA s19412: persiste_lect 1 · persiste_T 0 · t_ext 382928 · vivos_T 0 (10.2 s; 184 s)
[10:37:27] [47/80] AZAR s19412: persiste_lect 1 · persiste_T 0 · t_ext 367569 · vivos_T 0 (10.2 s; 189 s)
[10:37:30] [48/80] MUT0 s19412: persiste_lect 0 · persiste_T 0 · t_ext 64899 · vivos_T 0 (8.8 s; 191 s)
[10:37:40] [49/80] AZAR s19413: persiste_lect 1 · persiste_T 0 · t_ext 204907 · vivos_T 0 (9.0 s; 201 s)
[10:37:45] [50/80] VIDA s19413: persiste_lect 1 · persiste_T 1 · t_ext None · vivos_T 15 (21.7 s; 207 s)
[10:37:48] [51/80] MUT0 s19413: persiste_lect 0 · persiste_T 0 · t_ext 69035 · vivos_T 0 (7.8 s; 209 s)
[10:37:49] [52/80] CEREBRO s19413: persiste_lect 1 · persiste_T 0 · t_ext 997803 · vivos_T 0 (20.3 s; 210 s)
[10:37:58] [53/80] AZAR s19414: persiste_lect 0 · persiste_T 0 · t_ext 119356 · vivos_T 0 (8.9 s; 220 s)
[10:38:06] [54/80] MUT0 s19414: persiste_lect 0 · persiste_T 0 · t_ext 63663 · vivos_T 0 (7.8 s; 227 s)
[10:38:07] [55/80] CEREBRO s19414: persiste_lect 1 · persiste_T 1 · t_ext None · vivos_T 2 (18.1 s; 228 s)
[10:38:07] [56/80] VIDA s19414: persiste_lect 1 · persiste_T 1 · t_ext None · vivos_T 8 (19.7 s; 228 s)
[10:38:15] [57/80] AZAR s19415: persiste_lect 0 · persiste_T 0 · t_ext 62673 · vivos_T 0 (8.0 s; 236 s)
[10:38:17] [58/80] VIDA s19415: persiste_lect 1 · persiste_T 0 · t_ext 160079 · vivos_T 0 (9.1 s; 238 s)
[10:38:23] [59/80] MUT0 s19415: persiste_lect 0 · persiste_T 0 · t_ext 70118 · vivos_T 0 (8.0 s; 244 s)
[10:38:23] [60/80] CEREBRO s19415: persiste_lect 1 · persiste_T 0 · t_ext 832157 · vivos_T 0 (15.8 s; 245 s)
[10:38:33] [61/80] AZAR s19416: persiste_lect 1 · persiste_T 0 · t_ext 149113 · vivos_T 0 (8.7 s; 254 s)
[10:38:37] [62/80] VIDA s19416: persiste_lect 1 · persiste_T 1 · t_ext None · vivos_T 13 (19.3 s; 259 s)
[10:38:40] [63/80] MUT0 s19416: persiste_lect 0 · persiste_T 0 · t_ext 66308 · vivos_T 0 (7.7 s; 262 s)
[10:38:43] [64/80] CEREBRO s19416: persiste_lect 1 · persiste_T 1 · t_ext None · vivos_T 6 (19.6 s; 265 s)
[10:38:52] [65/80] AZAR s19417: persiste_lect 1 · persiste_T 0 · t_ext 220989 · vivos_T 0 (8.2 s; 273 s)
[10:38:54] [66/80] CEREBRO s19417: persiste_lect 1 · persiste_T 0 · t_ext 449865 · vivos_T 0 (12.2 s; 275 s)
[10:38:57] [67/80] VIDA s19417: persiste_lect 1 · persiste_T 1 · t_ext None · vivos_T 6 (17.6 s; 278 s)
[10:39:00] [68/80] MUT0 s19417: persiste_lect 0 · persiste_T 0 · t_ext 80544 · vivos_T 0 (8.1 s; 282 s)
[10:39:06] [69/80] VIDA s19418: persiste_lect 1 · persiste_T 0 · t_ext 393855 · vivos_T 0 (11.6 s; 288 s)
[10:39:07] [70/80] CEREBRO s19418: persiste_lect 1 · persiste_T 0 · t_ext 154800 · vivos_T 0 (9.1 s; 288 s)
[10:39:09] [71/80] AZAR s19418: persiste_lect 1 · persiste_T 0 · t_ext 283166 · vivos_T 0 (8.7 s; 291 s)
[10:39:14] [72/80] MUT0 s19418: persiste_lect 0 · persiste_T 0 · t_ext 66388 · vivos_T 0 (7.7 s; 295 s)
[10:39:24] [73/80] AZAR s19419: persiste_lect 1 · persiste_T 0 · t_ext 389833 · vivos_T 0 (9.2 s; 305 s)
[10:39:26] [74/80] VIDA s19419: persiste_lect 1 · persiste_T 1 · t_ext None · vivos_T 7 (18.2 s; 308 s)
[10:39:31] [75/80] CEREBRO s19419: persiste_lect 1 · persiste_T 1 · t_ext None · vivos_T 11 (20.6 s; 312 s)
[10:39:32] [76/80] MUT0 s19419: persiste_lect 0 · persiste_T 0 · t_ext 64816 · vivos_T 0 (8.1 s; 313 s)
[10:39:40] [77/80] CEREBRO s19420: persiste_lect 1 · persiste_T 0 · t_ext 188782 · vivos_T 0 (9.1 s; 322 s)
[10:39:41] [78/80] AZAR s19420: persiste_lect 1 · persiste_T 0 · t_ext 292352 · vivos_T 0 (9.0 s; 323 s)
[10:39:46] [79/80] VIDA s19420: persiste_lect 1 · persiste_T 1 · t_ext None · vivos_T 1 (18.1 s; 328 s)
[10:39:48] [80/80] MUT0 s19420: persiste_lect 0 · persiste_T 0 · t_ext 74454 · vivos_T 0 (8.0 s; 330 s)
semillas por brazo: {'VIDA': 20, 'CEREBRO': 20, 'AZAR': 20, 'MUT0': 20}; persiste en T_lect = 120000 (como v1): {'VIDA': 19, 'CEREBRO': 20, 'AZAR': 16, 'MUT0': 0}
P2 genes seleccionados en VIDA (>=15/20 mismo signo fuera de las 8 sombras): [('alpha', (20, 0)), ('aversion', (15, 0))]; AZAR con > 8/20 (falsos positivos del instrumento): []
P3 juez v2 (bateria sellada 19501-19520): VIDA > AZAR (pareado, estricto) 16/20 (empates 0); CEREBRO > AZAR 16/20 (empates 0); medianas VIDA 11624.25 · AZAR 3634.0
PLACEBO del juez (muestra flujo 7 contra flujo 8 del MISMO banco; puntaje = gana + empates/2, valido en [5, 15] de 20): {'VIDA': (10.0, 20), 'AZAR': (9.0, 20)} -> VALIDO
DESCRIPTIVO (nube-6, no decide): contra G0 (mediana 1905.5) ganan VIDA 20/20 y AZAR 15/20
P1 VIDA persiste >= 15/20: SE CUMPLE (19) · P1c MUT0 <= 2/20: SE CUMPLE (0) · P2: SE CUMPLE · P3 VIDA > AZAR >= 15/20: SE CUMPLE (16) · P4 VIDA - AZAR >= 8: NO (3) · H-c CEREBRO >= 15/20: SE CUMPLE (20)
VEREDICTO v1.1 POR LA LETRA (una serie; el del bloque exige serie + replica con el mismo veredicto): HAY ALGO MODESTO (en esta serie)
L: persiste en T = 1000000: {'VIDA': 7, 'CEREBRO': 7, 'AZAR': 0, 'MUT0': 0}; R0 de la cohorte tras el corte en los que persisten (mediana): {'VIDA': 0.9931, 'CEREBRO': 0.9966, 'AZAR': None, 'MUT0': None}
L1 VIDA >= 10/20: NO (7) · L1c MUT0 <= 2/20: SE CUMPLE (0) · L2 VIDA - AZAR >= 6: SE CUMPLE (7)
VEREDICTO L POR LA LETRA (una serie): NO PERSISTE LARGO (en esta serie)
[10:39:49] VEREDICTO: HAY ALGO MODESTO (en esta serie)
[10:39:49] VEREDICTO L: NO PERSISTE LARGO (en esta serie)
