[19:20:53 +    0.0s] ARRANQUE 3T-k sobre v13. k en [1, 2, 3], brazos ['C1', 'C1p', 'C2b', 'C3', 'C3C'], semillas 21-40. Pool(14).
[19:20:53 +    0.0s] sha preregistro cf38dfab9c90645d  script ed84e168356a96b4  mundo_temporal_k 68736baafe7c8cdb  v13 cc8b16b492d4d324
[19:20:53 +    0.4s] REGLA 11 — procesos python vivos (2), este es pid 24792
[19:20:54 +    0.6s] ETAPA 1/3 — identidad k=1 == mundo_temporal_v13 (18)...
[19:21:20 +   27.4s]   identicos: 18/18
[19:21:20 +   27.4s] ETAPA 2/3 — 300 corridas...
[19:21:41 +   48.2s]           30/300
[19:21:55 +   62.1s]           60/300
[19:22:10 +   77.1s]           90/300
[19:22:25 +   91.7s]           120/300
[19:22:39 +  106.3s]           150/300
[19:22:54 +  121.1s]           180/300
[19:23:10 +  136.8s]           210/300
[19:23:28 +  155.0s]           240/300
[19:23:43 +  169.6s]           270/300
[19:23:57 +  184.4s]           300/300
[19:23:57 +  184.4s] ETAPA 3/3 — analisis.
[19:23:57 +  184.4s] 
[19:23:57 +  184.4s]   k = 1
[19:23:57 +  184.4s]    C1   sep +0.00 [+0.00,+0.00]  lift_q4 -0.027  solap_A 3.00  divisiones 0  muertes 104
[19:23:57 +  184.4s]    C1p  sep +0.00 [+0.00,+0.00]  lift_q4 -0.027  solap_A 3.00  divisiones 0  muertes 104
[19:23:57 +  184.4s]    C2b  sep +0.00 [+0.00,+1.77]  lift_q4 -0.166  solap_A 3.00  divisiones 0  muertes 122
[19:23:57 +  184.4s]    C3   sep +3.96 [+3.72,+3.98]  lift_q4 +0.372  solap_A 0.00  divisiones 4  muertes 100
[19:23:57 +  184.4s]    C3C  sep +0.03 [-1.25,+1.49]  lift_q4 -0.020  solap_A 0.00  divisiones 6  muertes 94
[19:23:57 +  184.4s]    T1 solap<=1 OK | T2 sep>=1.0 OK | T3 lift>=.15 OK | T4 C3C OK | T5 C3-C3C>=1 en 20/20 OK | T6 C2b,C1p<1 OK  -> COMPONE a profundidad 1
[19:23:57 +  184.4s] 
[19:23:57 +  184.4s]   k = 2
[19:23:57 +  184.4s]    C1   sep +0.00 [+0.00,+0.00]  lift_q4 -0.011  solap_A 3.00  divisiones 0  muertes 86
[19:23:57 +  184.4s]    C1p  sep +0.00 [+0.00,+0.00]  lift_q4 -0.011  solap_A 3.00  divisiones 0  muertes 86
[19:23:57 +  184.4s]    C2b  sep +0.00 [+0.00,+1.96]  lift_q4 -0.145  solap_A 3.00  divisiones 0  muertes 110
[19:23:57 +  184.4s]    C3   sep +3.81 [+1.61,+3.97]  lift_q4 +0.379  solap_A 0.00  divisiones 10  muertes 96
[19:23:57 +  184.4s]    C3C  sep +0.29 [-0.43,+1.20]  lift_q4 -0.022  solap_A 0.00  divisiones 28  muertes 79
[19:23:57 +  184.4s]    T1 solap<=1 OK | T2 sep>=3.0 OK | T3 lift>=.15 OK | T4 C3C OK | T5 C3-C3C>=1 en 19/20 OK | T6 C2b,C1p<1 OK  -> COMPONE a profundidad 2
[19:23:57 +  184.4s] 
[19:23:57 +  184.4s]   k = 3
[19:23:57 +  184.4s]    C1   sep +0.00 [+0.00,+0.00]  lift_q4 -0.012  solap_A 3.00  divisiones 0  muertes 80
[19:23:57 +  184.4s]    C1p  sep +0.00 [+0.00,+0.00]  lift_q4 -0.012  solap_A 3.00  divisiones 0  muertes 80
[19:23:57 +  184.4s]    C2b  sep +0.00 [+0.00,+1.76]  lift_q4 -0.140  solap_A 3.00  divisiones 0  muertes 117
[19:23:57 +  184.4s]    C3   sep +2.56 [+1.67,+3.23]  lift_q4 +0.202  solap_A 0.00  divisiones 24  muertes 88
[19:23:57 +  184.4s]    C3C  sep +0.04 [-0.58,+0.37]  lift_q4 +0.001  solap_A 0.00  divisiones 60  muertes 77
[19:23:57 +  184.4s]    T1 solap<=1 OK | T2 sep>=2.0 OK | T3 lift>=.15 OK | T4 C3C OK | T5 C3-C3C>=1 en 20/20 OK | T6 C2b,C1p<1 OK  -> COMPONE a profundidad 3
[19:23:57 +  184.4s] 
[19:23:57 +  184.4s] VEREDICTO 3T_k: k1=COMPONE k2=COMPONE k3=COMPONE
[19:23:57 +  184.5s] datos -> 3T_k_s21-40_20260917_192053.json  sha256_16 = 2000670ed82ede42
