[20:44:51 +    0.0s] ARRANQUE 3T-k sobre v13. k en [4, 5], brazos ['C1', 'C1p', 'C2b', 'C3', 'C3C'], semillas 1-20. Pool(14).
[20:44:51 +    0.0s] sha preregistro fd74ea7aa0a50cd6  script 84e4e27acac0f6ff  mundo_temporal_k 68736baafe7c8cdb  v13 cc8b16b492d4d324
[20:44:51 +    0.4s] REGLA 11 — procesos python vivos (2), este es pid 24780
[20:44:51 +    0.6s] ETAPA 1/3 — identidad k=1 == mundo_temporal_v13 (18)...
[20:45:20 +   29.5s]   identicos: 18/18
[20:45:20 +   29.5s] ETAPA 2/3 — 200 corridas...
[20:45:42 +   50.8s]           30/200
[20:45:56 +   65.0s]           60/200
[20:46:11 +   80.4s]           90/200
[20:46:26 +   95.5s]           120/200
[20:46:41 +  110.4s]           150/200
[20:46:58 +  127.0s]           180/200
[20:47:13 +  141.8s]           200/200
[20:47:13 +  141.8s] ETAPA 3/3 — analisis.
[20:47:13 +  141.8s] 
[20:47:13 +  141.8s]   k = 4
[20:47:13 +  141.8s]    C1   sep +0.00 [+0.00,+0.00]  lift_q4 +0.006  solap_A 3.00  divisiones 0  celdas 30  muertes 73
[20:47:13 +  141.8s]    C1p  sep +0.00 [+0.00,+0.00]  lift_q4 +0.006  solap_A 3.00  divisiones 0  celdas 30  muertes 73
[20:47:13 +  141.8s]    C2b  sep +0.00 [+0.00,+2.16]  lift_q4 -0.117  solap_A 3.00  divisiones 0  celdas 30  muertes 120
[20:47:13 +  141.8s]    C3   sep +1.99 [+1.71,+3.24]  lift_q4 +0.152  solap_A 0.00  divisiones 42  celdas 72  muertes 88
[20:47:13 +  141.8s]    C3C  sep +0.01 [-0.94,+0.32]  lift_q4 +0.001  solap_A 0.38  divisiones 60  celdas 90  muertes 78
[20:47:13 +  141.8s]    T1 solap<=1 OK | T2 sep>=1.5 OK | T3 lift>=.15 OK | T4 C3C OK | T5 C3-C3C>=1 en 20/20 OK | T6 C2b,C1p<1 OK  -> COMPONE a profundidad 4
[20:47:13 +  141.8s] 
[20:47:13 +  141.8s]   k = 5
[20:47:13 +  141.8s]    C1   sep +0.00 [+0.00,+0.00]  lift_q4 +0.000  solap_A 3.00  divisiones 0  celdas 30  muertes 68
[20:47:13 +  141.8s]    C1p  sep +0.00 [+0.00,+0.00]  lift_q4 +0.000  solap_A 3.00  divisiones 0  celdas 30  muertes 68
[20:47:13 +  141.8s]    C2b  sep +0.00 [+0.00,+2.08]  lift_q4 -0.128  solap_A 3.00  divisiones 0  celdas 30  muertes 119
[20:47:13 +  141.8s]    C3   sep +1.94 [+1.15,+2.23]  lift_q4 +0.144  solap_A 0.34  divisiones 60  celdas 90  muertes 74
[20:47:13 +  141.8s]    C3C  sep +0.00 [-0.61,+0.66]  lift_q4 +0.003  solap_A 0.72  divisiones 60  celdas 90  muertes 74
[20:47:13 +  141.8s]    T1 solap<=1 OK | T2 sep>=1.0 OK | T3 lift>=.15 NO | T4 C3C OK | T5 C3-C3C>=1 en 19/20 OK | T6 C2b,C1p<1 OK  -> NO COMPONE a profundidad 5
[20:47:13 +  141.8s] 
[20:47:13 +  141.8s] VEREDICTO 3T_k: k4=COMPONE k5=NO
[20:47:13 +  141.9s] datos -> 3T_k45_s1-20_20260917_204451.json  sha256_16 = 66e4291b9b91f5a4
