[22:43:06 +    0.0s] ARRANQUE 3T-k sobre v13. k en [4, 5], brazos ['C1', 'C1p', 'C2b', 'C3', 'C3C'], semillas 41-60. Pool(14). GEMELO COMPILADO (--rapido)
[22:43:06 +    0.0s] sha preregistro fd74ea7aa0a50cd6  script 114f8ac1f2a7809b  mundo_temporal_k 68736baafe7c8cdb  v13 cc8b16b492d4d324
[22:43:06 +    0.6s] REGLA 11 — procesos python vivos (5), este es pid 30212
[22:43:06 +    0.8s] ETAPA 1/3 — identidad k=1 == mundo_temporal_v13 (18)...
[22:43:33 +   27.0s]   identicos: 18/18
[22:43:35 +   29.6s]   identidad gemelo compilado == original (C3, k=3, T=30000): 3/3
[22:43:35 +   29.6s] ETAPA 2/3 — 200 corridas...
[22:43:37 +   30.9s]           30/200
[22:43:37 +   31.8s]           60/200
[22:43:38 +   32.1s]           90/200
[22:43:38 +   32.4s]           120/200
[22:43:38 +   32.7s]           150/200
[22:43:39 +   33.0s]           180/200
[22:43:39 +   33.3s]           200/200
[22:43:39 +   33.3s] ETAPA 3/3 — analisis.
[22:43:39 +   33.3s] 
[22:43:39 +   33.3s]   k = 4
[22:43:39 +   33.3s]    C1   sep +0.00 [+0.00,+0.00]  lift_q4 +0.006  solap_A 3.00  divisiones 0  celdas 30  muertes 72
[22:43:39 +   33.3s]    C1p  sep +0.00 [+0.00,+0.00]  lift_q4 +0.006  solap_A 3.00  divisiones 0  celdas 30  muertes 72
[22:43:39 +   33.3s]    C2b  sep +0.00 [+0.00,+1.54]  lift_q4 -0.120  solap_A 3.00  divisiones 0  celdas 30  muertes 116
[22:43:39 +   33.3s]    C3   sep +1.94 [+1.54,+2.92]  lift_q4 +0.140  solap_A 0.06  divisiones 48  celdas 78  muertes 92
[22:43:39 +   33.3s]    C3C  sep +0.06 [-0.49,+0.33]  lift_q4 -0.000  solap_A 0.38  divisiones 60  celdas 90  muertes 76
[22:43:39 +   33.3s]    T1 solap<=1 OK | T2 sep>=1.5 OK | T3 lift>=.15 NO | T4 C3C OK | T5 C3-C3C>=1 en 20/20 OK | T6 C2b,C1p<1 OK  -> NO COMPONE a profundidad 4
[22:43:39 +   33.3s] 
[22:43:39 +   33.3s]   k = 5
[22:43:39 +   33.3s]    C1   sep +0.00 [+0.00,+0.00]  lift_q4 -0.001  solap_A 3.00  divisiones 0  celdas 30  muertes 71
[22:43:39 +   33.3s]    C1p  sep +0.00 [+0.00,+0.00]  lift_q4 -0.001  solap_A 3.00  divisiones 0  celdas 30  muertes 71
[22:43:39 +   33.3s]    C2b  sep +0.00 [+0.00,+1.88]  lift_q4 -0.104  solap_A 3.00  divisiones 0  celdas 30  muertes 119
[22:43:39 +   33.3s]    C3   sep +1.87 [+1.25,+2.25]  lift_q4 +0.133  solap_A 0.38  divisiones 60  celdas 90  muertes 76
[22:43:39 +   33.3s]    C3C  sep -0.11 [-0.32,+0.64]  lift_q4 +0.003  solap_A 0.62  divisiones 60  celdas 90  muertes 76
[22:43:39 +   33.3s]    T1 solap<=1 OK | T2 sep>=1.0 OK | T3 lift>=.15 NO | T4 C3C OK | T5 C3-C3C>=1 en 20/20 OK | T6 C2b,C1p<1 OK  -> NO COMPONE a profundidad 5
[22:43:39 +   33.3s] 
[22:43:39 +   33.3s] VEREDICTO 3T_k: k4=NO k5=NO
[22:43:39 +   33.3s] datos -> 3T_k45_s41-60_20260917_224306.json  sha256_16 = f06b95f81b49f5ca
