MUNDO ANCLADO · CALIBRACION 7001-7020 (rejilla SECUENCIAL, regla sec. 5) · 2026-09-22 13:55:10 · T=100000
  organismo_f9c 9dd1fb91ecec35ae (esperado 9dd1fb91ecec35ae) · organismo_anclado e689c2952b1991a4 (esperado e689c2952b1991a4)
  PREREGISTRO sha ea380602eb25b4af
  OK   regla14 NADA           = corre_bloque2.BRAZOS['NADA'] (26 campos) + ['anc_mide', 'olv_mal', 'rep_acum']  falta=[] dif=[] extra=[]
  OK   regla14 REL            = corre_bloque2.BRAZOS['REL'] (27 campos) + ['anc_mide', 'olv_mal', 'rep_acum']  falta=[] dif=[] extra=[]
  OK   regla14 ORACULO        = corre_bloque2.BRAZOS['ORACULO'] (29 campos) + ['anc_mide', 'olv_mal', 'rep_acum']  falta=[] dif=[] extra=[]
  OK   regla14 REL_BAR        = corre_bloque2.BRAZOS['REL_BAR'] (28 campos) + ['anc_mide', 'olv_mal', 'rep_acum']  falta=[] dif=[] extra=[]
  OK   regla14 ORACULO_CIEGO  = corre_bloque2.BRAZOS['ORACULO'] (29 campos) + ['anc_mide', 'olv_ciego', 'olv_mal', 'rep_acum']  falta=[] dif=[] extra=[]
  OK   regla14 NADA_CIEGO     = corre_bloque2.BRAZOS['NADA'] (26 campos) + ['anc_mide', 'olv_ciego', 'olv_mal', 'rep_acum']  falta=[] dif=[] extra=[]
  OK   regla14 RENACE         = corre_bloque2.BRAZOS['RENACE'] (17 campos) + ['anc_mide', 'olv_mal', 'rep_acum']  falta=[] dif=[] extra=[]
  punto acum=0 h=0.0005
    NADA           s7001 acum=0 h=0.0005  R0=0.223  vida=200.0  f_mala=0.8278  J=0.2124  (10.4s)
    NADA           s7002 acum=0 h=0.0005  R0=0.157  vida=90.0  f_mala=0.8385  J=0.196  (10.1s)
    NADA           s7003 acum=0 h=0.0005  R0=0.179  vida=107.0  f_mala=0.8433  J=0.1468  (11.1s)
    NADA           s7004 acum=0 h=0.0005  R0=0.211  vida=87.5  f_mala=0.8418  J=0.2177  (11.2s)
    NADA           s7005 acum=0 h=0.0005  R0=0.106  vida=60.0  f_mala=0.8456  J=0.1381  (11.1s)
    NADA           s7006 acum=0 h=0.0005  R0=0.190  vida=109.0  f_mala=0.8345  J=0.1639  (11.1s)
    NADA           s7007 acum=0 h=0.0005  R0=0.199  vida=73.0  f_mala=0.8376  J=0.2056  (11.8s)
    NADA           s7008 acum=0 h=0.0005  R0=0.195  vida=87.5  f_mala=0.8355  J=0.201  (13.6s)
    NADA           s7009 acum=0 h=0.0005  R0=0.175  vida=93.0  f_mala=0.8274  J=0.1525  (10.2s)
    NADA           s7010 acum=0 h=0.0005  R0=0.222  vida=158.5  f_mala=0.8563  J=0.1813  (10.6s)
    NADA           s7011 acum=0 h=0.0005  R0=0.222  vida=84.0  f_mala=0.8314  J=0.1273  (10.6s)
    NADA           s7012 acum=0 h=0.0005  R0=0.209  vida=80.0  f_mala=0.8524  J=0.1406  (10.8s)
    NADA           s7013 acum=0 h=0.0005  R0=0.167  vida=120.0  f_mala=0.8346  J=0.1579  (10.4s)
    NADA           s7014 acum=0 h=0.0005  R0=0.174  vida=102.0  f_mala=0.8452  J=0.1961  (9.6s)
    NADA           s7015 acum=0 h=0.0005  R0=0.163  vida=77.0  f_mala=0.8348  J=0.1758  (9.6s)
    NADA           s7016 acum=0 h=0.0005  R0=0.198  vida=70.0  f_mala=0.8399  J=0.1754  (9.1s)
    NADA           s7017 acum=0 h=0.0005  R0=0.198  vida=94.0  f_mala=0.829  J=0.1522  (9.1s)
    NADA           s7018 acum=0 h=0.0005  R0=0.197  vida=108.0  f_mala=0.8407  J=0.181  (9.3s)
    NADA           s7019 acum=0 h=0.0005  R0=0.230  vida=101.5  f_mala=0.8378  J=0.1305  (9.0s)
    NADA           s7020 acum=0 h=0.0005  R0=0.206  vida=196.0  f_mala=0.8323  J=0.2097  (9.2s)
    ORACULO        s7001 acum=0 h=0.0005  R0=0.595  vida=639.0  f_mala=0.8963  J=0.9808  (10.4s)
    ORACULO        s7002 acum=0 h=0.0005  R0=0.586  vida=658.0  f_mala=0.897  J=1.0  (11.2s)
    ORACULO        s7003 acum=0 h=0.0005  R0=0.647  vida=729.0  f_mala=0.9013  J=0.982  (10.3s)
    ORACULO        s7004 acum=0 h=0.0005  R0=0.733  vida=646.5  f_mala=0.8898  J=0.9912  (10.6s)
    ORACULO        s7005 acum=0 h=0.0005  R0=0.610  vida=792.0  f_mala=0.8911  J=0.9898  (10.1s)
    ORACULO        s7006 acum=0 h=0.0005  R0=0.523  vida=605.0  f_mala=0.9083  J=0.9921  (10.6s)
    ORACULO        s7007 acum=0 h=0.0005  R0=0.667  vida=644.0  f_mala=0.8918  J=0.9728  (10.3s)
    ORACULO        s7008 acum=0 h=0.0005  R0=0.609  vida=647.5  f_mala=0.8905  J=0.9593  (10.1s)
    ORACULO        s7009 acum=0 h=0.0005  R0=0.493  vida=608.0  f_mala=0.8904  J=0.9753  (10.6s)
    ORACULO        s7010 acum=0 h=0.0005  R0=0.655  vida=653.0  f_mala=0.8836  J=0.9825  (10.8s)
    ORACULO        s7011 acum=0 h=0.0005  R0=0.634  vida=641.0  f_mala=0.8998  J=0.9915  (10.6s)
    ORACULO        s7012 acum=0 h=0.0005  R0=0.658  vida=723.0  f_mala=0.8935  J=0.9825  (10.2s)
    ORACULO        s7013 acum=0 h=0.0005  R0=0.664  vida=659.0  f_mala=0.8939  J=0.9828  (9.8s)
    ORACULO        s7014 acum=0 h=0.0005  R0=0.562  vida=657.0  f_mala=0.8965  J=0.9833  (10.3s)
    ORACULO        s7015 acum=0 h=0.0005  R0=0.570  vida=624.0  f_mala=0.8919  J=0.969  (12.2s)
    ORACULO        s7016 acum=0 h=0.0005  R0=0.735  vida=729.5  f_mala=0.8983  J=1.0  (11.2s)
    ORACULO        s7017 acum=0 h=0.0005  R0=0.554  vida=631.0  f_mala=0.8856  J=0.9683  (11.6s)
    ORACULO        s7018 acum=0 h=0.0005  R0=0.553  vida=616.0  f_mala=0.9004  J=0.9926  (12.0s)
    ORACULO        s7019 acum=0 h=0.0005  R0=0.723  vida=658.0  f_mala=0.8952  J=0.9912  (11.9s)
    ORACULO        s7020 acum=0 h=0.0005  R0=0.597  vida=607.5  f_mala=0.8878  J=0.9569  (13.0s)
  crudo -> C:\Users\User\Documents\PROYECTOS\JUACO\anclado\datos\anclado_cal_s7001-7020_20260922_135510.json (sha f8a5271094121733)
  -> R0 NADA 0.1974  R0 ORACULO 0.6095  ancla=no  con margen=no
  punto acum=0 h=0.001
    NADA           s7001 acum=0 h=0.001  R0=0.301  vida=165.5  f_mala=0.8385  J=0.1387  (10.3s)
    NADA           s7002 acum=0 h=0.001  R0=0.278  vida=132.0  f_mala=0.8308  J=0.1823  (10.5s)
    NADA           s7003 acum=0 h=0.001  R0=0.270  vida=137.0  f_mala=0.8273  J=0.1648  (10.0s)
    NADA           s7004 acum=0 h=0.001  R0=0.240  vida=90.0  f_mala=0.8372  J=0.189  (9.7s)
    NADA           s7005 acum=0 h=0.001  R0=0.190  vida=90.0  f_mala=0.8374  J=0.1459  (10.8s)
    NADA           s7006 acum=0 h=0.001  R0=0.208  vida=87.0  f_mala=0.8191  J=0.2512  (10.7s)
    NADA           s7007 acum=0 h=0.001  R0=0.281  vida=98.0  f_mala=0.8384  J=0.1473  (10.8s)
    NADA           s7008 acum=0 h=0.001  R0=0.262  vida=139.0  f_mala=0.8337  J=0.206  (11.5s)
    NADA           s7009 acum=0 h=0.001  R0=0.184  vida=90.0  f_mala=0.8225  J=0.1417  (10.2s)
    NADA           s7010 acum=0 h=0.001  R0=0.228  vida=80.0  f_mala=0.8296  J=0.1759  (10.6s)
    NADA           s7011 acum=0 h=0.001  R0=0.218  vida=123.5  f_mala=0.8176  J=0.1472  (11.0s)
    NADA           s7012 acum=0 h=0.001  R0=0.280  vida=93.0  f_mala=0.8322  J=0.1901  (11.1s)
    NADA           s7013 acum=0 h=0.001  R0=0.264  vida=102.0  f_mala=0.8254  J=0.2159  (10.6s)
    NADA           s7014 acum=0 h=0.001  R0=0.286  vida=188.0  f_mala=0.8456  J=0.2053  (10.2s)
    NADA           s7015 acum=0 h=0.001  R0=0.225  vida=108.5  f_mala=0.8308  J=0.2029  (10.1s)
    NADA           s7016 acum=0 h=0.001  R0=0.245  vida=96.5  f_mala=0.8218  J=0.1791  (10.0s)
    NADA           s7017 acum=0 h=0.001  R0=0.280  vida=166.0  f_mala=0.8272  J=0.2053  (9.8s)
    NADA           s7018 acum=0 h=0.001  R0=0.281  vida=103.0  f_mala=0.838  J=0.1099  (9.7s)
    NADA           s7019 acum=0 h=0.001  R0=0.235  vida=103.0  f_mala=0.8404  J=0.1914  (10.1s)
    NADA           s7020 acum=0 h=0.001  R0=0.236  vida=82.0  f_mala=0.8247  J=0.2241  (9.7s)
    ORACULO        s7001 acum=0 h=0.001  R0=0.798  vida=805.0  f_mala=0.8819  J=0.9532  (11.5s)
    ORACULO        s7002 acum=0 h=0.001  R0=0.719  vida=671.5  f_mala=0.8786  J=0.955  (11.4s)
    ORACULO        s7003 acum=0 h=0.001  R0=0.766  vida=678.0  f_mala=0.876  J=0.9903  (11.3s)
    ORACULO        s7004 acum=0 h=0.001  R0=0.730  vida=669.0  f_mala=0.876  J=1.0  (11.3s)
    ORACULO        s7005 acum=0 h=0.001  R0=0.667  vida=658.0  f_mala=0.8878  J=0.991  (12.1s)
    ORACULO        s7006 acum=0 h=0.001  R0=0.791  vida=717.0  f_mala=0.8866  J=0.9817  (11.5s)
    ORACULO        s7007 acum=0 h=0.001  R0=0.702  vida=608.0  f_mala=0.8839  J=0.9746  (11.5s)
    ORACULO        s7008 acum=0 h=0.001  R0=0.773  vida=737.0  f_mala=0.8913  J=1.0  (11.3s)
    ORACULO        s7009 acum=0 h=0.001  R0=0.796  vida=715.0  f_mala=0.8808  J=0.9624  (11.5s)
    ORACULO        s7010 acum=0 h=0.001  R0=0.755  vida=723.5  f_mala=0.8844  J=0.9592  (11.7s)
    ORACULO        s7011 acum=0 h=0.001  R0=0.750  vida=660.0  f_mala=0.8721  J=0.9826  (11.7s)
    ORACULO        s7012 acum=0 h=0.001  R0=0.971  vida=691.0  f_mala=0.8794  J=0.9774  (11.4s)
    ORACULO        s7013 acum=0 h=0.001  R0=0.875  vida=664.5  f_mala=0.8789  J=0.9495  (11.7s)
    ORACULO        s7014 acum=0 h=0.001  R0=0.969  vida=766.0  f_mala=0.878  J=0.9891  (11.1s)
    ORACULO        s7015 acum=0 h=0.001  R0=0.748  vida=689.0  f_mala=0.8826  J=1.0  (11.7s)
    ORACULO        s7016 acum=0 h=0.001  R0=0.744  vida=663.0  f_mala=0.8813  J=0.9915  (11.5s)
    ORACULO        s7017 acum=0 h=0.001  R0=0.706  vida=690.0  f_mala=0.8757  J=0.9823  (11.9s)
    ORACULO        s7018 acum=0 h=0.001  R0=0.705  vida=638.0  f_mala=0.8871  J=0.9913  (11.8s)
    ORACULO        s7019 acum=0 h=0.001  R0=0.742  vida=659.0  f_mala=0.8901  J=0.9886  (11.6s)
    ORACULO        s7020 acum=0 h=0.001  R0=0.868  vida=738.5  f_mala=0.8933  J=0.9784  (11.2s)
  crudo -> C:\Users\User\Documents\PROYECTOS\JUACO\anclado\datos\anclado_cal_s7001-7020_20260922_135510.json (sha bdffaaac79e19263)
  -> R0 NADA 0.2534  R0 ORACULO 0.7524  ancla=no  con margen=no
  punto acum=0 h=0.0015
    NADA           s7001 acum=0 h=0.0015  R0=0.320  vida=84.0  f_mala=0.8303  J=0.199  (10.2s)
    NADA           s7002 acum=0 h=0.0015  R0=0.372  vida=188.0  f_mala=0.8227  J=0.1489  (10.4s)
    NADA           s7003 acum=0 h=0.0015  R0=0.281  vida=105.0  f_mala=0.8315  J=0.1989  (10.6s)
    NADA           s7004 acum=0 h=0.0015  R0=0.312  vida=88.5  f_mala=0.8216  J=0.2077  (10.2s)
    NADA           s7005 acum=0 h=0.0015  R0=0.325  vida=256.0  f_mala=0.8384  J=0.1962  (9.3s)
    NADA           s7006 acum=0 h=0.0015  R0=0.356  vida=153.0  f_mala=0.8242  J=0.1955  (10.6s)
    NADA           s7007 acum=0 h=0.0015  R0=0.329  vida=200.0  f_mala=0.8228  J=0.2115  (10.2s)
    NADA           s7008 acum=0 h=0.0015  R0=0.312  vida=169.0  f_mala=0.8239  J=0.1612  (10.2s)
    NADA           s7009 acum=0 h=0.0015  R0=0.296  vida=107.5  f_mala=0.8226  J=0.2116  (9.3s)
    NADA           s7010 acum=0 h=0.0015  R0=0.303  vida=95.0  f_mala=0.8314  J=0.1842  (10.5s)
    NADA           s7011 acum=0 h=0.0015  R0=0.366  vida=200.0  f_mala=0.8256  J=0.1764  (10.7s)
    NADA           s7012 acum=0 h=0.0015  R0=0.316  vida=88.5  f_mala=0.8162  J=0.1533  (11.1s)
    NADA           s7013 acum=0 h=0.0015  R0=0.282  vida=84.5  f_mala=0.8192  J=0.2234  (10.9s)
    NADA           s7014 acum=0 h=0.0015  R0=0.361  vida=204.0  f_mala=0.8161  J=0.2346  (10.4s)
    NADA           s7015 acum=0 h=0.0015  R0=0.399  vida=149.0  f_mala=0.8293  J=0.187  (10.2s)
    NADA           s7016 acum=0 h=0.0015  R0=0.247  vida=88.5  f_mala=0.8252  J=0.1882  (8.9s)
    NADA           s7017 acum=0 h=0.0015  R0=0.298  vida=183.0  f_mala=0.8202  J=0.2222  (8.7s)
    NADA           s7018 acum=0 h=0.0015  R0=0.293  vida=87.0  f_mala=0.8209  J=0.1769  (8.3s)
    NADA           s7019 acum=0 h=0.0015  R0=0.275  vida=100.5  f_mala=0.8147  J=0.1983  (8.7s)
    NADA           s7020 acum=0 h=0.0015  R0=0.424  vida=187.0  f_mala=0.8269  J=0.1965  (8.2s)
    ORACULO        s7001 acum=0 h=0.0015  R0=1.000  vida=694.0  f_mala=0.8773  J=1.0  (10.0s)
    ORACULO        s7002 acum=0 h=0.0015  R0=0.899  vida=665.0  f_mala=0.8674  J=0.9906  (10.4s)
    ORACULO        s7003 acum=0 h=0.0015  R0=1.106  vida=683.5  f_mala=0.8704  J=1.0  (10.4s)
    ORACULO        s7004 acum=0 h=0.0015  R0=0.980  vida=695.5  f_mala=0.8566  J=0.9796  (11.6s)
    ORACULO        s7005 acum=0 h=0.0015  R0=0.833  vida=655.5  f_mala=0.8756  J=0.9679  (11.3s)
    ORACULO        s7006 acum=0 h=0.0015  R0=1.077  vida=802.0  f_mala=0.8647  J=0.9885  (11.1s)
    ORACULO        s7007 acum=0 h=0.0015  R0=1.044  vida=820.0  f_mala=0.8729  J=0.9764  (11.2s)
    ORACULO        s7008 acum=0 h=0.0015  R0=1.165  vida=867.0  f_mala=0.8741  J=0.9848  (10.5s)
    ORACULO        s7009 acum=0 h=0.0015  R0=0.963  vida=652.0  f_mala=0.8659  J=1.0  (11.4s)
    ORACULO        s7010 acum=0 h=0.0015  R0=1.120  vida=909.0  f_mala=0.8654  J=0.977  (11.2s)
    ORACULO        s7011 acum=0 h=0.0015  R0=1.023  vida=798.5  f_mala=0.8737  J=0.9753  (10.8s)
    ORACULO        s7012 acum=0 h=0.0015  R0=1.041  vida=667.0  f_mala=0.8597  J=0.9891  (11.3s)
    ORACULO        s7013 acum=0 h=0.0015  R0=0.959  vida=690.0  f_mala=0.8811  J=0.9785  (11.6s)
    ORACULO        s7014 acum=0 h=0.0015  R0=0.952  vida=674.5  f_mala=0.8682  J=0.98  (11.6s)
    ORACULO        s7015 acum=0 h=0.0015  R0=0.897  vida=714.0  f_mala=0.8713  J=0.9785  (11.4s)
    ORACULO        s7016 acum=0 h=0.0015  R0=1.062  vida=643.0  f_mala=0.8553  J=0.9648  (11.1s)
    ORACULO        s7017 acum=0 h=0.0015  R0=1.000  vida=744.0  f_mala=0.8713  J=0.9674  (11.1s)
    ORACULO        s7018 acum=0 h=0.0015  R0=0.873  vida=682.5  f_mala=0.8656  J=0.9904  (11.6s)
    ORACULO        s7019 acum=0 h=0.0015  R0=1.172  vida=698.0  f_mala=0.8695  J=0.9881  (10.9s)
    ORACULO        s7020 acum=0 h=0.0015  R0=0.832  vida=839.0  f_mala=0.8829  J=0.9661  (11.3s)
  crudo -> C:\Users\User\Documents\PROYECTOS\JUACO\anclado\datos\anclado_cal_s7001-7020_20260922_135510.json (sha b533c37ba0ca39be)
  -> R0 NADA 0.3143  R0 ORACULO 1.0  ancla=no  con margen=no
  NADA 0.3143 > 0.3: el resto de este rep_acum queda fuera (regla sec. 5c)
  punto acum=0 h=0.002: SALTADO (NADA ya salio por arriba en este rep_acum, regla 5c)
  punto acum=0 h=0.003: SALTADO (NADA ya salio por arriba en este rep_acum, regla 5c)
  crudo -> C:\Users\User\Documents\PROYECTOS\JUACO\anclado\datos\anclado_cal_s7001-7020_20260922_135510.json (sha 2a380d83d1915adc)

  PUNTO ELEGIDO: NINGUNO -- el mundo anclado NO existe con estas perillas en la rejilla (se declara; NO se amplia)
