MUNDO ANCLADO v2 · CALIBRACION v2 fila 0 (tox=1.25) semillas 7021-7040 · 2026-09-22 14:38:38 · T=100000
  organismo_anclado e689c2952b1991a4 (esperado e689c2952b1991a4)
  PREREGISTRO v2 sha 8404b03e172acf6f
  OK   regla14 NADA           = corre_bloque2.BRAZOS['NADA'] + ['anc_mide', 'olv_mal', 'rep_acum', 'tabla']
  OK   regla14 REL            = corre_bloque2.BRAZOS['REL'] + ['anc_mide', 'olv_mal', 'rep_acum', 'tabla']
  OK   regla14 ORACULO        = corre_bloque2.BRAZOS['ORACULO'] + ['anc_mide', 'olv_mal', 'rep_acum', 'tabla']
  OK   regla14 REL_BAR        = corre_bloque2.BRAZOS['REL_BAR'] + ['anc_mide', 'olv_mal', 'rep_acum', 'tabla']
  OK   regla14 ORACULO_CIEGO  = corre_bloque2.BRAZOS['ORACULO'] + ['anc_mide', 'olv_ciego', 'olv_mal', 'rep_acum', 'tabla']
  OK   regla14 NADA_CIEGO     = corre_bloque2.BRAZOS['NADA'] + ['anc_mide', 'olv_ciego', 'olv_mal', 'rep_acum', 'tabla']
  OK   regla14 RENACE         = corre_bloque2.BRAZOS['RENACE'] + ['anc_mide', 'olv_mal', 'rep_acum', 'tabla']
  punto tox=1.25 h=0.003
    NADA           s7021 tox=1.25 h=0.003  R0=0.274  vida=101.0  f_mala=0.7863  J=0.1783  (9.9s)
    NADA           s7022 tox=1.25 h=0.003  R0=0.351  vida=78.5  f_mala=0.7915  J=0.1616  (10.4s)
    NADA           s7023 tox=1.25 h=0.003  R0=0.266  vida=100.0  f_mala=0.7912  J=0.1936  (9.9s)
    NADA           s7024 tox=1.25 h=0.003  R0=0.246  vida=85.5  f_mala=0.7887  J=0.1686  (10.5s)
    NADA           s7025 tox=1.25 h=0.003  R0=0.287  vida=100.0  f_mala=0.801  J=0.1861  (10.6s)
    NADA           s7026 tox=1.25 h=0.003  R0=0.295  vida=93.5  f_mala=0.7945  J=0.1441  (10.7s)
    NADA           s7027 tox=1.25 h=0.003  R0=0.304  vida=98.0  f_mala=0.7914  J=0.1749  (10.6s)
    NADA           s7028 tox=1.25 h=0.003  R0=0.286  vida=100.0  f_mala=0.7837  J=0.2235  (10.5s)
    NADA           s7029 tox=1.25 h=0.003  R0=0.279  vida=100.0  f_mala=0.7879  J=0.1796  (10.7s)
    NADA           s7030 tox=1.25 h=0.003  R0=0.301  vida=100.0  f_mala=0.7863  J=0.1719  (10.3s)
    NADA           s7031 tox=1.25 h=0.003  R0=0.335  vida=93.0  f_mala=0.7818  J=0.125  (10.6s)
    NADA           s7032 tox=1.25 h=0.003  R0=0.272  vida=78.0  f_mala=0.7771  J=0.204  (11.0s)
    NADA           s7033 tox=1.25 h=0.003  R0=0.267  vida=100.0  f_mala=0.7887  J=0.2144  (10.8s)
    NADA           s7034 tox=1.25 h=0.003  R0=0.310  vida=100.0  f_mala=0.7843  J=0.235  (10.4s)
    NADA           s7035 tox=1.25 h=0.003  R0=0.305  vida=100.0  f_mala=0.796  J=0.2147  (10.8s)
    NADA           s7036 tox=1.25 h=0.003  R0=0.270  vida=97.5  f_mala=0.792  J=0.1397  (10.2s)
    NADA           s7037 tox=1.25 h=0.003  R0=0.294  vida=96.5  f_mala=0.7963  J=0.1969  (10.8s)
    NADA           s7038 tox=1.25 h=0.003  R0=0.373  vida=137.0  f_mala=0.788  J=0.2078  (10.2s)
    NADA           s7039 tox=1.25 h=0.003  R0=0.374  vida=100.0  f_mala=0.7908  J=0.2333  (10.6s)
    NADA           s7040 tox=1.25 h=0.003  R0=0.287  vida=87.0  f_mala=0.7861  J=0.1315  (10.2s)
    ORACULO        s7021 tox=1.25 h=0.003  R0=1.131  vida=793.0  f_mala=0.8302  J=0.9574  (11.8s)
    ORACULO        s7022 tox=1.25 h=0.003  R0=1.124  vida=672.0  f_mala=0.8274  J=0.9604  (12.2s)
    ORACULO        s7023 tox=1.25 h=0.003  R0=1.075  vida=618.0  f_mala=0.823  J=0.9802  (12.1s)
    ORACULO        s7024 tox=1.25 h=0.003  R0=0.954  vida=602.5  f_mala=0.8322  J=0.9806  (12.2s)
    ORACULO        s7025 tox=1.25 h=0.003  R0=0.910  vida=599.0  f_mala=0.8378  J=0.9807  (12.1s)
    ORACULO        s7026 tox=1.25 h=0.003  R0=1.057  vida=640.5  f_mala=0.8245  J=0.9567  (12.0s)
    ORACULO        s7027 tox=1.25 h=0.003  R0=1.301  vida=648.0  f_mala=0.8384  J=0.9299  (11.8s)
    ORACULO        s7028 tox=1.25 h=0.003  R0=1.049  vida=719.0  f_mala=0.8269  J=0.9894  (12.0s)
    ORACULO        s7029 tox=1.25 h=0.003  R0=1.062  vida=593.0  f_mala=0.8338  J=0.9505  (12.1s)
    ORACULO        s7030 tox=1.25 h=0.003  R0=1.027  vida=619.0  f_mala=0.825  J=0.9802  (12.2s)
    ORACULO        s7031 tox=1.25 h=0.003  R0=0.959  vida=601.0  f_mala=0.8263  J=0.9461  (12.7s)
    ORACULO        s7032 tox=1.25 h=0.003  R0=1.184  vida=669.5  f_mala=0.8478  J=0.9785  (11.9s)
    ORACULO        s7033 tox=1.25 h=0.003  R0=1.000  vida=772.0  f_mala=0.8476  J=0.9802  (12.3s)
    ORACULO        s7034 tox=1.25 h=0.003  R0=1.081  vida=688.0  f_mala=0.8261  J=0.9709  (12.2s)
    ORACULO        s7035 tox=1.25 h=0.003  R0=1.149  vida=688.0  f_mala=0.828  J=0.9875  (12.1s)
    ORACULO        s7036 tox=1.25 h=0.003  R0=1.158  vida=607.0  f_mala=0.822  J=0.9662  (11.7s)
    ORACULO        s7037 tox=1.25 h=0.003  R0=0.959  vida=670.0  f_mala=0.8158  J=0.9655  (12.2s)
    ORACULO        s7038 tox=1.25 h=0.003  R0=1.245  vida=701.0  f_mala=0.8473  J=0.9895  (11.9s)
    ORACULO        s7039 tox=1.25 h=0.003  R0=1.253  vida=784.0  f_mala=0.8247  J=0.9773  (11.8s)
    ORACULO        s7040 tox=1.25 h=0.003  R0=1.172  vida=655.0  f_mala=0.8298  J=0.9623  (11.8s)
  crudo -> C:\Users\User\Documents\PROYECTOS\JUACO\anclado\datos\anclado2_cal_s7021-7040_fila0_20260922_143838.json (sha 6162f1216b7c147b)
  -> R0 NADA 0.2908  R0 ORACULO 1.0779  razon 3.71  ancla=SI
  ORACULO ya >= 1.0: en esta fila los h mayores solo inflan el mundo (regla 5b); fila cerrada
  FILA 0 CERRADA: [{'tox': 1.25, 'h': 0.003, 'R0_NADA': 0.2908, 'R0_OR': 1.0779, 'razon': 3.71, 'ancla': True, 'vida_NADA': 100.0, 'vida_OR': 662.25, 'fmala_NADA': 0.7887, 'fmala_OR': 0.8277, 'J_NADA': 0.1829, 'J_OR': 0.9741}]
