MUNDO ANCLADO v2 · CALIBRACION v2 fila 1 (tox=1.5) semillas 7021-7040 · 2026-09-22 14:24:33 · T=100000
  organismo_anclado e689c2952b1991a4 (esperado e689c2952b1991a4)
  PREREGISTRO v2 sha 8404b03e172acf6f
  OK   regla14 NADA           = corre_bloque2.BRAZOS['NADA'] + ['anc_mide', 'olv_mal', 'rep_acum', 'tabla']
  OK   regla14 REL            = corre_bloque2.BRAZOS['REL'] + ['anc_mide', 'olv_mal', 'rep_acum', 'tabla']
  OK   regla14 ORACULO        = corre_bloque2.BRAZOS['ORACULO'] + ['anc_mide', 'olv_mal', 'rep_acum', 'tabla']
  OK   regla14 REL_BAR        = corre_bloque2.BRAZOS['REL_BAR'] + ['anc_mide', 'olv_mal', 'rep_acum', 'tabla']
  OK   regla14 ORACULO_CIEGO  = corre_bloque2.BRAZOS['ORACULO'] + ['anc_mide', 'olv_ciego', 'olv_mal', 'rep_acum', 'tabla']
  OK   regla14 NADA_CIEGO     = corre_bloque2.BRAZOS['NADA'] + ['anc_mide', 'olv_ciego', 'olv_mal', 'rep_acum', 'tabla']
  OK   regla14 RENACE         = corre_bloque2.BRAZOS['RENACE'] + ['anc_mide', 'olv_mal', 'rep_acum', 'tabla']
  punto tox=1.5 h=0.003
    NADA           s7021 tox=1.5 h=0.003  R0=0.113  vida=19.0  f_mala=0.7795  J=0.1724  (8.2s)
    NADA           s7022 tox=1.5 h=0.003  R0=0.098  vida=21.0  f_mala=0.7524  J=0.1593  (8.6s)
    NADA           s7023 tox=1.5 h=0.003  R0=0.137  vida=23.0  f_mala=0.7767  J=0.1652  (8.8s)
    NADA           s7024 tox=1.5 h=0.003  R0=0.126  vida=21.0  f_mala=0.7705  J=0.1725  (8.6s)
    NADA           s7025 tox=1.5 h=0.003  R0=0.098  vida=19.0  f_mala=0.7682  J=0.1812  (8.8s)
    NADA           s7026 tox=1.5 h=0.003  R0=0.117  vida=19.0  f_mala=0.7592  J=0.1731  (8.6s)
    NADA           s7027 tox=1.5 h=0.003  R0=0.106  vida=20.0  f_mala=0.7627  J=0.189  (9.1s)
    NADA           s7028 tox=1.5 h=0.003  R0=0.105  vida=17.0  f_mala=0.7513  J=0.163  (8.5s)
    NADA           s7029 tox=1.5 h=0.003  R0=0.100  vida=16.0  f_mala=0.7741  J=0.1668  (9.2s)
    NADA           s7030 tox=1.5 h=0.003  R0=0.090  vida=21.0  f_mala=0.7619  J=0.216  (9.3s)
    NADA           s7031 tox=1.5 h=0.003  R0=0.079  vida=19.0  f_mala=0.749  J=0.1572  (8.8s)
    NADA           s7032 tox=1.5 h=0.003  R0=0.090  vida=20.0  f_mala=0.7608  J=0.16  (8.8s)
    NADA           s7033 tox=1.5 h=0.003  R0=0.104  vida=20.0  f_mala=0.763  J=0.1986  (9.8s)
    NADA           s7034 tox=1.5 h=0.003  R0=0.137  vida=22.0  f_mala=0.7491  J=0.2034  (10.8s)
    NADA           s7035 tox=1.5 h=0.003  R0=0.130  vida=21.0  f_mala=0.766  J=0.1755  (10.4s)
    NADA           s7036 tox=1.5 h=0.003  R0=0.099  vida=18.0  f_mala=0.7537  J=0.1515  (10.2s)
    NADA           s7037 tox=1.5 h=0.003  R0=0.123  vida=18.0  f_mala=0.7696  J=0.1682  (10.9s)
    NADA           s7038 tox=1.5 h=0.003  R0=0.107  vida=18.0  f_mala=0.7738  J=0.1711  (10.3s)
    NADA           s7039 tox=1.5 h=0.003  R0=0.117  vida=20.0  f_mala=0.7569  J=0.1805  (10.9s)
    NADA           s7040 tox=1.5 h=0.003  R0=0.125  vida=21.0  f_mala=0.7654  J=0.1608  (10.5s)
    ORACULO        s7021 tox=1.5 h=0.003  R0=0.676  vida=140.0  f_mala=0.8434  J=0.9805  (13.0s)
    ORACULO        s7022 tox=1.5 h=0.003  R0=0.672  vida=124.5  f_mala=0.8296  J=0.9922  (12.9s)
    ORACULO        s7023 tox=1.5 h=0.003  R0=0.799  vida=153.0  f_mala=0.8239  J=0.9785  (12.1s)
    ORACULO        s7024 tox=1.5 h=0.003  R0=0.804  vida=235.0  f_mala=0.824  J=1.0  (12.4s)
    ORACULO        s7025 tox=1.5 h=0.003  R0=0.598  vida=107.5  f_mala=0.8302  J=0.976  (13.2s)
    ORACULO        s7026 tox=1.5 h=0.003  R0=0.642  vida=155.5  f_mala=0.826  J=0.976  (12.7s)
    ORACULO        s7027 tox=1.5 h=0.003  R0=0.638  vida=104.0  f_mala=0.8281  J=0.9726  (13.7s)
    ORACULO        s7028 tox=1.5 h=0.003  R0=0.612  vida=234.5  f_mala=0.8381  J=0.9928  (13.0s)
    ORACULO        s7029 tox=1.5 h=0.003  R0=0.770  vida=532.0  f_mala=0.8294  J=0.9926  (11.8s)
    ORACULO        s7030 tox=1.5 h=0.003  R0=0.653  vida=128.5  f_mala=0.8214  J=0.9917  (11.7s)
    ORACULO        s7031 tox=1.5 h=0.003  R0=0.716  vida=157.0  f_mala=0.836  J=0.9469  (10.6s)
    ORACULO        s7032 tox=1.5 h=0.003  R0=0.741  vida=537.5  f_mala=0.8369  J=0.9741  (11.1s)
    ORACULO        s7033 tox=1.5 h=0.003  R0=0.535  vida=75.0  f_mala=0.834  J=1.0  (11.4s)
    ORACULO        s7034 tox=1.5 h=0.003  R0=0.679  vida=262.5  f_mala=0.8049  J=1.0  (11.2s)
    ORACULO        s7035 tox=1.5 h=0.003  R0=0.595  vida=150.5  f_mala=0.837  J=0.9932  (11.0s)
    ORACULO        s7036 tox=1.5 h=0.003  R0=0.734  vida=123.0  f_mala=0.8314  J=0.9664  (10.6s)
    ORACULO        s7037 tox=1.5 h=0.003  R0=0.541  vida=91.0  f_mala=0.8281  J=1.0  (12.0s)
    ORACULO        s7038 tox=1.5 h=0.003  R0=0.719  vida=302.0  f_mala=0.8382  J=0.9915  (10.2s)
    ORACULO        s7039 tox=1.5 h=0.003  R0=0.763  vida=331.5  f_mala=0.8206  J=0.9803  (10.6s)
    ORACULO        s7040 tox=1.5 h=0.003  R0=0.830  vida=151.0  f_mala=0.8347  J=0.9905  (10.9s)
  crudo -> C:\Users\User\Documents\PROYECTOS\JUACO\anclado\datos\anclado2_cal_s7021-7040_fila1_20260922_142433.json (sha eac94f3524c64ebb)
  -> R0 NADA 0.1066  R0 ORACULO 0.6773  razon 6.35  ancla=no
  punto tox=1.5 h=0.006
    NADA           s7021 tox=1.5 h=0.006  R0=0.251  vida=25.0  f_mala=0.7332  J=0.1714  (9.1s)
    NADA           s7022 tox=1.5 h=0.006  R0=0.274  vida=25.0  f_mala=0.7313  J=0.1735  (8.9s)
    NADA           s7023 tox=1.5 h=0.006  R0=0.349  vida=27.0  f_mala=0.7237  J=0.2132  (8.6s)
    NADA           s7024 tox=1.5 h=0.006  R0=0.219  vida=24.0  f_mala=0.7056  J=0.1829  (9.0s)
    NADA           s7025 tox=1.5 h=0.006  R0=0.244  vida=21.0  f_mala=0.7145  J=0.204  (9.5s)
    NADA           s7026 tox=1.5 h=0.006  R0=0.206  vida=21.0  f_mala=0.7181  J=0.2151  (9.2s)
    NADA           s7027 tox=1.5 h=0.006  R0=0.230  vida=22.0  f_mala=0.7344  J=0.1782  (8.9s)
    NADA           s7028 tox=1.5 h=0.006  R0=0.310  vida=27.0  f_mala=0.7256  J=0.1693  (8.7s)
    NADA           s7029 tox=1.5 h=0.006  R0=0.224  vida=23.5  f_mala=0.7292  J=0.169  (8.9s)
    NADA           s7030 tox=1.5 h=0.006  R0=0.299  vida=26.0  f_mala=0.7216  J=0.201  (9.2s)
    NADA           s7031 tox=1.5 h=0.006  R0=0.288  vida=24.0  f_mala=0.7299  J=0.1739  (9.1s)
    NADA           s7032 tox=1.5 h=0.006  R0=0.248  vida=21.5  f_mala=0.7092  J=0.1909  (9.0s)
    NADA           s7033 tox=1.5 h=0.006  R0=0.211  vida=22.5  f_mala=0.7303  J=0.1847  (9.0s)
    NADA           s7034 tox=1.5 h=0.006  R0=0.203  vida=17.0  f_mala=0.737  J=0.1787  (9.0s)
    NADA           s7035 tox=1.5 h=0.006  R0=0.324  vida=22.0  f_mala=0.7266  J=0.1923  (8.9s)
    NADA           s7036 tox=1.5 h=0.006  R0=0.209  vida=22.0  f_mala=0.718  J=0.2205  (9.4s)
    NADA           s7037 tox=1.5 h=0.006  R0=0.236  vida=18.0  f_mala=0.7253  J=0.2078  (9.5s)
    NADA           s7038 tox=1.5 h=0.006  R0=0.246  vida=21.0  f_mala=0.7234  J=0.2114  (8.7s)
    NADA           s7039 tox=1.5 h=0.006  R0=0.276  vida=20.0  f_mala=0.7321  J=0.1223  (8.8s)
    NADA           s7040 tox=1.5 h=0.006  R0=0.266  vida=24.0  f_mala=0.7201  J=0.1548  (8.7s)
    ORACULO        s7021 tox=1.5 h=0.006  R0=1.375  vida=545.5  f_mala=0.7736  J=0.9682  (10.1s)
    ORACULO        s7022 tox=1.5 h=0.006  R0=1.359  vida=617.5  f_mala=0.7691  J=1.0  (10.1s)
    ORACULO        s7023 tox=1.5 h=0.006  R0=1.851  vida=686.0  f_mala=0.7568  J=0.9661  (10.0s)
    ORACULO        s7024 tox=1.5 h=0.006  R0=1.266  vida=608.0  f_mala=0.7642  J=1.0  (10.6s)
    ORACULO        s7025 tox=1.5 h=0.006  R0=2.323  vida=1206.5  f_mala=0.7576  J=0.9783  (9.6s)
    ORACULO        s7026 tox=1.5 h=0.006  R0=1.659  vida=643.0  f_mala=0.7647  J=0.9841  (10.5s)
    ORACULO        s7027 tox=1.5 h=0.006  R0=1.264  vida=323.5  f_mala=0.7738  J=0.971  (10.0s)
    ORACULO        s7028 tox=1.5 h=0.006  R0=1.266  vida=276.0  f_mala=0.7643  J=0.9877  (10.0s)
    ORACULO        s7029 tox=1.5 h=0.006  R0=1.635  vida=687.0  f_mala=0.7577  J=0.9718  (9.7s)
    ORACULO        s7030 tox=1.5 h=0.006  R0=1.625  vida=636.0  f_mala=0.7698  J=0.9701  (9.3s)
    ORACULO        s7031 tox=1.5 h=0.006  R0=1.605  vida=565.5  f_mala=0.7706  J=0.9583  (9.8s)
    ORACULO        s7032 tox=1.5 h=0.006  R0=1.609  vida=201.0  f_mala=0.7767  J=0.9407  (9.7s)
    ORACULO        s7033 tox=1.5 h=0.006  R0=1.190  vida=419.5  f_mala=0.7839  J=0.9733  (9.8s)
    ORACULO        s7034 tox=1.5 h=0.006  R0=1.544  vida=602.0  f_mala=0.761  J=1.0  (9.8s)
    ORACULO        s7035 tox=1.5 h=0.006  R0=1.484  vida=577.0  f_mala=0.7614  J=0.9853  (9.7s)
    ORACULO        s7036 tox=1.5 h=0.006  R0=1.489  vida=605.5  f_mala=0.7718  J=0.9853  (9.8s)
    ORACULO        s7037 tox=1.5 h=0.006  R0=1.141  vida=568.0  f_mala=0.7788  J=1.0  (9.8s)
    ORACULO        s7038 tox=1.5 h=0.006  R0=1.651  vida=606.5  f_mala=0.7706  J=0.9636  (9.7s)
    ORACULO        s7039 tox=1.5 h=0.006  R0=1.788  vida=569.0  f_mala=0.7681  J=0.9636  (10.3s)
    ORACULO        s7040 tox=1.5 h=0.006  R0=1.298  vida=574.0  f_mala=0.7579  J=0.9865  (9.6s)
  crudo -> C:\Users\User\Documents\PROYECTOS\JUACO\anclado\datos\anclado2_cal_s7021-7040_fila1_20260922_142433.json (sha e8c95e0721edb38a)
  -> R0 NADA 0.247  R0 ORACULO 1.5168  razon 6.14  ancla=SI
  ORACULO ya >= 1.0: en esta fila los h mayores solo inflan el mundo (regla 5b); fila cerrada
  FILA 1 CERRADA: [{'tox': 1.5, 'h': 0.003, 'R0_NADA': 0.1066, 'R0_OR': 0.6773, 'razon': 6.35, 'ancla': False, 'vida_NADA': 20.0, 'vida_OR': 152.0, 'fmala_NADA': 0.7629, 'fmala_OR': 0.8299, 'J_NADA': 0.1718, 'J_OR': 0.991}, {'tox': 1.5, 'h': 0.006, 'R0_NADA': 0.247, 'R0_OR': 1.5168, 'razon': 6.14, 'ancla': True, 'vida_NADA': 22.25, 'vida_OR': 589.5, 'fmala_NADA': 0.7254, 'fmala_OR': 0.7686, 'J_NADA': 0.1838, 'J_OR': 0.9758}]
