[13:25:44 +    0.0s] ARRANQUE V4-CAL — calibracion del CRITERIO DE TRONCO v4 (serie, Pool 5)
[13:25:44 +    0.0s] shas {'preregistro': '2646dd7a8c42891b', 'criterio_v4': 'c529c48f63734426', 'script': 'c70d1c643e78ee88', 'umbrales': '881e2a07245566bb', 'identidad_v4': 'ab3bf0453c23a8c8', 'regla14': 'd31958b997a763aa', 'anclas': {'experimentos\\criterio_v3\\organismo_v3cal.py': '148014f68cb01785', 'experimentos\\criterio_v3\\identidad_criterio_v3.py': '1356458f34134c83', 'experimentos\\criterio_v3\\corre_criterio_v3.py': '7f93eca0e45e167b', 'experimentos\\nivel11_mundo_vivo\\corre_vivo_rep2.py': '10ab45355883d98d', 'experimentos\\nivel11_mundo_vivo\\mini_vivo.py': 'f3e86cbe6c17e6d7', 'experimentos\\nivel11_mundo_vivo\\organismo_vivo_rep2.py': '96feb4918dc5d694', 'organismo\\organismo_v142.py': '17528d767fcebaf6'}}
[13:25:44 +    0.0s] brazos: OFF {'placebo': 0} | TRONCO_B {'placebo': 0} semilla+100000 | PLACEBO {'placebo': 1} | PEOR {'placebo': 0, 'costo': 0.0015, 'costo_a': 0.0015}
[13:25:44 +    0.0s] letra v4: v4 T-A: en VIVO y en CUELLO_MIN: mediana de muertes <= 1.10 x tronco, mediana de r >= tronco - 10, y NO INFERIORIDAD de una cola al 95 % (z = 1.645) en r con margen 10 (LI > -10). n = 80 por brazo. || v4 T-C (ii): NO INFERIORIDAD de una cola al 95 % (z = 1.645) en rev con margen 12.5 (LI > -12.5). n = 80. || v4 T-F (parte del mundo vivo): medianas de muertes, celdas y splits <= 1.25 x tronco (divisor max(tronco, 1))
[13:25:44 +    0.0s]    opcion ERR-94 v3 (n40, m10)                P(pasa|nulo) T-A 0.928  T-C ii 0.707  juntas 0.656
[13:25:44 +    0.0s]    opcion ERR-94 solo n = 80 (m10)            P(pasa|nulo) T-A 0.999  T-C ii 0.931  juntas 0.93
[13:25:44 +    0.0s]    opcion ERR-94 solo margen 15 (n40)         P(pasa|nulo) T-A 0.928  T-C ii 0.95  juntas 0.882
[13:25:44 +    0.0s]    opcion ERR-94 ELEGIDA: n = 80 y m_TC 12.5  P(pasa|nulo) T-A 0.999  T-C ii 0.987  juntas 0.986
[13:25:44 +    0.0s]    opcion ERR-94 n = 80 y m_TC 15 (reserva)   P(pasa|nulo) T-A 0.999  T-C ii 0.999  juntas 0.998
[13:25:44 +    0.0s] semillas 2841-2920 (n=80; TRONCO_B 102841-102920); T=100000
[13:25:44 +    0.5s] REGLA 11 — procesos python vivos (10), este es pid 11116
[13:25:44 +    0.5s] ETAPA 1-2/6 — identidad (v3 54/54 + v4) y regla 14.
[13:25:44 +    0.5s]    -> SUBPROCESO (identidad v3 (instrumento reusado)): identidad_criterio_v3.py 20000
[13:28:22 +  158.4s]       | --- I2: organismo_v3cal(desambiguar=0,placebo=0) == organismo_vivo_rep2 (rep2 VIVO/CUELLO_MIN, mini VIVO)
[13:28:22 +  158.4s]       | --- I3: B-5 INERTE en los mundos del tronco: desambiguar=1 == desambiguar=0 (prediccion de v14.2)
[13:28:22 +  158.4s]       | --- I4: placebo=0 == el defecto (no pasar la perilla)
[13:28:22 +  158.4s]       | --- I5: invertir_vivo_en > T es INERTE
[13:28:22 +  158.4s]       | --- I6: rango de muertes con placebo=1 dentro del rango con placebo=0 (6 semillas; SE REPORTA, no es puerta)
[13:28:22 +  158.4s]       |     muertes placebo=0 [10, 16, 16, 17, 23, 26]  mediana 17
[13:28:22 +  158.4s]       |     muertes placebo=1 [14, 17, 17, 21, 24, 24]  mediana 21
[13:28:22 +  158.4s]       |     (T=20000: es una LECTURA, no una puerta; la puerta es la serie de 40 semillas)
[13:28:22 +  158.4s]       | --- CONTROLES QUE DEBEN FALLAR (M1..M7)
[13:28:22 +  158.4s]       | IDENTIDADES 47/47   CONTROLES QUE FALLAN COMO DEBEN 7/7   (157.7s)
[13:28:22 +  158.4s]       | ARNES TOTAL: 54/54
[13:28:22 +  158.4s]       | datos -> identidad_v3cal_20260922_132822.json
[13:28:22 +  158.4s]       (158s)
[13:28:22 +  158.4s]       JSON por prefijo+sello: identidad_v3cal_20260922_132822.json  sha256_16 = 98eb3463e26a9aa4
[13:28:22 +  158.4s]    -> SUBPROCESO (identidad v4 (lo nuevo)): identidad_v4.py 20000
[13:28:43 +  179.8s]       | --- J3/J4: el montaje de T-C (ii)
[13:28:43 +  179.8s]       |   OK  J3 T-C ii: OFF del runner == tronco (mord, vis, deaths, celdas, splits)
[13:28:43 +  179.8s]       |   OK  J4 T-C ii: TRONCO_B == tronco en s+100000
[13:28:43 +  179.8s]       | --- J5 / K4 / K5: el juez (listas sinteticas de 80, sin simulacion)
[13:28:43 +  179.8s]       |   OK  J5 T-A v4 (x, x) PASA
[13:28:43 +  179.8s]       |   OK  J5 T-C ii v4 (x, x) PASA
[13:28:43 +  179.8s]       |   OK  J5 T-F (x, x) PASA
[13:28:43 +  179.8s]       |   OK  K4 T-A v4 con delta = -40 CAE
[13:28:43 +  179.8s]       |   OK  K4 T-C ii v4 con delta = -40 CAE
[13:28:43 +  179.8s]       |   OK  K5 T-F con muertes x1.5 CAE
[13:28:43 +  179.8s]       | ARNES V4 TOTAL: 16/16 OK  (21.1 s)
[13:28:43 +  179.8s]       | datos -> identidad_v4_20260922_132843.json
[13:28:43 +  179.8s]       (21s)
[13:28:43 +  179.8s]       JSON por prefijo+sello: identidad_v4_20260922_132843.json  sha256_16 = 34d1540e3d3db2fc
[13:28:43 +  179.8s]    -> SUBPROCESO (regla 14 v4): regla14_v4.py
[13:28:44 +  180.1s]       |   vivo                      1             1   SI
[13:28:44 +  180.1s]       |   estims           ('A', 'B', 'C', 'D')    ('A', 'B', 'C', 'D')   SI
[13:28:44 +  180.1s]       |   costo                 0.001 ->     0.0015   DECLARADO
[13:28:44 +  180.1s]       |   costo_a               0.001 ->     0.0015   DECLARADO
[13:28:44 +  180.1s]       |   n_nec                     2             2   SI
[13:28:44 +  180.1s]       |   campos de mas: {'desambiguar': 1, 'invertir_vivo_en': 50000, 'placebo': 0}
[13:28:44 +  180.1s]       | 
[13:28:44 +  180.1s]       | VIVO: TRONCO_B == OFF campo a campo: True | PLACEBO difiere solo en placebo=1: True | PEOR solo en costo/costo_a x1.5: True | semilla TRONCO_B = s+100000: True
[13:28:44 +  180.1s]       | 
[13:28:44 +  180.1s]       | CUELLO_MIN: TRONCO_B == OFF campo a campo: True | PLACEBO difiere solo en placebo=1: True | PEOR solo en costo/costo_a x1.5: True | semilla TRONCO_B = s+100000: True
[13:28:44 +  180.1s]       | 
[13:28:44 +  180.1s]       | REGLA 14 v4: OK
[13:28:44 +  180.1s]       (0s)
[13:28:44 +  180.1s] ETAPA 3/6 — T-C (ii), 80 semillas x ['OFF', 'TRONCO_B', 'PLACEBO', 'PEOR'] = 320 corridas (Pool 5).
[13:29:57 +  252.9s]           T-C ii 40/320
[13:31:07 +  323.5s]           T-C ii 80/320
[13:32:16 +  392.1s]           T-C ii 120/320
[13:33:25 +  461.7s]           T-C ii 160/320
[13:34:35 +  531.2s]           T-C ii 200/320
[13:35:45 +  600.9s]           T-C ii 240/320
[13:36:56 +  672.6s]           T-C ii 280/320
[13:38:06 +  742.7s]           T-C ii 320/320
[13:38:06 +  742.8s]    CRUDO (320 corridas) -> critv4_20260922_132544_crudo_TCii.json  sha256_16 = 925dfa864941c30e
[13:38:06 +  742.8s] ETAPA 4/6 — T-A, ['VIVO', 'CUELLO_MIN'] x 80 x ['OFF', 'TRONCO_B', 'PLACEBO', 'PEOR'] = 640 corridas (Pool 5).
[13:39:18 +  814.6s]           T-A 40/640
[13:40:30 +  886.5s]           T-A 80/640
[13:41:41 +  957.3s]           T-A 120/640
[13:42:53 + 1029.1s]           T-A 160/640
[13:44:03 + 1099.8s]           T-A 200/640
[13:45:17 + 1173.7s]           T-A 240/640
[13:46:31 + 1247.4s]           T-A 280/640
[13:47:44 + 1320.3s]           T-A 320/640
[13:48:54 + 1390.5s]           T-A 360/640
[13:50:06 + 1462.1s]           T-A 400/640
[13:51:20 + 1536.5s]           T-A 440/640
[13:52:30 + 1606.3s]           T-A 480/640
[13:53:42 + 1677.9s]           T-A 520/640
[13:54:57 + 1753.1s]           T-A 560/640
[13:56:13 + 1829.7s]           T-A 600/640
[13:57:32 + 1908.4s]           T-A 640/640
[13:57:32 + 1908.6s]    CRUDO (640 corridas) -> critv4_20260922_132544_crudo_TA.json  sha256_16 = d822b6d5e83bd356
[13:57:32 + 1908.6s] ETAPA 5/6 — veredicto de v4 (v3 y v2 al lado) sobre TRONCO_B, PLACEBO y PEOR.
[13:57:32 + 1908.6s]    T-A VIVO       [TRONCO_B] muertes 93.0/92.0 (<= 1.1x) r -75.0/-73.0 (>= -10.0)  NI media -1.05 sd 16.867 LI -4.152 > -10.0 -> v4 PASA | v3(n40) PASA | v2(n20, A12 0.6) PASA  | fraccion de semillas con d >= -10: 0.725 (lectura, no puerta)
[13:57:32 + 1908.6s]    T-F VIVO       [TRONCO_B] deaths 93.0/92.0 (1.011 <= 1.25)  celdas 37.0/37.0 (1.0 <= 1.25)  splits 7.0/7.0 (1.0 <= 1.25) -> PASA
[13:57:32 + 1908.6s]    T-A CUELLO_MIN [TRONCO_B] muertes 73.0/72.5 (<= 1.1x) r -6.0/-6.5 (>= -10.0)  NI media 0.225 sd 17.361 LI -2.968 > -10.0 -> v4 PASA | v3(n40) PASA | v2(n20, A12 0.325) NO  | fraccion de semillas con d >= -10: 0.713 (lectura, no puerta)
[13:57:32 + 1908.6s]    T-F CUELLO_MIN [TRONCO_B] deaths 73.0/72.5 (1.007 <= 1.25)  celdas 37.0/36.0 (1.028 <= 1.25)  splits 7.0/6.0 (1.167 <= 1.25) -> PASA
[13:57:32 + 1908.6s]    T-C ii       [TRONCO_B] rev 47.0/43.0  NI media 1.6 sd 27.611 LI -3.478 > -12.5 -> v4 PASA | v3(n40) PASA | v2(n20, A12 0.4) NO   expB_Q4 (212.0, 200.0) expA_Q4 (1709.5, 1700.5) (trampa 3)
[13:57:32 + 1908.6s]    >>> TRONCO_B: v4 (T-A, T-C ii, T-F vivo) PASA
[13:57:32 + 1908.6s]    T-A VIVO       [PLACEBO ] muertes 93.0/92.0 (<= 1.1x) r -73.0/-73.0 (>= -10.0)  NI media -1.038 sd 15.055 LI -3.806 > -10.0 -> v4 PASA | v3(n40) PASA | v2(n20, A12 0.45) NO  | fraccion de semillas con d >= -10: 0.762 (lectura, no puerta)
[13:57:32 + 1908.6s]    T-F VIVO       [PLACEBO ] deaths 93.0/92.0 (1.011 <= 1.25)  celdas 37.0/37.0 (1.0 <= 1.25)  splits 7.0/7.0 (1.0 <= 1.25) -> PASA
[13:57:32 + 1908.6s]    T-A CUELLO_MIN [PLACEBO ] muertes 74.0/72.5 (<= 1.1x) r -6.0/-6.5 (>= -10.0)  NI media 1.812 sd 17.447 LI -1.396 > -10.0 -> v4 PASA | v3(n40) PASA | v2(n20, A12 0.4) NO  | fraccion de semillas con d >= -10: 0.775 (lectura, no puerta)
[13:57:32 + 1908.6s]    T-F CUELLO_MIN [PLACEBO ] deaths 74.0/72.5 (1.021 <= 1.25)  celdas 36.0/36.0 (1.0 <= 1.25)  splits 6.0/6.0 (1.0 <= 1.25) -> PASA
[13:57:32 + 1908.6s]    T-C ii       [PLACEBO ] rev 41.0/43.0  NI media -1.887 sd 28.233 LI -7.08 > -12.5 -> v4 PASA | v3(n40) PASA | v2(n20, A12 0.35) NO   expB_Q4 (202.0, 200.0) expA_Q4 (1744.5, 1700.5) (trampa 3)
[13:57:32 + 1908.6s]    >>> PLACEBO: v4 (T-A, T-C ii, T-F vivo) PASA
[13:57:32 + 1908.6s]    T-A VIVO       [PEOR    ] muertes 155.0/92.0 (<= 1.1x) r -152.5/-73.0 (>= -10.0)  NI media -80.138 sd 18.047 LI -83.457 > -10.0 -> v4 NO | v3(n40) NO | v2(n20, A12 0.0) NO  | fraccion de semillas con d >= -10: 0.0 (lectura, no puerta)
[13:57:32 + 1908.6s]    T-F VIVO       [PEOR    ] deaths 155.0/92.0 (1.685 <= 1.25)  celdas 37.0/37.0 (1.0 <= 1.25)  splits 7.0/7.0 (1.0 <= 1.25) -> NO
[13:57:32 + 1908.6s]    T-A CUELLO_MIN [PEOR    ] muertes 133.5/72.5 (<= 1.1x) r -122.0/-6.5 (>= -10.0)  NI media -114.875 sd 18.177 LI -118.218 > -10.0 -> v4 NO | v3(n40) NO | v2(n20, A12 0.0) NO  | fraccion de semillas con d >= -10: 0.0 (lectura, no puerta)
[13:57:32 + 1908.6s]    T-F CUELLO_MIN [PEOR    ] deaths 133.5/72.5 (1.841 <= 1.25)  celdas 37.0/36.0 (1.028 <= 1.25)  splits 7.0/6.0 (1.167 <= 1.25) -> NO
[13:57:32 + 1908.6s]    T-C ii       [PEOR    ] rev 47.0/43.0  NI media 3.788 sd 26.881 LI -1.156 > -12.5 -> v4 PASA | v3(n40) PASA | v2(n20, A12 0.625) NO   expB_Q4 (234.5, 200.0) expA_Q4 (1607.5, 1700.5) (trampa 3)
[13:57:32 + 1908.6s]    >>> PEOR: v4 (T-A, T-C ii, T-F vivo) NO PASA
[13:57:32 + 1908.6s] ETAPA 6/6 — CALIBRACION por REPARTO del nulo OFF + TRONCO_B (ley identica por construccion), B=4000.
[13:57:46 + 1922.3s]    reparto v4               {'juntas': 0.9952, 'TA': 0.9992, 'TC': 0.996}
[13:57:46 + 1922.3s]    reparto v3               {'juntas': 0.7088, 'TA': 0.939, 'TC': 0.7548}
[13:57:46 + 1922.3s]    reparto v2_TA_n20        0.323
[13:57:46 + 1922.3s]    reparto v2_TC_n20        0.0177
[13:57:46 + 1922.3s]    reparto v4_delta20       {'TA': 0.0, 'TC': 0.0}
[13:57:46 + 1922.3s]    reparto v4_delta_margen  {'TA': 0.0027, 'TC': 0.058}
[13:57:46 + 1922.3s]    marginales TRONCO_B (A12 no pareado vs OFF; banda Bonferroni [0.379, 0.621], NO puerta): {'r_VIVO': 0.477, 'muertes_VIVO': 0.477, 'r_CUELLO_MIN': 0.508, 'muertes_CUELLO_MIN': 0.491, 'rev': 0.55, 'muertes_rev': 0.497}  dentro 6/6
[13:57:46 + 1922.3s]    marginales PLACEBO  (A12 no pareado vs OFF; banda Bonferroni [0.379, 0.621], NO puerta): {'r_VIVO': 0.485, 'muertes_VIVO': 0.477, 'r_CUELLO_MIN': 0.526, 'muertes_CUELLO_MIN': 0.499, 'rev': 0.468, 'muertes_rev': 0.454}  dentro 6/6
[13:57:46 + 1922.3s]    V4-1 [REPARTO del nulo (OFF + TRONCO_B, ley identica por construccion): P(T-A v4 y T-C ii v4 pasan) >= 0.95] -> 0.9952 -> CUMPLE
[13:57:46 + 1922.3s]    V4-2 [TRONCO_B (el tronco en semillas s+100000, sin perilla) PASA T-A, T-C ii y T-F vivo bajo v4 en la realizacion] -> True -> CUMPLE
[13:57:46 + 1922.3s]    V4-3 [PLACEBO (candidato inerte, placebo = 1) PASA T-A, T-C ii y T-F vivo bajo v4 en la realizacion] -> True -> CUMPLE
[13:57:46 + 1922.3s]    V4-4 [PEOR (coste de vida x1.5, conocido malo x2 series) CAE v4 en la realizacion] -> False -> CUMPLE
[13:57:46 + 1922.3s]    V4-5 [desplazamiento exacto por reparto: delta = -20 pasa <= 0.05 en T-A y en T-C ii, y delta = -margen pasa <= 0.15 en cada puerta (por construccion ~0.05; 0.15 deja lugar al error de estimacion del reparto)] -> {'delta20': {'TA': 0.0, 'TC': 0.0}, 'delta_margen': {'TA': 0.0027, 'TC': 0.058}} -> CUMPLE
[13:57:46 + 1922.3s]    >>> v4 CUMPLE sus cinco condiciones en esta serie (utilizable sólo si la replica tambien las cumple)
[13:57:46 + 1922.3s]    P-1 [V4-1 (reparto del nulo, las dos puertas juntas)] firmado 0.965-1.0 -> 0.9952 -> ACERTADA
[13:57:46 + 1922.3s]    P-2 [T-C (ii) sola por reparto] firmado 0.97-1.0 -> 0.996 -> ACERTADA
[13:57:46 + 1922.3s]    P-3 [T-A entera sola por reparto] firmado 0.985-1.0 -> 0.9992 -> ACERTADA
[13:57:46 + 1922.3s]    P-4 [v2 sobre el mismo nulo (T-A, n = 20) sigue rechazando al tronco] firmado 0.2-0.45 -> 0.323 -> ACERTADA
[13:57:46 + 1922.3s]    P-5 [v3 sobre el mismo nulo (n = 40, T-A y T-C ii juntas)] firmado 0.55-0.8 -> 0.7088 -> ACERTADA
[13:57:46 + 1922.3s]    P-6 [marginales dentro de la banda de Bonferroni: TRONCO_B 6/6; PLACEBO >= 5/6] firmado - -> {'TRONCO_B': 6, 'PLACEBO': 6} -> ACERTADA
[13:57:46 + 1922.3s]    P-7 [PEOR: delta_r mediano <= -60 en los dos brazos de T-A (medido -74..-114)] firmado - -> [-79.5, -115.5] -> ACERTADA
[13:57:46 + 1922.3s] datos -> critv4_20260922_132544.json  sha256_16 = 639c5773fed2e84f
