[23:00:39 +    0.0s] ARRANQUE bloque 2 ter (ESCALA DEL RECUERDO: valor recordado saturado) contra el canje del mapa, mundo largo. brazos ['V13', 'MAPA', 'MAPA_SAT', 'MAPA_SAT_BAR', 'MAPA_ATEN'], semillas 81-100, T=200000. Pool(14).
[23:00:39 +    0.0s]    criterio: ['V13', 'MAPA', 'MAPA_SAT', 'MAPA_SAT_BAR']; lectura (no decide): ['MAPA_ATEN']
[23:00:39 +    0.0s] sha preregistro 6093ae38e67b4c2e  script 735584bfae9dcb04  constructor 0d17848c7bfc6d99  mundo_largo_e d1398f0428b1739b  mundo_largo 9f74ff6b5941e5a5  v13 cc8b16b492d4d324
[23:00:40 +    0.4s] REGLA 11 - procesos python vivos (2), este es pid 32088
[23:00:40 +    0.6s] ETAPA 1/3 - identidad perillas apagadas == mundo_largo, mundo completo con mapa (3)...
[23:02:37 +  118.2s]   identicos: 3/3
[23:02:37 +  118.2s] ETAPA 2/3 - 100 corridas...
[23:03:12 +  152.6s]           20/100
[23:05:39 +  299.6s]           40/100
[23:07:20 +  401.0s]           60/100
[23:10:48 +  608.6s]           80/100
[23:12:26 +  706.5s]           100/100
[23:12:26 +  706.5s] ETAPA 3/3 - analisis.
[23:12:26 +  706.6s]    V13           adq(<=30) 0.887 [0.70,0.95]  adq(final) 0.800  ret_no_inv 0.75  comida_q4 834  muertes 30  recup 3000  celdas 90  M_llenas 0  | visitas 12115 eq 0.710 H 0.997 pisados 8  | sesgo_signo 0.40
[23:12:26 +  706.6s]    MAPA          adq(<=30) 0.700 [0.50,0.82]  adq(final) 0.700  ret_no_inv 0.58  comida_q4 971  muertes 22  recup 0  celdas 79  M_llenas 8  | visitas 5064 eq 0.139 H 0.895 pisados 8  | sesgo_signo 0.45
[23:12:26 +  706.6s]    MAPA_SAT      adq(<=30) 0.716 [0.60,0.80]  adq(final) 0.700  ret_no_inv 0.58  comida_q4 973  muertes 34  recup 500  celdas 84  M_llenas 8  | visitas 5660 eq 0.212 H 0.949 pisados 8  | sesgo_signo 0.40
[23:12:26 +  706.6s]    MAPA_SAT_BAR  adq(<=30) 0.723 [0.50,0.90]  adq(final) 0.750  ret_no_inv 0.67  comida_q4 958  muertes 29  recup 0  celdas 85  M_llenas 8  | visitas 5680 eq 0.199 H 0.925 pisados 8  | sesgo_signo 0.47
[23:12:26 +  706.6s]    MAPA_ATEN     adq(<=30) 0.700 [0.60,0.90]  adq(final) 0.800  ret_no_inv 0.58  comida_q4 954  muertes 29  recup 0  celdas 90  M_llenas 8  | visitas 5998 eq 0.226 H 0.942 pisados 8  | sesgo_signo 0.37
[23:12:26 +  706.6s]    curva V13: 5:0.90 10:0.90 15:0.85 20:0.90 25:0.90 30:0.60 35:0.80 40:0.80 45:0.80 50:0.80
[23:12:26 +  706.6s]    curva MAPA: 5:0.80 10:0.80 15:0.65 20:0.65 25:0.60 30:0.65 35:0.70 40:0.75 45:0.70 50:0.70
[23:12:26 +  706.6s]    curva MAPA_SAT: 5:0.80 10:0.75 15:0.70 20:0.70 25:0.70 30:0.60 35:0.70 40:0.65 45:0.65 50:0.70
[23:12:26 +  706.6s]    K0 reproduccion de novedad_alta_s81-100 (V13 0.887, MAPA 0.7, comida 971): medido V13 0.887, MAPA 0.700, comida 971 -> *** NO: instrumento sospechoso (regla 5)
[23:12:26 +  706.6s]    P1 SAT adq 0.716 (>=0.85) y >MAPA 11g/4e/5p -> NO
[23:12:26 +  706.6s]    P2 comida_q4 >=0.9xMAPA en 15/20 -> OK   (MAPA 971, SAT 973, V13 834)
[23:12:26 +  706.6s]    P3 SAT>BARAJADA 7g/3e/10p y BARAJADA>MAPA 10g/4e/6p (no debe pasar) -> NO
[23:12:26 +  706.6s]    P4 (lectura) SAT>ATENUADO 7g/6e/7p, ATENUADO adq 0.700 -> NO
[23:12:26 +  706.6s] VEREDICTO escala del recuerdo: NO -> por el preregistro §3(a), el canje se registra como ESTRUCTURAL: el mapa cobra exploracion por construccion y v14 no lo lleva
[23:12:26 +  706.6s] datos -> escala_s81-100_20260917_230039.json  sha256_16 = 05a712ef734aba56
