[02:37:37 +   0.0s] === Batería v13 — CRITERIO v3, 20 semillas (121..140), Pool(14) ===
[02:37:37 +   0.0s] sha organismo_v13 f96db73684946a79  bateria_v13 bed5ad9661ea7040  preregistro b46b59b0251ed417
[02:37:37 +   0.2s] ETAPA 1/3 — criterio 5, identidad de instrumentos (84 comparaciones)...
[02:38:07 +  29.7s]           21/84  (21 idénticas)
[02:38:22 +  44.9s]           42/84  (42 idénticas)
[02:38:51 +  73.9s]           63/84  (63 idénticas)
[02:39:06 +  89.2s]           84/84  (84 idénticas)
[02:39:06 +  89.2s]   v13(eta_s=0, puerta=None) == v11: 42/42
[02:39:06 +  89.2s]   v13(eta_s=0, puerta=None, div_signo=False) == v10: 42/42
[02:39:06 +  89.2s] ETAPA 2/3 — 180 corridas (9 etapas x 20 semillas)...
[02:39:29 + 112.3s]           40/180
[02:39:52 + 135.4s]           80/180
[02:40:15 + 158.2s]           120/180
[02:40:38 + 180.7s]           160/180
[02:40:45 + 188.4s]           180/180
[02:40:45 + 188.4s] ETAPA 3/3 — criterios.
[02:40:45 + 188.4s] 
[02:40:45 + 188.4s]   PASA  1 E1        20/20  [venenoQ4<Q1:20/20 W_A≈+1:20/20 W_B≈-3:20/20]
[02:40:45 + 188.4s]         splits=[0, 0, 0, 0, 0, 0, 0, 0, 0, 0, 0, 0, 0, 0, 0, 0, 0, 0, 0, 0]  celdas_max=30  techo=0/20
[02:40:45 + 188.4s]   PASA  1 E2        20/20  [W_A→-3:20/20 W_B→+1:20/20 come B Q4≥50:20/20]
[02:40:45 + 188.4s]         splits=[0, 0, 0, 0, 0, 0, 0, 0, 0, 0, 0, 0, 0, 0, 0, 0, 0, 0, 0, 0]  celdas_max=30  techo=0/20
[02:40:45 + 188.4s]   PASA  1 E2I       20/20  [W_C≤-2.5:20/20 W_A≈+1:20/20 W_B≤-2.8:20/20 tasaA Q4≥80%Q2:20/20]
[02:40:45 + 188.4s]         splits=[3, 3, 0, 3, 1, 3, 0, 0, 0, 0, 0, 1, 3, 2, 3, 2, 0, 0, 3, 0]  celdas_max=33  techo=0/20
[02:40:45 + 188.4s]   PASA  1 E2J       20/20  [W_D≥0.85:20/20 W_B≤-2.7:20/20]
[02:40:45 + 188.4s]         splits=[3, 2, 2, 3, 3, 2, 3, 1, 3, 3, 3, 3, 1, 3, 3, 3, 3, 3, 2, 3]  celdas_max=33  techo=0/20
[02:40:45 + 188.4s]   PASA  1 E2K       20/20  [W_D≥0.8:20/20 W_B≤-2.4:20/20]
[02:40:45 + 188.4s]         splits=[3, 3, 4, 3, 3, 3, 3, 4, 2, 2, 2, 3, 3, 3, 3, 2, 4, 3, 3, 3]  celdas_max=34  techo=0/20
[02:40:45 + 188.4s]   PASA  1 E2L       20/20  [W_A≈+1:20/20 W_B≈-3:20/20 solap→0:20/20]
[02:40:45 + 188.4s]         splits=[3, 3, 3, 3, 3, 3, 3, 3, 3, 3, 3, 3, 3, 3, 3, 3, 3, 3, 3, 3]  celdas_max=33  techo=0/20
[02:40:45 + 188.4s]   PASA  2 celdas<=45: {'E1': 20, 'E2': 20, 'E2I': 20, 'E2J': 20, 'E2K': 20, 'E2L': 20, 'E2I-misma': 20}
[02:40:45 + 188.4s]   PASA  3' via rapida sola sin plasticidad (A∩B=3): 0/20 lo pasan (<=1)  W_A=[-1.88, -1.65, -1.57, -1.55]
[02:40:45 + 188.4s]   PASA  3'' via lenta activa sin plasticidad (A∩B=3): 20/20 lo pasan (>=19)
[02:40:45 + 188.4s]   OK    4a' [identidad, NO evidencia] celdas==30+splits y len(split_t)==splits: 160/160  []
[02:40:45 + 188.4s]   PASA  4b sin conflicto no hay división: guarda E1 sin conflicto 20/20, E2L con conflicto 20/20; corridas que dividen 71, violaciones ninguna
[02:40:45 + 188.5s]   PASA  4c C∩B=3 misma valencia: guarda 20/20, splits==0 20/20, W_C<=-2.5 20/20  (W_C mediana -2.99, mordidas de C Q3+Q4 mediana 9)
[02:40:45 + 188.5s]   PASA  4d disparo anclado a la causa: E1 sin divisiones 20/20; t>=50k {'E2': 20, 'E2I': 20, 'E2J': 20, 'E2K': 20}; E2L termina <25k 20/20
[02:40:45 + 188.5s] 
[02:40:45 + 188.5s] VEREDICTO bateria_v13: 5_identidad=True 1_cientificos=True 2_celdas=True 3_control=True 4a_identidad=True 4b_sin_conflicto_no_divide=True 4c_misma_valencia=True 4d_causa=True
[02:40:45 + 188.5s] *** v13 CUMPLE EL CRITERIO v3 con 20 semillas. Por el preregistro: CONGELAR v13 como tronco (si pasa tambien X2 y X3).
[02:40:46 + 188.5s] datos -> examen_v13Bc_20260918_023737.json  sha256_16 = e1b50852bbf07fea
