[16:40:31 +   0.0s] === Batería v13 — CRITERIO v3, 20 semillas (81..100), Pool(14) ===
[16:40:31 +   0.0s] sha organismo_v13 cc8b16b492d4d324  bateria_v13 38f07f95f76c31ae  preregistro ee204f281d04a329
[16:40:31 +   0.3s] ETAPA 1/3 — criterio 5, identidad de instrumentos (84 comparaciones)...
[16:40:57 +  26.9s]           21/84  (21 idénticas)
[16:41:11 +  40.6s]           42/84  (42 idénticas)
[16:41:38 +  66.9s]           63/84  (63 idénticas)
[16:41:51 +  80.7s]           84/84  (84 idénticas)
[16:41:51 +  80.7s]   v13(eta_s=0, puerta=None) == v11: 42/42
[16:41:51 +  80.7s]   v13(eta_s=0, puerta=None, div_signo=False) == v10: 42/42
[16:41:51 +  80.7s] ETAPA 2/3 — 160 corridas (8 etapas x 20 semillas)...
[16:42:12 + 101.5s]           40/160
[16:42:33 + 122.1s]           80/160
[16:42:54 + 143.0s]           120/160
[16:43:14 + 163.0s]           160/160
[16:43:14 + 163.0s] ETAPA 3/3 — criterios.
[16:43:14 + 163.0s] 
[16:43:14 + 163.0s]   PASA  1 E1        20/20  [venenoQ4<Q1:20/20 W_A≈+1:20/20 W_B≈-3:20/20]
[16:43:14 + 163.0s]         splits=[0, 0, 0, 0, 0, 0, 0, 0, 0, 0, 0, 0, 0, 0, 0, 0, 0, 0, 0, 0]  celdas_max=30  techo=0/20
[16:43:14 + 163.0s]   PASA  1 E2        20/20  [W_A→-3:20/20 W_B→+1:20/20 come B Q4≥50:20/20]
[16:43:14 + 163.0s]         splits=[0, 0, 0, 0, 0, 0, 0, 0, 0, 0, 0, 0, 0, 0, 0, 0, 0, 0, 0, 0]  celdas_max=30  techo=0/20
[16:43:14 + 163.0s]   PASA  1 E2I       20/20  [W_C≤-2.5:20/20 W_A≈+1:20/20 W_B≤-2.8:20/20 tasaA Q4≥80%Q2:20/20]
[16:43:14 + 163.0s]         splits=[0, 1, 0, 0, 1, 0, 3, 0, 2, 0, 3, 0, 0, 1, 0, 0, 3, 0, 2, 0]  celdas_max=33  techo=0/20
[16:43:14 + 163.0s]   PASA  1 E2J       20/20  [W_D≥0.85:20/20 W_B≤-2.7:20/20]
[16:43:14 + 163.0s]         splits=[3, 3, 3, 3, 2, 3, 2, 3, 1, 3, 3, 3, 3, 3, 3, 1, 1, 2, 3, 3]  celdas_max=33  techo=0/20
[16:43:14 + 163.0s]   PASA  1 E2K       20/20  [W_D≥0.8:20/20 W_B≤-2.4:20/20]
[16:43:14 + 163.0s]         splits=[2, 2, 3, 2, 4, 2, 3, 3, 3, 4, 3, 4, 3, 3, 2, 2, 2, 3, 3, 3]  celdas_max=34  techo=0/20
[16:43:14 + 163.0s]   PASA  1 E2L       20/20  [W_A≈+1:20/20 W_B≈-3:20/20 solap→0:20/20]
[16:43:14 + 163.0s]         splits=[3, 3, 3, 3, 3, 3, 3, 3, 3, 3, 3, 3, 3, 3, 3, 3, 3, 3, 3, 3]  celdas_max=33  techo=0/20
[16:43:14 + 163.0s]   PASA  2 celdas<=45: {'E1': 20, 'E2': 20, 'E2I': 20, 'E2J': 20, 'E2K': 20, 'E2L': 20, 'E2I-misma': 20}
[16:43:14 + 163.0s]   FALLA 3 control negativo (A∩B=3 sin plasticidad): 20/20 lo pasan  W_A=[0.99, 1.0]
[16:43:14 + 163.0s]   OK    4a' [identidad, NO evidencia] celdas==30+splits y len(split_t)==splits: 140/140  []
[16:43:14 + 163.0s]   PASA  4b sin conflicto no hay división: guarda E1 sin conflicto 20/20, E2L con conflicto 20/20; corridas que dividen 68, violaciones ninguna
[16:43:14 + 163.0s]   PASA  4c C∩B=3 misma valencia: guarda 20/20, splits==0 20/20, W_C<=-2.5 20/20  (W_C mediana -2.99, mordidas de C Q3+Q4 mediana 10)
[16:43:14 + 163.0s]   PASA  4d disparo anclado a la causa: E1 sin divisiones 20/20; t>=50k {'E2': 20, 'E2I': 20, 'E2J': 20, 'E2K': 20}; E2L termina <25k 20/20
[16:43:14 + 163.0s] 
[16:43:14 + 163.0s] VEREDICTO bateria_v13: 5_identidad=True 1_cientificos=True 2_celdas=True 3_control=False 4a_identidad=True 4b_sin_conflicto_no_divide=True 4c_misma_valencia=True 4d_causa=True
[16:43:14 + 163.0s] *** v13 NO cumple el criterio v3. No se congela; v11 sigue siendo el tronco. No recalibrar (regla 3).
[16:43:14 + 163.1s] datos -> examen_v13_20260917_164031.json  sha256_16 = f4fea3e841facfc8
