[04:42:33 +   0.0s] === Batería v13 — CRITERIO v3, 20 semillas (121..140), Pool(14) ===
[04:42:33 +   0.0s] sha organismo_v13 b2bcf9f5591efcfa  bateria_v13 fe5beafd90c1f4f0  preregistro b46b59b0251ed417
[04:42:33 +   0.2s] ETAPA 1/3 — criterio 5, identidad de instrumentos (84 comparaciones)...
[04:43:03 +  30.2s]           21/84  (21 idénticas)
[04:43:18 +  44.9s]           42/84  (42 idénticas)
[04:43:47 +  73.9s]           63/84  (63 idénticas)
[04:44:01 +  88.7s]           84/84  (84 idénticas)
[04:44:01 +  88.7s]   v14t(eta_s=0,puerta=None,k_testE=0,eta_pred=0) == v11  [v3'' ERR-30]: 42/42
[04:44:01 +  88.7s]   v14t(eta_s=0,puerta=None,div_signo=False,k_testE=0,eta_pred=0) == v10  [v3'' ERR-30]: 42/42
[04:44:01 +  88.7s] ETAPA 2/3 — 180 corridas (9 etapas x 20 semillas)...
[04:44:25 + 112.4s]           40/180
[04:44:49 + 136.0s]           80/180
[04:45:13 + 159.9s]           120/180
[04:45:34 + 181.7s]           160/180
[04:45:43 + 189.9s]           180/180
[04:45:43 + 189.9s] ETAPA 3/3 — criterios.
[04:45:43 + 189.9s] 
[04:45:43 + 189.9s]   PASA  1 E1        20/20  [venenoQ4<Q1:20/20 W_A≈+1:20/20 W_B≈-3:20/20]
[04:45:43 + 189.9s]         splits=[0, 0, 0, 0, 0, 0, 0, 0, 0, 0, 0, 0, 0, 0, 0, 0, 0, 0, 0, 0]  celdas_max=30  techo=0/20
[04:45:43 + 189.9s]   FALLA 1 E2        19/20  [W_A→-3:20/20 W_B→+1:20/20 come B Q4≥50:19/20]
[04:45:43 + 189.9s]         splits=[0, 0, 0, 0, 0, 0, 0, 0, 0, 0, 0, 0, 0, 0, 0, 0, 0, 0, 0, 0]  celdas_max=30  techo=0/20
[04:45:43 + 189.9s]   PASA  1 E2I       20/20  [W_C≤-2.5:20/20 W_A≈+1:20/20 W_B≤-2.8:20/20 tasaA Q4≥80%Q2:20/20]
[04:45:43 + 189.9s]         splits=[3, 3, 0, 3, 1, 3, 0, 0, 0, 0, 0, 1, 3, 2, 3, 2, 0, 0, 3, 0]  celdas_max=33  techo=0/20
[04:45:43 + 189.9s]   PASA  1 E2J       20/20  [W_D≥0.85:20/20 W_B≤-2.7:20/20]
[04:45:43 + 190.0s]         splits=[3, 2, 2, 3, 3, 2, 3, 1, 3, 3, 3, 3, 1, 3, 3, 3, 3, 3, 2, 3]  celdas_max=33  techo=0/20
[04:45:43 + 190.0s]   PASA  1 E2K       20/20  [W_D≥0.8:20/20 W_B≤-2.4:20/20]
[04:45:43 + 190.0s]         splits=[3, 3, 4, 3, 3, 3, 3, 4, 2, 2, 2, 3, 3, 3, 3, 2, 4, 3, 3, 3]  celdas_max=34  techo=0/20
[04:45:43 + 190.0s]   PASA  1 E2L       20/20  [W_A≈+1:20/20 W_B≈-3:20/20 solap→0:20/20]
[04:45:43 + 190.0s]         splits=[3, 3, 3, 3, 3, 3, 3, 3, 3, 3, 3, 3, 3, 3, 3, 3, 3, 3, 3, 3]  celdas_max=33  techo=0/20
[04:45:43 + 190.0s]   PASA  2 celdas<=45: {'E1': 20, 'E2': 20, 'E2I': 20, 'E2J': 20, 'E2K': 20, 'E2L': 20, 'E2I-misma': 20}
[04:45:43 + 190.0s]   PASA  3' via rapida sola sin plasticidad (A∩B=3): 0/20 lo pasan (<=1)  W_A=[-1.64, -1.56, -1.46, -1.38]
[04:45:43 + 190.0s]   PASA  3'' via lenta activa sin plasticidad (A∩B=3): 19/20 lo pasan (>=19)
[04:45:43 + 190.0s]   OK    4a' [identidad, NO evidencia] celdas==30+splits y len(split_t)==splits: 160/160  []
[04:45:43 + 190.0s]   PASA  4b sin conflicto no hay división: guarda E1 sin conflicto 20/20, E2L con conflicto 20/20; corridas que dividen 71, violaciones ninguna
[04:45:43 + 190.0s]   PASA  4c C∩B=3 misma valencia: guarda 20/20, splits==0 20/20, W_C<=-2.5 20/20  (W_C mediana -2.99, mordidas de C Q3+Q4 mediana 13)
[04:45:43 + 190.0s]   PASA  4d disparo anclado a la causa: E1 sin divisiones 20/20; t>=50k {'E2': 20, 'E2I': 20, 'E2J': 20, 'E2K': 20}; E2L termina <25k 20/20
[04:45:43 + 190.0s] 
[04:45:43 + 190.0s] VEREDICTO bateria_v13: 5_identidad=True 1_cientificos=False 2_celdas=True 3_control=True 4a_identidad=True 4b_sin_conflicto_no_divide=True 4c_misma_valencia=True 4d_causa=True
[04:45:43 + 190.0s] *** v13 NO cumple el criterio v3. No se congela; v11 sigue siendo el tronco. No recalibrar (regla 3).
[04:45:43 + 190.1s] datos -> examen_v14t_20260918_044233.json  sha256_16 = d2141e193b6c1b0e
