[02:01:10 +   0.0s] === Batería v13 — CRITERIO v3, 2 semillas (101..102), Pool(14) ===
[02:01:10 +   0.0s] sha organismo_v13 ab8e3b0579edfc29  bateria_v13 bded47a8f1211df7  preregistro b46b59b0251ed417
[02:01:10 +   0.3s] ETAPA 1/3 — criterio 5, identidad de instrumentos (84 comparaciones)...
[02:02:50 + 100.9s]           21/84  (0 idénticas)
[02:03:29 + 139.0s]           42/84  (0 idénticas)
[02:04:16 + 186.4s]           63/84  (0 idénticas)
[02:04:53 + 223.1s]           84/84  (0 idénticas)
[02:04:53 + 223.1s]   v13(eta_s=0, puerta=None) == v11: 0/42
[02:04:53 + 223.1s]       DIFIERE E2 semilla 1: ['sobre', 'llegadas', 'sin_objetivo', 'err_max', 't_conflicto', 'mord', 'vis', 'W', 'comp', 'deaths']
[02:04:53 + 223.1s]       DIFIERE E1 semilla 3: ['sobre', 'llegadas', 'sin_objetivo', 'mord', 'vis', 'W', 'comp', 'deaths']
[02:04:53 + 223.1s]       DIFIERE E1 semilla 6: ['sobre', 'llegadas', 'sin_objetivo', 'mord', 'vis', 'W', 'comp', 'deaths']
[02:04:53 + 223.1s]       DIFIERE E2 semilla 3: ['sobre', 'llegadas', 'sin_objetivo', 'err_max', 't_conflicto', 'mord', 'vis', 'W', 'comp', 'deaths']
[02:04:53 + 223.1s]       DIFIERE BUG semilla 2: ['sobre', 'llegadas', 'sin_objetivo', 'mord', 'vis', 'W', 'comp', 'deaths']
[02:04:53 + 223.1s]       DIFIERE BUG semilla 1: ['sobre', 'llegadas', 'sin_objetivo', 'mord', 'vis', 'W', 'comp', 'deaths']
[02:04:53 + 223.1s]       DIFIERE BUG semilla 4: ['sobre', 'llegadas', 'sin_objetivo', 'mord', 'vis', 'W', 'comp', 'deaths']
[02:04:53 + 223.1s]       DIFIERE BUG semilla 3: ['sobre', 'llegadas', 'sin_objetivo', 'mord', 'vis', 'W', 'comp', 'deaths']
[02:04:53 + 223.1s]       DIFIERE BUG semilla 6: ['sobre', 'llegadas', 'sin_objetivo', 't_conflicto', 'mord', 'vis', 'W', 'comp', 'deaths']
[02:04:53 + 223.1s]       DIFIERE E1 semilla 1: ['sobre', 'llegadas', 'sin_objetivo', 'mord', 'vis', 'W', 'comp', 'deaths']
[02:04:53 + 223.1s]       DIFIERE BUG semilla 5: ['sobre', 'llegadas', 'sin_objetivo', 'mord', 'vis', 'W', 'comp', 'deaths']
[02:04:53 + 223.1s]       DIFIERE E1 semilla 2: ['sobre', 'llegadas', 'sin_objetivo', 'mord', 'vis', 'W', 'comp', 'deaths']
[02:04:53 + 223.1s]       DIFIERE E1 semilla 5: ['sobre', 'llegadas', 'sin_objetivo', 'mord', 'vis', 'deaths']
[02:04:53 + 223.1s]       DIFIERE E1 semilla 4: ['sobre', 'llegadas', 'sin_objetivo', 'mord', 'vis', 'W', 'comp', 'deaths']
[02:04:53 + 223.1s]       DIFIERE E2 semilla 2: ['sobre', 'llegadas', 'sin_objetivo', 'err_max', 't_conflicto', 'mord', 'vis', 'W', 'deaths']
[02:04:53 + 223.1s]       DIFIERE E2 semilla 4: ['sobre', 'llegadas', 'sin_objetivo', 'err_max', 't_conflicto', 'mord', 'vis', 'W', 'comp', 'deaths']
[02:04:53 + 223.1s]       DIFIERE E2 semilla 5: ['sobre', 'llegadas', 'sin_objetivo', 'err_max', 't_conflicto', 'mord', 'vis', 'W', 'comp', 'deaths']
[02:04:53 + 223.1s]       DIFIERE E2 semilla 6: ['sobre', 'llegadas', 'sin_objetivo', 'err_max', 't_conflicto', 'mord', 'vis', 'W', 'comp', 'deaths']
[02:04:53 + 223.1s]       DIFIERE E2I semilla 6: ['sobre', 'llegadas', 'sin_objetivo', 'mord', 'vis', 'W', 'comp', 'deaths']
[02:04:53 + 223.1s]       DIFIERE E2K semilla 2: ['sobre', 'llegadas', 'sin_objetivo', 't_conflicto', 'split_t', 'mord', 'vis', 'W', 'comp', 'deaths']
[02:04:53 + 223.1s]       DIFIERE E2J semilla 6: ['sobre', 'llegadas', 'sin_objetivo', 't_conflicto', 'split_t', 'mord', 'vis', 'W', 'comp', 'deaths']
[02:04:53 + 223.1s]       DIFIERE E2I semilla 2: ['sobre', 'llegadas', 'sin_objetivo', 'err_max', 't_conflicto', 'split_t', 'mord', 'vis', 'W', 'comp', 'deaths']
[02:04:53 + 223.1s]       DIFIERE E2K semilla 1: ['sobre', 'llegadas', 'sin_objetivo', 't_conflicto', 'split_t', 'mord', 'vis', 'W', 'comp', 'deaths']
[02:04:53 + 223.1s]       DIFIERE E2I semilla 1: ['sobre', 'llegadas', 'sin_objetivo', 'err_max', 't_conflicto', 'mord', 'vis', 'W', 'comp', 'deaths']
[02:04:53 + 223.1s]       DIFIERE E2I semilla 3: ['sobre', 'llegadas', 'sin_objetivo', 'mord', 'vis', 'W', 'comp', 'deaths']
[02:04:53 + 223.1s]       DIFIERE E2K semilla 3: ['sobre', 'llegadas', 'sin_objetivo', 't_conflicto', 'split_t', 'mord', 'vis', 'W', 'comp', 'deaths']
[02:04:53 + 223.1s]       DIFIERE E2J semilla 4: ['sobre', 'llegadas', 'sin_objetivo', 't_conflicto', 'split_t', 'mord', 'vis', 'W', 'comp', 'deaths']
[02:04:53 + 223.1s]       DIFIERE E2J semilla 5: ['sobre', 'llegadas', 'sin_objetivo', 't_conflicto', 'split_t', 'mord', 'vis', 'W', 'comp', 'deaths']
[02:04:53 + 223.1s]       DIFIERE E2K semilla 4: ['sobre', 'llegadas', 'sin_objetivo', 't_conflicto', 'split_t', 'mord', 'vis', 'W', 'comp', 'deaths']
[02:04:53 + 223.1s]       DIFIERE E2K semilla 6: ['sobre', 'llegadas', 'sin_objetivo', 't_conflicto', 'split_t', 'mord', 'vis', 'W', 'comp', 'deaths']
[02:04:53 + 223.1s]       DIFIERE E2L semilla 4: ['sobre', 'llegadas', 'sin_objetivo', 'mord', 'vis', 'W', 'comp', 'deaths']
[02:04:53 + 223.1s]       DIFIERE E2L semilla 2: ['sobre', 'llegadas', 'sin_objetivo', 'mord', 'vis', 'W', 'comp', 'deaths']
[02:04:53 + 223.1s]       DIFIERE E2L semilla 3: ['sobre', 'llegadas', 'sin_objetivo', 'mord', 'vis', 'W', 'comp', 'deaths']
[02:04:53 + 223.1s]       DIFIERE E2L semilla 5: ['sobre', 'llegadas', 'sin_objetivo', 'err_max', 'split_t', 'mord', 'vis', 'deaths']
[02:04:53 + 223.2s]       DIFIERE E2I semilla 4: ['sobre', 'llegadas', 'sin_objetivo', 'mord', 'vis', 'W', 'comp', 'deaths']
[02:04:53 + 223.2s]       DIFIERE E2I semilla 5: ['sobre', 'llegadas', 'sin_objetivo', 'err_max', 't_conflicto', 'split_t', 'mord', 'vis', 'W', 'comp', 'deaths']
[02:04:53 + 223.2s]       DIFIERE E2J semilla 2: ['sobre', 'llegadas', 'sin_objetivo', 't_conflicto', 'split_t', 'mord', 'vis', 'W', 'comp', 'deaths']
[02:04:53 + 223.2s]       DIFIERE E2J semilla 1: ['sobre', 'llegadas', 'sin_objetivo', 't_conflicto', 'split_t', 'mord', 'vis', 'W', 'comp', 'deaths']
[02:04:53 + 223.2s]       DIFIERE E2J semilla 3: ['sobre', 'llegadas', 'sin_objetivo', 't_conflicto', 'split_t', 'mord', 'vis', 'W', 'comp', 'deaths']
[02:04:53 + 223.2s]       DIFIERE E2K semilla 5: ['sobre', 'llegadas', 'sin_objetivo', 't_conflicto', 'split_t', 'mord', 'vis', 'W', 'comp', 'deaths']
[02:04:53 + 223.2s]       DIFIERE E2L semilla 1: ['sobre', 'llegadas', 'sin_objetivo', 'err_max', 'split_t', 'mord', 'vis', 'deaths']
[02:04:53 + 223.2s]       DIFIERE E2L semilla 6: ['sobre', 'llegadas', 'sin_objetivo', 'err_max', 't_conflicto', 'split_t', 'mord', 'vis', 'W', 'comp', 'deaths']
[02:04:53 + 223.2s]   v13(eta_s=0, puerta=None, div_signo=False) == v10: 0/42
[02:04:53 + 223.2s]       DIFIERE BUG semilla 1: ['sobre', 'llegadas', 'sin_objetivo', 'mord', 'vis', 'W', 'comp', 'deaths']
[02:04:53 + 223.2s]       DIFIERE BUG semilla 2: ['sobre', 'llegadas', 'sin_objetivo', 'mord', 'vis', 'W', 'comp', 'deaths']
[02:04:53 + 223.2s]       DIFIERE BUG semilla 3: ['sobre', 'llegadas', 'sin_objetivo', 'mord', 'vis', 'W', 'comp', 'deaths']
[02:04:53 + 223.2s]       DIFIERE BUG semilla 4: ['sobre', 'llegadas', 'sin_objetivo', 'mord', 'vis', 'W', 'comp', 'deaths']
[02:04:53 + 223.2s]       DIFIERE BUG semilla 5: ['sobre', 'llegadas', 'sin_objetivo', 'mord', 'vis', 'W', 'comp', 'deaths']
[02:04:53 + 223.2s]       DIFIERE BUG semilla 6: ['sobre', 'llegadas', 'sin_objetivo', 't_conflicto', 'mord', 'vis', 'W', 'comp', 'deaths']
[02:04:53 + 223.2s]       DIFIERE E1 semilla 1: ['sobre', 'llegadas', 'sin_objetivo', 'mord', 'vis', 'W', 'comp', 'deaths']
[02:04:53 + 223.2s]       DIFIERE E2 semilla 1: ['sobre', 'llegadas', 'sin_objetivo', 'err_max', 't_conflicto', 'split_t', 'mord', 'vis', 'W', 'comp', 'deaths']
[02:04:53 + 223.2s]       DIFIERE E2 semilla 2: ['sobre', 'llegadas', 'sin_objetivo', 'err_max', 't_conflicto', 'split_t', 'mord', 'vis', 'W', 'comp', 'deaths']
[02:04:53 + 223.2s]       DIFIERE E2 semilla 3: ['sobre', 'llegadas', 'sin_objetivo', 'err_max', 't_conflicto', 'split_t', 'mord', 'vis', 'W', 'comp', 'deaths']
[02:04:53 + 223.2s]       DIFIERE E2 semilla 4: ['sobre', 'llegadas', 'sin_objetivo', 'err_max', 't_conflicto', 'split_t', 'mord', 'vis', 'W', 'comp', 'deaths']
[02:04:53 + 223.2s]       DIFIERE E2 semilla 5: ['sobre', 'llegadas', 'sin_objetivo', 'err_max', 't_conflicto', 'split_t', 'mord', 'vis', 'W', 'comp', 'deaths']
[02:04:53 + 223.2s]       DIFIERE E2 semilla 6: ['sobre', 'llegadas', 'sin_objetivo', 'err_max', 't_conflicto', 'split_t', 'mord', 'vis', 'W', 'comp', 'deaths']
[02:04:53 + 223.2s]       DIFIERE E2I semilla 1: ['sobre', 'llegadas', 'sin_objetivo', 'err_max', 't_conflicto', 'mord', 'vis', 'W', 'comp', 'deaths']
[02:04:53 + 223.2s]       DIFIERE E2I semilla 2: ['sobre', 'llegadas', 'sin_objetivo', 'err_max', 't_conflicto', 'split_t', 'mord', 'vis', 'W', 'comp', 'deaths', 'splits', 'celdas', 'solap']
[02:04:53 + 223.2s]       DIFIERE E2I semilla 3: ['sobre', 'llegadas', 'sin_objetivo', 'mord', 'vis', 'W', 'comp', 'deaths']
[02:04:53 + 223.2s]       DIFIERE E2I semilla 4: ['sobre', 'llegadas', 'sin_objetivo', 'mord', 'vis', 'W', 'comp', 'deaths']
[02:04:53 + 223.2s]       DIFIERE E1 semilla 3: ['sobre', 'llegadas', 'sin_objetivo', 'mord', 'vis', 'W', 'comp', 'deaths']
[02:04:53 + 223.2s]       DIFIERE E2I semilla 5: ['sobre', 'llegadas', 'sin_objetivo', 'err_max', 't_conflicto', 'mord', 'vis', 'W', 'comp', 'deaths']
[02:04:53 + 223.2s]       DIFIERE E2I semilla 6: ['sobre', 'llegadas', 'sin_objetivo', 'mord', 'vis', 'W', 'comp', 'deaths']
[02:04:53 + 223.2s]       DIFIERE E2J semilla 1: ['sobre', 'llegadas', 'sin_objetivo', 'err_max', 't_conflicto', 'mord', 'vis', 'W', 'comp', 'deaths']
[02:04:53 + 223.2s]       DIFIERE E2J semilla 2: ['sobre', 'llegadas', 'sin_objetivo', 'err_max', 't_conflicto', 'mord', 'vis', 'W', 'comp', 'deaths']
[02:04:53 + 223.2s]       DIFIERE E2J semilla 3: ['sobre', 'llegadas', 'sin_objetivo', 'err_max', 't_conflicto', 'mord', 'vis', 'W', 'comp', 'deaths']
[02:04:53 + 223.2s]       DIFIERE E2J semilla 4: ['sobre', 'llegadas', 'sin_objetivo', 'err_max', 't_conflicto', 'mord', 'vis', 'W', 'comp', 'deaths']
[02:04:53 + 223.2s]       DIFIERE E2K semilla 2: ['sobre', 'llegadas', 'sin_objetivo', 'err_max', 't_conflicto', 'split_t', 'mord', 'vis', 'W', 'comp', 'deaths', 'splits', 'celdas']
[02:04:53 + 223.2s]       DIFIERE E2K semilla 4: ['sobre', 'llegadas', 'sin_objetivo', 'err_max', 't_conflicto', 'split_t', 'mord', 'vis', 'W', 'comp', 'deaths']
[02:04:53 + 223.2s]       DIFIERE E2K semilla 5: ['sobre', 'llegadas', 'sin_objetivo', 'err_max', 't_conflicto', 'split_t', 'mord', 'vis', 'W', 'comp', 'deaths', 'solap']
[02:04:53 + 223.2s]       DIFIERE E2L semilla 1: ['sobre', 'llegadas', 'sin_objetivo', 'err_max', 'split_t', 'mord', 'vis', 'W', 'comp', 'deaths']
[02:04:53 + 223.2s]       DIFIERE E2K semilla 6: ['sobre', 'llegadas', 'sin_objetivo', 'err_max', 't_conflicto', 'split_t', 'mord', 'vis', 'W', 'comp', 'deaths', 'splits', 'celdas', 'solap']
[02:04:53 + 223.2s]       DIFIERE E2L semilla 2: ['sobre', 'llegadas', 'sin_objetivo', 'err_max', 'split_t', 'mord', 'vis', 'W', 'comp', 'deaths']
[02:04:53 + 223.2s]       DIFIERE E1 semilla 2: ['sobre', 'llegadas', 'sin_objetivo', 'mord', 'vis', 'W', 'comp', 'deaths']
[02:04:53 + 223.2s]       DIFIERE E1 semilla 5: ['sobre', 'llegadas', 'sin_objetivo', 'mord', 'vis', 'deaths']
[02:04:53 + 223.2s]       DIFIERE E1 semilla 4: ['sobre', 'llegadas', 'sin_objetivo', 'mord', 'vis', 'W', 'comp', 'deaths']
[02:04:53 + 223.2s]       DIFIERE E1 semilla 6: ['sobre', 'llegadas', 'sin_objetivo', 'mord', 'vis', 'W', 'comp', 'deaths']
[02:04:53 + 223.2s]       DIFIERE E2L semilla 3: ['sobre', 'llegadas', 'sin_objetivo', 'err_max', 'split_t', 'mord', 'vis', 'W', 'comp', 'deaths']
[02:04:53 + 223.2s]       DIFIERE E2L semilla 4: ['sobre', 'llegadas', 'sin_objetivo', 'err_max', 'split_t', 'mord', 'vis', 'comp', 'deaths']
[02:04:53 + 223.2s]       DIFIERE E2J semilla 5: ['sobre', 'llegadas', 'sin_objetivo', 'err_max', 't_conflicto', 'mord', 'vis', 'W', 'comp', 'deaths']
[02:04:53 + 223.2s]       DIFIERE E2J semilla 6: ['sobre', 'llegadas', 'sin_objetivo', 'err_max', 't_conflicto', 'mord', 'vis', 'W', 'comp', 'deaths']
[02:04:53 + 223.2s]       DIFIERE E2L semilla 5: ['sobre', 'llegadas', 'sin_objetivo', 'err_max', 'split_t', 'mord', 'vis', 'W', 'comp', 'deaths']
[02:04:53 + 223.2s]       DIFIERE E2L semilla 6: ['sobre', 'llegadas', 'sin_objetivo', 'err_max', 't_conflicto', 'split_t', 'mord', 'vis', 'W', 'comp', 'deaths']
[02:04:53 + 223.2s]       DIFIERE E2K semilla 3: ['sobre', 'llegadas', 'sin_objetivo', 'err_max', 't_conflicto', 'split_t', 'mord', 'vis', 'W', 'comp', 'deaths']
[02:04:53 + 223.2s]       DIFIERE E2K semilla 1: ['sobre', 'llegadas', 'sin_objetivo', 'err_max', 't_conflicto', 'split_t', 'mord', 'vis', 'W', 'comp', 'deaths', 'solap']
[02:04:53 + 223.2s] *** CRITERIO 5 FALLIDO: v13 no es el organismo que dice ser. No se corre el examen.
