[20:48:01 +   0.0s] === Batería v13 — CRITERIO v3, 2 semillas (1..2), Pool(14) ===
[20:48:01 +   0.0s] sha organismo_v13 17528d767fcebaf6  bateria_v13 6375d90e531b06e6  preregistro b46b59b0251ed417
[20:48:01 +   0.0s] ETAPA 1/3 — criterio 5, identidad de instrumentos (84 comparaciones)...
[20:50:49 + 167.2s]           21/84  (21 idénticas)
[20:53:47 + 345.9s]           42/84  (42 idénticas)
[20:58:49 + 647.5s]           63/84  (63 idénticas)
[21:04:09 + 967.6s]           84/84  (84 idénticas)
[21:04:09 + 967.6s]   v13(eta_s=0, puerta=None) == v11: 42/42
[21:04:09 + 967.6s]   v13(eta_s=0, puerta=None, div_signo=False) == v10: 42/42
[21:04:09 + 967.6s] ETAPA 2/3 — 18 corridas (9 etapas x 2 semillas)...
[21:06:28 +1106.5s]           18/18
[21:06:28 +1106.5s] ETAPA 3/3 — criterios.
[21:06:28 +1106.5s] 
[21:06:28 +1106.5s]   PASA  1 E1        2/2  [venenoQ4<Q1:2/2 W_A≈+1:2/2 W_B≈-3:2/2]
[21:06:28 +1106.5s]         splits=[0, 0]  celdas_max=30  techo=0/2
[21:06:28 +1106.5s]   PASA  1 E2        2/2  [W_A→-3:2/2 W_B→+1:2/2 come B Q4≥50:2/2]
[21:06:28 +1106.5s]         splits=[0, 0]  celdas_max=30  techo=0/2
[21:06:28 +1106.5s]   PASA  1 E2I       2/2  [W_C≤-2.5:2/2 W_A≈+1:2/2 W_B≤-2.8:2/2 tasaA Q4≥80%Q2:2/2]
[21:06:28 +1106.5s]         splits=[0, 1]  celdas_max=31  techo=0/2
[21:06:28 +1106.5s]   PASA  1 E2J       2/2  [W_D≥0.85:2/2 W_B≤-2.7:2/2]
[21:06:28 +1106.5s]         splits=[2, 3]  celdas_max=33  techo=0/2
[21:06:28 +1106.5s]   PASA  1 E2K       2/2  [W_D≥0.8:2/2 W_B≤-2.4:2/2]
[21:06:28 +1106.5s]         splits=[3, 2]  celdas_max=33  techo=0/2
[21:06:28 +1106.5s]   PASA  1 E2L       2/2  [W_A≈+1:2/2 W_B≈-3:2/2 solap→0:2/2]
[21:06:28 +1106.5s]         splits=[3, 3]  celdas_max=33  techo=0/2
[21:06:28 +1106.5s]   PASA  2 celdas<=45: {'E1': 2, 'E2': 2, 'E2I': 2, 'E2J': 2, 'E2K': 2, 'E2L': 2, 'E2I-misma': 2}
[21:06:28 +1106.5s]   PASA  3' via rapida sola sin plasticidad (A∩B=3): 0/2 lo pasan (<=1)  W_A=[-1.53, -0.68]
[21:06:28 +1106.5s]   PASA  3'' via lenta activa sin plasticidad (A∩B=3): 2/2 lo pasan (>=1)
[21:06:28 +1106.5s]   OK    4a' [identidad, NO evidencia] celdas==30+splits y len(split_t)==splits: 16/16  []
[21:06:28 +1106.5s]   PASA  4b sin conflicto no hay división: guarda E1 sin conflicto 2/2, E2L con conflicto 2/2; corridas que dividen 7, violaciones ninguna
[21:06:28 +1106.5s]   PASA  4c C∩B=3 misma valencia: guarda 2/2, splits==0 2/2, W_C<=-2.5 2/2  (W_C mediana -2.98, mordidas de C Q3+Q4 mediana 7)
[21:06:28 +1106.5s]   PASA  4d disparo anclado a la causa: E1 sin divisiones 2/2; t>=50k {'E2': 2, 'E2I': 2, 'E2J': 2, 'E2K': 2}; E2L termina <25k 2/2
[21:06:28 +1106.5s] 
[21:06:28 +1106.5s] VEREDICTO bateria_v13: 5_identidad=True 1_cientificos=True 2_celdas=True 3_control=True 4a_identidad=True 4b_sin_conflicto_no_divide=True 4c_misma_valencia=True 4d_causa=True
[21:06:28 +1106.5s] *** v13 cumple el criterio v3 con 2 semillas. Congelar sólo con S>=20.
[21:06:28 +1106.7s] datos -> examen_v142_20260918_204801.json  sha256_16 = a9b54c2ea59e7928
