[03:26:04 +   0.0s] === Batería v13 — CRITERIO v3, 20 semillas (101..120), Pool(14) ===
[03:26:04 +   0.0s] sha organismo_v13 92a96be77bb66a74  bateria_v13 45c25a6f707861ea  preregistro b46b59b0251ed417
[03:26:04 +   0.2s] ETAPA 1/3 — criterio 5, identidad de instrumentos (84 comparaciones)...
[03:26:34 +  30.1s]           21/84  (21 idénticas)
[03:26:49 +  45.2s]           42/84  (42 idénticas)
[03:27:18 +  74.4s]           63/84  (63 idénticas)
[03:27:33 +  89.4s]           84/84  (84 idénticas)
[03:27:33 +  89.4s]   v13E_k3(eta_s=0,puerta=None,k_testE=0,eta_pred=0) == v11  [v3'' ERR-30]: 42/42
[03:27:33 +  89.4s]   v13E_k3(eta_s=0,puerta=None,div_signo=False,k_testE=0,eta_pred=0) == v10  [v3'' ERR-30]: 42/42
[03:27:33 +  89.4s] ETAPA 2/3 — 180 corridas (9 etapas x 20 semillas)...
[03:27:56 + 112.6s]           40/180
[03:28:19 + 135.5s]           80/180
[03:28:42 + 158.3s]           120/180
[03:29:05 + 181.0s]           160/180
[03:29:12 + 188.5s]           180/180
[03:29:12 + 188.5s] ETAPA 3/3 — criterios.
[03:29:12 + 188.5s] 
[03:29:12 + 188.5s]   PASA  1 E1        20/20  [venenoQ4<Q1:20/20 W_A≈+1:20/20 W_B≈-3:20/20]
[03:29:12 + 188.5s]         splits=[0, 0, 0, 0, 0, 0, 0, 0, 0, 0, 0, 0, 0, 0, 0, 0, 0, 0, 0, 0]  celdas_max=30  techo=0/20
[03:29:12 + 188.5s]   FALLA 1 E2        19/20  [W_A→-3:20/20 W_B→+1:20/20 come B Q4≥50:19/20]
[03:29:12 + 188.5s]         splits=[0, 0, 0, 0, 0, 0, 0, 0, 0, 0, 0, 0, 0, 0, 0, 0, 0, 0, 0, 0]  celdas_max=30  techo=0/20
[03:29:12 + 188.5s]   PASA  1 E2I       20/20  [W_C≤-2.5:20/20 W_A≈+1:20/20 W_B≤-2.8:20/20 tasaA Q4≥80%Q2:20/20]
[03:29:12 + 188.5s]         splits=[1, 3, 0, 0, 2, 0, 0, 0, 0, 0, 0, 0, 1, 0, 0, 3, 2, 0, 0, 0]  celdas_max=33  techo=0/20
[03:29:12 + 188.5s]   PASA  1 E2J       20/20  [W_D≥0.85:20/20 W_B≤-2.7:20/20]
[03:29:12 + 188.5s]         splits=[3, 1, 2, 1, 3, 1, 2, 1, 1, 2, 1, 1, 3, 1, 3, 1, 3, 2, 2, 2]  celdas_max=33  techo=0/20
[03:29:12 + 188.5s]   PASA  1 E2K       20/20  [W_D≥0.8:20/20 W_B≤-2.4:20/20]
[03:29:12 + 188.5s]         splits=[4, 3, 3, 3, 3, 4, 3, 3, 3, 2, 2, 3, 3, 3, 4, 4, 3, 3, 3, 3]  celdas_max=34  techo=0/20
[03:29:12 + 188.5s]   PASA  1 E2L       20/20  [W_A≈+1:20/20 W_B≈-3:20/20 solap→0:20/20]
[03:29:12 + 188.5s]         splits=[3, 3, 3, 3, 3, 3, 3, 3, 3, 3, 3, 3, 3, 3, 3, 3, 3, 3, 3, 3]  celdas_max=33  techo=0/20
[03:29:12 + 188.5s]   PASA  2 celdas<=45: {'E1': 20, 'E2': 20, 'E2I': 20, 'E2J': 20, 'E2K': 20, 'E2L': 20, 'E2I-misma': 20}
[03:29:12 + 188.5s]   PASA  3' via rapida sola sin plasticidad (A∩B=3): 0/20 lo pasan (<=1)  W_A=[-2.0, -1.93, -1.83, -1.82]
[03:29:12 + 188.5s]   PASA  3'' via lenta activa sin plasticidad (A∩B=3): 20/20 lo pasan (>=19)
[03:29:12 + 188.5s]   OK    4a' [identidad, NO evidencia] celdas==30+splits y len(split_t)==splits: 160/160  []
[03:29:12 + 188.5s]   PASA  4b sin conflicto no hay división: guarda E1 sin conflicto 20/20, E2L con conflicto 20/20; corridas que dividen 66, violaciones ninguna
[03:29:12 + 188.5s]   PASA  4c C∩B=3 misma valencia: guarda 20/20, splits==0 20/20, W_C<=-2.5 20/20  (W_C mediana -2.99, mordidas de C Q3+Q4 mediana 10)
[03:29:12 + 188.5s]   PASA  4d disparo anclado a la causa: E1 sin divisiones 20/20; t>=50k {'E2': 20, 'E2I': 20, 'E2J': 20, 'E2K': 20}; E2L termina <25k 20/20
[03:29:12 + 188.5s] 
[03:29:12 + 188.5s] VEREDICTO bateria_v13: 5_identidad=True 1_cientificos=False 2_celdas=True 3_control=True 4a_identidad=True 4b_sin_conflicto_no_divide=True 4c_misma_valencia=True 4d_causa=True
[03:29:12 + 188.5s] *** v13 NO cumple el criterio v3. No se congela; v11 sigue siendo el tronco. No recalibrar (regla 3).
[03:29:12 + 188.6s] datos -> examen_v13E_k3_20260918_032604.json  sha256_16 = f42db86db15ab3fb
