[17:57:16 +   0.0s] === Batería v10 — CRITERIO v3, 20 semillas, Pool(14) ===
[17:57:16 +   0.0s] sha organismo_v10 219d5033fe15b5b9  bateria_v10 d354813d3fa9d0f1  preregistro 0e035dc12f3fffd3
[17:57:16 +   0.2s] ETAPA 1/3 — criterio 5, identidad de instrumentos (42 comparaciones)...
[17:57:43 +  27.6s]           21/42  (21 idénticas)
[17:57:57 +  41.2s]           42/42  (42 idénticas)
[17:57:57 +  41.2s]   v10(mu_norm=False) == v9: 42/42
[17:57:57 +  41.2s] ETAPA 2/3 — 160 corridas (8 etapas x 20 semillas)...
[17:58:18 +  62.0s]           40/160
[17:58:38 +  82.5s]           80/160
[17:58:59 + 102.6s]           120/160
[17:59:17 + 120.6s]           160/160
[17:59:17 + 120.6s] ETAPA 3/3 — criterios.
[17:59:17 + 120.6s] 
[17:59:17 + 120.6s]   PASA  1 E1        20/20  [venenoQ4<Q1:20/20 W_A≈+1:20/20 W_B≈-3:20/20]
[17:59:17 + 120.6s]         splits=[0, 0, 0, 0, 0, 0, 0, 0, 0, 0, 0, 0, 0, 0, 0, 0, 0, 0, 0, 0]  celdas_max=30  techo=0/20
[17:59:17 + 120.6s]   PASA  1 E2        20/20  [W_A→-3:20/20 W_B→+1:20/20 come B Q4≥50:20/20]
[17:59:17 + 120.6s]         splits=[3, 3, 3, 3, 3, 3, 3, 3, 3, 3, 3, 3, 3, 3, 3, 3, 3, 3, 3, 3]  celdas_max=33  techo=0/20
[17:59:17 + 120.6s]   PASA  1 E2I       20/20  [W_C≤-2.5:20/20 W_A≈+1:20/20 W_B≤-2.8:20/20 tasaA Q4≥80%Q2:20/20]
[17:59:17 + 120.6s]         splits=[0, 1, 0, 0, 0, 0, 0, 0, 0, 0, 0, 0, 1, 0, 3, 0, 0, 0, 0, 0]  celdas_max=33  techo=0/20
[17:59:17 + 120.6s]   PASA  1 E2J       20/20  [W_D≥0.85:20/20 W_B≤-2.7:20/20]
[17:59:17 + 120.6s]         splits=[0, 0, 0, 0, 0, 0, 0, 0, 0, 0, 0, 0, 0, 0, 0, 0, 0, 0, 0, 0]  celdas_max=30  techo=0/20
[17:59:17 + 120.6s]   PASA  1 E2K       20/20  [W_D≥0.8:20/20 W_B≤-2.4:20/20]
[17:59:17 + 120.6s]         splits=[2, 3, 2, 2, 4, 4, 2, 2, 2, 2, 2, 2, 2, 2, 2, 2, 2, 2, 2, 2]  celdas_max=34  techo=0/20
[17:59:17 + 120.6s]   PASA  1 E2L       20/20  [W_A≈+1:20/20 W_B≈-3:20/20 solap→0:20/20]
[17:59:17 + 120.6s]         splits=[3, 3, 3, 3, 3, 3, 3, 3, 3, 3, 3, 3, 3, 3, 3, 3, 3, 3, 3, 3]  celdas_max=33  techo=0/20
[17:59:17 + 120.6s]   PASA  2 celdas<=45: {'E1': 20, 'E2': 20, 'E2I': 20, 'E2J': 20, 'E2K': 20, 'E2L': 20, 'E2I-misma': 20}
[17:59:17 + 120.6s]   PASA  3 control negativo (A∩B=3 sin plasticidad): 0/20 lo pasan  W_A=[-1.98, -1.8, -1.69, -1.53]
[17:59:17 + 120.6s]   OK    4a [identidad, NO evidencia] splits<=>err_max>0.6: 140/140  []
[17:59:17 + 120.6s]   PASA  4b sin conflicto no hay división: guarda E1 sin conflicto 20/20, E2L con conflicto 20/20; corridas que dividen 63, violaciones ninguna
[17:59:17 + 120.7s]   PASA  4c C∩B=3 misma valencia: guarda 20/20, splits==0 20/20, W_C<=-2.5 20/20  (W_C mediana -2.99, mordidas de C Q3+Q4 mediana 9)
[17:59:17 + 120.7s]   PASA  4d disparo anclado a la causa: E1 sin divisiones 20/20; t>=50k {'E2': 20, 'E2I': 20, 'E2J': 20, 'E2K': 20}; E2L termina <25k 20/20
[17:59:17 + 120.7s] 
[17:59:17 + 120.7s] VEREDICTO bateria_v10: 5_identidad=True 1_cientificos=True 2_celdas=True 3_control=True 4a_identidad=True 4b_sin_conflicto_no_divide=True 4c_misma_valencia=True 4d_causa=True
[17:59:17 + 120.7s] *** v10 CUMPLE EL CRITERIO v3 con 20 semillas. Por el preregistro: CONGELAR v10 como tronco (si pasa tambien Q2-Q5).
[17:59:17 + 120.7s] datos -> examen_v10_20260916_175716.json  sha256_16 = d2f6de7350514291
