[07:10:12 +   0.0s] === Batería v11 — CRITERIO v3, 20 semillas (41..60), Pool(14) ===
[07:10:12 +   0.0s] sha organismo_v11 f69e24063be1b194  bateria_v11 17179642ad02269c  preregistro a7c6a485718dab46
[07:10:12 +   0.2s] ETAPA 1/3 — criterio 5, identidad de instrumentos (84 comparaciones)...
[07:10:39 +  26.8s]           21/84  (21 idénticas)
[07:10:53 +  40.6s]           42/84  (42 idénticas)
[07:11:19 +  66.8s]           63/84  (63 idénticas)
[07:11:32 +  80.2s]           84/84  (84 idénticas)
[07:11:32 +  80.2s]   v11(mu_norm=False, div_signo=False) == v9: 42/42
[07:11:32 +  80.2s]   v11(div_signo=False) == v10: 42/42
[07:11:32 +  80.2s] ETAPA 2/3 — 160 corridas (8 etapas x 20 semillas)...
[07:11:52 + 100.4s]           40/160
[07:12:13 + 120.9s]           80/160
[07:12:33 + 140.7s]           120/160
[07:12:50 + 158.2s]           160/160
[07:12:50 + 158.2s] ETAPA 3/3 — criterios.
[07:12:50 + 158.2s] 
[07:12:50 + 158.2s]   PASA  1 E1        20/20  [venenoQ4<Q1:20/20 W_A≈+1:20/20 W_B≈-3:20/20]
[07:12:50 + 158.2s]         splits=[0, 0, 0, 0, 0, 0, 0, 0, 0, 0, 0, 0, 0, 0, 0, 0, 0, 0, 0, 0]  celdas_max=30  techo=0/20
[07:12:50 + 158.2s]   PASA  1 E2        20/20  [W_A→-3:20/20 W_B→+1:20/20 come B Q4≥50:20/20]
[07:12:50 + 158.2s]         splits=[0, 0, 0, 0, 0, 0, 0, 0, 0, 0, 0, 0, 0, 0, 0, 0, 0, 0, 0, 0]  celdas_max=30  techo=0/20
[07:12:50 + 158.2s]   PASA  1 E2I       20/20  [W_C≤-2.5:20/20 W_A≈+1:20/20 W_B≤-2.8:20/20 tasaA Q4≥80%Q2:20/20]
[07:12:50 + 158.2s]         splits=[3, 2, 0, 3, 3, 0, 1, 2, 0, 2, 0, 2, 3, 0, 0, 0, 3, 1, 1, 0]  celdas_max=33  techo=0/20
[07:12:50 + 158.2s]   PASA  1 E2J       20/20  [W_D≥0.85:20/20 W_B≤-2.7:20/20]
[07:12:50 + 158.2s]         splits=[3, 3, 3, 2, 3, 1, 3, 2, 2, 1, 3, 3, 3, 2, 3, 1, 3, 2, 2, 3]  celdas_max=33  techo=0/20
[07:12:50 + 158.2s]   PASA  1 E2K       20/20  [W_D≥0.8:20/20 W_B≤-2.4:20/20]
[07:12:50 + 158.2s]         splits=[3, 3, 3, 4, 3, 3, 3, 3, 4, 3, 3, 3, 2, 4, 4, 3, 2, 4, 4, 4]  celdas_max=34  techo=0/20
[07:12:50 + 158.2s]   PASA  1 E2L       20/20  [W_A≈+1:20/20 W_B≈-3:20/20 solap→0:20/20]
[07:12:50 + 158.2s]         splits=[3, 3, 3, 3, 3, 3, 3, 3, 3, 3, 3, 3, 3, 3, 3, 3, 3, 3, 3, 3]  celdas_max=33  techo=0/20
[07:12:50 + 158.3s]   PASA  2 celdas<=45: {'E1': 20, 'E2': 20, 'E2I': 20, 'E2J': 20, 'E2K': 20, 'E2L': 20, 'E2I-misma': 20}
[07:12:50 + 158.3s]   PASA  3 control negativo (A∩B=3 sin plasticidad): 0/20 lo pasan  W_A=[-2.0, -1.94, -1.92, -1.77]
[07:12:50 + 158.3s]   OK    4a' [identidad, NO evidencia] celdas==30+splits y len(split_t)==splits: 140/140  []
[07:12:50 + 158.3s]   PASA  4b sin conflicto no hay división: guarda E1 sin conflicto 20/20, E2L con conflicto 20/20; corridas que dividen 72, violaciones ninguna
[07:12:50 + 158.3s]   PASA  4c C∩B=3 misma valencia: guarda 20/20, splits==0 20/20, W_C<=-2.5 20/20  (W_C mediana -2.99, mordidas de C Q3+Q4 mediana 10)
[07:12:50 + 158.3s]   PASA  4d disparo anclado a la causa: E1 sin divisiones 20/20; t>=50k {'E2': 20, 'E2I': 20, 'E2J': 20, 'E2K': 20}; E2L termina <25k 20/20
[07:12:50 + 158.3s] 
[07:12:50 + 158.3s] VEREDICTO bateria_v11: 5_identidad=True 1_cientificos=True 2_celdas=True 3_control=True 4a_identidad=True 4b_sin_conflicto_no_divide=True 4c_misma_valencia=True 4d_causa=True
[07:12:50 + 158.3s] *** v11 CUMPLE EL CRITERIO v3 con 20 semillas. Por el preregistro: CONGELAR v11 como tronco (si pasa tambien R y K).
[07:12:50 + 158.3s] datos -> examen_v11_20260917_071012.json  sha256_16 = 6a63bec1f637e35a
