[03:29:13 +   0.0s] === Batería v13 — CRITERIO v3, 20 semillas (101..120), Pool(14) ===
[03:29:13 +   0.0s] sha organismo_v13 39574b97b0f5f56c  bateria_v13 7635ef6ff83f6e03  preregistro b46b59b0251ed417
[03:29:13 +   0.2s] ETAPA 1/3 — criterio 5, identidad de instrumentos (84 comparaciones)...
[03:29:43 +  29.9s]           21/84  (21 idénticas)
[03:29:58 +  45.3s]           42/84  (42 idénticas)
[03:30:27 +  74.3s]           63/84  (63 idénticas)
[03:30:43 +  89.7s]           84/84  (84 idénticas)
[03:30:43 +  89.7s]   v13E_k5(eta_s=0,puerta=None,k_testE=0,eta_pred=0) == v11  [v3'' ERR-30]: 42/42
[03:30:43 +  89.7s]   v13E_k5(eta_s=0,puerta=None,div_signo=False,k_testE=0,eta_pred=0) == v10  [v3'' ERR-30]: 42/42
[03:30:43 +  89.7s] ETAPA 2/3 — 180 corridas (9 etapas x 20 semillas)...
[03:31:06 + 112.9s]           40/180
[03:31:29 + 135.8s]           80/180
[03:31:51 + 158.5s]           120/180
[03:32:14 + 181.1s]           160/180
[03:32:21 + 188.6s]           180/180
[03:32:21 + 188.6s] ETAPA 3/3 — criterios.
[03:32:21 + 188.6s] 
[03:32:21 + 188.6s]   PASA  1 E1        20/20  [venenoQ4<Q1:20/20 W_A≈+1:20/20 W_B≈-3:20/20]
[03:32:21 + 188.6s]         splits=[0, 0, 0, 0, 0, 0, 0, 0, 0, 0, 0, 0, 0, 0, 0, 0, 0, 0, 0, 0]  celdas_max=30  techo=0/20
[03:32:21 + 188.6s]   PASA  1 E2        20/20  [W_A→-3:20/20 W_B→+1:20/20 come B Q4≥50:20/20]
[03:32:21 + 188.6s]         splits=[0, 0, 0, 0, 0, 0, 0, 0, 0, 0, 0, 0, 0, 0, 0, 0, 0, 0, 0, 0]  celdas_max=30  techo=0/20
[03:32:21 + 188.6s]   PASA  1 E2I       20/20  [W_C≤-2.5:20/20 W_A≈+1:20/20 W_B≤-2.8:20/20 tasaA Q4≥80%Q2:20/20]
[03:32:21 + 188.6s]         splits=[1, 3, 0, 0, 2, 0, 0, 0, 0, 0, 0, 0, 1, 0, 0, 3, 2, 0, 0, 0]  celdas_max=33  techo=0/20
[03:32:21 + 188.6s]   PASA  1 E2J       20/20  [W_D≥0.85:20/20 W_B≤-2.7:20/20]
[03:32:21 + 188.6s]         splits=[3, 1, 2, 1, 3, 1, 2, 1, 1, 2, 1, 1, 3, 1, 3, 1, 3, 2, 2, 2]  celdas_max=33  techo=0/20
[03:32:21 + 188.6s]   PASA  1 E2K       20/20  [W_D≥0.8:20/20 W_B≤-2.4:20/20]
[03:32:21 + 188.6s]         splits=[4, 3, 3, 3, 3, 4, 3, 3, 3, 2, 2, 3, 3, 3, 4, 4, 3, 3, 3, 3]  celdas_max=34  techo=0/20
[03:32:21 + 188.6s]   PASA  1 E2L       20/20  [W_A≈+1:20/20 W_B≈-3:20/20 solap→0:20/20]
[03:32:21 + 188.6s]         splits=[3, 3, 3, 3, 3, 3, 3, 3, 3, 3, 3, 3, 3, 3, 3, 3, 3, 3, 3, 3]  celdas_max=33  techo=0/20
[03:32:21 + 188.6s]   PASA  2 celdas<=45: {'E1': 20, 'E2': 20, 'E2I': 20, 'E2J': 20, 'E2K': 20, 'E2L': 20, 'E2I-misma': 20}
[03:32:21 + 188.6s]   PASA  3' via rapida sola sin plasticidad (A∩B=3): 0/20 lo pasan (<=1)  W_A=[-2.31, -1.97, -1.88, -1.77]
[03:32:22 + 188.6s]   PASA  3'' via lenta activa sin plasticidad (A∩B=3): 20/20 lo pasan (>=19)
[03:32:22 + 188.6s]   OK    4a' [identidad, NO evidencia] celdas==30+splits y len(split_t)==splits: 160/160  []
[03:32:22 + 188.6s]   PASA  4b sin conflicto no hay división: guarda E1 sin conflicto 20/20, E2L con conflicto 20/20; corridas que dividen 66, violaciones ninguna
[03:32:22 + 188.6s]   PASA  4c C∩B=3 misma valencia: guarda 20/20, splits==0 20/20, W_C<=-2.5 20/20  (W_C mediana -2.99, mordidas de C Q3+Q4 mediana 11)
[03:32:22 + 188.6s]   PASA  4d disparo anclado a la causa: E1 sin divisiones 20/20; t>=50k {'E2': 20, 'E2I': 20, 'E2J': 20, 'E2K': 20}; E2L termina <25k 20/20
[03:32:22 + 188.6s] 
[03:32:22 + 188.6s] VEREDICTO bateria_v13: 5_identidad=True 1_cientificos=True 2_celdas=True 3_control=True 4a_identidad=True 4b_sin_conflicto_no_divide=True 4c_misma_valencia=True 4d_causa=True
[03:32:22 + 188.6s] *** v13 CUMPLE EL CRITERIO v3 con 20 semillas. Por el preregistro: CONGELAR v13 como tronco (si pasa tambien X2 y X3).
[03:32:22 + 188.7s] datos -> examen_v13E_k5_20260918_032913.json  sha256_16 = 49c4c6a9f9b4304b
