[14:52:04 +   0.0s] === Batería v8 — CRITERIO v3, 20 semillas, Pool(14) ===
[14:52:04 +   0.0s] sha organismo_v8 dca7d5c3a162f5d4  bateria_v8 8de16b2e97de8312  preregistro d2924e69128fe0f6
[14:52:04 +   0.2s] ETAPA 1/3 — criterio 5, identidad de instrumentos (84 comparaciones)...
[14:52:32 +  28.3s]           21/84  (21 idénticas)
[14:52:47 +  42.8s]           42/84  (42 idénticas)
[14:53:14 +  70.3s]           63/84  (63 idénticas)
[14:53:29 +  84.8s]           84/84  (84 idénticas)
[14:53:29 +  84.8s]   v8 == v7e(lam=0.05)   : 42/42
[14:53:29 +  84.8s]   v8(lam=0) == v7       : 42/42
[14:53:29 +  84.8s] ETAPA 2/3 — 160 corridas (8 etapas x 20 semillas)...
[14:53:50 + 105.9s]           40/160
[14:54:11 + 126.9s]           80/160
[14:54:32 + 147.8s]           120/160
[14:54:50 + 166.1s]           160/160
[14:54:50 + 166.1s] ETAPA 3/3 — criterios.
[14:54:50 + 166.1s] 
[14:54:50 + 166.1s]   PASA  1 E1        20/20  [venenoQ4<Q1:20/20 W_A≈+1:20/20 W_B≈-3:20/20]
[14:54:50 + 166.1s]         splits=[0, 0, 0, 0, 0, 0, 0, 0, 0, 0, 0, 0, 0, 0, 0, 0, 0, 0, 0, 0]  celdas_max=30  techo=0/20
[14:54:50 + 166.1s]   PASA  1 E2        20/20  [W_A→-3:20/20 W_B→+1:20/20 come B Q4≥50:20/20]
[14:54:50 + 166.1s]         splits=[5, 5, 5, 3, 3, 5, 3, 6, 3, 5, 3, 3, 5, 5, 3, 5, 5, 4, 4, 3]  celdas_max=36  techo=0/20
[14:54:50 + 166.1s]   PASA  1 E2I       20/20  [W_C≤-2.5:20/20 W_A≈+1:20/20 W_B≤-2.8:20/20 tasaA Q4≥80%Q2:20/20]
[14:54:50 + 166.1s]         splits=[0, 0, 0, 0, 0, 0, 0, 0, 0, 0, 0, 0, 0, 0, 3, 0, 0, 0, 0, 0]  celdas_max=33  techo=0/20
[14:54:50 + 166.1s]   PASA  1 E2J       20/20  [W_D≥0.85:20/20 W_B≤-2.7:20/20]
[14:54:50 + 166.1s]         splits=[0, 0, 0, 0, 0, 0, 0, 0, 0, 0, 0, 0, 0, 0, 0, 0, 0, 0, 0, 0]  celdas_max=30  techo=0/20
[14:54:50 + 166.1s]   PASA  1 E2K       20/20  [W_D≥0.8:20/20 W_B≤-2.4:20/20]
[14:54:50 + 166.1s]         splits=[2, 2, 2, 2, 4, 2, 2, 2, 2, 6, 2, 2, 2, 2, 2, 2, 2, 2, 2, 2]  celdas_max=36  techo=0/20
[14:54:50 + 166.1s]   PASA  1 E2L       20/20  [W_A≈+1:20/20 W_B≈-3:20/20 solap→0:20/20]
[14:54:50 + 166.1s]         splits=[6, 6, 9, 6, 9, 9, 6, 9, 9, 9, 6, 6, 9, 6, 9, 6, 6, 6, 6, 6]  celdas_max=39  techo=0/20
[14:54:50 + 166.1s]   PASA  2 celdas<=45: {'E1': 20, 'E2': 20, 'E2I': 20, 'E2J': 20, 'E2K': 20, 'E2L': 20, 'E2I-misma': 20}
[14:54:50 + 166.1s]   PASA  3 control negativo (A∩B=3 sin plasticidad): 0/20 lo pasan  W_A=[-2.09, -1.72, -1.64, -1.52]
[14:54:50 + 166.1s]   OK    4a [identidad, NO evidencia] splits<=>err_max>0.6: 140/140  []
[14:54:50 + 166.1s]   PASA  4b sin conflicto no hay división: guarda E1 sin conflicto 20/20, E2L con conflicto 20/20; corridas que dividen 61, violaciones ninguna
[14:54:50 + 166.1s]   PASA  4c C∩B=3 misma valencia: guarda 20/20, splits==0 20/20, W_C<=-2.5 20/20  (W_C mediana -3.00, mordidas de C Q3+Q4 mediana 17)
[14:54:50 + 166.1s]   PASA  4d disparo anclado a la causa: E1 sin divisiones 20/20; t>=50k {'E2': 20, 'E2I': 20, 'E2J': 20, 'E2K': 20}; E2L termina <25k 20/20
[14:54:50 + 166.1s] 
[14:54:50 + 166.1s] VEREDICTO bateria_v8: 5_identidad=True 1_cientificos=True 2_celdas=True 3_control=True 4a_identidad=True 4b_sin_conflicto_no_divide=True 4c_misma_valencia=True 4d_causa=True
[14:54:50 + 166.1s] *** v8 CUMPLE EL CRITERIO v3 con 20 semillas. Por el preregistro: CONGELAR v8 como tronco.
[14:54:50 + 166.2s] datos -> examen_v8_20260916_145204.json  sha256_16 = 3a469ca295f1d212
