[13:46:29 +   0.0s] === Batería v13 — CRITERIO v3, 6 semillas (1..6), Pool(14) ===
[13:46:29 +   0.0s] sha organismo_v13 2cebc0ab0c38b70f  bateria_v13 9daa88a90a2fd7b1  preregistro b46b59b0251ed417
[13:46:29 +   0.2s] ETAPA 1/3 — criterio 5, identidad de instrumentos (84 comparaciones)...
[13:46:59 +  30.6s]           21/84  (21 idénticas)
[13:47:27 +  58.1s]           42/84  (42 idénticas)
[13:47:46 +  77.9s]           63/84  (63 idénticas)
[13:48:08 +  99.9s]           84/84  (84 idénticas)
[13:48:08 +  99.9s]   v13(eta_s=0, puerta=None) == v11: 42/42
[13:48:08 +  99.9s]   v13(eta_s=0, puerta=None, div_signo=False) == v10: 42/42
[13:48:08 +  99.9s] ETAPA 2/3 — 54 corridas (9 etapas x 6 semillas)...
[13:48:38 + 129.7s]           40/54
[13:48:43 + 134.5s]           54/54
[13:48:43 + 134.6s] ETAPA 3/3 — criterios.
[13:48:43 + 134.6s] 
[13:48:43 + 134.6s]   PASA  1 E1        6/6  [venenoQ4<Q1:6/6 W_A≈+1:6/6 W_B≈-3:6/6]
[13:48:43 + 134.6s]         splits=[0, 0, 0, 0, 0, 0]  celdas_max=30  techo=0/6
[13:48:43 + 134.6s]   PASA  1 E2        6/6  [W_A→-3:6/6 W_B→+1:6/6 come B Q4≥50:6/6]
[13:48:43 + 134.6s]         splits=[0, 0, 0, 0, 0, 0]  celdas_max=30  techo=0/6
[13:48:43 + 134.6s]   PASA  1 E2I       6/6  [W_C≤-2.5:6/6 W_A≈+1:6/6 W_B≤-2.8:6/6 tasaA Q4≥80%Q2:6/6]
[13:48:43 + 134.6s]         splits=[0, 1, 0, 0, 1, 0]  celdas_max=31  techo=0/6
[13:48:43 + 134.6s]   PASA  1 E2J       6/6  [W_D≥0.85:6/6 W_B≤-2.7:6/6]
[13:48:43 + 134.6s]         splits=[2, 3, 1, 1, 1, 3]  celdas_max=33  techo=0/6
[13:48:43 + 134.6s]   PASA  1 E2K       6/6  [W_D≥0.8:6/6 W_B≤-2.4:6/6]
[13:48:43 + 134.6s]         splits=[3, 2, 2, 2, 3, 3]  celdas_max=33  techo=0/6
[13:48:43 + 134.6s]   PASA  1 E2L       6/6  [W_A≈+1:6/6 W_B≈-3:6/6 solap→0:6/6]
[13:48:43 + 134.6s]         splits=[3, 3, 3, 3, 3, 3]  celdas_max=33  techo=0/6
[13:48:43 + 134.6s]   PASA  2 celdas<=45: {'E1': 6, 'E2': 6, 'E2I': 6, 'E2J': 6, 'E2K': 6, 'E2L': 6, 'E2I-misma': 6}
[13:48:43 + 134.6s]   PASA  3' via rapida sola sin plasticidad (A∩B=3): 0/6 lo pasan (<=1)  W_A=[-1.53, -1.21, -0.79, -0.71]
[13:48:43 + 134.6s]   PASA  3'' via lenta activa sin plasticidad (A∩B=3): 6/6 lo pasan (>=5)
[13:48:43 + 134.6s]   OK    4a' [identidad, NO evidencia] celdas==30+splits y len(split_t)==splits: 48/48  []
[13:48:43 + 134.6s]   PASA  4b sin conflicto no hay división: guarda E1 sin conflicto 6/6, E2L con conflicto 6/6; corridas que dividen 20, violaciones ninguna
[13:48:43 + 134.6s]   PASA  4c C∩B=3 misma valencia: guarda 6/6, splits==0 6/6, W_C<=-2.5 6/6  (W_C mediana -2.99, mordidas de C Q3+Q4 mediana 9)
[13:48:43 + 134.6s]   PASA  4d disparo anclado a la causa: E1 sin divisiones 6/6; t>=50k {'E2': 6, 'E2I': 6, 'E2J': 6, 'E2K': 6}; E2L termina <25k 6/6
[13:48:43 + 134.6s] 
[13:48:43 + 134.6s] VEREDICTO bateria_v13: 5_identidad=True 1_cientificos=True 2_celdas=True 3_control=True 4a_identidad=True 4b_sin_conflicto_no_divide=True 4c_misma_valencia=True 4d_causa=True
[13:48:43 + 134.6s] *** v13 cumple el criterio v3 con 6 semillas. Congelar sólo con S>=20.
[13:48:43 + 134.7s] datos -> examen_v143_20260924_134629.json  sha256_16 = 5db60e2479aac363
