FASE 9 — CUERPO NUEVO · 2026-09-21 15:14:05 · semillas 1501-1520 · 9 brazos x 2 niveles de rep_acum x 20 = 360 corridas de T=100000
  organismo_f9.py sha 3a821884394d66c9 · runner sha 3c0f1c4e6d101c83
  Pool 8 (ERR-86: --pool o JUACO_POOL; nunca un Pool grande con otras corridas vivas)

ETAPA 1/3 — identidad dentro del runner (regla 14, ERR-38)
  OK   (1) NADA con alma nula == organismo_alma2 (alma=None) = NADA_CM de H-1   falta [] dif [] extra []
  OK   (2) REL != REC (DEBE diferir: si no, la relevancia es inerte, ERR-38)   lect_div REL 37/37 · REC 0
  OK   (3) rep_acum=1 != rep_acum=0 en NADA (DEBE diferir)   desc 8 -> 14
  OK   (1) NADA con alma nula == organismo_alma2 (alma=None) = NADA_CM de H-1   falta [] dif [] extra []
  OK   (2) REL != REC (DEBE diferir: si no, la relevancia es inerte, ERR-38)   lect_div REL 39/39 · REC 0
  OK   (3) rep_acum=1 != rep_acum=0 en NADA (DEBE diferir)   desc 6 -> 12

ETAPA 2/3 — series
  [  39.1s] 18/360
  [  55.0s] 36/360
  [  74.4s] 54/360
  [  91.8s] 72/360
  [ 114.6s] 90/360
  [ 131.6s] 108/360
  [ 148.8s] 126/360
  [ 168.9s] 144/360
  [ 191.6s] 162/360
  [ 214.0s] 180/360
  [ 244.4s] 198/360
  [ 263.0s] 216/360
  [ 283.3s] 234/360
  [ 313.4s] 252/360
  [ 349.9s] 270/360
  [ 373.3s] 288/360
  [ 399.0s] 306/360
  [ 422.0s] 324/360
  [ 449.0s] 342/360
  [ 475.7s] 360/360
  CRUDO C:\Users\User\Documents\PROYECTOS\JUACO\bundle\datos\f9_cuerpo_nuevo_s1501-1520_20260921_151405.json (sha 2d4276a5024f12cc)

ETAPA 3/3 — LAS NUEVE PUERTAS (ERR-89: una linea por puerta del preregistro)
  F9-1  PASA  ANCLA (BLOQUEANTE): el instrumento no se movio -- NADA reproduce NADA_CM de H-1 y RENACE reproduce el inmortal del bloque 2
          R0_NADA 0.141 en [0.1, 0.22] · vida_NADA 94.0 en [90.0, 170.0] · R0_RENACE 0.804 en [0.7, 1.4] · r_RENACE -15.5 en [-50.0, 25.0]
  F9-2  PASA  EL NODO POR RELEVANCIA ALARGA LA VIDA DEL CUERPO NUEVO
          vida REL 598.5 / NADA 94.0 = 6.367 (>= 2.5) · A12 1.0 (>= 0.85)
  F9-3  PASA  MENOS DE UNA VIDA (la pregunta): el recien nacido RECHAZA lo malo en su PRIMER encuentro, y NO a costa de dejar de comer (p1 y c1 juntos, trampa 2)
          p1 REL 0.962 vs NADA 0.194 (>= 0.6, dif >= 0.3, A12 1.0 >= 0.85) · BALANCE (trampa 2): c1 REL 1.0 vs NADA 0.992 (>= NADA-0.1) y saciedad REL 0.521 vs NADA 0.489 (>= 0.95x): si · t_ok REL 39.5 vs NADA 22.25 (se REPORTA: el que muerde todo llega antes a su primera comida; t_ok solo no mide aprender) · exposiciones A REL 557.0 vs NADA 795.0
  F9-4  CAE   CONTENIDO, NO CAUTELA GENERICA: el nodo barajado no compra la vida
          A12(vida REL > REL_BAR) 1.0 (>= 0.8) · p1 REL_BAR 0.568 (<= NADA 0.194 + 0.15) · vida REL_BAR 154.5
  F9-5  PASA  RELEVANCIA > RECENCIA (la lecciones no expiran)
          A12(vida REL > REC) 0.985 (>= 0.65) · R0 REL 0.384 / REC 0.251 = 1.53 (>= 1.15)
  F9-6  PASA  RANKEAR, NO SOLO ACCEDER: la relevancia le gana al azar sobre el mismo nodo
          A12(vida REL > REL_AZAR) 0.985 (>= 0.65) · vida REL_AZAR 381.0
  F9-7  CAE   CONEXION DESDE EL NACIMIENTO: conectarse tarde cuesta, y dentro del mismo brazo los cuerpos conectados viven mas que los cuerpos 1..4
          A12(vida REL > REL_TARDE) 0.426 (>= 0.65) · DENTRO del brazo: cuerpos >= 5 viven >= 2.0x los cuerpos 1..4 en 9/20 (>= 15)
  F9-8  PASA  REPRODUCCION DESACOPLADA DE LA SACIEDAD (perilla APARTE): sube R0 en todos los brazos sin cambiar el orden entre mecanismos
          R0 NADA acum1 0.236 / acum0 0.141 = 1.674 (>= 1.3) · Spearman del orden entre niveles 0.933 (>= 0.8) · CLAUSULA H1-6 (R0 >= 0.9 con fundadores <= 2): NINGUN brazo -- H-1 y ERR-62 siguen en pie
  F9-9  PASA  SEGURIDAD: contabilidad, la perilla NO es inerte (ERR-38) y el mundo no se comio la comida
          contabilidad 360/360 · listas por cuerpo OK 360/360 · frac_div REL 1.0 (>= 0.5; 0 = perilla INERTE, ERR-38) · lect_div REC 0.0 (= 0) · exposiciones A (ref NADA 795.0, exentos ('REL_FIJO',)) pobres ninguna · REL_FIJO se REPORTA: 397.0
  F9-10  PASA  LA RELEVANCIA VIVA NO ES MIEDO A TODO: el ranking calculado UNA sola vez (REL_FIJO) sube p1 y HUNDE c1; el vivo no
          REL_FIJO p1 0.976 (>= 0.6: el ranking congelado TAMBIEN evita) pero R0 REL 0.384 / REL_FIJO 0.294 = 1.306 (>= 1.15) y A12(saciedad REL > REL_FIJO) 1.0 (>= 0.65) · exposiciones A REL 557.0 vs REL_FIJO 397.0

TABLA (mediana por celda; acum = reproduccion desacoplada de la saciedad)
  brazo      ac      R0       r     vida cuerpos     p1     c1    t_ok    sac   expA   fund    div
  RENACE     0    0.804   -15.5    656.0    83.5   None   None    None  0.565  531.5    0.0   None
  RENACE     1    1.078     7.5    656.0    83.5   None   None    None  0.565  531.5    0.0   None
  NADA       0    0.141  -206.5     94.0   240.0  0.194  0.992   22.25  0.489  795.0  206.5   None
  NADA       1    0.236  -216.0     90.0   281.5  0.193  0.993    23.0  0.463  894.5  216.0   None
  M1         0    0.175  -190.0   136.75   230.5  0.291  0.992    25.0  0.497  759.5  190.0   None
  M1         1    0.288  -169.0   169.25   240.5  0.344  0.991    26.0  0.475  779.5  169.5   None
  REC        0    0.251  -123.5   434.25   165.5  0.799   0.99    33.0  0.506  634.5  123.5    0.0
  REC        1     0.35  -129.5   433.25   198.5  0.779  0.992    32.5  0.469  702.5  129.5    0.0
  REL        0    0.384   -93.5    598.5   154.5  0.962    1.0    39.5  0.521  557.0   94.0    1.0
  REL        1    0.494   -84.5   590.75   167.5  0.965    1.0   38.25  0.491  606.5   84.5    1.0
  REL_FIJO   0    0.294   -87.5    600.0   126.0  0.976  0.862   60.75  0.363  397.0   87.5  0.967
  REL_FIJO   1    0.336   -93.0    600.0   142.5  0.973  0.825    63.0  0.309  404.5   93.0  0.968
  REL_BAR    0    0.172  -177.5    154.5   217.0  0.568  0.598    43.5  0.471  788.5  177.5    1.0
  REL_BAR    1     0.25  -185.5   157.25   246.0  0.569  0.604   41.75  0.424  836.0  186.0    1.0
  REL_AZAR   0    0.243  -136.0    381.0   177.5  0.728  0.985   31.75  0.514  670.0  136.0  0.977
  REL_AZAR   1    0.349  -134.0   294.25   208.0  0.724  0.992    30.5  0.487  729.5  134.0  0.978
  REL_TARDE  0      0.4   -92.0    606.5   155.0  0.959    1.0   38.25   0.53  566.5   92.5    1.0
  REL_TARDE  1    0.476   -81.5   598.25   161.5   0.96    1.0    39.5  0.482  594.0   82.5    1.0

PUERTAS QUE PASAN: ['F9-1', 'F9-2', 'F9-3', 'F9-5', 'F9-6', 'F9-8', 'F9-9', 'F9-10']
PUERTAS QUE CAEN : ['F9-4', 'F9-7']
VEREDICTO C:\Users\User\Documents\PROYECTOS\JUACO\bundle\datos\f9_cuerpo_nuevo_s1501-1520_veredicto_20260921_151405.json (sha fadb7bcee33d7f54)

Terminado en 475.8s
