FASE 9 — CUERPO NUEVO · 2026-09-21 15:58:01 · semillas 1521-1540 · 9 brazos x 2 niveles de rep_acum x 20 = 360 corridas de T=100000
  organismo_f9.py sha 3a821884394d66c9 · runner sha 3c0f1c4e6d101c83
  Pool 8 (ERR-86: --pool o JUACO_POOL; nunca un Pool grande con otras corridas vivas)

ETAPA 1/3 — identidad dentro del runner (regla 14, ERR-38)
  OK   (1) NADA con alma nula == organismo_alma2 (alma=None) = NADA_CM de H-1   falta [] dif [] extra []
  OK   (2) REL != REC (DEBE diferir: si no, la relevancia es inerte, ERR-38)   lect_div REL 37/37 · REC 0
  OK   (3) rep_acum=1 != rep_acum=0 en NADA (DEBE diferir)   desc 8 -> 14
  OK   (1) NADA con alma nula == organismo_alma2 (alma=None) = NADA_CM de H-1   falta [] dif [] extra []
  OK   (2) REL != REC (DEBE diferir: si no, la relevancia es inerte, ERR-38)   lect_div REL 39/39 · REC 0
  OK   (3) rep_acum=1 != rep_acum=0 en NADA (DEBE diferir)   desc 6 -> 12

ETAPA 2/3 — series
  [  42.9s] 18/360
  [  59.8s] 36/360
  [  79.5s] 54/360
  [  99.8s] 72/360
  [ 126.0s] 90/360
  [ 144.2s] 108/360
  [ 162.4s] 126/360
  [ 179.7s] 144/360
  [ 208.4s] 162/360
  [ 232.0s] 180/360
  [ 258.1s] 198/360
  [ 276.3s] 216/360
  [ 299.2s] 234/360
  [ 327.0s] 252/360
  [ 358.3s] 270/360
  [ 387.0s] 288/360
  [ 407.2s] 306/360
  [ 429.9s] 324/360
  [ 457.2s] 342/360
  [ 483.7s] 360/360
  CRUDO C:\Users\User\Documents\PROYECTOS\JUACO\bundle\datos\f9_cuerpo_nuevo_s1521-1540_20260921_155801.json (sha b78123a281daccfc)

ETAPA 3/3 — LAS NUEVE PUERTAS (ERR-89: una linea por puerta del preregistro)
  F9-1  CAE   ANCLA (BLOQUEANTE): el instrumento no se movio -- NADA reproduce NADA_CM de H-1 y RENACE reproduce el inmortal del bloque 2
          R0_NADA 0.13 en [0.1, 0.22] · vida_NADA 88.5 en [90.0, 170.0] · R0_RENACE 1.0 en [0.7, 1.4] · r_RENACE 1.0 en [-50.0, 25.0]
  F9-2  PASA  EL NODO POR RELEVANCIA ALARGA LA VIDA DEL CUERPO NUEVO
          vida REL 589.0 / NADA 88.5 = 6.655 (>= 2.5) · A12 1.0 (>= 0.85)
  F9-3  PASA  MENOS DE UNA VIDA (la pregunta): el recien nacido RECHAZA lo malo en su PRIMER encuentro, y NO a costa de dejar de comer (p1 y c1 juntos, trampa 2)
          p1 REL 0.966 vs NADA 0.203 (>= 0.6, dif >= 0.3, A12 1.0 >= 0.85) · BALANCE (trampa 2): c1 REL 1.0 vs NADA 0.986 (>= NADA-0.1) y saciedad REL 0.521 vs NADA 0.49 (>= 0.95x): si · t_ok REL 38.0 vs NADA 21.5 (se REPORTA: el que muerde todo llega antes a su primera comida; t_ok solo no mide aprender) · exposiciones A REL 564.5 vs NADA 814.0
  F9-4  CAE   CONTENIDO, NO CAUTELA GENERICA: el nodo barajado no compra la vida
          A12(vida REL > REL_BAR) 1.0 (>= 0.8) · p1 REL_BAR 0.568 (<= NADA 0.203 + 0.15) · vida REL_BAR 157.0
  F9-5  PASA  RELEVANCIA > RECENCIA (la lecciones no expiran)
          A12(vida REL > REC) 0.99 (>= 0.65) · R0 REL 0.401 / REC 0.245 = 1.637 (>= 1.15)
  F9-6  PASA  RANKEAR, NO SOLO ACCEDER: la relevancia le gana al azar sobre el mismo nodo
          A12(vida REL > REL_AZAR) 1.0 (>= 0.65) · vida REL_AZAR 372.0
  F9-7  CAE   CONEXION DESDE EL NACIMIENTO: conectarse tarde cuesta, y dentro del mismo brazo los cuerpos conectados viven mas que los cuerpos 1..4
          A12(vida REL > REL_TARDE) 0.424 (>= 0.65) · DENTRO del brazo: cuerpos >= 5 viven >= 2.0x los cuerpos 1..4 en 10/20 (>= 15)
  F9-8  PASA  REPRODUCCION DESACOPLADA DE LA SACIEDAD (perilla APARTE): sube R0 en todos los brazos sin cambiar el orden entre mecanismos
          R0 NADA acum1 0.24 / acum0 0.13 = 1.846 (>= 1.3) · Spearman del orden entre niveles 0.967 (>= 0.8) · CLAUSULA H1-6 (R0 >= 0.9 con fundadores <= 2): NINGUN brazo -- H-1 y ERR-62 siguen en pie
  F9-9  PASA  SEGURIDAD: contabilidad, la perilla NO es inerte (ERR-38) y el mundo no se comio la comida
          contabilidad 360/360 · listas por cuerpo OK 360/360 · frac_div REL 1.0 (>= 0.5; 0 = perilla INERTE, ERR-38) · lect_div REC 0.0 (= 0) · exposiciones A (ref NADA 814.0, exentos ('REL_FIJO',)) pobres ninguna · REL_FIJO se REPORTA: 390.5
  F9-10  PASA  LA RELEVANCIA VIVA NO ES MIEDO A TODO: el ranking calculado UNA sola vez (REL_FIJO) sube p1 y HUNDE c1; el vivo no
          REL_FIJO p1 0.976 (>= 0.6: el ranking congelado TAMBIEN evita) pero R0 REL 0.401 / REL_FIJO 0.278 = 1.442 (>= 1.15) y A12(saciedad REL > REL_FIJO) 1.0 (>= 0.65) · exposiciones A REL 564.5 vs REL_FIJO 390.5

TABLA (mediana por celda; acum = reproduccion desacoplada de la saciedad)
  brazo      ac      R0       r     vida cuerpos     p1     c1    t_ok    sac   expA   fund    div
  RENACE     0      1.0     1.0    838.5    70.5   None   None    None  0.575  553.0    0.0   None
  RENACE     1    1.389    27.5    838.5    70.5   None   None    None  0.575  553.0    0.0   None
  NADA       0     0.13  -210.0     88.5   243.0  0.203  0.986    21.5   0.49  814.0  210.0   None
  NADA       1     0.24  -208.5    102.5   272.0  0.184  0.991    21.5  0.462  892.0  208.5   None
  M1         0    0.172  -181.5   135.25   223.0  0.294  0.985    24.5  0.502  741.5  181.5   None
  M1         1    0.263  -190.0    144.0   259.0   0.35  0.993    24.0  0.468  793.5  190.0   None
  REC        0    0.245  -136.5    422.5   181.0   0.78  0.992    32.5    0.5  657.5  137.5    0.0
  REC        1     0.36  -127.0   403.25   199.0  0.771  0.992    33.5  0.468  692.0  128.5    0.0
  REL        0    0.401   -91.0    589.0   153.0  0.966    1.0    38.0  0.521  564.5   91.0    1.0
  REL        1    0.472   -82.0    599.0   162.5  0.971    1.0    37.0  0.493  611.0   82.0    1.0
  REL_FIJO   0    0.278   -92.0    600.0   129.5  0.976  0.848    58.5  0.349  390.5   92.0  0.972
  REL_FIJO   1    0.363   -88.0    600.0   139.0  0.978   0.82    60.5  0.328  406.0   88.0  0.964
  REL_BAR    0    0.171  -179.5    157.0   218.5  0.568  0.591   41.25  0.468  812.5  179.5    1.0
  REL_BAR    1    0.265  -182.0    157.5   246.5  0.558  0.602    41.5  0.433  876.0  182.5    1.0
  REL_AZAR   0    0.232  -145.0    372.0   186.0  0.737  0.988    31.0   0.51  672.0  145.0  0.981
  REL_AZAR   1     0.36  -127.0    391.0   200.5  0.722  0.993    30.0  0.487  721.0  127.5  0.976
  REL_TARDE  0    0.384   -97.5    602.5   152.0  0.956    1.0   37.75  0.514  583.0   97.5    1.0
  REL_TARDE  1    0.458   -88.0    598.0   167.5  0.961    1.0   37.75  0.479  595.5   88.5    1.0

PUERTAS QUE PASAN: ['F9-2', 'F9-3', 'F9-5', 'F9-6', 'F9-8', 'F9-9', 'F9-10']
PUERTAS QUE CAEN : ['F9-1', 'F9-4', 'F9-7']
VEREDICTO C:\Users\User\Documents\PROYECTOS\JUACO\bundle\datos\f9_cuerpo_nuevo_s1521-1540_veredicto_20260921_155801.json (sha db58916c2b15b57b)

Terminado en 483.8s
