[20:54:01 +    0.0s] ARRANQUE BLOQUE 6 (SUFIJO DE VARIANTE; E-8): celdas ['k1v0', 'k1v1', 'k3v0', 'k3v1'], 36 brazos, semillas 721-740, T=100000. Pool(14).
[20:54:01 +    0.0s] El mundo, el canal y el emisor son los del bloque 4b/5, sin tocar (el emisor es mv=0, k=1 = b4b bit a bit). Lo unico nuevo es DONDE escribe y lee cada celda de la tabla del RECEPTOR.
[20:54:01 +    0.0s]     sha preregistro                a927e60810eacab2
[20:54:01 +    0.0s]     sha script                     88253f352d921c42
[20:54:01 +    0.0s]     sha constructor                7d72a23ae12217e1
[20:54:01 +    0.0s]     sha instrumento                b10cbd4ddd0c32a3
[20:54:01 +    0.0s]     sha arnes                      b74d9195d7f20106
[20:54:01 +    0.0s]     sha origen_b5                  e0b6b90f6f92d5c1
[20:54:01 +    0.0s]     sha origen_b4b                 b3dd1d7e66a2d147
[20:54:01 +    0.0s]     sha runner_bloque5             60ce47ad28c7ccc6
[20:54:01 +    0.0s]     sha preregistro_bloque5        94798d50a47eafc0
[20:54:01 +    0.0s]     sha escala_codigo_bloque0      d8b8566bca77a0ae
[20:54:01 +    0.0s]     sha externo_codex              be7208136d43fb71
[20:54:01 +    0.0s]     sha origen_organismo_v14       feefc88b1fd8d434
[20:54:01 +    0.4s] REGLA 11 - procesos python vivos (8), este es pid 29444
[20:54:01 +    0.5s] ETAPA 1/4 - IDENTIDAD (11 casos x 3 = 33). (K), (C) y (H) DEBEN fallar: sin ellos la etapa pasa por vacuidad.
[20:54:28 +   26.9s]     (a) sufijo OFF == organismo_familias_b5 (mundo=AB, k=3)                3/3
[20:54:28 +   26.9s]     (g) sufijo OFF == organismo_familias_b5 (el mundo del bloque 4, k=3)   3/3
[20:54:28 +   26.9s]     (b) sufijo OFF + k=1 == organismo_familias_b4b (el mundo del bloque 4) 3/3
[20:54:28 +   26.9s]     (n) sufijo OFF + k=1 + mundo=AB == organismo_v14 (TRONCO)              3/3
[20:54:28 +   26.9s]     (o) relevo ON + mundo=AB == organismo_v15f_on                          3/3
[20:54:28 +   26.9s]     (x) memoria_pares=None: sufijo ON == sufijo OFF (la perilla es INERTE sin tabla) 3/3
[20:54:28 +   26.9s]     (d) la DIRECCION: 4 subcasillas OFF, 32 ON, y la hermana FUERA del grupo con sufijo 3/3
[20:54:28 +   26.9s]     (e) memoria_variante mal escrita LANZA (2, -1, 0.5, '1', True)         3/3
[20:54:28 +   26.9s]     (K) sufijo ON != sufijo OFF con el relevo ON (DEBE diferir)            3/3
[20:54:28 +   26.9s]     (C) CANAL-k3v1 != CORTADO-k3v1 (DEBE diferir)                          2/3   semilla 3: difieren ['sin mensaje (-)'] faltan []
[20:54:28 +   26.9s]     (H) BAR-H-k3v1 != CANAL-k3v1 (DEBE diferir: es el brazo que decide)    2/3   semilla 3: difieren ['sin mensaje (-)'] faltan []
[20:54:28 +   26.9s]   IDENTIDAD 31/33
[20:54:28 +   26.9s] ETAPA 2/4 - DIAGNOSTICO ESTRUCTURAL, ANTES de simular (20 semillas, T = 0).
[20:54:28 +   27.0s]     alias por par mediana 0.0081  U3 mediana 0.3211
[20:54:28 +   27.0s]     celdas de las 66 que NO distinguen el referente, SIN sufijo -> CON sufijo: BAR-H 0.6818 -> 0.0; BAR-T 0.4242 -> 0.4242; piso de forma 4.0/32 -> 1.0/32
[20:54:28 +   27.0s]     semillas en que referente y hermana difieren en ALGUN pixel de FORMA (0-8): 0/20 (si no es 0, el sufijo de 3 px no puede separarlas del todo)
[20:54:28 +   27.0s] ETAPA 3/4 - EMISORES (20 corridas de 100000 pasos; mv = 0, k = 1 = b4b bit a bit).
[20:54:51 +   50.6s]     (neg) emiten 20/20; sin mensaje (excluidas, P-I2): []; t_msg mediana 12489.0
[20:54:51 +   50.6s] ETAPA 4/4 - RECEPTORES: 720 corridas de 100000 pasos (36 brazos)...
[20:55:34 +   93.3s]           40/720
[20:56:15 +  134.6s]           80/720
[20:56:55 +  174.7s]           120/720
[20:57:38 +  217.0s]           160/720
[20:58:19 +  258.0s]           200/720
[20:59:02 +  301.4s]           240/720
[20:59:45 +  344.3s]           280/720
[21:00:22 +  381.5s]           320/720
[21:01:04 +  423.2s]           360/720
[21:01:46 +  465.1s]           400/720
[21:02:26 +  505.5s]           440/720
[21:03:08 +  547.6s]           480/720
[21:03:46 +  585.0s]           520/720
[21:04:27 +  626.6s]           560/720
[21:05:11 +  670.4s]           600/720
[21:05:55 +  713.7s]           640/720
[21:06:38 +  756.8s]           680/720
[21:07:15 +  794.3s]           720/720
[21:07:15 +  794.6s] CRUDO -> familias_b6_s721-740_20260918_205401_crudo.json  sha256_16 = 31f01bf3f16bb09b  (ERR-54: guardado ANTES del analisis)
[21:07:15 +  794.6s] 
[21:07:15 +  794.6s] PI2 CAE -- es el INSTRUMENTO o el montaje. Nada se declara (preregistro 5.2).
[21:07:16 +  794.9s] datos -> familias_b6_s721-740_20260918_205401.json  sha256_16 = 6e7f8c0cb1a4c102
