[18:05:34 +    0.0s] HUMO del disenador del bloque 4b, UN proceso, sin Pool (regla 3, <= 6 corridas). voraz = 1.0.
[18:05:34 +    0.0s] PREREGISTRO_bloque4b_emisor.md (ERR-51) + PROTOCOLO_canal_20260918.md (sala 3).
[18:05:34 +    0.0s] Semillas 1-2: NINGUNA de las 581-620 del bloque queda expuesta.
[18:05:34 +    0.0s]     sha preregistro                0e4bc91d251ba40b
[18:05:34 +    0.0s]     sha script                     2f1f3d7142d89af7
[18:05:34 +    0.0s]     sha constructor                7e63562ac9034e4a
[18:05:34 +    0.0s]     sha instrumento                b3dd1d7e66a2d147
[18:05:34 +    0.0s]     sha arnes                      57d0334db104ae9d
[18:05:34 +    0.0s]     sha origen_b4                  ff9946ee2ffe27e6
[18:05:34 +    0.0s]     sha runner_bloque4             11eb44afc47679b7
[18:05:34 +    0.0s]     sha preregistro_bloque4        9e67c09ffb35b67e
[18:05:34 +    0.0s]     sha escala_codigo_bloque0      d8b8566bca77a0ae
[18:05:34 +    0.0s]     sha protocolo_sala3            cb98415646b8717b
[18:05:34 +    0.0s]     sha origen_organismo_v14       feefc88b1fd8d434
[18:05:34 +    0.0s]     origenes verificados -> OK
[18:05:34 +    0.0s] 1/4 IDENTIDAD (subconjunto; el arnes completo, 92/92, va en identidad_familias_b4.py).
[18:05:38 +    3.3s]     (a) canal=None == organismo_familias_b3 (mundo=AB)           2/2
[18:05:43 +    8.9s]     (g) canal=None == organismo_familias_b3 (el mundo del bloque 4) 2/2
[18:05:47 +   12.8s]     (n) canal=None + mundo=AB == organismo_v14 (TRONCO)          2/2
[18:05:51 +   16.2s]     (o) relevo ON + mundo=AB == organismo_v15f_on                2/2
[18:05:57 +   22.2s]     (r) canal='emite' == canal=None (el emisor SOLO MIRA)        2/2
[18:05:57 +   22.3s]     (w) exc_fija no toca el rng del mundo (n_exc=0)              2/2
