[18:41:55 +    0.0s] ARRANQUE BLOQUE 4b (emisor que SI descubre en la direccion ciega, voraz=1.0): brazos ['CANAL-', 'CORTADO-', 'BAR-H-', 'BAR-T-', 'VALOR-', 'INM-', 'OTRO-', 'PAR-', 'PAR0-'], semillas 661-680, T=100000. Pool(14).
[18:41:55 +    0.0s] El mundo y el CANAL son los del bloque 4, sin tocar. Lo nuevo: el emisor lleva `voraz` (ERR-51) y el brazo PAR sustituye el TOKEN por una HERMANA en la presentacion del receptor.
[18:41:55 +    0.0s]     sha preregistro                5d089937b10c7706
[18:41:55 +    0.0s]     sha script                     b677f0fd8d1223be
[18:41:55 +    0.0s]     sha constructor                7e63562ac9034e4a
[18:41:55 +    0.0s]     sha instrumento                b3dd1d7e66a2d147
[18:41:55 +    0.0s]     sha arnes                      57d0334db104ae9d
[18:41:55 +    0.0s]     sha origen_b4                  ff9946ee2ffe27e6
[18:41:55 +    0.0s]     sha runner_bloque4             11eb44afc47679b7
[18:41:55 +    0.0s]     sha preregistro_bloque4        9e67c09ffb35b67e
[18:41:55 +    0.0s]     sha escala_codigo_bloque0      d8b8566bca77a0ae
[18:41:55 +    0.0s]     sha protocolo_sala3            cb98415646b8717b
[18:41:55 +    0.0s]     sha origen_organismo_v14       feefc88b1fd8d434
[18:41:56 +    0.4s] REGLA 11 — procesos python vivos (2), este es pid 9228
[18:41:56 +    0.5s] ETAPA 1/4 — IDENTIDAD (9 casos x 3 = 27). (K) DEBE fallar: sin el la etapa pasa por vacuidad.
[18:42:10 +   14.6s]     (a) b4b apagado == organismo_familias_b3 (mundo=AB)          3/3
[18:42:10 +   14.6s]     (g) b4b apagado == organismo_familias_b3 (el mundo del bloque 4) 3/3
[18:42:10 +   14.6s]     (n) b4b apagado + mundo=AB == organismo_v14 (TRONCO)         3/3
[18:42:10 +   14.6s]     (o) relevo ON + mundo=AB == organismo_v15f_on                3/3
[18:42:10 +   14.6s]     (r) canal='emite' == canal=None (el emisor SOLO MIRA)        3/3
[18:42:10 +   14.6s]     (w) exc_fija no toca el rng del mundo (n_exc=0)              3/3
[18:42:10 +   14.6s]     (v) voraz=0.0 == el defecto (b4 bit a bit por la cadena)     3/3
[18:42:10 +   14.6s]     (p) par_herm no toca el rng del mundo                        3/3
[18:42:10 +   14.6s]     (K) CANAL+ != CORTADO+ (DEBE diferir)                        3/3
[18:42:10 +   14.6s]   IDENTIDAD 27/27
[18:42:10 +   14.6s] ETAPA 2/4 — DIAGNOSTICO ESTRUCTURAL, ANTES de simular (20 semillas, T = 0).
[18:42:10 +   14.6s]     alias por par mediana 0.0141  semillas con algun par identico 20/20  U3 mediana 0.3415
[18:42:10 +   14.6s] ETAPA 3/4 — EMISORES (20 corridas de 100000 pasos; de cada una salen los DOS mensajes).
[18:42:38 +   42.5s]     (pos) emiten 19/20; sin mensaje (excluidas, P-I2): [676]; t_msg mediana 10092.0
[18:42:38 +   42.5s]     (neg) emiten 19/20; sin mensaje (excluidas, P-I2): [675]; t_msg mediana 11435.0
[18:42:38 +   42.5s] ETAPA 4/4 — RECEPTORES: 171 corridas de 100000 pasos (9 brazos)...
[18:43:05 +   69.3s]           20/171
[18:43:19 +   84.1s]           40/171
[18:43:45 +  109.8s]           60/171
[18:44:01 +  125.8s]           80/171
[18:44:25 +  149.8s]           100/171
[18:44:40 +  165.0s]           120/171
[18:44:56 +  180.7s]           140/171
[18:45:21 +  205.4s]           160/171
[18:45:30 +  215.1s]           171/171
[18:45:30 +  215.1s] 
[18:45:30 +  215.1s] CRUCE cod0 del EMISOR contra escala_codigo (bloque 0): IDENTICO campo a campo
[18:45:30 +  215.2s] datos crudos -> familias_b4b_s661-680_20260918_184155_crudo.json
[18:45:30 +  215.2s] ANALISIS — medianas, cuartiles y los umbrales EXACTOS de la seccion 6 del preregistro.
[18:45:30 +  215.2s] *** ANALISIS CAYO (ERR-54): KeyError: 'CANAL+'
