[16:04:29 +    0.0s] HUMO del disenador del bloque 3, UN proceso, sin Pool (regla 3). PREREGISTRO_bloque3_v15f.md.
[16:04:29 +    0.0s] Semillas 1-2: NINGUNA de las 501-540 del bloque queda expuesta.
[16:04:29 +    0.0s]     sha preregistro                af316037a1e95875
[16:04:29 +    0.0s]     sha script                     8ad387790f145bab
[16:04:29 +    0.0s]     sha constructor                06bd8d1709362ebe
[16:04:29 +    0.0s]     sha instrumento                62a1e53b452b078e
[16:04:29 +    0.0s]     sha arnes                      30cf2571ed0f76ff
[16:04:29 +    0.0s]     sha origen_b2                  30200bea6a41c3c8
[16:04:29 +    0.0s]     sha origen_v15f                96fc5c5262107850
[16:04:29 +    0.0s]     sha origen_v15f_on             54d6efe0b564113c
[16:04:29 +    0.0s]     sha runner_bloque2             c8fa05abaec88dac
[16:04:29 +    0.0s]     sha escala_codigo_bloque0      d8b8566bca77a0ae
[16:04:29 +    0.0s]     sha origen_organismo_v14       feefc88b1fd8d434
[16:04:29 +    0.0s]     origenes verificados -> OK
[16:04:29 +    0.0s] 1/3 IDENTIDAD (subconjunto; el arnes completo va en identidad_familias_b3.py).
[16:04:32 +    3.3s]     (a) memoria_pares=None == organismo_familias_b2 (AB)       2/2
[16:04:37 +    8.1s]     (n) memoria_pares=None == organismo_familias_b2 (familias) 2/2
[16:04:40 +   11.3s]     (o) relevo ON en mundo=AB == organismo_v15f_on             2/2
[16:04:44 +   14.6s]     (l) apagada + mundo=AB == organismo_v14 (TRONCO)           2/2
[16:04:45 +   15.4s]     (u) relevo ON: vira=8 == vira=-8 ANTES del cambio          2/2
[16:04:50 +   20.6s]     (A) relevo ON: vira=8 != vira=-8 DESPUES (DEBE diferir)    2/2
[16:04:55 +   25.8s]     (y) relevo != apagada en familias (DEBE diferir)           2/2
[16:04:55 +   25.8s]   IDENTIDAD 14/14
[16:04:55 +   25.8s] 2/3 DIAGNOSTICO ESTRUCTURAL (antes de simular): alias exacto, U3 y ventanas SEPARABLE/ALIAS.
[16:04:55 +   25.8s]     semilla 1: alias_pares 0.00605  alias_semilla 1  U3 0.2919
[16:04:55 +   25.8s]     semilla 2: alias_pares 0.04234  alias_semilla 1  U3 0.3621
[16:04:55 +   25.8s] 3/3 HUMO: 6 corridas de 100000 pasos (regla 3: <= 6).
[16:05:02 +   32.9s]     S-REL   s1   7.1s  n_sep 7/8  sep_med 5.0  apr_med 1.0  comida 4/4  veneno 3/4  muertes 30  celdas 63
[16:05:02 +   32.9s]             ok_herm 0:1.0 2500:1.0 10000:0.9583 25000:0.875 fin:1.0   ok_vir 0:0.0 2500:0.0 10000:0.125 25000:0.5 fin:0.625   prefijo 2477b40484f6cf31
[16:05:02 +   32.9s]             MECANISMO ganadora [2, 4]  cobertura 3/4  casillas vistas 239  leen la TABLA 32/32  err 0.0008448467479032109
[16:05:09 +   40.1s]     S-REL   s2   7.2s  n_sep 6/8  sep_med 2.0  apr_med 1.0  comida 4/4  veneno 2/4  muertes 25  celdas 74
[16:05:09 +   40.1s]             ok_herm 0:1.0 2500:0.6667 10000:1.0 25000:1.0 fin:0.875   ok_vir 0:0.0 2500:0.5 10000:0.375 25000:0.5 fin:0.75   prefijo 8845e136191e0220
[16:05:09 +   40.1s]             MECANISMO ganadora [3, 8]  cobertura 4/4  casillas vistas 241  leen la TABLA 32/32  err 0.19367894783853665
[16:05:15 +   46.0s]     S-EXC   s1   5.9s  n_sep 4/8  sep_med 2.0  apr_med 1.0  comida 4/4  veneno 0/4  muertes 36  celdas 57
[16:05:15 +   46.0s]             ok_herm 0:1.0 2500:1.0 10000:1.0 25000:1.0 fin:1.0   ok_vir 0:0.0 2500:0.0 10000:0.125 25000:0.5 fin:0.5   prefijo f892008999374a11
[16:05:15 +   46.0s]             MECANISMO ganadora None  cobertura None/4  casillas vistas None  leen la TABLA 0/32  err None
[16:05:21 +   51.9s]     S-EXC   s2   6.0s  n_sep 5/8  sep_med 2.0  apr_med 1.0  comida 4/4  veneno 1/4  muertes 35  celdas 71
[16:05:21 +   51.9s]             ok_herm 0:1.0 2500:0.6667 10000:1.0 25000:1.0 fin:1.0   ok_vir 0:0.0 2500:0.375 10000:0.125 25000:0.375 fin:0.5   prefijo 253fa9b18cae2bb6
[16:05:21 +   51.9s]             MECANISMO ganadora None  cobertura None/4  casillas vistas None  leen la TABLA 0/32  err None
[16:05:28 +   59.2s]     S-REL0  s1   7.2s  n_sep 0/8  sep_med None  apr_med 1.0  comida 0/4  veneno 0/4  muertes 24  celdas 41
[16:05:28 +   59.2s]             ok_herm 0:1.0 2500:1.0 10000:1.0 25000:1.0 fin:1.0   ok_vir 0:1.0 2500:1.0 10000:1.0 25000:1.0 fin:1.0   prefijo 2477b40484f6cf31
[16:05:28 +   59.2s]             MECANISMO ganadora [2, 4]  cobertura 3/4  casillas vistas 237  leen la TABLA 32/32  err 2.470065949356811e-56
[16:05:35 +   66.2s]     G-REL   s1   7.0s  g1 1.0  g1_fuerte 1.0  g1_lenta 1.0  cond1 1.0  ruta1 0.0  vistas 8/8  muertes 21
[16:05:35 +   66.2s]             MECANISMO ganadora [2, 4]  cobertura 3/4  casillas vistas 237  leen la TABLA 32/32  err 7.066103328322973e-55
[16:05:35 +   66.2s]   GEMELO (P-S1) semilla 1, S-REL/S-REL0: ['2477b40484f6cf31', '2477b40484f6cf31'] -> IDENTICOS
[16:05:35 +   66.2s]   CRUCE cod0 contra escala_codigo (bloque 0): IDENTICO campo a campo
[16:05:35 +   66.2s] ESTIMACION del bloque: 280 corridas de 100000 pasos, ~6.7 s/corrida en serie -> ~2.2 min de pared con Pool(14).
[16:05:35 +   66.2s] HUMO: numeros observados, sin ajustar nada. n<=2 y semillas vistas: NO son evidencia.
[16:05:35 +   66.2s] datos -> familias_b3_humo_20260918_160429.json  sha256_16 = 7845bcbb9602e8ea
