[15:43:23 +    0.0s] HUMO del disenador del bloque 2, UN proceso, sin Pool (regla 3). PREREGISTRO_bloque2_variante.md.
[15:43:23 +    0.0s] Semillas 1-2: NINGUNA de las 461-500 del bloque queda expuesta (E.14).
[15:43:23 +    0.0s]     sha preregistro                67125d2e45b2ddf5
[15:43:23 +    0.0s]     sha script                     c8fa05abaec88dac
[15:43:23 +    0.0s]     sha constructor                3bd6269999c944b8
[15:43:23 +    0.0s]     sha instrumento                30200bea6a41c3c8
[15:43:23 +    0.0s]     sha arnes                      c26ef17a10158668
[15:43:23 +    0.0s]     sha origen_organismo_familias  b9dd561a0cf056b8
[15:43:23 +    0.0s]     sha runner_bloque1             c21b3c38f36cb4c9
[15:43:23 +    0.0s]     sha escala_codigo_bloque0      d8b8566bca77a0ae
[15:43:23 +    0.0s]     sha origen_organismo_v14       feefc88b1fd8d434
[15:43:23 +    0.0s]     origenes verificados -> OK
[15:43:23 +    0.0s] 1/3 IDENTIDAD (subconjunto; el arnes completo dio 63/63 en identidad_familias_b2.py).
[15:43:26 +    3.2s]     (a) vira=0,exc_evita=-1,reg_b2=0 == organismo_familias (AB) 2/2
[15:43:30 +    6.4s]     (k) mundo=AB == organismo_v14 (TRONCO)                   2/2
[15:43:34 +   10.7s]     (f) mundo=familias del bloque 1 == organismo_familias    2/2
[15:43:35 +   11.5s]     (q) GEMELO: vira=8 == vira=-8 ANTES del cambio (P-S1)    2/2
[15:43:39 +   15.7s]     (v) vira=8 != vira=-8 DESPUES del cambio (DEBE diferir)  2/2
[15:43:43 +   19.5s]     (x) mundo=familias != mundo=AB (DEBE diferir)            2/2
[15:43:43 +   19.5s]   IDENTIDAD 12/12
[15:43:43 +   19.5s] 2/3 DIAGNOSTICO ESTRUCTURAL (antes de simular): alias exacto, U3 y las ventanas SEPARABLE/ALIAS.
[15:43:43 +   19.5s]     semilla 1: alias_pares 0.00605  alias_semilla 1  U3 0.2919  retenidas {'T0v2': 'SEPARABLE', 'T1v2': 'SEPARABLE', 'T2v2': 'SEPARABLE', 'T3v2': 'SEPARABLE', 'T4v2': 'ALIAS', 'T5v2': 'ALIAS', 'T6v2': 'SEPARABLE', 'T7v2': 'SEPARABLE'}
[15:43:43 +   19.5s]     semilla 2: alias_pares 0.04234  alias_semilla 1  U3 0.3621  retenidas {'T0v2': 'SEPARABLE', 'T1v2': 'SEPARABLE', 'T2v2': 'SEPARABLE', 'T3v2': 'SEPARABLE', 'T4v2': 'SEPARABLE', 'T5v2': 'SEPARABLE', 'T6v2': 'SEPARABLE', 'T7v2': 'SEPARABLE'}
[15:43:43 +   19.5s] 3/3 HUMO: 6 corridas de 100000 pasos (regla 3: <= 6). Brazos v14.1 y LIN, semillas 1-2.
[15:43:48 +   25.3s]     G-EXC  s1    5.8s  g1 0.875  g1_fuerte 0.875  g1_lenta 0.875  cond1 0.75  ruta1 0.0  hambre1 0.0  vistas 8/8  t_primera 66672 (retenida_ok True)  muertes 26  celdas 71
[15:43:54 +   31.0s]     G-EXC  s2    5.7s  g1 1.0  g1_fuerte 0.9375  g1_lenta 1.0  cond1 1.0  ruta1 0.125  hambre1 0.0  vistas 8/8  t_primera 66668 (retenida_ok True)  muertes 45  celdas 61
[15:44:00 +   36.9s]     G-LIN  s1    5.9s  g1 1.0  g1_fuerte 1.0  g1_lenta 1.0  cond1 1.0  ruta1 0.0  hambre1 0.0  vistas 8/8  t_primera 66669 (retenida_ok True)  muertes 31  celdas 41
[15:44:06 +   42.7s]     G-LIN  s2    5.9s  g1 1.0  g1_fuerte 1.0  g1_lenta 1.0  cond1 1.0  ruta1 0.0  hambre1 0.0  vistas 8/8  t_primera 66680 (retenida_ok True)  muertes 17  celdas 43
[15:44:12 +   48.6s]     S-EXC  s1    5.9s  n_sep 4/8  sep_med 2.0  apr_med 1.0  comida 4/4  veneno 0/4  muertes 36  celdas 57
[15:44:12 +   48.6s]             ok_herm 0:1.0 2500:1.0 10000:1.0 25000:1.0 fin:1.0   ok_vir 0:0.0 2500:0.0 10000:0.125 25000:0.5 fin:0.5   prefijo f892008999374a11
[15:44:18 +   54.5s]     S-LIN  s1    5.9s  n_sep 0/8  sep_med None  apr_med 1.0  comida 0/4  veneno 0/4  muertes 27  celdas 39
[15:44:18 +   54.5s]             ok_herm 0:1.0 2500:1.0 10000:1.0 25000:1.0 fin:1.0   ok_vir 0:1.0 2500:1.0 10000:1.0 25000:1.0 fin:1.0   prefijo f892008999374a11
[15:44:18 +   54.5s]   GEMELO (P-S1) en la semilla 1: prefijos ['f892008999374a11', 'f892008999374a11'] -> IDENTICOS (S-EXC y S-LIN son la misma corrida hasta el cambio)
[15:44:18 +   54.5s]   CRUCE cod0 (instrumento) contra escala_codigo (bloque 0): IDENTICO campo a campo
[15:44:18 +   54.5s] ESTIMACION del bloque: 220 corridas de 100000 pasos, ~5.8 s/corrida en serie -> ~1.5 min de pared con Pool(14).
[15:44:18 +   54.5s] HUMO: numeros observados, sin ajustar nada. n=2 y semillas vistas: NO son evidencia (E.14).
[15:44:18 +   54.5s] datos -> familias_b2_humo_20260918_154323.json  sha256_16 = d462d57f4716ea6f
