[14:41:28 +    0.0s] HUMO del disenador del bloque 1, UN proceso, sin Pool (regla 3). PREREGISTRO_bloque1_familias.md.
[14:41:28 +    0.0s] Semillas 1-2: NINGUNA de las 401-440 del bloque queda expuesta (E.14).
[14:41:28 +    0.0s]     sha preregistro              a9d87b87f07b4826
[14:41:28 +    0.0s]     sha script                   709c2a51ae28e472
[14:41:28 +    0.0s]     sha constructor              77e050bbe4530c57
[14:41:28 +    0.0s]     sha instrumento              ee3d69716d1048a6
[14:41:28 +    0.0s]     sha arnes                    f24da0c025faa922
[14:41:28 +    0.0s]     sha escala_codigo_bloque0    d8b8566bca77a0ae
[14:41:28 +    0.0s]     sha origen_organismo_v14     feefc88b1fd8d434
[14:41:28 +    0.0s]     sha origen_v14_codigo_on     2f7794d92e68cc89
[14:41:28 +    0.0s]     origenes verificados -> OK
[14:41:28 +    0.0s]     tamano de codigo (PREREGISTRO 2.6, enmienda del coordinador): NK=30 NKMAX=90 K=3, D=12
[14:41:28 +    0.0s] 1/3 IDENTIDAD, 8 casos x 2 semillas (T corto = 5000 salvo (I)).
[14:41:29 +    0.9s]     (A) mundo=AB == v14                                  2/2
[14:41:30 +    1.7s]     (G) linaje v13 (mask_rel=0, puerta_pat=0)            0/2   difieren ['sobre', 'llegadas', 'sin_objetivo', 'err_max', 'mord', 'vis']
[14:41:35 +    6.5s]     (I) rng no consumido: mundo=AB a T=120000            2/2
[14:41:35 +    7.4s]     (J) perillas del mundo puestas, mundo=AB             2/2
[14:41:36 +    8.2s]     (N) mundo=AB, desambiguar=1 == organismo_v14_codigo_on 2/2
[14:41:37 +    9.3s]     (P) familias n_neu=0: B-5 INERTE (P7a)               0/2   difieren ['desambiguar']
[14:41:38 +   10.2s]     (L) mundo=familias != v14 (DEBE diferir)             2/2
[14:41:39 +   11.1s]     (M) mundo=AB con renov=1.0 != v14 (DEBE diferir)     2/2
[14:41:39 +   11.1s]   IDENTIDAD 12/16 (el arnes completo, 43/43, va en identidad_familias.py)
[14:41:39 +   11.1s] 2/3 DIAGNOSTICO ESTRUCTURAL (antes de simular): alias exacto y ventanas SEPARABLE/ALIAS.
[14:41:39 +   11.1s]     semilla 1: alias_pares 0.00605  alias_semilla 1  sim_intra 0.4028  sim_inter 0.1109  U3 0.2919
[14:41:39 +   11.1s]     semilla 2: alias_pares 0.04234  alias_semilla 1  sim_intra 0.5972  sim_inter 0.2351  U3 0.3621
[14:41:39 +   11.1s] 3/3 UNA corrida por brazo, T=100000, semillas [1, 2].
[14:41:50 +   22.0s]     EXC      5.44 s  colateral [0, 8]  omision [98, 41]  w_var [0.0, 0.012]  muertes [2, 1]  des_splits [0, 0]
[14:41:50 +   22.0s]             exp_clase {'token': 3.5, 'variante': 1.0, 'excepcion': 2.0, 'ventana': 1.5}  tokens_cruzan [8, 8]  razon_exp [1.02, 0.992]  frac_veneno [0.535, 0.48, 0.562, 0.632]  ruta [6236, 6007]  retencion [0.5, 0.75]
[14:42:01 +   32.8s]     LIN      5.44 s  colateral [0, 0]  omision [0, 22]  w_var [0.0, 0.0]  muertes [0, 1]  des_splits [0, 0]
[14:42:01 +   32.8s]             exp_clase {'token': 2.0, 'variante': 1.0, 'excepcion': None, 'ventana': 2.0}  tokens_cruzan [8, 8]  razon_exp [1.005, 1.02]  frac_veneno [0.517, 0.492, 0.63, 0.64]  ruta [4912, 7683]  retencion [None, None]
[14:42:01 +   32.8s]   CRUCE cod0 (instrumento) contra escala_codigo (bloque 0): *** DIFIERE en [(1, 'T0'), (1, 'T0v1'), (1, 'T0v2'), (1, 'T1'), (1, 'T1v0')]
[14:42:01 +   32.8s]     semilla 1: ventanas {'T0v0': 'SEPARABLE', 'T1v2': 'SEPARABLE', 'T2v0': 'SEPARABLE', 'T3v2': 'SEPARABLE', 'T4v2': 'ALIAS', 'T5v2': 'ALIAS', 'T6v0': 'SEPARABLE', 'T7v2': 'SEPARABLE'}
[14:42:01 +   32.9s]     semilla 1: excepciones activas ['T0v0', 'T1v2', 'T2v0', 'T3v2']
[14:42:01 +   32.9s]     semilla 2: ventanas {'T0v1': 'ALIAS', 'T1v1': 'ALIAS', 'T2v0': 'ALIAS', 'T3v0': 'SEPARABLE', 'T4v0': 'SEPARABLE', 'T5v1': 'SEPARABLE', 'T6v1': 'ALIAS', 'T7v2': 'SEPARABLE'}
[14:42:01 +   32.9s]     semilla 2: excepciones activas ['T0v1', 'T1v1', 'T2v0', 'T3v0']
[14:42:01 +   32.9s] ESTIMACION del bloque: 40 corridas de 100000 pasos, ~5.4 s/corrida en serie -> ~0.3 min de pared con Pool(14).
[14:42:01 +   32.9s] HUMO: numeros observados, sin ajustar nada. n=2, T corto y semillas vistas: NO son evidencia (E.14).
[14:42:01 +   32.9s] datos -> familias_humo_20260918_144128.json  sha256_16 = 767a3a49d1f98eee
