[15:07:19 +    0.0s] ARRANQUE BLOQUE 1 ENMIENDA 1 (ERR-46): brazos ['EXC', 'LIN', 'AZA', 'BAR', 'V14'], semillas 441-460, T=100000. Pool(14).
[15:07:19 +    0.0s] n_exc=8  dureza=4 (costo=0.008)  log_cada=250  h_min=0.67
[15:07:19 +    0.0s] El instrumento NO cambia (organismo_familias.py b9dd561a0cf056b8, identidad 43/43). Las medidas nuevas se calculan en el runner desde `log` (lo que lee la boca) y `t_exc`.
[15:07:19 +    0.0s]     sha preregistro              f32da98d740e4b0a
[15:07:19 +    0.0s]     sha script                   c21b3c38f36cb4c9
[15:07:19 +    0.0s]     sha constructor              b488e3edce8f535f
[15:07:19 +    0.0s]     sha instrumento              b9dd561a0cf056b8
[15:07:19 +    0.0s]     sha arnes                    f24da0c025faa922
[15:07:19 +    0.0s]     sha escala_codigo_bloque0    d8b8566bca77a0ae
[15:07:19 +    0.0s]     sha origen_organismo_v14     feefc88b1fd8d434
[15:07:19 +    0.0s]     sha origen_v14_codigo_on     2f7794d92e68cc89
[15:07:19 +    0.0s]     sha preregistro_enm1         5ef67638d49a20c0
[15:07:19 +    0.0s]     sha script_enm1              bc570d8a7283ed03
[15:07:20 +    0.3s] REGLA 11 — procesos python vivos (2), este es pid 14100
[15:07:20 +    0.5s] ETAPA 1/3 — IDENTIDAD, subconjunto critico del arnes (24 comprobaciones). (L) y (M) DEBEN fallar.
[15:07:32 +   12.7s]     (A) mundo=AB == v14                                  3/3
[15:07:32 +   12.7s]     (G) linaje v13 (mask_rel=0, puerta_pat=0)            3/3
[15:07:32 +   12.7s]     (I) rng no consumido: mundo=AB a T=120000            3/3
[15:07:32 +   12.7s]     (J) perillas del mundo puestas, mundo=AB             3/3
[15:07:32 +   12.7s]     (N) mundo=AB, desambiguar=1 == organismo_v14_codigo_on 3/3
[15:07:32 +   12.7s]     (P) familias n_neu=0: B-5 INERTE (P7a)               3/3
[15:07:32 +   12.7s]     (L) mundo=familias != v14 (DEBE diferir)             3/3
[15:07:32 +   12.7s]     (M) mundo=AB con renov=1.0 != v14 (DEBE diferir)     3/3
[15:07:32 +   12.7s]   IDENTIDAD 24/24
[15:07:32 +   12.7s] ETAPA 2/3 — DIAGNOSTICO ESTRUCTURAL, ANTES de simular (20 semillas, T = 0).
[15:07:32 +   12.7s]     alias por par mediana 0.0131  semillas con algun par identico 20/20  U3 mediana 0.321
[15:07:32 +   12.7s] ETAPA 3/3 — principal: 100 corridas de 100000 pasos.
[15:07:51 +   32.3s]           20/100
[15:08:02 +   42.6s]           40/100
[15:08:21 +   61.8s]           60/100
[15:08:31 +   71.6s]           80/100
[15:08:40 +   81.2s]           100/100
[15:08:40 +   81.2s] 
[15:08:40 +   81.2s] ANALISIS — medianas y cuartiles por brazo, y despues los umbrales EXACTOS del preregistro enm1 (ERR-31).
[15:08:40 +   81.2s]     EXC  muertes 53.0 q[50.0, 53.0, 76.25]  regalo 0.0398  colateral_n 0.0892  n_valida 2.0  dano_bruto -0.1953  apr 0.5855  h_antes 0.6125  colateral(viejo) 8.0  w_var 0.01  celdas 65.5  exp_clase {'token': 2.0, 'variante': 1.0, 'excepcion': 2.0, 'ventana': 2.0}
[15:08:40 +   81.2s]     LIN  muertes 33.0 q[25.75, 33.0, 41.25]  regalo 0.0248  colateral_n 0.0  n_valida 3.5  dano_bruto -0.3667  apr 1.0  h_antes 0.6335  colateral(viejo) 1.0  w_var 0.0  celdas 49.0  exp_clase {'token': 2.0, 'variante': 1.0, 'excepcion': None, 'ventana': 1.0}
[15:08:40 +   81.2s]     AZA  muertes 58.5 q[33.5, 58.5, 79.25]  regalo 0.0439  colateral_n 0.125  n_valida 1.0  dano_bruto -0.238  apr 0.757  h_antes 0.5285  colateral(viejo) 21.0  w_var 0.0465  celdas 68.0  exp_clase {'token': 2.25, 'variante': 2.0, 'excepcion': 2.0, 'ventana': 2.0}
[15:08:40 +   81.2s]     BAR  muertes 83.5 q[72.5, 83.5, 136.5]  regalo 0.0626  colateral_n 0.0297  n_valida 0.0  dano_bruto -0.1993  apr 0.857  h_antes 0.564  colateral(viejo) 23.0  w_var 0.631  celdas 66.0  exp_clase {'token': 2.25, 'variante': 2.0, 'excepcion': 1.25, 'ventana': 1.25}
[15:08:40 +   81.2s]     V14  muertes 136.0 q[131.25, 136.0, 142.5]  regalo None  colateral_n None  n_valida None  dano_bruto None  apr None  h_antes None  colateral(viejo) None  w_var None  celdas 30.0  exp_clase {'token': None, 'variante': None, 'excepcion': None, 'ventana': None}
[15:08:40 +   81.2s] 
[15:08:40 +   81.2s] VEREDICTO: E3 CAE: la condicion no distingue familia real de familia falsa (n_valida {'EXC': 2.0, 'LIN': 3.5, 'BAR': 0.0, 'AZA': 1.0}). La medida sigue sin servir: primero el instrumento, nada se declara.
[15:08:40 +   81.2s] datos -> familias_enm1_s441-460_20260918_150719.json  sha256_16 = 507e3ee556e0d593
