[14:45:33 +    0.0s] HUMO del disenador del bloque 1, UN proceso, sin Pool (regla 3). PREREGISTRO_bloque1_familias.md.
[14:45:33 +    0.0s] Semillas 1-2: NINGUNA de las 401-440 del bloque queda expuesta (E.14).
[14:45:33 +    0.0s]     sha preregistro              a9d87b87f07b4826
[14:45:33 +    0.0s]     sha script                   0773b3f48e481f23
[14:45:33 +    0.0s]     sha constructor              b488e3edce8f535f
[14:45:33 +    0.0s]     sha instrumento              b9dd561a0cf056b8
[14:45:33 +    0.0s]     sha arnes                    f24da0c025faa922
[14:45:33 +    0.0s]     sha escala_codigo_bloque0    d8b8566bca77a0ae
[14:45:33 +    0.0s]     sha origen_organismo_v14     feefc88b1fd8d434
[14:45:33 +    0.0s]     sha origen_v14_codigo_on     2f7794d92e68cc89
[14:45:33 +    0.0s]     origenes verificados -> OK
[14:45:33 +    0.0s]     tamano de codigo (PREREGISTRO 2.6, enmienda del coordinador): NK=30 NKMAX=90 K=3, D=12
[14:45:33 +    0.0s] 1/3 IDENTIDAD, 8 casos x 2 semillas (T corto = 5000 salvo (I)).
[14:45:34 +    0.9s]     (A) mundo=AB == v14                                  2/2
[14:45:34 +    1.7s]     (G) linaje v13 (mask_rel=0, puerta_pat=0)            2/2
[14:45:39 +    6.5s]     (I) rng no consumido: mundo=AB a T=120000            2/2
[14:45:40 +    7.3s]     (J) perillas del mundo puestas, mundo=AB             2/2
[14:45:41 +    8.1s]     (N) mundo=AB, desambiguar=1 == organismo_v14_codigo_on 2/2
[14:45:42 +    9.2s]     (P) familias n_neu=0: B-5 INERTE (P7a)               2/2
[14:45:43 +   10.1s]     (L) mundo=familias != v14 (DEBE diferir)             2/2
[14:45:44 +   11.0s]     (M) mundo=AB con renov=1.0 != v14 (DEBE diferir)     2/2
[14:45:44 +   11.0s]   IDENTIDAD 16/16 (el arnes completo, 43/43, va en identidad_familias.py)
[14:45:44 +   11.0s] 2/3 DIAGNOSTICO ESTRUCTURAL (antes de simular): alias exacto y ventanas SEPARABLE/ALIAS.
[14:45:44 +   11.0s]     semilla 1: alias_pares 0.00605  alias_semilla 1  sim_intra 0.4028  sim_inter 0.1109  U3 0.2919
[14:45:44 +   11.0s]     semilla 2: alias_pares 0.04234  alias_semilla 1  sim_intra 0.5972  sim_inter 0.2351  U3 0.3621
[14:45:44 +   11.1s] 3/3 UNA corrida por brazo, T=100000, semillas [1, 2].
[14:45:55 +   22.0s]     EXC      5.47 s  colateral [0, 8]  omision [98, 41]  w_var [0.0, 0.012]  muertes [2, 1]  des_splits [0, 0]
[14:45:55 +   22.0s]             exp_clase {'token': 3.5, 'variante': 1.0, 'excepcion': 2.0, 'ventana': 1.5}  tokens_cruzan [8, 8]  razon_exp [1.02, 0.992]  frac_veneno [0.535, 0.48, 0.562, 0.632]  ruta [6236, 6007]  retencion [0.5, 0.75]
[14:46:06 +   32.9s]     LIN      5.45 s  colateral [0, 0]  omision [0, 22]  w_var [0.0, 0.0]  muertes [0, 1]  des_splits [0, 0]
[14:46:06 +   32.9s]             exp_clase {'token': 2.0, 'variante': 1.0, 'excepcion': None, 'ventana': 2.0}  tokens_cruzan [8, 8]  razon_exp [1.005, 1.02]  frac_veneno [0.517, 0.492, 0.63, 0.64]  ruta [4912, 7683]  retencion [None, None]
[14:46:06 +   32.9s]   CRUCE cod0 (instrumento) contra escala_codigo (bloque 0): IDENTICO campo a campo
[14:46:06 +   32.9s]     semilla 1: ventanas {'T0v0': 'SEPARABLE', 'T1v2': 'SEPARABLE', 'T2v0': 'SEPARABLE', 'T3v2': 'SEPARABLE', 'T4v2': 'ALIAS', 'T5v2': 'ALIAS', 'T6v0': 'SEPARABLE', 'T7v2': 'SEPARABLE'}
[14:46:06 +   32.9s]     semilla 1: excepciones activas ['T0v0', 'T1v2', 'T2v0', 'T3v2']
[14:46:06 +   32.9s]     semilla 2: ventanas {'T0v1': 'ALIAS', 'T1v1': 'ALIAS', 'T2v0': 'ALIAS', 'T3v0': 'SEPARABLE', 'T4v0': 'SEPARABLE', 'T5v1': 'SEPARABLE', 'T6v1': 'ALIAS', 'T7v2': 'SEPARABLE'}
[14:46:06 +   32.9s]     semilla 2: excepciones activas ['T0v1', 'T1v1', 'T2v0', 'T3v0']
[14:46:06 +   32.9s] ESTIMACION del bloque: 180 corridas de 100000 pasos, ~5.5 s/corrida en serie -> ~1.2 min de pared con Pool(14).
[14:46:06 +   32.9s] HUMO: numeros observados, sin ajustar nada. n=2, T corto y semillas vistas: NO son evidencia (E.14).
[14:46:06 +   32.9s] datos -> familias_humo_20260918_144533.json  sha256_16 = ec247d84e8e94c0b
