[19:33:37 +    0.0s] ARRANQUE BLOQUE 5 (VARIAS GANADORAS; H-4 de la sala 4, E-7): k = (1, 3, 5), brazos ['CANAL-k1', 'CORTADO-k1', 'BAR-H-k1', 'BAR-T-k1', 'VALOR-k1', 'INM-k1', 'OTRO-k1', 'PAR-k1', 'PAR0-k1', 'CANAL-k3', 'CORTADO-k3', 'BAR-H-k3', 'BAR-T-k3', 'VALOR-k3', 'INM-k3', 'OTRO-k3', 'PAR-k3', 'PAR0-k3', 'CANAL-k5', 'CORTADO-k5', 'BAR-H-k5', 'BAR-T-k5', 'VALOR-k5', 'INM-k5', 'OTRO-k5', 'PAR-k5', 'PAR0-k5'], semillas 681-700, T=100000. Pool(14).
[19:33:37 +    0.0s] El mundo, el canal y el emisor son los del bloque 4b, sin tocar (el emisor es k = 1 = b4b bit a bit). Lo unico nuevo es CUANTAS celdas LEE la via lenta del RECEPTOR.
[19:33:37 +    0.0s]     sha preregistro                94798d50a47eafc0
[19:33:37 +    0.0s]     sha script                     60ce47ad28c7ccc6
[19:33:37 +    0.0s]     sha constructor                b58e6025a648148d
[19:33:37 +    0.0s]     sha instrumento                e0b6b90f6f92d5c1
[19:33:37 +    0.0s]     sha arnes                      6fe98bf17b61a6c1
[19:33:37 +    0.0s]     sha origen_b4b                 b3dd1d7e66a2d147
[19:33:37 +    0.0s]     sha runner_bloque4b            b677f0fd8d1223be
[19:33:37 +    0.0s]     sha preregistro_bloque4b       5d089937b10c7706
[19:33:37 +    0.0s]     sha escala_codigo_bloque0      d8b8566bca77a0ae
[19:33:37 +    0.0s]     sha sala4_H4                   0f18d240b18771ee
[19:33:37 +    0.0s]     sha protocolo_sala3            cb98415646b8717b
[19:33:37 +    0.0s]     sha origen_organismo_v14       feefc88b1fd8d434
[19:33:37 +    0.3s] REGLA 11 — procesos python vivos (2), este es pid 24300
[19:33:37 +    0.5s] ETAPA 1/4 — IDENTIDAD (9 casos x 3 = 27). (K) y (C) DEBEN fallar: sin ellos la etapa pasa por vacuidad.
[19:33:56 +   19.0s]     (a) k=1 == organismo_familias_b4b (mundo=AB)                   3/3
[19:33:56 +   19.0s]     (g) k=1 == organismo_familias_b4b (el mundo del bloque 4)      3/3
[19:33:56 +   19.0s]     (n) k=1 + mundo=AB == organismo_v14 (TRONCO)                   3/3
[19:33:56 +   19.0s]     (o) relevo ON + mundo=AB == organismo_v15f_on                  3/3
[19:33:56 +   19.0s]     (x) memoria_pares=None: k=5 == k=1 (la perilla es INERTE sin tabla) 3/3
[19:33:56 +   19.0s]     (z) la 1.a de las k ES la ganadora de b4b, y son k sin repetir 3/3
[19:33:56 +   19.0s]     (e) k mal escrito LANZA (0, -1, 2.5, '3', True)                3/3
[19:33:56 +   19.0s]     (K) k=5 != k=1 con el relevo ON (DEBE diferir)                 3/3
[19:33:56 +   19.0s]     (C) CANAL-k5 != CORTADO-k5 (DEBE diferir)                      2/3   difieren ['mem_ganadoras', 'canal_gan_k_post', 'canal_mismo_bin_k', 'canal_gan_post', 'primera_b4', 'mem_ganadora'] faltan []
[19:33:56 +   19.0s]   IDENTIDAD 26/27
[19:33:56 +   19.0s] ETAPA 2/4 — DIAGNOSTICO ESTRUCTURAL, ANTES de simular (20 semillas, T = 0).
[19:33:56 +   19.0s]     alias por par mediana 0.0161  semillas con algun par identico 20/20  U3 mediana 0.3201
[19:33:56 +   19.0s]     celdas de las 66 que NO distinguen el referente: BAR-T 0.4242 (solo forma 0.2778), BAR-H 0.6818 (solo forma 1.0); piso de forma 4.0/32
[19:33:56 +   19.0s] ETAPA 3/4 — EMISORES (20 corridas de 100000 pasos; k = 1 = b4b bit a bit).
[19:34:18 +   40.9s]     (neg) emiten 20/20; sin mensaje (excluidas, P-I2): []; t_msg mediana 12161.5
[19:34:18 +   40.9s] ETAPA 4/4 — RECEPTORES: 540 corridas de 100000 pasos (27 brazos)...
[19:34:43 +   65.8s]           20/540
[19:34:59 +   81.6s]           40/540
[19:35:28 +  110.8s]           60/540
[19:35:43 +  125.8s]           80/540
[19:36:09 +  151.7s]           100/540
[19:36:25 +  168.2s]           120/540
[19:36:41 +  184.4s]           140/540
[19:37:06 +  208.9s]           160/540
[19:37:22 +  225.1s]           180/540
[19:37:45 +  248.0s]           200/540
[19:38:02 +  265.1s]           220/540
[19:38:24 +  287.0s]           240/540
[19:38:44 +  307.0s]           260/540
[19:39:05 +  328.0s]           280/540
[19:39:24 +  347.3s]           300/540
[19:39:45 +  368.0s]           320/540
[19:40:05 +  387.9s]           340/540
[19:40:24 +  406.9s]           360/540
[19:40:41 +  424.0s]           380/540
[19:40:59 +  442.2s]           400/540
[19:41:16 +  458.7s]           420/540
[19:41:33 +  476.2s]           440/540
[19:41:50 +  492.9s]           460/540
[19:42:08 +  510.9s]           480/540
[19:42:26 +  528.9s]           500/540
[19:42:44 +  546.8s]           520/540
[19:42:58 +  561.5s]           540/540
[19:42:58 +  561.5s] 
[19:42:59 +  561.6s] CRUCE cod0 del EMISOR contra escala_codigo (bloque 0): IDENTICO campo a campo
[19:42:59 +  561.8s] datos crudos -> familias_b5_s681-700_20260918_193337_crudo.json  sha256_16 = 94b83cfbbc2af8a5
[19:42:59 +  561.8s] ANALISIS — medianas y los umbrales EXACTOS de la seccion 6 del preregistro.
[19:42:59 +  561.8s]     CANAL-k1     com 18/20  okX 18/20  evU 0.5  okU 0.75  comH 1.0  ret2/3 7/9  nunca 1  muertes 32.5  celdas 48.0  via_rapida 1  mismo_bin 10.0  mismo_bin_k 12.0  var_en_topk 0.0  dist 0/0
[19:42:59 +  561.8s]     CORTADO-k1   com 1/20  okX 1/20  evU 0.5  okU 0.8333  comH 0.0  ret2/3 19/16  nunca 6  muertes 30.5  celdas 49.0  via_rapida 1  mismo_bin 10.0  mismo_bin_k 10.0  var_en_topk 0.0  dist 0/0
[19:42:59 +  561.8s]     BAR-H-k1     com 13/20  okX 13/20  evU 0.5  okU 0.8333  comH 1.0  ret2/3 11/12  nunca 2  muertes 31.0  celdas 47.5  via_rapida 1  mismo_bin 12.0  mismo_bin_k 12.0  var_en_topk 0.0  dist 0/0
[19:42:59 +  561.8s]     BAR-T-k1     com 7/20  okX 7/20  evU 0.5  okU 0.6667  comH 0.0  ret2/3 13/15  nunca 5  muertes 34.0  celdas 46.5  via_rapida 1  mismo_bin 12.0  mismo_bin_k 12.0  var_en_topk 0.0  dist 0/0
[19:42:59 +  561.8s]     VALOR-k1     com 3/20  okX 3/20  evU 0.5  okU 0.6667  comH 0.0  ret2/3 15/15  nunca 5  muertes 27.5  celdas 47.0  via_rapida 1  mismo_bin 12.0  mismo_bin_k 12.0  var_en_topk 0.0  dist 0/0
[19:42:59 +  561.8s]     INM-k1       com 5/20  okX 5/20  evU 0.5  okU 0.8333  comH 0.3333  ret2/3 15/15  nunca 4  muertes 29.5  celdas 47.0  via_rapida 0  mismo_bin 12.0  mismo_bin_k 13.5  var_en_topk 0.0  dist 0/0
[19:42:59 +  561.8s]     OTRO-k1      com 5/20  okX 5/20  evU 0.5  okU 0.8333  comH 0.0  ret2/3 15/16  nunca 3  muertes 28.5  celdas 49.0  via_rapida 1  mismo_bin 8.0  mismo_bin_k 8.0  var_en_topk 0.0  dist 0/0
[19:42:59 +  561.8s]     PAR-k1       com 19/20  okX 19/20  evU 0.6667  okU 0.8333  comH 1.0  ret2/3 8/10  nunca 0  muertes 29.5  celdas 48.0  via_rapida 0  mismo_bin 12.0  mismo_bin_k 12.0  var_en_topk 0.0  dist 9/20
[19:42:59 +  561.8s]     PAR0-k1      com 3/20  okX 3/20  evU 0.6667  okU 0.8333  comH 0.0  ret2/3 18/17  nunca 7  muertes 29.0  celdas 48.0  via_rapida 0  mismo_bin 12.0  mismo_bin_k 12.0  var_en_topk 0.0  dist 5/20
[19:42:59 +  561.8s]     CANAL-k3     com 19/20  okX 19/20  evU 0.6667  okU 0.8333  comH 1.0  ret2/3 10/15  nunca 0  muertes 44.5  celdas 46.0  via_rapida 0  mismo_bin 12.0  mismo_bin_k 5.0  var_en_topk 1.0  dist 0/0
[19:42:59 +  561.8s]     CORTADO-k3   com 0/20  okX 0/20  evU 0.6667  okU 0.8333  comH 0.0  ret2/3 20/19  nunca 10  muertes 34.5  celdas 42.5  via_rapida 0  mismo_bin 12.0  mismo_bin_k 4.0  var_en_topk 0.0  dist 0/0
[19:42:59 +  561.8s]     BAR-H-k3     com 15/20  okX 15/20  evU 0.6667  okU 0.8333  comH 1.0  ret2/3 12/13  nunca 2  muertes 36.5  celdas 45.5  via_rapida 0  mismo_bin 15.0  mismo_bin_k 5.0  var_en_topk 1.0  dist 0/0
[19:42:59 +  561.8s]     BAR-T-k3     com 2/20  okX 2/20  evU 0.6667  okU 0.75  comH 0.0  ret2/3 16/16  nunca 9  muertes 38.5  celdas 41.0  via_rapida 0  mismo_bin 12.0  mismo_bin_k 6.0  var_en_topk 0.0  dist 0/0
[19:42:59 +  561.8s]     VALOR-k3     com 4/20  okX 4/20  evU 0.6667  okU 0.8333  comH 0.0  ret2/3 17/18  nunca 6  muertes 45.5  celdas 44.0  via_rapida 0  mismo_bin 12.0  mismo_bin_k 3.5  var_en_topk 1.0  dist 0/0
[19:42:59 +  561.8s]     INM-k3       com 2/20  okX 2/20  evU 0.6667  okU 0.6667  comH 0.3333  ret2/3 17/17  nunca 8  muertes 38.0  celdas 42.5  via_rapida 0  mismo_bin 12.0  mismo_bin_k 7.0  var_en_topk 1.0  dist 0/0
[19:42:59 +  561.8s]     OTRO-k3      com 8/20  okX 8/20  evU 0.6667  okU 0.6667  comH 0.0  ret2/3 15/18  nunca 4  muertes 38.0  celdas 46.0  via_rapida 0  mismo_bin 8.0  mismo_bin_k 4.0  var_en_topk 0.5  dist 0/0
[19:42:59 +  561.8s]     PAR-k3       com 19/20  okX 19/20  evU 0.6667  okU 0.6667  comH 0.0  ret2/3 6/8  nunca 0  muertes 41.5  celdas 45.0  via_rapida 0  mismo_bin 12.0  mismo_bin_k 6.0  var_en_topk 1.0  dist 14/20
[19:42:59 +  561.8s]     PAR0-k3      com 1/20  okX 1/20  evU 0.6667  okU 0.75  comH 0.0  ret2/3 18/18  nunca 13  muertes 43.0  celdas 41.0  via_rapida 0  mismo_bin 12.0  mismo_bin_k 4.0  var_en_topk 0.5  dist 3/20
[19:42:59 +  561.8s]     CANAL-k5     com 19/20  okX 19/20  evU 0.8333  okU 0.6667  comH 1.0  ret2/3 12/15  nunca 0  muertes 199.5  celdas 33.5  via_rapida 0  mismo_bin 10.5  mismo_bin_k 6.0  var_en_topk 2.0  dist 0/0
[19:42:59 +  561.8s]     CORTADO-k5   com 0/20  okX 0/20  evU 0.8333  okU 0.6667  comH 0.0  ret2/3 19/19  nunca 18  muertes 210.5  celdas 30.5  via_rapida 0  mismo_bin 10.5  mismo_bin_k 3.0  var_en_topk 2.0  dist 0/0
[19:42:59 +  561.8s]     BAR-H-k5     com 16/20  okX 16/20  evU 0.8333  okU 0.6667  comH 1.0  ret2/3 11/15  nunca 1  muertes 185.5  celdas 33.0  via_rapida 0  mismo_bin 12.0  mismo_bin_k 3.0  var_en_topk 2.5  dist 0/0
[19:42:59 +  561.8s]     BAR-T-k5     com 7/20  okX 7/20  evU 0.6667  okU 0.6667  comH 0.0  ret2/3 14/17  nunca 8  muertes 186.0  celdas 32.5  via_rapida 0  mismo_bin 12.0  mismo_bin_k 4.0  var_en_topk 2.0  dist 0/0
[19:42:59 +  561.8s]     VALOR-k5     com 3/20  okX 3/20  evU 0.8333  okU 0.6667  comH 0.0  ret2/3 17/16  nunca 11  muertes 195.5  celdas 32.5  via_rapida 0  mismo_bin 15.5  mismo_bin_k 3.0  var_en_topk 1.0  dist 0/0
[19:42:59 +  561.8s]     INM-k5       com 6/20  okX 6/20  evU 0.6667  okU 0.6667  comH 0.3333  ret2/3 16/17  nunca 11  muertes 174.0  celdas 32.0  via_rapida 0  mismo_bin 9.0  mismo_bin_k 4.0  var_en_topk 2.0  dist 0/0
[19:42:59 +  561.8s]     OTRO-k5      com 3/20  okX 3/20  evU 0.8333  okU 0.6667  comH 0.0  ret2/3 18/19  nunca 14  muertes 116.0  celdas 34.0  via_rapida 0  mismo_bin 5.5  mismo_bin_k 1.0  var_en_topk 2.0  dist 0/0
[19:42:59 +  561.8s]     PAR-k5       com 19/20  okX 19/20  evU 0.6667  okU 0.8333  comH 1.0  ret2/3 9/11  nunca 0  muertes 98.0  celdas 32.5  via_rapida 0  mismo_bin 12.0  mismo_bin_k 3.5  var_en_topk 2.0  dist 7/20
[19:42:59 +  561.8s]     PAR0-k5      com 0/20  okX 0/20  evU 0.8333  okU 0.6667  comH 0.0  ret2/3 20/20  nunca 18  muertes 107.0  celdas 31.0  via_rapida 0  mismo_bin 12.0  mismo_bin_k 4.0  var_en_topk 1.0  dist 0/20
[19:42:59 +  561.8s] 
[19:42:59 +  561.8s] VEREDICTO: PI2 CAE -- es el INSTRUMENTO o el montaje. Nada se declara (preregistro 5.2).
[19:42:59 +  562.0s] datos -> familias_b5_s681-700_20260918_193337.json  sha256_16 = 253e8ca83a72c114
