[16:08:41 +    0.0s] ARRANQUE BLOQUE 3 (v15f en el mundo de familias): brazos ['G-LIN', 'G-REL', 'G-EXC', 'G-REXC', 'S-EXC', 'S-LIN', 'S-REL', 'S-REL0', 'S-RAZA', 'S-RAZA0', 'S-RBAR', 'S-RBAR0', 'V14', 'V15F'], semillas 501-520, T=100000. Pool(14).
[16:08:41 +    0.0s] El mundo es el del bloque 2 SIN TOCAR. Lo unico que cambia entre brazos es `memoria_pares` (None|'relevo').
[16:08:41 +    0.0s]     sha preregistro                7178e4479bf26a35
[16:08:41 +    0.0s]     sha script                     8ad387790f145bab
[16:08:41 +    0.0s]     sha constructor                06bd8d1709362ebe
[16:08:41 +    0.0s]     sha instrumento                62a1e53b452b078e
[16:08:41 +    0.0s]     sha arnes                      30cf2571ed0f76ff
[16:08:41 +    0.0s]     sha origen_b2                  30200bea6a41c3c8
[16:08:41 +    0.0s]     sha origen_v15f                96fc5c5262107850
[16:08:41 +    0.0s]     sha origen_v15f_on             54d6efe0b564113c
[16:08:41 +    0.0s]     sha runner_bloque2             c8fa05abaec88dac
[16:08:41 +    0.0s]     sha escala_codigo_bloque0      d8b8566bca77a0ae
[16:08:41 +    0.0s]     sha origen_organismo_v14       feefc88b1fd8d434
[16:08:42 +    0.4s] REGLA 11 — procesos python vivos (2), este es pid 15928
[16:08:42 +    0.5s] ETAPA 1/3 — IDENTIDAD (7 casos x 3 = 21). (A) e (y) DEBEN fallar: sin ellos la etapa pasa por vacuidad.
[16:08:49 +    7.6s]     (a) memoria_pares=None == organismo_familias_b2 (AB)       3/3
[16:08:49 +    7.6s]     (n) memoria_pares=None == organismo_familias_b2 (familias) 3/3
[16:08:49 +    7.6s]     (o) relevo ON en mundo=AB == organismo_v15f_on             3/3
[16:08:49 +    7.6s]     (l) apagada + mundo=AB == organismo_v14 (TRONCO)           3/3
[16:08:49 +    7.6s]     (u) relevo ON: vira=8 == vira=-8 ANTES del cambio          3/3
[16:08:49 +    7.6s]     (A) relevo ON: vira=8 != vira=-8 DESPUES (DEBE diferir)    3/3
[16:08:49 +    7.6s]     (y) relevo != apagada en familias (DEBE diferir)           3/3
[16:08:49 +    7.6s]   IDENTIDAD 21/21
[16:08:49 +    7.6s] ETAPA 2/3 — DIAGNOSTICO ESTRUCTURAL, ANTES de simular (20 semillas, T = 0).
[16:08:49 +    7.6s]     alias por par mediana 0.0111  semillas con algun par identico 20/20  U3 mediana 0.294
[16:08:49 +    7.6s] ETAPA 3/3 — principal: 280 corridas de 100000 pasos (14 brazos x 20 semillas)...
[16:09:09 +   28.1s]           20/280
[16:09:23 +   41.6s]           40/280
[16:09:42 +   60.7s]           60/280
[16:09:56 +   74.4s]           80/280
[16:10:13 +   92.1s]           100/280
[16:10:27 +  105.7s]           120/280
[16:10:43 +  121.6s]           140/280
[16:11:03 +  141.3s]           160/280
[16:11:20 +  158.5s]           180/280
[16:11:39 +  177.3s]           200/280
[16:11:54 +  192.7s]           220/280
[16:12:09 +  207.7s]           240/280
[16:12:19 +  217.5s]           260/280
[16:12:28 +  226.4s]           280/280
[16:12:28 +  226.4s] 
[16:12:28 +  226.4s] CRUCE cod0 contra escala_codigo (bloque 0): IDENTICO campo a campo
[16:12:28 +  226.4s] ANALISIS — medianas y cuartiles por brazo, y los umbrales EXACTOS (la letra del bloque 2, importada).
[16:12:28 +  226.5s]     G-LIN   muertes 22.5 q[17.0, 22.5, 27.5]  celdas 44.0  splits 14.0  exp_total 60.5  leen_tabla 0.0
[16:12:28 +  226.5s]     G-REL   muertes 22.0 q[15.75, 22.0, 31.0]  celdas 40.0  splits 10.0  exp_total 179.5  leen_tabla 32.0
[16:12:28 +  226.5s]     G-EXC   muertes 42.5 q[38.5, 42.5, 49.75]  celdas 58.0  splits 28.0  exp_total 219.5  leen_tabla 0.0
[16:12:28 +  226.5s]     G-REXC  muertes 89.0 q[62.75, 89.0, 161.0]  celdas 58.0  splits 28.0  exp_total 557.5  leen_tabla 32.0
[16:12:28 +  226.5s]     S-EXC   muertes 26.5 q[21.75, 26.5, 36.25]  celdas 60.0  splits 30.0  exp_total 60.5  leen_tabla 0.0
[16:12:28 +  226.5s]     S-LIN   muertes 23.0 q[16.75, 23.0, 26.25]  celdas 45.5  splits 15.5  exp_total 60.5  leen_tabla 0.0
[16:12:28 +  226.5s]     S-REL   muertes 42.0 q[30.5, 42.0, 53.0]  celdas 74.0  splits 44.0  exp_total 573.0  leen_tabla 32.0
[16:12:28 +  226.5s]     S-REL0  muertes 23.0 q[19.75, 23.0, 34.5]  celdas 41.0  splits 11.0  exp_total 79.0  leen_tabla 32.0
[16:12:28 +  226.5s]     S-RAZA  muertes 186.0 q[65.5, 186.0, 280.25]  celdas 89.0  splits 59.0  exp_total 512.5  leen_tabla 32.0
[16:12:28 +  226.5s]     S-RAZA0 muertes 175.0 q[60.5, 175.0, 279.25]  celdas 82.5  splits 52.5  exp_total 479.0  leen_tabla 32.0
[16:12:28 +  226.5s]     S-RBAR  muertes 237.5 q[162.0, 237.5, 449.75]  celdas 90.0  splits 60.0  exp_total 835.5  leen_tabla 32.0
[16:12:28 +  226.5s]     S-RBAR0 muertes 225.0 q[160.25, 225.0, 441.75]  celdas 86.5  splits 56.5  exp_total 816.5  leen_tabla 32.0
[16:12:28 +  226.5s]     V14     muertes 129.5 q[126.75, 129.5, 139.25]  celdas 30.0  splits 0.0  exp_total None  leen_tabla None
[16:12:28 +  226.5s]     V15F    muertes 134.5 q[129.5, 134.5, 143.5]  celdas 30.0  splits 0.0  exp_total None  leen_tabla None
[16:12:28 +  226.5s] 
[16:12:28 +  226.5s] VEREDICTO: MECANISMO (diagnostico declarado, no prediccion): cobertura de la ganadora 4.0/4 (17/20 a 4), 32.0 de 32.0 estimulos leen la TABLA. CAPACIDAD 1: g1 v15f 1.0 contra v14.1 1.0 (REL<LIN en 7/20) -> PG1(v15f) pasa; PG4 v14 REFUTA, v15f indeciso. CAPACIDAD 2: v15f separa 7.5/8 (sep/apr 3.0) contra v14.1 4.0/8 -> PS2(v15f) indeciso; asimetria comida 1.0 contra veneno 0.875 -> PS3 REFUTA; dano a las hermanas v15f 0.0417 contra v14.1 0.0 -> PS4(v15f) REFUTA. RETENCION de la virada 0.75 -> prediccion del coordinador NO se cumple; del disenador no se cumple. Alias por par 0.0111 (20/20 semillas), covariable declarada. 20 semillas no cierran nada: replica en el rango siguiente (regla 12).
[16:12:28 +  226.5s] datos -> familias_b3_s501-520_20260918_160841.json  sha256_16 = dbe20b7bbb99c950
