[13:23:14 +    0.0s] === FANIN — SERIE: brazos {'F6': 6, 'F3': 3, 'F2': 2}, semillas 6021..6040, T=200000 ===
[13:23:14 +    0.0s] identidad: IDENTIDAD 23/23 -- TODO IDENTICO: fanin=6 es el tronco bit a bit (y diag es inerte)  (instrumento 71e9b247ec1e91fc)
[13:23:14 +    0.0s] kwargs del tronco (regla 14, leidos de bateria_generaliza_v142 congelada): {'eta_s': 0.15, 'clip_s': 10.0, 'puerta': 3, 'mask_rel': 2, 'del_s': 0.25, 'del_c': 0.25, 'ema_c': 0.05, 'puerta_pat': 5, 'pat_shuf': 0, 'pat_min': 1}
[13:23:14 +    0.0s]   sha 71e9b247ec1e91fc  organismo_v142g_fanin.py
[13:23:14 +    0.0s]   sha a1d97a02bdf9dec9  organismo_v142_fanin.py
[13:23:14 +    0.0s]   sha 5e3e5b3878881ddf  bateria_v142_fanin.py
[13:23:14 +    0.0s]   sha df13a4e65335ff10  bateria_generaliza_v142_fanin.py
[13:23:14 +    0.0s]   sha 6034dfa85450fba6  corre_fanin.py
[13:23:14 +    0.0s]   sha 0e9128708ef440c9  construye_fanin.py
[13:23:14 +    0.0s]   sha 4548279ff9e634c5  PREREGISTRO_fanin.md
[13:23:14 +    0.0s]   sha e5929942647756a5  bateria_generaliza_v142.py (congelada)
[13:23:14 +    0.0s] ETAPA 1/3 — 540 corridas (3 brazos x 9 reglas x 20 semillas) con Pool(6)
[13:24:06 +   51.8s]    20/540
[13:24:45 +   91.5s]    40/540
[13:25:27 +  133.4s]    60/540
[13:26:16 +  182.1s]    80/540
[13:26:58 +  223.6s]    100/540
[13:27:41 +  267.5s]    120/540
[13:28:29 +  315.0s]    140/540
[13:29:15 +  361.5s]    160/540
[13:30:04 +  409.8s]    180/540
[13:30:55 +  460.7s]    200/540
[13:31:43 +  509.4s]    220/540
[13:32:31 +  556.6s]    240/540
[13:33:19 +  605.2s]    260/540
[13:34:06 +  651.9s]    280/540
[13:34:54 +  700.4s]    300/540
[13:35:45 +  750.7s]    320/540
[13:36:31 +  797.2s]    340/540
[13:37:23 +  849.3s]    360/540
[13:38:12 +  898.2s]    380/540
[13:38:57 +  942.8s]    400/540
[13:39:51 +  997.2s]    420/540
[13:40:40 + 1045.5s]    440/540
[13:41:24 + 1089.6s]    460/540
[13:42:18 + 1144.3s]    480/540
[13:43:06 + 1192.3s]    500/540
[13:43:52 + 1238.0s]    520/540
[13:44:48 + 1294.0s]    540/540
[13:44:48 + 1294.0s] ETAPA 2/3 — resumen (1294 s de pared)
[13:44:48 + 1294.0s] 
[13:44:48 + 1294.0s] === ACIERTO EN NUNCA VISTOS (sonda a priori, valor total, balanceado; mediana [min, max]) ===
[13:44:48 + 1294.0s] mundo    regla                      F6                     F3                     F2   | via rapida sola (F6/F3/F2) | via lenta sola | familiar test | alias test
[13:44:48 + 1294.0s] rejilla  conj   0.500 [0.438,0.833] 0.521 [0.458,0.875] 0.698 [0.479,0.979]   | 0.510/0.604/0.677 | 0.500/0.500/0.500 | 0.062/0.125/0.109 | 0.312/0.312/0.406
[13:44:48 + 1294.0s] rejilla  np     0.656 [0.469,0.844] 0.719 [0.531,0.906] 0.719 [0.500,0.938]   | 0.703/0.844/0.719 | 0.594/0.641/0.641 | 0.250/0.438/0.625 | 0.208/0.438/0.604
[13:44:48 + 1294.0s] rejilla  xor    0.609 [0.438,0.812] 0.578 [0.375,0.719] 0.656 [0.312,0.688]   | 0.609/0.594/0.609 | 0.531/0.578/0.578 | 0.188/0.234/0.344 | 0.281/0.406/0.531
[13:44:48 + 1294.0s] rejilla  par3   0.453 [0.375,0.688] 0.500 [0.375,0.656] 0.484 [0.375,0.688]   | 0.500/0.500/0.516 | 0.453/0.469/0.484 | 0.266/0.438/0.516 | 0.281/0.469/0.594
[13:44:48 + 1294.0s] rejilla  px0    0.875 [0.688,0.969] 0.938 [0.656,1.000] 0.953 [0.844,1.000]   | 0.719/0.812/0.828 | 0.906/0.906/0.938 | 0.234/0.250/0.375 | 0.281/0.406/0.531
[13:44:48 + 1294.1s] rejilla  azar   0.494 [0.393,0.656] 0.493 [0.314,0.687] 0.494 [0.360,0.625]   | 0.478/0.530/0.496 | 0.499/0.509/0.506 | 0.172/0.312/0.453 | 0.219/0.422/0.516
[13:44:48 + 1294.1s] regla    px0    1.000 [0.900,1.000] 1.000 [0.900,1.000] 1.000 [0.700,1.000]   | 0.600/0.750/0.700 | 1.000/1.000/1.000 | 0.000/0.000/0.100 | 0.000/0.000/0.100
[13:44:48 + 1294.1s] regla    azar   0.500 [0.200,0.900] 0.500 [0.200,0.700] 0.500 [0.100,0.800]   | 0.500/0.500/0.500 | 0.450/0.500/0.500 | 0.000/0.100/0.200 | 0.000/0.100/0.200
[13:44:48 + 1294.1s] regla    xor01  0.469 [0.188,0.688] 0.469 [0.188,0.688] 0.438 [0.188,0.750]   | 0.500/0.469/0.438 | 0.438/0.500/0.375 | 0.000/0.083/0.167 | 0.000/0.083/0.125
[13:44:48 + 1294.1s] 
[13:44:48 + 1294.1s] === DIAGNOSTICOS POR BRAZO (medianas sobre todas las tareas del brazo) ===
[13:44:48 + 1294.1s]   rejilla  F6: COBERTURA pixeles leidos 6/6 (min por semilla 6), lecturas minimas por pixel 30 | EMPATES en la frontera del ganan-K: 0.0000 de las llamadas (max 0.0134; en cero 0.0000), por patron en la sonda 0.000
[13:44:48 + 1294.1s]                SOLAPAMIENTO |c(P)&c(Q)|/K en la sonda: todos 0.111  d=1 0.332  d=2 0.172  (inicio: todos 0.274) | codigos distintos 0.794 de los patrones | CELDAS: usadas 0.731, con impulso>0 por patron 0.918, activas al final 90, fanin efectivo final mediana 4.0 (max 6)
[13:44:48 + 1294.1s]   rejilla  F3: COBERTURA pixeles leidos 6/6 (min por semilla 6), lecturas minimas por pixel 10 | EMPATES en la frontera del ganan-K: 0.0000 de las llamadas (max 0.0202; en cero 0.0000), por patron en la sonda 0.000
[13:44:48 + 1294.1s]                SOLAPAMIENTO |c(P)&c(Q)|/K en la sonda: todos 0.097  d=1 0.355  d=2 0.160  (inicio: todos 0.226) | codigos distintos 0.646 de los patrones | CELDAS: usadas 0.637, con impulso>0 por patron 0.866, activas al final 90, fanin efectivo final mediana 3.0 (max 5)
[13:44:48 + 1294.1s]   rejilla  F2: COBERTURA pixeles leidos 6/6 (min por semilla 6), lecturas minimas por pixel 7 | EMPATES en la frontera del ganan-K: 0.0000 de las llamadas (max 0.0204; en cero 0.0000), por patron en la sonda 0.000
[13:44:48 + 1294.1s]                SOLAPAMIENTO |c(P)&c(Q)|/K en la sonda: todos 0.114  d=1 0.391  d=2 0.182  (inicio: todos 0.241) | codigos distintos 0.524 de los patrones | CELDAS: usadas 0.517, con impulso>0 por patron 0.798, activas al final 90, fanin efectivo final mediana 2.0 (max 5)
[13:44:48 + 1294.1s]   regla    F6: COBERTURA pixeles leidos 6/6 (min por semilla 6), lecturas minimas por pixel 30 | EMPATES en la frontera del ganan-K: 0.0000 de las llamadas (max 0.0023; en cero 0.0000), por patron en la sonda 0.000
[13:44:48 + 1294.1s]                SOLAPAMIENTO |c(P)&c(Q)|/K en la sonda: todos 0.172  d=1   n/a  d=2 0.256  (inicio: todos 0.248) | codigos distintos 0.950 de los patrones | CELDAS: usadas 0.628, con impulso>0 por patron 0.988, activas al final 57, fanin efectivo final mediana 6.0 (max 6)
[13:44:48 + 1294.1s]   regla    F3: COBERTURA pixeles leidos 6/6 (min por semilla 6), lecturas minimas por pixel 10 | EMPATES en la frontera del ganan-K: 0.0175 de las llamadas (max 0.2631; en cero 0.0000), por patron en la sonda 0.000
[13:44:48 + 1294.1s]                SOLAPAMIENTO |c(P)&c(Q)|/K en la sonda: todos 0.116  d=1   n/a  d=2 0.215  (inicio: todos 0.207) | codigos distintos 0.950 de los patrones | CELDAS: usadas 0.600, con impulso>0 por patron 0.950, activas al final 61, fanin efectivo final mediana 3.0 (max 3)
[13:44:48 + 1294.1s]   regla    F2: COBERTURA pixeles leidos 6/6 (min por semilla 6), lecturas minimas por pixel 7 | EMPATES en la frontera del ganan-K: 0.0668 de las llamadas (max 0.5043; en cero 0.0000), por patron en la sonda 0.050
[13:44:48 + 1294.1s]                SOLAPAMIENTO |c(P)&c(Q)|/K en la sonda: todos 0.113  d=1   n/a  d=2 0.219  (inicio: todos 0.186) | codigos distintos 0.900 de los patrones | CELDAS: usadas 0.549, con impulso>0 por patron 0.845, activas al final 67, fanin efectivo final mediana 3.0 (max 3)
[13:44:48 + 1294.1s] 
[13:44:48 + 1294.1s] === VALIDEZ: fraccion de NUNCA VISTOS por la via rapida (sonda a priori; puerta >= 0.3) y POOL (lleno antes de T/2 en >= 10/20) ===
[13:44:48 + 1294.1s] mundo    regla  brazo sonda test sonda tren  enc test  enc tren pool fin t_lleno med lleno<T/2  validez
[13:44:48 + 1294.1s] rejilla  conj   F6         0.062      0.371     0.086     0.287       74      170650     0/20  NO CONCLUYENTE
[13:44:48 + 1294.1s] rejilla  conj   F3         0.125      0.371     0.194     0.354       74      184211     0/20  NO CONCLUYENTE
[13:44:48 + 1294.1s] rejilla  conj   F2         0.109      0.306     0.209     0.291       68      170492     0/20  NO CONCLUYENTE
[13:44:48 + 1294.1s] rejilla  np     F6         0.250      1.000     0.816     0.941       84      182696     0/20  NO CONCLUYENTE
[13:44:48 + 1294.1s] rejilla  np     F3         0.438      1.000     0.816     0.909       90       88798     7/20  VALIDO
[13:44:48 + 1294.1s] rejilla  np     F2         0.625      0.958     0.823     0.922       90       89108    10/20  VALIDO + POOL LLENO (mide capacidad)
[13:44:48 + 1294.1s] rejilla  xor    F6         0.188      0.758     0.721     0.904       90      116414     0/20  NO CONCLUYENTE
[13:44:48 + 1294.1s] rejilla  xor    F3         0.234      0.532     0.387     0.400       90      113496     4/20  NO CONCLUYENTE
[13:44:48 + 1294.1s] rejilla  xor    F2         0.344      0.548     0.639     0.766       90       86876     7/20  VALIDO
[13:44:48 + 1294.1s] rejilla  par3   F6         0.266      0.839     0.831     0.948       90      106626     0/20  NO CONCLUYENTE
[13:44:48 + 1294.1s] rejilla  par3   F3         0.438      0.935     0.923     0.989       90       70190    18/20  VALIDO + POOL LLENO (mide capacidad)
[13:44:48 + 1294.1s] rejilla  par3   F2         0.516      0.952     0.910     0.988       90       61004    18/20  VALIDO + POOL LLENO (mide capacidad)
[13:44:48 + 1294.1s] rejilla  px0    F6         0.234      0.839     0.385     0.653       88      128053     0/20  NO CONCLUYENTE
[13:44:48 + 1294.1s] rejilla  px0    F3         0.250      0.806     0.506     0.628       90      145625     0/20  NO CONCLUYENTE
[13:44:48 + 1294.1s] rejilla  px0    F2         0.375      0.839     0.670     0.779       90      139418     0/20  VALIDO
[13:44:48 + 1294.1s] rejilla  azar   F6         0.172      0.790     0.631     0.902       90      106288     0/20  NO CONCLUYENTE
[13:44:48 + 1294.1s] rejilla  azar   F3         0.312      0.661     0.789     0.887       90      100912     8/20  VALIDO
[13:44:48 + 1294.1s] rejilla  azar   F2         0.453      0.790     0.788     0.873       90       78066    12/20  VALIDO + POOL LLENO (mide capacidad)
[13:44:48 + 1294.1s] regla    px0    F6         0.000      0.900     0.030     0.871       55    no llena     0/20  NO CONCLUYENTE
[13:44:48 + 1294.1s] regla    px0    F3         0.000      0.850     0.030     0.345       50    no llena     0/20  NO CONCLUYENTE
[13:44:48 + 1294.1s] regla    px0    F2         0.100      0.800     0.103     0.373       57    no llena     0/20  NO CONCLUYENTE
[13:44:48 + 1294.1s] regla    azar   F6         0.000      0.800     0.694     0.816       60    no llena     0/20  NO CONCLUYENTE
[13:44:48 + 1294.1s] regla    azar   F3         0.100      0.700     0.574     0.713       75      186679     0/20  NO CONCLUYENTE
[13:44:48 + 1294.1s] regla    azar   F2         0.200      0.800     0.532     0.648       78      187721     0/20  NO CONCLUYENTE
[13:44:48 + 1294.1s] regla    xor01  F6         0.000      0.875     0.104     0.712       50    no llena     0/20  NO CONCLUYENTE
[13:44:48 + 1294.1s] regla    xor01  F3         0.083      0.750     0.159     0.566       63      198368     0/20  NO CONCLUYENTE
[13:44:48 + 1294.1s] regla    xor01  F2         0.167      0.875     0.297     0.697       72      182595     0/20  NO CONCLUYENTE
[13:44:48 + 1294.1s] 
[13:44:48 + 1294.1s] === ETAPA 3 (bateria_generaliza: G1 px0 >= 0.65, azar en [0.35,0.65], px0>azar >= 70 %; G2 conducta; K cobertura) ===
[13:44:48 + 1294.1s]   F6: G1 PASA (px0 1.000, azar 0.500, px0>azar 20/20)  G2 PASA (px0 0.998, azar 0.489, 20/20)  K OK
[13:44:48 + 1294.1s]   F3: G1 PASA (px0 1.000, azar 0.500, px0>azar 20/20)  G2 PASA (px0 0.998, azar 0.495, 20/20)  K OK
[13:44:48 + 1294.1s]   F2: G1 PASA (px0 1.000, azar 0.500, px0>azar 20/20)  G2 PASA (px0 0.998, azar 0.511, 20/20)  K OK
[13:44:48 + 1294.1s] 
[13:44:48 + 1294.1s] === COMPARACIONES PAREADAS POR SEMILLA (F vs F6; mejora = mediana >= +0.05, >= 15/20 suben, Holm p < 0.05; en el humo n = 20: la puerta NO puede pasar) ===
[13:44:48 + 1294.1s]   np    F3 vs F6: mediana +0.047  sube 12 baja 6 empata 2  p1 0.1189 Holm 0.7137  -> MEJORA no  NO_CAMBIA SI
[13:44:48 + 1294.1s]   np    F2 vs F6: mediana +0.031  sube 11 baja 7 empata 2  p1 0.2403 Holm 1.0000  -> MEJORA no  NO_CAMBIA SI  [NO CONCLUYENTE para el cableado: validez o pool]
[13:44:48 + 1294.1s]   xor   F3 vs F6: mediana -0.031  sube 7 baja 11 empata 2  p1 0.8811 Holm 1.0000  -> MEJORA no  NO_CAMBIA SI  [NO CONCLUYENTE para el cableado: validez o pool]
[13:44:48 + 1294.1s]   xor   F2 vs F6: mediana +0.016  sube 10 baja 7 empata 3  p1 0.3145 Holm 1.0000  -> MEJORA no  NO_CAMBIA SI
[13:44:48 + 1294.1s]   par3  F3 vs F6: mediana +0.000  sube 9 baja 7 empata 4  p1 0.4018 Holm 1.0000  -> MEJORA no  NO_CAMBIA SI  [NO CONCLUYENTE para el cableado: validez o pool]
[13:44:48 + 1294.1s]   par3  F2 vs F6: mediana +0.000  sube 7 baja 7 empata 6  p1 0.6047 Holm 1.0000  -> MEJORA no  NO_CAMBIA SI  [NO CONCLUYENTE para el cableado: validez o pool]
[13:44:48 + 1294.1s]   conj  F3 vs F6: mediana +0.031  sube 12 baja 2 empata 6  p1 0.0065 (fuera de la familia de mejora)  -> MEJORA no  NO_CAMBIA no  [NO CONCLUYENTE para el cableado: validez o pool]
[13:44:48 + 1294.1s]   conj  F2 vs F6: mediana +0.156  sube 13 baja 3 empata 4  p1 0.0106 (fuera de la familia de mejora)  -> MEJORA no  NO_CAMBIA no  [NO CONCLUYENTE para el cableado: validez o pool]
[13:44:48 + 1294.1s]   [6d secundario, sin veredicto] acc_rapida np    F3 vs F6: mediana -0.016 sube 9/20 Holm 1.0000 -> no
[13:44:48 + 1294.1s]   [6d secundario, sin veredicto] acc_rapida np    F2 vs F6: mediana +0.031 sube 11/20 Holm 1.0000 -> no
[13:44:48 + 1294.1s]   [6d secundario, sin veredicto] acc_rapida xor   F3 vs F6: mediana -0.047 sube 7/20 Holm 1.0000 -> no
[13:44:48 + 1294.1s]   [6d secundario, sin veredicto] acc_rapida xor   F2 vs F6: mediana -0.031 sube 8/20 Holm 1.0000 -> no
[13:44:48 + 1294.1s]   [6d secundario, sin veredicto] acc_rapida par3  F3 vs F6: mediana +0.000 sube 9/20 Holm 1.0000 -> no
[13:44:48 + 1294.1s]   [6d secundario, sin veredicto] acc_rapida par3  F2 vs F6: mediana +0.000 sube 9/20 Holm 1.0000 -> no
[13:44:48 + 1294.2s]   media de las 4  F3 vs F6: mediana +0.033  sube 14/20  p1 0.0577 (Bonferroni x2)  -> MEJORA no
[13:44:48 + 1294.2s]   media de las 4  F2 vs F6: mediana +0.053  sube 15/20  p1 0.0207 (Bonferroni x2)  -> MEJORA SI
[13:44:48 + 1294.2s]   COSTO Etapa 3 px0 F3 vs F6: mediana +0.000  baja 5/20  p1 0.6230 (Bonferroni x2) -> BAJA no | solapamiento en la sonda F3-F6 mediana -0.034 (baja 17/20)
[13:44:48 + 1294.2s]   COSTO Etapa 3 px0 F2 vs F6: mediana +0.000  baja 4/20  p1 0.5000 (Bonferroni x2) -> BAJA no | solapamiento en la sonda F2-F6 mediana -0.052 (baja 18/20)
[13:44:48 + 1294.2s] 
[13:44:48 + 1294.2s] === PLACEBO (regla 15): la misma puerta de mejora sobre F6(s) contra F6(s+1 ciclico); debe pasar 0 de 4 ===
[13:44:48 + 1294.2s]   np   : mediana +0.016 sube 10/20 p1 0.5000 -> no pasa (bien)
[13:44:48 + 1294.2s]   xor  : mediana +0.000 sube 9/20 p1 0.5000 -> no pasa (bien)
[13:44:48 + 1294.2s]   par3 : mediana -0.016 sube 9/20 p1 0.6762 -> no pasa (bien)
[13:44:48 + 1294.2s]   conj : mediana +0.010 sube 10/20 p1 0.3145 -> no pasa (bien)
[13:44:48 + 1294.2s] 
[13:44:48 + 1294.2s] === CONTROLES QUE PUEDEN FALLAR (en cada brazo) ===
[13:44:48 + 1294.2s]   F6: rejilla px0 0.875 (>= 0.65)  azar 0.494 (en [0.35, 0.65])  Etapa 3 G1 (control positivo del tronco) PASA  -> OK
[13:44:48 + 1294.2s]   F3: rejilla px0 0.938 (>= 0.65)  azar 0.493 (en [0.35, 0.65])  Etapa 3 G1 (control positivo del tronco) PASA  -> OK
[13:44:48 + 1294.2s]   F2: rejilla px0 0.953 (>= 0.65)  azar 0.494 (en [0.35, 0.65])  Etapa 3 G1 (control positivo del tronco) PASA  -> OK
[13:44:48 + 1294.2s] 
[13:44:48 + 1294.2s] === TIEMPOS: 71.4 us/paso de media (rejilla 71.8, regla 70.7; F6 71.3, F3 71.4, F2 71.5) ===
[13:44:48 + 1294.2s]   ESTIMACION de la serie de 20 semillas: tareas 2.14 h de CPU -> Pool(6) ~21 min; examen v3' x3 2.07 h -> Pool(6) ~21 min; generaliza x3 0.48 h -> Pool(6) ~5 min; TOTAL ~47 min de pared con Pool(6) (sin contar colas ni otro Pool en paralelo)
[13:44:48 + 1294.4s] datos -> datos\fanin_s6021-6040_20260922_132314.json  sha256_16 = 30ec6c202e464851
[13:44:48 + 1294.4s] ETAPA 3/3 — baterias del tronco por brazo (en serie, cada una con su Pool)
[13:44:48 + 1294.4s]   F6: bateria_v142_fanin.py 20 --desde 6021 --fanin 6 --pool 6 --log
[13:51:48 + 1713.8s]       [13:51:48 + 419.1s] 
[13:51:48 + 1713.8s]       [13:51:48 + 419.1s] VEREDICTO bateria_v13: 5_identidad=True 1_cientificos=True 2_celdas=True 3_control=True 4a_identidad=True 4b_sin_conflicto_no_divide=True 4c_misma_valencia=True 4d_causa=True
[13:51:48 + 1713.8s]       [13:51:48 + 419.1s] *** v13 CUMPLE EL CRITERIO v3 con 20 semillas. Por el preregistro: CONGELAR v13 como tronco (si pasa tambien X2 y X3).
[13:51:48 + 1713.8s]       [13:51:48 + 419.2s] datos -> examen_v142_fanin6_20260922_134449.json  sha256_16 = d43adf480537e30b
[13:51:48 + 1713.8s]   F6: bateria_generaliza_v142_fanin.py organismo_v142_fanin 20 --desde 6021 --fanin 6 --pool 6 --log
[13:53:29 + 1815.5s]       [13:53:29 + 101.4s] 
[13:53:29 + 1815.5s]       [13:53:29 + 101.4s] VEREDICTO bateria_generaliza (organismo_v142_fanin): K_cobertura=True G1_valor=True G2_conducta=True
[13:53:29 + 1815.5s]       [13:53:29 + 101.4s] *** organismo_v142_fanin CONSERVA la generalización de la Etapa 3
[13:53:29 + 1815.5s]       [13:53:29 + 101.4s] datos -> regresion_generaliza_organismo_v142_fanin6_20260922_135148.json  sha256_16 = 37bfdbc15303c586
[13:53:29 + 1815.5s]   F3: bateria_v142_fanin.py 20 --desde 6021 --fanin 3 --pool 6 --log
[14:01:07 + 2272.6s]       [14:01:06 + 456.8s] 
[14:01:07 + 2272.6s]       [14:01:06 + 456.8s] VEREDICTO bateria_v13: 5_identidad=True 1_cientificos=True 2_celdas=True 3_control=True 4a_identidad=True 4b_sin_conflicto_no_divide=True 4c_misma_valencia=True 4d_causa=True
[14:01:07 + 2272.6s]       [14:01:06 + 456.8s] *** v13 CUMPLE EL CRITERIO v3 con 20 semillas. Por el preregistro: CONGELAR v13 como tronco (si pasa tambien X2 y X3).
[14:01:07 + 2272.6s]       [14:01:07 + 456.9s] datos -> examen_v142_fanin3_20260922_135330.json  sha256_16 = 2b74f9d40dd0ec04
[14:01:07 + 2272.6s]   F3: bateria_generaliza_v142_fanin.py organismo_v142_fanin 20 --desde 6021 --fanin 3 --pool 6 --log
[14:02:56 + 2382.5s]       [14:02:56 + 109.6s] 
[14:02:56 + 2382.5s]       [14:02:56 + 109.6s] VEREDICTO bateria_generaliza (organismo_v142_fanin): K_cobertura=True G1_valor=True G2_conducta=True
[14:02:56 + 2382.5s]       [14:02:56 + 109.6s] *** organismo_v142_fanin CONSERVA la generalización de la Etapa 3
[14:02:56 + 2382.5s]       [14:02:56 + 109.6s] datos -> regresion_generaliza_organismo_v142_fanin3_20260922_140107.json  sha256_16 = 3ca7178c52e2bf85
[14:02:56 + 2382.5s]   F2: bateria_v142_fanin.py 20 --desde 6021 --fanin 2 --pool 6 --log
[14:10:21 + 2827.4s]       [14:10:21 + 444.5s] 
[14:10:21 + 2827.4s]       [14:10:21 + 444.5s] VEREDICTO bateria_v13: 5_identidad=True 1_cientificos=True 2_celdas=True 3_control=True 4a_identidad=True 4b_sin_conflicto_no_divide=True 4c_misma_valencia=True 4d_causa=True
[14:10:21 + 2827.4s]       [14:10:21 + 444.5s] *** v13 CUMPLE EL CRITERIO v3 con 20 semillas. Por el preregistro: CONGELAR v13 como tronco (si pasa tambien X2 y X3).
[14:10:21 + 2827.4s]       [14:10:21 + 444.6s] datos -> examen_v142_fanin2_20260922_140257.json  sha256_16 = 335cd010b1ed49c0
[14:10:21 + 2827.4s]   F2: bateria_generaliza_v142_fanin.py organismo_v142_fanin 20 --desde 6021 --fanin 2 --pool 6 --log
[14:12:10 + 2935.6s]       [14:12:09 + 107.9s] 
[14:12:10 + 2935.6s]       [14:12:09 + 107.9s] VEREDICTO bateria_generaliza (organismo_v142_fanin): K_cobertura=True G1_valor=True G2_conducta=True
[14:12:10 + 2935.6s]       [14:12:09 + 107.9s] *** organismo_v142_fanin CONSERVA la generalización de la Etapa 3
[14:12:10 + 2935.6s]       [14:12:09 + 107.9s] datos -> regresion_generaliza_organismo_v142_fanin2_20260922_141022.json  sha256_16 = 6991d3aa6e57c79c
[14:12:10 + 2935.6s] FIN.
