[14:26:20 +    0.0s] === FANIN — SERIE: brazos {'F6': 6, 'F3': 3, 'F2': 2}, semillas 6041..6060, T=200000 ===
[14:26:20 +    0.0s] identidad: IDENTIDAD 23/23 -- TODO IDENTICO: fanin=6 es el tronco bit a bit (y diag es inerte)  (instrumento 71e9b247ec1e91fc)
[14:26:20 +    0.0s] kwargs del tronco (regla 14, leidos de bateria_generaliza_v142 congelada): {'eta_s': 0.15, 'clip_s': 10.0, 'puerta': 3, 'mask_rel': 2, 'del_s': 0.25, 'del_c': 0.25, 'ema_c': 0.05, 'puerta_pat': 5, 'pat_shuf': 0, 'pat_min': 1}
[14:26:20 +    0.0s]   sha 71e9b247ec1e91fc  organismo_v142g_fanin.py
[14:26:20 +    0.0s]   sha a1d97a02bdf9dec9  organismo_v142_fanin.py
[14:26:20 +    0.0s]   sha 5e3e5b3878881ddf  bateria_v142_fanin.py
[14:26:20 +    0.0s]   sha df13a4e65335ff10  bateria_generaliza_v142_fanin.py
[14:26:20 +    0.0s]   sha 6034dfa85450fba6  corre_fanin.py
[14:26:20 +    0.0s]   sha 0e9128708ef440c9  construye_fanin.py
[14:26:20 +    0.0s]   sha 4548279ff9e634c5  PREREGISTRO_fanin.md
[14:26:20 +    0.0s]   sha e5929942647756a5  bateria_generaliza_v142.py (congelada)
[14:26:20 +    0.0s] ETAPA 1/3 — 540 corridas (3 brazos x 9 reglas x 20 semillas) con Pool(6)
[14:27:23 +   63.5s]    20/540
[14:28:11 +  111.0s]    40/540
[14:28:59 +  159.4s]    60/540
[14:29:56 +  216.1s]    80/540
[14:30:38 +  258.1s]    100/540
[14:31:20 +  300.0s]    120/540
[14:32:10 +  350.8s]    140/540
[14:32:52 +  392.1s]    160/540
[14:33:35 +  435.6s]    180/540
[14:34:24 +  484.9s]    200/540
[14:35:05 +  525.7s]    220/540
[14:35:48 +  568.6s]    240/540
[14:36:37 +  617.8s]    260/540
[14:37:18 +  658.9s]    280/540
[14:38:00 +  700.3s]    300/540
[14:38:55 +  756.0s]    320/540
[14:39:44 +  804.2s]    340/540
[14:40:34 +  854.9s]    360/540
[14:41:33 +  913.9s]    380/540
[14:42:22 +  962.4s]    400/540
[14:43:14 + 1014.3s]    420/540
[14:44:12 + 1072.2s]    440/540
[14:45:00 + 1120.4s]    460/540
[14:45:52 + 1172.9s]    480/540
[14:46:48 + 1228.8s]    500/540
[14:47:33 + 1273.7s]    520/540
[14:48:21 + 1321.2s]    540/540
[14:48:21 + 1321.2s] ETAPA 2/3 — resumen (1321 s de pared)
[14:48:21 + 1321.2s] 
[14:48:21 + 1321.2s] === ACIERTO EN NUNCA VISTOS (sonda a priori, valor total, balanceado; mediana [min, max]) ===
[14:48:21 + 1321.2s] mundo    regla                      F6                     F3                     F2   | via rapida sola (F6/F3/F2) | via lenta sola | familiar test | alias test
[14:48:21 + 1321.3s] rejilla  conj   0.500 [0.417,0.771] 0.625 [0.438,0.896] 0.646 [0.500,0.917]   | 0.500/0.594/0.729 | 0.500/0.573/0.500 | 0.094/0.141/0.250 | 0.297/0.328/0.469
[14:48:21 + 1321.3s] rejilla  np     0.672 [0.406,0.812] 0.609 [0.406,0.844] 0.688 [0.500,0.938]   | 0.750/0.625/0.734 | 0.516/0.672/0.625 | 0.312/0.500/0.625 | 0.250/0.500/0.667
[14:48:21 + 1321.3s] rejilla  xor    0.562 [0.375,0.750] 0.578 [0.438,0.719] 0.594 [0.406,0.719]   | 0.562/0.594/0.594 | 0.531/0.547/0.562 | 0.281/0.219/0.391 | 0.281/0.469/0.562
[14:48:21 + 1321.3s] rejilla  par3   0.469 [0.312,0.656] 0.469 [0.375,0.562] 0.484 [0.312,0.656]   | 0.500/0.500/0.531 | 0.453/0.438/0.469 | 0.312/0.359/0.594 | 0.328/0.453/0.641
[14:48:21 + 1321.3s] rejilla  px0    0.875 [0.688,1.000] 0.938 [0.625,1.000] 0.938 [0.844,1.000]   | 0.750/0.781/0.844 | 0.938/0.922/0.906 | 0.297/0.281/0.406 | 0.250/0.391/0.516
[14:48:21 + 1321.3s] rejilla  azar   0.500 [0.308,0.591] 0.496 [0.312,0.590] 0.497 [0.350,0.656]   | 0.469/0.500/0.498 | 0.478/0.464/0.493 | 0.234/0.297/0.453 | 0.297/0.391/0.531
[14:48:21 + 1321.3s] regla    px0    1.000 [0.900,1.000] 1.000 [0.800,1.000] 1.000 [0.800,1.000]   | 0.600/0.700/0.725 | 1.000/1.000/1.000 | 0.100/0.050/0.100 | 0.000/0.050/0.150
[14:48:21 + 1321.3s] regla    azar   0.550 [0.300,0.700] 0.550 [0.400,0.700] 0.500 [0.200,0.700]   | 0.500/0.500/0.600 | 0.500/0.550/0.500 | 0.000/0.100/0.100 | 0.000/0.050/0.100
[14:48:21 + 1321.3s] regla    xor01  0.469 [0.125,0.688] 0.469 [0.250,0.688] 0.562 [0.062,0.688]   | 0.500/0.438/0.438 | 0.438/0.438/0.531 | 0.000/0.125/0.083 | 0.000/0.167/0.083
[14:48:21 + 1321.3s] 
[14:48:21 + 1321.3s] === DIAGNOSTICOS POR BRAZO (medianas sobre todas las tareas del brazo) ===
[14:48:21 + 1321.3s]   rejilla  F6: COBERTURA pixeles leidos 6/6 (min por semilla 6), lecturas minimas por pixel 30 | EMPATES en la frontera del ganan-K: 0.0000 de las llamadas (max 0.0000; en cero 0.0000), por patron en la sonda 0.000
[14:48:21 + 1321.3s]                SOLAPAMIENTO |c(P)&c(Q)|/K en la sonda: todos 0.119  d=1 0.347  d=2 0.184  (inicio: todos 0.324) | codigos distintos 0.778 de los patrones | CELDAS: usadas 0.711, con impulso>0 por patron 0.910, activas al final 90, fanin efectivo final mediana 4.0 (max 6)
[14:48:21 + 1321.3s]   rejilla  F3: COBERTURA pixeles leidos 6/6 (min por semilla 6), lecturas minimas por pixel 11 | EMPATES en la frontera del ganan-K: 0.0000 de las llamadas (max 0.0072; en cero 0.0000), por patron en la sonda 0.000
[14:48:21 + 1321.3s]                SOLAPAMIENTO |c(P)&c(Q)|/K en la sonda: todos 0.094  d=1 0.351  d=2 0.157  (inicio: todos 0.235) | codigos distintos 0.635 de los patrones | CELDAS: usadas 0.610, con impulso>0 por patron 0.859, activas al final 90, fanin efectivo final mediana 3.0 (max 5)
[14:48:21 + 1321.3s]   rejilla  F2: COBERTURA pixeles leidos 6/6 (min por semilla 6), lecturas minimas por pixel 7 | EMPATES en la frontera del ganan-K: 0.0000 de las llamadas (max 0.0105; en cero 0.0000), por patron en la sonda 0.000
[14:48:21 + 1321.3s]                SOLAPAMIENTO |c(P)&c(Q)|/K en la sonda: todos 0.117  d=1 0.398  d=2 0.188  (inicio: todos 0.236) | codigos distintos 0.524 de los patrones | CELDAS: usadas 0.533, con impulso>0 por patron 0.790, activas al final 90, fanin efectivo final mediana 2.0 (max 5)
[14:48:21 + 1321.3s]   regla    F6: COBERTURA pixeles leidos 6/6 (min por semilla 6), lecturas minimas por pixel 30 | EMPATES en la frontera del ganan-K: 0.0000 de las llamadas (max 0.0000; en cero 0.0000), por patron en la sonda 0.000
[14:48:21 + 1321.3s]                SOLAPAMIENTO |c(P)&c(Q)|/K en la sonda: todos 0.189  d=1   n/a  d=2 0.267  (inicio: todos 0.283) | codigos distintos 0.950 de los patrones | CELDAS: usadas 0.595, con impulso>0 por patron 0.986, activas al final 59, fanin efectivo final mediana 6.0 (max 6)
[14:48:21 + 1321.3s]   regla    F3: COBERTURA pixeles leidos 6/6 (min por semilla 6), lecturas minimas por pixel 11 | EMPATES en la frontera del ganan-K: 0.0042 de las llamadas (max 0.4468; en cero 0.0000), por patron en la sonda 0.000
[14:48:21 + 1321.3s]                SOLAPAMIENTO |c(P)&c(Q)|/K en la sonda: todos 0.126  d=1   n/a  d=2 0.228  (inicio: todos 0.232) | codigos distintos 0.900 de los patrones | CELDAS: usadas 0.590, con impulso>0 por patron 0.950, activas al final 64, fanin efectivo final mediana 3.0 (max 3)
[14:48:21 + 1321.3s]   regla    F2: COBERTURA pixeles leidos 6/6 (min por semilla 6), lecturas minimas por pixel 7 | EMPATES en la frontera del ganan-K: 0.0371 de las llamadas (max 0.3591; en cero 0.0000), por patron en la sonda 0.050
[14:48:21 + 1321.3s]                SOLAPAMIENTO |c(P)&c(Q)|/K en la sonda: todos 0.113  d=1   n/a  d=2 0.219  (inicio: todos 0.179) | codigos distintos 0.900 de los patrones | CELDAS: usadas 0.540, con impulso>0 por patron 0.845, activas al final 65, fanin efectivo final mediana 3.0 (max 3)
[14:48:21 + 1321.3s] 
[14:48:21 + 1321.3s] === VALIDEZ: fraccion de NUNCA VISTOS por la via rapida (sonda a priori; puerta >= 0.3) y POOL (lleno antes de T/2 en >= 10/20) ===
[14:48:21 + 1321.3s] mundo    regla  brazo sonda test sonda tren  enc test  enc tren pool fin t_lleno med lleno<T/2  validez
[14:48:21 + 1321.3s] rejilla  conj   F6         0.094      0.387     0.025     0.163       78      149234     0/20  NO CONCLUYENTE
[14:48:21 + 1321.3s] rejilla  conj   F3         0.141      0.403     0.231     0.371       74    no llena     0/20  NO CONCLUYENTE
[14:48:21 + 1321.3s] rejilla  conj   F2         0.250      0.565     0.256     0.380       66      164663     0/20  NO CONCLUYENTE
[14:48:21 + 1321.3s] rejilla  np     F6         0.312      1.000     0.849     0.974       89      119761     0/20  VALIDO
[14:48:21 + 1321.3s] rejilla  np     F3         0.500      0.958     0.744     0.925       90       84888    12/20  VALIDO + POOL LLENO (mide capacidad)
[14:48:21 + 1321.3s] rejilla  np     F2         0.625      1.000     0.913     0.979       90       61748    13/20  VALIDO + POOL LLENO (mide capacidad)
[14:48:21 + 1321.3s] rejilla  xor    F6         0.281      0.871     0.782     0.945       90      120352     0/20  NO CONCLUYENTE
[14:48:21 + 1321.3s] rejilla  xor    F3         0.219      0.516     0.357     0.438       90      105152     3/20  NO CONCLUYENTE
[14:48:21 + 1321.3s] rejilla  xor    F2         0.391      0.694     0.744     0.690       90       82433     9/20  VALIDO
[14:48:21 + 1321.3s] rejilla  par3   F6         0.312      0.855     0.820     0.959       90      105298     2/20  VALIDO
[14:48:21 + 1321.3s] rejilla  par3   F3         0.359      0.823     0.860     0.966       90       95956    10/20  VALIDO + POOL LLENO (mide capacidad)
[14:48:21 + 1321.3s] rejilla  par3   F2         0.594      1.000     0.946     0.993       90       55876    19/20  VALIDO + POOL LLENO (mide capacidad)
[14:48:21 + 1321.3s] rejilla  px0    F6         0.297      0.806     0.360     0.620       90      149884     0/20  NO CONCLUYENTE
[14:48:21 + 1321.3s] rejilla  px0    F3         0.281      0.806     0.526     0.709       90      131031     0/20  NO CONCLUYENTE
[14:48:21 + 1321.3s] rejilla  px0    F2         0.406      0.774     0.646     0.738       90      138829     1/20  VALIDO
[14:48:21 + 1321.3s] rejilla  azar   F6         0.234      0.806     0.757     0.913       90      108560     2/20  NO CONCLUYENTE
[14:48:21 + 1321.3s] rejilla  azar   F3         0.297      0.710     0.794     0.923       90       87386    10/20  NO CONCLUYENTE + POOL LLENO (mide capacidad)
[14:48:21 + 1321.3s] rejilla  azar   F2         0.453      0.903     0.874     0.984       90       73973    15/20  VALIDO + POOL LLENO (mide capacidad)
[14:48:21 + 1321.3s] regla    px0    F6         0.100      0.850     0.027     0.699       56    no llena     0/20  NO CONCLUYENTE
[14:48:21 + 1321.3s] regla    px0    F3         0.050      0.850     0.053     0.426       51    no llena     0/20  NO CONCLUYENTE
[14:48:21 + 1321.3s] regla    px0    F2         0.100      0.700     0.045     0.227       56    no llena     0/20  NO CONCLUYENTE
[14:48:21 + 1321.3s] regla    azar   F6         0.000      0.800     0.568     0.818       61    no llena     0/20  NO CONCLUYENTE
[14:48:21 + 1321.3s] regla    azar   F3         0.100      0.700     0.221     0.470       65      185912     0/20  NO CONCLUYENTE
[14:48:21 + 1321.3s] regla    azar   F2         0.100      0.700     0.289     0.417       70      182320     0/20  NO CONCLUYENTE
[14:48:21 + 1321.3s] regla    xor01  F6         0.000      0.875     0.224     0.821       60    no llena     0/20  NO CONCLUYENTE
[14:48:21 + 1321.3s] regla    xor01  F3         0.125      0.812     0.479     0.714       75      174690     0/20  NO CONCLUYENTE
[14:48:21 + 1321.3s] regla    xor01  F2         0.083      0.812     0.179     0.721       70    no llena     0/20  NO CONCLUYENTE
[14:48:21 + 1321.3s] 
[14:48:21 + 1321.3s] === ETAPA 3 (bateria_generaliza: G1 px0 >= 0.65, azar en [0.35,0.65], px0>azar >= 70 %; G2 conducta; K cobertura) ===
[14:48:21 + 1321.3s]   F6: G1 PASA (px0 1.000, azar 0.550, px0>azar 20/20)  G2 PASA (px0 0.994, azar 0.506, 20/20)  K OK
[14:48:21 + 1321.3s]   F3: G1 PASA (px0 1.000, azar 0.550, px0>azar 20/20)  G2 PASA (px0 0.998, azar 0.535, 20/20)  K OK
[14:48:21 + 1321.3s]   F2: G1 PASA (px0 1.000, azar 0.500, px0>azar 20/20)  G2 PASA (px0 0.997, azar 0.499, 20/20)  K OK
[14:48:21 + 1321.3s] 
[14:48:21 + 1321.3s] === COMPARACIONES PAREADAS POR SEMILLA (F vs F6; mejora = mediana >= +0.05, >= 15/20 suben, Holm p < 0.05; en el humo n = 20: la puerta NO puede pasar) ===
[14:48:21 + 1321.3s]   np    F3 vs F6: mediana -0.078  sube 3 baja 15 empata 2  p1 0.9993 Holm 1.0000  -> MEJORA no  NO_CAMBIA no  [NO CONCLUYENTE para el cableado: validez o pool]
[14:48:21 + 1321.3s]   np    F2 vs F6: mediana +0.031  sube 12 baja 6 empata 2  p1 0.1189 Holm 0.7137  -> MEJORA no  NO_CAMBIA SI  [NO CONCLUYENTE para el cableado: validez o pool]
[14:48:21 + 1321.3s]   xor   F3 vs F6: mediana +0.031  sube 11 baja 7 empata 2  p1 0.2403 Holm 1.0000  -> MEJORA no  NO_CAMBIA SI  [NO CONCLUYENTE para el cableado: validez o pool]
[14:48:21 + 1321.3s]   xor   F2 vs F6: mediana +0.047  sube 11 baja 8 empata 1  p1 0.3238 Holm 1.0000  -> MEJORA no  NO_CAMBIA SI
[14:48:21 + 1321.3s]   par3  F3 vs F6: mediana +0.000  sube 9 baja 9 empata 2  p1 0.5927 Holm 1.0000  -> MEJORA no  NO_CAMBIA SI  [NO CONCLUYENTE para el cableado: validez o pool]
[14:48:21 + 1321.3s]   par3  F2 vs F6: mediana +0.031  sube 11 baja 8 empata 1  p1 0.3238 Holm 1.0000  -> MEJORA no  NO_CAMBIA SI  [NO CONCLUYENTE para el cableado: validez o pool]
[14:48:21 + 1321.3s]   conj  F3 vs F6: mediana +0.125  sube 14 baja 1 empata 5  p1 0.0005 (fuera de la familia de mejora)  -> MEJORA no  NO_CAMBIA no  [NO CONCLUYENTE para el cableado: validez o pool]
[14:48:21 + 1321.3s]   conj  F2 vs F6: mediana +0.125  sube 13 baja 2 empata 5  p1 0.0037 (fuera de la familia de mejora)  -> MEJORA no  NO_CAMBIA no  [NO CONCLUYENTE para el cableado: validez o pool]
[14:48:21 + 1321.3s]   [6d secundario, sin veredicto] acc_rapida np    F3 vs F6: mediana -0.109 sube 5/20 Holm 1.0000 -> no
[14:48:21 + 1321.3s]   [6d secundario, sin veredicto] acc_rapida np    F2 vs F6: mediana -0.047 sube 7/20 Holm 1.0000 -> no
[14:48:21 + 1321.3s]   [6d secundario, sin veredicto] acc_rapida xor   F3 vs F6: mediana -0.016 sube 8/20 Holm 1.0000 -> no
[14:48:21 + 1321.3s]   [6d secundario, sin veredicto] acc_rapida xor   F2 vs F6: mediana -0.031 sube 8/20 Holm 1.0000 -> no
[14:48:21 + 1321.3s]   [6d secundario, sin veredicto] acc_rapida par3  F3 vs F6: mediana -0.016 sube 9/20 Holm 1.0000 -> no
[14:48:21 + 1321.3s]   [6d secundario, sin veredicto] acc_rapida par3  F2 vs F6: mediana +0.031 sube 12/20 Holm 1.0000 -> no
[14:48:21 + 1321.4s]   media de las 4  F3 vs F6: mediana -0.016  sube 9/20  p1 0.7483 (Bonferroni x2)  -> MEJORA no
[14:48:21 + 1321.4s]   media de las 4  F2 vs F6: mediana +0.056  sube 14/20  p1 0.0577 (Bonferroni x2)  -> MEJORA no
[14:48:21 + 1321.4s]   COSTO Etapa 3 px0 F3 vs F6: mediana +0.000  baja 5/20  p1 0.7256 (Bonferroni x2) -> BAJA no | solapamiento en la sonda F3-F6 mediana -0.056 (baja 17/20)
[14:48:21 + 1321.4s]   COSTO Etapa 3 px0 F2 vs F6: mediana +0.000  baja 4/20  p1 0.8281 (Bonferroni x2) -> BAJA no | solapamiento en la sonda F2-F6 mediana -0.062 (baja 19/20)
[14:48:21 + 1321.4s] 
[14:48:21 + 1321.4s] === PLACEBO (regla 15): la misma puerta de mejora sobre F6(s) contra F6(s+1 ciclico); debe pasar 0 de 4 ===
[14:48:21 + 1321.4s]   np   : mediana -0.062 sube 9/20 p1 0.7483 -> no pasa (bien)
[14:48:21 + 1321.4s]   xor  : mediana +0.000 sube 9/20 p1 0.5927 -> no pasa (bien)
[14:48:21 + 1321.4s]   par3 : mediana +0.016 sube 10/20 p1 0.4073 -> no pasa (bien)
[14:48:21 + 1321.4s]   conj : mediana +0.000 sube 8/20 p1 0.5982 -> no pasa (bien)
[14:48:21 + 1321.4s] 
[14:48:21 + 1321.4s] === CONTROLES QUE PUEDEN FALLAR (en cada brazo) ===
[14:48:21 + 1321.4s]   F6: rejilla px0 0.875 (>= 0.65)  azar 0.500 (en [0.35, 0.65])  Etapa 3 G1 (control positivo del tronco) PASA  -> OK
[14:48:21 + 1321.4s]   F3: rejilla px0 0.938 (>= 0.65)  azar 0.496 (en [0.35, 0.65])  Etapa 3 G1 (control positivo del tronco) PASA  -> OK
[14:48:21 + 1321.4s]   F2: rejilla px0 0.938 (>= 0.65)  azar 0.497 (en [0.35, 0.65])  Etapa 3 G1 (control positivo del tronco) PASA  -> OK
[14:48:21 + 1321.4s] 
[14:48:21 + 1321.4s] === TIEMPOS: 73.1 us/paso de media (rejilla 73.6, regla 72.3; F6 73.5, F3 73.2, F2 72.8) ===
[14:48:21 + 1321.4s]   ESTIMACION de la serie de 20 semillas: tareas 2.19 h de CPU -> Pool(6) ~22 min; examen v3' x3 2.12 h -> Pool(6) ~21 min; generaliza x3 0.49 h -> Pool(6) ~5 min; TOTAL ~48 min de pared con Pool(6) (sin contar colas ni otro Pool en paralelo)
[14:48:21 + 1321.6s] datos -> datos\fanin_s6041-6060_20260922_142620.json  sha256_16 = 75c45096aec87620
[14:48:21 + 1321.6s] ETAPA 3/3 — baterias del tronco por brazo (en serie, cada una con su Pool)
[14:48:21 + 1321.6s]   F6: bateria_v142_fanin.py 20 --desde 6041 --fanin 6 --pool 6 --log
[14:55:03 + 1723.8s]       [14:55:03 + 401.8s] 
[14:55:03 + 1723.8s]       [14:55:03 + 401.8s] VEREDICTO bateria_v13: 5_identidad=True 1_cientificos=False 2_celdas=True 3_control=True 4a_identidad=True 4b_sin_conflicto_no_divide=True 4c_misma_valencia=True 4d_causa=True
[14:55:03 + 1723.8s]       [14:55:03 + 401.8s] *** v13 NO cumple el criterio v3. No se congela; v11 sigue siendo el tronco. No recalibrar (regla 3).
[14:55:03 + 1723.8s]       [14:55:03 + 402.0s] datos -> examen_v142_fanin6_20260922_144821.json  sha256_16 = 140e814a2846434d
[14:55:03 + 1723.8s]   F6: bateria_generaliza_v142_fanin.py organismo_v142_fanin 20 --desde 6041 --fanin 6 --pool 6 --log
[14:56:33 + 1813.7s]       [14:56:33 +  89.6s] 
[14:56:33 + 1813.7s]       [14:56:33 +  89.6s] VEREDICTO bateria_generaliza (organismo_v142_fanin): K_cobertura=True G1_valor=True G2_conducta=True
[14:56:33 + 1813.7s]       [14:56:33 +  89.6s] *** organismo_v142_fanin CONSERVA la generalización de la Etapa 3
[14:56:33 + 1813.7s]       [14:56:33 +  89.7s] datos -> regresion_generaliza_organismo_v142_fanin6_20260922_145504.json  sha256_16 = 66d2f80ab1ffad85
[14:56:33 + 1813.7s]   F3: bateria_v142_fanin.py 20 --desde 6041 --fanin 3 --pool 6 --log
[15:04:18 + 2278.2s]       [15:04:18 + 464.2s] 
[15:04:18 + 2278.2s]       [15:04:18 + 464.2s] VEREDICTO bateria_v13: 5_identidad=True 1_cientificos=True 2_celdas=True 3_control=True 4a_identidad=True 4b_sin_conflicto_no_divide=True 4c_misma_valencia=True 4d_causa=True
[15:04:18 + 2278.2s]       [15:04:18 + 464.2s] *** v13 CUMPLE EL CRITERIO v3 con 20 semillas. Por el preregistro: CONGELAR v13 como tronco (si pasa tambien X2 y X3).
[15:04:18 + 2278.2s]       [15:04:18 + 464.3s] datos -> examen_v142_fanin3_20260922_145633.json  sha256_16 = 3c561ea6a8b02973
[15:04:18 + 2278.2s]   F3: bateria_generaliza_v142_fanin.py organismo_v142_fanin 20 --desde 6041 --fanin 3 --pool 6 --log
[15:06:07 + 2387.3s]       [15:06:07 + 108.8s] 
[15:06:07 + 2387.3s]       [15:06:07 + 108.8s] VEREDICTO bateria_generaliza (organismo_v142_fanin): K_cobertura=True G1_valor=True G2_conducta=True
[15:06:07 + 2387.3s]       [15:06:07 + 108.8s] *** organismo_v142_fanin CONSERVA la generalización de la Etapa 3
[15:06:07 + 2387.3s]       [15:06:07 + 108.8s] datos -> regresion_generaliza_organismo_v142_fanin3_20260922_150418.json  sha256_16 = c33312cc78f7de45
[15:06:07 + 2387.3s]   F2: bateria_v142_fanin.py 20 --desde 6041 --fanin 2 --pool 6 --log
[15:13:13 + 2813.2s]       [15:13:13 + 425.5s] 
[15:13:13 + 2813.2s]       [15:13:13 + 425.5s] VEREDICTO bateria_v13: 5_identidad=True 1_cientificos=True 2_celdas=True 3_control=True 4a_identidad=True 4b_sin_conflicto_no_divide=True 4c_misma_valencia=True 4d_causa=True
[15:13:13 + 2813.2s]       [15:13:13 + 425.5s] *** v13 CUMPLE EL CRITERIO v3 con 20 semillas. Por el preregistro: CONGELAR v13 como tronco (si pasa tambien X2 y X3).
[15:13:13 + 2813.2s]       [15:13:13 + 425.6s] datos -> examen_v142_fanin2_20260922_150607.json  sha256_16 = f1a13a932168462a
[15:13:13 + 2813.2s]   F2: bateria_generaliza_v142_fanin.py organismo_v142_fanin 20 --desde 6041 --fanin 2 --pool 6 --log
[15:14:48 + 2908.6s]       [15:14:48 +  95.1s] 
[15:14:48 + 2908.6s]       [15:14:48 +  95.1s] VEREDICTO bateria_generaliza (organismo_v142_fanin): K_cobertura=True G1_valor=True G2_conducta=True
[15:14:48 + 2908.6s]       [15:14:48 +  95.1s] *** organismo_v142_fanin CONSERVA la generalización de la Etapa 3
[15:14:48 + 2908.6s]       [15:14:48 +  95.2s] datos -> regresion_generaliza_organismo_v142_fanin2_20260922_151313.json  sha256_16 = c976a88f7eb299e2
[15:14:48 + 2908.6s] FIN.
