[00:02:02 +    0.0s] ARRANQUE HIJA DISPERSA (propuesta B-1). k en [4, 5], brazos ['V13', 'REL', 'RELD', 'AZAR', 'SLOT'], escenarios ['C3', 'C3C'], semillas 61-80, T=100000. Pool(14)
[00:02:02 +    0.0s] sha preregistro a3c7af91453598ad  script 9d93a1e3ceee59ef  constructor fd82df7186ce8151  instrumento d305d53186fcbcd6  origen mundo_temporal_k 68736baafe7c8cdb  v13 cc8b16b492d4d324
[00:02:02 +    0.4s] REGLA 11 — procesos python vivos (4), este es pid 19400
[00:02:02 +    0.6s] ETAPA 1/3 — IDENTIDAD (perillas apagadas == mundo_temporal_k) (3)...
[00:02:17 +   14.8s]           3/3
[00:02:17 +   14.8s]   identicos: 3/3
[00:02:17 +   14.8s] ETAPA 2/3 — serie (400)...
[00:02:41 +   39.6s]           30/400
[00:02:57 +   55.6s]           60/400
[00:03:15 +   73.2s]           90/400
[00:03:33 +   90.8s]           120/400
[00:03:51 +  109.0s]           150/400
[00:04:08 +  126.7s]           180/400
[00:04:29 +  146.9s]           210/400
[00:04:50 +  168.3s]           240/400
[00:05:08 +  186.1s]           270/400
[00:05:25 +  203.5s]           300/400
[00:05:43 +  221.6s]           330/400
[00:06:04 +  241.8s]           360/400
[00:06:21 +  259.5s]           390/400
[00:06:26 +  264.7s]           400/400
[00:06:26 +  264.7s] ETAPA 2b/3 — P4 (inercia a k=1: REL == V13) (20)...
[00:06:55 +  293.4s]           20/20
[00:06:55 +  293.5s] ETAPA 3/3 — analisis (criterios y clausulas del preregistro, sin recalibrar).
[00:06:55 +  293.5s] 
[00:06:55 +  293.5s]   k = 4
[00:06:55 +  293.5s]    V13   C3  sep +2.02 [+1.67,+3.26]  lift_q4 +0.133  solap_A 0.12  divisiones 52  celdas 82  muertes 84  Rtot -288
[00:06:55 +  293.5s]    V13   C3C sep -0.04  lift_q4 -0.006  celdas 90   (control de canal falso)
[00:06:55 +  293.5s]    REL   C3  sep +3.51 [+1.44,+3.97]  lift_q4 +0.329  solap_A 0.00  divisiones 14  celdas 44  muertes 94  Rtot +143
[00:06:55 +  293.5s]    REL   C3C sep -0.06  lift_q4 +0.002  celdas 90   (control de canal falso)
[00:06:55 +  293.5s]    RELD  C3  sep +2.17 [+1.61,+3.96]  lift_q4 +0.192  solap_A 0.50  divisiones 12  celdas 42  muertes 88  Rtot -76
[00:06:55 +  293.5s]    RELD  C3C sep -0.12  lift_q4 +0.006  celdas 90   (control de canal falso)
[00:06:55 +  293.5s]    AZAR  C3  sep +2.34 [+1.64,+3.68]  lift_q4 +0.216  solap_A 0.75  divisiones 32  celdas 62  muertes 74  Rtot -114
[00:06:55 +  293.5s]    AZAR  C3C sep -0.12  lift_q4 +0.007  celdas 54   (control de canal falso)
[00:06:55 +  293.5s]    SLOT  C3  sep +2.17 [+1.60,+3.97]  lift_q4 +0.168  solap_A 0.06  divisiones 43  celdas 73  muertes 74  Rtot -228
[00:06:55 +  293.5s]    SLOT  C3C sep -0.11  lift_q4 +0.000  celdas 90   (control de canal falso)
[00:06:55 +  293.5s]    P1 celdas<= 0.85xV13 en 16/20 NO | P2 lift med 0.329 (>=0.18) y >V13 en 17/20 - | P3 sep med 3.51 (>=2.2) y C3-C3C>=1 en 20/20 OK | canal falso OK
[00:06:55 +  293.5s]    R3 REL>AZAR en 15/20 (umbral 14) | R4 SLOT>REL en 5/20 (umbral 14) | AZAR cumple P2: si
[00:06:55 +  293.5s] 
[00:06:55 +  293.5s]   k = 5
[00:06:55 +  293.5s]    V13   C3  sep +1.87 [+1.67,+2.64]  lift_q4 +0.137  solap_A 0.34  divisiones 60  celdas 90  muertes 78  Rtot -310
[00:06:55 +  293.5s]    V13   C3C sep +0.07  lift_q4 +0.002  celdas 90   (control de canal falso)
[00:06:55 +  293.5s]    REL   C3  sep +3.09 [+1.66,+3.96]  lift_q4 +0.251  solap_A 0.00  divisiones 18  celdas 48  muertes 88  Rtot +207
[00:06:55 +  293.5s]    REL   C3C sep +0.14  lift_q4 -0.008  celdas 90   (control de canal falso)
[00:06:55 +  293.5s]    RELD  C3  sep +2.42 [+1.66,+4.03]  lift_q4 +0.255  solap_A 0.19  divisiones 16  celdas 46  muertes 88  Rtot -3
[00:06:55 +  293.5s]    RELD  C3C sep +0.03  lift_q4 -0.007  celdas 90   (control de canal falso)
[00:06:55 +  293.5s]    AZAR  C3  sep +2.02 [+1.67,+2.76]  lift_q4 +0.191  solap_A 1.00  divisiones 42  celdas 72  muertes 70  Rtot -157
[00:06:55 +  293.5s]    AZAR  C3C sep -0.00  lift_q4 +0.002  celdas 58   (control de canal falso)
[00:06:55 +  293.5s]    SLOT  C3  sep +2.17 [+1.30,+3.70]  lift_q4 +0.172  solap_A 0.59  divisiones 60  celdas 90  muertes 72  Rtot -204
[00:06:55 +  293.5s]    SLOT  C3C sep -0.02  lift_q4 +0.004  celdas 90   (control de canal falso)
[00:06:55 +  293.6s]    P1 celdas<= 0.75xV13 en 16/20 NO | P2 lift med 0.251 (>=0.18) y >V13 en 18/20 OK | P3 sep med 3.09 (>=2.2) y C3-C3C>=1 en 20/20 OK | canal falso OK
[00:06:55 +  293.6s]    R3 REL>AZAR en 16/20 (umbral 14) | R4 SLOT>REL en 4/20 (umbral 14) | AZAR cumple P2: si
[00:06:55 +  293.6s] 
[00:06:55 +  293.6s] P4 (inercia a k=1, REL == V13 semilla a semilla): 20/20 OK
[00:06:55 +  293.6s] 
[00:06:55 +  293.6s] VEREDICTO HIJA_DISPERSA: REFUTADA (R1): el ahorro de celdas no replica
[00:06:55 +  293.6s] datos -> hija_dispersa_s61-80_20260918_000202.json  sha256_16 = dd86cdbb45041c37
