[20:48:40 +    0.0s] ARRANQUE mundo largo (niveles 8+9) sobre v13. brazos ['V13', 'MAPA', 'REC_V13', 'REC_MAPA'], semillas 21-40, T=200000, T_nuevo=4000, inversion en 100000. Pool(14).
[20:48:40 +    0.0s] sha preregistro 38c4cb46b0e25a95  script 1b273b1f6b343e96  mundo_largo 9f74ff6b5941e5a5  mundo_mapa 207d6a1954336b18  v13 cc8b16b492d4d324
[20:48:41 +    0.4s] REGLA 11 — procesos python vivos (2), este es pid 26728
[20:48:41 +    0.5s] ETAPA 1/3 — identidad pool=None == mundo_mapa (3)...
[20:49:07 +   26.9s]   identicos: 3/3
[20:49:07 +   26.9s] ETAPA 2/3 — 80 corridas...
[20:49:39 +   58.9s]           20/80
[20:51:10 +  150.0s]           40/80
[20:51:57 +  196.2s]           60/80
[20:53:45 +  304.5s]           80/80
[20:53:45 +  304.5s] ETAPA 3/3 — analisis.
[20:53:45 +  304.5s]    V13       vistos 50  adq(<=30) 0.900  adq(final) 0.800  ret(final) 0.500  recup 4000 [0,30000]  hallada 20/20  muertes_20k 8  muertes 34  celdas 90
[20:53:45 +  304.5s]    MAPA      vistos 50  adq(<=30) 0.700  adq(final) 0.700  ret(final) 0.400  recup 0 [0,100000]  hallada 19/20  muertes_20k 2  muertes 30  celdas 78
[20:53:45 +  304.5s]    REC_V13   vistos 4  adq(<=30) 1.000  adq(final) 1.000  ret(final) 1.000  recup 3000 [0,15000]  hallada 20/20  muertes_20k 8  muertes 10  celdas 39
[20:53:45 +  304.5s]    REC_MAPA  vistos 4  adq(<=30) 1.000  adq(final) 1.000  ret(final) 1.000  recup 1000 [0,100000]  hallada 19/20  muertes_20k 6  muertes 11  celdas 39
[20:53:45 +  304.5s]    curva V13: 5:0.80 10:0.90 15:0.90 20:0.85 25:0.90 30:0.65 35:0.85 40:0.80 45:0.80 50:0.80
[20:53:45 +  304.5s]    curva MAPA: 5:0.80 10:0.80 15:0.70 20:0.60 25:0.70 30:0.60 35:0.80 40:0.65 45:0.60 50:0.70
[20:53:45 +  304.5s]    V13: retencion nunca invertidos (5-10) 0.67 | invertidos en ausencia (1-4) 0.38
[20:53:45 +  304.5s]    MAPA: retencion nunca invertidos (5-10) 0.50 | invertidos en ausencia (1-4) 0.25
[20:53:45 +  304.5s]    R1a no-invertidos >=.70 NO | R1b invertidos <=.25 NO
[20:53:45 +  304.5s]    A1 adq<=30 >=.75 NO | A2 adq final en [.55,.70] NO | A3 reciclado >=.85 OK | R1 retencion >=.70 NO | C1 V13 recupera <=10k en 18/20 OK | C2 MAPA recupera antes 16/20 y muere mas 4/20 NO
[20:53:45 +  304.5s] VEREDICTO largo: NO; predicciones A2 NO A3 OK R1 NO C2 NO
[20:53:45 +  304.6s] datos -> largo_s21-40_20260917_204840.json  sha256_16 = 5738e6062d583294
