[20:00:26 +    0.0s] ARRANQUE mundo largo (niveles 8+9) sobre v13. brazos ['V13', 'MAPA', 'REC_V13', 'REC_MAPA'], semillas 1-20, T=200000, T_nuevo=4000, inversion en 100000. Pool(14).
[20:00:26 +    0.0s] sha preregistro 7d2e304183e68be0  script 6b6ca26f6f9ded62  mundo_largo 9f74ff6b5941e5a5  mundo_mapa 207d6a1954336b18  v13 cc8b16b492d4d324
[20:00:26 +    0.4s] REGLA 11 — procesos python vivos (2), este es pid 4440
[20:00:26 +    0.5s] ETAPA 1/3 — identidad pool=None == mundo_mapa (3)...
[20:00:52 +   26.3s]   identicos: 3/3
[20:00:52 +   26.3s] ETAPA 2/3 — 80 corridas...
[20:01:23 +   57.3s]           20/80
[20:02:52 +  146.6s]           40/80
[20:03:32 +  186.2s]           60/80
[20:05:25 +  299.3s]           80/80
[20:05:25 +  299.3s] ETAPA 3/3 — analisis.
[20:05:25 +  299.3s]    V13       vistos 50  adq(<=30) 0.880  adq(final) 0.800  ret(final) 0.500  recup 2000 [0,32000]  hallada 20/20  muertes_20k 4  muertes 30  celdas 90
[20:05:25 +  299.3s]    MAPA      vistos 50  adq(<=30) 0.700  adq(final) 0.700  ret(final) 0.500  recup 0 [0,100000]  hallada 19/20  muertes_20k 4  muertes 31  celdas 86
[20:05:25 +  299.3s]    REC_V13   vistos 4  adq(<=30) 1.000  adq(final) 1.000  ret(final) 1.000  recup 3000 [0,100000]  hallada 19/20  muertes_20k 8  muertes 9  celdas 38
[20:05:25 +  299.3s]    REC_MAPA  vistos 4  adq(<=30) 1.000  adq(final) 1.000  ret(final) 1.000  recup 1000 [0,60000]  hallada 20/20  muertes_20k 8  muertes 12  celdas 38
[20:05:25 +  299.3s]    curva V13: 5:1.00 10:0.90 15:0.90 20:0.90 25:0.80 30:0.70 35:0.85 40:0.80 45:0.80 50:0.80
[20:05:25 +  299.3s]    curva MAPA: 5:1.00 10:0.80 15:0.70 20:0.70 25:0.70 30:0.60 35:0.70 40:0.65 45:0.70 50:0.60
[20:05:25 +  299.3s]    A1 adq<=30 >=.75 NO | A2 adq final en [.55,.70] NO | A3 reciclado >=.85 OK | R1 retencion >=.70 NO | C1 V13 recupera <=10k en 18/20 OK | C2 MAPA recupera antes 13/20 y muere mas 10/20 NO
[20:05:25 +  299.3s] VEREDICTO largo: NO; predicciones A2 NO A3 OK R1 NO C2 NO
[20:05:25 +  299.3s] datos -> largo_s1-20_20260917_200026.json  sha256_16 = 8301d0d3f1b343a9
