[22:44:42 +    0.0s] ARRANQUE nivel 6 (mapa) sobre v13. brazos ['MAPA', 'SINMAPA', 'CONGELADA', 'BARAJADO', 'SINCOMIDA', 'INVERTIDO'], semillas 41-60. Pool(14).
[22:44:42 +    0.0s] sha preregistro c1da197f5296c07e  script 12b07883e3e62ca1  mundo_mapa 207d6a1954336b18  v13 cc8b16b492d4d324
[22:44:42 +    0.5s] REGLA 11 — procesos python vivos (5), este es pid 18776
[22:44:43 +    0.7s] ETAPA 1/3 — identidad perillas apagadas == organismo_v13 (9)...
[22:44:57 +   14.7s]   identicos: 9/9
[22:45:02 +   20.0s]   identidad gemelo compilado == original (MAPA, T=30000): 3/3
[22:45:02 +   20.0s] ETAPA 2/3 — 120 corridas...
[22:45:03 +   21.5s]           20/120
[22:45:04 +   22.1s]           40/120
[22:45:04 +   22.5s]           60/120
[22:45:05 +   23.3s]           80/120
[22:45:06 +   23.9s]           100/120
[22:45:07 +   24.5s]           120/120
[22:45:07 +   24.6s] ETAPA 3/3 — analisis.
[22:45:07 +   24.6s]    MAPA      acierto 0.800 [0.65,0.93]  >0.60 en 20/20  sin_mover 0/40  ciego 40/40  M_llenas 2  comida_q4 491  muertes 2  W {'A': 1.0, 'B': 0.21, 'C': 0.3, 'D': -0.09}
[22:45:07 +   24.6s]    SINMAPA   acierto 0.475 [0.28,0.65]  >0.60 en 3/20  sin_mover 0/40  ciego 40/40  M_llenas 0  comida_q4 345  muertes 41  W {'A': 1.0, 'B': -2.76, 'C': -0.22, 'D': -1.65}
[22:45:07 +   24.6s]    CONGELADA acierto 0.475 [0.28,0.65]  >0.60 en 3/20  sin_mover 0/40  ciego 40/40  M_llenas 0  comida_q4 345  muertes 41  W {'A': 1.0, 'B': -2.76, 'C': -0.22, 'D': -1.65}
[22:45:07 +   24.6s]    BARAJADO  acierto 0.600 [0.23,0.82]  >0.60 en 10/20  sin_mover 0/40  ciego 40/40  M_llenas 2  comida_q4 491  muertes 2  W {'A': 1.0, 'B': 0.21, 'C': 0.3, 'D': -0.09}
[22:45:07 +   24.6s]    SINCOMIDA acierto 0.621 [0.00,0.93]  >0.60 en 11/20  sin_mover 28/40  ciego 32/40  M_llenas 2  comida_q4 0  muertes 355  W {'A': -0.95, 'B': -2.99, 'C': -0.95, 'D': -1.9}
[22:45:07 +   24.6s]    INVERTIDO acierto 0.150 [0.03,0.26]  >0.60 en 0/20  sin_mover 0/40  ciego 40/40  M_llenas 2  comida_q4 491  muertes 2  W {'A': -1.0, 'B': -0.21, 'C': -0.3, 'D': 0.09}
[22:45:07 +   24.6s]    P1 MAPA>=.75 OK | C1 CONGELADA OK | C2 BARAJADO<=.60 OK | C3 SINCOMIDA NO | C4 SINMAPA OK | C5 INVERTIDO<=.40 OK | F1 comida_q4 MAPA>SINMAPA en 20/20 OK
[22:45:07 +   24.6s] VEREDICTO mapa: NO (refutado o control caido); funcional F1 OK
[22:45:07 +   24.6s] datos -> mapa_s41-60_20260917_224442.json  sha256_16 = 71ab7d3f6640c030
