[19:31:33 +    0.0s] ARRANQUE nivel 6 (mapa) sobre v13. brazos ['MAPA', 'SINMAPA', 'CONGELADA', 'BARAJADO', 'SINCOMIDA', 'INVERTIDO'], semillas 21-40. Pool(14).
[19:31:33 +    0.0s] sha preregistro c1da197f5296c07e  script 4259848c817fb1ec  mundo_mapa 207d6a1954336b18  v13 cc8b16b492d4d324
[19:31:33 +    0.4s] REGLA 11 — procesos python vivos (2), este es pid 28412
[19:31:34 +    0.5s] ETAPA 1/3 — identidad perillas apagadas == organismo_v13 (9)...
[19:31:46 +   12.8s]   identicos: 9/9
[19:31:46 +   12.8s] ETAPA 2/3 — 120 corridas...
[19:32:08 +   34.8s]           20/120
[19:32:17 +   43.6s]           40/120
[19:32:30 +   56.8s]           60/120
[19:32:53 +   80.3s]           80/120
[19:33:12 +   98.5s]           100/120
[19:33:31 +  118.3s]           120/120
[19:33:31 +  118.3s] ETAPA 3/3 — analisis.
[19:33:31 +  118.3s]    MAPA      acierto 0.800 [0.65,0.95]  >0.60 en 20/20  sin_mover 0/40  ciego 40/40  M_llenas 2  comida_q4 490  muertes 3  W {'A': 1.0, 'B': -0.94, 'C': 0.22, 'D': -0.34}
[19:33:31 +  118.3s]    SINMAPA   acierto 0.500 [0.38,0.65]  >0.60 en 2/20  sin_mover 0/40  ciego 40/40  M_llenas 0  comida_q4 346  muertes 46  W {'A': 1.0, 'B': -2.82, 'C': -0.24, 'D': -1.73}
[19:33:31 +  118.3s]    CONGELADA acierto 0.500 [0.38,0.65]  >0.60 en 2/20  sin_mover 0/40  ciego 40/40  M_llenas 0  comida_q4 346  muertes 46  W {'A': 1.0, 'B': -2.82, 'C': -0.24, 'D': -1.73}
[19:33:31 +  118.3s]    BARAJADO  acierto 0.550 [0.30,0.80]  >0.60 en 7/20  sin_mover 0/40  ciego 40/40  M_llenas 2  comida_q4 490  muertes 3  W {'A': 0.22, 'B': 0.61, 'C': 0.61, 'D': 0.44}
[19:33:31 +  118.3s]    SINCOMIDA acierto 0.500 [0.00,0.87]  >0.60 en 6/20  sin_mover 26/40  ciego 30/40  M_llenas 2  comida_q4 0  muertes 355  W {'A': -0.89, 'B': -2.96, 'C': -0.89, 'D': -1.77}
[19:33:31 +  118.3s]    INVERTIDO acierto 0.128 [0.00,0.30]  >0.60 en 0/20  sin_mover 0/40  ciego 40/40  M_llenas 2  comida_q4 490  muertes 3  W {'A': -1.0, 'B': 0.94, 'C': -0.22, 'D': 0.34}
[19:33:31 +  118.3s]    P1 MAPA>=.75 OK | C1 CONGELADA OK | C2 BARAJADO<=.60 OK | C3 SINCOMIDA OK | C4 SINMAPA OK | C5 INVERTIDO<=.40 OK | F1 comida_q4 MAPA>SINMAPA en 20/20 OK
[19:33:31 +  118.3s] VEREDICTO mapa: ELIGE la direccion hacia comida recordada; funcional F1 OK
[19:33:31 +  118.4s] datos -> mapa_s21-40_20260917_193133.json  sha256_16 = 82a31af5259389ba
