[17:06:52] RODEO OBLIGADO (nivel 6) — rejilla 11x9 r_vis=1 T=100000 n_tel=40 semillas 1702-1721 brazos 6 pool=6 pid=24856
[17:07:06]   1/120  CIEGO s1702  13.4s
[17:07:06]   2/120  CIEGO s1704  13.6s
[17:07:07]   3/120  CIEGO s1707  14.2s
[17:07:07]   4/120  CIEGO s1705  14.7s
[17:07:08]   5/120  CIEGO s1703  14.7s
[17:07:08]   6/120  CIEGO s1706  15.4s
[17:07:20]   7/120  CIEGO s1709  13.1s
[17:07:20]   8/120  CIEGO s1712  12.9s
[17:07:21]   9/120  CIEGO s1708  14.6s
[17:07:21]   10/120  CIEGO s1711  13.4s
[17:07:21]   11/120  CIEGO s1710  13.9s
[17:07:23]   12/120  CIEGO s1713  14.8s
[17:07:31]   13/120  CIEGO s1714  11.5s
[17:07:32]   14/120  CIEGO s1715  11.2s
[17:07:32]   15/120  CIEGO s1716  11.1s
[17:07:32]   16/120  CIEGO s1717  11.1s
[17:07:33]   17/120  CIEGO s1718  11.6s
[17:07:35]   18/120  CIEGO s1719  12.5s
[17:07:44]   19/120  CIEGO s1720  13.0s
[17:07:44]   20/120  CIEGO s1721  12.8s
[17:08:04]   21/120  MAPA s1705  28.2s
[17:08:31]   22/120  MAPA s1702  59.0s
[17:08:32]   23/120  MAPA s1704  59.8s
[17:08:33]   24/120  MAPA s1703  61.4s
[17:08:41]   25/120  MAPA s1706  57.4s
[17:08:42]   26/120  MAPA s1707  58.0s
[17:08:57]   27/120  MAPA s1708  53.2s
[17:09:25]   28/120  MAPA s1709  54.3s
[17:09:27]   29/120  MAPA s1710  54.7s
[17:09:29]   30/120  MAPA s1711  55.4s
[17:09:35]   31/120  MAPA s1713  52.9s
[17:09:37]   32/120  MAPA s1712  55.3s
[17:09:51]   33/120  MAPA s1714  54.2s
[17:10:19]   34/120  MAPA s1715  53.5s
[17:10:21]   35/120  MAPA s1716  53.6s
[17:10:21]   36/120  MAPA s1717  52.4s
[17:10:29]   37/120  MAPA s1718  53.5s
[17:10:30]   38/120  MAPA s1719  52.9s
[17:10:34]   39/120  CAMINO s1702  13.6s
[17:10:36]   40/120  CAMINO s1703  14.3s
[17:10:42]   41/120  CAMINO s1705  12.9s
[17:10:43]   42/120  CAMINO s1704  13.8s
[17:10:44]   43/120  MAPA s1720  53.0s
[17:10:48]   44/120  CAMINO s1706  13.5s
[17:10:49]   45/120  CAMINO s1707  14.0s
[17:10:56]   46/120  CAMINO s1708  13.8s
[17:10:57]   47/120  CAMINO s1709  14.0s
[17:10:58]   48/120  CAMINO s1710  13.9s
[17:11:02]   49/120  CAMINO s1711  13.9s
[17:11:04]   50/120  CAMINO s1712  14.3s
[17:11:12]   51/120  CAMINO s1713  15.3s
[17:11:12]   52/120  CAMINO s1714  15.2s
[17:11:13]   53/120  MAPA s1721  54.4s
[17:11:14]   54/120  CAMINO s1715  15.7s
[17:11:18]   55/120  CAMINO s1716  15.8s
[17:11:20]   56/120  CAMINO s1717  16.1s
[17:11:28]   57/120  CAMINO s1718  16.9s
[17:11:30]   58/120  CAMINO s1720  16.6s
[17:11:33]   59/120  CAMINO s1719  21.4s
[17:11:35]   60/120  CAMINO s1721  21.4s
[17:11:35]   61/120  BARAJADO s1702  17.5s
[17:11:40]   62/120  BARAJADO s1703  20.5s
[17:11:46]   63/120  BARAJADO s1704  18.0s
[17:11:48]   64/120  BARAJADO s1705  18.2s
[17:11:51]   65/120  BARAJADO s1706  17.6s
[17:11:52]   66/120  BARAJADO s1707  17.3s
[17:11:52]   67/120  BARAJADO s1708  17.5s
[17:12:03]   68/120  BARAJADO s1710  16.2s
[17:12:05]   69/120  BARAJADO s1709  24.9s
[17:12:08]   70/120  BARAJADO s1712  16.9s
[17:12:08]   71/120  BARAJADO s1713  16.3s
[17:12:10]   72/120  BARAJADO s1711  21.9s
[17:12:14]   73/120  BARAJADO s1714  22.1s
[17:12:20]   74/120  BARAJADO s1715  17.3s
[17:12:22]   75/120  BARAJADO s1716  16.9s
[17:12:24]   76/120  BARAJADO s1717  16.4s
[17:12:25]   77/120  BARAJADO s1718  16.1s
[17:12:26]   78/120  BARAJADO s1719  16.0s
[17:12:31]   79/120  BARAJADO s1720  16.8s
[17:12:38]   80/120  BARAJADO s1721  18.3s
[17:12:43]   81/120  INVERTIDO s1704  18.5s
[17:12:44]   82/120  INVERTIDO s1705  17.5s
[17:12:44]   83/120  INVERTIDO s1702  22.4s
[17:12:45]   84/120  INVERTIDO s1703  20.6s
[17:12:50]   85/120  INVERTIDO s1706  18.6s
[17:13:00]   86/120  INVERTIDO s1708  16.6s
[17:13:02]   87/120  INVERTIDO s1707  23.7s
[17:13:02]   88/120  INVERTIDO s1709  18.5s
[17:13:03]   89/120  INVERTIDO s1711  17.6s
[17:13:03]   90/120  INVERTIDO s1710  18.9s
[17:13:12]   91/120  INVERTIDO s1712  21.7s
[17:13:19]   92/120  INVERTIDO s1714  16.9s
[17:13:19]   93/120  INVERTIDO s1716  16.6s
[17:13:20]   94/120  INVERTIDO s1713  20.2s
[17:13:20]   95/120  INVERTIDO s1715  18.2s
[17:13:21]   96/120  INVERTIDO s1717  17.9s
[17:13:28]   97/120  INVERTIDO s1718  16.9s
[17:13:38]   98/120  INVERTIDO s1721  17.7s
[17:13:38]   99/120  PLACEBO s1702  18.1s
[17:13:39]   100/120  PLACEBO s1703  18.2s
[17:13:45]   101/120  INVERTIDO s1720  25.9s
[17:13:46]   102/120  INVERTIDO s1719  26.8s
[17:13:46]   103/120  PLACEBO s1704  17.6s
[17:13:57]   104/120  PLACEBO s1707  17.3s
[17:14:00]   105/120  PLACEBO s1706  21.1s
[17:14:00]   106/120  PLACEBO s1705  22.6s
[17:14:04]   107/120  PLACEBO s1708  18.9s
[17:14:05]   108/120  PLACEBO s1710  19.3s
[17:14:06]   109/120  PLACEBO s1709  20.4s
[17:14:16]   110/120  PLACEBO s1711  19.1s
[17:14:17]   111/120  PLACEBO s1713  17.0s
[17:14:18]   112/120  PLACEBO s1712  18.1s
[17:14:22]   113/120  PLACEBO s1714  17.6s
[17:14:22]   114/120  PLACEBO s1715  16.8s
[17:14:29]   115/120  PLACEBO s1716  23.1s
[17:14:33]   116/120  PLACEBO s1717  17.2s
[17:14:34]   117/120  PLACEBO s1718  17.0s
[17:14:36]   118/120  PLACEBO s1719  18.0s
[17:14:39]   119/120  PLACEBO s1720  17.5s
[17:14:40]   120/120  PLACEBO s1721  17.4s
[17:14:40] --- 120 corridas en 467.3 s ---
[17:14:40]   CIEGO      limpio(rodeo) 0.1  recto(atajo) 0.0  huye(rodeo) 0.75  pisa(rodeo) 0.6  pasos_c 56.2  comida 281.0  muertes 99.5
[17:14:40]   MAPA       limpio(rodeo) 0.0  recto(atajo) 0.0  huye(rodeo) 0.15  pisa(rodeo) 0.2  pasos_c 60.0  comida 35.5  muertes 301.0
[17:14:40]   CAMINO     limpio(rodeo) 0.35  recto(atajo) 0.025  huye(rodeo) 0.425  pisa(rodeo) 0.65  pasos_c 43.875  comida 692.0  muertes 38.0
[17:14:40]   BARAJADO   limpio(rodeo) 0.2  recto(atajo) 0.0  huye(rodeo) 0.65  pisa(rodeo) 0.55  pasos_c 50.9  comida 692.0  muertes 38.0
[17:14:40]   INVERTIDO  limpio(rodeo) 0.1  recto(atajo) 0.0  huye(rodeo) 0.575  pisa(rodeo) 0.9  pasos_c 54.5  comida 692.0  muertes 38.0
[17:14:40]   PLACEBO    limpio(rodeo) 0.4  recto(atajo) 0.0  huye(rodeo) 0.4  pisa(rodeo) 0.55  pasos_c 42.0  comida 692.0  muertes 38.0
[17:14:40] PUERTAS (una linea por puerta, umbral al lado):
[17:14:40]   [CAE ] R-1a rodea (limpio|rodeo) CAMINO >= abs              0.35  (umbral 0.6) CIEGO 0.1 MAPA 0.0 BARAJADO 0.2 PLACEBO 0.4
[17:14:40]   [CAE ] R-1b margen sobre max(CIEGO,BARAJADO)                0.15  (umbral 0.25) 
[17:14:40]   [CAE ] R-2a no es huida (huye|rodeo) <=                     0.425  (umbral 0.2) 
[17:14:40]   [CAE ] R-2b balanceada J = limpio(rodeo)+limpio(atajo)-1 >= -0.4  (umbral 0.5) p1 0.35 c1 0.25  [recto(atajo) reportado: 0.025]
[17:14:40]   [CAE ] R-3 pasos censurados CAMINO/CIEGO <=                 0.781  (umbral 0.7) CAMINO 43.875 CIEGO 56.2 BARAJADO 50.9
[17:14:40]   [PASA] R-4 comida CAMINO/CIEGO (mundo muralla) >=           2.463  (umbral 0.9) 
[17:14:40]   [PASA] R-5 muertes CAMINO/CIEGO <=                          0.382  (umbral 1.25) 
[17:14:40]   [PASA] PLACEBO ~ CAMINO en R-1a (|dif| <= 0.15; si no, la serie NO se lee) 0.05  (umbral 0.15) 
[17:14:40]   [PASA] C1 INVERTIDO decisivo (limpio|rodeo) <=              0.1  (umbral 0.2) pisa 0.9
[17:14:40]   [PASA] V1 validez: comida y muralla ENTERA en M (20/20)     1.0  (umbral 1.0) 
[17:14:40] VEREDICTO 5/10
[17:14:40] JSON datos\muralla_s1702-1721_20260921_170652.json  sha 99dc2e86b833fc29
