[18:30:04 +    0.0s] ARRANQUE N2b (significado emergente; variante b, kw {'gamma_sim': 1.2, 'baseline_q': True, 'u_m': 1.0}). semillas 1..20, T=200000, regla azar. Pool(14).
[18:30:04 +    0.0s] sha preregistro 3f73782a5d4c2812  script caaf1dc5d27033db  mundo_social 02324316299492ee  v13 cc8b16b492d4d324  v13g 2a80e125f8593bf2
[18:30:05 +    0.4s] REGLA 11 — procesos python vivos (2), este es pid 16808
[18:30:15 +   10.0s] ETAPA 1/4 — K1 mundo_social(n=1, regla) == organismo_v13g(regla, fase2_en=0): 3/3 -> OK
[18:30:15 +   10.0s] ETAPA 2/4 — progenitores del experto (20, T=200000)...
[18:30:41 +   36.8s]   progenitores: venenos conocidos (de 10) mediana 8 [5, 10]
[18:30:41 +   36.8s] ETAPA 3/4 — 100 corridas...
[18:31:15 +   70.8s]           20/100
[18:32:12 +  127.7s]           40/100
[18:33:09 +  184.8s]           60/100
[18:34:20 +  255.3s]           80/100
[18:35:11 +  306.4s]           100/100
[18:35:11 +  306.5s] ETAPA 4/4 — analisis.
[18:35:11 +  306.5s] 
[18:35:11 +  306.5s]   cond    veneno total (novato)    veneno Q1  muertes  venenos conocidos/10  comidas/10  simbolos recibidos  decodificados 
[18:35:11 +  306.5s]   SOLO       319 [ 164, 536]          128        266      8                     9              0                   0
[18:35:11 +  306.5s]   N0         318 [ 209, 483]          140        440      8                     6              0                   0
[18:35:11 +  306.5s]   INNATO     194 [ 144, 279]           93        361     10                     0              0                   0
[18:35:11 +  306.5s]   CONV       246 [ 162,1171]          125        434      8                     7          10823                   0
[18:35:11 +  306.5s]   SHUF       334 [ 222, 478]          151        446      8                     6          10756                   0
[18:35:11 +  306.5s] 
[18:35:11 +  306.5s]   K2 simbolos recibidos por el novato (CONV): mediana 10823 (>=1000): OK
[18:35:11 +  306.5s]   E1 convencion en el emisor (simbolos distintos y consistencia Q4 >= 0.9): 13/20 (>=15): REFUTADA   consistencia Q4 mediana 0.99  distintos 14/20
[18:35:11 +  306.5s]   E2 decodificacion en el receptor (M[s_rech]<=-1 y M[s_mord]>=+0.3): 2/20 (>=15): REFUTADA   contraste C[s_rech] mediana -0.42  C[s_mord] +0.36  (M crudo: -2.72 / -1.75)
[18:35:11 +  306.5s]   E3 arbitrariedad: el simbolo 0 significa rechazo en 10/20 (entre 5 y 15): SOSTENIDA
[18:35:11 +  306.5s]   E4 beneficio: veneno CONV 246 <= 0.7 x N0 318 = 222, pareado 12/20 (>=14): REFUTADA   (INNATO 194, SOLO 319)
[18:35:11 +  306.5s]   E5 barajar destruye: |M|<1 en 20/20 (>=15) y veneno SHUF 334 >= 0.9 x N0 286: SOSTENIDA
[18:35:11 +  306.5s]   E6 (sin voto) el individuo solo no tiene simbolos: SOLO recibe 0
[18:35:11 +  306.5s]   refuerzos del experto (CONV) +/-: 37916 / 444;  Pq experto (mediana de |Pq|): 0.79
[18:35:11 +  306.5s] 
[18:35:11 +  306.5s] VEREDICTO N2b: K1=True K2=True E1=False E2=False E3=True E4=False E5=True N2_EMERGE=False
[18:35:11 +  306.6s] datos -> N2b_s1-20_20260917_183004.json  sha256_16 = 7096226a18e31584
