[18:48:30 +    0.0s] ARRANQUE N2d (significado emergente; variante d, kw {'gamma_sim': 1.2, 'baseline_q': True, 'u_m': 1.0, 'estado_emisor': 'valor_rapido', 'u_v': 0.5}). semillas 1..20, T=200000, regla azar. Pool(14).
[18:48:30 +    0.0s] sha preregistro 8c990b7e4a035700  script 910a170a46c69000  mundo_social e3d84a9aa5c74bbf  v13 cc8b16b492d4d324  v13g 2a80e125f8593bf2
[18:48:31 +    0.4s] REGLA 11 — procesos python vivos (2), este es pid 5508
[18:48:41 +   10.5s] ETAPA 1/4 — K1 mundo_social(n=1, regla) == organismo_v13g(regla, fase2_en=0): 3/3 -> OK
[18:48:41 +   10.5s] ETAPA 2/4 — progenitores del experto (20, T=200000)...
[18:49:37 +   67.0s]   progenitores: venenos conocidos (de 10) mediana 8 [5, 10]
[18:49:37 +   67.0s] ETAPA 3/4 — 100 corridas...
[18:50:09 +   98.9s]           20/100
[18:51:04 +  153.4s]           40/100
[18:51:59 +  208.7s]           60/100
[18:53:12 +  281.2s]           80/100
[18:54:06 +  335.7s]           100/100
[18:54:06 +  335.7s] ETAPA 4/4 — analisis.
[18:54:06 +  335.7s] 
[18:54:06 +  335.7s]   cond    veneno total (novato)    veneno Q1  muertes  venenos conocidos/10  comidas/10  simbolos recibidos  decodificados 
[18:54:06 +  335.7s]   SOLO       319 [ 164, 536]          128        266      8                     9              0                   0
[18:54:06 +  335.7s]   N0         316 [ 228, 458]          147        473      8                     5              0                   0
[18:54:06 +  335.7s]   INNATO     194 [ 142, 339]           97        370     10                     0              0                   0
[18:54:06 +  335.7s]   CONV       249 [ 177, 721]          126        414      8                     7          10354                   0
[18:54:06 +  335.7s]   SHUF       322 [ 229, 451]          152        452      8                     6          10344                   0
[18:54:06 +  335.7s] 
[18:54:06 +  335.7s]   K2 simbolos recibidos por el novato (CONV): mediana 10354 (>=1000): OK
[18:54:06 +  335.7s]   E1 convencion en el emisor (simbolos distintos y consistencia Q4 >= 0.9): 13/20 (>=15): REFUTADA   consistencia Q4 mediana 0.99  distintos 13/20
[18:54:06 +  335.7s]   E2 decodificacion en el receptor (M[s_rech]<=-1 y M[s_mord]>=+0.3): 1/20 (>=15): REFUTADA   contraste C[s_rech] mediana -0.34  C[s_mord] +0.27  (M crudo: -2.94 / -2.08)
[18:54:06 +  335.7s]   E3 arbitrariedad: el simbolo 0 significa rechazo en 12/20 (entre 5 y 15): SOSTENIDA
[18:54:06 +  335.7s]   E4 beneficio: veneno CONV 249 <= 0.7 x N0 316 = 221, pareado 15/20 (>=14): REFUTADA   (INNATO 194, SOLO 319)
[18:54:06 +  335.7s]   E5 barajar destruye: |M|<1 en 20/20 (>=15) y veneno SHUF 322 >= 0.9 x N0 284: SOSTENIDA
[18:54:06 +  335.7s]   E6 (sin voto) el individuo solo no tiene simbolos: SOLO recibe 0
[18:54:06 +  335.7s]   refuerzos del experto (CONV) +/-: 37048 / 250;  Pq experto (mediana de |Pq|): 0.63
[18:54:06 +  335.7s] 
[18:54:06 +  335.7s] VEREDICTO N2d: K1=True K2=True E1=False E2=False E3=True E4=False E5=True N2_EMERGE=False
[18:54:06 +  335.8s] datos -> N2d_s1-20_20260917_184830.json  sha256_16 = 3ebd203bf1594284
