[18:59:50 +    0.0s] ARRANQUE N2e (significado emergente; variante e, kw {'gamma_sim': 1.2, 'baseline_q': True, 'u_m': 1.0, 'estado_emisor': 'valor_rapido', 'u_v': 0.5, 'alinea': True}). semillas 1..20, T=200000, regla azar. Pool(14).
[18:59:50 +    0.0s] sha preregistro dbcc151b30ba15d1  script 281f1148e828cf7b  mundo_social 946ff1c71e375eba  v13 cc8b16b492d4d324  v13g 2a80e125f8593bf2
[18:59:50 +    0.4s] REGLA 11 — procesos python vivos (2), este es pid 27748
[19:00:01 +   11.7s] ETAPA 1/4 — K1 mundo_social(n=1, regla) == organismo_v13g(regla, fase2_en=0): 3/3 -> OK
[19:00:01 +   11.7s] ETAPA 2/4 — progenitores del experto (20, T=200000)...
[19:00:59 +   68.9s]   progenitores: venenos conocidos (de 10) mediana 8 [5, 10]
[19:00:59 +   68.9s] ETAPA 3/4 — 100 corridas...
[19:01:30 +  100.7s]           20/100
[19:02:24 +  154.8s]           40/100
[19:03:20 +  210.6s]           60/100
[19:04:34 +  284.4s]           80/100
[19:05:30 +  340.7s]           100/100
[19:05:30 +  340.7s] ETAPA 4/4 — analisis.
[19:05:30 +  340.7s] 
[19:05:30 +  340.7s]   cond    veneno total (novato)    veneno Q1  muertes  venenos conocidos/10  comidas/10  simbolos recibidos  decodificados 
[19:05:30 +  340.7s]   SOLO       319 [ 164, 536]          128        266      8                     9              0                   0
[19:05:30 +  340.7s]   N0         316 [ 228, 458]          147        473      8                     5              0                   0
[19:05:30 +  340.7s]   INNATO     194 [ 142, 339]           97        370     10                     0              0                   0
[19:05:30 +  340.7s]   CONV       320 [ 198, 583]          138        451      8                     6          10364                   0
[19:05:30 +  340.7s]   SHUF       339 [ 214, 516]          154        474      8                     6          10540                   0
[19:05:30 +  340.7s] 
[19:05:30 +  340.7s]   K2 simbolos recibidos por el novato (CONV): mediana 10364 (>=1000): OK
[19:05:30 +  340.7s]   E1 convencion en el emisor (simbolos distintos y consistencia Q4 >= 0.9): 7/20 (>=15): REFUTADA   consistencia Q4 mediana 0.97  distintos 13/20
[19:05:30 +  340.7s]   E2 decodificacion en el receptor (M[s_rech]<=-1 y M[s_mord]>=+0.3): 2/20 (>=15): REFUTADA   contraste C[s_rech] mediana -0.11  C[s_mord] +0.05  (M crudo: -3.15 / -2.96)
[19:05:30 +  340.7s]   E3 arbitrariedad: el simbolo 0 significa rechazo en 7/20 (entre 5 y 15): SOSTENIDA
[19:05:30 +  340.7s]   E4 beneficio: veneno CONV 320 <= 0.7 x N0 316 = 221, pareado 13/20 (>=14): REFUTADA   (INNATO 194, SOLO 319)
[19:05:30 +  340.7s]   E5 barajar destruye: |M|<1 en 20/20 (>=15) y veneno SHUF 339 >= 0.9 x N0 284: SOSTENIDA
[19:05:30 +  340.7s]   E6 (sin voto) el individuo solo no tiene simbolos: SOLO recibe 0
[19:05:30 +  340.7s]   refuerzos del experto (CONV) +/-: 36770 / 342;  Pq experto (mediana de |Pq|): 0.58
[19:05:30 +  340.7s] 
[19:05:30 +  340.7s] VEREDICTO N2e: K1=True K2=True E1=False E2=False E3=True E4=False E5=True N2_EMERGE=False
[19:05:30 +  340.8s] datos -> N2e_s1-20_20260917_185950.json  sha256_16 = c03f3603c83eaeea
