[06:16:59 +    0.0s] HUMO del disenador, UN proceso, sin Pool (regla 3). Preregistro PREREGISTRO_n2pred.md.
[06:16:59 +    0.0s] Semillas 1-3, YA expuestas en los humos de diseno. Las 121-140 del experimento quedan limpias.
[06:16:59 +    0.0s]     sha preregistro        d79261d292aa7b9d
[06:16:59 +    0.0s]     sha script             c92d4792aa3c496f
[06:16:59 +    0.0s]     sha constructor        d12cfea11e7f1e25
[06:16:59 +    0.0s]     sha mundo_pred         277b6978ad47a492
[06:16:59 +    0.0s]     sha mundo_vd           d670fd65c53e4310
[06:16:59 +    0.0s]     sha identidad          6e4de0ec2ba206ed
[06:16:59 +    0.0s]     sha mundo_social_n3    ef227f833c5bf46a
[06:16:59 +    0.0s]     sha corre_N3d          2684190252a7bdfd
[06:16:59 +    0.0s] 6 brazos x 2 (hablando / mudo) x 3 semillas, T=100000, mudo desde 50000.
[06:16:59 +    0.0s]     brazo  sem  mudo | pres acierto | mord_crit |    u[0]    u[1]
[06:17:09 +    9.4s]        N0    1 False |    8   0.712 |       510 |   0.000   0.000   (9.4s)
[06:17:18 +   18.9s]        N0    1  True |    8   0.712 |       510 |   0.000   0.000   (9.4s)
[06:17:28 +   28.3s]        N0    2 False |    8   0.689 |       153 |   0.000   0.000   (9.5s)
[06:17:39 +   39.3s]        N0    2  True |    8   0.689 |       153 |   0.000   0.000   (11.0s)
[06:17:54 +   54.5s]        N0    3 False |    8   0.998 |        89 |   0.000   0.000   (15.2s)
[06:18:04 +   64.2s]        N0    3  True |    8   0.998 |        89 |   0.000   0.000   (9.7s)
[06:18:09 +   69.2s]    SOLO_R    1 False |    8   0.742 |       224 |   0.000   0.000   (5.0s)
[06:18:14 +   74.3s]    SOLO_R    1  True |    8   0.742 |       224 |   0.000   0.000   (5.1s)
[06:18:19 +   79.4s]    SOLO_R    2 False |    8   0.747 |       220 |   0.000   0.000   (5.1s)
[06:18:24 +   84.6s]    SOLO_R    2  True |    8   0.747 |       220 |   0.000   0.000   (5.2s)
[06:18:29 +   89.9s]    SOLO_R    3 False |    8   0.996 |       128 |   0.000   0.000   (5.3s)
[06:18:35 +   95.2s]    SOLO_R    3  True |    8   0.996 |       128 |   0.000   0.000   (5.3s)
[06:18:44 +  105.0s]    INNATO    1 False |    8   0.991 |       105 |   0.000   0.000   (9.8s)
[06:18:54 +  114.8s]    INNATO    1  True |    8   0.978 |       105 |   0.000   0.000   (9.8s)
[06:19:08 +  128.5s]    INNATO    2 False |    8   0.836 |        74 |   0.000   0.000   (13.8s)
[06:19:24 +  144.8s]    INNATO    2  True |    8   0.828 |        74 |   0.000   0.000   (16.3s)
[06:19:40 +  160.4s]    INNATO    3 False |    8   0.997 |       122 |   0.000   0.000   (15.6s)
[06:19:49 +  169.9s]    INNATO    3  True |    8   0.999 |       122 |   0.000   0.000   (9.5s)
[06:19:59 +  179.7s]      PRED    1 False |    8   0.890 |       129 |  -0.334   0.800   (9.7s)
[06:20:09 +  189.4s]      PRED    1  True |    8   0.776 |       129 |  -0.300   0.792   (9.7s)
[06:20:20 +  200.1s]      PRED    2 False |    8   0.981 |       110 |  -0.272   0.800   (10.8s)
[06:20:35 +  215.9s]      PRED    2  True |    8   0.996 |       110 |  -0.224   0.765   (15.7s)
[06:20:50 +  231.1s]      PRED    3 False |    8   0.970 |        96 |  -0.264   0.798   (15.2s)
[06:21:00 +  240.6s]      PRED    3  True |    8   0.999 |        96 |  -0.203   0.800   (9.5s)
[06:21:10 +  250.4s]      SHUF    1 False |    8   0.692 |      1364 |   0.405  -0.317   (9.8s)
[06:21:19 +  260.0s]      SHUF    1  True |    8   0.999 |      1364 |   0.509  -0.287   (9.6s)
[06:21:29 +  269.8s]      SHUF    2 False |    8   0.697 |       565 |   0.748  -0.217   (9.8s)
[06:21:39 +  279.3s]      SHUF    2  True |    8   0.812 |       565 |   0.781  -0.101   (9.5s)
[06:21:48 +  289.0s]      SHUF    3 False |    8   0.856 |       205 |   0.800   0.052   (9.7s)
[06:21:58 +  298.6s]      SHUF    3  True |    8   0.997 |       205 |   0.784  -0.055   (9.6s)
[06:22:08 +  308.4s]  SACIEDAD    1 False |    8   0.706 |      1527 |   0.498   0.359   (9.8s)
[06:22:18 +  318.2s]  SACIEDAD    1  True |    8   0.769 |      1527 |   0.389   0.321   (9.7s)
[06:22:27 +  328.0s]  SACIEDAD    2 False |    8   0.793 |       353 |   0.785   0.196   (9.8s)
[06:22:37 +  337.8s]  SACIEDAD    2  True |    8   0.997 |       353 |   0.707   0.309   (9.8s)
[06:22:47 +  347.8s]  SACIEDAD    3 False |    8   0.849 |       280 |   0.742   0.473   (10.0s)
[06:22:57 +  357.7s]  SACIEDAD    3  True |    8   0.997 |       280 |   0.429   0.108   (9.9s)
[06:22:57 +  357.7s] 
[06:22:57 +  357.7s]           N0: hablando 0.712   MUDO 0.712
[06:22:57 +  357.7s]       SOLO_R: hablando 0.747   MUDO 0.747
[06:22:57 +  357.7s]       INNATO: hablando 0.991   MUDO 0.978
[06:22:57 +  357.7s]         PRED: hablando 0.970   MUDO 0.996
[06:22:57 +  357.7s]         SHUF: hablando 0.697   MUDO 0.997
[06:22:57 +  357.7s]     SACIEDAD: hablando 0.793   MUDO 0.997
[06:22:57 +  357.7s]    G-c banda de la linea base: N0 0.712 -> DENTRO de (0.6, 0.85)
[06:22:57 +  357.7s]    G-b K3: presentes min 8/8
[06:22:57 +  357.7s] HUMO: n=3 y semillas vistas. NO es evidencia; sirve para ver que el montaje mide.
[06:22:57 +  357.7s] datos -> n2pred_humo_20260918_061659.json  sha256_16 = cd0d421ad59f0d32
