[19:55:28 +    0.0s] ARRANQUE N3c (sentidos complementarios; mundo con regen=50; acierto balanceado; solo el receptor escucha) sobre v13. condiciones ['TECHO', 'SOLO_E', 'SOLO_R', 'N0', 'CONV', 'SHUF', 'SACIEDAD'], semillas 41-60. Pool(14).
[19:55:28 +    0.0s] sha preregistro e9390b6b56236d95  script dedb69ab7383e8ed  mundo_social_n3 79e777ea57c649b4  mundo_social 946ff1c71e375eba
[19:55:28 +    0.4s] REGLA 11 — procesos python vivos (2), este es pid 27736
[19:55:28 +    0.6s] ETAPA 1/3 — identidad gamma_soc=0 sin mascaras == mundo_social (6)...
[19:55:45 +   17.2s]   identicos: 6/6
[19:55:45 +   17.2s] ETAPA 2/3 — 140 corridas...
[19:56:22 +   54.4s]           20/140
[19:56:41 +   73.9s]           40/140
[19:57:12 +  104.2s]           60/140
[19:58:05 +  157.4s]           80/140
[19:58:54 +  206.6s]           100/140
[19:59:49 +  261.5s]           120/140
[20:00:26 +  298.0s]           140/140
[20:00:26 +  298.0s] ETAPA 3/3 — analisis (receptor = organismo 0, ultimo cuarto).
[20:00:26 +  298.0s]    TECHO     acierto 0.998 [0.99,1.00]  veneno_q4 2  muertes 2  sesgos 0  recibidas 0  emisor nan
[20:00:26 +  298.0s]    SOLO_E    acierto 0.998 [0.99,1.00]  veneno_q4 2  muertes 2  sesgos 0  recibidas 0  emisor nan
[20:00:26 +  298.0s]    SOLO_R    acierto 0.997 [0.58,1.00]  veneno_q4 3  muertes 2  sesgos 0  recibidas 0  emisor nan
[20:00:26 +  298.0s]    N0        acierto 0.832 [0.61,1.00]  veneno_q4 2  muertes 4  sesgos 0  recibidas 0  emisor 0.998
[20:00:26 +  298.0s]    CONV      acierto 0.957 [0.83,1.00]  veneno_q4 28  muertes 4  sesgos 22893  recibidas 7892  emisor 0.998
[20:00:26 +  298.0s]    SHUF      acierto 0.683 [0.58,0.84]  veneno_q4 888  muertes 727  sesgos 19639  recibidas 6839  emisor 0.998
[20:00:26 +  298.0s]    SACIEDAD  acierto 0.689 [0.39,0.86]  veneno_q4 936  muertes 160  sesgos 13044  recibidas 4776  emisor 0.510
[20:00:26 +  298.0s]    S1 CONV>=.80 y >SOLO_R en 8/20 NO | S2 >SHUF en 20/20 OK | S3 >SACIEDAD en 20/20 OK | S4 validez NO | S5 N0>SOLO_R en 7/20 OK
[20:00:26 +  298.0s] VEREDICTO N3c: NO (refutado o montaje invalido)
[20:00:26 +  298.0s] datos -> N3c_s41-60_20260917_195528.json  sha256_16 = a1c447c45fdbadd2
