[20:12:05 +    0.0s] ARRANQUE N3d (receptor ciego por construccion: 4 parejas misma vista 3-5 / valencia opuesta; regen=50; acierto balanceado; solo el receptor escucha) sobre v13. condiciones ['TECHO', 'SOLO_E', 'SOLO_R', 'N0', 'CONV', 'SHUF', 'SACIEDAD'], semillas 81-100. Pool(14).
[20:12:05 +    0.0s] sha preregistro 9f87ddaf207313b4  script c4d5994c7925af71  mundo_social_n3 42a7797c2dbccea7  mundo_social 946ff1c71e375eba
[20:12:06 +    0.4s] REGLA 11 — procesos python vivos (2), este es pid 4016
[20:12:06 +    0.5s] ETAPA 1/3 — identidad gamma_soc=0 sin mascaras == mundo_social (6)...
[20:12:23 +   17.5s]   identicos: 6/6
[20:12:23 +   17.5s] ETAPA 2/3 — 140 corridas...
[20:12:54 +   49.2s]           20/140
[20:13:13 +   67.6s]           40/140
[20:13:42 +   97.1s]           60/140
[20:14:34 +  149.0s]           80/140
[20:15:24 +  199.3s]           100/140
[20:16:22 +  256.8s]           120/140
[20:17:03 +  298.1s]           140/140
[20:17:03 +  298.1s] ETAPA 3/3 — analisis (receptor = organismo 0, ultimo cuarto).
[20:17:03 +  298.1s]    TECHO     acierto 0.998 [1.00,1.00]  veneno_q4 2  muertes 1  sesgos 0  recibidas 0  emisor nan
[20:17:03 +  298.1s]    SOLO_E    acierto 0.998 [0.97,1.00]  veneno_q4 1  muertes 0  sesgos 0  recibidas 0  emisor nan
[20:17:03 +  298.1s]    SOLO_R    acierto 0.516 [0.50,0.54]  veneno_q4 326  muertes 76  sesgos 0  recibidas 0  emisor nan
[20:17:03 +  298.1s]    N0        acierto 0.504 [0.50,0.51]  veneno_q4 237  muertes 542  sesgos 0  recibidas 0  emisor 0.998
[20:17:03 +  298.1s]    CONV      acierto 0.811 [0.62,0.84]  veneno_q4 286  muertes 72  sesgos 19180  recibidas 7716  emisor 0.998
[20:17:03 +  298.1s]    SHUF      acierto 0.487 [0.46,0.51]  veneno_q4 1131  muertes 1160  sesgos 15873  recibidas 6732  emisor 0.998
[20:17:03 +  298.1s]    SACIEDAD  acierto 0.515 [0.48,0.54]  veneno_q4 1293  muertes 344  sesgos 10290  recibidas 4734  emisor 0.511
[20:17:03 +  298.1s]    S1 CONV>=.80 y >SOLO_R en 20/20 OK | S2 >SHUF en 20/20 OK | S3 >SACIEDAD en 20/20 OK | S4 validez OK | S5 N0>SOLO_R en 4/20 OK
[20:17:03 +  298.1s] VEREDICTO N3d: TRANSFIERE entre sensores por conducta
[20:17:03 +  298.1s] datos -> N3d_s81-100_20260917_201205.json  sha256_16 = 454fb54abddb2146
