[20:07:06 +    0.0s] ARRANQUE N3d (receptor ciego por construccion: 4 parejas misma vista 3-5 / valencia opuesta; regen=50; acierto balanceado; solo el receptor escucha) sobre v13. condiciones ['TECHO', 'SOLO_E', 'SOLO_R', 'N0', 'CONV', 'SHUF', 'SACIEDAD'], semillas 61-80. Pool(14).
[20:07:06 +    0.0s] sha preregistro 9f87ddaf207313b4  script c4d5994c7925af71  mundo_social_n3 42a7797c2dbccea7  mundo_social 946ff1c71e375eba
[20:07:07 +    0.3s] REGLA 11 — procesos python vivos (2), este es pid 24392
[20:07:07 +    0.5s] ETAPA 1/3 — identidad gamma_soc=0 sin mascaras == mundo_social (6)...
[20:07:24 +   17.4s]   identicos: 6/6
[20:07:24 +   17.4s] ETAPA 2/3 — 140 corridas...
[20:07:55 +   48.7s]           20/140
[20:08:12 +   65.9s]           40/140
[20:08:41 +   95.1s]           60/140
[20:09:35 +  148.4s]           80/140
[20:10:23 +  196.6s]           100/140
[20:11:17 +  250.3s]           120/140
[20:11:52 +  286.0s]           140/140
[20:11:52 +  286.0s] ETAPA 3/3 — analisis (receptor = organismo 0, ultimo cuarto).
[20:11:52 +  286.0s]    TECHO     acierto 0.998 [0.99,1.00]  veneno_q4 1  muertes 1  sesgos 0  recibidas 0  emisor nan
[20:11:52 +  286.0s]    SOLO_E    acierto 0.998 [0.98,1.00]  veneno_q4 2  muertes 0  sesgos 0  recibidas 0  emisor nan
[20:11:52 +  286.0s]    SOLO_R    acierto 0.515 [0.50,0.53]  veneno_q4 332  muertes 86  sesgos 0  recibidas 0  emisor nan
[20:11:52 +  286.0s]    N0        acierto 0.503 [0.49,0.51]  veneno_q4 244  muertes 534  sesgos 0  recibidas 0  emisor 0.998
[20:11:52 +  286.0s]    CONV      acierto 0.822 [0.77,0.85]  veneno_q4 331  muertes 80  sesgos 19670  recibidas 7108  emisor 0.998
[20:11:52 +  286.0s]    SHUF      acierto 0.484 [0.47,0.51]  veneno_q4 1128  muertes 1176  sesgos 15754  recibidas 6322  emisor 0.998
[20:11:52 +  286.0s]    SACIEDAD  acierto 0.508 [0.49,0.55]  veneno_q4 1270  muertes 308  sesgos 9966  recibidas 4606  emisor 0.509
[20:11:52 +  286.0s]    S1 CONV>=.80 y >SOLO_R en 20/20 OK | S2 >SHUF en 20/20 OK | S3 >SACIEDAD en 20/20 OK | S4 validez OK | S5 N0>SOLO_R en 1/20 OK
[20:11:52 +  286.0s] VEREDICTO N3d: TRANSFIERE entre sensores por conducta
[20:11:52 +  286.0s] datos -> N3d_s61-80_20260917_200706.json  sha256_16 = 88261db047ba8129
