[03:55:04 +    0.0s] ARRANQUE C-P1 'probar cuando no me reconozco': brazos ['V13', 'dE5'], semillas 141-160, T=200000, invertir_en=100000, n_traza=2000, desfase=500. Pool(14).
[03:55:04 +    0.0s] 20 semillas no cierran un nivel del brief: cierran o refutan ESTE mecanismo, y piden replica en 61-80.
[03:55:04 +    0.0s]     sha preregistro              0f1660fe2737df32
[03:55:04 +    0.0s]     sha script                   49ae078df2997776
[03:55:04 +    0.0s]     sha constructor              dd42e0170a014cbb
[03:55:04 +    0.0s]     sha constructor_automodelo   27c91df159a1465b
[03:55:04 +    0.0s]     sha v13p                     2dbed7ccac4dd736
[03:55:04 +    0.0s]     sha v13pg                    910f1f5fb64453bb
[03:55:04 +    0.0s]     sha v13s                     2eaba8dde27f05bd
[03:55:04 +    0.0s]     sha v13                      cc8b16b492d4d324
[03:55:04 +    0.0s]     sha v13g                     2a80e125f8593bf2
[03:55:04 +    0.0s]     sha bateria_v13              1a027bcb37eb536e
[03:55:04 +    0.0s]     sha bateria_generaliza       46772f5a582872c8
[03:55:04 +    0.4s] REGLA 11 — procesos python vivos (2), este es pid 28800
[03:55:04 +    0.6s] ETAPA 1/5 — identidades J1 (apagado == v13), J2 (las lecturas SOLO MIDEN), J3 (== v13s) y J4 (modo regla == v13g): 33 comprobaciones...
[03:55:09 +    5.6s]     J1: 9/9
[03:55:09 +    5.6s]     J2: 9/9
[03:55:09 +    5.6s]     J3: 9/9   (clave de reporte ['sesgo_boca'] excluida; max |dif| 0.01404)
[03:55:09 +    5.6s]     J4: 6/6
[03:55:09 +    5.6s] ETAPA 2/5 — principal: 40 corridas de 200000 pasos (2 brazos x 20 semillas)...
[03:55:25 +   21.1s]           10/40
[03:55:40 +   36.1s]           20/40
[03:55:54 +   50.3s]           30/40
[03:55:55 +   51.0s]           40/40
[03:55:55 +   51.0s] ETAPA 3/5 — MOMENTO: omitida (no esta en --brazos).
[03:55:55 +   51.0s] ETAPA 4/5 — retencion M5 (los SEIS de bateria_v13, sus criterios), brazos ['V13', 'dE5']: 240 corridas de 100000 pasos...
[03:56:18 +   74.7s]           40/240
[03:56:41 +   97.7s]           80/240
[03:57:04 +  120.4s]           120/240
[03:57:27 +  143.3s]           160/240
[03:57:50 +  166.0s]           200/240
[03:58:11 +  187.4s]           240/240
[03:58:11 +  187.4s] ETAPA 5/5 — generalizacion M6 (G1/G2 px0/azar), brazos ['V13', 'dE5']: 80 corridas de 200000 pasos...
[03:58:41 +  217.6s]           20/80
[03:58:57 +  233.4s]           40/80
[03:59:27 +  263.4s]           60/80
[03:59:41 +  277.3s]           80/80
[03:59:41 +  277.3s] ANALISIS SIMPLIFICADO (--brazos): faltan brazos que P1-P7/M5/M6 necesitan por nombre (SELF-TEST, CONST-a, CONST-b, MOMENTO o dE-TEST no estan en --brazos/--baterias de esta corrida). Se listan medianas y pareado<V13 por brazo activo, y M5/M6 crudos si corrieron; el veredicto de la DOSIS lo calcula corre_dosis_dE.py sobre 'principal'/'retencion'/'generaliza' con los umbrales de PREREGISTRO_dosis_dE.md (ERR-31: nunca los umbrales de una bateria reusada).
[03:59:41 +  277.3s]    G-c margen: V13 recuperacion mediana 9075.5, censuradas 0/20 -> OK
[03:59:41 +  277.3s]    V13        n=20  recuperacion 9075.5  razon/V13 1.0  pareado<V13 None  censuradas 0
[03:59:41 +  277.3s]    dE5        n=20  recuperacion 2249.0  razon/V13 0.24781003801443446  pareado<V13 20  censuradas 0
[03:59:41 +  277.3s]    M5 V13        E1 20/20  E2 20/20  E2I 20/20  E2J 20/20  E2K 20/20  E2L 20/20
[03:59:41 +  277.4s]    M5 dE5        E1 20/20  E2 20/20  E2I 20/20  E2J 20/20  E2K 20/20  E2L 20/20
[03:59:41 +  277.4s]    M6 V13        px0: G1 0.8 G2 0.8539904464357635 cob 10.0  azar: G1 0.5 G2 0.45855352622439927 cob 10.0
[03:59:41 +  277.4s]    M6 dE5        px0: G1 0.8 G2 0.8897290650637136 cob 10.0  azar: G1 0.5 G2 0.4728489955288132 cob 10.0
[03:59:41 +  277.4s] 
[03:59:41 +  277.4s] VEREDICTO (parcial, --brazos): CORRIDA --brazos (DOSIS, parcial): sin veredicto generico P1-P7 (brazos de referencia no incluidos en esta corrida). Datos crudos en 'principal'/'retencion'/'generaliza'; el veredicto de la dosis lo calcula corre_dosis_dE.py con los umbrales de PREREGISTRO_dosis_dE.md.
[03:59:41 +  277.4s] datos -> probar_si_mismo_s141-160_20260918_035504.json  sha256_16 = c51d159b83d9ec38
