[03:09:12 +    0.0s] HUMO del disenador, UN proceso, sin Pool (regla 3). Preregistro PREREGISTRO_probar_si_mismo.md, seccion 11.
[03:09:12 +    0.0s] Semilla 1 (ya vista en la mini-prueba): NINGUNA de las 41-60 del experimento queda expuesta.
[03:09:12 +    0.0s]     sha preregistro              0f1660fe2737df32
[03:09:12 +    0.0s]     sha script                   041bf6146b0c2077
[03:09:12 +    0.0s]     sha constructor              dd42e0170a014cbb
[03:09:12 +    0.0s]     sha constructor_automodelo   27c91df159a1465b
[03:09:12 +    0.0s]     sha v13p                     2dbed7ccac4dd736
[03:09:12 +    0.0s]     sha v13pg                    910f1f5fb64453bb
[03:09:12 +    0.0s]     sha v13s                     2eaba8dde27f05bd
[03:09:12 +    0.0s]     sha v13                      cc8b16b492d4d324
[03:09:12 +    0.0s]     sha v13g                     2a80e125f8593bf2
[03:09:12 +    0.0s]     sha bateria_v13              1a027bcb37eb536e
[03:09:12 +    0.0s]     sha bateria_generaliza       46772f5a582872c8
[03:09:12 +    0.0s] 1/2 IDENTIDADES J1, J2, J3 (3 escenarios) y J4 (2 reglas), semilla 1, T=10000.
[03:09:13 +    0.8s]     J1 base      IDENTICO
[03:09:14 +    1.7s]     J2 base      IDENTICO
[03:09:15 +    2.7s]     J3 base      IDENTICO en conducta   (clave de reporte ['sesgo_boca']: max |dif| 0.01404)
[03:09:17 +    4.3s]     J1 invertir  IDENTICO
[03:09:18 +    6.0s]     J2 invertir  IDENTICO
[03:09:19 +    7.1s]     J3 invertir  IDENTICO en conducta   (clave de reporte ['sesgo_boca']: max |dif| 0.01404)
[03:09:21 +    8.6s]     J1 nuevo     IDENTICO
[03:09:22 +   10.2s]     J2 nuevo     IDENTICO
[03:09:24 +   12.2s]     J3 nuevo     IDENTICO en conducta   (clave de reporte ['sesgo_boca']: max |dif| 0.01404)
[03:09:26 +   13.6s]     J4 px0       IDENTICO
[03:09:27 +   14.7s]     J4 azar      IDENTICO
[03:09:27 +   14.7s]   identicos 11/11   (14.7 s)
[03:09:27 +   14.7s] 2/2 UNA corrida SELF-TEST + su MOMENTO: T=200000, invertir_en=100000, semilla 1 (2 x 200 000 pasos).
[03:09:38 +   25.7s]     SELF-TEST  11.0 s/corrida   t_ext_B 102375  recuperacion 2375  censurado False
[03:09:38 +   25.7s]         sesgo_boca por cuarto [np.float64(0.52668), np.float64(0.06514), np.float64(0.36559), np.float64(0.04372)]   sorpresa_auto [np.float64(0.0527), np.float64(0.0065), np.float64(0.0366), np.float64(0.0043)]   encuentros [4933, 5100, 5079, 5142]
[03:09:38 +   25.7s]         veneno_post 208  comida_post 571  muertes 290 (post 133)
[03:09:38 +   25.7s]         banda (-2.8333, 0.3333)  n [dentro,fuera] [[56, 95], [18619, 1484]]  ll dentro [S,M,H,ORACULO] [0.7333, 0.7019, 0.7036, 0.2812]
[03:09:38 +   25.7s]         Wbh 0.8076  Whh(control) -0.0167  W {'A': -3.0, 'B': 1.0, 'C': -0.5, 'D': 1.5}  suma de la traza 49.500932
[03:09:46 +   34.2s]     MOMENTO    8.5 s/corrida   t_ext_B 113325  recuperacion 13325  censurado False
[03:09:46 +   34.2s]         sesgo_boca por cuarto [0.0629, 0.38097, 0.04517, 0.52143]   veneno_post 302  muertes 306
[03:09:46 +   34.2s]     G-d masa de la traza: SELF-TEST 49.500932 vs inyectada 49.500932  |dif| 0.0  -> OK
[03:09:46 +   34.2s] HUMO: numeros observados, sin ajustar nada. n=1 y semilla vista: NO son evidencia; sirven para ver que el instrumento mide.
[03:09:46 +   34.2s] datos -> probar_si_mismo_humo_20260918_030912.json  sha256_16 = 8264f318927fae19
