[08:12:26 +    0.0s] HUMO del disenador, UN proceso, sin Pool (regla 3). PREREGISTRO_supersticion_sal.md.
[08:12:26 +    0.0s] Semillas 182 (ALIAS) y 181 (LIMPIA): las dos YA se gastaron en el mundo vivo. NINGUNA de 301-700 queda expuesta.
[08:12:26 +    0.0s]     sha preregistro            b803b20128ade9ea
[08:12:26 +    0.0s]     sha script                 bfdc00bb48656337
[08:12:26 +    0.0s]     sha runner_mundo_vivo      0bce2ae090fcb0a7
[08:12:26 +    0.0s]     sha diagnostico            02905c71a7ac3de8
[08:12:26 +    0.0s]     sha constructor            03c83de17e34d9a0
[08:12:26 +    0.0s]     sha instrumento            20c0961c79de8825
[08:12:26 +    0.0s]     sha origen_organismo_v14   feefc88b1fd8d434
[08:12:26 +    0.0s]     origen organismo_v14 -> OK
[08:12:26 +    0.0s] 1/3 seleccion de semillas (diagnostico estructural, sin correr el organismo)
[08:12:26 +    0.1s]     ALIAS recalculadas en 301-700: [326, 334, 343, 377, 446, 533, 549, 563, 670]  -> coinciden con el preregistro
[08:12:26 +    0.1s]     LIMPIAS del preregistro con |D&B| = 0: 9/9
[08:12:26 +    0.1s] 2/3 IDENTIDAD, 5 casos x 1 semilla, T=5000.
[08:12:27 +    0.5s]     (A) vivo=0 == v14                                    OK
[08:12:27 +    0.9s]     (G) linaje v13 (mask_rel=0, puerta_pat=0)            OK
[08:12:27 +    1.2s]     (I) TODO encendido, 1 necesidad y 2 estimulos == v14 OK
[08:12:28 +    1.7s]     (J) lo mismo con inversion                           OK
[08:12:28 +    2.1s]     (M) 4 estimulos y 2 necesidades != v14 (DEBE fallar) OK
[08:12:28 +    2.1s]   IDENTIDAD 5/5
[08:12:28 +    2.1s] 3/3 UNA corrida por brazo con las semillas del humo, T=20000 (4 corridas).
[08:12:29 +    3.0s]     S1-ALIAS    s182   0.92 s  |W[sal]| 0.96 [-0.96, 0.0]  W[veneno] -0.96  exposiciones sal 833 (veneno 507)  divisiones 0  muertes 9
[08:12:30 +    4.0s]     S1-LIMPIA   s181   0.93 s  |W[sal]| 0.09 [-0.09, 0.01]  W[veneno] -2.63  exposiciones sal 130 (veneno 1363)  divisiones 0  muertes 7
[08:12:31 +    4.8s]     S2-SIN-SED  s182   0.82 s  |W[sal]| 1.62 [-1.62]  W[veneno] -1.62  exposiciones sal 824 (veneno 717)  divisiones 0  muertes 18
[08:12:32 +    5.7s]     S3-PUERTA   s182   0.89 s  |W[sal]| 2.17 [-2.17, 0.03]  W[veneno] -2.17  exposiciones sal 633 (veneno 812)  divisiones 0  muertes 13
[08:12:32 +    5.7s] ESTIMACION del bloque: 36 corridas de 100000 pasos, ~4.5 s/corrida en serie -> ~0.2 min de pared con Pool(14) (+ identidad: 15 comprobaciones).
[08:12:32 +    5.7s] HUMO: T corto y n=1 por brazo; las dos semillas ya estaban vistas. NO son evidencia: prueban que mide.
[08:12:32 +    5.7s] datos -> sal_humo_20260918_081226.json  sha256_16 = 346dd1d2010d923e
