[16:05:41 +    0.0s] ARRANQUE v13 dos vias: eta_s en [0.0, 0.003, 0.006, 0.015, 0.03], superficie en 41-60, confirmatorio en 61-80. Pool(14).
[16:05:41 +    0.0s] sha preregistro e9568fc0542d493e  script 8ea129cff294bdd4  v13 88c3574cf9cf38bf  v13m 8b134cfd335e78e2  v13g 2a80e125f8593bf2  v11 f69e24063be1b194
[16:05:41 +    0.4s] REGLA 11 — procesos python vivos (2), este es pid 6928
[16:05:41 +    0.6s] ETAPA 1/4 — P1 inercia (36)...
[16:06:37 +   55.8s]   v13(eta_s=0) == v11       : 21/21
[16:06:37 +   55.8s]   v13m == v11m              : 9/9
[16:06:37 +   55.8s]   v13g == v11g              : 6/6
[16:06:37 +   55.8s] ETAPA 2/4 — superficie: 2100 corridas (3 brazos x 5 tasas x [M + 3 reglas + 3 etapas] x 20)...
[16:07:12 +   91.4s]           40/2100
[16:07:44 +  123.0s]           80/2100
[16:08:17 +  156.0s]           120/2100
[16:08:50 +  189.3s]           160/2100
[16:09:23 +  222.0s]           200/2100
[16:09:55 +  254.3s]           240/2100
[16:10:22 +  280.7s]           280/2100
[16:11:00 +  319.0s]           320/2100
[16:11:44 +  363.2s]           360/2100
[16:12:29 +  407.7s]           400/2100
[16:13:10 +  448.7s]           440/2100
[16:13:52 +  491.1s]           480/2100
[16:14:35 +  533.7s]           520/2100
[16:15:11 +  569.9s]           560/2100
[16:15:53 +  612.2s]           600/2100
[16:16:36 +  655.4s]           640/2100
[16:17:19 +  698.6s]           680/2100
[16:18:04 +  742.8s]           720/2100
[16:18:47 +  786.3s]           760/2100
[16:19:30 +  829.5s]           800/2100
[16:20:10 +  869.6s]           840/2100
[16:20:55 +  913.8s]           880/2100
[16:21:41 +  960.2s]           920/2100
[16:22:26 + 1004.7s]           960/2100
[16:23:11 + 1050.3s]           1000/2100
[16:23:57 + 1095.8s]           1040/2100
[16:24:38 + 1137.6s]           1080/2100
[16:25:21 + 1179.9s]           1120/2100
[16:26:05 + 1223.8s]           1160/2100
[16:26:44 + 1263.6s]           1200/2100
[16:27:06 + 1285.3s]           1240/2100
[16:27:28 + 1306.8s]           1280/2100
[16:27:49 + 1327.9s]           1320/2100
[16:28:09 + 1348.5s]           1360/2100
[16:28:30 + 1368.9s]           1400/2100
[16:28:51 + 1389.7s]           1440/2100
[16:29:12 + 1410.7s]           1480/2100
[16:29:33 + 1432.5s]           1520/2100
[16:29:55 + 1454.5s]           1560/2100
[16:30:17 + 1476.5s]           1600/2100
[16:30:38 + 1497.1s]           1640/2100
[16:30:59 + 1517.9s]           1680/2100
[16:31:20 + 1538.8s]           1720/2100
[16:31:42 + 1560.7s]           1760/2100
[16:32:04 + 1583.1s]           1800/2100
[16:32:25 + 1604.3s]           1840/2100
[16:32:47 + 1626.3s]           1880/2100
[16:33:08 + 1647.2s]           1920/2100
[16:33:29 + 1668.2s]           1960/2100
[16:33:50 + 1688.9s]           2000/2100
[16:34:12 + 1711.2s]           2040/2100
[16:34:34 + 1733.4s]           2080/2100
[16:34:43 + 1742.2s]           2100/2100
[16:34:43 + 1742.2s] 
[16:34:43 + 1742.2s]   SUPERFICIE (semillas 41-60). Referencias: v9 retencion 0/20 y acierto 0.800; azar 0.50.
[16:34:43 + 1742.2s]   condicion                semillas retencion  guarda  W_B    lenta_B  acierto px0       azar   xor    conducta  fuga  E1     E2     E2L    muerdeB  div  muertes
[16:34:43 + 1742.2s]   suma eta_s=0 (=v11)      41-60     20/20      20/20  -3.00 +0.00    0.600 [0.40,0.90] 0.500  0.500  0.672     0.08  20/20  20/20  20/20     0       5    202
[16:34:43 + 1742.2s]   suma eta_s=0.003         41-60     20/20      20/20  -3.06 -0.23    0.600 [0.50,1.00] 0.500  0.500  0.640     0.08  20/20  20/20  20/20     0       5    204
[16:34:43 + 1742.2s]   suma eta_s=0.006         41-60     20/20      20/20  -3.00 -0.39    0.600 [0.50,1.00] 0.500  0.500  0.698     0.10  20/20  20/20  20/20     0       5    208
[16:34:43 + 1742.2s]   suma eta_s=0.015         41-60     19/20      20/20  -2.93 -0.67    0.600 [0.50,1.00] 0.500  0.500  0.719     0.08  20/20  18/20  20/20     0       5    203
[16:34:43 + 1742.2s]   suma eta_s=0.03          41-60      0/20      20/20  -2.51 -0.77    0.700 [0.50,1.00] 0.500  0.500  0.849     0.05  20/20  16/20  19/20     0       4    204
[16:34:43 + 1742.2s]   puerta2 eta_s=0          41-60     20/20      20/20  -3.03 +0.00    0.600 [0.30,0.80] 0.500  0.500  0.682     0.05  20/20  20/20  20/20     0       5    200
[16:34:43 + 1742.2s]   puerta2 eta_s=0.003      41-60     20/20      20/20  -3.06 +0.10    0.600 [0.40,0.90] 0.500  0.438  0.690     0.05  20/20  20/20  20/20     0       5    201
[16:34:43 + 1742.2s]   puerta2 eta_s=0.006      41-60     20/20      20/20  -3.05 -0.13    0.650 [0.40,0.90] 0.500  0.438  0.728     0.08  20/20  20/20  20/20     0       5    210
[16:34:43 + 1742.2s]   puerta2 eta_s=0.015      41-60     20/20      20/20  -3.08 -0.63    0.600 [0.50,0.90] 0.500  0.500  0.730     0.10  20/20  20/20  20/20     0       5    205
[16:34:43 + 1742.2s]   puerta2 eta_s=0.03       41-60     19/20      14/20  -3.04 -1.63    0.600 [0.50,0.90] 0.500  0.500  0.712     0.08  20/20  20/20  20/20     0       5    210
[16:34:43 + 1742.2s]   puerta3 eta_s=0          41-60     20/20      17/20  -3.03 +0.00    0.550 [0.30,0.65] 0.500  0.500  0.573     0.10  20/20  20/20  20/20     0       5    200
[16:34:43 + 1742.2s]   puerta3 eta_s=0.003      41-60     20/20      15/20  -3.06 +0.14    0.750 [0.50,1.00] 0.500  0.438  0.697     0.08  20/20  20/20  20/20     0       5    202
[16:34:43 + 1742.2s]   puerta3 eta_s=0.006      41-60     20/20      15/20  -3.06 -0.09    0.750 [0.50,1.00] 0.500  0.375  0.760     0.08  20/20  20/20  20/20     0       5    202
[16:34:43 + 1742.2s]   puerta3 eta_s=0.015      41-60     20/20      19/20  -3.08 -0.62    0.800 [0.60,1.00] 0.500  0.406  0.798     0.08  20/20  20/20  20/20     0       5    206
[16:34:43 + 1742.2s]   puerta3 eta_s=0.03       41-60     20/20      11/20  -3.08 -2.27    0.800 [0.60,1.00] 0.500  0.406  0.883     0.05  20/20  20/20  20/20     0       5    284
[16:34:43 + 1742.2s] ETAPA 3/4 — 2 punto(s) cumplen en 41-60; se lleva UNO (puerta3 eta_s=0.015) al confirmatorio en 61-80, que es el que decide...
[16:36:40 + 1859.1s] 
[16:36:40 + 1859.1s]   condicion                semillas retencion  guarda  W_B    lenta_B  acierto px0       azar   xor    conducta  fuga  E1     E2     E2L    muerdeB  div  muertes
[16:36:40 + 1859.1s]   puerta3 eta_s=0.015 CONF 61-80     20/20      19/20  -3.05 -0.32    0.850 [0.60,1.00] 0.500  0.438  0.852     0.03  20/20  20/20  20/20     0       3    204
[16:36:40 + 1859.1s] 
[16:36:40 + 1859.1s]   P4 [el canje se rompe] en 41-60: SI;  confirmado en 61-80: SI
[16:36:40 + 1859.1s]   P5 [nada se rompe: E1, E2, E2L y guarda >= 18/20]: SOSTENIDA;  XOR <= 0.60: True
[16:36:40 + 1859.1s] 
[16:36:40 + 1859.1s] VEREDICTO v13: P1_inercia=True P4_en_41_60=True P4_confirmado=True P5_nada_se_rompe=True xor_bajo=True punto=['puerta3', 0.015]
[16:36:40 + 1859.1s] ETAPA 4/4 — escritura.
[16:36:40 + 1859.2s] datos -> v13_dos_vias_20260917_160541.json  sha256_16 = 01d1cdf0d4c1dbe5
