[07:50:04 +    0.0s] ARRANQUE v15c (HUMO, un proceso, sin Pool).
[07:50:04 +    0.1s] sha preregistro a00af9ac0a39c944  script afc887b6d0ebe20e  construye_v15c dfd3fb5b655effe6  organismo_v15c 0d2ae9c54a3a8c53  organismo_v15c_on 3a06a50b934d6d37  organismo_v15gc 9e5d828ad7444867  organismo_v15gc_on 9417dc6bb11e9eb3  bateria_v15c a0b9e1213cae5ec7  bateria_generaliza_v15c 644843ae9e3b625b  ORIGEN organismo_v14 feefc88b1fd8d434  organismo_v14g 1f1318480cd34cde
[07:50:04 +    0.1s] ETAPA 1/3 — identidad corta (T=20000, un proceso).
[07:50:04 +    0.1s]    -> SUBPROCESO (identidad): C:\Users\User\Documents\PROYECTOS\JUACO\bundle\experimentos\creacion_A\identidad_v15c.py 20000
[07:51:41 +   97.5s]       |                           regla/px0 lineal s1: IDENTICO
[07:51:41 +   97.5s]       |                           regla/px0 lineal s2: IDENTICO
[07:51:41 +   97.5s]       |                                regla/xor01 s1: IDENTICO
[07:51:41 +   97.5s]       |                                regla/xor01 s2: IDENTICO
[07:51:41 +   97.5s]       |                                 regla/azar s1: IDENTICO
[07:51:41 +   97.5s]       |                                 regla/azar s2: IDENTICO
[07:51:41 +   97.5s]       | 
[07:51:41 +   97.5s]       | IDENTIDAD (I1+I2+I3): 32/32
[07:51:41 +   97.5s]       | 
[07:51:41 +   97.5s]       | --- I4: v15gc(memoria_pares="combi") contra organismo_g3A: NO se espera identidad, se DECLARA ---
[07:51:41 +   97.5s]       |   s1: v15gc ganadora [0, 1] (cobertura 4/4, vistas 60)   g3A ganadora en la sonda [0, 1]   COINCIDEN
[07:51:41 +   97.5s]       |   s2: v15gc ganadora [0, 1] (cobertura 4/4, vistas 60)   g3A ganadora en la sonda [0, 1]   COINCIDEN
[07:51:41 +   97.5s]       |   s3: v15gc ganadora [0, 1] (cobertura 4/4, vistas 60)   g3A ganadora en la sonda [0, 1]   COINCIDEN
[07:51:41 +   97.5s]       |   DIFERENCIA DECLARADA: v15gc lleva la hija dispersa y la puerta por codigo de v14.1 (g3A no) y g3A lleva la via lenta cuadratica (v14.1 no): la equivalencia exacta NO existe, y no se reclama.
[07:51:41 +   97.5s]       (97s)
[07:51:41 +   97.5s] ETAPA 2/3 — mundo de regla, 1 semilla, memoria ON y OFF (pareado).
[07:52:42 +  158.6s]    xor01  memoria=combi s121: registro 1.000  ESTRICTA 1.000  ba 0.984  ganadora [0, 1]  cobertura 4/4  celdas 73  splits 43  muertes 249
[07:52:42 +  158.6s]    xor01  memoria=None  s121: registro 0.375  ESTRICTA 0.375  ba 0.551  ganadora None  cobertura None/4  celdas 70  splits 40  muertes 244
[07:52:42 +  158.6s]    px0    memoria=combi s121: registro 0.800  ESTRICTA 0.800  ba 0.707  ganadora [0, 1]  cobertura 4/4  celdas 54  splits 24  muertes 285
[07:52:42 +  158.6s]    px0    memoria=None  s121: registro 0.900  ESTRICTA 0.900  ba 0.839  ganadora None  cobertura None/4  celdas 62  splits 32  muertes 269
[07:52:42 +  158.6s]    azar   memoria=combi s121: registro 0.500  ESTRICTA 0.500  ba 0.405  ganadora [1, 3]  cobertura 4/4  celdas 61  splits 31  muertes 292
[07:52:42 +  158.6s]    azar   memoria=None  s121: registro 0.400  ESTRICTA 0.400  ba 0.510  ganadora None  cobertura None/4  celdas 59  splits 29  muertes 244
[07:52:42 +  158.6s] ETAPA 3/3 — las baterias NO se corren en el humo (traen su propio Pool). Comandos para el coordinador:
[07:52:42 +  158.6s]    python experimentos/creacion_A/bateria_v15c.py 20 --desde 101 --log
[07:52:42 +  158.6s]    python experimentos/creacion_A/bateria_generaliza_v15c.py organismo_v15c_on 20 --desde 101 --log
[07:52:42 +  158.6s] datos -> v15c_humo_20260918_075004.json  sha256_16 = 7e94d7ff5a86d2b9
