[19:19:39 +    0.0s] ARRANQUE H-1 (la muerte que mata; R0 = descendientes por vida): brazos ['RENACE_CM', 'RENACE_VIVO', 'NADA_CM', 'NADA_VIVO', 'M1_CM', 'M1_VIVO', 'PARES_CM', 'PARES_VIVO', 'BARAJA_CM', 'BARAJA_VIVO', 'RD03_NADA', 'RD03_M1', 'RD09_NADA', 'RD09_M1', 'RX250_NADA', 'RX250_M1', 'RN8_NADA', 'RN8_M1', 'RC05_NADA', 'RC05_M1'], semillas 701-720, T=100000. Pool(14).
[19:19:39 +    0.0s] MISION: llegar a la AGI por este camino. Hoy: que la muerte mate de verdad, para que el linaje signifique algo.
[19:19:39 +    0.0s] 20 semillas no cierran nada: cierran o refutan ESTA hipotesis y piden la replica (721-740).
[19:19:39 +    0.0s]     sha preregistro                  f35f6d061b023d38
[19:19:39 +    0.0s]     sha script                       34c8cd4d264a7a66
[19:19:39 +    0.0s]     sha constructor                  07da8128adc82f4e
[19:19:39 +    0.0s]     sha instrumento                  9e99ff87b5e2db1e
[19:19:39 +    0.0s]     sha arnes                        b78676baa60837e2
[19:19:39 +    0.0s]     sha origen_organismo_vivo_rep2   96feb4918dc5d694
[19:19:39 +    0.0s]     sha origen_organismo_vivo_rep    aa823d56c2d4213c
[19:19:39 +    0.0s]     sha origen_organismo_vivo        20c0961c79de8825
[19:19:39 +    0.0s]     sha origen_organismo_v14         feefc88b1fd8d434
[19:19:39 +    0.0s]     sha corre_vivo_rep2              10ab45355883d98d
[19:19:39 +    0.0s]     sha corre_vivo_rep               d8ff689c6dd544d0
[19:19:39 +    0.0s]     sha mini                         f3e86cbe6c17e6d7
[19:19:39 +    0.0s]     ERR-38 RENACE_VIVO  vs bloque 2 VIVO         -> IDENTICO campo a campo
[19:19:39 +    0.0s]     ERR-38 RENACE_CM    vs bloque 2 CUELLO_MIN   -> IDENTICO campo a campo
[19:19:39 +    0.0s] REGLA 10 — alias estructurales en 701-720: [715] (preregistro: 701-720 -> [715]; 721-740 -> [])
[19:19:39 +    0.4s] REGLA 11 — procesos python vivos (3), este es pid 1184
[19:19:39 +    0.5s] ETAPA 1/2 — IDENTIDAD interna (15 comprobaciones de 2 x 20000 pasos). (D) y (E) DEBEN fallar.
[19:19:45 +    6.7s]     (A) apagada (muerte_real=0, h1=0) == organismo_vivo_rep2 CUELLO_MIN            3/3
[19:19:45 +    6.7s]     (B) cadena: h1(vivo=0, n_nec=1) == organismo_v14 (TRONCO)                      3/3
[19:19:45 +    6.7s]     (C) h1=1 con muerte_real=0: claves viejas == organismo_vivo_rep2               3/3
[19:19:45 +    6.7s]     (D) MUERE-NADA != RENACE (DEBE fallar)                                         3/3
[19:19:45 +    6.7s]     (E) MUERE-M1 != MUERE-NADA (DEBE fallar: si la herencia es inerte, el instrumento esta roto) 3/3
[19:19:45 +    6.7s]   IDENTIDAD 15/15
[19:19:45 +    6.7s] ETAPA 2/2 — principal: 400 corridas de 100000 pasos...
[19:20:13 +   34.6s]           40/400
[19:20:41 +   62.5s]           80/400
[19:21:10 +   91.0s]           120/400
[19:21:38 +  119.8s]           160/400
[19:22:07 +  148.6s]           200/400
[19:22:36 +  177.0s]           240/400
[19:22:57 +  198.3s]           280/400
[19:23:26 +  227.4s]           320/400
[19:23:56 +  257.0s]           360/400
[19:24:22 +  283.3s]           400/400
[19:24:22 +  283.4s] ERR-54 — CRUDO guardado ANTES del analisis -> vivo_h1_s701-720_20260918_191939_crudo.json  sha256_16 = 74aed9deb7c8f9cb
[19:24:22 +  283.4s] 
[19:24:22 +  283.4s] ANALISIS — medianas por brazo y la letra del preregistro (A12 sin parear, medianas, cuartiles).
[19:24:22 +  283.4s] --- CONJUNTO COMPLETO: semillas 701-720 (n=20) ---
[19:24:22 +  283.4s]    RENACE_CM     n=20  R0 0.874 [q25 0.8, q75 1.0]  r -8.5 (r>=0 en 7)  desc 67.0  muertes 74.5  cuerpos 75.5  vida 711.0 (fund 711.0 / her None)
[19:24:22 +  283.4s]         fundaciones 0.0 (1.a en None)  heredados 0.0 (R0_her None)  regalo 0.386 / fund 0.0  saciado sal 0.0  xor01 1.0 (se reporta)  coherentes 20/20  exposiciones {'A': 531.0, 'B': 3869.5, 'C': 538.0, 'D': 3627.5}
[19:24:22 +  283.4s]    RENACE_VIVO   n=20  R0 0.203 [q25 0.2, q75 0.2]  r -79.0 (r>=0 en 0)  desc 19.5  muertes 97.5  cuerpos 98.5  vida 600.0 (fund 600.0 / her None)
[19:24:22 +  283.4s]         fundaciones 0.0 (1.a en None)  heredados 0.0 (R0_her None)  regalo 0.441 / fund 0.0  saciado sal 0.79  xor01 1.0 (se reporta)  coherentes 20/20  exposiciones {'A': 829.0, 'B': 5649.0, 'C': 887.5, 'D': 1946.5}
[19:24:22 +  283.4s]    NADA_CM       n=20  R0 0.148 [q25 0.1, q75 0.2]  r -210.0 (r>=0 en 0)  desc 36.0  muertes 249.0  cuerpos 250.0  vida 96.5 (fund 121.75 / her 53.0)
[19:24:22 +  283.4s]         fundaciones 210.5 (1.a en 647.5)  heredados 36.0 (R0_her 0.111)  regalo 0.71 / fund 0.662  saciado sal 0.053  xor01 0.75 (se reporta)  coherentes 20/20  exposiciones {'A': 810.0, 'B': 3878.0, 'C': 884.0, 'D': 3268.5}
[19:24:22 +  283.4s]    NADA_VIVO     n=20  R0 0.109 [q25 0.1, q75 0.1]  r -232.5 (r>=0 en 0)  desc 29.0  muertes 259.0  cuerpos 260.0  vida 90.0 (fund 96.5 / her 59.0)
[19:24:22 +  283.4s]         fundaciones 232.5 (1.a en 591.5)  heredados 29.0 (R0_her 0.075)  regalo 0.8 / fund 0.746  saciado sal 0.137  xor01 0.75 (se reporta)  coherentes 20/20  exposiciones {'A': 890.5, 'B': 4124.5, 'C': 976.5, 'D': 2950.0}
[19:24:22 +  283.4s]    M1_CM         n=20  R0 0.16 [q25 0.1, q75 0.2]  r -201.0 (r>=0 en 0)  desc 38.0  muertes 237.0  cuerpos 238.0  vida 126.5 (fund 95.5 / her 254.5)
[19:24:22 +  283.4s]         fundaciones 201.0 (1.a en 647.5)  heredados 38.0 (R0_her 0.261)  regalo 0.716 / fund 0.54  saciado sal 0.046  xor01 0.625 (se reporta)  coherentes 20/20  exposiciones {'A': 759.5, 'B': 3906.5, 'C': 825.5, 'D': 3227.5}
[19:24:22 +  283.4s]    M1_VIVO       n=20  R0 0.122 [q25 0.1, q75 0.1]  r -211.0 (r>=0 en 0)  desc 30.0  muertes 240.5  cuerpos 241.5  vida 128.25 (fund 103.0 / her 282.5)
[19:24:22 +  283.4s]         fundaciones 211.5 (1.a en 591.5)  heredados 30.0 (R0_her 0.182)  regalo 0.79 / fund 0.641  saciado sal 0.124  xor01 0.625 (se reporta)  coherentes 20/20  exposiciones {'A': 833.5, 'B': 4262.5, 'C': 935.5, 'D': 2851.0}
[19:24:22 +  283.4s]    PARES_CM      n=20  R0 0.153 [q25 0.1, q75 0.2]  r -202.5 (r>=0 en 0)  desc 35.5  muertes 238.0  cuerpos 239.0  vida 121.0 (fund 114.75 / her 149.0)
[19:24:22 +  283.4s]         fundaciones 202.5 (1.a en 647.5)  heredados 35.0 (R0_her 0.183)  regalo 0.714 / fund 0.569  saciado sal 0.05  xor01 0.75 (se reporta)  coherentes 20/20  exposiciones {'A': 785.5, 'B': 4017.5, 'C': 856.5, 'D': 3215.0}
[19:24:22 +  283.4s]    PARES_VIVO    n=20  R0 0.12 [q25 0.1, q75 0.1]  r -221.0 (r>=0 en 0)  desc 29.0  muertes 249.5  cuerpos 250.5  vida 128.0 (fund 104.5 / her 193.0)
[19:24:22 +  283.4s]         fundaciones 221.0 (1.a en 591.5)  heredados 29.0 (R0_her 0.133)  regalo 0.767 / fund 0.625  saciado sal 0.132  xor01 0.75 (se reporta)  coherentes 20/20  exposiciones {'A': 873.0, 'B': 4210.5, 'C': 963.0, 'D': 2911.0}
[19:24:22 +  283.4s]    BARAJA_CM     n=20  R0 0.146 [q25 0.1, q75 0.2]  r -203.0 (r>=0 en 0)  desc 36.0  muertes 242.0  cuerpos 243.0  vida 104.5 (fund 117.0 / her 65.25)
[19:24:22 +  283.4s]         fundaciones 203.0 (1.a en 647.5)  heredados 35.5 (R0_her 0.13)  regalo 0.715 / fund 0.617  saciado sal 0.053  xor01 0.75 (se reporta)  coherentes 20/20  exposiciones {'A': 801.0, 'B': 3815.0, 'C': 879.5, 'D': 3237.5}
[19:24:22 +  283.4s]    BARAJA_VIVO   n=20  R0 0.117 [q25 0.1, q75 0.1]  r -228.0 (r>=0 en 0)  desc 30.5  muertes 252.5  cuerpos 253.5  vida 96.75 (fund 106.75 / her 78.75)
[19:24:22 +  283.4s]         fundaciones 228.0 (1.a en 591.5)  heredados 30.5 (R0_her 0.089)  regalo 0.825 / fund 0.735  saciado sal 0.128  xor01 0.75 (se reporta)  coherentes 20/20  exposiciones {'A': 881.0, 'B': 4098.0, 'C': 992.5, 'D': 2981.0}
[19:24:22 +  283.4s]    RD03_NADA     n=20  R0 0.068 [q25 0.1, q75 0.1]  r -475.5 (r>=0 en 0)  desc 34.0  muertes 510.5  cuerpos 511.5  vida 19.0 (fund 20.0 / her 14.0)
[19:24:22 +  283.4s]         fundaciones 475.5 (1.a en 752.5)  heredados 34.0 (R0_her 0.032)  regalo 0.631 / fund 0.599  saciado sal 0.059  xor01 0.75 (se reporta)  coherentes 20/20  exposiciones {'A': 828.0, 'B': 3677.5, 'C': 893.5, 'D': 3242.5}
[19:24:22 +  283.4s]    RD03_M1       n=20  R0 0.062 [q25 0.1, q75 0.1]  r -489.0 (r>=0 en 0)  desc 32.5  muertes 524.5  cuerpos 525.5  vida 19.0 (fund 19.0 / her 23.0)
[19:24:22 +  283.4s]         fundaciones 489.0 (1.a en 752.5)  heredados 32.5 (R0_her 0.102)  regalo 0.662 / fund 0.558  saciado sal 0.06  xor01 1.0 (se reporta)  coherentes 20/20  exposiciones {'A': 812.5, 'B': 3719.5, 'C': 877.0, 'D': 3201.0}
[19:24:22 +  283.4s]    RD09_NADA     n=20  R0 0.206 [q25 0.2, q75 0.2]  r -143.5 (r>=0 en 0)  desc 37.0  muertes 179.5  cuerpos 180.5  vida 470.5 (fund 544.0 / her 142.5)
[19:24:22 +  283.4s]         fundaciones 143.5 (1.a en 664.0)  heredados 37.0 (R0_her 0.147)  regalo 0.724 / fund 0.613  saciado sal 0.051  xor01 0.625 (se reporta)  coherentes 20/20  exposiciones {'A': 768.0, 'B': 3988.5, 'C': 848.5, 'D': 3242.5}
[19:24:22 +  283.4s]    RD09_M1       n=20  R0 0.214 [q25 0.2, q75 0.2]  r -131.5 (r>=0 en 0)  desc 36.0  muertes 168.5  cuerpos 169.5  vida 549.25 (fund 536.0 / her 556.75)
[19:24:22 +  283.4s]         fundaciones 131.5 (1.a en 702.5)  heredados 36.0 (R0_her 0.273)  regalo 0.736 / fund 0.5  saciado sal 0.044  xor01 0.75 (se reporta)  coherentes 20/20  exposiciones {'A': 705.0, 'B': 4016.0, 'C': 755.5, 'D': 3275.0}
[19:24:22 +  283.4s]    RX250_NADA    n=20  R0 0.289 [q25 0.3, q75 0.3]  r -238.5 (r>=0 en 0)  desc 95.0  muertes 333.5  cuerpos 334.5  vida 93.5 (fund 126.5 / her 64.0)
[19:24:22 +  283.4s]         fundaciones 238.5 (1.a en 586.5)  heredados 95.0 (R0_her 0.226)  regalo 0.839 / fund 0.645  saciado sal 0.064  xor01 0.5 (se reporta)  coherentes 20/20  exposiciones {'A': 972.5, 'B': 3646.5, 'C': 1063.5, 'D': 3329.0}
[19:24:22 +  283.4s]    RX250_M1      n=20  R0 0.355 [q25 0.3, q75 0.4]  r -196.5 (r>=0 en 0)  desc 108.5  muertes 306.5  cuerpos 307.5  vida 176.75 (fund 89.0 / her 306.5)
[19:24:22 +  283.4s]         fundaciones 197.5 (1.a en 504.0)  heredados 108.0 (R0_her 0.479)  regalo 0.851 / fund 0.456  saciado sal 0.05  xor01 0.75 (se reporta)  coherentes 20/20  exposiciones {'A': 864.0, 'B': 4004.0, 'C': 913.0, 'D': 3186.5}
[19:24:22 +  283.4s]    RN8_NADA      n=20  R0 0.099 [q25 0.1, q75 0.1]  r -356.0 (r>=0 en 0)  desc 38.5  muertes 394.5  cuerpos 395.5  vida 38.0 (fund 40.25 / her 25.5)
[19:24:22 +  283.4s]         fundaciones 356.0 (1.a en 585.0)  heredados 38.5 (R0_her 0.048)  regalo 0.862 / fund 0.835  saciado sal 0.04  xor01 0.75 (se reporta)  coherentes 20/20  exposiciones {'A': 1181.0, 'B': 7338.5, 'C': 1313.5, 'D': 6444.0}
[19:24:22 +  283.4s]    RN8_M1        n=20  R0 0.112 [q25 0.1, q75 0.1]  r -325.0 (r>=0 en 0)  desc 41.0  muertes 367.0  cuerpos 368.0  vida 43.0 (fund 38.5 / her 85.5)
[19:24:22 +  283.4s]         fundaciones 325.0 (1.a en 650.5)  heredados 40.5 (R0_her 0.162)  regalo 0.835 / fund 0.69  saciado sal 0.036  xor01 0.75 (se reporta)  coherentes 20/20  exposiciones {'A': 1145.0, 'B': 7474.5, 'C': 1238.0, 'D': 6219.0}
[19:24:22 +  283.4s]    RC05_NADA     n=20  R0 0.303 [q25 0.3, q75 0.3]  r -137.0 (r>=0 en 0)  desc 58.5  muertes 194.0  cuerpos 195.0  vida 96.5 (fund 124.5 / her 52.75)
[19:24:22 +  283.4s]         fundaciones 137.0 (1.a en 755.0)  heredados 58.5 (R0_her 0.226)  regalo 0.825 / fund 0.651  saciado sal 0.046  xor01 0.875 (se reporta)  coherentes 20/20  exposiciones {'A': 702.5, 'B': 3821.5, 'C': 765.5, 'D': 3424.5}
[19:24:22 +  283.4s]    RC05_M1       n=20  R0 0.464 [q25 0.4, q75 0.5]  r -83.0 (r>=0 en 1)  desc 72.0  muertes 154.5  cuerpos 155.5  vida 383.5 (fund 149.5 / her 606.5)
[19:24:22 +  283.4s]         fundaciones 84.0 (1.a en 959.0)  heredados 72.0 (R0_her 0.6)  regalo 0.844 / fund 0.302  saciado sal 0.026  xor01 1.0 (se reporta)  coherentes 20/20  exposiciones {'A': 604.5, 'B': 4179.5, 'C': 642.5, 'D': 3272.5}
[19:24:22 +  283.4s]    H1-1 ANCLA DEL CONTROL (RENACE tiene que reproducir el bloque 2): mediana R0 RENACE_CM en [0.70, 1.40] y RENACE_VIVO en [0.12, 0.32]; mediana r RENACE_CM en [-50, +25] y RENACE_VIVO en [-115, -45]; frac_regalo RENACE_CM en [0.20, 0.55]. Si cae, el instrumento se movio y NO SE LEE NADA MAS
        -> R0 CM 0.874 / VIVO 0.203; r -8.5 / -79.0; regalo 0.386  PASA (el control ancla)
[19:24:22 +  283.4s]    H1-2 LA MUERTE MATA: mediana R0(NADA_CM) <= 0.35 y R0(NADA_VIVO) <= 0.20; A12(RENACE_CM > NADA_CM) >= 0.90 y A12(RENACE_VIVO > NADA_VIVO) >= 0.85; vida mediana NADA_CM <= 0.60 x RENACE_CM. REFUTA: R0(NADA_CM) >= 0.90 -> borrar la memoria no cambia el linaje: el regalo era energia, no memoria
        -> R0 NADA_CM 0.148, NADA_VIVO 0.109; A12 1.0 / 0.98; vida x0.136  PASA (la muerte mata)
[19:24:22 +  283.4s]    H1-3 LA HERENCIA PAGA: R0(M1_CM) >= 1.30 x R0(NADA_CM) y A12(M1_CM > NADA_CM) >= 0.80 (esto DECIDE, ERR-61); el conteo pareado k/20 >= 15 se reporta AL LADO y no decide. REFUTA: A12 <= 0.60 -> heredar el vector de valores no compra nada
        -> A12 0.681; razon de medianas x1.081; pareado 14/20 (se reporta, no decide: ERR-61)  NO
[19:24:22 +  283.4s]    H1-4 LA PREDICCION QUE DECIDE — BARAJA ~ NADA: |R0(BARAJA_CM) - R0(NADA_CM)| <= 0.10 y 0.35 <= A12(BARAJA_CM > NADA_CM) <= 0.65. REFUTA (a): BARAJA ~ M1 (A12(BARAJA > NADA) >= 0.80 y |R0(BARAJA) - R0(M1)| <= 0.10) -> lo heredable es la MAGNITUD (una cautela), no el contenido: ERR y se dice. REFUTA (b): A12(BARAJA > NADA) <= 0.20 -> heredar valores en los pixeles equivocados es PEOR que no heredar
        -> A12(BARAJA > NADA) 0.469; |R0 BARAJA - NADA| 0.002; |R0 BARAJA - M1| 0.014  PASA: lo que se hereda es el CONTENIDO (la baraja lo destruye)
[19:24:22 +  283.4s]    H1-5 ¿EL VECTOR O EL TOKEN? (H-7): A12(PARES_CM > M1_CM) >= 0.65 y R0(PARES_CM) >= R0(M1_CM). Si A12 <= 0.50 -> el token NO aporta sobre el vector: lo portable entre cuerpos es el VECTOR (las dos direcciones se declaran)
        -> A12(PARES > M1) 0.394; R0 0.153 contra 0.16  lo portable entre cuerpos es el VECTOR (el token no aporta)
[19:24:22 +  283.4s]    H1-6 CLAUSULA DE CIERRE DE H-1: algun brazo con muerte real (principal o rampa) alcanza mediana R0 >= 0.90 con mediana fundadores <= 2 y con su NADA pareado por debajo de 1.0. Si NINGUNO lo alcanza: ERR-62 — este mundo NO SOSTIENE LINAJES MORTALES con estas cuatro perillas, y la linea de evolucion no se corre hasta cambiar el MUNDO (no el umbral). Si alguno lo alcanza, NO se declara aqui: la rampa es busqueda, no evidencia -> bloque nuevo con semillas nuevas
        -> brazos con muerte real y R0 >= 0.9 y fundaciones <= 2: NINGUNO  -> ERR-62: ESTE MUNDO NO SOSTIENE LINAJES MORTALES con estas cuatro perillas
[19:24:22 +  283.4s]    H1-7 SIN EL REGALO (obligatorio): frac_fund = desc_fund/descendientes, mediana <= 0.15 en los cuatro brazos MUERE_CM; frac_regalo se reporta en los diez principales. REFUTA: frac_fund > 0.35 en algun MUERE -> el regalo del renacer sigue financiando las ventanas y la medida no esta limpia
        -> frac_fund {'NADA_CM': 0.662, 'M1_CM': 0.54, 'PARES_CM': 0.569, 'BARAJA_CM': 0.617}  REFUTADA: el regalo sigue financiando
[19:24:22 +  283.4s]    H1-8 SEGURIDAD Y CONTABILIDAD: coherencia contable 20/20 en los veinte brazos; cola_desborde 0 en 20/20; exposiciones[A] NADA_CM >= 0.50 x RENACE_CM. xor01 se REPORTA sin puerta en los brazos MUERE (la tabla es de un MOSAICO de cuerpos, no de un individuo: usarla de puerta seria vocabulario inflado)
        -> coherentes min 20/20; desbordes 0; comida x1.525  PASA
[19:24:22 +  283.4s] --- SUBCONJUNTO LIMPIAS (sin [715]; regla 10): semillas 701-720 (n=19) ---
[19:24:22 +  283.4s]    RENACE_CM     n=19  R0 0.842 [q25 0.8, q75 1.0]  r -11.0 (r>=0 en 6)  desc 67.0  muertes 75.0  cuerpos 76.0  vida 693.0 (fund 693.0 / her None)
[19:24:22 +  283.4s]         fundaciones 0.0 (1.a en None)  heredados 0.0 (R0_her None)  regalo 0.382 / fund 0.0  saciado sal 0.0  xor01 1.0 (se reporta)  coherentes 19/19  exposiciones {'A': 528.0, 'B': 3870.0, 'C': 537.0, 'D': 3613.0}
[19:24:22 +  283.4s]    RENACE_VIVO   n=19  R0 0.192 [q25 0.2, q75 0.2]  r -79.0 (r>=0 en 0)  desc 20.0  muertes 98.0  cuerpos 99.0  vida 600.0 (fund 600.0 / her None)
[19:24:22 +  283.4s]         fundaciones 0.0 (1.a en None)  heredados 0.0 (R0_her None)  regalo 0.444 / fund 0.0  saciado sal 0.783  xor01 1.0 (se reporta)  coherentes 19/19  exposiciones {'A': 828.0, 'B': 5644.0, 'C': 885.0, 'D': 1951.0}
[19:24:22 +  283.4s]    NADA_CM       n=19  R0 0.147 [q25 0.1, q75 0.2]  r -210.0 (r>=0 en 0)  desc 36.0  muertes 249.0  cuerpos 250.0  vida 95.0 (fund 121.0 / her 55.0)
[19:24:22 +  283.4s]         fundaciones 211.0 (1.a en 644.0)  heredados 36.0 (R0_her 0.108)  regalo 0.711 / fund 0.667  saciado sal 0.053  xor01 0.75 (se reporta)  coherentes 19/19  exposiciones {'A': 812.0, 'B': 3903.0, 'C': 885.0, 'D': 3288.0}
[19:24:22 +  283.4s]    NADA_VIVO     n=19  R0 0.108 [q25 0.1, q75 0.1]  r -233.0 (r>=0 en 0)  desc 29.0  muertes 260.0  cuerpos 261.0  vida 90.0 (fund 97.0 / her 61.0)
[19:24:22 +  283.4s]         fundaciones 233.0 (1.a en 545.0)  heredados 29.0 (R0_her 0.069)  regalo 0.8 / fund 0.75  saciado sal 0.138  xor01 0.75 (se reporta)  coherentes 19/19  exposiciones {'A': 888.0, 'B': 4121.0, 'C': 976.0, 'D': 2956.0}
[19:24:22 +  283.4s]    M1_CM         n=19  R0 0.159 [q25 0.1, q75 0.2]  r -201.0 (r>=0 en 0)  desc 38.0  muertes 238.0  cuerpos 239.0  vida 126.0 (fund 97.0 / her 242.0)
[19:24:22 +  283.4s]         fundaciones 201.0 (1.a en 644.0)  heredados 38.0 (R0_her 0.257)  regalo 0.708 / fund 0.542  saciado sal 0.047  xor01 0.5 (se reporta)  coherentes 19/19  exposiciones {'A': 759.0, 'B': 3912.0, 'C': 828.0, 'D': 3248.0}
[19:24:22 +  283.4s]    M1_VIVO       n=19  R0 0.121 [q25 0.1, q75 0.1]  r -214.0 (r>=0 en 0)  desc 30.0  muertes 242.0  cuerpos 243.0  vida 123.5 (fund 97.0 / her 275.0)
[19:24:22 +  283.4s]         fundaciones 214.0 (1.a en 545.0)  heredados 30.0 (R0_her 0.179)  regalo 0.794 / fund 0.643  saciado sal 0.127  xor01 0.75 (se reporta)  coherentes 19/19  exposiciones {'A': 834.0, 'B': 4254.0, 'C': 937.0, 'D': 2851.0}
[19:24:22 +  283.4s]    PARES_CM      n=19  R0 0.152 [q25 0.1, q75 0.2]  r -202.0 (r>=0 en 0)  desc 35.0  muertes 237.0  cuerpos 238.0  vida 124.0 (fund 119.0 / her 153.0)
[19:24:22 +  283.4s]         fundaciones 202.0 (1.a en 644.0)  heredados 35.0 (R0_her 0.184)  regalo 0.714 / fund 0.571  saciado sal 0.051  xor01 0.75 (se reporta)  coherentes 19/19  exposiciones {'A': 786.0, 'B': 4038.0, 'C': 857.0, 'D': 3217.0}
[19:24:22 +  283.4s]    PARES_VIVO    n=19  R0 0.117 [q25 0.1, q75 0.1]  r -226.0 (r>=0 en 0)  desc 29.0  muertes 252.0  cuerpos 253.0  vida 128.5 (fund 105.0 / her 200.0)
[19:24:22 +  283.4s]         fundaciones 226.0 (1.a en 545.0)  heredados 29.0 (R0_her 0.115)  regalo 0.765 / fund 0.621  saciado sal 0.131  xor01 0.75 (se reporta)  coherentes 19/19  exposiciones {'A': 874.0, 'B': 4208.0, 'C': 962.0, 'D': 2918.0}
[19:24:22 +  283.4s]    BARAJA_CM     n=19  R0 0.145 [q25 0.1, q75 0.2]  r -203.0 (r>=0 en 0)  desc 36.0  muertes 243.0  cuerpos 244.0  vida 106.0 (fund 125.0 / her 62.5)
[19:24:22 +  283.4s]         fundaciones 203.0 (1.a en 644.0)  heredados 35.0 (R0_her 0.128)  regalo 0.719 / fund 0.618  saciado sal 0.053  xor01 0.75 (se reporta)  coherentes 19/19  exposiciones {'A': 797.0, 'B': 3830.0, 'C': 882.0, 'D': 3237.0}
[19:24:22 +  283.4s]    BARAJA_VIVO   n=19  R0 0.119 [q25 0.1, q75 0.1]  r -227.0 (r>=0 en 0)  desc 31.0  muertes 248.0  cuerpos 249.0  vida 97.5 (fund 111.5 / her 83.5)
[19:24:22 +  283.4s]         fundaciones 227.0 (1.a en 545.0)  heredados 31.0 (R0_her 0.094)  regalo 0.818 / fund 0.72  saciado sal 0.127  xor01 0.75 (se reporta)  coherentes 19/19  exposiciones {'A': 876.0, 'B': 4101.0, 'C': 990.0, 'D': 2972.0}
[19:24:22 +  283.4s]    RD03_NADA     n=19  R0 0.069 [q25 0.1, q75 0.1]  r -474.0 (r>=0 en 0)  desc 34.0  muertes 510.0  cuerpos 511.0  vida 19.0 (fund 20.0 / her 14.0)
[19:24:22 +  283.4s]         fundaciones 474.0 (1.a en 644.0)  heredados 34.0 (R0_her 0.031)  regalo 0.633 / fund 0.605  saciado sal 0.059  xor01 0.75 (se reporta)  coherentes 19/19  exposiciones {'A': 828.0, 'B': 3673.0, 'C': 900.0, 'D': 3244.0}
[19:24:22 +  283.4s]    RD03_M1       n=19  R0 0.06 [q25 0.1, q75 0.1]  r -490.0 (r>=0 en 0)  desc 32.0  muertes 533.0  cuerpos 534.0  vida 19.0 (fund 19.0 / her 23.0)
[19:24:22 +  283.4s]         fundaciones 490.0 (1.a en 644.0)  heredados 32.0 (R0_her 0.094)  regalo 0.657 / fund 0.556  saciado sal 0.06  xor01 1.0 (se reporta)  coherentes 19/19  exposiciones {'A': 809.0, 'B': 3715.0, 'C': 876.0, 'D': 3207.0}
[19:24:22 +  283.4s]    RD09_NADA     n=19  R0 0.204 [q25 0.2, q75 0.2]  r -144.0 (r>=0 en 0)  desc 37.0  muertes 178.0  cuerpos 179.0  vida 479.0 (fund 542.0 / her 148.0)
[19:24:22 +  283.4s]         fundaciones 144.0 (1.a en 644.0)  heredados 37.0 (R0_her 0.156)  regalo 0.719 / fund 0.605  saciado sal 0.051  xor01 0.5 (se reporta)  coherentes 19/19  exposiciones {'A': 767.0, 'B': 3978.0, 'C': 847.0, 'D': 3243.0}
[19:24:22 +  283.4s]    RD09_M1       n=19  R0 0.213 [q25 0.2, q75 0.2]  r -132.0 (r>=0 en 0)  desc 36.0  muertes 169.0  cuerpos 170.0  vida 548.5 (fund 535.0 / her 556.5)
[19:24:22 +  283.4s]         fundaciones 132.0 (1.a en 644.0)  heredados 36.0 (R0_her 0.269)  regalo 0.75 / fund 0.5  saciado sal 0.043  xor01 0.75 (se reporta)  coherentes 19/19  exposiciones {'A': 704.0, 'B': 4018.0, 'C': 757.0, 'D': 3267.0}
[19:24:22 +  283.4s]    RX250_NADA    n=19  R0 0.291 [q25 0.3, q75 0.3]  r -238.0 (r>=0 en 0)  desc 96.0  muertes 335.0  cuerpos 336.0  vida 96.0 (fund 132.0 / her 64.0)
[19:24:22 +  283.4s]         fundaciones 238.0 (1.a en 623.0)  heredados 96.0 (R0_her 0.227)  regalo 0.843 / fund 0.644  saciado sal 0.064  xor01 0.5 (se reporta)  coherentes 19/19  exposiciones {'A': 972.0, 'B': 3648.0, 'C': 1060.0, 'D': 3327.0}
[19:24:22 +  283.4s]    RX250_M1      n=19  R0 0.353 [q25 0.3, q75 0.4]  r -198.0 (r>=0 en 0)  desc 108.0  muertes 308.0  cuerpos 309.0  vida 176.5 (fund 89.0 / her 308.0)
[19:24:22 +  283.4s]         fundaciones 198.0 (1.a en 568.0)  heredados 108.0 (R0_her 0.491)  regalo 0.853 / fund 0.46  saciado sal 0.05  xor01 0.75 (se reporta)  coherentes 19/19  exposiciones {'A': 865.0, 'B': 3999.0, 'C': 914.0, 'D': 3198.0}
[19:24:22 +  283.4s]    RN8_NADA      n=19  R0 0.097 [q25 0.1, q75 0.1]  r -357.0 (r>=0 en 0)  desc 38.0  muertes 396.0  cuerpos 397.0  vida 38.0 (fund 40.0 / her 26.0)
[19:24:22 +  283.4s]         fundaciones 357.0 (1.a en 630.0)  heredados 38.0 (R0_her 0.049)  regalo 0.86 / fund 0.829  saciado sal 0.04  xor01 0.75 (se reporta)  coherentes 19/19  exposiciones {'A': 1177.0, 'B': 7339.0, 'C': 1312.0, 'D': 6447.0}
[19:24:22 +  283.4s]    RN8_M1        n=19  R0 0.113 [q25 0.1, q75 0.1]  r -325.0 (r>=0 en 0)  desc 41.0  muertes 367.0  cuerpos 368.0  vida 43.0 (fund 39.0 / her 84.0)
[19:24:22 +  283.4s]         fundaciones 325.0 (1.a en 655.0)  heredados 41.0 (R0_her 0.162)  regalo 0.837 / fund 0.69  saciado sal 0.036  xor01 0.75 (se reporta)  coherentes 19/19  exposiciones {'A': 1143.0, 'B': 7467.0, 'C': 1242.0, 'D': 6196.0}
[19:24:22 +  283.4s]    RC05_NADA     n=19  R0 0.299 [q25 0.2, q75 0.3]  r -137.0 (r>=0 en 0)  desc 59.0  muertes 195.0  cuerpos 196.0  vida 96.0 (fund 124.5 / her 52.5)
[19:24:22 +  283.4s]         fundaciones 137.0 (1.a en 644.0)  heredados 59.0 (R0_her 0.222)  regalo 0.831 / fund 0.656  saciado sal 0.046  xor01 0.75 (se reporta)  coherentes 19/19  exposiciones {'A': 703.0, 'B': 3826.0, 'C': 760.0, 'D': 3425.0}
[19:24:22 +  283.4s]    RC05_M1       n=19  R0 0.462 [q25 0.4, q75 0.5]  r -84.0 (r>=0 en 1)  desc 72.0  muertes 155.0  cuerpos 156.0  vida 366.0 (fund 132.0 / her 597.0)
[19:24:22 +  283.4s]         fundaciones 85.0 (1.a en 856.0)  heredados 72.0 (R0_her 0.597)  regalo 0.844 / fund 0.319  saciado sal 0.027  xor01 1.0 (se reporta)  coherentes 19/19  exposiciones {'A': 606.0, 'B': 4187.0, 'C': 642.0, 'D': 3267.0}
[19:24:22 +  283.4s]    H1-1 ANCLA DEL CONTROL (RENACE tiene que reproducir el bloque 2): mediana R0 RENACE_CM en [0.70, 1.40] y RENACE_VIVO en [0.12, 0.32]; mediana r RENACE_CM en [-50, +25] y RENACE_VIVO en [-115, -45]; frac_regalo RENACE_CM en [0.20, 0.55]. Si cae, el instrumento se movio y NO SE LEE NADA MAS
        -> R0 CM 0.842 / VIVO 0.192; r -11.0 / -79.0; regalo 0.382  PASA (el control ancla)
[19:24:22 +  283.4s]    H1-2 LA MUERTE MATA: mediana R0(NADA_CM) <= 0.35 y R0(NADA_VIVO) <= 0.20; A12(RENACE_CM > NADA_CM) >= 0.90 y A12(RENACE_VIVO > NADA_VIVO) >= 0.85; vida mediana NADA_CM <= 0.60 x RENACE_CM. REFUTA: R0(NADA_CM) >= 0.90 -> borrar la memoria no cambia el linaje: el regalo era energia, no memoria
        -> R0 NADA_CM 0.147, NADA_VIVO 0.108; A12 1.0 / 0.981; vida x0.137  PASA (la muerte mata)
[19:24:22 +  283.4s]    H1-3 LA HERENCIA PAGA: R0(M1_CM) >= 1.30 x R0(NADA_CM) y A12(M1_CM > NADA_CM) >= 0.80 (esto DECIDE, ERR-61); el conteo pareado k/20 >= 15 se reporta AL LADO y no decide. REFUTA: A12 <= 0.60 -> heredar el vector de valores no compra nada
        -> A12 0.672; razon de medianas x1.082; pareado 13/19 (se reporta, no decide: ERR-61)  NO
[19:24:22 +  283.4s]    H1-4 LA PREDICCION QUE DECIDE — BARAJA ~ NADA: |R0(BARAJA_CM) - R0(NADA_CM)| <= 0.10 y 0.35 <= A12(BARAJA_CM > NADA_CM) <= 0.65. REFUTA (a): BARAJA ~ M1 (A12(BARAJA > NADA) >= 0.80 y |R0(BARAJA) - R0(M1)| <= 0.10) -> lo heredable es la MAGNITUD (una cautela), no el contenido: ERR y se dice. REFUTA (b): A12(BARAJA > NADA) <= 0.20 -> heredar valores en los pixeles equivocados es PEOR que no heredar
        -> A12(BARAJA > NADA) 0.464; |R0 BARAJA - NADA| 0.002; |R0 BARAJA - M1| 0.014  PASA: lo que se hereda es el CONTENIDO (la baraja lo destruye)
[19:24:22 +  283.4s]    H1-5 ¿EL VECTOR O EL TOKEN? (H-7): A12(PARES_CM > M1_CM) >= 0.65 y R0(PARES_CM) >= R0(M1_CM). Si A12 <= 0.50 -> el token NO aporta sobre el vector: lo portable entre cuerpos es el VECTOR (las dos direcciones se declaran)
        -> A12(PARES > M1) 0.384; R0 0.152 contra 0.159  lo portable entre cuerpos es el VECTOR (el token no aporta)
[19:24:22 +  283.4s]    H1-6 CLAUSULA DE CIERRE DE H-1: algun brazo con muerte real (principal o rampa) alcanza mediana R0 >= 0.90 con mediana fundadores <= 2 y con su NADA pareado por debajo de 1.0. Si NINGUNO lo alcanza: ERR-62 — este mundo NO SOSTIENE LINAJES MORTALES con estas cuatro perillas, y la linea de evolucion no se corre hasta cambiar el MUNDO (no el umbral). Si alguno lo alcanza, NO se declara aqui: la rampa es busqueda, no evidencia -> bloque nuevo con semillas nuevas
        -> brazos con muerte real y R0 >= 0.9 y fundaciones <= 2: NINGUNO  -> ERR-62: ESTE MUNDO NO SOSTIENE LINAJES MORTALES con estas cuatro perillas
[19:24:22 +  283.4s]    H1-7 SIN EL REGALO (obligatorio): frac_fund = desc_fund/descendientes, mediana <= 0.15 en los cuatro brazos MUERE_CM; frac_regalo se reporta en los diez principales. REFUTA: frac_fund > 0.35 en algun MUERE -> el regalo del renacer sigue financiando las ventanas y la medida no esta limpia
        -> frac_fund {'NADA_CM': 0.667, 'M1_CM': 0.542, 'PARES_CM': 0.571, 'BARAJA_CM': 0.618}  REFUTADA: el regalo sigue financiando
[19:24:22 +  283.4s]    H1-8 SEGURIDAD Y CONTABILIDAD: coherencia contable 20/20 en los veinte brazos; cola_desborde 0 en 20/20; exposiciones[A] NADA_CM >= 0.50 x RENACE_CM. xor01 se REPORTA sin puerta en los brazos MUERE (la tabla es de un MOSAICO de cuerpos, no de un individuo: usarla de puerta seria vocabulario inflado)
        -> coherentes min 19/19; desbordes 0; comida x1.538  PASA
[19:24:22 +  283.4s] 
[19:24:22 +  283.4s] VEREDICTO: Con la muerte que BORRA la memoria del individuo, el linaje no se reemplaza: R0 cae muy por debajo de 1 (H1-2). H1-3 no concluyente. BARAJA ~ NADA: lo que se hereda es el CONTENIDO del vector, no su magnitud (H1-4, la prediccion que decide). Lo portable entre cuerpos es el VECTOR: el token no aporta (H1-5). NINGUNA de las cuatro perillas lleva el linaje mortal a R0 ~ 1: ERR-62 — este mundo NO SOSTIENE LINAJES MORTALES y la linea de evolucion no se corre hasta cambiar el MUNDO. H1-7 cae: el regalo sigue financiando, la medida no esta limpia. Contabilidad y mundo intactos (H1-8). 20 semillas no cierran nada: piden la replica en 721-740 (regla 12).
[19:24:22 +  283.6s] datos -> vivo_h1_s701-720_20260918_191939.json  sha256_16 = bfaca3d00f58eecd
