[09:14:28 +    0.0s] ARRANQUE PROPOSITO Y REPRODUCCION (mundo vivo, peldano 2): brazos ['VIVO', 'REP_SIN_COSTE', 'REP', 'CUELLO', 'CUELLO_MIN', 'UNA_NEC', 'ESCALAR', 'BARAJA_CON', 'BARAJA_POL'], semillas 221-240, T=100000. Pool(14).
[09:14:28 +    0.0s] 20 semillas no cierran nada: cierran o refutan ESTE mecanismo y piden la replica (241-260).
[09:14:28 +    0.0s]     sha preregistro            af94aa28a8948020
[09:14:28 +    0.0s]     sha script                 d8ff689c6dd544d0
[09:14:28 +    0.0s]     sha constructor            693826b02c03b848
[09:14:28 +    0.0s]     sha instrumento            aa823d56c2d4213c
[09:14:28 +    0.0s]     sha arnes                  440fc917155dd994
[09:14:28 +    0.0s]     sha origen_organismo_vivo  20c0961c79de8825
[09:14:28 +    0.0s]     sha origen_organismo_v14   feefc88b1fd8d434
[09:14:28 +    0.0s]     sha mini                   f3e86cbe6c17e6d7
[09:14:28 +    0.0s]     sha corre_vivo             0bce2ae090fcb0a7
[09:14:28 +    0.0s] REGLA 10 — alias estructurales de codigo en 221-240 (calculados sin simular): [236]  (preregistro: 221-240 -> [236]; 241-260 -> [260])
[09:14:29 +    0.4s] REGLA 11 — procesos python vivos (2), este es pid 12548
[09:14:29 +    0.6s] ETAPA 1/2 — IDENTIDAD interna (5 casos x 3 semillas = 15 comprobaciones de 2 x 20000 pasos). (D) y (E) DEBEN fallar: sin ellos la etapa pasa por vacuidad.
[09:14:35 +    6.1s]     (A) apagada (reproduccion=0) == organismo_vivo VIVO                3/3
[09:14:35 +    6.1s]     (B) cadena: rep(vivo=0, n_nec=1) == organismo_v14                  3/3
[09:14:35 +    6.1s]     (C) medida de solo lectura: claves viejas == organismo_vivo VIVO   3/3
[09:14:35 +    6.1s]     (D) tercera necesidad != organismo_vivo VIVO (DEBE fallar)         3/3
[09:14:35 +    6.1s]     (E) CUELLO != organismo_vivo VIVO (DEBE fallar)                    3/3
[09:14:35 +    6.1s]   IDENTIDAD 15/15
[09:14:35 +    6.1s] ETAPA 2/2 — principal: 180 corridas de 100000 pasos (9 brazos x 20 semillas)...
[09:14:52 +   23.3s]           20/180
[09:15:01 +   32.7s]           40/180
[09:15:18 +   49.8s]           60/180
[09:15:28 +   59.7s]           80/180
[09:15:44 +   75.4s]           100/180
[09:15:52 +   83.8s]           120/180
[09:16:03 +   94.7s]           140/180
[09:16:19 +  110.9s]           160/180
[09:16:34 +  125.1s]           180/180
[09:16:34 +  125.1s] 
[09:16:34 +  125.1s] ANALISIS — medianas por brazo y los umbrales EXACTOS del preregistro (A12 sin parear, razon de medianas, cuartiles).
[09:16:34 +  125.1s] --- CONJUNTO COMPLETO: semillas 221-240 (n=20) ---
[09:16:34 +  125.1s]    VIVO          n=20  desc 20.0 [q25 18.0, q75 22.0]  viable 0.356  muertes 100.0 [E 53.5, agua 49.5]  xor01 1.0  celdas 4.0/4  exp_tabla 9.0  err_peor 0.0
[09:16:34 +  125.1s]         saciado tasa {'A': 0.997, 'B': 0.001, 'C': 0.847, 'D': 0.797} (n con >=20 decisiones {'A': 20, 'B': 20, 'C': 20, 'D': 20})   W fila 2 None   exposiciones {'A': 822.5, 'B': 5599.5, 'C': 873.5, 'D': 2021.5}
[09:16:34 +  125.1s]    REP_SIN_COSTE n=20  desc 55.0 [q25 48.2, q75 60.5]  viable 0.549  muertes 75.0 [E 30.0, agua 44.0]  xor01 1.0  celdas 4.0/4  exp_tabla 9.0  err_peor 0.0
[09:16:34 +  125.1s]         saciado tasa {'A': 0.971, 'B': 0.012, 'C': 0.967, 'D': 0.007} (n con >=20 decisiones {'A': 20, 'B': 20, 'C': 20, 'D': 20})   W fila 2 {'A': 0.43, 'B': -1.72, 'C': 0.495, 'D': -1.72}   exposiciones {'A': 569.0, 'B': 3798.0, 'C': 555.5, 'D': 3832.5}
[09:16:34 +  125.1s]    REP           n=20  desc 54.5 [q25 50.2, q75 57.0]  viable 0.495  muertes 107.0 [E 47.0, agua 60.5]  xor01 1.0  celdas 4.0/4  exp_tabla 9.0  err_peor 0.0
[09:16:34 +  125.1s]         saciado tasa {'A': 0.964, 'B': 0.015, 'C': 0.964, 'D': 0.007} (n con >=20 decisiones {'A': 20, 'B': 20, 'C': 20, 'D': 20})   W fila 2 {'A': 0.52, 'B': -1.55, 'C': 0.49, 'D': -1.865}   exposiciones {'A': 628.0, 'B': 3896.5, 'C': 603.5, 'D': 3748.0}
[09:16:34 +  125.1s]    CUELLO        n=20  desc 6.5 [q25 4.2, q75 7.8]  viable 0.328  muertes 96.5 [E 41.0, agua 53.5]  xor01 1.0  celdas 4.0/4  exp_tabla 12.0  err_peor 0.0
[09:16:34 +  125.1s]         saciado tasa {'A': 0.923, 'B': 0.247, 'C': 0.913, 'D': 0.269} (n con >=20 decisiones {'A': 20, 'B': 20, 'C': 20, 'D': 20})   W fila 2 None   exposiciones {'A': 1011.0, 'B': 4041.5, 'C': 999.0, 'D': 3495.0}
[09:16:34 +  125.1s]    CUELLO_MIN    n=20  desc 65.5 [q25 59.2, q75 68.8]  viable 0.555  muertes 76.0 [E 32.5, agua 39.0]  xor01 1.0  celdas 4.0/4  exp_tabla 10.0  err_peor 0.0
[09:16:34 +  125.1s]         saciado tasa {'A': 0.856, 'B': 0.001, 'C': 0.839, 'D': 0.001} (n con >=20 decisiones {'A': 20, 'B': 20, 'C': 20, 'D': 20})   W fila 2 None   exposiciones {'A': 516.0, 'B': 4090.5, 'C': 536.0, 'D': 3500.0}
[09:16:34 +  125.1s]    UNA_NEC       n=20  desc 13.0 [q25 10.0, q75 15.0]  viable 0.231  muertes 137.5 [E 47.5, agua 90.0]  xor01 0.5  celdas 2.0/4  exp_tabla None  err_peor 0.13
[09:16:34 +  125.1s]         saciado tasa {'A': 1.0, 'B': 0.001, 'C': 0.843, 'D': 0.681} (n con >=20 decisiones {'A': 20, 'B': 20, 'C': 20, 'D': 20})   W fila 2 None   exposiciones {'A': 328.5, 'B': 7346.5, 'C': 364.5, 'D': 404.0}
[09:16:34 +  125.1s]    ESCALAR       n=20  desc 36.0 [q25 30.2, q75 39.0]  viable 0.468  muertes 149.5 [E 70.5, agua 78.0]  xor01 0.5  celdas 2.0/4  exp_tabla None  err_peor 1.92
[09:16:34 +  125.1s]         saciado tasa {'A': 0.992, 'B': 0.01, 'C': 0.913, 'D': 0.032} (n con >=20 decisiones {'A': 20, 'B': 20, 'C': 20, 'D': 20})   W fila 2 None   exposiciones {'A': 474.0, 'B': 4620.5, 'C': 493.5, 'D': 3017.5}
[09:16:34 +  125.1s]    BARAJA_CON    n=20  desc 39.5 [q25 36.0, q75 45.5]  viable 0.486  muertes 159.5 [E 81.5, agua 78.5]  xor01 0.5  celdas 3.0/4  exp_tabla 10.5  err_peor 1.75
[09:16:34 +  125.1s]         saciado tasa {'A': 0.96, 'B': 0.018, 'C': 0.956, 'D': 0.017} (n con >=20 decisiones {'A': 20, 'B': 20, 'C': 20, 'D': 20})   W fila 2 None   exposiciones {'A': 505.0, 'B': 3759.5, 'C': 514.5, 'D': 3825.0}
[09:16:34 +  125.1s]    BARAJA_POL    n=20  desc 1.0 [q25 0.0, q75 1.0]  viable 0.378  muertes 372.5 [E 184.0, agua 189.0]  xor01 1.0  celdas 4.0/4  exp_tabla 9.0  err_peor 0.0
[09:16:34 +  125.1s]         saciado tasa {'A': 0.92, 'B': 0.409, 'C': 0.919, 'D': 0.412} (n con >=20 decisiones {'A': 20, 'B': 20, 'C': 20, 'D': 20})   W fila 2 None   exposiciones {'A': 1819.5, 'B': 3473.0, 'C': 1798.0, 'D': 3437.5}
[09:16:34 +  125.1s]    P-R1 la medida ordena como la supervivencia: A12(desc VIVO > UNA_NEC) >= 0.70; A12(UNA_NEC > BARAJA_POL) >= 0.80; A12(VIVO > ESCALAR) >= 0.70; A12(VIVO > BARAJA_CON) >= 0.70 (cualquiera < 0.50: la medida se tira)
        -> A12 VIVO>UNA_NEC 0.93, UNA_NEC>BARAJA_POL 1.0, VIVO>ESCALAR 0.007, VIVO>BARAJA_CON 0.0  SE TIRA LA MEDIDA
[09:16:34 +  125.1s]    P-R2 saciado, la sal: mediana sac_tasa[D] VIVO >= 0.60; REP_SIN_COSTE <= 0.25; REP <= 0.25; A12(REP_SIN_COSTE < VIVO) >= 0.90 (refuta: REP_SIN_COSTE >= 0.40)
        -> medianas VIVO 0.797, REP_SIN_COSTE 0.007, REP 0.007; A12 1.0  PASA
[09:16:34 +  125.1s]    P-R3 sin pagar: desc REP_SIN_COSTE vs VIVO A12 >= 0.75 y razon de medianas >= 1.5; pasos_viables A12 >= 0.75, razon >= 1.3 (refuta: A12 <= 0.60)
        -> desc: A12 1.0, razon de medianas 2.75 (q75 VIVO 22.0 / q25 REP_SIN_COSTE 48.2); pasos_viables: A12 1.0, razon 1.542  PASA
[09:16:34 +  125.1s]    P-R4 pagando: desc REP >= 0.5 x REP_SIN_COSTE (razon de medianas) y A12(REP > VIVO) >= 0.60 (refuta: < 0.50)
        -> REP / REP_SIN_COSTE 0.991; A12(REP > VIVO) 1.0  PASA
[09:16:34 +  125.1s]    P-R5 Occam (CUELLO): desc A12(REP_SIN_COSTE > CUELLO) >= 0.65; sac_tasa[D]: A12(REP_SIN_COSTE < CUELLO) >= 0.75 y A12(CUELLO < VIVO) >= 0.75; mediana CUELLO <= 0.50 (refuta: A12 desc <= 0.55 -> la tercera fila sobra)
        -> desc A12(REP_SIN_COSTE > CUELLO) 1.0 (medianas 55.0 / 6.5); sal: A12(REP_SIN_COSTE < CUELLO) 1.0, A12(CUELLO < VIVO) 1.0, mediana CUELLO 0.269  PASA
[09:16:34 +  125.1s]    P-R5b Occam, el control que puede ganar (CUELLO_MIN; ERR-39): DECIDE desc A12(REP_SIN_COSTE > CUELLO_MIN) >= 0.65 (<= 0.55: la tercera fila sobra); ademas CUELLO_MIN veta la sal como REP (mediana sac_tasa[D] <= 0.25; no se predice orden entre los dos) y la FIRMA de la tercera fila es el valor positivo aprendido de comida y agua: sac_tasa[A] y sac_tasa[C] A12(REP_SIN_COSTE > CUELLO_MIN) >= 0.75 (0.98 contra 0.84 por la ecuacion de la boca)
        -> desc A12(REP_SIN_COSTE > CUELLO_MIN) 0.146 (medianas 55.0 / 65.5); sal CUELLO_MIN 0.001; comida A12 1.0 (medianas (0.971, 0.856)); agua A12 1.0 (medianas (0.967, 0.839))  LA TERCERA FILA SOBRA
[09:16:34 +  125.1s]    P-R6 seguridad: en REP y REP_SIN_COSTE xor01 = 1.0 en >= 18/20, celdas estrictas 4/4 en >= 18/20, exp_tabla <= 1.5 x VIVO; muertes A12(REP_SIN_COSTE < VIVO) >= 0.50; REP <= 1.5 x VIVO (razon de medianas)
        -> REP_SIN_COSTE xor 20/20 celdas 20/20 exp_tabla x1.0; REP xor 20/20 celdas 20/20 exp_tabla x1.0; muertes A12(REP_SIN_COSTE < VIVO) 0.966, REP/VIVO 1.07  PASA
[09:16:34 +  125.1s]    P-R7 tabla de la fila 2: A >= +0.3, C >= +0.3, B <= -1.0, D <= -1.0 en >= 18/20 (REP_SIN_COSTE y REP)
        -> REP_SIN_COSTE 12/20, REP 16/20  NO
[09:16:34 +  125.1s]    P-R8 coste en el mundo: exposiciones[D] REP_SIN_COSTE <= 3 x VIVO y exposiciones[A] >= 0.7 x VIVO (medianas)
        -> sal x1.896, comida x0.692  NO
[09:16:34 +  125.1s] --- SUBCONJUNTO LIMPIAS (sin [236]; regla 10): semillas 221-240 (n=19) ---
[09:16:34 +  125.1s]    VIVO          n=19  desc 20.0 [q25 18.0, q75 22.0]  viable 0.361  muertes 100.0 [E 53.0, agua 49.0]  xor01 1.0  celdas 4.0/4  exp_tabla 9.0  err_peor 0.0
[09:16:34 +  125.1s]         saciado tasa {'A': 0.997, 'B': 0.001, 'C': 0.847, 'D': 0.795} (n con >=20 decisiones {'A': 19, 'B': 19, 'C': 19, 'D': 19})   W fila 2 None   exposiciones {'A': 824.0, 'B': 5564.0, 'C': 877.0, 'D': 2036.0}
[09:16:34 +  125.1s]    REP_SIN_COSTE n=19  desc 55.0 [q25 48.0, q75 59.0]  viable 0.547  muertes 75.0 [E 31.0, agua 44.0]  xor01 1.0  celdas 4.0/4  exp_tabla 9.0  err_peor 0.0
[09:16:34 +  125.1s]         saciado tasa {'A': 0.972, 'B': 0.012, 'C': 0.968, 'D': 0.007} (n con >=20 decisiones {'A': 19, 'B': 19, 'C': 19, 'D': 19})   W fila 2 {'A': 0.45, 'B': -1.69, 'C': 0.49, 'D': -1.72}   exposiciones {'A': 570.0, 'B': 3799.0, 'C': 552.0, 'D': 3836.0}
[09:16:34 +  125.1s]    REP           n=19  desc 54.0 [q25 50.0, q75 57.0]  viable 0.498  muertes 107.0 [E 47.0, agua 60.0]  xor01 1.0  celdas 4.0/4  exp_tabla 9.0  err_peor 0.0
[09:16:34 +  125.1s]         saciado tasa {'A': 0.964, 'B': 0.015, 'C': 0.965, 'D': 0.007} (n con >=20 decisiones {'A': 19, 'B': 19, 'C': 19, 'D': 19})   W fila 2 {'A': 0.51, 'B': -1.57, 'C': 0.51, 'D': -1.91}   exposiciones {'A': 625.0, 'B': 3881.0, 'C': 602.0, 'D': 3730.0}
[09:16:34 +  125.1s]    CUELLO        n=19  desc 7.0 [q25 4.0, q75 8.0]  viable 0.33  muertes 96.0 [E 40.0, agua 54.0]  xor01 1.0  celdas 4.0/4  exp_tabla 13.0  err_peor 0.0
[09:16:34 +  125.1s]         saciado tasa {'A': 0.924, 'B': 0.246, 'C': 0.914, 'D': 0.268} (n con >=20 decisiones {'A': 19, 'B': 19, 'C': 19, 'D': 19})   W fila 2 None   exposiciones {'A': 1014.0, 'B': 4007.0, 'C': 1000.0, 'D': 3499.0}
[09:16:34 +  125.1s]    CUELLO_MIN    n=19  desc 64.0 [q25 59.0, q75 69.0]  viable 0.554  muertes 76.0 [E 32.0, agua 38.0]  xor01 1.0  celdas 4.0/4  exp_tabla 11.0  err_peor 0.0
[09:16:34 +  125.1s]         saciado tasa {'A': 0.856, 'B': 0.001, 'C': 0.84, 'D': 0.001} (n con >=20 decisiones {'A': 19, 'B': 19, 'C': 19, 'D': 19})   W fila 2 None   exposiciones {'A': 512.0, 'B': 4085.0, 'C': 535.0, 'D': 3503.0}
[09:16:34 +  125.1s]    UNA_NEC       n=19  desc 13.0 [q25 10.0, q75 15.0]  viable 0.235  muertes 138.0 [E 48.0, agua 90.0]  xor01 0.5  celdas 2.0/4  exp_tabla None  err_peor 0.13
[09:16:34 +  125.1s]         saciado tasa {'A': 1.0, 'B': 0.001, 'C': 0.846, 'D': 0.679} (n con >=20 decisiones {'A': 19, 'B': 19, 'C': 19, 'D': 19})   W fila 2 None   exposiciones {'A': 326.0, 'B': 7322.0, 'C': 363.0, 'D': 405.0}
[09:16:34 +  125.1s]    ESCALAR       n=19  desc 36.0 [q25 30.0, q75 39.0]  viable 0.469  muertes 149.0 [E 70.0, agua 77.0]  xor01 0.5  celdas 2.0/4  exp_tabla None  err_peor 1.91
[09:16:34 +  125.1s]         saciado tasa {'A': 0.993, 'B': 0.01, 'C': 0.916, 'D': 0.034} (n con >=20 decisiones {'A': 19, 'B': 19, 'C': 19, 'D': 19})   W fila 2 None   exposiciones {'A': 474.0, 'B': 4656.0, 'C': 481.0, 'D': 3014.0}
[09:16:34 +  125.1s]    BARAJA_CON    n=19  desc 39.0 [q25 36.0, q75 46.0]  viable 0.485  muertes 160.0 [E 82.0, agua 79.0]  xor01 0.5  celdas 3.0/4  exp_tabla 10.0  err_peor 1.72
[09:16:34 +  125.1s]         saciado tasa {'A': 0.964, 'B': 0.018, 'C': 0.957, 'D': 0.017} (n con >=20 decisiones {'A': 19, 'B': 19, 'C': 19, 'D': 19})   W fila 2 None   exposiciones {'A': 501.0, 'B': 3757.0, 'C': 516.0, 'D': 3845.0}
[09:16:34 +  125.1s]    BARAJA_POL    n=19  desc 1.0 [q25 0.0, q75 1.0]  viable 0.378  muertes 368.0 [E 182.0, agua 187.0]  xor01 1.0  celdas 4.0/4  exp_tabla 9.0  err_peor 0.0
[09:16:34 +  125.1s]         saciado tasa {'A': 0.919, 'B': 0.409, 'C': 0.919, 'D': 0.41} (n con >=20 decisiones {'A': 19, 'B': 19, 'C': 19, 'D': 19})   W fila 2 None   exposiciones {'A': 1818.0, 'B': 3460.0, 'C': 1796.0, 'D': 3429.0}
[09:16:34 +  125.1s]    P-R1 la medida ordena como la supervivencia: A12(desc VIVO > UNA_NEC) >= 0.70; A12(UNA_NEC > BARAJA_POL) >= 0.80; A12(VIVO > ESCALAR) >= 0.70; A12(VIVO > BARAJA_CON) >= 0.70 (cualquiera < 0.50: la medida se tira)
        -> A12 VIVO>UNA_NEC 0.928, UNA_NEC>BARAJA_POL 1.0, VIVO>ESCALAR 0.008, VIVO>BARAJA_CON 0.0  SE TIRA LA MEDIDA
[09:16:34 +  125.1s]    P-R2 saciado, la sal: mediana sac_tasa[D] VIVO >= 0.60; REP_SIN_COSTE <= 0.25; REP <= 0.25; A12(REP_SIN_COSTE < VIVO) >= 0.90 (refuta: REP_SIN_COSTE >= 0.40)
        -> medianas VIVO 0.795, REP_SIN_COSTE 0.007, REP 0.007; A12 1.0  PASA
[09:16:34 +  125.1s]    P-R3 sin pagar: desc REP_SIN_COSTE vs VIVO A12 >= 0.75 y razon de medianas >= 1.5; pasos_viables A12 >= 0.75, razon >= 1.3 (refuta: A12 <= 0.60)
        -> desc: A12 1.0, razon de medianas 2.75 (q75 VIVO 22.0 / q25 REP_SIN_COSTE 48.0); pasos_viables: A12 1.0, razon 1.513  PASA
[09:16:34 +  125.1s]    P-R4 pagando: desc REP >= 0.5 x REP_SIN_COSTE (razon de medianas) y A12(REP > VIVO) >= 0.60 (refuta: < 0.50)
        -> REP / REP_SIN_COSTE 0.982; A12(REP > VIVO) 1.0  PASA
[09:16:34 +  125.1s]    P-R5 Occam (CUELLO): desc A12(REP_SIN_COSTE > CUELLO) >= 0.65; sac_tasa[D]: A12(REP_SIN_COSTE < CUELLO) >= 0.75 y A12(CUELLO < VIVO) >= 0.75; mediana CUELLO <= 0.50 (refuta: A12 desc <= 0.55 -> la tercera fila sobra)
        -> desc A12(REP_SIN_COSTE > CUELLO) 1.0 (medianas 55.0 / 7.0); sal: A12(REP_SIN_COSTE < CUELLO) 1.0, A12(CUELLO < VIVO) 1.0, mediana CUELLO 0.268  PASA
[09:16:34 +  125.1s]    P-R5b Occam, el control que puede ganar (CUELLO_MIN; ERR-39): DECIDE desc A12(REP_SIN_COSTE > CUELLO_MIN) >= 0.65 (<= 0.55: la tercera fila sobra); ademas CUELLO_MIN veta la sal como REP (mediana sac_tasa[D] <= 0.25; no se predice orden entre los dos) y la FIRMA de la tercera fila es el valor positivo aprendido de comida y agua: sac_tasa[A] y sac_tasa[C] A12(REP_SIN_COSTE > CUELLO_MIN) >= 0.75 (0.98 contra 0.84 por la ecuacion de la boca)
        -> desc A12(REP_SIN_COSTE > CUELLO_MIN) 0.109 (medianas 55.0 / 64.0); sal CUELLO_MIN 0.001; comida A12 1.0 (medianas (0.972, 0.856)); agua A12 1.0 (medianas (0.968, 0.84))  LA TERCERA FILA SOBRA
[09:16:34 +  125.1s]    P-R6 seguridad: en REP y REP_SIN_COSTE xor01 = 1.0 en >= 18/20, celdas estrictas 4/4 en >= 18/20, exp_tabla <= 1.5 x VIVO; muertes A12(REP_SIN_COSTE < VIVO) >= 0.50; REP <= 1.5 x VIVO (razon de medianas)
        -> REP_SIN_COSTE xor 19/19 celdas 19/19 exp_tabla x1.0; REP xor 19/19 celdas 19/19 exp_tabla x1.0; muertes A12(REP_SIN_COSTE < VIVO) 0.963, REP/VIVO 1.07  PASA
[09:16:34 +  125.1s]    P-R7 tabla de la fila 2: A >= +0.3, C >= +0.3, B <= -1.0, D <= -1.0 en >= 18/20 (REP_SIN_COSTE y REP)
        -> REP_SIN_COSTE 12/19, REP 15/19  NO
[09:16:34 +  125.2s]    P-R8 coste en el mundo: exposiciones[D] REP_SIN_COSTE <= 3 x VIVO y exposiciones[A] >= 0.7 x VIVO (medianas)
        -> sal x1.884, comida x0.692  NO
[09:16:34 +  125.2s] 
[09:16:34 +  125.2s] VEREDICTO: LA MEDIDA SE TIRA: descendientes_viables no ordena los brazos como la supervivencia (P-R1 < 0.50). Nada mas se lee.
[09:16:34 +  125.2s] datos -> vivo_rep_s221-240_20260918_091428.json  sha256_16 = 4a3096492a1ddcfc
