  sha organismo_v14 (TRONCO congelado)     feefc88b1fd8d434
  sha organismo_vivo.py                    20c0961c79de8825
  sha organismo_vivo_rep.py                aa823d56c2d4213c
  sha organismo_vivo_rep2.py (origen)      96feb4918dc5d694
  sha construye_vivo_h1.py                 07da8128adc82f4e
  sha organismo_vivo_h1.py                 9e99ff87b5e2db1e
  T = 20000, semillas (1, 2), dote 0.6, UN proceso

(A) APAGADA (muerte_real=0, h1=0): organismo_vivo_h1 == organismo_vivo_rep2, todas las claves, 7 brazos del bloque 2
  [   4.7s] (A) VIVO                                                         2/2 IDENTICO
  [  11.0s] (A) CUELLO_MIN                                                   2/2 IDENTICO
  [  16.7s] (A) REP_SIN_COSTE                                                2/2 IDENTICO
  [  21.4s] (A) UNA_NEC                                                      2/2 IDENTICO
  [  26.6s] (A) ESCALAR                                                      2/2 IDENTICO
  [  32.5s] (A) BARAJA_CON                                                   2/2 IDENTICO
  [  38.5s] (A) BARAJA_POL                                                   2/2 IDENTICO

(B) CADENA hacia atras
  [  44.4s] (B1) reproduccion=0 (VIVO) == organismo_vivo                     2/2 IDENTICO
  [  51.0s] (B2) TODAS las perillas H-1 encendidas con la maestra apagada (inertes) 2/2 IDENTICO
  [  56.8s] (B3) vivo=0, n_nec=1 == organismo_v14 (TRONCO)                   2/2 IDENTICO

(C) ENCENDIDA de solo lectura (h1=1, muerte_real=0): claves viejas bit a bit + exactamente 15 nuevas
  [  63.1s] (C) VIVO + h1                                                    2/2 IDENTICO
        VIVO         s1: muertes 21, desc 3, suma(vidas_h1) 20000 = T -> coherente
        VIVO         s2: muertes 23, desc 4, suma(vidas_h1) 20000 = T -> coherente
  [  72.2s] (C) CUELLO_MIN + h1                                              2/2 IDENTICO
        CUELLO_MIN   s1: muertes 12, desc 13, suma(vidas_h1) 20000 = T -> coherente
        CUELLO_MIN   s2: muertes 14, desc 14, suma(vidas_h1) 20000 = T -> coherente

(D) ANTES DE LA PRIMERA MUERTE: con muerte_real=1, T = paso de la primera muerte -> IDENTICO a rep2
        VIVO         primera muerte en t = {1: 349, 2: 119}
  [  78.5s] (D) VIVO muerte_real=1 hasta la primera muerte                   2/2 IDENTICO
        CUELLO_MIN   primera muerte en t = {1: 349, 2: 119}
  [  81.3s] (D) CUELLO_MIN muerte_real=1 hasta la primera muerte             2/2 IDENTICO

(E) MUERE DE VERDAD: coherencia contable en los cuatro modos de herencia (CUELLO_MIN)
        nada      s1: nac 55 = muertes 55; desc 8 (fundaciones 47, heredados 8, regalo 5); R0 0.143  -> coherente
        nada      s2: nac 48 = muertes 48; desc 6 (fundaciones 42, heredados 6, regalo 4); R0 0.122  -> coherente
        M1        s1: nac 58 = muertes 58; desc 7 (fundaciones 51, heredados 7, regalo 6); R0 0.119  -> coherente
        M1        s2: nac 53 = muertes 53; desc 7 (fundaciones 46, heredados 7, regalo 5); R0 0.130  -> coherente
        M1+pares  s1: nac 57 = muertes 57; desc 9 (fundaciones 48, heredados 9, regalo 6); R0 0.155  -> coherente
        M1+pares  s2: nac 53 = muertes 53; desc 4 (fundaciones 49, heredados 4, regalo 3); R0 0.074  -> coherente
        baraja    s1: nac 49 = muertes 49; desc 8 (fundaciones 41, heredados 8, regalo 4); R0 0.160  -> coherente
        baraja    s2: nac 51 = muertes 51; desc 7 (fundaciones 44, heredados 7, regalo 5); R0 0.135  -> coherente

(F) DETERMINISMO (los rng derivados son funcion de (seed, k), no del reloj)
        nada      dos llamadas identicas -> IGUAL
        baraja    dos llamadas identicas -> IGUAL

(G) EL BARAJADO BARAJA (permutacion nueva por parto, rng propio)
        nada      nacimientos heredados   8, permutaciones identidad   0 -> OK
        M1        nacimientos heredados   7, permutaciones identidad   0 -> OK
        M1+pares  nacimientos heredados   9, permutaciones identidad   0 -> OK
        baraja    nacimientos heredados   8, permutaciones identidad   0 -> OK

(H) CONTROLES QUE DEBEN FALLAR (si alguno sale IDENTICO, la perilla es inerte y el instrumento esta roto)
  [ 112.2s] (H) NADA != RENACE                                               2/2 DIFIERE (como debe)
  [ 118.9s] (H) M1 != NADA                                                   2/2 DIFIERE (como debe)
  [ 125.5s] (H) M1+PARES != M1                                               2/2 DIFIERE (como debe)
  [ 132.1s] (H) BARAJA != M1                                                 2/2 DIFIERE (como debe)
  [ 138.4s] (H) dote 0.3 != dote 0.6 (NADA)                                  2/2 DIFIERE (como debe)

(I) GUARDIAS: seis combinaciones prohibidas deben lanzar SystemExit
        hereda desconocido         -> SystemExit (como debe)
        hereda sin muerte_real     -> SystemExit (como debe)
        muerte_real sin h1         -> SystemExit (como debe)
        h1 sin rep2                -> SystemExit (como debe)
        dote >= rep_umbral         -> SystemExit (como debe)
        dote con rep_coste         -> SystemExit (como debe)

IDENTIDAD 62/62  -> el paquete puede correr.
