[05:30:16 +    0.0s] ARRANQUE bloque 4 (¿el cuello de XOR es la regla?). brazos ['TRONCO', 'DOS_NUM', 'DOS_NUM_WTA', 'ETA_1'], lecturas ['oraculo01', 'cuadratica'], reglas ['xor01', 'px0', 'azar'], semillas 81-100. Pool(14).
[05:30:16 +    0.0s] BASE {'T': 100000, 'mundo': 'regla', 'puerta': 3, 'constante': True, 'regla_lenta': 'delta_signo', 'lam_lenta': 0.0}
[05:30:16 +    0.0s]    brazo TRONCO       {'eta_s': 0.015, 'clip_s': 3.0}
[05:30:16 +    0.0s]    brazo DOS_NUM      {'eta_s': 0.15, 'clip_s': 10.0}
[05:30:16 +    0.0s]    brazo DOS_NUM_WTA  {'eta_s': 0.15, 'clip_s': 10.0, 'seleccion': 'wta', 'sel_theta': 0.3, 'sel_rho': 0.02, 'sel_cupo': 1, 'sel_estad': 'cond'}
[05:30:16 +    0.0s]    brazo ETA_1        {'eta_s': 1.0, 'clip_s': 10.0}
[05:30:16 +    0.0s] sha preregistro b8f3a148041753cc  script cfd7d4567420a51e  organismo_v13q5 fae9c32b146fdbb4  construye_v13q5 e1eb48547b4f8131  organismo_v13q4 3cc732dd2b2519cd  organismo_v13q3 aaebe073308a40c2
[05:30:17 +    0.4s] REGLA 11 — procesos python vivos (3), este es pid 30784
[05:30:17 +    0.6s] ETAPA 1/4 — identidad: organismo_v13q5(seleccion=None, lab=False) == organismo_v13q3 (9 corridas, T=60000)...
[05:30:25 +    8.4s]    identicos: 9/9   claves nuevas: ['lab', 'lenta_eventos', 'fase2_en', 'seleccion', 'sel_estad', 'sel_theta', 'sel_rho', 'sel_cupo', 'sel_abre', 'sel_abiertos', 'sel_e', 'sel_n']
[05:30:25 +    8.4s] ETAPA 2/4 — 480 corridas de T=100000...
[05:30:47 +   30.4s]           40/480
[05:31:10 +   53.3s]           80/480
[05:31:33 +   76.5s]           120/480
[05:31:56 +   99.8s]           160/480
[05:32:19 +  122.4s]           200/480
[05:32:41 +  145.0s]           240/480
[05:33:00 +  164.1s]           280/480
[05:33:23 +  186.5s]           320/480
[05:33:45 +  209.1s]           360/480
[05:34:07 +  231.0s]           400/480
[05:34:30 +  253.3s]           440/480
[05:34:52 +  275.4s]           480/480
[05:34:52 +  275.4s] ETAPA 3/4 — tabla. acc = valor total a priori en nunca vistos; acc_lenta = via lenta sola.
[05:34:52 +  275.4s]    oraculo01   TRONCO       xor01  acc 0.562  acc_lenta 0.625 [0.31,1.00]  abre P0*P1 0/20  Ws(P0*P1) -1.21  max|Ws| 1.21  eventos 317  clases sin morder 2/20
[05:34:52 +  275.4s]    oraculo01   TRONCO       px0    acc 0.800  acc_lenta 1.000 [1.00,1.00]  abre P0*P1 0/20  Ws(P0*P1) 0.75  max|Ws| 1.71  eventos 316  clases sin morder 0/20
[05:34:52 +  275.4s]    oraculo01   TRONCO       azar   acc 0.500  acc_lenta 0.550 [0.30,0.90]  abre P0*P1 0/20  Ws(P0*P1) 0.13  max|Ws| 0.91  eventos 316  clases sin morder 3/20
[05:34:52 +  275.4s]    oraculo01   DOS_NUM      xor01  acc 0.750  acc_lenta 1.000 [0.62,1.00]  abre P0*P1 0/20  Ws(P0*P1) -5.07  max|Ws| 5.07  eventos 270  clases sin morder 3/20
[05:34:52 +  275.4s]    oraculo01   DOS_NUM      px0    acc 0.900  acc_lenta 1.000 [1.00,1.00]  abre P0*P1 0/20  Ws(P0*P1) 0.83  max|Ws| 3.54  eventos 262  clases sin morder 0/20
[05:34:52 +  275.4s]    oraculo01   DOS_NUM      azar   acc 0.450  acc_lenta 0.500 [0.30,0.90]  abre P0*P1 0/20  Ws(P0*P1) -0.45  max|Ws| 2.34  eventos 286  clases sin morder 3/20
[05:34:52 +  275.4s]    oraculo01   DOS_NUM_WTA  xor01  acc 0.688  acc_lenta 0.875 [0.62,1.00]  abre P0*P1 20/20  Ws(P0*P1) -3.45  max|Ws| 4.16  eventos 264  clases sin morder 3/20
[05:34:52 +  275.4s]    oraculo01   DOS_NUM_WTA  px0    acc 0.900  acc_lenta 1.000 [1.00,1.00]  abre P0*P1 1/20  Ws(P0*P1) 0.00  max|Ws| 3.90  eventos 257  clases sin morder 0/20
[05:34:52 +  275.4s]    oraculo01   DOS_NUM_WTA  azar   acc 0.500  acc_lenta 0.500 [0.30,0.90]  abre P0*P1 19/20  Ws(P0*P1) 0.00  max|Ws| 1.78  eventos 279  clases sin morder 3/20
[05:34:52 +  275.4s]    oraculo01   ETA_1        xor01  acc 0.500  acc_lenta 0.500 [0.50,0.69]  abre P0*P1 0/20  Ws(P0*P1) -4.00  max|Ws| 7.00  eventos 10  clases sin morder 12/20
[05:34:52 +  275.4s]    oraculo01   ETA_1        px0    acc 0.500  acc_lenta 0.500 [0.50,0.80]  abre P0*P1 0/20  Ws(P0*P1) -1.50  max|Ws| 9.00  eventos 16  clases sin morder 4/20
[05:34:52 +  275.4s]    oraculo01   ETA_1        azar   acc 0.500  acc_lenta 0.500 [0.30,0.80]  abre P0*P1 0/20  Ws(P0*P1) -1.00  max|Ws| 6.50  eventos 12  clases sin morder 11/20
[05:34:52 +  275.4s]    cuadratica  TRONCO       xor01  acc 0.500  acc_lenta 0.500 [0.25,0.69]  abre P0*P1 0/20  Ws(P0*P1) -0.98  max|Ws| 1.04  eventos 292  clases sin morder 2/20
[05:34:52 +  275.4s]    cuadratica  TRONCO       px0    acc 0.800  acc_lenta 1.000 [0.90,1.00]  abre P0*P1 0/20  Ws(P0*P1) 0.45  max|Ws| 1.11  eventos 282  clases sin morder 0/20
[05:34:52 +  275.5s]    cuadratica  TRONCO       azar   acc 0.500  acc_lenta 0.500 [0.30,0.90]  abre P0*P1 0/20  Ws(P0*P1) 0.11  max|Ws| 1.05  eventos 306  clases sin morder 3/20
[05:34:52 +  275.5s]    cuadratica  DOS_NUM      xor01  acc 0.500  acc_lenta 0.500 [0.31,0.69]  abre P0*P1 0/20  Ws(P0*P1) -1.66  max|Ws| 1.68  eventos 231  clases sin morder 5/20
[05:34:52 +  275.5s]    cuadratica  DOS_NUM      px0    acc 0.900  acc_lenta 1.000 [0.90,1.00]  abre P0*P1 0/20  Ws(P0*P1) 0.53  max|Ws| 1.36  eventos 198  clases sin morder 0/20
[05:34:52 +  275.5s]    cuadratica  DOS_NUM      azar   acc 0.500  acc_lenta 0.600 [0.20,0.90]  abre P0*P1 0/20  Ws(P0*P1) -0.02  max|Ws| 1.92  eventos 211  clases sin morder 3/20
[05:34:52 +  275.5s]    cuadratica  DOS_NUM_WTA  xor01  acc 0.562  acc_lenta 0.625 [0.38,0.88]  abre P0*P1 11/20  Ws(P0*P1) -0.97  max|Ws| 3.30  eventos 214  clases sin morder 5/20
[05:34:52 +  275.5s]    cuadratica  DOS_NUM_WTA  px0    acc 0.900  acc_lenta 1.000 [1.00,1.00]  abre P0*P1 0/20  Ws(P0*P1) 0.00  max|Ws| 3.11  eventos 244  clases sin morder 0/20
[05:34:52 +  275.5s]    cuadratica  DOS_NUM_WTA  azar   acc 0.500  acc_lenta 0.500 [0.30,0.90]  abre P0*P1 2/20  Ws(P0*P1) 0.00  max|Ws| 2.80  eventos 236  clases sin morder 3/20
[05:34:52 +  275.5s]    cuadratica  ETA_1        xor01  acc 0.500  acc_lenta 0.500 [0.50,0.50]  abre P0*P1 0/20  Ws(P0*P1) 0.00  max|Ws| 5.00  eventos 2  clases sin morder 19/20
[05:34:52 +  275.5s]    cuadratica  ETA_1        px0    acc 0.500  acc_lenta 0.500 [0.50,0.50]  abre P0*P1 0/20  Ws(P0*P1) 0.00  max|Ws| 7.00  eventos 3  clases sin morder 20/20
[05:34:52 +  275.5s]    cuadratica  ETA_1        azar   acc 0.500  acc_lenta 0.500 [0.50,0.50]  abre P0*P1 0/20  Ws(P0*P1) 0.00  max|Ws| 4.50  eventos 2  clases sin morder 19/20
[05:34:52 +  275.5s] EXPOSICIONES — acc_lenta con los primeros n encuentros (mediana); n* = primer n con mediana >= 0.75.
[05:34:52 +  275.5s]    oraculo01:      10     20     40     60    100    150    200    300    400    600   n*(>=0.75) / n*(>=0.65)
[05:34:52 +  275.5s]       TRONCO        0.500  0.500  0.500  0.500  0.500  0.625  0.625  0.625  1.000    n/a   400 / 400
[05:34:52 +  275.5s]       DOS_NUM       0.500  0.500  0.688  0.656  0.688  1.000  1.000  1.000    n/a    n/a   150 / 40
[05:34:52 +  275.5s]       DOS_NUM_WTA   0.500  0.500  0.500  0.625  0.688  0.688  1.000  1.000    n/a    n/a   200 / 100
[05:34:52 +  275.5s]       ETA_1         0.500  0.500  0.625  0.656    n/a    n/a    n/a    n/a    n/a    n/a   >600 / 60
[05:34:52 +  275.5s]    cuadratica:      10     20     40     60    100    150    200    300    400    600   n*(>=0.75) / n*(>=0.65)
[05:34:52 +  275.5s]       TRONCO        0.500  0.500  0.500  0.500  0.500  0.438  0.500  0.375    n/a    n/a   >600 / >600
[05:34:52 +  275.5s]       DOS_NUM       0.500  0.469  0.500  0.500  0.500  0.500  0.531    n/a    n/a    n/a   >600 / >600
[05:34:52 +  275.5s]       DOS_NUM_WTA   0.500  0.500  0.469  0.500  0.562  0.531  0.562    n/a    n/a    n/a   >600 / >600
[05:34:52 +  275.5s]       ETA_1         0.500    n/a    n/a    n/a    n/a    n/a    n/a    n/a    n/a    n/a   >600 / >600
[05:34:52 +  275.5s] ETAPA 4/4 — criterios del preregistro.
[05:34:52 +  275.5s]    V1 oraculo DOS_NUM acc_lenta 1.000 >= .90 y > TRONCO en 16/20            OK
[05:34:52 +  275.5s]    V2 cuadratica DOS_NUM acc_lenta 0.500 <= .65 (el techo son los RASGOS)     OK
[05:34:52 +  275.5s]    V3 WTA abre P0*P1 en 11/20 (cuadratica) >= 15                               NO
[05:34:52 +  275.5s]    V4 ETA_1 < DOS_NUM en 20/20 >= 14 (el control que debe EMPEORAR)            OK
[05:34:52 +  275.5s]       V4 comparable (preregistro §7): ETA_1 mantiene 10 eventos >= 100   NO — ETA_1 no es comparable: cambio la CONDUCTA, no solo el optimizador
[05:34:52 +  275.5s]    V5 px0 = 1.000 y azar en [.35,.65] en todos: NO — px0 oraculo01/ETA_1=0.500; px0 cuadratica/ETA_1=0.500
[05:34:52 +  275.5s] VEREDICTO bloque 4: NO: las dos constantes no bastan (mirar V1/V4/V5)
[05:34:52 +  275.5s] RECORDATORIO: este bloque NO autoriza el cambio del tronco. Eso lo decide el CONTROL QUE PUEDE FALLAR: bateria_v14_e015c10.py (>= 19/20 en las seis etapas) y bateria_generaliza_A.py organismo_v14_e015c10 (G1 >= 0.80, G2 >= 0.85, K 20/20).
[05:34:52 +  275.5s] datos -> xor_4_s81-100_20260918_053016.json  sha256_16 = 0e5722530398e651
