[22:55:35 +    0.0s] ARRANQUE bloque 3d (regla fusionada del trio: phi' + Ws con signo + decaimiento). brazos ['LINEAL', 'CUAD_2C', 'CUAD_DELTA', 'CUAD_DELTA_SIN_CTE', 'LIN_DELTA', 'RANDOM15_DELTA'], reglas ['xor01', 'px0', 'azar'], semillas 41-60. Pool(14).
[22:55:35 +    0.0s] BASE {'T': 100000, 'mundo': 'regla', 'eta_s': 0.015, 'puerta': 3, 'lam_lenta': 0.002}  (lam_lenta y T van juntos: calibrado en ~331 actualizaciones pre-sonda)
[22:55:35 +    0.0s] sha preregistro ea2a90b13d82776a  script bc868cab724c3a22  construye 1bd4264f155bf3d9  organismo_v13q3 b71bbe41a7326aaf  organismo_v13q 0b59eb03858df3a8
[22:55:36 +    0.4s] REGLA 11 — procesos python vivos (4), este es pid 18540
[22:55:36 +    0.6s] ETAPA 1/3 — identidad: v13q3(dos_canales, constante=False) == organismo_v13q en todas las claves (12 corridas, T=60000)...
[22:55:45 +    9.9s]   identicos: 12/12   claves nuevas de v13q3 (no entran en la identidad): ['Ws', 'Ws_apriori', 'regla_lenta', 'constante', 'lam_lenta']
[22:55:45 +    9.9s] ETAPA 2/3 — 360 corridas de T=100000...
[22:56:08 +   32.2s]           30/360
[22:56:24 +   48.2s]           60/360
[22:56:40 +   64.2s]           90/360
[22:56:56 +   80.9s]           120/360
[22:57:13 +   97.4s]           150/360
[22:57:29 +  113.9s]           180/360
[22:57:46 +  130.7s]           210/360
[22:58:07 +  151.5s]           240/360
[22:58:24 +  168.7s]           270/360
[22:58:40 +  185.0s]           300/360
[22:58:56 +  200.5s]           330/360
[22:59:11 +  215.9s]           360/360
[22:59:11 +  216.0s] ETAPA 3/3 — analisis. acc = valor total a priori en nunca vistos; acc_lenta = via lenta sola; Ws(.) = pesos EN LA SONDA.
[22:59:11 +  216.0s]    LINEAL              xor01 acc 0.375  acc_lenta 0.344 [0.25,0.62]  ba 0.410  cobertura 12  celdas 67  muertes 120  Ws(P0) +0.03  Ws(P1) -0.45  Ws(P0*P1)   n/a  Ws(cte)   n/a
[22:59:11 +  216.0s]    LINEAL              px0   acc 0.800  acc_lenta 1.000 [0.60,1.00]  ba 0.824  cobertura 10  celdas 56  muertes 138  Ws(P0) +1.71  Ws(P1) -0.50  Ws(P0*P1)   n/a  Ws(cte)   n/a
[22:59:11 +  216.0s]    LINEAL              azar  acc 0.450  acc_lenta 0.400 [0.20,0.80]  ba 0.475  cobertura 10  celdas 62  muertes 136  Ws(P0) -0.14  Ws(P1) -0.10  Ws(P0*P1)   n/a  Ws(cte)   n/a
[22:59:11 +  216.0s]    CUAD_2C             xor01 acc 0.562  acc_lenta 0.500 [0.31,0.81]  ba 0.437  cobertura 12  celdas 67  muertes 122  Ws(P0) -0.11  Ws(P1) -0.39  Ws(P0*P1) -1.16  Ws(cte)   n/a
[22:59:11 +  216.0s]    CUAD_2C             px0   acc 0.800  acc_lenta 1.000 [0.60,1.00]  ba 0.815  cobertura 10  celdas 56  muertes 132  Ws(P0) +1.04  Ws(P1) -0.42  Ws(P0*P1) +0.41  Ws(cte)   n/a
[22:59:11 +  216.0s]    CUAD_2C             azar  acc 0.500  acc_lenta 0.500 [0.30,0.80]  ba 0.418  cobertura 10  celdas 60  muertes 137  Ws(P0) -0.20  Ws(P1) -0.17  Ws(P0*P1) -0.01  Ws(cte)   n/a
[22:59:11 +  216.0s]    CUAD_DELTA          xor01 acc 0.500  acc_lenta 0.500 [0.25,0.81]  ba 0.461  cobertura 12  celdas 68  muertes 126  Ws(P0) -0.00  Ws(P1) -0.29  Ws(P0*P1) -0.83  Ws(cte) -0.08
[22:59:11 +  216.0s]    CUAD_DELTA          px0   acc 0.800  acc_lenta 1.000 [0.70,1.00]  ba 0.822  cobertura 10  celdas 58  muertes 138  Ws(P0) +0.91  Ws(P1) -0.28  Ws(P0*P1) +0.36  Ws(cte) -0.17
[22:59:11 +  216.0s]    CUAD_DELTA          azar  acc 0.500  acc_lenta 0.500 [0.30,0.80]  ba 0.485  cobertura 10  celdas 61  muertes 133  Ws(P0) -0.07  Ws(P1) -0.07  Ws(P0*P1) +0.13  Ws(cte) -0.11
[22:59:11 +  216.0s]    CUAD_DELTA_SIN_CTE  xor01 acc 0.531  acc_lenta 0.500 [0.25,0.69]  ba 0.457  cobertura 12  celdas 66  muertes 126  Ws(P0) -0.00  Ws(P1) -0.27  Ws(P0*P1) -0.91  Ws(cte)   n/a
[22:59:11 +  216.0s]    CUAD_DELTA_SIN_CTE  px0   acc 0.800  acc_lenta 1.000 [0.80,1.00]  ba 0.807  cobertura 10  celdas 57  muertes 136  Ws(P0) +0.84  Ws(P1) -0.31  Ws(P0*P1) +0.36  Ws(cte)   n/a
[22:59:11 +  216.0s]    CUAD_DELTA_SIN_CTE  azar  acc 0.500  acc_lenta 0.500 [0.30,0.70]  ba 0.435  cobertura 10  celdas 62  muertes 135  Ws(P0) -0.19  Ws(P1) -0.12  Ws(P0*P1) +0.10  Ws(cte)   n/a
[22:59:11 +  216.0s]    LIN_DELTA           xor01 acc 0.406  acc_lenta 0.406 [0.19,0.50]  ba 0.414  cobertura 12  celdas 68  muertes 122  Ws(P0) -0.04  Ws(P1) -0.43  Ws(P0*P1)   n/a  Ws(cte) +0.05
[22:59:11 +  216.0s]    LIN_DELTA           px0   acc 0.800  acc_lenta 1.000 [0.70,1.00]  ba 0.766  cobertura 10  celdas 56  muertes 142  Ws(P0) +1.45  Ws(P1) -0.37  Ws(P0*P1)   n/a  Ws(cte) -0.13
[22:59:11 +  216.0s]    LIN_DELTA           azar  acc 0.500  acc_lenta 0.500 [0.20,0.70]  ba 0.506  cobertura 10  celdas 62  muertes 134  Ws(P0) -0.12  Ws(P1) -0.13  Ws(P0*P1)   n/a  Ws(cte) -0.04
[22:59:11 +  216.0s]    RANDOM15_DELTA      xor01 acc 0.500  acc_lenta 0.469 [0.12,0.69]  ba 0.457  cobertura 12  celdas 67  muertes 118  Ws(P0) -0.00  Ws(P1) -0.20  Ws(P0*P1)   n/a  Ws(cte) -0.09
[22:59:11 +  216.0s]    RANDOM15_DELTA      px0   acc 0.700  acc_lenta 0.700 [0.50,1.00]  ba 0.651  cobertura 10  celdas 56  muertes 136  Ws(P0) +0.86  Ws(P1) -0.19  Ws(P0*P1)   n/a  Ws(cte) -0.12
[22:59:11 +  216.0s]    RANDOM15_DELTA      azar  acc 0.400  acc_lenta 0.400 [0.10,0.80]  ba 0.455  cobertura 10  celdas 62  muertes 140  Ws(P0) -0.17  Ws(P1) -0.09  Ws(P0*P1)   n/a  Ws(cte) -0.06
[22:59:11 +  216.0s]    Z1 CUAD_DELTA xor01 acc_lenta>=.70 y >CUAD_2C en 5/20  NO
[22:59:11 +  216.0s]    Z2 controles LIN_DELTA<=.60 y RANDOM15_DELTA<=.60          OK
[22:59:11 +  216.0s]    Z3 regresion px0>=.65 y azar en [.35,.65] (acc y acc_lenta) OK
[22:59:11 +  216.0s]    Z4 mecanismo Ws(P0)>0, Ws(P1)>0, Ws(P0*P1)<0 en 1/20    NO  (lectura, no requisito)
[22:59:11 +  216.0s] VEREDICTO 3d: NO (ver cual de Z1-Z3 cayo)
[22:59:11 +  216.0s]    CURVA preregistrada — CUAD_DELTA xor01 por clases XOR sin morder antes de la sonda:
[22:59:11 +  216.0s]       0 clase(s) sin morder: n=17  acc_lenta mediana 0.500 [0.25,0.81]
[22:59:11 +  216.0s]       1 clase(s) sin morder: n= 3  acc_lenta mediana 0.625 [0.50,0.62]
[22:59:11 +  216.0s] datos -> xor_3d_s41-60_20260917_225535.json  sha256_16 = 3e2489b1b02d4f19
