[17:24:07] ECO_SEL_ING eco_sel_ing_serie_s46101-46120_T1000000 · T 1000000 · brazos {'ING_F1': ('MUT0', 'FABRICA_ECO', None), 'ING_SEL_C': ('CEREBRO', 'FABRICA_ECO', None), 'ING_AZA_C': ('CEREBRO_AZAR', 'FABRICA_ECO', None)} · pool 6 · motor GEMELO motor_frio_rapido · shas {'corre_eco_sel_ing.py': 'cc7e8c0377f4ed88', 'nucleo_eco_sel_ing.py': 'c2189f9d22b72386', 'construye_eco_sel_ing.py': '8c74739584d602a0', 'PREREGISTRO_eco_sel_ing.md': '761604d173ab6811', 'eco_sel/nucleo_eco_sel.py': '6a36e47ce61db3e1', 'eco_sel/corre_eco_sel.py': '74aff2f668c2c97a', 'frio/corre_frio.py': '3ba8b0f5cf1fbbfa', 'frio/motor_frio_rapido.py': 'ff9d890a5cce9dec', 'juaco_eco/corre_eco_v12.py': '1340d268e1fd93d8', 'juaco_eco/corre_eco.py': '47d9cee4d6462116', 'juaco_eco/motor_eco.py': 'bca3033878b59622', 'juaco_eco/carros/FAMB_RES0_ECO.py': '94ea78589bc2ce24', 'juaco_eco/carros/FABRICA_ECO.py': 'f1163009cb5193a2'}
[17:27:08] [1/60] ING_SEL_C s46102: K 102.1 · K_nac 17.876248 · fund_2a 80293 · persiste 1 · bloqueados 0 · aborto None (178.7 s; 180 s)
[17:27:09] [2/60] ING_SEL_C s46101: K 101.13 · K_nac 16.49501 · fund_2a 85506 · persiste 1 · bloqueados 0 · aborto None (179.5 s; 181 s)
[17:27:10] [3/60] ING_SEL_C s46106: K 101.62 · K_nac 17.025948 · fund_2a 85958 · persiste 1 · bloqueados 0 · aborto None (181.2 s; 183 s)
[17:27:10] [4/60] ING_SEL_C s46105: K 101.03 · K_nac 16.287425 · fund_2a 88494 · persiste 1 · bloqueados 0 · aborto None (181.3 s; 183 s)
[17:27:11] [5/60] ING_SEL_C s46104: K 100.87 · K_nac 15.558882 · fund_2a 86636 · persiste 1 · bloqueados 0 · aborto None (181.4 s; 183 s)
[17:27:11] [6/60] ING_SEL_C s46103: K 100.82 · K_nac 15.62475 · fund_2a 89513 · persiste 1 · bloqueados 0 · aborto None (181.9 s; 184 s)
[17:30:16] [7/60] ING_SEL_C s46108: K 100.99 · K_nac 16.057884 · fund_2a 87030 · persiste 1 · bloqueados 0 · aborto None (187.4 s; 369 s)
[17:30:16] [8/60] ING_SEL_C s46107: K 100.13 · K_nac 14.467066 · fund_2a 91397 · persiste 1 · bloqueados 0 · aborto None (188.3 s; 369 s)
[17:30:18] [9/60] ING_SEL_C s46110: K 101.14 · K_nac 16.698603 · fund_2a 85717 · persiste 1 · bloqueados 0 · aborto None (186.9 s; 370 s)
[17:30:19] [10/60] ING_SEL_C s46109: K 101.58 · K_nac 17.221557 · fund_2a 86566 · persiste 1 · bloqueados 0 · aborto None (188.3 s; 371 s)
[17:30:20] [11/60] ING_SEL_C s46111: K 101.03 · K_nac 15.834331 · fund_2a 88446 · persiste 1 · bloqueados 0 · aborto None (188.8 s; 372 s)
[17:30:21] [12/60] ING_SEL_C s46112: K 100.63 · K_nac 15.644711 · fund_2a 89624 · persiste 1 · bloqueados 0 · aborto None (189.5 s; 373 s)
[17:33:03] [13/60] ING_SEL_C s46113: K 100.35 · K_nac 14.44511 · fund_2a 91028 · persiste 1 · bloqueados 0 · aborto None (166.8 s; 536 s)
[17:33:07] [14/60] ING_SEL_C s46114: K 102.34 · K_nac 18.550898 · fund_2a 82248 · persiste 1 · bloqueados 0 · aborto None (170.2 s; 539 s)
[17:33:09] [15/60] ING_SEL_C s46118: K 100.19 · K_nac 14.694611 · fund_2a 88840 · persiste 1 · bloqueados 0 · aborto None (167.9 s; 541 s)
[17:33:10] [16/60] ING_SEL_C s46117: K 101.85 · K_nac 17.363273 · fund_2a 80623 · persiste 1 · bloqueados 0 · aborto None (170.6 s; 543 s)
[17:33:11] [17/60] ING_SEL_C s46115: K 101.03 · K_nac 16.10978 · fund_2a 89308 · persiste 1 · bloqueados 0 · aborto None (173.0 s; 543 s)
[17:33:12] [18/60] ING_SEL_C s46116: K 100.27 · K_nac 15.423154 · fund_2a 91328 · persiste 1 · bloqueados 0 · aborto None (173.0 s; 545 s)
[17:35:52] [19/60] ING_SEL_C s46119: K 101.38 · K_nac 16.047904 · fund_2a 84409 · persiste 1 · bloqueados 0 · aborto None (168.6 s; 705 s)
[17:35:54] [20/60] ING_AZA_C s46101: K 91.23 · K_nac 2.051896 · fund_2a 112557 · persiste 1 · bloqueados 0 · aborto None (164.6 s; 706 s)
[17:35:55] [21/60] ING_AZA_C s46103: K 91.73 · K_nac 3.169661 · fund_2a 119484 · persiste 1 · bloqueados 0 · aborto None (164.0 s; 708 s)
[17:35:56] [22/60] ING_SEL_C s46120: K 101.53 · K_nac 16.814371 · fund_2a 85158 · persiste 1 · bloqueados 0 · aborto None (169.0 s; 709 s)
[17:36:05] [23/60] ING_AZA_C s46102: K 92.19 · K_nac 3.407186 · fund_2a 117538 · persiste 1 · bloqueados 0 · aborto None (174.5 s; 718 s)
[17:36:14] [24/60] ING_AZA_C s46104: K 94.96 · K_nac 6.361277 · fund_2a 136402 · persiste 1 · bloqueados 0 · aborto None (181.9 s; 727 s)
[17:39:07] [25/60] ING_AZA_C s46105: K 94.4 · K_nac 5.510978 · fund_2a 134081 · persiste 1 · bloqueados 0 · aborto None (194.9 s; 900 s)
[17:39:15] [26/60] ING_AZA_C s46108: K 94.77 · K_nac 7.686627 · fund_2a 116845 · persiste 1 · bloqueados 0 · aborto None (199.2 s; 908 s)
[17:39:16] [27/60] ING_AZA_C s46107: K 96.94 · K_nac 12.027944 · fund_2a 123262 · persiste 1 · bloqueados 0 · aborto None (201.2 s; 909 s)
[17:39:17] [28/60] ING_AZA_C s46106: K 93.75 · K_nac 5.181637 · fund_2a 135378 · persiste 1 · bloqueados 0 · aborto None (203.6 s; 910 s)
[17:39:21] [29/60] ING_AZA_C s46109: K 93.84 · K_nac 7.792415 · fund_2a 123750 · persiste 1 · bloqueados 0 · aborto None (195.8 s; 914 s)
[17:39:28] [30/60] ING_AZA_C s46110: K 92.66 · K_nac 5.528942 · fund_2a 124249 · persiste 1 · bloqueados 0 · aborto None (193.7 s; 921 s)
[17:41:44] [31/60] ING_AZA_C s46111: K 93.36 · K_nac 5.06986 · fund_2a 125513 · persiste 1 · bloqueados 0 · aborto None (156.6 s; 1056 s)
[17:41:52] [32/60] ING_AZA_C s46114: K 95.13 · K_nac 7.904192 · fund_2a 112706 · persiste 1 · bloqueados 0 · aborto None (154.7 s; 1065 s)
[17:42:04] [33/60] ING_AZA_C s46113: K 94.39 · K_nac 7.906188 · fund_2a 125466 · persiste 1 · bloqueados 0 · aborto None (167.6 s; 1077 s)
[17:42:06] [34/60] ING_AZA_C s46112: K 98.53 · K_nac 12.429142 · fund_2a 113372 · persiste 1 · bloqueados 0 · aborto None (170.6 s; 1079 s)
[17:42:14] [35/60] ING_AZA_C s46116: K 93.65 · K_nac 4.626747 · fund_2a 139162 · persiste 1 · bloqueados 0 · aborto None (165.7 s; 1086 s)
[17:42:14] [36/60] ING_AZA_C s46115: K 95.91 · K_nac 10.702595 · fund_2a 125879 · persiste 1 · bloqueados 0 · aborto None (172.7 s; 1087 s)
[17:44:40] [37/60] ING_AZA_C s46117: K 97.62 · K_nac 12.229541 · fund_2a 119264 · persiste 1 · bloqueados 0 · aborto None (175.8 s; 1232 s)
[17:44:41] [38/60] ING_AZA_C s46118: K 98.82 · K_nac 12.441118 · fund_2a 114406 · persiste 1 · bloqueados 0 · aborto None (168.3 s; 1233 s)
[17:44:57] [39/60] ING_AZA_C s46119: K 98.17 · K_nac 13.866267 · fund_2a 115287 · persiste 1 · bloqueados 0 · aborto None (172.6 s; 1250 s)
[17:45:03] [40/60] ING_F1 s46101: K 96.09 · K_nac 12.43513 · fund_2a 128416 · persiste 1 · bloqueados 0 · aborto None (168.9 s; 1256 s)
[17:45:04] [41/60] ING_F1 s46102: K 96.25 · K_nac 12.694611 · fund_2a 128141 · persiste 1 · bloqueados 0 · aborto None (169.9 s; 1257 s)
[17:45:10] [42/60] ING_AZA_C s46120: K 99.39 · K_nac 13.095808 · fund_2a 117146 · persiste 1 · bloqueados 0 · aborto None (183.8 s; 1263 s)
[17:47:27] [43/60] ING_F1 s46104: K 96.22 · K_nac 12.177645 · fund_2a 128150 · persiste 1 · bloqueados 0 · aborto None (165.5 s; 1399 s)
[17:47:31] [44/60] ING_F1 s46103: K 96.27 · K_nac 12.558882 · fund_2a 128378 · persiste 1 · bloqueados 0 · aborto None (170.8 s; 1403 s)
[17:47:46] [45/60] ING_F1 s46105: K 96.3 · K_nac 12.56487 · fund_2a 129267 · persiste 1 · bloqueados 0 · aborto None (168.9 s; 1419 s)
[17:47:55] [46/60] ING_F1 s46106: K 96.28 · K_nac 12.46507 · fund_2a 128622 · persiste 1 · bloqueados 0 · aborto None (172.2 s; 1428 s)
[17:47:58] [47/60] ING_F1 s46107: K 96.28 · K_nac 12.473054 · fund_2a 129004 · persiste 1 · bloqueados 0 · aborto None (173.5 s; 1430 s)
[17:48:03] [48/60] ING_F1 s46108: K 96.23 · K_nac 12.387226 · fund_2a 128987 · persiste 1 · bloqueados 0 · aborto None (172.7 s; 1436 s)
[17:50:15] [49/60] ING_F1 s46109: K 96.13 · K_nac 12.592814 · fund_2a 128280 · persiste 1 · bloqueados 0 · aborto None (168.5 s; 1568 s)
[17:50:26] [50/60] ING_F1 s46110: K 96.37 · K_nac 12.552894 · fund_2a 128944 · persiste 1 · bloqueados 0 · aborto None (174.8 s; 1578 s)
[17:50:36] [51/60] ING_F1 s46111: K 96.2 · K_nac 12.674651 · fund_2a 129251 · persiste 1 · bloqueados 0 · aborto None (169.6 s; 1589 s)
[17:50:50] [52/60] ING_F1 s46112: K 96.11 · K_nac 12.532934 · fund_2a 128674 · persiste 1 · bloqueados 0 · aborto None (174.7 s; 1603 s)
[17:50:53] [53/60] ING_F1 s46113: K 96.13 · K_nac 12.263473 · fund_2a 128113 · persiste 1 · bloqueados 0 · aborto None (174.9 s; 1605 s)
[17:50:58] [54/60] ING_F1 s46114: K 96.41 · K_nac 12.520958 · fund_2a 128615 · persiste 1 · bloqueados 0 · aborto None (174.5 s; 1610 s)
[17:53:04] [55/60] ING_F1 s46115: K 96.34 · K_nac 12.57485 · fund_2a 128471 · persiste 1 · bloqueados 0 · aborto None (168.5 s; 1736 s)
[17:53:19] [56/60] ING_F1 s46116: K 96.26 · K_nac 12.207585 · fund_2a 128900 · persiste 1 · bloqueados 0 · aborto None (172.6 s; 1751 s)
[17:53:24] [57/60] ING_F1 s46117: K 96.22 · K_nac 12.600798 · fund_2a 128641 · persiste 1 · bloqueados 0 · aborto None (167.7 s; 1757 s)
[17:53:40] [58/60] ING_F1 s46118: K 96.33 · K_nac 12.560878 · fund_2a 128232 · persiste 1 · bloqueados 0 · aborto None (168.9 s; 1772 s)
[17:53:41] [59/60] ING_F1 s46119: K 96.45 · K_nac 12.596806 · fund_2a 128553 · persiste 1 · bloqueados 0 · aborto None (168.5 s; 1774 s)
[17:53:45] [60/60] ING_F1 s46120: K 96.35 · K_nac 12.634731 · fund_2a 128456 · persiste 1 · bloqueados 0 · aborto None (167.5 s; 1778 s)
semillas por brazo: {'ING_F1': 20, 'ING_SEL_C': 20, 'ING_AZA_C': 20}; otros brazos: []; persiste en T = 1000000: {'ING_F1': 20, 'ING_SEL_C': 20, 'ING_AZA_C': 20}; abortos: []; t_corte distinto de T (vivero permanente): []; bloqueados: 0; carro distinto de FABRICA_ECO: []
K (media de cuerpos vivos en [T/2, T]), mediana: {'ING_F1': 96.26, 'ING_SEL_C': 101.03, 'ING_AZA_C': 94.58} · K_nac (solo NACIDOS): {'ING_F1': 12.56, 'ING_SEL_C': 16.08, 'ING_AZA_C': 7.74} · fund_2a (fundadores repuestos en la 2a mitad): {'ING_F1': 128584.0, 'ING_SEL_C': 86833.0, 'ING_AZA_C': 121373.0}
V1 la base ingenua esta presente (ING_F1 persiste >= 17/20): SE CUMPLE (20) · V2 los tres brazos nacen ingenuos (carro FABRICA_ECO): SE CUMPLE
V3 genetica declarada: {'ING_F1': (True, [], [], 0), 'ING_SEL_C': (True, [], [], 20), 'ING_AZA_C': (True, [], [], 20)}
P1 firma contra las 8 sombras en t = 100000: rango medio <= 3.5 o >= 6.5 en algun gen de ['alpha', 'aversion', 'tau_e'] en ING_SEL_C: SE CUMPLE ({'alpha': 8.9, 'aversion': 8.15, 'tau_e': 1.3}) · guardia: en ING_AZA_C ningun gen sale: SE CUMPLE ({'alpha': 4.85, 'aversion': 5.15, 'tau_e': 5.85})
P2 ING_SEL_C > ING_F1: K pareado >= 15/20 y mediana >= +1.5 Y K_nac pareado >= 15/20: SE CUMPLE (K 20/20, mediana 4.77; K_nac 20/20, mediana 3.6)
P3 ING_SEL_C > ING_AZA_C: K pareado >= 15/20 Y K_nac pareado >= 15/20: SE CUMPLE (K 20/20, mediana 6.42; K_nac 20/20, mediana 9.31)
P4 establecimiento, fund_2a ING_SEL_C < ING_F1 pareado >= 15/20: SE CUMPLE (20/20, mediana -41614.0) · ING_SEL_C < ING_AZA_C: SE CUMPLE (20/20, mediana -35504.5)
VEREDICTO C POR LA LETRA (una serie): FUNCIONA: CON EL HIJO INGENUO LA SELECCION MUEVE EL CEREBRO Y SUBE LA CAPACIDAD SOBRE LA BASE; SIN HERENCIA NO (en esta serie)
VEREDICTO E (establecimiento) POR LA LETRA (una serie): FUNCIONA: EL LINAJE INGENUO SELECCIONADO NECESITA MENOS FUNDADORES QUE LA BASE Y QUE SU CONTROL SIN HERENCIA (en esta serie)
descriptivo, genes de los vivos en T (mediana sobre semillas): alpha SEL 4.1033 · AZA 1.2092; aversion SEL 1.1315 · AZA 1.6119; tau_e SEL 0.3396 · AZA 0.4737; eta_s SEL 0.1786 · AZA 0.196; hambre_boca SEL 2.9999 · AZA 2.5021; NK SEL 42.3746 · AZA 41.714
descriptivo: K_fund {'ING_F1': 83.7625, 'ING_SEL_C': 84.8862, 'ING_AZA_C': 87.1078} · fundadores repuestos por linaje en toda la corrida {'ING_F1': 2855.3167, 'ING_SEL_C': 1953.5556, 'ING_AZA_C': 2703.8444} · nacimientos 2a mitad {'ING_F1': 23401.5, 'ING_SEL_C': 21201.0, 'ING_AZA_C': 13109.5} · vida media de los nacidos muertos 2a mitad {'ING_F1': 267.55, 'ING_SEL_C': 382.5, 'ING_AZA_C': 279.85} · veneno + sal {'ING_F1': 0.9996, 'ING_SEL_C': 0.9581, 'ING_AZA_C': 0.9867}
[17:53:46] VEREDICTOS: {'C': 'FUNCIONA: CON EL HIJO INGENUO LA SELECCION MUEVE EL CEREBRO Y SUBE LA CAPACIDAD SOBRE LA BASE; SIN HERENCIA NO (en esta serie)', 'E': 'FUNCIONA: EL LINAJE INGENUO SELECCIONADO NECESITA MENOS FUNDADORES QUE LA BASE Y QUE SU CONTROL SIN HERENCIA (en esta serie)'}
