[17:33:38] SUBIDA N6 — mundos {'P': {'ancho': 11, 'alto': 11, 'cierre': 5, 'd_ini': 4}, 'E': {'ancho': 15, 'alto': 13, 'cierre': 6, 'd_ini': 5}} r_vis=1 T=100000 n_tel=40 semillas 6621-6640 brazos 11 pool=6 pid=23580 mundo_subida 484e34db8f2150da
[17:33:38]   regla 14 CIEGO  : 13 campos del 21-sep; difieren ['alto', 'prueba.cierre', 'prueba.d_ini'] (todas declaradas en PREREGISTRO §3)
[17:33:38]   regla 14 CAMINO : 13 campos del 21-sep; difieren ['alto', 'prueba.cierre', 'prueba.d_ini'] (todas declaradas en PREREGISTRO §3)
[17:33:51]   1/220  CIEGO s6622  12.4s
[17:33:52]   2/220  CIEGO s6625  12.8s
[17:33:52]   3/220  CIEGO s6623  13.0s
[17:33:52]   4/220  CIEGO s6621  13.1s
[17:33:52]   5/220  CIEGO s6626  13.5s
[17:33:52]   6/220  CIEGO s6624  13.6s
[17:34:04]   7/220  CIEGO s6628  12.8s
[17:34:05]   8/220  CIEGO s6627  13.5s
[17:34:05]   9/220  CIEGO s6629  13.0s
[17:34:05]   10/220  CIEGO s6631  12.7s
[17:34:05]   11/220  CIEGO s6632  12.9s
[17:34:06]   12/220  CIEGO s6630  13.6s
[17:34:17]   13/220  CIEGO s6633  12.8s
[17:34:17]   14/220  CIEGO s6635  12.5s
[17:34:18]   15/220  CIEGO s6636  12.7s
[17:34:18]   16/220  CIEGO s6637  13.0s
[17:34:18]   17/220  CIEGO s6634  13.6s
[17:34:19]   18/220  CIEGO s6638  13.8s
[17:34:30]   19/220  CIEGO s6639  12.6s
[17:34:30]   20/220  CIEGO s6640  12.7s
[17:34:34]   21/220  CAMINO s6621  16.5s
[17:34:35]   22/220  CAMINO s6623  16.1s
[17:34:35]   23/220  CAMINO s6624  15.2s
[17:34:36]   24/220  CAMINO s6622  18.1s
[17:34:46]   25/220  CAMINO s6626  15.7s
[17:34:49]   26/220  CAMINO s6625  18.9s
[17:34:52]   27/220  CAMINO s6627  17.5s
[17:34:52]   28/220  CAMINO s6629  17.4s
[17:34:54]   29/220  CAMINO s6630  18.0s
[17:34:55]   30/220  CAMINO s6628  20.4s
[17:35:04]   31/220  CAMINO s6631  18.2s
[17:35:07]   32/220  CAMINO s6633  15.6s
[17:35:08]   33/220  CAMINO s6632  19.2s
[17:35:10]   34/220  CAMINO s6634  18.4s
[17:35:11]   35/220  CAMINO s6636  16.3s
[17:35:14]   36/220  CAMINO s6635  19.4s
[17:35:22]   37/220  CAMINO s6637  17.6s
[17:35:23]   38/220  CAMINO s6638  15.7s
[17:35:27]   39/220  CAMINO s6639  18.9s
[17:35:27]   40/220  GRAD s6621  15.8s
[17:35:28]   41/220  CAMINO s6640  17.7s
[17:35:30]   42/220  GRAD s6622  16.5s
[17:35:38]   43/220  GRAD s6623  16.1s
[17:35:44]   44/220  GRAD s6625  16.7s
[17:35:48]   45/220  GRAD s6628  17.8s
[17:35:52]   46/220  GRAD s6624  29.1s
[17:35:54]   47/220  GRAD s6629  16.3s
[17:35:56]   48/220  GRAD s6626  29.0s
[17:35:58]   49/220  GRAD s6627  30.3s
[17:36:01]   50/220  GRAD s6630  17.2s
[17:36:05]   51/220  GRAD s6631  16.9s
[17:36:10]   52/220  GRAD s6632  17.8s
[17:36:11]   53/220  GRAD s6633  16.8s
[17:36:19]   54/220  GRAD s6635  21.0s
[17:36:21]   55/220  GRAD s6636  19.9s
[17:36:21]   56/220  GRAD s6637  16.2s
[17:36:26]   57/220  GRAD s6634  30.2s
[17:36:28]   58/220  GRAD s6639  17.8s
[17:36:36]   59/220  FILTRO s6621  15.7s
[17:36:37]   60/220  GRAD s6640  17.6s
[17:36:39]   61/220  FILTRO s6622  17.4s
[17:36:40]   62/220  FILTRO s6623  14.0s
[17:36:40]   63/220  GRAD s6638  30.5s
[17:36:42]   64/220  FILTRO s6624  13.9s
[17:36:51]   65/220  FILTRO s6626  14.0s
[17:36:52]   66/220  FILTRO s6625  15.4s
[17:36:54]   67/220  FILTRO s6627  14.8s
[17:36:55]   68/220  FILTRO s6629  14.2s
[17:36:57]   69/220  FILTRO s6630  14.6s
[17:36:59]   70/220  FILTRO s6628  18.3s
[17:37:05]   71/220  FILTRO s6631  13.7s
[17:37:08]   72/220  FILTRO s6632  15.6s
[17:37:09]   73/220  FILTRO s6633  15.6s
[17:37:09]   74/220  FILTRO s6634  14.8s
[17:37:12]   75/220  FILTRO s6635  14.6s
[17:37:16]   76/220  FILTRO s6636  17.3s
[17:37:20]   77/220  FILTRO s6637  15.0s
[17:37:21]   78/220  FILTRO s6638  13.8s
[17:37:25]   79/220  FILTRO s6640  15.4s
[17:37:26]   80/220  FILTRO s6639  16.7s
[17:37:26]   81/220  GF s6621  14.6s
[17:37:32]   82/220  GF s6622  15.8s
[17:37:34]   83/220  GF s6623  14.2s
[17:37:36]   84/220  GF s6624  15.1s
[17:37:40]   85/220  GF s6625  15.0s
[17:37:41]   86/220  GF s6626  15.2s
[17:37:41]   87/220  GF s6627  15.3s
[17:37:49]   88/220  GF s6628  17.1s
[17:37:51]   89/220  GF s6629  16.7s
[17:37:54]   90/220  GF s6630  17.2s
[17:37:56]   91/220  GF s6631  16.1s
[17:37:56]   92/220  GF s6632  15.2s
[17:37:58]   93/220  GF s6633  16.3s
[17:38:04]   94/220  GF s6634  15.1s
[17:38:09]   95/220  GF s6635  18.0s
[17:38:11]   96/220  GF s6638  15.1s
[17:38:12]   97/220  GF s6636  18.0s
[17:38:12]   98/220  GF s6637  16.0s
[17:38:14]   99/220  GF s6639  15.9s
[17:38:19]   100/220  GF s6640  14.8s
[17:38:25]   101/220  BRUJULA s6621  16.6s
[17:38:27]   102/220  BRUJULA s6623  15.1s
[17:38:27]   103/220  BRUJULA s6622  15.9s
[17:38:28]   104/220  BRUJULA s6624  16.0s
[17:38:30]   105/220  BRUJULA s6625  16.0s
[17:38:35]   106/220  BRUJULA s6626  16.7s
[17:38:41]   107/220  BRUJULA s6627  15.4s
[17:38:43]   108/220  BRUJULA s6628  16.5s
[17:38:44]   109/220  BRUJULA s6629  16.2s
[17:38:45]   110/220  BRUJULA s6630  17.2s
[17:38:45]   111/220  BRUJULA s6631  15.6s
[17:38:50]   112/220  BRUJULA s6632  15.0s
[17:38:57]   113/220  BRUJULA s6633  16.7s
[17:38:58]   114/220  BRUJULA s6634  14.6s
[17:39:01]   115/220  BRUJULA s6635  17.8s
[17:39:02]   116/220  BRUJULA s6637  16.3s
[17:39:03]   117/220  BRUJULA s6636  17.6s
[17:39:07]   118/220  BRUJULA s6638  16.6s
[17:39:13]   119/220  BRUJULA s6640  15.2s
[17:39:13]   120/220  BRUJULA s6639  15.9s
[17:39:16]   121/220  BARAJADO s6621  14.4s
[17:39:17]   122/220  BARAJADO s6623  14.3s
[17:39:17]   123/220  BARAJADO s6622  15.8s
[17:39:22]   124/220  BARAJADO s6624  15.1s
[17:39:28]   125/220  BARAJADO s6625  15.4s
[17:39:29]   126/220  BARAJADO s6626  15.6s
[17:39:31]   127/220  BARAJADO s6627  15.2s
[17:39:33]   128/220  BARAJADO s6629  15.5s
[17:39:33]   129/220  BARAJADO s6628  16.0s
[17:39:38]   130/220  BARAJADO s6630  16.3s
[17:39:43]   131/220  BARAJADO s6632  13.9s
[17:39:43]   132/220  BARAJADO s6631  14.9s
[17:39:46]   133/220  BARAJADO s6634  13.4s
[17:39:47]   134/220  BARAJADO s6633  15.8s
[17:39:49]   135/220  BARAJADO s6635  16.4s
[17:39:55]   136/220  BARAJADO s6636  16.3s
[17:39:58]   137/220  BARAJADO s6638  14.4s
[17:39:58]   138/220  BARAJADO s6637  15.1s
[17:40:01]   139/220  BARAJADO s6640  14.4s
[17:40:01]   140/220  BARAJADO s6639  14.9s
[17:40:03]   141/220  INVERTIDO s6621  13.4s
[17:40:10]   142/220  INVERTIDO s6622  15.1s
[17:40:12]   143/220  INVERTIDO s6623  14.0s
[17:40:12]   144/220  INVERTIDO s6624  14.2s
[17:40:16]   145/220  INVERTIDO s6625  14.8s
[17:40:16]   146/220  INVERTIDO s6626  14.9s
[17:40:17]   147/220  INVERTIDO s6627  14.5s
[17:40:26]   148/220  INVERTIDO s6628  16.5s
[17:40:27]   149/220  INVERTIDO s6629  15.0s
[17:40:28]   150/220  INVERTIDO s6630  16.2s
[17:40:30]   151/220  INVERTIDO s6632  13.9s
[17:40:31]   152/220  INVERTIDO s6631  15.0s
[17:40:33]   153/220  INVERTIDO s6633  15.8s
[17:40:40]   154/220  INVERTIDO s6634  13.9s
[17:40:43]   155/220  INVERTIDO s6635  16.4s
[17:40:44]   156/220  INVERTIDO s6636  16.2s
[17:40:45]   157/220  INVERTIDO s6637  14.9s
[17:40:46]   158/220  INVERTIDO s6638  14.7s
[17:40:48]   159/220  INVERTIDO s6639  15.2s
[17:40:55]   160/220  INVERTIDO s6640  14.5s
[17:40:57]   161/220  PLACEBO s6621  14.3s
[17:40:59]   162/220  PLACEBO s6623  14.0s
[17:40:59]   163/220  PLACEBO s6622  15.0s
[17:41:00]   164/220  PLACEBO s6624  14.8s
[17:41:03]   165/220  PLACEBO s6625  14.5s
[17:41:10]   166/220  PLACEBO s6626  14.9s
[17:41:12]   167/220  PLACEBO s6627  14.9s
[17:41:15]   168/220  PLACEBO s6629  15.3s
[17:41:15]   169/220  PLACEBO s6628  16.2s
[17:41:17]   170/220  PLACEBO s6630  16.3s
[17:41:17]   171/220  PLACEBO s6631  14.5s
[17:41:24]   172/220  PLACEBO s6632  14.0s
[17:41:28]   173/220  PLACEBO s6633  15.6s
[17:41:29]   174/220  PLACEBO s6634  14.1s
[17:41:31]   175/220  PLACEBO s6635  16.3s
[17:41:32]   176/220  PLACEBO s6637  14.9s
[17:41:34]   177/220  PLACEBO s6636  17.1s
[17:41:38]   178/220  PLACEBO s6638  14.7s
[17:41:42]   179/220  PLACEBO s6639  14.1s
[17:41:43]   180/220  PLACEBO s6640  13.9s
[17:41:46]   181/220  CIEGO_E s6621  14.4s
[17:41:46]   182/220  CIEGO_E s6622  13.9s
[17:41:48]   183/220  CIEGO_E s6623  14.6s
[17:41:53]   184/220  CIEGO_E s6624  14.9s
[17:41:56]   185/220  CIEGO_E s6625  13.9s
[17:41:57]   186/220  CIEGO_E s6626  14.7s
[17:42:00]   187/220  CIEGO_E s6627  13.8s
[17:42:00]   188/220  CIEGO_E s6628  13.8s
[17:42:03]   189/220  CIEGO_E s6629  15.1s
[17:42:08]   190/220  CIEGO_E s6630  14.5s
[17:42:11]   191/220  CIEGO_E s6631  14.6s
[17:42:12]   192/220  CIEGO_E s6632  14.1s
[17:42:14]   193/220  CIEGO_E s6633  14.0s
[17:42:14]   194/220  CIEGO_E s6634  14.2s
[17:42:18]   195/220  CIEGO_E s6635  14.2s
[17:42:21]   196/220  CIEGO_E s6636  13.9s
[17:42:24]   197/220  CIEGO_E s6637  13.8s
[17:42:26]   198/220  CIEGO_E s6638  14.9s
[17:42:28]   199/220  CIEGO_E s6639  14.1s
[17:42:28]   200/220  CIEGO_E s6640  14.3s
[17:42:41]   201/220  GF_E s6623  16.7s
[17:42:41]   202/220  GF_E s6621  23.8s
[17:42:44]   203/220  GF_E s6624  17.7s
[17:42:46]   204/220  GF_E s6626  17.2s
[17:42:46]   205/220  GF_E s6622  24.3s
[17:42:51]   206/220  GF_E s6625  23.3s
[17:43:02]   207/220  GF_E s6628  21.0s
[17:43:02]   208/220  GF_E s6627  21.4s
[17:43:05]   209/220  GF_E s6629  20.8s
[17:43:05]   210/220  GF_E s6630  19.8s
[17:43:05]   211/220  GF_E s6631  19.6s
[17:43:16]   212/220  GF_E s6632  24.6s
[17:43:18]   213/220  GF_E s6634  15.7s
[17:43:19]   214/220  GF_E s6633  16.5s
[17:43:23]   215/220  GF_E s6637  17.6s
[17:43:23]   216/220  GF_E s6636  18.0s
[17:43:25]   217/220  GF_E s6635  20.0s
[17:43:31]   218/220  GF_E s6638  15.0s
[17:43:33]   219/220  GF_E s6640  14.0s
[17:43:37]   220/220  GF_E s6639  19.3s
[17:43:37] --- 220 corridas en 599.1 s ---
[17:43:37]   CIEGO      limpio(rodeo) 0.0  limpio(atajo) 0.0  huye(rodeo) 0.85  pisa(rodeo) 1.0  pasos_c 60.0  comida 341.0  muertes 118.5
[17:43:37]   CAMINO     limpio(rodeo) 0.0  limpio(atajo) 0.0  huye(rodeo) 0.475  pisa(rodeo) 1.0  pasos_c 60.0  comida 653.5  muertes 34.5
[17:43:37]   GRAD       limpio(rodeo) 0.0  limpio(atajo) 0.25  huye(rodeo) 0.05  pisa(rodeo) 1.0  pasos_c 60.0  comida 1533.0  muertes 11.5
[17:43:37]   FILTRO     limpio(rodeo) 0.075  limpio(atajo) 0.2  huye(rodeo) 0.925  pisa(rodeo) 0.0  pasos_c 58.475  comida 1284.5  muertes 15.5
[17:43:37]   GF         limpio(rodeo) 0.925  limpio(atajo) 0.95  huye(rodeo) 0.0  pisa(rodeo) 0.075  pasos_c 18.475  comida 1914.5  muertes 10.0
[17:43:37]   BRUJULA    limpio(rodeo) 0.0  limpio(atajo) 0.05  huye(rodeo) 0.0  pisa(rodeo) 1.0  pasos_c 60.0  comida 1918.5  muertes 10.0
[17:43:37]   BARAJADO   limpio(rodeo) 0.0  limpio(atajo) 0.0  huye(rodeo) 0.575  pisa(rodeo) 1.0  pasos_c 60.0  comida 1914.5  muertes 10.0
[17:43:37]   INVERTIDO  limpio(rodeo) 0.0  limpio(atajo) 0.0  huye(rodeo) 0.8  pisa(rodeo) 1.0  pasos_c 60.0  comida 1914.5  muertes 10.0
[17:43:37]   PLACEBO    limpio(rodeo) 0.95  limpio(atajo) 1.0  huye(rodeo) 0.0  pisa(rodeo) 0.05  pasos_c 16.875  comida 1914.5  muertes 10.0
[17:43:37]   CIEGO_E    limpio(rodeo) 0.0  limpio(atajo) 0.0  huye(rodeo) 0.9  pisa(rodeo) 0.95  pasos_c 60.0  comida 138.0  muertes 217.5
[17:43:37]   GF_E       limpio(rodeo) 1.0  limpio(atajo) 1.0  huye(rodeo) 0.0  pisa(rodeo) 0.0  pasos_c 20.95  comida 1839.0  muertes 23.0
[17:43:37] PUERTAS (una linea por puerta, umbral al lado):
[17:43:37]   [PASA] R-1a rodea: limpio(rodeo) GF >=                            0.925  (umbral 0.6) CIEGO 0.0 CAMINO 0.0 GRAD 0.0 FILTRO 0.075 BARAJADO 0.0 BRUJULA 0.0
[17:43:37]   [PASA] R-1b es el mapa: GF - max(CIEGO,BARAJADO) >=               0.925  (umbral 0.25) 
[17:43:37]   [PASA] R-1c es el VENENO recordado: GF - BRUJULA >=               0.925  (umbral 0.25) pisa(rodeo) BRUJULA 1.0
[17:43:37]   [PASA] R-2a no es huida: huye(rodeo) GF <=                        0.0  (umbral 0.2) 
[17:43:37]   [PASA] R-2b balanceada: J = limpio(rodeo)+limpio(atajo)-1 >=      0.875  (umbral 0.5) p1 0.925 c1 0.95  [recto(atajo) reportado, no es puerta: 0.25]
[17:43:37]   [PASA] R-3 cuesta menos: pasos_cens(rodeo) GF/CIEGO <=            0.308  (umbral 0.7) GF 18.475 CIEGO 60.0
[17:43:37]   [PASA] R-4 no regresion: comida GF/CIEGO >=                       5.614  (umbral 0.9) GF 1914.5 CIEGO 341.0 CAMINO 653.5
[17:43:37]   [PASA] R-5 muertes GF/CIEGO <=                                    0.084  (umbral 1.25) GF 10.0 CIEGO 118.5 CAMINO 34.5
[17:43:37]   [PASA] C1 INVERTIDO decisivo: limpio(rodeo) <=                    0.0  (umbral 0.2) pisa 1.0
[17:43:37]   [PASA] PLACEBO validez: |GF - PLACEBO| <= (si no, NO se lee)      0.025  (umbral 0.15) 
[17:43:37]   [CAE ] V1 validez: comida y las DOS murallas enteras en M (15/20) 0.75  (umbral 1.0) 
[17:43:37]   [PASA] E-1 (secundaria) escala 15x13: limpio(rodeo) GF_E >=       1.0  (umbral 0.6) CIEGO_E 0.0
[17:43:37]   [PASA] E-2 (secundaria) escala: GF_E - CIEGO_E >=                 1.0  (umbral 0.25) 
[17:43:37]   pareado (reportado): GF > BRUJULA en 17/20; GF > CIEGO en 17/20
[17:43:37] RESUMEN 10/11 principales, 2/2 secundarias -> NUCLEO (R-1a, R-1c, R-2b) PASA, alguna principal cae: HAY ALGO MODESTO
[17:43:37] REGLA 10: V1 15/20 -> subconjunto valido [6621, 6622, 6625, 6626, 6627, 6628, 6630, 6631, 6633, 6634, 6635, 6636, 6637, 6638, 6640] (se reporta JUNTO al completo)
[17:43:37]   [sub] [PASA] R-1a rodea: limpio(rodeo) GF >=                            1.0  (umbral 0.6) CIEGO 0.0 CAMINO 0.0 GRAD 0.0 FILTRO 0.1 BARAJADO 0.0 BRUJULA 0.0
[17:43:37]   [sub] [PASA] R-1b es el mapa: GF - max(CIEGO,BARAJADO) >=               1.0  (umbral 0.25) 
[17:43:37]   [sub] [PASA] R-1c es el VENENO recordado: GF - BRUJULA >=               1.0  (umbral 0.25) pisa(rodeo) BRUJULA 1.0
[17:43:37]   [sub] [PASA] R-2a no es huida: huye(rodeo) GF <=                        0.0  (umbral 0.2) 
[17:43:37]   [sub] [PASA] R-2b balanceada: J = limpio(rodeo)+limpio(atajo)-1 >=      1.0  (umbral 0.5) p1 1.0 c1 1.0  [recto(atajo) reportado, no es puerta: 0.25]
[17:43:37]   [sub] [PASA] R-3 cuesta menos: pasos_cens(rodeo) GF/CIEGO <=            0.283  (umbral 0.7) GF 17.0 CIEGO 60.0
[17:43:37]   [sub] [PASA] R-4 no regresion: comida GF/CIEGO >=                       4.299  (umbral 0.9) GF 1896 CIEGO 441 CAMINO 647
[17:43:37]   [sub] [PASA] R-5 muertes GF/CIEGO <=                                    0.118  (umbral 1.25) GF 12 CIEGO 102 CAMINO 35
[17:43:37]   [sub] [PASA] C1 INVERTIDO decisivo: limpio(rodeo) <=                    0.0  (umbral 0.2) pisa 1.0
[17:43:37]   [sub] [PASA] PLACEBO validez: |GF - PLACEBO| <= (si no, NO se lee)      0.05  (umbral 0.15) 
[17:43:37]   [sub] [PASA] V1 validez: comida y las DOS murallas enteras en M (15/15) 1.0  (umbral 1.0) 
[17:43:37]   [sub] [PASA] E-1 (secundaria) escala 15x13: limpio(rodeo) GF_E >=       1.0  (umbral 0.6) CIEGO_E 0.0
[17:43:37]   [sub] [PASA] E-2 (secundaria) escala: GF_E - CIEGO_E >=                 1.0  (umbral 0.25) 
[17:43:37]   [sub] pareado (reportado): GF > BRUJULA en 15/15; GF > CIEGO en 15/15
[17:43:37] RESUMEN SUBCONJUNTO 11/11 principales, 2/2 secundarias -> PASA TODAS LAS PRINCIPALES (FUNCIONA si la replica repite)
[17:43:38] JSON experimentos\subida_n6\datos\subida_s6621-6640_20260923_173338.json  sha af98c6148285a2be
