[20:46:11] EXPLORATORIO FABLE mundo medio_veneno {'tipo': 'fijo', 't': 8000, 'tabla': {'A': (-0.2, 0.0), 'B': (0.8, 0.0)}} · {'T': 36000, 't_cambio': 8000, 't_corte': 24000, 'r0_margen': 4000} · brazos ['CODIGO', 'PERILLAS'] · semillas [28001, 28002, 28003]
[20:48:28] CODIGO          s28001: 137.2 s · persiste 0 (vivos 0, t_ext 35652) · B_pre 45.7 · nac post/pre 0.761 · t_rec 12000 · R0 final solo 0.9074 (n 216) · nac solo 216 · SOS 0.0186->0.2174
[20:50:44] PERILLAS        s28001: 136.5 s · persiste 1 (vivos 9, t_ext None) · B_pre 47.7 · nac post/pre 0.779 · t_rec 2000 · R0 final solo 0.3974 (n 78) · nac solo 78 · SOS None->None
[20:53:02] CODIGO          s28002: 137.8 s · persiste 0 (vivos 0, t_ext 35818) · B_pre 51.0 · nac post/pre 0.701 · t_rec 10000 · R0 final solo 0.5102 (n 49) · nac solo 49 · SOS 0.0172->0.35
[20:55:02] PERILLAS        s28002: 119.7 s · persiste 0 (vivos 0, t_ext 32754) · B_pre 40.7 · nac post/pre 0.587 · t_rec None · R0 final solo 0.12 (n 50) · nac solo 50 · SOS None->None
[20:56:57] CODIGO          s28003: 115.7 s · persiste 0 (vivos 0, t_ext 30705) · B_pre 46.7 · nac post/pre 0.546 · t_rec None · R0 final solo 0.2105 (n 38) · nac solo 38 · SOS 0.0298->0.2
[20:58:34] PERILLAS        s28003: 96.1 s · persiste 0 (vivos 0, t_ext 28638) · B_pre 49.7 · nac post/pre 0.541 · t_rec None · R0 final solo 0.0 (n 14) · nac solo 14 · SOS None->None
[20:59:28] EXPLORATORIO FABLE mundo medio_veneno {'tipo': 'fijo', 't': 8000, 'tabla': {'A': (-0.2, 0.0), 'B': (0.8, 0.0)}} · {'T': 36000, 't_cambio': 8000, 't_corte': 24000, 'r0_margen': 4000} · brazos ['CODIGO', 'PERILLAS'] · semillas [28004, 28005, 28006]
[20:59:28] EXPLORATORIO FABLE mundo medio_veneno {'tipo': 'fijo', 't': 8000, 'tabla': {'A': (-0.2, 0.0), 'B': (0.8, 0.0)}} · {'T': 36000, 't_cambio': 8000, 't_corte': 24000, 'r0_margen': 4000} · brazos ['CODIGO_SIN_SOS'] · semillas [28001, 28002, 28003]
[21:01:30] CODIGO_SIN_SOS  s28001: 121.9 s · persiste 1 (vivos 1, t_ext None) · B_pre 43.7 · nac post/pre 0.621 · t_rec 8000 · R0 final solo 0.5517 (n 29) · nac solo 29 · SOS 0.0->0.0
[21:01:32] CODIGO          s28004: 124.4 s · persiste 0 (vivos 0, t_ext 32408) · B_pre 47.0 · nac post/pre 0.535 · t_rec None · R0 final solo 0.275 (n 40) · nac solo 40 · SOS 0.0247->0.2778
[21:03:31] PERILLAS        s28004: 119.3 s · persiste 1 (vivos 1, t_ext None) · B_pre 45.7 · nac post/pre 0.583 · t_rec None · R0 final solo 0.2826 (n 46) · nac solo 46 · SOS None->None
[21:03:46] CODIGO_SIN_SOS  s28002: 136.7 s · persiste 1 (vivos 5, t_ext None) · B_pre 51.3 · nac post/pre 0.969 · t_rec 8000 · R0 final solo 0.24 (n 75) · nac solo 75 · SOS 0.0->0.0
[21:05:35] CODIGO          s28005: 123.3 s · persiste 0 (vivos 0, t_ext 29931) · B_pre 46.7 · nac post/pre 0.522 · t_rec None · R0 final solo 0.1212 (n 33) · nac solo 33 · SOS 0.0233->0.3469
[21:05:51] CODIGO_SIN_SOS  s28003: 124.8 s · persiste 1 (vivos 4, t_ext None) · B_pre 48.3 · nac post/pre 0.621 · t_rec 12000 · R0 final solo 0.3971 (n 68) · nac solo 68 · SOS 0.0->0.0
[21:07:23] PERILLAS        s28005: 108.8 s · persiste 1 (vivos 1, t_ext None) · B_pre 48.7 · nac post/pre 0.55 · t_rec None · R0 final solo 0.5682 (n 44) · nac solo 44 · SOS None->None
[21:09:08] CODIGO          s28006: 104.7 s · persiste 1 (vivos 2, t_ext None) · B_pre 51.0 · nac post/pre 0.623 · t_rec 14000 · R0 final solo 0.4792 (n 48) · nac solo 48 · SOS 0.0281->0.3729
[21:10:45] PERILLAS        s28006: 97.1 s · persiste 0 (vivos 0, t_ext 35923) · B_pre 50.0 · nac post/pre 0.502 · t_rec None · R0 final solo 0.1707 (n 41) · nac solo 41 · SOS None->None
[21:18:15] EXPLORATORIO FABLE mundo medio_veneno {'tipo': 'fijo', 't': 8000, 'tabla': {'A': (-0.2, 0.0), 'B': (0.8, 0.0)}} · {'T': 36000, 't_cambio': 8000, 't_corte': 24000, 'r0_margen': 4000} · brazos ['CODIGO_SIN_SOS'] · semillas [28004, 28005, 28006]
[21:19:54] CODIGO_SIN_SOS  s28004: 99.1 s · persiste 1 (vivos 1, t_ext None) · B_pre 47.0 · nac post/pre 0.662 · t_rec 14000 · R0 final solo 0.569 (n 58) · nac solo 58 · SOS 0.0->0.0
[21:21:43] CODIGO_SIN_SOS  s28005: 108.3 s · persiste 0 (vivos 0, t_ext 29258) · B_pre 47.7 · nac post/pre 0.852 · t_rec 10000 · R0 final solo 0.2048 (n 83) · nac solo 83 · SOS 0.0->0.0
[21:23:20] CODIGO_SIN_SOS  s28006: 97.4 s · persiste 1 (vivos 1, t_ext None) · B_pre 47.7 · nac post/pre 0.595 · t_rec None · R0 final solo 0.3409 (n 44) · nac solo 44 · SOS 0.0->0.0
