[13:07:53] ECO v2.1 eco_v21_prueba_pool · T 12000 · corte 10000 · mundos {'w30': {'esc': 30, 'n0': 30, 'tope': 3000}, 'w90': {'esc': 90, 'n0': 90, 'tope': 3000}, 'w270': {'esc': 270, 'n0': 270, 'tope': 9000}} · pool 2 · motor GEMELO · shas {'corre_eco_v21.py': '7a64da16e6e7fd25', 'corre_eco.py': '47d9cee4d6462116', 'motor_eco2.py': '0921ee3a50ce7f7a', 'motor_eco_rapido_org.py': '024f0a8ea5e12c7d', 'carros/FAMB_ORG_ECO.py': '75d5f4118079ff15', 'construye_eco_org.py': 'ff5531748aa4bd6a', 'PREREGISTRO_eco_v21.md': '5d00b131bc8496c2'}
[13:08:00] [1/12] w270 VIDA s20292: persiste 1 (vivos 48, max 303) · banco con ensena 0.07 · filtra0 0.05 (6.8 s; 7 s)
[13:08:00] [2/12] w270 AZAR s20292: persiste 1 (vivos 63, max 299) · banco con ensena 0.425 · filtra0 0.105 (6.9 s; 7 s)
[13:08:06] [3/12] w270 AZAR s20293: persiste 1 (vivos 50, max 296) · banco con ensena 0.0 · filtra0 0.125 (5.5 s; 12 s)
[13:08:06] [4/12] w270 VIDA s20293: persiste 1 (vivos 53, max 310) · banco con ensena 0.105 · filtra0 0.02 (5.8 s; 13 s)
[13:08:08] [5/12] w90 VIDA s20292: persiste 1 (vivos 11, max 106) · banco con ensena 0.07 · filtra0 0.045 (1.6 s; 14 s)
[13:08:08] [6/12] w90 AZAR s20292: persiste 1 (vivos 10, max 103) · banco con ensena 0.065 · filtra0 0.23 (1.7 s; 14 s)
[13:08:09] [7/12] w90 VIDA s20293: persiste 1 (vivos 9, max 103) · banco con ensena 0.015 · filtra0 0.005 (1.8 s; 16 s)
[13:08:09] [8/12] w90 AZAR s20293: persiste 1 (vivos 15, max 101) · banco con ensena 0.15 · filtra0 0.305 (1.6 s; 16 s)
[13:08:10] [9/12] w30 VIDA s20292: persiste 1 (vivos 2, max 37) · banco con ensena 0.0215 · filtra0 0.0054 (0.5 s; 16 s)
[13:08:10] [10/12] w30 AZAR s20292: persiste 1 (vivos 6, max 38) · banco con ensena 0.01 · filtra0 0.08 (0.5 s; 16 s)
[13:08:10] [11/12] w30 VIDA s20293: persiste 1 (vivos 2, max 37) · banco con ensena 0.0056 · filtra0 0.0 (0.5 s; 17 s)
[13:08:11] [12/12] w30 AZAR s20293: persiste 1 (vivos 3, max 37) · banco con ensena 0.085 · filtra0 0.08 (0.6 s; 17 s)
[w30] ensena: VIDA expresa sobre la media de sus sombras 1/2 · AZAR 0/2 · filtra0: VIDA 0/2 · AZAR 1/2 · descriptivo media contra sombras VIDA ensena (0, 0) filtra0 (0, 1)
[w30] banco con ensena (mediana): VIDA 0.01355 · AZAR 0.0475; VIDA > AZAR 1/2 · con filtra0: VIDA 0.0027 · AZAR 0.08 · vivos en T con ensena: VIDA 0.0 · AZAR 0.0
[w30] otros genes seleccionados en VIDA (>= 15/20): [] · persisten en T: {'VIDA': 2, 'AZAR': 2} · O1* NO · O2 NO · F NO
[w90] ensena: VIDA expresa sobre la media de sus sombras 1/2 · AZAR 0/2 · filtra0: VIDA 1/2 · AZAR 2/2 · descriptivo media contra sombras VIDA ensena (0, 1) filtra0 (0, 0)
[w90] banco con ensena (mediana): VIDA 0.0425 · AZAR 0.1075; VIDA > AZAR 1/2 · con filtra0: VIDA 0.024999999999999998 · AZAR 0.2675 · vivos en T con ensena: VIDA 0.0 · AZAR 0.1
[w90] otros genes seleccionados en VIDA (>= 15/20): [] · persisten en T: {'VIDA': 2, 'AZAR': 2} · O1* NO · O2 NO · F NO
[w270] ensena: VIDA expresa sobre la media de sus sombras 2/2 · AZAR 1/2 · filtra0: VIDA 0/2 · AZAR 0/2 · descriptivo media contra sombras VIDA ensena (1, 0) filtra0 (0, 0)
[w270] banco con ensena (mediana): VIDA 0.0875 · AZAR 0.2125; VIDA > AZAR 1/2 · con filtra0: VIDA 0.035 · AZAR 0.11499999999999999 · vivos en T con ensena: VIDA 0.37875 · AZAR 0.29365
[w270] otros genes seleccionados en VIDA (>= 15/20): [] · persisten en T: {'VIDA': 2, 'AZAR': 2} · O1* NO · O2 NO · F NO
secundario: filtra0 expresado sobre sus sombras (>= 15/20) en 0 de 3 mundos
VEREDICTO ECO v2.1 POR LA LETRA (una serie; el del bloque exige serie + replica con el mismo veredicto): NO (en esta serie)
[13:08:11] VEREDICTO: NO (en esta serie)
