[16:06:51 +    0.0s] SERIE del candidato BA-v (nivel 5, criterio ERR-90), Pool(8).
[16:06:51 +    0.0s] El mundo, el canal y el EMISOR son los del bloque 6, SIN TOCAR. Lo unico nuevo es COMO LEE la tabla,
[16:06:51 +    0.0s] y el CRITERIO: puertas ABSOLUTAS (ERR-90), nunca relativas a CORTADO.
[16:06:51 +    0.0s] celdas ['b4b', 'b5k3', 'b6suf', 'A1', 'BA-v', 'BA-v-sh']  brazos ['CANAL', 'CORTADO', 'BAR-H', 'BAR-T', 'VALOR', 'PAR', 'PAR0']  semillas 2101-2120  T = 100000 
[16:06:51 +    0.0s]     sha script                   4453754a9921e349
[16:06:51 +    0.0s]     sha constructor              944cafb8fc5687d8
[16:06:51 +    0.0s]     sha instrumento              2dca0a3e239481f0
[16:06:51 +    0.0s]     sha arnes                    cf7655b379014a55
[16:06:51 +    0.0s]     sha preregistro              f2f6b320b5f43d67
[16:06:51 +    0.0s]     sha origen_ba                1f196ee786b2040d
[16:06:51 +    0.0s]     sha runner_ba                f511d1bbe34887af
[16:06:51 +    0.0s]     sha origen_a1                8833e1dcfb62f26d
[16:06:51 +    0.0s]     sha origen_b6                b10cbd4ddd0c32a3
[16:06:51 +    0.0s]     sha origen_b5                e0b6b90f6f92d5c1
[16:06:51 +    0.0s]     sha origen_b4b               b3dd1d7e66a2d147
[16:06:51 +    0.0s]     sha runner_bloque6           88253f352d921c42
[16:06:51 +    0.0s]     sha preregistro_bloque6      a927e60810eacab2
[16:06:51 +    0.0s]     sha origen_organismo_v14     feefc88b1fd8d434
[16:06:51 +    0.0s]     origenes verificados -> OK
[16:06:52 +    1.0s] ETAPA 1/4 - DIAGNOSTICO ESTRUCTURAL (T = 0, 20 semillas)
[16:06:52 +    1.2s]     alias por par mediana 0.0161  piso de forma 4.0/32
[16:06:52 +    1.2s] ETAPA 2/4 - EMISORES (20 corridas de 100000 pasos; son los del bloque 6 bit a bit)
[16:07:29 +   37.6s]     emiten 16/20; sin mensaje (se EXCLUYEN, P-I2): [2105, 2108, 2111, 2116]
[16:07:29 +   37.6s] ETAPA 3/4 - REGLA 14: la ENTRADA, campo a campo contra el bloque 6
[16:07:29 +   37.6s]     REGLA 14 - entrada campo a campo contra el bloque 6: 33 campos comunes, IDENTICOS
[16:07:29 +   37.6s]        campos: ['T', 'cambio', 'canal', 'costo', 'crit_exp', 'deriva', 'desambiguar', 'exc_fija', 'fam_D', 'fam_F', 'fam_V', 'fam_nvar', 'fam_seed', 'fam_val', 'k_ganadoras', 'ktop', 'largo', 'log_cada', 'memoria_pares', 'memoria_variante', 'mundo', 'n_exc', 'n_neu', 'nk', 'nkmax', 'nobj', 'par_herm', 'reg_b2', 'reg_b4', 'renov', 'seed', 'vent', 'vira']
[16:07:29 +   37.6s]        perillas de celda (las UNICAS que pueden diferir): ['baraja_msg', 'combina', 'conj_tipo', 'dentro', 'dos_tipos', 'eta_w', 'exige_dir', 'k_forma', 'k_ganadoras', 'k_var', 'memoria_variante', 'msg_elige', 'pesos_tipo', 'var_cubre']
[16:07:29 +   37.6s] ETAPA 4/4 - RECEPTORES: 672 corridas de 100000 pasos...
[16:08:28 +   97.0s]           40/672
[16:09:28 +  157.1s]           80/672
[16:10:29 +  218.3s]           120/672
[16:11:35 +  284.1s]           160/672
[16:12:38 +  347.1s]           200/672
[16:13:40 +  409.2s]           240/672
[16:14:47 +  475.9s]           280/672
[16:15:48 +  536.4s]           320/672
[16:16:45 +  593.8s]           360/672
[16:17:40 +  649.0s]           400/672
[16:18:37 +  705.4s]           440/672
[16:19:37 +  765.4s]           480/672
[16:20:31 +  820.4s]           520/672
[16:21:29 +  878.1s]           560/672
[16:22:22 +  931.1s]           600/672
[16:23:23 +  992.2s]           640/672
[16:24:07 + 1036.2s]           672/672
[16:24:07 + 1036.3s] CRUDO -> serie_bav_s2101-2120_20260921_160651_crudo.json  sha256_16 = 86258b1f27093f9a  (ERR-54)
[16:24:07 + 1036.3s]     P-I5 en b4b       (semillas con fam1 = 1: el mensaje escrito y NO consultado): {'CANAL': 1, 'CORTADO': 1, 'BAR-H': 1, 'BAR-T': 1, 'VALOR': 1, 'PAR': 3, 'PAR0': 3}  -> [2103, 2104, 2120]
[16:24:07 + 1036.3s]     P-I5 en b5k3      (semillas con fam1 = 1: el mensaje escrito y NO consultado): {'CANAL': 1, 'CORTADO': 1, 'BAR-H': 1, 'BAR-T': 1, 'VALOR': 1, 'PAR': 0, 'PAR0': 0}  -> [2118]
[16:24:07 + 1036.3s]     P-I5 en b6suf     (semillas con fam1 = 1: el mensaje escrito y NO consultado): {'CANAL': 2, 'CORTADO': 2, 'BAR-H': 2, 'BAR-T': 2, 'VALOR': 2, 'PAR': 0, 'PAR0': 0}  -> [2103, 2110]
[16:24:07 + 1036.3s]     P-I5 en A1        (semillas con fam1 = 1: el mensaje escrito y NO consultado): {'CANAL': 0, 'CORTADO': 0, 'BAR-H': 0, 'BAR-T': 0, 'VALOR': 0, 'PAR': 2, 'PAR0': 2}  -> [2103, 2115]
[16:24:07 + 1036.3s]     P-I5 en BA-v      (semillas con fam1 = 1: el mensaje escrito y NO consultado): {'CANAL': 1, 'CORTADO': 1, 'BAR-H': 1, 'BAR-T': 1, 'VALOR': 1, 'PAR': 2, 'PAR0': 2}  -> [2109, 2115]
[16:24:07 + 1036.3s]     P-I5 en BA-v-sh   (semillas con fam1 = 1: el mensaje escrito y NO consultado): {'CANAL': 1, 'CORTADO': 1, 'BAR-H': 1, 'BAR-T': 1, 'VALOR': 1, 'PAR': 2, 'PAR0': 2}  -> [2109, 2115]
[16:24:07 + 1036.3s] 
[16:24:07 + 1036.3s] celda        CANAL  CORTADO    BAR-H    BAR-T    VALOR      PAR     PAR0   dist(PAR)  dist(PAR0)  muertes  okU   >=200  mord_com  mord_ven  regalo
[16:24:07 + 1036.3s] b4b         13/16     0/16    10/16     2/16     3/16    12/16     0/16    6/16      3/16       27.5     0.8333   0     5049.5      62.5      0.0207
[16:24:07 + 1036.3s] b5k3        15/16     1/16    10/16     2/16     4/16    16/16     2/16    5/16      3/16       37.0     0.8333   2     4823.5      61.5      0.0278
[16:24:07 + 1036.3s] b6suf       13/16     1/16     2/16     4/16     4/16    15/16     3/16    14/16      4/16       35.0     0.6667   1     5357.0      74.0      0.0263
[16:24:07 + 1036.3s] A1          15/16     2/16     5/16     4/16     3/16    14/16     2/16    13/16      2/16       47.0     0.8333   6     4298.5      10.5      0.0353
[16:24:07 + 1036.3s] BA-v        15/16     1/16     9/16     6/16     3/16    15/16     3/16    11/16      4/16       38.5     0.8333   4     4203.5      10.0      0.0289
[16:24:07 + 1036.3s] BA-v-sh      3/16     1/16     3/16     2/16     3/16     5/16     3/16    3/16      4/16       40.5     0.75   4     4162.0      9.0      0.0304
[16:24:07 + 1036.3s] 
[16:24:07 + 1036.3s] LETRA DEL CRITERIO PROPIO (ERR-90): puertas ABSOLUTAS. Ninguna depende de CORTADO.
[16:24:07 + 1036.3s]   [b4b]
[16:24:07 + 1036.3s]      P0 montaje   N (semillas validas del brazo CANAL) = 16 >= 18: CAE
[16:24:07 + 1036.3s]      P1 CANAL     13 >= 15: CAE
[16:24:07 + 1036.3s]      P2 CORTADO   0 <= 5: pasa
[16:24:07 + 1036.3s]      P3 BAR-T     2 <= 5: pasa
[16:24:07 + 1036.3s]      P4 VALOR     3 <= 5: pasa
[16:24:07 + 1036.3s]      P5 BAR-H     10 <= 10: pasa
[16:24:07 + 1036.3s]      P6 dist(PAR) 6/16 >= 15 y dist(PAR0) 3 <= 5: CAE
[16:24:07 + 1036.3s]      P7 R6        muertes 27.5 / 27.5(b4b) = 1.00x <= 1.50x: pasa  |  okU 0.8333 - 0.8333 = +0.0000 >= -0.10: pasa
[16:24:07 + 1036.3s]         (diagnostico de R6, NO es la puerta: 0/16 semillas mueren > 1.5x su propia base; semillas en regimen de hambre (>=200): 0)
[16:24:07 + 1036.3s]      MISION (BAR-T <= 5 Y PAR >= 15): no
[16:24:07 + 1036.3s]      [referencia historica, NO decide] bloque 6: R2 BAR-T<=CORTADO+3 pasa; R3 BAR-H<=CORTADO+5 CAE; R4 VALOR<=CORTADO+3 pasa; R5 dist>=12 y >=gemelo+5 CAE
[16:24:07 + 1036.3s]   [b5k3]
[16:24:07 + 1036.3s]      P0 montaje   N (semillas validas del brazo CANAL) = 16 >= 18: CAE
[16:24:07 + 1036.3s]      P1 CANAL     15 >= 15: pasa
[16:24:07 + 1036.3s]      P2 CORTADO   1 <= 5: pasa
[16:24:07 + 1036.3s]      P3 BAR-T     2 <= 5: pasa
[16:24:07 + 1036.3s]      P4 VALOR     4 <= 5: pasa
[16:24:07 + 1036.3s]      P5 BAR-H     10 <= 10: pasa
[16:24:07 + 1036.3s]      P6 dist(PAR) 5/16 >= 15 y dist(PAR0) 3 <= 5: CAE
[16:24:07 + 1036.3s]      P7 R6        muertes 37.0 / 27.5(b4b) = 1.35x <= 1.50x: pasa  |  okU 0.8333 - 0.8333 = +0.0000 >= -0.10: pasa
[16:24:07 + 1036.3s]         (diagnostico de R6, NO es la puerta: 9/16 semillas mueren > 1.5x su propia base; semillas en regimen de hambre (>=200): 2)
[16:24:07 + 1036.3s]      MISION (BAR-T <= 5 Y PAR >= 15): no
[16:24:07 + 1036.3s]      [referencia historica, NO decide] bloque 6: R2 BAR-T<=CORTADO+3 pasa; R3 BAR-H<=CORTADO+5 CAE; R4 VALOR<=CORTADO+3 pasa; R5 dist>=12 y >=gemelo+5 CAE
[16:24:07 + 1036.3s]   [b6suf]
[16:24:07 + 1036.3s]      P0 montaje   N (semillas validas del brazo CANAL) = 16 >= 18: CAE
[16:24:07 + 1036.3s]      P1 CANAL     13 >= 15: CAE
[16:24:07 + 1036.3s]      P2 CORTADO   1 <= 5: pasa
[16:24:07 + 1036.3s]      P3 BAR-T     4 <= 5: pasa
[16:24:07 + 1036.3s]      P4 VALOR     4 <= 5: pasa
[16:24:07 + 1036.3s]      P5 BAR-H     2 <= 10: pasa
[16:24:07 + 1036.3s]      P6 dist(PAR) 14/16 >= 15 y dist(PAR0) 4 <= 5: CAE
[16:24:07 + 1036.3s]      P7 R6        muertes 35.0 / 27.5(b4b) = 1.27x <= 1.50x: pasa  |  okU 0.6667 - 0.8333 = -0.1666 >= -0.10: CAE
[16:24:07 + 1036.3s]         (diagnostico de R6, NO es la puerta: 5/16 semillas mueren > 1.5x su propia base; semillas en regimen de hambre (>=200): 1)
[16:24:07 + 1036.3s]      MISION (BAR-T <= 5 Y PAR >= 15): no
[16:24:07 + 1036.3s]      [referencia historica, NO decide] bloque 6: R2 BAR-T<=CORTADO+3 pasa; R3 BAR-H<=CORTADO+5 pasa; R4 VALOR<=CORTADO+3 pasa; R5 dist>=12 y >=gemelo+5 pasa
[16:24:07 + 1036.3s]   [A1]
[16:24:07 + 1036.3s]      P0 montaje   N (semillas validas del brazo CANAL) = 16 >= 18: CAE
[16:24:07 + 1036.3s]      P1 CANAL     15 >= 15: pasa
[16:24:07 + 1036.3s]      P2 CORTADO   2 <= 5: pasa
[16:24:07 + 1036.3s]      P3 BAR-T     4 <= 5: pasa
[16:24:07 + 1036.3s]      P4 VALOR     3 <= 5: pasa
[16:24:07 + 1036.3s]      P5 BAR-H     5 <= 10: pasa
[16:24:07 + 1036.3s]      P6 dist(PAR) 13/16 >= 15 y dist(PAR0) 2 <= 5: CAE
[16:24:07 + 1036.3s]      P7 R6        muertes 47.0 / 27.5(b4b) = 1.71x <= 1.50x: CAE  |  okU 0.8333 - 0.8333 = +0.0000 >= -0.10: pasa
[16:24:07 + 1036.3s]         (diagnostico de R6, NO es la puerta: 9/16 semillas mueren > 1.5x su propia base; semillas en regimen de hambre (>=200): 6)
[16:24:07 + 1036.3s]      MISION (BAR-T <= 5 Y PAR >= 15): no
[16:24:07 + 1036.3s]      [referencia historica, NO decide] bloque 6: R2 BAR-T<=CORTADO+3 pasa; R3 BAR-H<=CORTADO+5 pasa; R4 VALOR<=CORTADO+3 pasa; R5 dist>=12 y >=gemelo+5 pasa
[16:24:07 + 1036.3s]   [BA-v]
[16:24:07 + 1036.3s]      P0 montaje   N (semillas validas del brazo CANAL) = 16 >= 18: CAE
[16:24:07 + 1036.3s]      P1 CANAL     15 >= 15: pasa
[16:24:07 + 1036.3s]      P2 CORTADO   1 <= 5: pasa
[16:24:07 + 1036.3s]      P3 BAR-T     6 <= 5: CAE
[16:24:07 + 1036.3s]      P4 VALOR     3 <= 5: pasa
[16:24:07 + 1036.3s]      P5 BAR-H     9 <= 10: pasa
[16:24:07 + 1036.4s]      P6 dist(PAR) 11/16 >= 15 y dist(PAR0) 4 <= 5: CAE
[16:24:07 + 1036.4s]      P7 R6        muertes 38.5 / 27.5(b4b) = 1.40x <= 1.50x: pasa  |  okU 0.8333 - 0.8333 = +0.0000 >= -0.10: pasa
[16:24:07 + 1036.4s]         (diagnostico de R6, NO es la puerta: 10/16 semillas mueren > 1.5x su propia base; semillas en regimen de hambre (>=200): 4)
[16:24:07 + 1036.4s]      MISION (BAR-T <= 5 Y PAR >= 15): no
[16:24:07 + 1036.4s]      [referencia historica, NO decide] bloque 6: R2 BAR-T<=CORTADO+3 CAE; R3 BAR-H<=CORTADO+5 CAE; R4 VALOR<=CORTADO+3 pasa; R5 dist>=12 y >=gemelo+5 CAE
[16:24:07 + 1036.4s]   [BA-v-sh]
[16:24:07 + 1036.4s]      P0 montaje   N (semillas validas del brazo CANAL) = 16 >= 18: CAE
[16:24:07 + 1036.4s]      P1 CANAL     3 >= 15: CAE
[16:24:07 + 1036.4s]      P2 CORTADO   1 <= 5: pasa
[16:24:07 + 1036.4s]      P3 BAR-T     2 <= 5: pasa
[16:24:07 + 1036.4s]      P4 VALOR     3 <= 5: pasa
[16:24:07 + 1036.4s]      P5 BAR-H     3 <= 10: pasa
[16:24:07 + 1036.4s]      P6 dist(PAR) 3/16 >= 15 y dist(PAR0) 4 <= 5: CAE
[16:24:07 + 1036.4s]      P7 R6        muertes 40.5 / 27.5(b4b) = 1.47x <= 1.50x: pasa  |  okU 0.75 - 0.8333 = -0.0833 >= -0.10: pasa
[16:24:07 + 1036.4s]         (diagnostico de R6, NO es la puerta: 10/16 semillas mueren > 1.5x su propia base; semillas en regimen de hambre (>=200): 4)
[16:24:07 + 1036.4s]      MISION (BAR-T <= 5 Y PAR >= 15): no
[16:24:07 + 1036.4s]      [referencia historica, NO decide] bloque 6: R2 BAR-T<=CORTADO+3 pasa; R3 BAR-H<=CORTADO+5 pasa; R4 VALOR<=CORTADO+3 pasa; R5 dist>=12 y >=gemelo+5 CAE
