corre_n10 · n10_humo_MIX_s12391_T3000 · 20260923_153806 · python 3.14.2 · corre_n10.py 4dd970ff62e3c486
shas: pista2.py=4d2bee16e7961261 motor_convive.py=d10cb9021f5d0f41 corre_convive.py=e6dadfdad9c379cd FABRICA.py=2ebee3e99ea5a33a FAMILIA_NADA.py=f7ae98715f170153 FAMILIA_PARTO.py=e8aeb6efd6307162 FAMILIA_BAR.py=46c09162e6d1ab55 FAMILIA_ORACULO.py=55df592f57671b54
  MIX      s12391     5.0 s · BAR: tam 3.1333 nac 5 sinext 3 R0nac 0.0 vida nac/fund 119.0/102.0 · NADA: tam 3.3333 nac 4 sinext 3 R0nac 0.0 vida nac/fund 116.0/279.0 · PARTO: tam 3.2 nac 4 sinext 3 R0nac None vida nac/fund 83.0/101.5

AGREGADO (medianas por semilla) · 1 semillas · 5 s de pared
PAREADOS (monocultivo, por semilla):
  {'par': 'PARTO-NADA', 'clave': 'R0_nacidos', 'n': 0, 'gana': 0, 'pierde': 0, 'empata': 0, 'dif_med': None, 'p_signo': 1.0}
  {'par': 'PARTO-NADA', 'clave': 'vida_nacidos', 'n': 0, 'gana': 0, 'pierde': 0, 'empata': 0, 'dif_med': None, 'p_signo': 1.0}
  {'par': 'PARTO-NADA', 'clave': 'exceso', 'n': 0, 'gana': 0, 'pierde': 0, 'empata': 0, 'dif_med': None, 'p_signo': 1.0}
  {'par': 'PARTO-NADA', 'clave': 'nac', 'n': 0, 'gana': 0, 'pierde': 0, 'empata': 0, 'dif_med': None, 'p_signo': 1.0}
  {'par': 'PARTO-NADA', 'clave': 'gen_max', 'n': 0, 'gana': 0, 'pierde': 0, 'empata': 0, 'dif_med': None, 'p_signo': 1.0}
  {'par': 'PARTO-BAR', 'clave': 'R0_nacidos', 'n': 0, 'gana': 0, 'pierde': 0, 'empata': 0, 'dif_med': None, 'p_signo': 1.0}
  {'par': 'PARTO-BAR', 'clave': 'vida_nacidos', 'n': 0, 'gana': 0, 'pierde': 0, 'empata': 0, 'dif_med': None, 'p_signo': 1.0}
  {'par': 'PARTO-BAR', 'clave': 'exceso', 'n': 0, 'gana': 0, 'pierde': 0, 'empata': 0, 'dif_med': None, 'p_signo': 1.0}
  {'par': 'PARTO-BAR', 'clave': 'nac', 'n': 0, 'gana': 0, 'pierde': 0, 'empata': 0, 'dif_med': None, 'p_signo': 1.0}
  {'par': 'PARTO-BAR', 'clave': 'gen_max', 'n': 0, 'gana': 0, 'pierde': 0, 'empata': 0, 'dif_med': None, 'p_signo': 1.0}
  {'par': 'BAR-NADA', 'clave': 'R0_nacidos', 'n': 0, 'gana': 0, 'pierde': 0, 'empata': 0, 'dif_med': None, 'p_signo': 1.0}
  {'par': 'BAR-NADA', 'clave': 'vida_nacidos', 'n': 0, 'gana': 0, 'pierde': 0, 'empata': 0, 'dif_med': None, 'p_signo': 1.0}
  {'par': 'BAR-NADA', 'clave': 'exceso', 'n': 0, 'gana': 0, 'pierde': 0, 'empata': 0, 'dif_med': None, 'p_signo': 1.0}
  {'par': 'BAR-NADA', 'clave': 'nac', 'n': 0, 'gana': 0, 'pierde': 0, 'empata': 0, 'dif_med': None, 'p_signo': 1.0}
  {'par': 'BAR-NADA', 'clave': 'gen_max', 'n': 0, 'gana': 0, 'pierde': 0, 'empata': 0, 'dif_med': None, 'p_signo': 1.0}
  {'par': 'ORACULO-PARTO', 'clave': 'R0_nacidos', 'n': 0, 'gana': 0, 'pierde': 0, 'empata': 0, 'dif_med': None, 'p_signo': 1.0}
  {'par': 'ORACULO-PARTO', 'clave': 'vida_nacidos', 'n': 0, 'gana': 0, 'pierde': 0, 'empata': 0, 'dif_med': None, 'p_signo': 1.0}
  {'par': 'ORACULO-PARTO', 'clave': 'exceso', 'n': 0, 'gana': 0, 'pierde': 0, 'empata': 0, 'dif_med': None, 'p_signo': 1.0}
  {'par': 'ORACULO-PARTO', 'clave': 'nac', 'n': 0, 'gana': 0, 'pierde': 0, 'empata': 0, 'dif_med': None, 'p_signo': 1.0}
  {'par': 'ORACULO-PARTO', 'clave': 'gen_max', 'n': 0, 'gana': 0, 'pierde': 0, 'empata': 0, 'dif_med': None, 'p_signo': 1.0}
  {'par': 'ORACULO-NADA', 'clave': 'R0_nacidos', 'n': 0, 'gana': 0, 'pierde': 0, 'empata': 0, 'dif_med': None, 'p_signo': 1.0}
  {'par': 'ORACULO-NADA', 'clave': 'vida_nacidos', 'n': 0, 'gana': 0, 'pierde': 0, 'empata': 0, 'dif_med': None, 'p_signo': 1.0}
  {'par': 'ORACULO-NADA', 'clave': 'exceso', 'n': 0, 'gana': 0, 'pierde': 0, 'empata': 0, 'dif_med': None, 'p_signo': 1.0}
  {'par': 'ORACULO-NADA', 'clave': 'nac', 'n': 0, 'gana': 0, 'pierde': 0, 'empata': 0, 'dif_med': None, 'p_signo': 1.0}
  {'par': 'ORACULO-NADA', 'clave': 'gen_max', 'n': 0, 'gana': 0, 'pierde': 0, 'empata': 0, 'dif_med': None, 'p_signo': 1.0}
PAREADOS (MIX, dentro del mismo mundo):
  {'par': 'PARTO-NADA', 'clave': 'R0_nacidos', 'n': 0, 'gana': 0, 'pierde': 0, 'empata': 0, 'dif_med': None, 'p_signo': 1.0}
  {'par': 'PARTO-NADA', 'clave': 'exceso', 'n': 1, 'gana': 0, 'pierde': 1, 'empata': 0, 'dif_med': -0.1333, 'p_signo': 1.0}
  {'par': 'PARTO-NADA', 'clave': 'nac', 'n': 1, 'gana': 0, 'pierde': 0, 'empata': 1, 'dif_med': 0.0, 'p_signo': 1.0}
  {'par': 'PARTO-BAR', 'clave': 'R0_nacidos', 'n': 0, 'gana': 0, 'pierde': 0, 'empata': 0, 'dif_med': None, 'p_signo': 1.0}
  {'par': 'PARTO-BAR', 'clave': 'exceso', 'n': 1, 'gana': 1, 'pierde': 0, 'empata': 0, 'dif_med': 0.0667, 'p_signo': 1.0}
  {'par': 'PARTO-BAR', 'clave': 'nac', 'n': 1, 'gana': 0, 'pierde': 1, 'empata': 0, 'dif_med': -1.0, 'p_signo': 1.0}
  {'par': 'BAR-NADA', 'clave': 'R0_nacidos', 'n': 1, 'gana': 0, 'pierde': 0, 'empata': 1, 'dif_med': 0.0, 'p_signo': 1.0}
  {'par': 'BAR-NADA', 'clave': 'exceso', 'n': 1, 'gana': 0, 'pierde': 1, 'empata': 0, 'dif_med': -0.2, 'p_signo': 1.0}
  {'par': 'BAR-NADA', 'clave': 'nac', 'n': 1, 'gana': 1, 'pierde': 0, 'empata': 0, 'dif_med': 1.0, 'p_signo': 1.0}
VEREDICTO por la letra (PREREGISTRO_n10.md sec. 6):
  VEREDICTO: HUMO: no hay veredicto (una semilla de practica)

escrito: C:\Users\User\Documents\PROYECTOS\JUACO\bundle\experimentos\subida_n10\datos\humo\n10_humo_MIX_s12391_T3000_20260923_153806.json (4edc42a8a819a592) · crudo C:\Users\User\Documents\PROYECTOS\JUACO\bundle\experimentos\subida_n10\datos\humo\n10_humo_MIX_s12391_T3000_20260923_153806_crudo.json.gz
