corre_n10 · n10_humo_todos_s12391_T20000 · 20260923_153432 · python 3.14.2 · corre_n10.py b570b18f7a962cad
shas: pista2.py=4d2bee16e7961261 motor_convive.py=d10cb9021f5d0f41 corre_convive.py=e6dadfdad9c379cd FABRICA.py=2ebee3e99ea5a33a FAMILIA_NADA.py=f7ae98715f170153 FAMILIA_PARTO.py=e8aeb6efd6307162 FAMILIA_BAR.py=46c09162e6d1ab55 FAMILIA_ORACULO.py=55df592f57671b54
  NADA     s12391    25.8 s · NADA: tam 9.48 nac 102 sinext 0 R0nac 0.02 vida nac/fund 92.0/116.0
  PARTO    s12391    26.6 s · PARTO: tam 9.64 nac 95 sinext 0 R0nac 0.2128 vida nac/fund 152.5/122.0
  BAR      s12391    29.0 s · BAR: tam 9.5 nac 84 sinext 0 R0nac 0.0682 vida nac/fund 87.0/112.0
  ORACULO  s12391    30.9 s · ORACULO: tam 11.11 nac 121 sinext 0 R0nac 0.5439 vida nac/fund 200.0/106.0
  MIX      s12391    29.9 s · BAR: tam 3.14 nac 30 sinext 0 R0nac 0.05 vida nac/fund 68.5/117.0 · NADA: tam 3.29 nac 29 sinext 0 R0nac 0.25 vida nac/fund 143.0/106.0 · PARTO: tam 3.41 nac 36 sinext 0 R0nac 0.0588 vida nac/fund 96.0/115.0

AGREGADO (medianas por semilla) · 1 semillas · 142 s de pared
  NADA     {'tam_carro': 9.48, 'nac': 102.0, 'fundadores': 452.0, 'linajes_sin_ext': 0.0, 'persisten': 0.0, 'R0_nacidos': 0.02, 'R0_fund': 0.2213, 'vida_nacidos': 92.0, 'vida_fund': 116.0, 'frac_mala_nacidos': 0.0, 'gen_max': 2.0, 'semillas': 1, 'persiste_carro': 0, 'bloqueados': 0}
  PARTO    {'tam_carro': 9.64, 'nac': 95.0, 'fundadores': 480.0, 'linajes_sin_ext': 0.0, 'persisten': 0.0, 'R0_nacidos': 0.2128, 'R0_fund': 0.1727, 'vida_nacidos': 152.5, 'vida_fund': 122.0, 'frac_mala_nacidos': 0.0, 'gen_max': 3.0, 'semillas': 1, 'persiste_carro': 0, 'bloqueados': 0}
  BAR      {'tam_carro': 9.5, 'nac': 84.0, 'fundadores': 491.0, 'linajes_sin_ext': 0.0, 'persisten': 0.0, 'R0_nacidos': 0.0682, 'R0_fund': 0.1895, 'vida_nacidos': 87.0, 'vida_fund': 112.0, 'frac_mala_nacidos': 0.0, 'gen_max': 2.0, 'semillas': 1, 'persiste_carro': 0, 'bloqueados': 0}
  ORACULO  {'tam_carro': 11.11, 'nac': 121.0, 'fundadores': 474.0, 'linajes_sin_ext': 0.0, 'persisten': 0.0, 'R0_nacidos': 0.5439, 'R0_fund': 0.1423, 'vida_nacidos': 200.0, 'vida_fund': 106.0, 'frac_mala_nacidos': 0.0, 'gen_max': 6.0, 'semillas': 1, 'persiste_carro': 0, 'bloqueados': 0}
PAREADOS (monocultivo, por semilla):
  {'par': 'PARTO-NADA', 'clave': 'tam_carro', 'n': 1, 'gana': 1, 'pierde': 0, 'empata': 0, 'dif_med': 0.16, 'p_signo': 1.0}
  {'par': 'PARTO-NADA', 'clave': 'nac', 'n': 1, 'gana': 0, 'pierde': 1, 'empata': 0, 'dif_med': -7.0, 'p_signo': 1.0}
  {'par': 'PARTO-NADA', 'clave': 'R0_nacidos', 'n': 1, 'gana': 1, 'pierde': 0, 'empata': 0, 'dif_med': 0.1928, 'p_signo': 1.0}
  {'par': 'PARTO-BAR', 'clave': 'tam_carro', 'n': 1, 'gana': 1, 'pierde': 0, 'empata': 0, 'dif_med': 0.14, 'p_signo': 1.0}
  {'par': 'PARTO-BAR', 'clave': 'nac', 'n': 1, 'gana': 1, 'pierde': 0, 'empata': 0, 'dif_med': 11.0, 'p_signo': 1.0}
  {'par': 'PARTO-BAR', 'clave': 'R0_nacidos', 'n': 1, 'gana': 1, 'pierde': 0, 'empata': 0, 'dif_med': 0.1446, 'p_signo': 1.0}
  {'par': 'BAR-NADA', 'clave': 'tam_carro', 'n': 1, 'gana': 1, 'pierde': 0, 'empata': 0, 'dif_med': 0.02, 'p_signo': 1.0}
  {'par': 'BAR-NADA', 'clave': 'nac', 'n': 1, 'gana': 0, 'pierde': 1, 'empata': 0, 'dif_med': -18.0, 'p_signo': 1.0}
  {'par': 'BAR-NADA', 'clave': 'R0_nacidos', 'n': 1, 'gana': 1, 'pierde': 0, 'empata': 0, 'dif_med': 0.0482, 'p_signo': 1.0}
  {'par': 'ORACULO-PARTO', 'clave': 'tam_carro', 'n': 1, 'gana': 1, 'pierde': 0, 'empata': 0, 'dif_med': 1.47, 'p_signo': 1.0}
  {'par': 'ORACULO-PARTO', 'clave': 'nac', 'n': 1, 'gana': 1, 'pierde': 0, 'empata': 0, 'dif_med': 26.0, 'p_signo': 1.0}
  {'par': 'ORACULO-PARTO', 'clave': 'R0_nacidos', 'n': 1, 'gana': 1, 'pierde': 0, 'empata': 0, 'dif_med': 0.3311, 'p_signo': 1.0}
  {'par': 'ORACULO-NADA', 'clave': 'tam_carro', 'n': 1, 'gana': 1, 'pierde': 0, 'empata': 0, 'dif_med': 1.63, 'p_signo': 1.0}
  {'par': 'ORACULO-NADA', 'clave': 'nac', 'n': 1, 'gana': 1, 'pierde': 0, 'empata': 0, 'dif_med': 19.0, 'p_signo': 1.0}
  {'par': 'ORACULO-NADA', 'clave': 'R0_nacidos', 'n': 1, 'gana': 1, 'pierde': 0, 'empata': 0, 'dif_med': 0.5239, 'p_signo': 1.0}
PAREADOS (MIX, dentro del mismo mundo):
  {'par': 'PARTO-NADA', 'clave': 'tam_carro', 'n': 1, 'gana': 1, 'pierde': 0, 'empata': 0, 'dif_med': 0.12, 'p_signo': 1.0}
  {'par': 'PARTO-NADA', 'clave': 'nac', 'n': 1, 'gana': 1, 'pierde': 0, 'empata': 0, 'dif_med': 7.0, 'p_signo': 1.0}
  {'par': 'PARTO-BAR', 'clave': 'tam_carro', 'n': 1, 'gana': 1, 'pierde': 0, 'empata': 0, 'dif_med': 0.27, 'p_signo': 1.0}
  {'par': 'PARTO-BAR', 'clave': 'nac', 'n': 1, 'gana': 1, 'pierde': 0, 'empata': 0, 'dif_med': 6.0, 'p_signo': 1.0}
  {'par': 'BAR-NADA', 'clave': 'tam_carro', 'n': 1, 'gana': 0, 'pierde': 1, 'empata': 0, 'dif_med': -0.15, 'p_signo': 1.0}
  {'par': 'BAR-NADA', 'clave': 'nac', 'n': 1, 'gana': 1, 'pierde': 0, 'empata': 0, 'dif_med': 1.0, 'p_signo': 1.0}
VEREDICTO por la letra (PREREGISTRO_n10.md sec. 6):
  VEREDICTO: HUMO: no hay veredicto (una semilla de practica)

escrito: C:\Users\User\Documents\PROYECTOS\JUACO\bundle\experimentos\subida_n10\datos\humo\n10_humo_todos_s12391_T20000_20260923_153432.json (e11f489c45352b39) · crudo C:\Users\User\Documents\PROYECTOS\JUACO\bundle\experimentos\subida_n10\datos\humo\n10_humo_todos_s12391_T20000_20260923_153432_crudo.json.gz
