[13:55:45] ECO_SEL eco_sel_serie_s45301-45320 · T 1000000 · brazos {'F1': ('MUT0', 'FAMB_RES0_ECO', 1), 'SEL_M': ('MARGEN', 'FAMB_RES0_ECO', 1), 'AZA_M': ('MARGEN_AZAR', 'FAMB_RES0_ECO', 1), 'SEL_C': ('CEREBRO', 'FAMB_RES0_ECO', 1), 'AZA_C': ('CEREBRO_AZAR', 'FAMB_RES0_ECO', 1)} · pool 6 · motor GEMELO motor_frio_rapido · shas {'corre_eco_sel.py': '74aff2f668c2c97a', 'nucleo_eco_sel.py': '6a36e47ce61db3e1', 'construye_eco_sel.py': 'f2f5ed3c54d1b2c5', 'PREREGISTRO_eco_sel.md': '7c5fbfe0e109e0f9', 'frio/corre_frio.py': '3ba8b0f5cf1fbbfa', 'frio/motor_frio_rapido.py': 'ff9d890a5cce9dec', 'juaco_eco/corre_eco_v12.py': '1340d268e1fd93d8', 'juaco_eco/corre_eco.py': '47d9cee4d6462116', 'juaco_eco/motor_eco.py': 'bca3033878b59622', 'juaco_eco/carros/FAMB_RES0_ECO.py': '94ea78589bc2ce24'}
[13:56:28] [1/100] SEL_C s45304: persiste 1 (vivos 36) · K 37.2 · t_ext None · refundados 0 · n_nac 17332 · genes vivos T - · aborto None (41.7 s; 43 s)
[13:56:30] [2/100] SEL_C s45303: persiste 1 (vivos 30) · K 38.44 · t_ext None · refundados 0 · n_nac 17175 · genes vivos T - · aborto None (43.2 s; 45 s)
[13:56:30] [3/100] SEL_C s45306: persiste 1 (vivos 41) · K 39.52 · t_ext None · refundados 0 · n_nac 17316 · genes vivos T - · aborto None (43.4 s; 45 s)
[13:56:31] [4/100] SEL_C s45302: persiste 1 (vivos 46) · K 38.86 · t_ext None · refundados 0 · n_nac 17730 · genes vivos T - · aborto None (44.1 s; 46 s)
[13:56:31] [5/100] SEL_C s45301: persiste 1 (vivos 38) · K 39.49 · t_ext None · refundados 0 · n_nac 17507 · genes vivos T - · aborto None (44.2 s; 46 s)
[13:56:32] [6/100] SEL_C s45305: persiste 1 (vivos 37) · K 39.64 · t_ext None · refundados 0 · n_nac 17953 · genes vivos T - · aborto None (45.1 s; 47 s)
[13:57:10] [7/100] SEL_C s45307: persiste 1 (vivos 32) · K 38.61 · t_ext None · refundados 0 · n_nac 17507 · genes vivos T - · aborto None (41.7 s; 85 s)
[13:57:12] [8/100] SEL_C s45309: persiste 1 (vivos 47) · K 38.96 · t_ext None · refundados 0 · n_nac 17659 · genes vivos T - · aborto None (41.8 s; 87 s)
[13:57:12] [9/100] SEL_C s45308: persiste 1 (vivos 42) · K 39.19 · t_ext None · refundados 0 · n_nac 17797 · genes vivos T - · aborto None (42.4 s; 87 s)
[13:57:13] [10/100] SEL_C s45310: persiste 1 (vivos 45) · K 38.92 · t_ext None · refundados 0 · n_nac 17616 · genes vivos T - · aborto None (42.6 s; 88 s)
[13:57:14] [11/100] SEL_C s45311: persiste 1 (vivos 42) · K 39.63 · t_ext None · refundados 0 · n_nac 17651 · genes vivos T - · aborto None (42.7 s; 88 s)
[13:57:15] [12/100] SEL_C s45312: persiste 1 (vivos 38) · K 39.51 · t_ext None · refundados 0 · n_nac 17938 · genes vivos T - · aborto None (43.4 s; 90 s)
[13:57:53] [13/100] SEL_C s45313: persiste 1 (vivos 38) · K 38.78 · t_ext None · refundados 0 · n_nac 17259 · genes vivos T - · aborto None (42.5 s; 128 s)
[13:57:54] [14/100] SEL_C s45315: persiste 1 (vivos 38) · K 38.62 · t_ext None · refundados 0 · n_nac 17171 · genes vivos T - · aborto None (41.8 s; 129 s)
[13:57:54] [15/100] SEL_C s45314: persiste 1 (vivos 36) · K 38.31 · t_ext None · refundados 0 · n_nac 17331 · genes vivos T - · aborto None (42.5 s; 129 s)
[13:57:56] [16/100] SEL_C s45317: persiste 1 (vivos 36) · K 38.64 · t_ext None · refundados 0 · n_nac 17141 · genes vivos T - · aborto None (42.3 s; 131 s)
[13:57:57] [17/100] SEL_C s45316: persiste 1 (vivos 32) · K 39.89 · t_ext None · refundados 0 · n_nac 17805 · genes vivos T - · aborto None (43.2 s; 131 s)
[13:57:59] [18/100] SEL_C s45318: persiste 1 (vivos 27) · K 39.36 · t_ext None · refundados 0 · n_nac 17823 · genes vivos T - · aborto None (43.5 s; 134 s)
[13:58:36] [19/100] SEL_M s45301: persiste 1 (vivos 40) · K 35.31 · t_ext None · refundados 0 · n_nac 26256 · genes vivos T {'rep_umbral': 0.562668} · aborto None (41.2 s; 171 s)
[13:58:37] [20/100] SEL_C s45320: persiste 1 (vivos 33) · K 38.85 · t_ext None · refundados 0 · n_nac 17200 · genes vivos T - · aborto None (42.4 s; 172 s)
[13:58:37] [21/100] SEL_C s45319: persiste 1 (vivos 41) · K 39.78 · t_ext None · refundados 0 · n_nac 17304 · genes vivos T - · aborto None (44.0 s; 172 s)
[13:58:39] [22/100] SEL_M s45302: persiste 1 (vivos 35) · K 35.56 · t_ext None · refundados 0 · n_nac 27959 · genes vivos T {'rep_umbral': 0.582453} · aborto None (43.1 s; 174 s)
[13:58:39] [23/100] SEL_M s45303: persiste 1 (vivos 27) · K 35.67 · t_ext None · refundados 0 · n_nac 27686 · genes vivos T {'rep_umbral': 0.552591} · aborto None (42.6 s; 174 s)
[13:58:41] [24/100] SEL_M s45304: persiste 1 (vivos 36) · K 35.28 · t_ext None · refundados 0 · n_nac 26001 · genes vivos T {'rep_umbral': 0.521878} · aborto None (41.7 s; 175 s)
[13:59:18] [25/100] SEL_M s45307: persiste 1 (vivos 29) · K 34.63 · t_ext None · refundados 0 · n_nac 24967 · genes vivos T {'rep_umbral': 0.500857} · aborto None (41.4 s; 213 s)
[13:59:19] [26/100] SEL_M s45305: persiste 1 (vivos 34) · K 34.08 · t_ext None · refundados 0 · n_nac 26331 · genes vivos T {'rep_umbral': 0.978652} · aborto None (43.1 s; 214 s)
[13:59:20] [27/100] SEL_M s45306: persiste 1 (vivos 32) · K 35.39 · t_ext None · refundados 0 · n_nac 27996 · genes vivos T {'rep_umbral': 0.545766} · aborto None (43.5 s; 215 s)
[13:59:21] [28/100] SEL_M s45309: persiste 1 (vivos 20) · K 33.74 · t_ext None · refundados 0 · n_nac 25840 · genes vivos T {'rep_umbral': 0.530577} · aborto None (41.4 s; 216 s)
[13:59:23] [29/100] SEL_M s45308: persiste 1 (vivos 46) · K 34.68 · t_ext None · refundados 0 · n_nac 27009 · genes vivos T {'rep_umbral': 0.501612} · aborto None (43.5 s; 218 s)
[13:59:25] [30/100] SEL_M s45310: persiste 1 (vivos 28) · K 35.58 · t_ext None · refundados 0 · n_nac 28393 · genes vivos T {'rep_umbral': 0.805861} · aborto None (44.3 s; 220 s)
[13:59:56] [31/100] SEL_M s45311: persiste 1 (vivos 27) · K 32.66 · t_ext None · refundados 0 · n_nac 21480 · genes vivos T {'rep_umbral': 1.068122} · aborto None (38.3 s; 251 s)
[14:00:01] [32/100] SEL_M s45312: persiste 1 (vivos 41) · K 34.95 · t_ext None · refundados 0 · n_nac 27990 · genes vivos T {'rep_umbral': 0.571942} · aborto None (42.1 s; 256 s)
[14:00:02] [33/100] SEL_M s45313: persiste 1 (vivos 37) · K 35.03 · t_ext None · refundados 0 · n_nac 27196 · genes vivos T {'rep_umbral': 0.850152} · aborto None (42.1 s; 257 s)
[14:00:03] [34/100] SEL_M s45314: persiste 1 (vivos 27) · K 34.09 · t_ext None · refundados 0 · n_nac 27506 · genes vivos T {'rep_umbral': 0.798055} · aborto None (42.4 s; 258 s)
[14:00:07] [35/100] SEL_M s45315: persiste 1 (vivos 36) · K 35.65 · t_ext None · refundados 0 · n_nac 29297 · genes vivos T {'rep_umbral': 0.551093} · aborto None (44.5 s; 262 s)
[14:00:09] [36/100] SEL_M s45316: persiste 1 (vivos 35) · K 35.56 · t_ext None · refundados 0 · n_nac 29541 · genes vivos T {'rep_umbral': 0.512887} · aborto None (43.9 s; 264 s)
[14:00:38] [37/100] SEL_M s45317: persiste 1 (vivos 42) · K 34.85 · t_ext None · refundados 0 · n_nac 26369 · genes vivos T {'rep_umbral': 0.627175} · aborto None (41.6 s; 293 s)
[14:00:41] [38/100] SEL_M s45319: persiste 1 (vivos 37) · K 33.33 · t_ext None · refundados 0 · n_nac 23803 · genes vivos T {'rep_umbral': 0.730503} · aborto None (39.1 s; 296 s)
[14:00:44] [39/100] SEL_M s45318: persiste 1 (vivos 22) · K 34.84 · t_ext None · refundados 0 · n_nac 26882 · genes vivos T {'rep_umbral': 0.755809} · aborto None (42.8 s; 299 s)
[14:00:44] [40/100] F1 s45301: persiste 1 (vivos 32) · K 30.98 · t_ext None · refundados 0 · n_nac 18247 · genes vivos T - · aborto None (36.7 s; 299 s)
[14:00:46] [41/100] SEL_M s45320: persiste 1 (vivos 33) · K 34.87 · t_ext None · refundados 0 · n_nac 26727 · genes vivos T {'rep_umbral': 0.540994} · aborto None (42.4 s; 301 s)
[14:00:46] [42/100] F1 s45302: persiste 1 (vivos 36) · K 31.26 · t_ext None · refundados 0 · n_nac 18501 · genes vivos T - · aborto None (36.8 s; 301 s)
[14:01:14] [43/100] F1 s45303: persiste 1 (vivos 29) · K 30.79 · t_ext None · refundados 0 · n_nac 18430 · genes vivos T - · aborto None (35.5 s; 329 s)
[14:01:17] [44/100] F1 s45304: persiste 1 (vivos 33) · K 30.72 · t_ext None · refundados 0 · n_nac 18247 · genes vivos T - · aborto None (35.5 s; 332 s)
[14:01:20] [45/100] F1 s45306: persiste 1 (vivos 26) · K 30.79 · t_ext None · refundados 0 · n_nac 18288 · genes vivos T - · aborto None (36.0 s; 335 s)
[14:01:21] [46/100] F1 s45305: persiste 1 (vivos 32) · K 30.77 · t_ext None · refundados 0 · n_nac 18462 · genes vivos T - · aborto None (36.5 s; 335 s)
[14:01:22] [47/100] F1 s45307: persiste 1 (vivos 29) · K 31.28 · t_ext None · refundados 0 · n_nac 18411 · genes vivos T - · aborto None (36.1 s; 337 s)
[14:01:23] [48/100] F1 s45308: persiste 1 (vivos 33) · K 31.67 · t_ext None · refundados 0 · n_nac 18659 · genes vivos T - · aborto None (36.8 s; 338 s)
[14:01:49] [49/100] F1 s45309: persiste 1 (vivos 29) · K 30.29 · t_ext None · refundados 0 · n_nac 18176 · genes vivos T - · aborto None (35.7 s; 364 s)
[14:01:52] [50/100] F1 s45310: persiste 1 (vivos 26) · K 30.63 · t_ext None · refundados 0 · n_nac 18207 · genes vivos T - · aborto None (35.4 s; 367 s)
[14:01:57] [51/100] F1 s45313: persiste 1 (vivos 24) · K 30.3 · t_ext None · refundados 0 · n_nac 18144 · genes vivos T - · aborto None (35.0 s; 372 s)
[14:01:57] [52/100] F1 s45311: persiste 1 (vivos 30) · K 30.55 · t_ext None · refundados 0 · n_nac 18449 · genes vivos T - · aborto None (36.9 s; 372 s)
[14:01:57] [53/100] F1 s45312: persiste 1 (vivos 28) · K 31.48 · t_ext None · refundados 0 · n_nac 18598 · genes vivos T - · aborto None (36.7 s; 372 s)
[14:02:00] [54/100] F1 s45314: persiste 1 (vivos 28) · K 30.91 · t_ext None · refundados 0 · n_nac 18351 · genes vivos T - · aborto None (37.1 s; 375 s)
[14:02:25] [55/100] F1 s45315: persiste 1 (vivos 33) · K 30.76 · t_ext None · refundados 0 · n_nac 18373 · genes vivos T - · aborto None (35.5 s; 400 s)
[14:02:29] [56/100] F1 s45316: persiste 1 (vivos 29) · K 30.94 · t_ext None · refundados 0 · n_nac 18493 · genes vivos T - · aborto None (36.0 s; 403 s)
[14:02:33] [57/100] F1 s45317: persiste 1 (vivos 28) · K 31.13 · t_ext None · refundados 0 · n_nac 18465 · genes vivos T - · aborto None (36.3 s; 408 s)
[14:02:34] [58/100] F1 s45319: persiste 1 (vivos 42) · K 31.42 · t_ext None · refundados 0 · n_nac 18484 · genes vivos T - · aborto None (36.2 s; 408 s)
[14:02:34] [59/100] F1 s45318: persiste 1 (vivos 26) · K 30.43 · t_ext None · refundados 0 · n_nac 18266 · genes vivos T - · aborto None (36.7 s; 409 s)
[14:02:36] [60/100] F1 s45320: persiste 1 (vivos 33) · K 30.92 · t_ext None · refundados 0 · n_nac 18153 · genes vivos T - · aborto None (36.4 s; 411 s)
[14:02:48] [61/100] AZA_M s45305: persiste 0 (vivos 0) · K 0.53 · t_ext 623099 · refundados 0 · n_nac 5049 · genes vivos T None · aborto None (14.4 s; 423 s)
[14:02:49] [62/100] AZA_M s45301: persiste 1 (vivos 19) · K 18.24 · t_ext None · refundados 0 · n_nac 7256 · genes vivos T {'rep_umbral': 1.27398} · aborto None (24.5 s; 424 s)
[14:02:52] [63/100] AZA_M s45306: persiste 0 (vivos 0) · K 4.77 · t_ext 861328 · refundados 0 · n_nac 4309 · genes vivos T None · aborto None (16.0 s; 427 s)
[14:02:59] [64/100] AZA_M s45302: persiste 1 (vivos 29) · K 22.51 · t_ext None · refundados 0 · n_nac 12375 · genes vivos T {'rep_umbral': 1.196212} · aborto None (30.9 s; 434 s)
[14:03:01] [65/100] AZA_M s45304: persiste 1 (vivos 18) · K 17.79 · t_ext None · refundados 0 · n_nac 10848 · genes vivos T {'rep_umbral': 1.284421} · aborto None (27.4 s; 436 s)
[14:03:04] [66/100] AZA_M s45303: persiste 1 (vivos 26) · K 26.83 · t_ext None · refundados 0 · n_nac 12778 · genes vivos T {'rep_umbral': 1.081062} · aborto None (31.0 s; 439 s)
[14:03:06] [67/100] AZA_M s45307: persiste 1 (vivos 1) · K 3.03 · t_ext None · refundados 0 · n_nac 6345 · genes vivos T {'rep_umbral': 1.45} · aborto None (17.6 s; 441 s)
[14:03:12] [68/100] AZA_M s45308: persiste 1 (vivos 13) · K 17.18 · t_ext None · refundados 0 · n_nac 5552 · genes vivos T {'rep_umbral': 1.267271} · aborto None (22.0 s; 446 s)
[14:03:17] [69/100] AZA_M s45310: persiste 0 (vivos 0) · K 4.51 · t_ext 782324 · refundados 0 · n_nac 6164 · genes vivos T None · aborto None (17.6 s; 452 s)
[14:03:27] [70/100] AZA_M s45314: persiste 0 (vivos 0) · K 3.92 · t_ext 674345 · refundados 0 · n_nac 4892 · genes vivos T None · aborto None (15.5 s; 462 s)
[14:03:28] [71/100] AZA_M s45309: persiste 1 (vivos 33) · K 30.48 · t_ext None · refundados 0 · n_nac 16789 · genes vivos T {'rep_umbral': 1.011775} · aborto None (35.4 s; 463 s)
[14:03:33] [72/100] AZA_M s45312: persiste 1 (vivos 30) · K 24.04 · t_ext None · refundados 0 · n_nac 10092 · genes vivos T {'rep_umbral': 1.140005} · aborto None (28.6 s; 468 s)
[14:03:41] [73/100] AZA_M s45313: persiste 1 (vivos 27) · K 29.1 · t_ext None · refundados 0 · n_nac 15751 · genes vivos T {'rep_umbral': 1.140223} · aborto None (34.9 s; 476 s)
[14:03:41] [74/100] AZA_M s45311: persiste 1 (vivos 33) · K 33.71 · t_ext None · refundados 0 · n_nac 21680 · genes vivos T {'rep_umbral': 0.628032} · aborto None (40.1 s; 476 s)
[14:03:51] [75/100] AZA_M s45317: persiste 1 (vivos 8) · K 14.43 · t_ext None · refundados 0 · n_nac 6769 · genes vivos T {'rep_umbral': 1.43224} · aborto None (23.1 s; 486 s)
[14:03:52] [76/100] AZA_M s45315: persiste 1 (vivos 30) · K 28.88 · t_ext None · refundados 0 · n_nac 15631 · genes vivos T {'rep_umbral': 0.883219} · aborto None (34.5 s; 487 s)
[14:03:57] [77/100] AZA_M s45316: persiste 1 (vivos 15) · K 22.63 · t_ext None · refundados 0 · n_nac 10970 · genes vivos T {'rep_umbral': 1.242193} · aborto None (29.8 s; 492 s)
[14:03:58] [78/100] AZA_M s45318: persiste 1 (vivos 2) · K 13.36 · t_ext None · refundados 0 · n_nac 9175 · genes vivos T {'rep_umbral': 1.405917} · aborto None (24.8 s; 493 s)
[14:04:08] [79/100] AZA_M s45319: persiste 1 (vivos 22) · K 22.14 · t_ext None · refundados 0 · n_nac 8186 · genes vivos T {'rep_umbral': 1.210815} · aborto None (26.9 s; 503 s)
[14:04:10] [80/100] AZA_M s45320: persiste 1 (vivos 28) · K 24.46 · t_ext None · refundados 0 · n_nac 10416 · genes vivos T {'rep_umbral': 0.963552} · aborto None (28.3 s; 504 s)
[14:04:23] [81/100] AZA_C s45301: persiste 1 (vivos 42) · K 26.39 · t_ext None · refundados 0 · n_nac 16399 · genes vivos T - · aborto None (32.7 s; 518 s)
[14:04:25] [82/100] AZA_C s45302: persiste 1 (vivos 31) · K 25.98 · t_ext None · refundados 0 · n_nac 16397 · genes vivos T - · aborto None (33.2 s; 520 s)
[14:04:25] [83/100] AZA_C s45304: persiste 1 (vivos 25) · K 16.33 · t_ext None · refundados 0 · n_nac 15062 · genes vivos T - · aborto None (27.7 s; 520 s)
[14:04:35] [84/100] AZA_C s45306: persiste 1 (vivos 21) · K 16.58 · t_ext None · refundados 0 · n_nac 13540 · genes vivos T - · aborto None (25.1 s; 530 s)
[14:04:35] [85/100] AZA_C s45303: persiste 1 (vivos 28) · K 31.13 · t_ext None · refundados 0 · n_nac 18119 · genes vivos T - · aborto None (38.4 s; 530 s)
[14:04:45] [86/100] AZA_C s45305: persiste 1 (vivos 21) · K 30.72 · t_ext None · refundados 0 · n_nac 18542 · genes vivos T - · aborto None (37.3 s; 540 s)
[14:04:54] [87/100] AZA_C s45307: persiste 1 (vivos 33) · K 23.98 · t_ext None · refundados 0 · n_nac 15834 · genes vivos T - · aborto None (30.5 s; 549 s)
[14:04:55] [88/100] AZA_C s45309: persiste 1 (vivos 17) · K 16.54 · t_ext None · refundados 0 · n_nac 15639 · genes vivos T - · aborto None (29.1 s; 550 s)
[14:04:58] [89/100] AZA_C s45308: persiste 1 (vivos 29) · K 25.96 · t_ext None · refundados 0 · n_nac 17037 · genes vivos T - · aborto None (33.5 s; 553 s)
[14:05:05] [90/100] AZA_C s45310: persiste 1 (vivos 28) · K 20.11 · t_ext None · refundados 0 · n_nac 15523 · genes vivos T - · aborto None (30.4 s; 560 s)
[14:05:07] [91/100] AZA_C s45312: persiste 0 (vivos 0) · K 6.63 · t_ext 784078 · refundados 0 · n_nac 11097 · genes vivos T - · aborto None (21.8 s; 562 s)
[14:05:08] [92/100] AZA_C s45311: persiste 1 (vivos 33) · K 25.35 · t_ext None · refundados 0 · n_nac 15446 · genes vivos T - · aborto None (32.8 s; 563 s)
[14:05:14] [93/100] AZA_C s45315: persiste 0 (vivos 0) · K 0.86 · t_ext 565329 · refundados 0 · n_nac 7884 · genes vivos T - · aborto None (15.9 s; 569 s)
[14:05:29] [94/100] AZA_C s45313: persiste 1 (vivos 24) · K 23.15 · t_ext None · refundados 0 · n_nac 16498 · genes vivos T - · aborto None (34.8 s; 584 s)
[14:05:30] [95/100] AZA_C s45314: persiste 1 (vivos 23) · K 30.03 · t_ext None · refundados 0 · n_nac 15713 · genes vivos T - · aborto None (35.7 s; 585 s)
[14:05:33] [96/100] AZA_C s45319: persiste 0 (vivos 0) · K 4.63 · t_ext 718867 · refundados 0 · n_nac 8823 · genes vivos T - · aborto None (18.1 s; 587 s)
[14:05:43] [97/100] AZA_C s45316: persiste 1 (vivos 26) · K 26.5 · t_ext None · refundados 0 · n_nac 16420 · genes vivos T - · aborto None (37.4 s; 598 s)
[14:05:47] [98/100] AZA_C s45317: persiste 1 (vivos 33) · K 30.89 · t_ext None · refundados 0 · n_nac 17664 · genes vivos T - · aborto None (39.7 s; 602 s)
[14:05:47] [99/100] AZA_C s45318: persiste 1 (vivos 33) · K 28.13 · t_ext None · refundados 0 · n_nac 17864 · genes vivos T - · aborto None (38.7 s; 602 s)
[14:06:02] [100/100] AZA_C s45320: persiste 1 (vivos 29) · K 35.83 · t_ext None · refundados 0 · n_nac 17891 · genes vivos T - · aborto None (33.4 s; 617 s)
semillas por brazo: {'F1': 20, 'SEL_M': 20, 'AZA_M': 20, 'SEL_C': 20, 'AZA_C': 20}; persiste en T = 1000000: {'F1': 20, 'SEL_M': 20, 'AZA_M': 16, 'SEL_C': 20, 'AZA_C': 17}; abortos: []; t_corte distinto de 1: []; bloqueados: 0
CAPACIDAD K (media de cuerpos vivos en [T/2, T], extincion = 0), mediana sobre semillas: {'F1': 30.85, 'SEL_M': 34.91, 'AZA_M': 20.19, 'SEL_C': 38.94, 'AZA_C': 25.65}
V1 ancla F1 persiste >= 17/20: SE CUMPLE (20) · V2 frio limpio (0 refundados, 0 fundadores repuestos, los 5 brazos): SE CUMPLE []
V3 genetica declarada (mutables, 0 genes fuera de los mutables movidos, mutacion en >= 18/20; F1 sin mutacion): {'F1': (True, [], [], 0), 'SEL_M': (True, [], [], 20), 'AZA_M': (True, [], [], 20), 'SEL_C': (True, [], [], 20), 'AZA_C': (True, [], [], 20)}
[M] P1 firma del gen contra sus 8 sombras en t = 100000: rango medio (1..9, nula 5) <= 3.5 o >= 6.5 en algun gen de ['rep_umbral'] en SEL_M: SE CUMPLE ({'rep_umbral': 2.85}; salen [('rep_umbral', 2.85)]) · guardia: en AZA_M ningun gen sale: SE CUMPLE ({'rep_umbral': 4.5}) · descriptivo, prueba de ECO (fuera de las 8 sombras, +/-): SEL_M {'rep_umbral': (0, 7)} · AZA_M {'rep_umbral': (3, 3)}
[M] P2 SEL_M > F1 en K, pareado >= 15/20 y mediana de la diferencia >= +1.5: SE CUMPLE (20/20, mediana 4.13) · P3 SEL_M > AZA_M en K, pareado >= 15/20 (el mismo gen sin herencia): SE CUMPLE (19/20, mediana 15.06)
VEREDICTO M POR LA LETRA (una serie; el del bloque exige serie + replica con el mismo veredicto): FUNCIONA: LA SELECCION MUEVE EL MARGEN Y SUBE LA CAPACIDAD DEL LINAJE SOBRE F1; EL MISMO GEN SIN HERENCIA NO (en esta serie)
[C] P1 firma del gen contra sus 8 sombras en t = 100000: rango medio (1..9, nula 5) <= 3.5 o >= 6.5 en algun gen de ['alpha', 'aversion', 'tau_e'] en SEL_C: SE CUMPLE ({'alpha': 8.8, 'aversion': 6.8, 'tau_e': 2.05}; salen [('alpha', 8.8), ('aversion', 6.8), ('tau_e', 2.05)]) · guardia: en AZA_C ningun gen sale: SE CUMPLE ({'alpha': 4.7, 'aversion': 4.5, 'tau_e': 4.55}) · descriptivo, prueba de ECO (fuera de las 8 sombras, +/-): SEL_C {'alpha': (17, 0), 'aversion': (9, 2), 'tau_e': (0, 8)} · AZA_C {'alpha': (3, 3), 'aversion': (3, 5), 'tau_e': (2, 2)}
[C] P2 SEL_C > F1 en K, pareado >= 15/20 y mediana de la diferencia >= +1.5: SE CUMPLE (20/20, mediana 8.16) · P3 SEL_C > AZA_C en K, pareado >= 15/20 (el mismo gen sin herencia): SE CUMPLE (20/20, mediana 13.84)
VEREDICTO C POR LA LETRA (una serie; el del bloque exige serie + replica con el mismo veredicto): FUNCIONA: LA SELECCION MUEVE EL CEREBRO Y SUBE LA CAPACIDAD DEL LINAJE SOBRE F1; EL MISMO GEN SIN HERENCIA NO (en esta serie)
descriptivo, genes en los vivos en T (mediana sobre semillas de la media por semilla): rep_umbral SEL_M 0.5673 · AZA_M 1.2035; alpha SEL_C 2.0674 · AZA_C 1.5535; aversion SEL_C 1.0031 · AZA_C 1.0484
descriptivo, TERMO: semillas con la media de rep_umbral de los vivos en T dentro de (0.6, 0.9) (margen m = 1 - rep_umbral en [0.10, 0.40]): {'SEL_M': 6, 'AZA_M': 2}
descriptivo, NACIDOS en la segunda mitad (mediana): nacimientos {'F1': 9213.0, 'SEL_M': 14649.5, 'AZA_M': 3044.5, 'SEL_C': 8762.0, 'AZA_C': 7871.0}; vida media de los muertos {'F1': 1673.4, 'SEL_M': 1193.55, 'AZA_M': 3181.2, 'SEL_C': 2216.75, 'AZA_C': 1521.6}; fraccion de muertes por veneno + sal {'F1': 0.8157, 'SEL_M': 0.7546, 'AZA_M': 0.8267, 'SEL_C': 0.0219, 'AZA_C': 0.6952}; R0 de nacidos {'F1': 0.9999, 'SEL_M': 1.0002, 'AZA_M': 0.9975, 'SEL_C': 1.0017, 'AZA_C': 1.0011} (en el quimiostato ~1 por construccion: no informa)
[14:06:03] VEREDICTOS: {'M': 'FUNCIONA: LA SELECCION MUEVE EL MARGEN Y SUBE LA CAPACIDAD DEL LINAJE SOBRE F1; EL MISMO GEN SIN HERENCIA NO (en esta serie)', 'C': 'FUNCIONA: LA SELECCION MUEVE EL CEREBRO Y SUBE LA CAPACIDAD DEL LINAJE SOBRE F1; EL MISMO GEN SIN HERENCIA NO (en esta serie)'}
