[15:56:54 +    0.0s] SERIE del candidato V-5 (nivel 5, subida_n5, criterio ERR-90), Pool(6).
[15:56:54 +    0.0s] El mundo, el canal y el EMISOR son los del bloque 6, SIN TOCAR. Lo unico nuevo es COMO LEE la tabla,
[15:56:54 +    0.0s] y el CRITERIO: puertas ABSOLUTAS (ERR-90), nunca relativas a CORTADO.
[15:56:54 +    0.0s] celdas ['b4b', 'b6suf', 'BA-v', 'BA-v5', 'BA-v5-sh', 'b5k3-v5']  brazos ['CANAL', 'CORTADO', 'BAR-H', 'BAR-T', 'VALOR', 'PAR', 'PAR0']  semillas 25701-25720  T = 100000 
[15:56:54 +    0.0s]     sha script                   a543f997f6133764
[15:56:54 +    0.0s]     sha constructor              09df2ad401dc797d
[15:56:54 +    0.0s]     sha instrumento              b6138d31e232b896
[15:56:54 +    0.0s]     sha arnes                    33a2491aedeb4113
[15:56:54 +    0.0s]     sha preregistro              f76a8eb15130b9d5
[15:56:54 +    0.0s]     sha origen_bav               2dca0a3e239481f0
[15:56:54 +    0.0s]     sha runner_bav               4453754a9921e349
[15:56:54 +    0.0s]     sha origen_ba                1f196ee786b2040d
[15:56:54 +    0.0s]     sha origen_a1                8833e1dcfb62f26d
[15:56:54 +    0.0s]     sha origen_b6                b10cbd4ddd0c32a3
[15:56:54 +    0.0s]     sha origen_b5                e0b6b90f6f92d5c1
[15:56:54 +    0.0s]     sha origen_b4b               b3dd1d7e66a2d147
[15:56:54 +    0.0s]     sha runner_bloque6           88253f352d921c42
[15:56:54 +    0.0s]     sha origen_organismo_v14     feefc88b1fd8d434
[15:56:54 +    0.0s]     origenes verificados -> OK
[15:56:55 +    0.7s] ETAPA 1/4 - DIAGNOSTICO ESTRUCTURAL (T = 0, 20 semillas)
[15:56:55 +    0.8s]     alias por par mediana 0.0141  piso de forma 4.0/32
[15:56:55 +    0.8s] ETAPA 2/4 - EMISORES (20 corridas de 100000 pasos; son los del bloque 6 bit a bit)
[15:57:50 +   55.5s]     emiten 20/20; sin mensaje (se EXCLUYEN, P-I2): []
[15:57:50 +   55.5s] ETAPA 3/4 - REGLA 14: la ENTRADA, campo a campo contra el bloque 6
[15:57:50 +   55.5s]     REGLA 14 - entrada campo a campo contra el bloque 6: 33 campos comunes, IDENTICOS
[15:57:50 +   55.5s]        campos: ['T', 'cambio', 'canal', 'costo', 'crit_exp', 'deriva', 'desambiguar', 'exc_fija', 'fam_D', 'fam_F', 'fam_V', 'fam_nvar', 'fam_seed', 'fam_val', 'k_ganadoras', 'ktop', 'largo', 'log_cada', 'memoria_pares', 'memoria_variante', 'mundo', 'n_exc', 'n_neu', 'nk', 'nkmax', 'nobj', 'par_herm', 'reg_b2', 'reg_b4', 'renov', 'seed', 'vent', 'vira']
[15:57:50 +   55.5s]        perillas de celda (las UNICAS que pueden diferir): ['baraja_msg', 'combina', 'conj_tipo', 'dentro', 'dos_tipos', 'eta_w', 'exige_dir', 'k_forma', 'k_ganadoras', 'k_var', 'memoria_variante', 'msg_elige', 'pesos_tipo', 'v5', 'var_cubre']
[15:57:50 +   55.5s] ETAPA 4/4 - RECEPTORES: 840 corridas de 100000 pasos...
[15:59:26 +  151.8s]           40/840
