CORRE_N9B · n9b_serie_apr-fab-plana-cruz-mundo_s13521-13540_T100000_20260923_203644 · python 3.14.2 · pool 6 · corre_n9b.py 4dd094bd8ef9223f
  sha experimentos\carrera_escuderias\pista.py 9f47c65e438e0ff4 (fijado 9f47c65e438e0ff4) OK
  sha experimentos\carrera_escuderias\juez.py 6a68f640a7832f12 (fijado 6a68f640a7832f12) OK
  sha experimentos\carrera_escuderias\revisa_carro.py 1c8a789f7427ab96 (fijado 1c8a789f7427ab96) OK
  sha experimentos\carrera_escuderias\carros\APR.py 4402aa5142065c72 (fijado 4402aa5142065c72) OK
  sha experimentos\carrera_escuderias\carros\FABRICA.py 2ebee3e99ea5a33a (fijado 2ebee3e99ea5a33a) OK
  sha experimentos\nivel09_cuerpo_nuevo_b2\organismo_f9c.py 9dd1fb91ecec35ae (fijado 9dd1fb91ecec35ae) OK
  construccion por anclas == carros en disco: OK {'APR': '4402aa5142065c72', 'FABRICA': '2ebee3e99ea5a33a', 'APR_LES_OFF': '513c2457d6d353b1', 'APR_LES_PLANA': 'da8b22798986b52a', 'APR_LES_CRUZ': '25503342098d2bf8', 'APR_LES_MUNDO': '349bc6061ce1fe60'}
  CHEQUEO ESTATICO APR: PASA
  CHEQUEO ESTATICO APR_LES_CRUZ: PASA
  CHEQUEO ESTATICO APR_LES_MUNDO: PASA
  CHEQUEO ESTATICO APR_LES_OFF: PASA
  CHEQUEO ESTATICO APR_LES_PLANA: PASA
  CHEQUEO ESTATICO FABRICA: PASA
  IDENTIDAD CORTA del juez (FABRICA == organismo_f9c REL, s 1, T 5000): OK
  MINI IDENTIDAD APR_LES_OFF == APR (N 9, s 13599, T 2000, toda la salida de pista.run): OK
  ENTRADA campo a campo (regla 14): corre_n9b.tarea == juez.tarea (9 FABRICA, s 13599, T 2000): OK
  [  174.9s] apr semilla 13522 (164.8s) R0 pista 0.3892
  [  177.5s] apr semilla 13524 (167.4s) R0 pista 0.3784
  [  179.0s] apr semilla 13521 (169.0s) R0 pista 0.3856
  [  179.4s] apr semilla 13523 (169.3s) R0 pista 0.3767
  [  180.7s] apr semilla 13525 (170.6s) R0 pista 0.381
  [  182.3s] apr semilla 13526 (172.2s) R0 pista 0.3869
  [  350.8s] apr semilla 13527 (175.8s) R0 pista 0.383
  [  353.7s] apr semilla 13528 (176.2s) R0 pista 0.3708
  [  354.9s] apr semilla 13530 (175.5s) R0 pista 0.3849
  [  356.6s] apr semilla 13531 (176.0s) R0 pista 0.3775
  [  357.0s] apr semilla 13529 (178.0s) R0 pista 0.3818
  [  359.4s] apr semilla 13532 (177.1s) R0 pista 0.3942
  [  481.3s] apr semilla 13533 (130.5s) R0 pista 0.3906
  [  491.4s] apr semilla 13535 (136.5s) R0 pista 0.3966
  [  492.2s] apr semilla 13534 (138.6s) R0 pista 0.3633
  [  494.2s] apr semilla 13536 (137.5s) R0 pista 0.3816
  [  497.5s] apr semilla 13537 (140.5s) R0 pista 0.3798
  [  500.1s] apr semilla 13538 (140.6s) R0 pista 0.4078
  [  659.2s] apr semilla 13539 (177.9s) R0 pista 0.3767
  [  669.0s] apr semilla 13540 (177.6s) R0 pista 0.3838
  [  684.7s] fab semilla 13521 (192.5s) R0 pista 0.3413
  [  686.2s] fab semilla 13522 (192.0s) R0 pista 0.3374
  [  690.9s] fab semilla 13523 (193.4s) R0 pista 0.3314
  [  695.0s] fab semilla 13524 (195.0s) R0 pista 0.3222
  [  841.1s] fab semilla 13525 (181.9s) R0 pista 0.3414
  [  851.7s] fab semilla 13526 (182.7s) R0 pista 0.3409
  [  870.4s] fab semilla 13528 (184.2s) R0 pista 0.3349
  [  871.0s] fab semilla 13527 (186.2s) R0 pista 0.3234
  [  874.3s] fab semilla 13529 (183.4s) R0 pista 0.3306
  [  879.5s] fab semilla 13530 (184.4s) R0 pista 0.3423
  [  990.8s] fab semilla 13531 (149.7s) R0 pista 0.3361
  [ 1002.8s] fab semilla 13532 (151.1s) R0 pista 0.3418
  [ 1019.8s] fab semilla 13534 (148.8s) R0 pista 0.3485
  [ 1021.3s] fab semilla 13533 (150.9s) R0 pista 0.332
  [ 1025.0s] fab semilla 13535 (150.7s) R0 pista 0.3335
  [ 1031.1s] fab semilla 13536 (151.7s) R0 pista 0.3421
  [ 1166.8s] fab semilla 13537 (176.0s) R0 pista 0.3292
  [ 1183.5s] fab semilla 13538 (180.7s) R0 pista 0.334
  [ 1192.0s] plana semilla 13521 (167.0s) R0 pista 0.3807
  [ 1198.8s] plana semilla 13522 (167.6s) R0 pista 0.3776
  [ 1202.5s] fab semilla 13539 (182.7s) R0 pista 0.3196
  [ 1203.3s] fab semilla 13540 (182.0s) R0 pista 0.3478
  [ 1331.7s] plana semilla 13523 (164.9s) R0 pista 0.3785
  [ 1349.5s] plana semilla 13524 (166.0s) R0 pista 0.3731
  [ 1362.1s] plana semilla 13525 (170.0s) R0 pista 0.3849
  [ 1368.8s] plana semilla 13526 (170.1s) R0 pista 0.3849
  [ 1370.4s] plana semilla 13527 (167.9s) R0 pista 0.4014
  [ 1372.8s] plana semilla 13528 (169.5s) R0 pista 0.3758
  [ 1507.3s] plana semilla 13529 (175.6s) R0 pista 0.411
  [ 1526.8s] plana semilla 13530 (177.4s) R0 pista 0.3773
  [ 1537.5s] plana semilla 13531 (175.4s) R0 pista 0.3948
  [ 1543.7s] plana semilla 13533 (173.3s) R0 pista 0.3853
  [ 1544.8s] plana semilla 13532 (176.0s) R0 pista 0.391
  [ 1546.9s] plana semilla 13534 (174.1s) R0 pista 0.3776
  [ 1676.4s] plana semilla 13535 (169.1s) R0 pista 0.3689
  [ 1694.5s] plana semilla 13536 (167.6s) R0 pista 0.3748
  [ 1706.8s] plana semilla 13537 (169.3s) R0 pista 0.3825
  [ 1711.8s] plana semilla 13538 (168.1s) R0 pista 0.3717
  [ 1713.7s] plana semilla 13539 (168.9s) R0 pista 0.3787
  [ 1715.4s] plana semilla 13540 (168.5s) R0 pista 0.3743
  [ 1838.3s] cruz semilla 13521 (161.9s) R0 pista 0.3877
  [ 1853.8s] cruz semilla 13522 (159.4s) R0 pista 0.3756
  [ 1864.6s] cruz semilla 13523 (157.8s) R0 pista 0.3766
  [ 1867.9s] cruz semilla 13524 (156.1s) R0 pista 0.3786
  [ 1868.4s] cruz semilla 13526 (153.0s) R0 pista 0.395
  [ 1871.5s] cruz semilla 13525 (157.8s) R0 pista 0.3908
  [ 1966.5s] cruz semilla 13527 (128.2s) R0 pista 0.3946
  [ 1987.4s] cruz semilla 13528 (133.6s) R0 pista 0.3693
  [ 1999.7s] cruz semilla 13529 (135.0s) R0 pista 0.3793
  [ 2003.9s] cruz semilla 13530 (136.0s) R0 pista 0.3787
  [ 2006.0s] cruz semilla 13531 (137.6s) R0 pista 0.3842
  [ 2007.9s] cruz semilla 13532 (136.3s) R0 pista 0.3867
  [ 2115.1s] cruz semilla 13533 (148.6s) R0 pista 0.3805
  [ 2147.4s] cruz semilla 13534 (160.0s) R0 pista 0.3844
  [ 2163.7s] cruz semilla 13535 (164.0s) R0 pista 0.3835
  [ 2169.6s] cruz semilla 13537 (163.6s) R0 pista 0.3842
  [ 2169.9s] cruz semilla 13536 (166.0s) R0 pista 0.3674
  [ 2173.4s] cruz semilla 13538 (165.5s) R0 pista 0.3817
  [ 2286.4s] cruz semilla 13539 (171.3s) R0 pista 0.3983
  [ 2317.7s] cruz semilla 13540 (170.3s) R0 pista 0.3896
  [ 2334.8s] mundo semilla 13521 (171.1s) R0 pista 0.3786
  [ 2340.6s] mundo semilla 13522 (171.0s) R0 pista 0.3929
  [ 2340.8s] mundo semilla 13523 (170.9s) R0 pista 0.3843
  [ 2345.3s] mundo semilla 13524 (171.9s) R0 pista 0.3741
  [ 2453.4s] mundo semilla 13525 (167.0s) R0 pista 0.3938
  [ 2481.4s] mundo semilla 13526 (163.7s) R0 pista 0.3739
  [ 2494.8s] mundo semilla 13527 (160.0s) R0 pista 0.3837
  [ 2499.0s] mundo semilla 13528 (158.4s) R0 pista 0.383
  [ 2499.1s] mundo semilla 13529 (158.3s) R0 pista 0.3804
  [ 2503.1s] mundo semilla 13530 (157.8s) R0 pista 0.3843
  [ 2587.4s] mundo semilla 13531 (134.0s) R0 pista 0.3822
  [ 2628.6s] mundo semilla 13532 (147.2s) R0 pista 0.3987
  [ 2646.6s] mundo semilla 13533 (151.8s) R0 pista 0.3899
  [ 2650.2s] mundo semilla 13534 (151.2s) R0 pista 0.3798
  [ 2652.8s] mundo semilla 13535 (153.7s) R0 pista 0.3896
  [ 2659.6s] mundo semilla 13536 (156.5s) R0 pista 0.396
  [ 2744.7s] mundo semilla 13537 (157.3s) R0 pista 0.3852
  [ 2789.2s] mundo semilla 13538 (160.6s) R0 pista 0.3842
  [ 2803.1s] mundo semilla 13539 (156.5s) R0 pista 0.3847
  [ 2805.4s] mundo semilla 13540 (155.2s) R0 pista 0.3955
  CRUDO C:\Users\User\Documents\PROYECTOS\JUACO\bundle\experimentos\subida_n9b\datos\n9b_serie_apr-fab-plana-cruz-mundo_s13521-13540_T100000_20260923_203644_crudo.json (sha ef57e448939da64a)   <- ERR-54: escrito ANTES de resumir

== apr (APR x9) · 20 semillas · T 100000
  R0 por linaje-semilla: mediana 0.3819 · R0 pista (mediana por semilla) 0.3824 · vida mediana 200.0 · muertes mediana 181.0
  ENMIENDA 3: mediana R0 eval 0.382 · R0 real eval 0.372 · sin fund tras 10000 0.0 · evaluables 180/180 -> NO CRUZA
  causas h/s/v/sal 90/10/11924/20425 (37% veneno, 63% sal) · sin bueno en el mundo 0.011 · coherente [180, 180] · t_fund [180, 180] · escrituras 0
  opcion (no puntua): oportunidades 1595729 · tasa 0.0952 (FABRICA habria 0.1495) · quitadas ult. cuarto 0.0533 · Q mediana no/morder [[-0.7823, -0.2823, 0.0612, 0.0575, -0.1607, 0.3762], [-0.926, -0.5465, 0.3447, 0.054, -0.1215, -0.0413]]

== fab (FABRICA x9) · 20 semillas · T 100000
  R0 por linaje-semilla: mediana 0.334 · R0 pista (mediana por semilla) 0.3355 · vida mediana 200.0 · muertes mediana 228.0
  ENMIENDA 3: mediana R0 eval 0.334 · R0 real eval 0.332 · sin fund tras 10000 0.0 · evaluables 180/180 -> NO CRUZA
  causas h/s/v/sal 8/1/16243/24709 (40% veneno, 60% sal) · sin bueno en el mundo 0.0039 · coherente [180, 180] · t_fund [180, 180] · escrituras 0

== plana (APR_LES_PLANA x9) · 20 semillas · T 100000
  R0 por linaje-semilla: mediana 0.3826 · R0 pista (mediana por semilla) 0.3786 · vida mediana 200.0 · muertes mediana 180.0
  ENMIENDA 3: mediana R0 eval 0.383 · R0 real eval 0.372 · sin fund tras 10000 0.0 · evaluables 180/180 -> NO CRUZA
  causas h/s/v/sal 82/9/11664/20573 (36% veneno, 64% sal) · sin bueno en el mundo 0.0141 · coherente [180, 180] · t_fund [180, 180] · escrituras 0
  opcion (no puntua): oportunidades 1612250 · tasa 0.0874 (FABRICA habria 0.147) · quitadas ult. cuarto 0.0565 · Q mediana no/morder [[-0.7867, -0.1246, -0.1246, 0.0561, -0.154, 0.4184], [-0.9097, -0.2229, -0.2229, 0.0551, -0.122, -0.0265]]
  lesion (no puntua): decisiones 1612250 · post real 0.5729 / usado 0.8874 · cambia post 0.8825 · caida predicha real 0.8825 / usada 0.0 · cambia mundo 0.0 · V-M (|usado-real| <= 0.1) NO se cumple

== cruz (APR_LES_CRUZ x9) · 20 semillas · T 100000
  R0 por linaje-semilla: mediana 0.3842 · R0 pista (mediana por semilla) 0.3839 · vida mediana 200.0 · muertes mediana 184.0
  ENMIENDA 3: mediana R0 eval 0.384 · R0 real eval 0.376 · sin fund tras 10000 0.0 · evaluables 180/180 -> NO CRUZA
  causas h/s/v/sal 64/11/12043/20740 (37% veneno, 63% sal) · sin bueno en el mundo 0.0124 · coherente [180, 180] · t_fund [180, 180] · escrituras 0
  opcion (no puntua): oportunidades 1606255 · tasa 0.0898 (FABRICA habria 0.1469) · quitadas ult. cuarto 0.0523 · Q mediana no/morder [[-0.7774, -0.298, 0.0823, 0.0582, -0.1578, 0.3882], [-0.9552, -0.3155, -0.1182, 0.0585, -0.1209, -0.0294]]
  lesion (no puntua): decisiones 1606255 · post real 0.5727 / usado 0.5908 · cambia post 0.8652 · caida predicha real 0.8846 / usada 0.8497 · cambia mundo 0.0 · V-M (|usado-real| <= 0.1) SE CUMPLE

== mundo (APR_LES_MUNDO x9) · 20 semillas · T 100000
  R0 por linaje-semilla: mediana 0.3835 · R0 pista (mediana por semilla) 0.3843 · vida mediana 200.0 · muertes mediana 180.5
  ENMIENDA 3: mediana R0 eval 0.384 · R0 real eval 0.374 · sin fund tras 10000 0.0 · evaluables 180/180 -> NO CRUZA
  causas h/s/v/sal 80/22/11849/20333 (37% veneno, 63% sal) · sin bueno en el mundo 0.0108 · coherente [180, 180] · t_fund [180, 180] · escrituras 0
  opcion (no puntua): oportunidades 1598837 · tasa 0.095 (FABRICA habria 0.1508) · quitadas ult. cuarto 0.055 · Q mediana no/morder [[-0.8101, -0.2848, 0.0679, 0.0211, -0.0692, 0.3807], [-0.9358, -0.5537, 0.3466, 0.0476, -0.1023, -0.0422]]
  lesion (no puntua): decisiones 1598837 · post real 0.5642 / usado 0.5642 · cambia post 0.0 · caida predicha real 0.8912 / usada 0.8912 · cambia mundo 0.9842 · V-M (|usado-real| <= 0.1) SE CUMPLE

PAREADOS (por semilla: mediana del R0 de los 9 linajes; gana = semillas en que la primera supera a la segunda)
  apr vs fab: gana 20/20 · dif. mediana 0.045 · {'13521': 0.0254, '13522': 0.1078, '13523': 0.026, '13524': 0.0356, '13525': 0.0557, '13526': 0.0693, '13527': 0.0593, '13528': 0.0568, '13529': 0.0542, '13530': 0.0236, '13531': 0.0376, '13532': 0.0449, '13533': 0.0451, '13534': 0.0055, '13535': 0.0352, '13536': 0.0237, '13537': 0.067, '13538': 0.0578, '13539': 0.0504, '13540': 0.0412}
  apr vs plana: gana 11/20 · dif. mediana 0.0053 · {'13521': 0.0142, '13522': 0.057, '13523': 0.0029, '13524': -0.038, '13525': 0.0126, '13526': 0.0252, '13527': -0.0015, '13528': -0.0091, '13529': -0.0478, '13530': 0.0282, '13531': -0.0043, '13532': -0.0215, '13533': 0.0138, '13534': -0.0031, '13535': 0.0271, '13536': 0.0, '13537': 0.0077, '13538': 0.0174, '13539': -0.0183, '13540': 0.0168}
  apr vs cruz: gana 8/20 · dif. mediana -0.0155 · {'13521': -0.0354, '13522': 0.065, '13523': -0.0159, '13524': -0.0362, '13525': 0.0021, '13526': -0.0151, '13527': 0.0095, '13528': 0.0278, '13529': 0.0159, '13530': -0.0192, '13531': -0.0167, '13532': -0.0297, '13533': -0.0317, '13534': -0.0284, '13535': -0.0054, '13536': -0.0159, '13537': 0.0129, '13538': 0.0097, '13539': -0.0246, '13540': 0.0084}
  apr vs mundo: gana 8/20 · dif. mediana -0.0032 · {'13521': -0.0219, '13522': 0.0588, '13523': -0.015, '13524': -0.018, '13525': 0.0003, '13526': 0.0271, '13527': -0.0061, '13528': 0.0053, '13529': -0.0049, '13530': -0.0088, '13531': 0.0, '13532': 0.0034, '13533': 0.0054, '13534': -0.0232, '13535': -0.0015, '13536': -0.035, '13537': 0.0155, '13538': 0.0332, '13539': -0.0218, '13540': -0.0368}
  plana vs fab: gana 19/20 · dif. mediana 0.0425 · {'13521': 0.0112, '13522': 0.0508, '13523': 0.0231, '13524': 0.0736, '13525': 0.0431, '13526': 0.0441, '13527': 0.0608, '13528': 0.0659, '13529': 0.102, '13530': -0.0046, '13531': 0.0419, '13532': 0.0664, '13533': 0.0313, '13534': 0.0086, '13535': 0.0081, '13536': 0.0237, '13537': 0.0593, '13538': 0.0404, '13539': 0.0687, '13540': 0.0244}
  cruz vs fab: gana 20/20 · dif. mediana 0.0489 · {'13521': 0.0608, '13522': 0.0428, '13523': 0.0419, '13524': 0.0718, '13525': 0.0536, '13526': 0.0844, '13527': 0.0498, '13528': 0.029, '13529': 0.0383, '13530': 0.0428, '13531': 0.0543, '13532': 0.0746, '13533': 0.0768, '13534': 0.0339, '13535': 0.0406, '13536': 0.0396, '13537': 0.0541, '13538': 0.0481, '13539': 0.075, '13540': 0.0328}
  mundo vs fab: gana 20/20 · dif. mediana 0.0482 · {'13521': 0.0473, '13522': 0.049, '13523': 0.041, '13524': 0.0536, '13525': 0.0554, '13526': 0.0422, '13527': 0.0654, '13528': 0.0515, '13529': 0.0591, '13530': 0.0324, '13531': 0.0376, '13532': 0.0415, '13533': 0.0397, '13534': 0.0287, '13535': 0.0367, '13536': 0.0587, '13537': 0.0515, '13538': 0.0246, '13539': 0.0722, '13540': 0.078}
  fraccion de la ganancia APR-FABRICA que pierde plana: mediana 0.1132 (20 semillas con APR-FAB > 0.005)
  fraccion de la ganancia APR-FABRICA que pierde cruz: mediana -0.331 (20 semillas con APR-FAB > 0.005)
  fraccion de la ganancia APR-FABRICA que pierde mundo: mediana -0.0665 (20 semillas con APR-FAB > 0.005)

VEREDICTO DE ESTA SERIE (el final exige serie Y replica, --veredicto): {'ancla': True, 'pierde_plana': False, 'pierde_cruz': False, 'pierde_mundo': False, 'instrumento_ok': True}
PREDICCIONES FIRMADAS (PREREGISTRO_n9b.md sec. 5)
  P1 (ancla) APR > FABRICA en >= 15/20 con dif. mediana >= 0.03; APR mediana R0 en [0.36, 0.42], FABRICA en [0.30, 0.37] (p 0.85) -> SE CUMPLE
  P2 APR_LES_PLANA pierde (p 0.35; el creador la da por REFUTADA con p 0.65) -> NO se cumple
  P3 APR_LES_CRUZ pierde (p 0.30) -> NO se cumple
  P4 (control) APR_LES_MUNDO NO pierde (p 0.80) -> SE CUMPLE
  P5 APR_LES_PLANA > FABRICA en >= 15/20 (p 0.70) -> SE CUMPLE
  P6 ningun brazo cruza la ENMIENDA 3 (p 0.97) -> SE CUMPLE
  P7 fraccion mediana de la ganancia que pierde PLANA en [0.0, 0.5] (p 0.65) -> SE CUMPLE

  RESUMEN C:\Users\User\Documents\PROYECTOS\JUACO\bundle\experimentos\subida_n9b\datos\n9b_serie_apr-fab-plana-cruz-mundo_s13521-13540_T100000_20260923_203644_resumen.json
Terminado en 2806.2s
