[20:44:12] EXPLORATORIO FABLE mundo onda8k {'tipo': 'onda', 't': 8000, 'periodo': 8000} · {'T': 36000, 't_cambio': 8000, 't_corte': 24000, 'r0_margen': 4000} · brazos ['CODIGO', 'PERILLAS'] · semillas [28001, 28002, 28003]
[20:45:55] CODIGO          s28001: 102.5 s · persiste 0 (vivos 0, t_ext 28826) · B_pre 45.7 · nac post/pre 0.701 · t_rec 8000 · R0 final solo 0.2632 (n 38) · nac solo 38 · SOS 0.0186->0.0758
[20:48:08] PERILLAS        s28001: 133.6 s · persiste 0 (vivos 0, t_ext 35056) · B_pre 47.7 · nac post/pre 0.781 · t_rec 8000 · R0 final solo 0.18 (n 50) · nac solo 50 · SOS None->None
[20:50:48] CODIGO          s28002: 159.9 s · persiste 1 (vivos 4, t_ext None) · B_pre 51.0 · nac post/pre 0.816 · t_rec 14000 · R0 final solo 0.5455 (n 77) · nac solo 77 · SOS 0.0172->0.0753
[20:52:54] PERILLAS        s28002: 125.3 s · persiste 0 (vivos 0, t_ext 27486) · B_pre 40.7 · nac post/pre 0.682 · t_rec 8000 · R0 final solo 0.1143 (n 35) · nac solo 35 · SOS None->None
[20:55:16] CODIGO          s28003: 142.5 s · persiste 1 (vivos 1, t_ext None) · B_pre 46.7 · nac post/pre 1.069 · t_rec 6000 · R0 final solo 0.5775 (n 71) · nac solo 71 · SOS 0.0298->0.1169
[20:57:22] PERILLAS        s28003: 126.2 s · persiste 0 (vivos 0, t_ext 27039) · B_pre 49.7 · nac post/pre 0.574 · t_rec None · R0 final solo 0.2632 (n 38) · nac solo 38 · SOS None->None
[20:59:27] EXPLORATORIO FABLE mundo onda8k {'tipo': 'onda', 't': 8000, 'periodo': 8000} · {'T': 36000, 't_cambio': 8000, 't_corte': 24000, 'r0_margen': 4000} · brazos ['CODIGO', 'PERILLAS'] · semillas [28004, 28005, 28006]
[20:59:27] EXPLORATORIO FABLE mundo onda8k {'tipo': 'onda', 't': 8000, 'periodo': 8000} · {'T': 36000, 't_cambio': 8000, 't_corte': 24000, 'r0_margen': 4000} · brazos ['CODIGO_SIN_SOS'] · semillas [28001, 28002, 28003]
[20:59:27] EXPLORATORIO FABLE mundo onda8k {'tipo': 'onda', 't': 8000, 'periodo': 8000} · {'T': 36000, 't_cambio': 8000, 't_corte': 24000, 'r0_margen': 4000} · brazos ['CODIGO_SIN_SOS'] · semillas [28004, 28005, 28006]
[21:01:39] CODIGO_SIN_SOS  s28001: 131.9 s · persiste 1 (vivos 1, t_ext None) · B_pre 43.7 · nac post/pre 0.661 · t_rec 8000 · R0 final solo 0.4286 (n 42) · nac solo 42 · SOS 0.0->0.0
[21:01:47] CODIGO          s28004: 139.4 s · persiste 0 (vivos 0, t_ext 27078) · B_pre 47.0 · nac post/pre 0.803 · t_rec 6000 · R0 final solo 0.2391 (n 46) · nac solo 46 · SOS 0.0247->0.0822
[21:01:55] CODIGO_SIN_SOS  s28004: 147.3 s · persiste 0 (vivos 0, t_ext 35293) · B_pre 47.0 · nac post/pre 0.79 · t_rec 6000 · R0 final solo 0.4177 (n 79) · nac solo 79 · SOS 0.0->0.0
[21:03:46] PERILLAS        s28004: 118.9 s · persiste 0 (vivos 0, t_ext 27297) · B_pre 45.7 · nac post/pre 0.635 · t_rec 14000 · R0 final solo 0.28 (n 25) · nac solo 25 · SOS None->None
[21:04:09] CODIGO_SIN_SOS  s28002: 149.4 s · persiste 0 (vivos 0, t_ext 27971) · B_pre 51.3 · nac post/pre 1.41 · t_rec 4000 · R0 final solo 0.5138 (n 109) · nac solo 109 · SOS 0.0->0.0
[21:04:09] CODIGO_SIN_SOS  s28005: 134.2 s · persiste 0 (vivos 0, t_ext 29625) · B_pre 47.7 · nac post/pre 0.601 · t_rec 8000 · R0 final solo 0.3939 (n 33) · nac solo 33 · SOS 0.0->0.0
[21:06:02] CODIGO          s28005: 136.5 s · persiste 1 (vivos 3, t_ext None) · B_pre 46.7 · nac post/pre 0.621 · t_rec 8000 · R0 final solo 0.5652 (n 46) · nac solo 46 · SOS 0.0233->0.0959
[21:06:18] CODIGO_SIN_SOS  s28003: 129.0 s · persiste 0 (vivos 0, t_ext 35609) · B_pre 48.3 · nac post/pre 0.659 · t_rec 8000 · R0 final solo 0.6222 (n 45) · nac solo 45 · SOS 0.0->0.0
[21:06:32] CODIGO_SIN_SOS  s28006: 143.1 s · persiste 1 (vivos 3, t_ext None) · B_pre 47.7 · nac post/pre 1.073 · t_rec 8000 · R0 final solo 0.9432 (n 405) · nac solo 405 · SOS 0.0->0.0
[21:07:52] PERILLAS        s28005: 110.2 s · persiste 0 (vivos 0, t_ext 26983) · B_pre 48.7 · nac post/pre 0.598 · t_rec None · R0 final solo 0.2903 (n 31) · nac solo 31 · SOS None->None
[21:09:43] CODIGO          s28006: 110.7 s · persiste 0 (vivos 0, t_ext 27396) · B_pre 51.0 · nac post/pre 0.645 · t_rec 14000 · R0 final solo 0.3409 (n 44) · nac solo 44 · SOS 0.0281->0.038
[21:11:28] PERILLAS        s28006: 105.0 s · persiste 0 (vivos 0, t_ext 26852) · B_pre 50.0 · nac post/pre 0.59 · t_rec 8000 · R0 final solo 0.0455 (n 22) · nac solo 22 · SOS None->None
[21:18:15] EXPLORATORIO FABLE mundo onda8k {'tipo': 'onda', 't': 8000, 'periodo': 8000} · {'T': 36000, 't_cambio': 8000, 't_corte': 24000, 'r0_margen': 4000} · brazos ['MUT0'] · semillas [28001, 28002, 28003]
[21:18:15] EXPLORATORIO FABLE mundo onda8k {'tipo': 'onda', 't': 8000, 'periodo': 8000} · {'T': 36000, 't_cambio': 8000, 't_corte': 24000, 'r0_margen': 4000} · brazos ['MUT0'] · semillas [28004, 28005, 28006]
[21:20:01] MUT0            s28004: 105.8 s · persiste 0 (vivos 0, t_ext 34923) · B_pre 45.7 · nac post/pre 0.646 · t_rec 6000 · R0 final solo 0.6279 (n 43) · nac solo 43 · SOS 0.0->0.0
[21:20:03] MUT0            s28001: 107.9 s · persiste 0 (vivos 0, t_ext 34950) · B_pre 48.3 · nac post/pre 0.546 · t_rec 8000 · R0 final solo 0.619 (n 42) · nac solo 42 · SOS 0.0->0.0
[21:21:47] MUT0            s28005: 106.5 s · persiste 0 (vivos 0, t_ext 27031) · B_pre 49.7 · nac post/pre 0.556 · t_rec 8000 · R0 final solo 0.2609 (n 23) · nac solo 23 · SOS 0.0->0.0
[21:21:49] MUT0            s28002: 106.2 s · persiste 0 (vivos 0, t_ext 27270) · B_pre 48.0 · nac post/pre 0.547 · t_rec 8000 · R0 final solo 0.2963 (n 27) · nac solo 27 · SOS 0.0->0.0
[21:23:33] MUT0            s28003: 103.6 s · persiste 0 (vivos 0, t_ext 28671) · B_pre 47.3 · nac post/pre 0.541 · t_rec 8000 · R0 final solo 0.2414 (n 29) · nac solo 29 · SOS 0.0->0.0
[21:23:41] MUT0            s28006: 113.3 s · persiste 0 (vivos 0, t_ext 35652) · B_pre 52.7 · nac post/pre 0.544 · t_rec None · R0 final solo 0.4516 (n 31) · nac solo 31 · SOS 0.0->0.0
