[17:18:14 +    0.0s] HUMO del CREADOR A (junta fase 5): lectura por DOS TIPOS DE GANADORA. UN proceso, sin Pool (regla 3).
[17:18:14 +    0.0s] celdas ['b4b', 'b5k3', 'b6suf', 'b5k3e', 'A1m', 'A1e', 'A1min', 'A1me', 'A1', 'A1-c', 'A1-d', 'A1-e']  brazos ['CANAL', 'CORTADO', 'BAR-H', 'BAR-T', 'VALOR', 'PAR', 'PAR0']  semillas [901, 902, 903]  T = 30000
[17:18:14 +    0.0s] Criterio de la MISION (sobre 20 semillas, no sobre esto): CANAL >= 15, CORTADO <= 5, BAR-H <= 5, BAR-T <= 5, PAR >= 15, VALOR <= 5.
[17:18:14 +    0.0s]     sha script                   6d40ad4266356f53
[17:18:14 +    0.0s]     sha constructor              fe023157ea34b62c
[17:18:14 +    0.0s]     sha instrumento              8833e1dcfb62f26d
[17:18:14 +    0.0s]     sha arnes                    e0999d33d882c5c7
[17:18:14 +    0.0s]     sha origen_b6                b10cbd4ddd0c32a3
[17:18:14 +    0.0s]     sha origen_b5                e0b6b90f6f92d5c1
[17:18:14 +    0.0s]     sha origen_b4b               b3dd1d7e66a2d147
[17:18:14 +    0.0s]     sha runner_bloque6           88253f352d921c42
[17:18:14 +    0.0s]     sha preregistro_bloque6      a927e60810eacab2
[17:18:14 +    0.0s]     sha origen_organismo_v14     feefc88b1fd8d434
[17:18:14 +    0.0s]     origenes verificados -> OK
[17:18:14 +    0.0s] 1/4 IDENTIDAD (subconjunto; el arnes completo, 68/68, es identidad_familias_a1.py)
[17:18:16 +    1.7s]     semilla 901: apagado == b6 SI   |   encendido != b6 SI
[17:18:17 +    3.2s]     semilla 902: apagado == b6 SI   |   encendido != b6 SI
[17:18:19 +    4.7s]     semilla 903: apagado == b6 SI   |   encendido != b6 SI
[17:18:19 +    4.7s]   IDENTIDAD DEL HUMO 6/6
[17:18:19 +    4.7s] 2/4 DIAGNOSTICO ESTRUCTURAL (T = 0, sin simular): alias del mundo y resolucion de la referencia
[17:18:19 +    4.7s]     semilla 901: alias_pares 0.01411  U3 0.2622  |  celdas que NO distinguen al referente: BAR-H 0.6818 (solo forma 1.0), BAR-T 0.4242 (solo forma 0.2778)  |  piso de forma 4/32
[17:18:19 +    4.7s]                  px en que difieren referente y hermana [9, 11] (variante = [9, 10, 11]); referente y otro token [1, 4, 5, 8]
[17:18:19 +    4.7s]     semilla 902: alias_pares 0.02218  U3 0.4777  |  celdas que NO distinguen al referente: BAR-H 0.6818 (solo forma 1.0), BAR-T 0.4242 (solo forma 0.2778)  |  piso de forma 4/32
[17:18:19 +    4.7s]                  px en que difieren referente y hermana [9, 11] (variante = [9, 10, 11]); referente y otro token [1, 2, 5, 7]
[17:18:19 +    4.7s]     semilla 903: alias_pares 0.01411  U3 0.2458  |  celdas que NO distinguen al referente: BAR-H 0.6818 (solo forma 1.0), BAR-T 0.4242 (solo forma 0.2778)  |  piso de forma 4/32
[17:18:19 +    4.7s]                  px en que difieren referente y hermana [9, 11] (variante = [9, 10, 11]); referente y otro token [5, 6, 7, 8]
[17:18:19 +    4.7s] 3/4 EMISORES (los del bloque 6, sin tocar): 3 corridas de 30000 pasos
[17:18:21 +    6.8s]     E s901   2.2s  mensaje ('T1v2', 1.0, 't=10634', 'tras 7 exp')
[17:18:23 +    8.9s]     E s902   2.0s  mensaje ('T1v2', 1.0, 't=10650', 'tras 7 exp')
[17:18:25 +   11.0s]     E s903   2.1s  mensaje ('T1v2', 1.0, 't=11837', 'tras 12 exp')
[17:18:25 +   11.0s] 4/4 RECEPTORES: 252 corridas de 30000 pasos (12 celdas x 7 brazos)
[17:18:27 +   13.1s]     CANAL-b4b      s901   2.1s  entrega t=20208  comio 1  dist None  okU 0.8333  via lenta  muertes 3  W(ref) -3.0 W(herm) -3.0 W(otro) -3.0
[17:18:27 +   13.1s]                    MECANISMO b4b: ganadoras forma None variante None  grupo del mensaje: CONJUNTO None/32, por DIRECCION k 16/32, por BIN k 16/32  hermana dentro None  pesos (1.0, 1.0)  cobertura 3
[17:18:30 +   15.8s]     CANAL-b4b      s902   2.6s  entrega t=20375  comio 1  dist None  okU 1.0  via lenta  muertes 8  W(ref) -3.0 W(herm) -3.0 W(otro) -3.0
[17:18:30 +   15.8s]                    MECANISMO b4b: ganadoras forma None variante None  grupo del mensaje: CONJUNTO None/32, por DIRECCION k 16/32, por BIN k 16/32  hermana dentro None  pesos (1.0, 1.0)  cobertura 4
[17:18:33 +   18.3s]     CANAL-b4b      s903   2.6s  entrega t=20119  comio 1  dist None  okU 0.5  via lenta  muertes 5  W(ref) 1.0 W(herm) 1.0 W(otro) -3.0
[17:18:33 +   18.3s]                    MECANISMO b4b: ganadoras forma None variante None  grupo del mensaje: CONJUNTO None/32, por DIRECCION k 4/32, por BIN k 4/32  hermana dentro None  pesos (1.0, 1.0)  cobertura 3
[17:18:35 +   20.9s]     CORTADO-b4b    s901   2.6s  entrega t=20208  comio 0  dist None  okU 0.8333  via lenta  muertes 4  W(ref) -3.0 W(herm) -3.0 W(otro) -3.0
[17:18:38 +   23.4s]     CORTADO-b4b    s902   2.5s  entrega t=20375  comio 0  dist None  okU 1.0  via lenta  muertes 7  W(ref) -3.0 W(herm) -3.0 W(otro) -3.0
[17:18:40 +   25.9s]     CORTADO-b4b    s903   2.5s  entrega t=20119  comio 0  dist None  okU 0.3333  via lenta  muertes 4  W(ref) 1.0 W(herm) 1.0 W(otro) -3.0
[17:18:43 +   28.4s]     BAR-H-b4b      s901   2.5s  entrega t=20208  comio 1  dist None  okU 0.8333  via lenta  muertes 3  W(ref) -3.0 W(herm) -3.0 W(otro) -3.0
[17:18:45 +   30.8s]     BAR-H-b4b      s902   2.4s  entrega t=20375  comio 1  dist None  okU 1.0  via lenta  muertes 8  W(ref) -3.0 W(herm) -3.0 W(otro) -3.0
[17:18:47 +   33.1s]     BAR-H-b4b      s903   2.3s  entrega t=20119  comio 0  dist None  okU 0.5  via lenta  muertes 8  W(ref) 1.0 W(herm) 1.0 W(otro) -3.0
[17:18:50 +   35.4s]     BAR-T-b4b      s901   2.4s  entrega t=20208  comio 0  dist None  okU 0.8333  via lenta  muertes 4  W(ref) -3.0 W(herm) -3.0 W(otro) -3.0
[17:18:52 +   37.7s]     BAR-T-b4b      s902   2.3s  entrega t=20375  comio 0  dist None  okU 1.0  via lenta  muertes 8  W(ref) -3.0 W(herm) -3.0 W(otro) -3.0
[17:18:54 +   39.9s]     BAR-T-b4b      s903   2.1s  entrega t=20119  comio 1  dist None  okU 0.5  via lenta  muertes 13  W(ref) 1.0 W(herm) 1.0 W(otro) -3.0
[17:18:56 +   42.1s]     VALOR-b4b      s901   2.2s  entrega t=20208  comio 0  dist None  okU 0.8333  via lenta  muertes 7  W(ref) -3.0 W(herm) -3.0 W(otro) -3.0
[17:18:58 +   44.2s]     VALOR-b4b      s902   2.1s  entrega t=20375  comio 0  dist None  okU 1.0  via lenta  muertes 8  W(ref) -3.0 W(herm) -3.0 W(otro) -3.0
[17:19:01 +   46.5s]     VALOR-b4b      s903   2.3s  entrega t=20119  comio 0  dist None  okU 0.5  via lenta  muertes 7  W(ref) 1.0 W(herm) 1.0 W(otro) -3.0
[17:19:03 +   49.0s]     PAR-b4b        s901   2.6s  entrega t=20077  comio 1  dist 1.0  okU 0.8333  via lenta  muertes 8  W(ref) -3.0 W(herm) -3.0 W(otro) -3.0
[17:19:06 +   51.7s]     PAR-b4b        s902   2.7s  entrega t=20225  comio 1  dist 0.0  okU 1.0  via lenta  muertes 6  W(ref) -3.0 W(herm) -3.0 W(otro) -3.0
[17:19:09 +   54.5s]     PAR-b4b        s903   2.8s  entrega t=20030  comio 1  dist 0.0  okU 0.5  via lenta  muertes 13  W(ref) 1.0 W(herm) -3.0 W(otro) -3.0
[17:19:12 +   57.4s]     PAR0-b4b       s901   2.9s  entrega t=20077  comio 0  dist 0.0  okU 0.6667  via lenta  muertes 10  W(ref) -3.0 W(herm) -3.0 W(otro) -3.0
[17:19:14 +   60.1s]     PAR0-b4b       s902   2.7s  entrega t=20225  comio 0  dist 0.0  okU 1.0  via lenta  muertes 3  W(ref) -3.0 W(herm) -3.0 W(otro) -3.0
[17:19:17 +   63.0s]     PAR0-b4b       s903   2.9s  entrega t=20030  comio 0  dist 0.0  okU 0.8333  via lenta  muertes 15  W(ref) 1.0 W(herm) -3.0 W(otro) -3.0
[17:19:20 +   66.3s]     CANAL-b5k3     s901   3.3s  entrega t=20064  comio 1  dist None  okU 1.0  via lenta  muertes 7  W(ref) -5.0 W(herm) -5.0 W(otro) -9.0
[17:19:20 +   66.3s]                    MECANISMO b5k3: ganadoras forma None variante None  grupo del mensaje: CONJUNTO None/32, por DIRECCION k 4/32, por BIN k 4/32  hermana dentro None  pesos (1.0, 1.0)  cobertura 4
[17:19:23 +   68.6s]     CANAL-b5k3     s902   2.3s  entrega t=20247  comio 1  dist None  okU 0.6667  via lenta  muertes 296  W(ref) -9.0 W(herm) -9.0 W(otro) -9.0
[17:19:23 +   68.6s]                    MECANISMO b5k3: ganadoras forma None variante None  grupo del mensaje: CONJUNTO None/32, por DIRECCION k 2/32, por BIN k 2/32  hermana dentro None  pesos (1.0, 1.0)  cobertura 4
[17:19:25 +   70.8s]     CANAL-b5k3     s903   2.2s  entrega t=20004  comio 1  dist None  okU 0.5  via lenta  muertes 393  W(ref) -9.0 W(herm) -9.0 W(otro) -9.0
[17:19:25 +   70.8s]                    MECANISMO b5k3: ganadoras forma None variante None  grupo del mensaje: CONJUNTO None/32, por DIRECCION k 2/32, por BIN k 2/32  hermana dentro None  pesos (1.0, 1.0)  cobertura 3
[17:19:28 +   74.1s]     CORTADO-b5k3   s901   3.2s  entrega t=20064  comio 0  dist None  okU 1.0  via lenta  muertes 10  W(ref) -1.0 W(herm) -1.0 W(otro) -1.0
[17:19:30 +   76.0s]     CORTADO-b5k3   s902   1.9s  entrega t=20247  comio 0  dist None  okU 0.6667  via lenta  muertes 280  W(ref) -9.0 W(herm) -9.0 W(otro) -9.0
[17:19:32 +   77.8s]     CORTADO-b5k3   s903   1.8s  entrega t=20004  comio 0  dist None  okU 0.5  via lenta  muertes 394  W(ref) -9.0 W(herm) -9.0 W(otro) -9.0
[17:19:35 +   80.3s]     BAR-H-b5k3     s901   2.5s  entrega t=20064  comio 1  dist None  okU 1.0  via lenta  muertes 6  W(ref) -9.0 W(herm) -9.0 W(otro) -9.0
[17:19:37 +   82.3s]     BAR-H-b5k3     s902   2.0s  entrega t=20247  comio 1  dist None  okU 0.6667  via lenta  muertes 281  W(ref) -9.0 W(herm) -9.0 W(otro) -9.0
[17:19:39 +   84.8s]     BAR-H-b5k3     s903   2.4s  entrega t=20004  comio 1  dist None  okU 0.5  via lenta  muertes 393  W(ref) -5.0 W(herm) -5.0 W(otro) -5.0
[17:19:42 +   88.1s]     BAR-T-b5k3     s901   3.3s  entrega t=20064  comio 1  dist None  okU 0.8333  via lenta  muertes 7  W(ref) -9.0 W(herm) -9.0 W(otro) -9.0
[17:19:45 +   90.5s]     BAR-T-b5k3     s902   2.4s  entrega t=20247  comio 0  dist None  okU 0.6667  via lenta  muertes 301  W(ref) -9.0 W(herm) -9.0 W(otro) -9.0
[17:19:47 +   92.6s]     BAR-T-b5k3     s903   2.1s  entrega t=20004  comio 1  dist None  okU 0.6667  via lenta  muertes 391  W(ref) -5.0 W(herm) -5.0 W(otro) -9.0
[17:19:50 +   95.4s]     VALOR-b5k3     s901   2.8s  entrega t=20064  comio 0  dist None  okU 1.0  via lenta  muertes 10  W(ref) -1.0 W(herm) -9.0 W(otro) -1.0
[17:19:52 +   97.4s]     VALOR-b5k3     s902   2.0s  entrega t=20247  comio 0  dist None  okU 0.6667  via lenta  muertes 288  W(ref) -9.0 W(herm) -9.0 W(otro) -5.0
[17:19:53 +   99.3s]     VALOR-b5k3     s903   1.9s  entrega t=20004  comio 0  dist None  okU 0.5  via lenta  muertes 394  W(ref) -9.0 W(herm) -9.0 W(otro) -9.0
[17:19:56 +  102.3s]     PAR-b5k3       s901   3.0s  entrega t=20013  comio 1  dist 1.0  okU 0.8333  via lenta  muertes 9  W(ref) -1.0 W(herm) -1.0 W(otro) -1.0
[17:19:58 +  104.2s]     PAR-b5k3       s902   2.0s  entrega t=20135  comio 1  dist 1.0  okU 0.5  via lenta  muertes 395  W(ref) -9.0 W(herm) -9.0 W(otro) -9.0
[17:20:01 +  106.8s]     PAR-b5k3       s903   2.5s  entrega t=20061  comio 1  dist 1.0  okU 0.8333  via lenta  muertes 137  W(ref) 3.0 W(herm) -1.0 W(otro) -9.0
[17:20:04 +  109.8s]     PAR0-b5k3      s901   3.1s  entrega t=20013  comio 0  dist 0.0  okU 0.8333  via lenta  muertes 7  W(ref) -9.0 W(herm) -9.0 W(otro) -9.0
[17:20:06 +  111.9s]     PAR0-b5k3      s902   2.1s  entrega t=20135  comio 0  dist 0.0  okU 0.5  via lenta  muertes 397  W(ref) -9.0 W(herm) -9.0 W(otro) -9.0
[17:20:09 +  114.4s]     PAR0-b5k3      s903   2.5s  entrega t=20061  comio 1  dist 1.0  okU 0.8333  via lenta  muertes 137  W(ref) 3.0 W(herm) -1.0 W(otro) -9.0
[17:20:11 +  117.2s]     CANAL-b6suf    s901   2.8s  entrega t=20280  comio 1  dist None  okU 0.5  via lenta  muertes 9  W(ref) -5.0 W(herm) -5.0 W(otro) -9.0
[17:20:11 +  117.2s]                    MECANISMO b6suf: ganadoras forma None variante None  grupo del mensaje: CONJUNTO None/32, por DIRECCION k 2/32, por BIN k 8/32  hermana dentro None  pesos (1.0, 1.0)  cobertura 16
[17:20:14 +  120.0s]     CANAL-b6suf    s902   2.8s  entrega t=20065  comio 1  dist None  okU 1.0  via lenta  muertes 11  W(ref) -5.0 W(herm) -5.0 W(otro) -9.0
[17:20:14 +  120.0s]                    MECANISMO b6suf: ganadoras forma None variante None  grupo del mensaje: CONJUNTO None/32, por DIRECCION k 1/32, por BIN k 4/32  hermana dentro None  pesos (1.0, 1.0)  cobertura 16
[17:20:17 +  122.9s]     CANAL-b6suf    s903   3.0s  entrega t=20027  comio 1  dist None  okU 0.8333  via lenta  muertes 36  W(ref) 3.0 W(herm) -9.0 W(otro) -5.0
[17:20:17 +  122.9s]                    MECANISMO b6suf: ganadoras forma None variante None  grupo del mensaje: CONJUNTO None/32, por DIRECCION k 1/32, por BIN k 4/32  hermana dentro None  pesos (1.0, 1.0)  cobertura 12
[17:20:20 +  125.6s]     CORTADO-b6suf  s901   2.6s  entrega t=20280  comio 0  dist None  okU 0.5  via lenta  muertes 14  W(ref) -9.0 W(herm) -9.0 W(otro) -9.0
[17:20:23 +  128.4s]     CORTADO-b6suf  s902   2.8s  entrega t=20065  comio 0  dist None  okU 1.0  via lenta  muertes 12  W(ref) -5.0 W(herm) -5.0 W(otro) -5.0
[17:20:26 +  131.3s]     CORTADO-b6suf  s903   3.0s  entrega t=20027  comio 0  dist None  okU 0.8333  via lenta  muertes 36  W(ref) 3.0 W(herm) -9.0 W(otro) -5.0
[17:20:28 +  134.1s]     BAR-H-b6suf    s901   2.8s  entrega t=20280  comio 0  dist None  okU 0.5  via lenta  muertes 16  W(ref) -9.0 W(herm) 3.0 W(otro) -9.0
[17:20:31 +  136.9s]     BAR-H-b6suf    s902   2.8s  entrega t=20065  comio 0  dist None  okU 1.0  via lenta  muertes 9  W(ref) -5.0 W(herm) 3.0 W(otro) -9.0
[17:20:34 +  139.9s]     BAR-H-b6suf    s903   3.0s  entrega t=20027  comio 0  dist None  okU 0.8333  via lenta  muertes 35  W(ref) 3.0 W(herm) 3.0 W(otro) -9.0
[17:20:37 +  142.6s]     BAR-T-b6suf    s901   2.7s  entrega t=20280  comio 1  dist None  okU 0.5  via lenta  muertes 11  W(ref) -9.0 W(herm) -9.0 W(otro) -9.0
[17:20:40 +  145.7s]     BAR-T-b6suf    s902   3.1s  entrega t=20065  comio 0  dist None  okU 1.0  via lenta  muertes 10  W(ref) -5.0 W(herm) -5.0 W(otro) -9.0
[17:20:43 +  148.6s]     BAR-T-b6suf    s903   2.9s  entrega t=20027  comio 1  dist None  okU 0.6667  via lenta  muertes 36  W(ref) 3.0 W(herm) -5.0 W(otro) -9.0
[17:20:45 +  151.2s]     VALOR-b6suf    s901   2.6s  entrega t=20280  comio 0  dist None  okU 0.5  via lenta  muertes 8  W(ref) -9.0 W(herm) -9.0 W(otro) -9.0
[17:20:48 +  154.2s]     VALOR-b6suf    s902   3.0s  entrega t=20065  comio 0  dist None  okU 1.0  via lenta  muertes 12  W(ref) -5.0 W(herm) -5.0 W(otro) -9.0
[17:20:51 +  157.2s]     VALOR-b6suf    s903   3.0s  entrega t=20027  comio 0  dist None  okU 0.6667  via lenta  muertes 33  W(ref) 3.0 W(herm) -5.0 W(otro) -9.0
[17:20:54 +  159.9s]     PAR-b6suf      s901   2.7s  entrega t=20090  comio 1  dist 1.0  okU 0.6667  via lenta  muertes 15  W(ref) 3.0 W(herm) -9.0 W(otro) -9.0
[17:20:57 +  162.5s]     PAR-b6suf      s902   2.7s  entrega t=20338  comio 1  dist 1.0  okU 0.6667  via lenta  muertes 14  W(ref) 3.0 W(herm) -9.0 W(otro) -9.0
[17:20:59 +  165.1s]     PAR-b6suf      s903   2.5s  entrega t=20074  comio 1  dist 1.0  okU 0.6667  via lenta  muertes 161  W(ref) 3.0 W(herm) -9.0 W(otro) -9.0
[17:21:02 +  167.9s]     PAR0-b6suf     s901   2.8s  entrega t=20090  comio 0  dist 0.0  okU 0.8333  via lenta  muertes 19  W(ref) -6.0 W(herm) -9.0 W(otro) -6.0
[17:21:05 +  170.7s]     PAR0-b6suf     s902   2.8s  entrega t=20338  comio 0  dist 0.0  okU 0.6667  via lenta  muertes 18  W(ref) -5.0 W(herm) -9.0 W(otro) -5.0
[17:21:07 +  173.2s]     PAR0-b6suf     s903   2.5s  entrega t=20074  comio 0  dist 0.0  okU 0.3333  via lenta  muertes 162  W(ref) 3.0 W(herm) -9.0 W(otro) -9.0
[17:21:11 +  176.5s]     CANAL-b5k3e    s901   3.3s  entrega t=20064  comio 1  dist None  okU 0.8333  via lenta  muertes 7  W(ref) -9.0 W(herm) -9.0 W(otro) -9.0
[17:21:11 +  176.5s]                    MECANISMO b5k3e: ganadoras forma None variante None  grupo del mensaje: CONJUNTO None/32, por DIRECCION k 12/32, por BIN k 12/32  hermana dentro None  pesos (1.0, 1.0)  cobertura 4
[17:21:13 +  178.6s]     CANAL-b5k3e    s902   2.1s  entrega t=20247  comio 1  dist None  okU 0.6667  via lenta  muertes 285  W(ref) -9.0 W(herm) -9.0 W(otro) -9.0
[17:21:13 +  178.6s]                    MECANISMO b5k3e: ganadoras forma None variante None  grupo del mensaje: CONJUNTO None/32, por DIRECCION k 2/32, por BIN k 2/32  hermana dentro None  pesos (1.0, 1.0)  cobertura 4
[17:21:15 +  180.8s]     CANAL-b5k3e    s903   2.2s  entrega t=20004  comio 1  dist None  okU 0.5  via lenta  muertes 393  W(ref) -5.0 W(herm) -5.0 W(otro) -5.0
[17:21:15 +  180.8s]                    MECANISMO b5k3e: ganadoras forma None variante None  grupo del mensaje: CONJUNTO None/32, por DIRECCION k 6/32, por BIN k 6/32  hermana dentro None  pesos (1.0, 1.0)  cobertura 3
[17:21:18 +  183.7s]     CORTADO-b5k3e  s901   2.9s  entrega t=20064  comio 0  dist None  okU 1.0  via lenta  muertes 10  W(ref) -1.0 W(herm) -1.0 W(otro) -1.0
[17:21:20 +  185.9s]     CORTADO-b5k3e  s902   2.1s  entrega t=20247  comio 0  dist None  okU 0.6667  via lenta  muertes 280  W(ref) -9.0 W(herm) -9.0 W(otro) -9.0
[17:21:22 +  187.9s]     CORTADO-b5k3e  s903   2.0s  entrega t=20004  comio 0  dist None  okU 0.5  via lenta  muertes 394  W(ref) -9.0 W(herm) -9.0 W(otro) -9.0
[17:21:25 +  190.9s]     BAR-H-b5k3e    s901   3.1s  entrega t=20064  comio 1  dist None  okU 0.8333  via lenta  muertes 10  W(ref) 3.0 W(herm) -5.0 W(otro) -1.0
[17:21:27 +  193.1s]     BAR-H-b5k3e    s902   2.2s  entrega t=20247  comio 1  dist None  okU 0.6667  via lenta  muertes 290  W(ref) -9.0 W(herm) -9.0 W(otro) -9.0
[17:21:29 +  195.0s]     BAR-H-b5k3e    s903   1.9s  entrega t=20004  comio 1  dist None  okU 0.5  via lenta  muertes 393  W(ref) -5.0 W(herm) -5.0 W(otro) -5.0
