construye_g50 --verifica motor_eco50.py: IGUAL (origen bca3033878b59622; destino d85bbcda7b40fa19)
construye_g50 --verifica motor_g50.py: IGUAL (origen ff9d890a5cce9dec; destino 32f9e5dd4ddd20dd)
construye_g50 --verifica nucleo_g50.py: IGUAL (origen c2189f9d22b72386; destino 8e21e3bc7a6e33b0)
[19:28:14] EXPLORA p2: semillas 48805-48807 · brazos ['ING_SEL_C', 'ING_SEL_50', 'ING_AZA_50', 'ING_SEL_47', 'ING_SEL_25', 'ING_F1'] · T 500000 · tope 600 · shas {'motor_eco50.py': 'd85bbcda7b40fa19', 'motor_g50.py': '32f9e5dd4ddd20dd', 'nucleo_g50.py': '8e21e3bc7a6e33b0', 'corre_g50.py': '5bad120694b49258'}
[19:30:14] ING_SEL_C s48805: 120.2 s · K 101.43 · K_nac 16.832669 · fund_2a 42989 · n_nac 23126 · max_vivos 119 · bloqueados 0 · persiste 1 · aborto None
[19:32:27] ING_SEL_50 s48805: 132.3 s · K 91.57 · K_nac 1.832669 · fund_2a 34108 · n_nac 29696 · max_vivos 114 · bloqueados 0 · persiste 1 · aborto None
[19:34:51] ING_AZA_50 s48805: 143.6 s · K 91.98 · K_nac 5.689243 · fund_2a 52422 · n_nac 10091 · max_vivos 108 · bloqueados 0 · persiste 1 · aborto None
[19:37:33] ING_SEL_47 s48805: 162.1 s · K 102.12 · K_nac 19.067729 · fund_2a 37526 · n_nac 23778 · max_vivos 118 · bloqueados 0 · persiste 1 · aborto None
[19:41:33] ING_SEL_25 s48805: 239.5 s · K 102.29 · K_nac 19.239044 · fund_2a 38606 · n_nac 23145 · max_vivos 119 · bloqueados 0 · persiste 1 · aborto None
[19:44:56] ING_F1 s48805: 202.1 s · K 96.33 · K_nac 12.513944 · fund_2a 64307 · n_nac 23282 · max_vivos 109 · bloqueados 0 · persiste 1 · aborto None
[19:47:44] ING_SEL_C s48806: 167.9 s · K 101.31 · K_nac 16.784861 · fund_2a 41875 · n_nac 23624 · max_vivos 121 · bloqueados 0 · persiste 1 · aborto None
[19:50:28] ING_SEL_50 s48806: 164.0 s · K 91.82 · K_nac 2.47012 · fund_2a 32916 · n_nac 32318 · max_vivos 113 · bloqueados 0 · persiste 1 · aborto None
[19:53:00] ING_AZA_50 s48806: 152.0 s · K 90.43 · K_nac 0.446215 · fund_2a 58523 · n_nac 4741 · max_vivos 105 · bloqueados 0 · persiste 1 · aborto None
[19:55:36] ING_SEL_47 s48806: 155.3 s · K 102.37 · K_nac 18.964143 · fund_2a 38175 · n_nac 24936 · max_vivos 120 · bloqueados 0 · persiste 1 · aborto None
[19:57:53] ING_SEL_25 s48806: 136.8 s · K 102.73 · K_nac 19.844622 · fund_2a 37077 · n_nac 22972 · max_vivos 118 · bloqueados 0 · persiste 1 · aborto None
[20:00:30] ING_F1 s48806: 157.5 s · K 96.11 · K_nac 12.36255 · fund_2a 64633 · n_nac 23198 · max_vivos 110 · bloqueados 0 · persiste 1 · aborto None
[20:03:32] ING_SEL_C s48807: 181.1 s · K 100.75 · K_nac 15.446215 · fund_2a 43883 · n_nac 22886 · max_vivos 120 · bloqueados 0 · persiste 1 · aborto None
[20:06:54] ING_SEL_50 s48807: 202.1 s · K 95.8 · K_nac 8.378486 · fund_2a 35316 · n_nac 25778 · max_vivos 124 · bloqueados 0 · persiste 1 · aborto None
[20:11:12] ING_AZA_50 s48807: 258.1 s · K 96.15 · K_nac 9.171315 · fund_2a 68704 · n_nac 31357 · max_vivos 120 · bloqueados 0 · persiste 1 · aborto None
[20:14:39] ING_SEL_47 s48807: 206.2 s · K 102.01 · K_nac 18.717131 · fund_2a 37190 · n_nac 23591 · max_vivos 120 · bloqueados 0 · persiste 1 · aborto None
[20:18:55] ING_SEL_25 s48807: 255.8 s · K 102.89 · K_nac 19.900398 · fund_2a 36688 · n_nac 22528 · max_vivos 117 · bloqueados 0 · persiste 1 · aborto None
[20:23:42] ING_F1 s48807: 286.4 s · K 96.29 · K_nac 12.450199 · fund_2a 64086 · n_nac 23319 · max_vivos 109 · bloqueados 0 · persiste 1 · aborto None
[20:23:42] FIN
