construye_g50 --verifica motor_eco50.py: IGUAL (origen bca3033878b59622; destino d85bbcda7b40fa19)
construye_g50 --verifica motor_g50.py: IGUAL (origen ff9d890a5cce9dec; destino 32f9e5dd4ddd20dd)
construye_g50 --verifica nucleo_g50.py: IGUAL (origen c2189f9d22b72386; destino 6f01bd7ec241e185)
[20:35:01] EXPLORA v2: semillas [48802, 48803, 48806, 48807, 48809, 48810, 48804] · brazos ['ING_SEL_C_V', 'ING_SEL_47_V', 'ING_AZA_47_V'] · T 200000 · tope 600 · shas {'motor_eco50.py': 'd85bbcda7b40fa19', 'motor_g50.py': '32f9e5dd4ddd20dd', 'nucleo_g50.py': '6f01bd7ec241e185', 'corre_g50.py': '6c4acde142cb3b05'}
[20:35:28] ING_SEL_C_V s48802: 27.1 s · K 9.76 · K_nac 7.673267 · fund_2a 0 · n_nac 6046 · max_vivos 119 · bloqueados 0 · persiste 1 · aborto None
[20:35:58] ING_SEL_47_V s48802: 29.3 s · K 15.1 · K_nac 12.693069 · fund_2a 0 · n_nac 6214 · max_vivos 118 · bloqueados 0 · persiste 1 · aborto None
[20:36:26] ING_AZA_47_V s48802: 28.3 s · K 1.81 · K_nac 0.336634 · fund_2a 0 · n_nac 3488 · max_vivos 108 · bloqueados 0 · persiste 0 · aborto None
[20:36:51] ING_SEL_C_V s48803: 24.6 s · K 7.72 · K_nac 6.336634 · fund_2a 0 · n_nac 5649 · max_vivos 116 · bloqueados 0 · persiste 1 · aborto None
[20:37:20] ING_SEL_47_V s48803: 29.4 s · K 17.63 · K_nac 15.217822 · fund_2a 0 · n_nac 6560 · max_vivos 119 · bloqueados 0 · persiste 1 · aborto None
[20:37:51] ING_AZA_47_V s48803: 30.1 s · K 3.47 · K_nac 1.306931 · fund_2a 0 · n_nac 5592 · max_vivos 112 · bloqueados 0 · persiste 1 · aborto None
[20:38:17] ING_SEL_C_V s48806: 25.9 s · K 12.2 · K_nac 10.693069 · fund_2a 0 · n_nac 6624 · max_vivos 118 · bloqueados 0 · persiste 1 · aborto None
[20:38:46] ING_SEL_47_V s48806: 29.0 s · K 13.68 · K_nac 12.19802 · fund_2a 0 · n_nac 6523 · max_vivos 118 · bloqueados 0 · persiste 1 · aborto None
[20:39:16] ING_AZA_47_V s48806: 30.2 s · K 4.83 · K_nac 2.752475 · fund_2a 0 · n_nac 6061 · max_vivos 113 · bloqueados 0 · persiste 1 · aborto None
[20:39:42] ING_SEL_C_V s48807: 25.5 s · K 8.79 · K_nac 7.386139 · fund_2a 0 · n_nac 6449 · max_vivos 120 · bloqueados 0 · persiste 1 · aborto None
[20:40:10] ING_SEL_47_V s48807: 28.4 s · K 10.65 · K_nac 8.09901 · fund_2a 0 · n_nac 6246 · max_vivos 117 · bloqueados 0 · persiste 1 · aborto None
[20:40:35] ING_AZA_47_V s48807: 24.7 s · K 1.1 · K_nac 0.039604 · fund_2a 0 · n_nac 2340 · max_vivos 108 · bloqueados 0 · persiste 0 · aborto None
[20:41:00] ING_SEL_C_V s48809: 24.6 s · K 9.66 · K_nac 7.742574 · fund_2a 0 · n_nac 5920 · max_vivos 115 · bloqueados 0 · persiste 1 · aborto None
[20:41:29] ING_SEL_47_V s48809: 29.4 s · K 16.95 · K_nac 13.653465 · fund_2a 0 · n_nac 6987 · max_vivos 119 · bloqueados 0 · persiste 1 · aborto None
[20:41:59] ING_AZA_47_V s48809: 30.1 s · K 6.76 · K_nac 3.069307 · fund_2a 0 · n_nac 5756 · max_vivos 112 · bloqueados 0 · persiste 1 · aborto None
[20:42:24] ING_SEL_C_V s48810: 24.8 s · K 9.2 · K_nac 7.49505 · fund_2a 0 · n_nac 6009 · max_vivos 118 · bloqueados 0 · persiste 1 · aborto None
[20:42:54] ING_SEL_47_V s48810: 29.8 s · K 17.17 · K_nac 14.544554 · fund_2a 0 · n_nac 7130 · max_vivos 122 · bloqueados 0 · persiste 1 · aborto None
[20:43:23] ING_AZA_47_V s48810: 29.0 s · K 2.51 · K_nac 0.445545 · fund_2a 0 · n_nac 3973 · max_vivos 108 · bloqueados 0 · persiste 0 · aborto None
[20:43:49] ING_SEL_C_V s48804: 25.4 s · K 8.82 · K_nac 7.079208 · fund_2a 0 · n_nac 6331 · max_vivos 117 · bloqueados 0 · persiste 1 · aborto None
[20:44:17] ING_SEL_47_V s48804: 28.2 s · K 14.69 · K_nac 12.613861 · fund_2a 0 · n_nac 6814 · max_vivos 117 · bloqueados 0 · persiste 1 · aborto None
[20:44:44] ING_AZA_47_V s48804: 26.9 s · K 2.72 · K_nac 0.742574 · fund_2a 0 · n_nac 3527 · max_vivos 108 · bloqueados 0 · persiste 1 · aborto None
[20:44:44] FIN
