construye_g50 --verifica motor_eco50.py: IGUAL (origen bca3033878b59622; destino d85bbcda7b40fa19)
construye_g50 --verifica motor_g50.py: IGUAL (origen ff9d890a5cce9dec; destino 32f9e5dd4ddd20dd)
construye_g50 --verifica nucleo_g50.py: IGUAL (origen c2189f9d22b72386; destino 8e21e3bc7a6e33b0)
[19:28:14] EXPLORA p1: semillas 48801-48804 · brazos ['ING_SEL_C', 'ING_SEL_50', 'ING_AZA_50', 'ING_SEL_47', 'ING_SEL_25', 'ING_F1'] · T 500000 · tope 600 · shas {'motor_eco50.py': 'd85bbcda7b40fa19', 'motor_g50.py': '32f9e5dd4ddd20dd', 'nucleo_g50.py': '8e21e3bc7a6e33b0', 'corre_g50.py': '5bad120694b49258'}
[19:30:15] ING_SEL_C s48801: 120.7 s · K 101.67 · K_nac 17.011952 · fund_2a 44975 · n_nac 22293 · max_vivos 117 · bloqueados 0 · persiste 1 · aborto None
[19:32:30] ING_SEL_50 s48801: 134.6 s · K 92.06 · K_nac 2.685259 · fund_2a 34948 · n_nac 30259 · max_vivos 116 · bloqueados 0 · persiste 1 · aborto None
[19:34:31] ING_AZA_50 s48801: 121.6 s · K 91.16 · K_nac 3.697211 · fund_2a 47051 · n_nac 4995 · max_vivos 108 · bloqueados 0 · persiste 1 · aborto None
[19:37:13] ING_SEL_47 s48801: 161.2 s · K 102.19 · K_nac 18.760956 · fund_2a 36751 · n_nac 23710 · max_vivos 120 · bloqueados 0 · persiste 1 · aborto None
[19:40:41] ING_SEL_25 s48801: 207.8 s · K 102.42 · K_nac 18.964143 · fund_2a 37421 · n_nac 22189 · max_vivos 121 · bloqueados 0 · persiste 1 · aborto None
[19:44:17] ING_F1 s48801: 215.3 s · K 96.15 · K_nac 12.593625 · fund_2a 64377 · n_nac 23207 · max_vivos 107 · bloqueados 0 · persiste 1 · aborto None
[19:47:18] ING_SEL_C s48802: 180.7 s · K 100.85 · K_nac 16.10757 · fund_2a 43759 · n_nac 22309 · max_vivos 119 · bloqueados 0 · persiste 1 · aborto None
[19:50:20] ING_SEL_50 s48802: 182.2 s · K 91.98 · K_nac 2.354582 · fund_2a 33882 · n_nac 50754 · max_vivos 127 · bloqueados 0 · persiste 1 · aborto None
[19:53:34] ING_AZA_50 s48802: 194.1 s · K 92.82 · K_nac 5.175299 · fund_2a 74391 · n_nac 21591 · max_vivos 108 · bloqueados 0 · persiste 1 · aborto None
[19:56:13] ING_SEL_47 s48802: 158.0 s · K 102.62 · K_nac 20.067729 · fund_2a 36701 · n_nac 23132 · max_vivos 118 · bloqueados 0 · persiste 1 · aborto None
[19:58:27] ING_SEL_25 s48802: 134.4 s · K 101.52 · K_nac 17.76494 · fund_2a 39622 · n_nac 22301 · max_vivos 117 · bloqueados 0 · persiste 1 · aborto None
[20:01:20] ING_F1 s48802: 173.0 s · K 96.4 · K_nac 12.888446 · fund_2a 64160 · n_nac 23480 · max_vivos 108 · bloqueados 0 · persiste 1 · aborto None
[20:04:19] ING_SEL_C s48803: 178.9 s · K 100.94 · K_nac 16.262948 · fund_2a 44343 · n_nac 22087 · max_vivos 118 · bloqueados 0 · persiste 1 · aborto None
[20:08:00] ING_SEL_50 s48803: 219.7 s · K 91.78 · K_nac 2.079681 · fund_2a 31047 · n_nac 38175 · max_vivos 115 · bloqueados 0 · persiste 1 · aborto None
[20:11:43] ING_AZA_50 s48803: 223.4 s · K 90.93 · K_nac 5.051793 · fund_2a 61164 · n_nac 6255 · max_vivos 105 · bloqueados 0 · persiste 1 · aborto None
[20:15:23] ING_SEL_47 s48803: 219.6 s · K 102.33 · K_nac 18.350598 · fund_2a 36746 · n_nac 23448 · max_vivos 119 · bloqueados 0 · persiste 1 · aborto None
[20:19:54] ING_SEL_25 s48803: 270.6 s · K 102.63 · K_nac 19.856574 · fund_2a 36384 · n_nac 22787 · max_vivos 118 · bloqueados 0 · persiste 1 · aborto None
[20:24:23] ING_F1 s48803: 268.2 s · K 96.27 · K_nac 12.446215 · fund_2a 64508 · n_nac 23256 · max_vivos 110 · bloqueados 0 · persiste 1 · aborto None
[20:28:03] ING_SEL_C s48804: 219.7 s · K 101.15 · K_nac 16.302789 · fund_2a 42860 · n_nac 22466 · max_vivos 117 · bloqueados 0 · persiste 1 · aborto None
[20:31:22] ING_SEL_50 s48804: 198.7 s · K 93.5 · K_nac 4.175299 · fund_2a 32451 · n_nac 65230 · max_vivos 126 · bloqueados 0 · persiste 1 · aborto None
[20:33:51] ING_AZA_50 s48804: 149.1 s · K 96.53 · K_nac 9.40239 · fund_2a 55641 · n_nac 24059 · max_vivos 125 · bloqueados 0 · persiste 1 · aborto None
[20:35:56] ING_SEL_47 s48804: 124.7 s · K 102.28 · K_nac 18.410359 · fund_2a 37601 · n_nac 24139 · max_vivos 122 · bloqueados 0 · persiste 1 · aborto None
[20:37:57] ING_SEL_25 s48804: 121.2 s · K 102.55 · K_nac 19.601594 · fund_2a 36775 · n_nac 22806 · max_vivos 119 · bloqueados 0 · persiste 1 · aborto None
[20:39:58] ING_F1 s48804: 120.9 s · K 96.76 · K_nac 12.924303 · fund_2a 63968 · n_nac 23532 · max_vivos 108 · bloqueados 0 · persiste 1 · aborto None
[20:39:58] FIN
