=== Thu Oct  1 14:55:39 HPS 2026 | mapa lotes D2 B2 ===
[14:55:39] CORRE_MURO_PERILLAS · mapa · 20261001_145539 · python 3.14.2 · pool NO (un proceso) · runner 9ec563b7d9573c4e · nota ''
[14:55:40]   REGLA DE CPU: python.exe ajenos de TRABAJO 1 (totales 1; los padres ociosos de Pool no cuentan) · tope 6
[14:55:40]   sha experimentos\carrera_escuderias\pista.py 9f47c65e438e0ff4 OK
[14:55:40]   sha experimentos\carrera_escuderias\juez.py 6a68f640a7832f12 OK
[14:55:40]   sha experimentos\carrera_escuderias\carros\O1.py 99436afa2715f028 OK
[14:55:40]   sha experimentos\carrera_escuderias\carros\CTRL_O1_SINLIMPIA.py be029b0a1b8d6634 OK
[14:55:40]   sha experimentos\tronco_v14_3\corre_v143.py 24100621c450da22 OK
[14:55:40]   sha muro_perillas/construye_muro_perillas.py 4b7092184a16f4ca OK (NO FIJADO: solo humo/mapa)
[14:55:40]   sha muro_perillas/carros\O1_MURO_GEN.py 2f88a0b447b48d32 OK (NO FIJADO: solo humo/mapa)
[14:55:40]   sha muro_perillas/carros\O1_MURO_GEN0.py 36e00ceeb41b8ccb OK (NO FIJADO: solo humo/mapa)
[14:55:40]   carro O1_MURO_GEN == construye_muro_perillas: True
[14:55:40]   carro O1_MURO_GEN0 == construye_muro_perillas: True
[14:55:54]   IDENTIDAD CORTA MURO_PERILLAS (salida ENTERA, N 9, s 883950, T 1500): GEN dosis 1 sigma 0 == O1 True · GEN LIMPIA 0 == CTRL_O1_SINLIMPIA True · GEN PS_LEE 0 sigma 0.03 camara 1 desde la base == O1 True · control todo apagado != O1 True
[14:58:09]   [135.0s] off+MARGEN=0.25 s883002 genoma {'MARGEN': 0.25, 'PRUEBA': 0.5, 'PEN_OTRO': 1.0, 'PISO': 1.0, 'LIMPIA': 0.0, 'HUECO': 0.0} · cruzan 6/9 mayoria 1 R0 real med 0.9655 fund med 0.0 estab 7/9 · vida 1753.0 · causas {'hambre': 131, 'sed': 107, 'veneno': 391, 'sal': 373} · B+D 2.0 A+C 428.0 · mundo AC 1.4838 sin bueno 0.2739 · coherente True
[15:00:34]   [145.3s] off+PISO=0.2 s883002 genoma {'MARGEN': 0.0, 'PRUEBA': 0.5, 'PEN_OTRO': 1.0, 'PISO': 0.2, 'LIMPIA': 0.0, 'HUECO': 0.0} · cruzan 0/9 mayoria 0 R0 real med 0.0 fund med 78.0 estab 0/9 · vida 200.0 · causas {'hambre': 16, 'sed': 6, 'veneno': 333, 'sal': 378} · B+D 87.0 A+C 306.0 · mundo AC 5.0943 sin bueno 0.0464 · coherente True
[15:03:17]   [163.0s] off+LIMPIA=1 s883002 genoma {'MARGEN': 0.0, 'PRUEBA': 0.5, 'PEN_OTRO': 1.0, 'PISO': 1.0, 'LIMPIA': 1.0, 'HUECO': 0.0} · cruzan 0/9 mayoria 0 R0 real med 0.0 fund med 43.0 estab 1/9 · vida 200.0 · causas {'hambre': 8, 'sed': 9, 'veneno': 248, 'sal': 260} · B+D 104.0 A+C 353.0 · mundo AC 4.6737 sin bueno 0.0394 · coherente True
[15:05:29]   [131.7s] off+MARGEN=0.25+PISO=0.2 s883002 genoma {'MARGEN': 0.25, 'PRUEBA': 0.5, 'PEN_OTRO': 1.0, 'PISO': 0.2, 'LIMPIA': 0.0, 'HUECO': 0.0} · cruzan 6/9 mayoria 1 R0 real med 0.9655 fund med 0.0 estab 7/9 · vida 1753.0 · causas {'hambre': 131, 'sed': 107, 'veneno': 391, 'sal': 373} · B+D 2.0 A+C 428.0 · mundo AC 1.4838 sin bueno 0.2739 · coherente True
[15:08:03]   [154.5s] off+MARGEN=0.25+LIMPIA=1+PISO=0.2 s883002 genoma {'MARGEN': 0.25, 'PRUEBA': 0.5, 'PEN_OTRO': 1.0, 'PISO': 0.2, 'LIMPIA': 1.0, 'HUECO': 0.0} · cruzan 7/9 mayoria 1 R0 real med 0.9444 fund med 0.0 estab 7/9 · vida 3455.0 · causas {'hambre': 62, 'sed': 46, 'veneno': 253, 'sal': 219} · B+D 321.0 A+C 648.0 · mundo AC 2.2329 sin bueno 0.0378 · coherente True
[15:10:37]   [153.7s] off+MARGEN=0.25+LIMPIA=1+PISO=0.2+PEN_OTRO=0.35 s883002 genoma {'MARGEN': 0.25, 'PRUEBA': 0.5, 'PEN_OTRO': 0.35, 'PISO': 0.2, 'LIMPIA': 1.0, 'HUECO': 0.0} · cruzan 6/9 mayoria 1 R0 real med 0.9474 fund med 0.0 estab 7/9 · vida 3176.0 · causas {'hambre': 61, 'sed': 44, 'veneno': 255, 'sal': 287} · B+D 313.0 A+C 661.0 · mundo AC 2.2248 sin bueno 0.0343 · coherente True
[15:10:37] MAPA (genomas fijos, pista vieja, 9 linajes por corrida, T 100000) · C:\Users\User\Documents\PROYECTOS\JUACO\organelos\experimentos\organelos\muro_perillas\datos\mapa
[15:10:37]   genoma                      semillas   cruzan/9 por semilla  suma  R0 real med  fund med   estab   vida  causas h/s/v/sal  B+D  A+C  mundoAC
[15:10:37]   MARGEN=0.0                 [883001, 883002]                 [0, 0]     0          0.0      12.0  [5, 3]  200.0  5/10/271/242  143.5  399.5  4.618
[15:10:37]   MARGEN=0.03                [883001, 883002]                 [0, 4]     4       0.8611       0.0  [8, 9] 8386.25  35/43/86/83  246.5  512.0  3.0072
[15:10:37]   MARGEN=0.06                [883001, 883002]                 [3, 8]    11       0.8831       0.0  [8, 9] 6762.25  44/68/164/177  262.0  553.5  2.6827
[15:10:37]   MARGEN=0.1                 [883001, 883002]                 [8, 9]    17       0.9388       0.0  [8, 9] 4230.75  101/109/80/56  317.5  577.5  2.1779
[15:10:37]   fab                        [883001, 883002]                 [4, 8]    12       0.9151       0.0  [7, 8] 3692.5  85/107/419/416  339.5  678.0  2.1423
[15:10:37]   MARGEN=0.5                 [883001, 883002]                 [5, 5]    10        0.925       0.0  [5, 6] 2190.5  107/102/1393/1447  220.5  828.5  1.832
[15:10:37]   PISO=0.0                    [883001]                    [8]     8       0.9545       0.0     [8] 2916.0  40/36/138/140  369.0  678.0  2.0813
[15:10:37]   PISO=0.4                    [883001]                    [3]     3        0.875       0.0     [7] 6462.0  37/36/329/296  319.0  709.0  2.3391
[15:10:37]   PISO=0.6                    [883001]                    [8]     8       0.9333       0.0     [8] 4743.0  73/71/48/53  349.0  647.0  1.7952
[15:10:37]   PISO=1.0                    [883001]                    [7]     7       0.9167       0.0     [7] 4189.5  52/49/267/326  226.0  607.0  1.8865
[15:10:37]   PEN_OTRO=1.0                [883001]                    [5]     5          0.9       0.0     [7] 3272.0  40/36/202/229  323.0  686.0  2.2279
[15:10:37]   PRUEBA=0.0                  [883001]                    [6]     6       0.9524       0.0     [8] 2359.0  72/60/38/40  393.0  668.0  1.8486
[15:10:37]   LIMPIA=0                   [883001, 883002]                 [5, 6]    11       0.9495       0.0  [7, 6] 2174.5  167/193/832/927  2.0  468.5  1.5563
[15:10:37]   HUECO=0                    [883001, 883002]                 [7, 6]    13       0.9509       0.0  [8, 7] 2818.0  137/98/419/421  320.0  648.5  2.1695
[15:10:37]   MARGEN=0.1+PISO=0.6        [883001, 883002]                 [3, 8]    11       0.9042       0.0  [8, 8] 6970.25  98/98/112/122  273.5  570.0  2.2146
[15:10:37]   MARGEN=0.06+PISO=0.4       [883001, 883002]                 [1, 2]     3       0.8611       0.0  [8, 9] 10578.25  70/59/27/39  273.5  549.0  2.5127
[15:10:37]   MARGEN=0.1+PISO=1.0        [883001, 883002]                 [4, 5]     9       0.9081       0.0  [7, 6] 3166.0  115/109/507/486  158.0  507.5  2.1862
[15:10:37]   off                         [883001]                    [0]     0          0.0      65.0     [0]  200.0  18/10/281/323  74.0  309.0  4.9501
[15:10:37]   off+MARGEN=0.25            [883001, 883002]                 [5, 6]    11       0.9577       0.0  [7, 7] 1729.25  231/199/822/818  2.0  442.5  1.6278
[15:10:37]   off+PISO=0.2               [883001, 883002]                 [0, 0]     0          0.0      71.5  [0, 0]  200.0  34/16/614/701  80.5  307.5  5.0222
[15:10:37]   off+LIMPIA=1               [883001, 883002]                 [0, 0]     0          0.0      56.5  [1, 1]  200.0  17/13/518/548  113.0  341.0  4.5532
[15:10:37]   off+MARGEN=0.25+PISO=0.2   [883001, 883002]                 [5, 6]    11       0.9577       0.0  [7, 7] 1729.25  231/199/822/818  2.0  442.5  1.6278
[15:10:37]   off+MARGEN=0.25+LIMPIA=1+PISO=0.2 [883001, 883002]                 [7, 7]    14       0.9365       0.0  [7, 7] 3762.25  115/99/460/419  318.0  652.5  2.2658
[15:10:37]   off+MARGEN=0.25+LIMPIA=1+PISO=0.2+PEN_OTRO=0.35 [883001, 883002]                 [7, 6]    13       0.9509       0.0  [8, 7] 2818.0  137/98/419/421  320.0  648.5  2.1695
[15:10:37]   mix:8xPISO=0.2+1xPISO=0.6  [883001, 883002]                 [8, 7]    15       0.9388       0.0  [8, 8] 3410.25  100/98/149/162  366.5  672.5  1.9898
[15:10:37]       s883001 linaje 0 genes [0.25, 0.5, 0.35, 0.2, 1.0, 1.0] cruza 1 R0 0.9167 fund 0 B+D 378 A+C 733 limpiezas 376
[15:10:37]       s883001 linaje 1 genes [0.25, 0.5, 0.35, 0.2, 1.0, 1.0] cruza 1 R0 0.9231 fund 0 B+D 362 A+C 704 limpiezas 360
[15:10:37]       s883001 linaje 2 genes [0.25, 0.5, 0.35, 0.2, 1.0, 1.0] cruza 1 R0 0.9565 fund 0 B+D 360 A+C 676 limpiezas 358
[15:10:37]       s883001 linaje 3 genes [0.25, 0.5, 0.35, 0.2, 1.0, 1.0] cruza 1 R0 0.9167 fund 0 B+D 389 A+C 713 limpiezas 387
[15:10:37]       s883001 linaje 4 genes [0.25, 0.5, 0.35, 0.2, 1.0, 1.0] cruza 1 R0 0.9474 fund 0 B+D 381 A+C 679 limpiezas 379
[15:10:37]       s883001 linaje 5 genes [0.25, 0.5, 0.35, 0.2, 1.0, 1.0] cruza 1 R0 0.9167 fund 0 B+D 325 A+C 691 limpiezas 323
[15:10:37]       s883001 linaje 6 genes [0.25, 0.5, 0.35, 0.2, 1.0, 1.0] cruza 1 R0 0.9333 fund 0 B+D 379 A+C 713 limpiezas 377
[15:10:37]       s883001 linaje 7 genes [0.25, 0.5, 0.35, 0.2, 1.0, 1.0] cruza 0 R0 0.096 fund 112 B+D 417 A+C 530 limpiezas 409
[15:10:37]       s883001 linaje 8 genes [0.25, 0.5, 0.35, 0.6, 1.0, 1.0] cruza 1 R0 0.9286 fund 0 B+D 347 A+C 678 limpiezas 345
[15:10:37]       s883002 linaje 0 genes [0.25, 0.5, 0.35, 0.2, 1.0, 1.0] cruza 1 R0 0.9677 fund 0 B+D 355 A+C 639 limpiezas 353
[15:10:37]       s883002 linaje 1 genes [0.25, 0.5, 0.35, 0.2, 1.0, 1.0] cruza 1 R0 0.9474 fund 0 B+D 375 A+C 672 limpiezas 373
[15:10:37]       s883002 linaje 2 genes [0.25, 0.5, 0.35, 0.2, 1.0, 1.0] cruza 1 R0 0.9565 fund 0 B+D 352 A+C 654 limpiezas 350
[15:10:37]       s883002 linaje 3 genes [0.25, 0.5, 0.35, 0.2, 1.0, 1.0] cruza 1 R0 0.9545 fund 0 B+D 350 A+C 643 limpiezas 348
[15:10:37]       s883002 linaje 4 genes [0.25, 0.5, 0.35, 0.2, 1.0, 1.0] cruza 1 R0 0.9615 fund 0 B+D 339 A+C 643 limpiezas 337
[15:10:37]       s883002 linaje 5 genes [0.25, 0.5, 0.35, 0.2, 1.0, 1.0] cruza 1 R0 0.9474 fund 0 B+D 363 A+C 686 limpiezas 361
[15:10:37]       s883002 linaje 6 genes [0.25, 0.5, 0.35, 0.2, 1.0, 1.0] cruza 0 R0 0.1009 fund 97 B+D 447 A+C 558 limpiezas 441
[15:10:37]       s883002 linaje 7 genes [0.25, 0.5, 0.35, 0.2, 1.0, 1.0] cruza 1 R0 0.963 fund 0 B+D 384 A+C 656 limpiezas 382
[15:10:37]       s883002 linaje 8 genes [0.25, 0.5, 0.35, 0.6, 1.0, 1.0] cruza 0 R0 0.8333 fund 0 B+D 303 A+C 668 limpiezas 301
[15:10:37]   mix:8xPISO=0.6+1xPISO=0.2  [883001, 883002]                 [8, 7]    15       0.9231       0.0  [8, 8] 4636.75  122/118/155/160  345.5  646.0  1.8179
[15:10:37]       s883001 linaje 0 genes [0.25, 0.5, 0.35, 0.6, 1.0, 1.0] cruza 0 R0 0.024 fund 284 B+D 454 A+C 289 limpiezas 444
[15:10:37]       s883001 linaje 1 genes [0.25, 0.5, 0.35, 0.6, 1.0, 1.0] cruza 1 R0 0.9375 fund 0 B+D 347 A+C 676 limpiezas 345
[15:10:37]       s883001 linaje 2 genes [0.25, 0.5, 0.35, 0.6, 1.0, 1.0] cruza 1 R0 0.9091 fund 0 B+D 328 A+C 661 limpiezas 326
[15:10:37]       s883001 linaje 3 genes [0.25, 0.5, 0.35, 0.6, 1.0, 1.0] cruza 1 R0 0.9231 fund 0 B+D 326 A+C 649 limpiezas 324
[15:10:37]       s883001 linaje 4 genes [0.25, 0.5, 0.35, 0.6, 1.0, 1.0] cruza 1 R0 0.9231 fund 0 B+D 352 A+C 694 limpiezas 350
[15:10:37]       s883001 linaje 5 genes [0.25, 0.5, 0.35, 0.6, 1.0, 1.0] cruza 1 R0 0.9231 fund 0 B+D 283 A+C 643 limpiezas 281
[15:10:37]       s883001 linaje 6 genes [0.25, 0.5, 0.35, 0.6, 1.0, 1.0] cruza 1 R0 0.9231 fund 0 B+D 329 A+C 639 limpiezas 327
[15:10:37]       s883001 linaje 7 genes [0.25, 0.5, 0.35, 0.6, 1.0, 1.0] cruza 1 R0 0.9524 fund 0 B+D 333 A+C 650 limpiezas 331
[15:10:37]       s883001 linaje 8 genes [0.25, 0.5, 0.35, 0.2, 1.0, 1.0] cruza 1 R0 0.95 fund 0 B+D 388 A+C 680 limpiezas 386
[15:10:37]       s883002 linaje 0 genes [0.25, 0.5, 0.35, 0.6, 1.0, 1.0] cruza 1 R0 0.9444 fund 0 B+D 352 A+C 635 limpiezas 350
[15:10:37]       s883002 linaje 1 genes [0.25, 0.5, 0.35, 0.6, 1.0, 1.0] cruza 1 R0 0.9 fund 0 B+D 382 A+C 667 limpiezas 380
[15:10:37]       s883002 linaje 2 genes [0.25, 0.5, 0.35, 0.6, 1.0, 1.0] cruza 1 R0 0.9091 fund 0 B+D 376 A+C 670 limpiezas 374
[15:10:37]       s883002 linaje 3 genes [0.25, 0.5, 0.35, 0.6, 1.0, 1.0] cruza 1 R0 0.9444 fund 0 B+D 355 A+C 638 limpiezas 353
[15:10:37]       s883002 linaje 4 genes [0.25, 0.5, 0.35, 0.6, 1.0, 1.0] cruza 0 R0 0.4571 fund 18 B+D 358 A+C 619 limpiezas 354
[15:10:37]       s883002 linaje 5 genes [0.25, 0.5, 0.35, 0.6, 1.0, 1.0] cruza 1 R0 0.9524 fund 0 B+D 347 A+C 640 limpiezas 345
[15:10:37]       s883002 linaje 6 genes [0.25, 0.5, 0.35, 0.6, 1.0, 1.0] cruza 1 R0 0.9231 fund 0 B+D 366 A+C 665 limpiezas 364
[15:10:37]       s883002 linaje 7 genes [0.25, 0.5, 0.35, 0.6, 1.0, 1.0] cruza 0 R0 0.8889 fund 0 B+D 358 A+C 642 limpiezas 356
[15:10:37]       s883002 linaje 8 genes [0.25, 0.5, 0.35, 0.2, 1.0, 1.0] cruza 1 R0 0.9615 fund 0 B+D 455 A+C 690 limpiezas 453
[15:10:37]   mix:8xfab+1xLIMPIA=0       [883001, 883002]                 [6, 6]    12       0.9199       0.0  [7, 7] 4832.0  76/61/666/694  334.0  695.5  2.2763
[15:10:37]       s883001 linaje 0 genes [0.25, 0.5, 0.35, 0.2, 1.0, 1.0] cruza 0 R0 0.0311 fund 248 B+D 509 A+C 422 limpiezas 487
[15:10:37]       s883001 linaje 1 genes [0.25, 0.5, 0.35, 0.2, 1.0, 1.0] cruza 1 R0 0.9375 fund 0 B+D 344 A+C 703 limpiezas 342
[15:10:37]       s883001 linaje 2 genes [0.25, 0.5, 0.35, 0.2, 1.0, 1.0] cruza 1 R0 0.9474 fund 0 B+D 333 A+C 701 limpiezas 331
[15:10:37]       s883001 linaje 3 genes [0.25, 0.5, 0.35, 0.2, 1.0, 1.0] cruza 1 R0 0.9167 fund 0 B+D 349 A+C 730 limpiezas 347
[15:10:37]       s883001 linaje 4 genes [0.25, 0.5, 0.35, 0.2, 1.0, 1.0] cruza 0 R0 0.0 fund 480 B+D 564 A+C 84 limpiezas 538
[15:10:37]       s883001 linaje 5 genes [0.25, 0.5, 0.35, 0.2, 1.0, 1.0] cruza 1 R0 0.9231 fund 0 B+D 318 A+C 711 limpiezas 316
[15:10:37]       s883001 linaje 6 genes [0.25, 0.5, 0.35, 0.2, 1.0, 1.0] cruza 1 R0 0.9231 fund 0 B+D 318 A+C 700 limpiezas 316
[15:10:37]       s883001 linaje 7 genes [0.25, 0.5, 0.35, 0.2, 1.0, 1.0] cruza 1 R0 0.9524 fund 0 B+D 305 A+C 682 limpiezas 303
[15:10:37]       s883001 linaje 8 genes [0.25, 0.5, 0.35, 0.2, 0.0, 1.0] cruza 0 R0 0.8333 fund 0 B+D 2 A+C 599 limpiezas 0
[15:10:37]       s883002 linaje 0 genes [0.25, 0.5, 0.35, 0.2, 1.0, 1.0] cruza 0 R0 0.2615 fund 47 B+D 321 A+C 624 limpiezas 317
[15:10:37]       s883002 linaje 1 genes [0.25, 0.5, 0.35, 0.2, 1.0, 1.0] cruza 1 R0 0.9444 fund 0 B+D 354 A+C 713 limpiezas 352
[15:10:37]       s883002 linaje 2 genes [0.25, 0.5, 0.35, 0.2, 1.0, 1.0] cruza 1 R0 0.9333 fund 0 B+D 353 A+C 717 limpiezas 351
[15:10:37]       s883002 linaje 3 genes [0.25, 0.5, 0.35, 0.2, 1.0, 1.0] cruza 1 R0 0.9412 fund 0 B+D 335 A+C 691 limpiezas 333
[15:10:37]       s883002 linaje 4 genes [0.25, 0.5, 0.35, 0.2, 1.0, 1.0] cruza 1 R0 0.9167 fund 0 B+D 326 A+C 700 limpiezas 324
[15:10:37]       s883002 linaje 5 genes [0.25, 0.5, 0.35, 0.2, 1.0, 1.0] cruza 0 R0 0.0021 fund 475 B+D 532 A+C 72 limpiezas 509
[15:10:37]       s883002 linaje 6 genes [0.25, 0.5, 0.35, 0.2, 1.0, 1.0] cruza 1 R0 0.9444 fund 0 B+D 349 A+C 688 limpiezas 347
[15:10:37]       s883002 linaje 7 genes [0.25, 0.5, 0.35, 0.2, 1.0, 1.0] cruza 1 R0 0.9167 fund 0 B+D 309 A+C 700 limpiezas 307
[15:10:37]       s883002 linaje 8 genes [0.25, 0.5, 0.35, 0.2, 0.0, 1.0] cruza 0 R0 0.1395 fund 36 B+D 40 A+C 534 limpiezas 35
[15:10:37]   mix:8xLIMPIA=0+1xfab       [883001, 883002]                 [6, 6]    12       0.9411       0.0  [6, 6] 3105.25  162/173/964/926  2.0  477.5  1.6385
[15:10:37]       s883001 linaje 0 genes [0.25, 0.5, 0.35, 0.2, 0.0, 1.0] cruza 1 R0 0.9333 fund 0 B+D 2 A+C 523 limpiezas 0
[15:10:37]       s883001 linaje 1 genes [0.25, 0.5, 0.35, 0.2, 0.0, 1.0] cruza 0 R0 0.0041 fund 487 B+D 499 A+C 41 limpiezas 476
[15:10:37]       s883001 linaje 2 genes [0.25, 0.5, 0.35, 0.2, 0.0, 1.0] cruza 1 R0 0.9167 fund 0 B+D 2 A+C 524 limpiezas 0
[15:10:37]       s883001 linaje 3 genes [0.25, 0.5, 0.35, 0.2, 0.0, 1.0] cruza 1 R0 0.9333 fund 0 B+D 2 A+C 515 limpiezas 0
[15:10:37]       s883001 linaje 4 genes [0.25, 0.5, 0.35, 0.2, 0.0, 1.0] cruza 1 R0 0.9167 fund 0 B+D 2 A+C 530 limpiezas 0
[15:10:37]       s883001 linaje 5 genes [0.25, 0.5, 0.35, 0.2, 0.0, 1.0] cruza 1 R0 0.9 fund 0 B+D 2 A+C 551 limpiezas 0
[15:10:37]       s883001 linaje 6 genes [0.25, 0.5, 0.35, 0.2, 0.0, 1.0] cruza 1 R0 0.9333 fund 0 B+D 2 A+C 537 limpiezas 0
[15:10:37]       s883001 linaje 7 genes [0.25, 0.5, 0.35, 0.2, 0.0, 1.0] cruza 0 R0 0.0588 fund 159 B+D 165 A+C 346 limpiezas 157
[15:10:37]       s883001 linaje 8 genes [0.25, 0.5, 0.35, 0.2, 1.0, 1.0] cruza 0 R0 0.002 fund 487 B+D 536 A+C 66 limpiezas 506
[15:10:37]       s883002 linaje 0 genes [0.25, 0.5, 0.35, 0.2, 0.0, 1.0] cruza 0 R0 0.0698 fund 239 B+D 248 A+C 220 limpiezas 232
[15:10:37]       s883002 linaje 1 genes [0.25, 0.5, 0.35, 0.2, 0.0, 1.0] cruza 1 R0 0.9688 fund 0 B+D 2 A+C 449 limpiezas 0
[15:10:37]       s883002 linaje 2 genes [0.25, 0.5, 0.35, 0.2, 0.0, 1.0] cruza 1 R0 0.9714 fund 0 B+D 2 A+C 432 limpiezas 0
[15:10:37]       s883002 linaje 3 genes [0.25, 0.5, 0.35, 0.2, 0.0, 1.0] cruza 0 R0 0.375 fund 54 B+D 57 A+C 388 limpiezas 54
[15:10:37]       s883002 linaje 4 genes [0.25, 0.5, 0.35, 0.2, 0.0, 1.0] cruza 1 R0 0.9643 fund 0 B+D 2 A+C 447 limpiezas 0
[15:10:37]       s883002 linaje 5 genes [0.25, 0.5, 0.35, 0.2, 0.0, 1.0] cruza 1 R0 0.9655 fund 0 B+D 2 A+C 449 limpiezas 0
[15:10:37]       s883002 linaje 6 genes [0.25, 0.5, 0.35, 0.2, 0.0, 1.0] cruza 1 R0 0.9762 fund 0 B+D 2 A+C 425 limpiezas 0
[15:10:37]       s883002 linaje 7 genes [0.25, 0.5, 0.35, 0.2, 0.0, 1.0] cruza 1 R0 0.9655 fund 0 B+D 2 A+C 437 limpiezas 0
[15:10:37]       s883002 linaje 8 genes [0.25, 0.5, 0.35, 0.2, 1.0, 1.0] cruza 0 R0 0.0042 fund 471 B+D 529 A+C 59 limpiezas 515
[15:10:37]   897.7s
[15:10:37] CORRE_MURO_PERILLAS · mapa · 20261001_151037 · python 3.14.2 · pool NO (un proceso) · runner 9ec563b7d9573c4e · nota ''
[15:10:38]   REGLA DE CPU: python.exe ajenos de TRABAJO 1 (totales 1; los padres ociosos de Pool no cuentan) · tope 6
[15:10:38]   sha experimentos\carrera_escuderias\pista.py 9f47c65e438e0ff4 OK
[15:10:38]   sha experimentos\carrera_escuderias\juez.py 6a68f640a7832f12 OK
[15:10:38]   sha experimentos\carrera_escuderias\carros\O1.py 99436afa2715f028 OK
[15:10:38]   sha experimentos\carrera_escuderias\carros\CTRL_O1_SINLIMPIA.py be029b0a1b8d6634 OK
[15:10:38]   sha experimentos\tronco_v14_3\corre_v143.py 24100621c450da22 OK
[15:10:38]   sha muro_perillas/construye_muro_perillas.py 4b7092184a16f4ca OK (NO FIJADO: solo humo/mapa)
[15:10:38]   sha muro_perillas/carros\O1_MURO_GEN.py 2f88a0b447b48d32 OK (NO FIJADO: solo humo/mapa)
[15:10:38]   sha muro_perillas/carros\O1_MURO_GEN0.py 36e00ceeb41b8ccb OK (NO FIJADO: solo humo/mapa)
[15:10:38]   carro O1_MURO_GEN == construye_muro_perillas: True
[15:10:38]   carro O1_MURO_GEN0 == construye_muro_perillas: True
[15:10:52]   IDENTIDAD CORTA MURO_PERILLAS (salida ENTERA, N 9, s 883950, T 1500): GEN dosis 1 sigma 0 == O1 True · GEN LIMPIA 0 == CTRL_O1_SINLIMPIA True · GEN PS_LEE 0 sigma 0.03 camara 1 desde la base == O1 True · control todo apagado != O1 True
[15:13:26]   [153.9s] PISO=0.0 s883002 genoma {'MARGEN': 0.25, 'PRUEBA': 0.5, 'PEN_OTRO': 0.35, 'PISO': 0.0, 'LIMPIA': 1.0, 'HUECO': 1.0} · cruzan 7/9 mayoria 1 R0 real med 0.9474 fund med 0.0 estab 7/9 · vida 2771.0 · causas {'hambre': 31, 'sed': 26, 'veneno': 324, 'sal': 350} · B+D 332.0 A+C 687.0 · mundo AC 2.2926 sin bueno 0.0277 · coherente True
[15:16:02]   [156.2s] PISO=0.4 s883002 genoma {'MARGEN': 0.25, 'PRUEBA': 0.5, 'PEN_OTRO': 0.35, 'PISO': 0.4, 'LIMPIA': 1.0, 'HUECO': 1.0} · cruzan 7/9 mayoria 1 R0 real med 0.9333 fund med 0.0 estab 7/9 · vida 4320.0 · causas {'hambre': 73, 'sed': 61, 'veneno': 127, 'sal': 142} · B+D 355.0 A+C 658.0 · mundo AC 1.9354 sin bueno 0.0598 · coherente True
[15:18:46]   [163.6s] PISO=0.6 s883002 genoma {'MARGEN': 0.25, 'PRUEBA': 0.5, 'PEN_OTRO': 0.35, 'PISO': 0.6, 'LIMPIA': 1.0, 'HUECO': 1.0} · cruzan 8/9 mayoria 1 R0 real med 0.9375 fund med 0.0 estab 8/9 · vida 3631.0 · causas {'hambre': 71, 'sed': 68, 'veneno': 9, 'sal': 16} · B+D 366.0 A+C 630.0 · mundo AC 1.6642 sin bueno 0.1311 · coherente True
[15:21:28]   [162.9s] PISO=1.0 s883002 genoma {'MARGEN': 0.25, 'PRUEBA': 0.5, 'PEN_OTRO': 0.35, 'PISO': 1.0, 'LIMPIA': 1.0, 'HUECO': 1.0} · cruzan 4/9 mayoria 0 R0 real med 0.875 fund med 0.0 estab 7/9 · vida 5203.0 · causas {'hambre': 35, 'sed': 31, 'veneno': 400, 'sal': 422} · B+D 211.0 A+C 647.0 · mundo AC 2.0853 sin bueno 0.1469 · coherente True
[15:24:02]   [153.1s] PEN_OTRO=1.0 s883002 genoma {'MARGEN': 0.25, 'PRUEBA': 0.5, 'PEN_OTRO': 1.0, 'PISO': 0.2, 'LIMPIA': 1.0, 'HUECO': 1.0} · cruzan 7/9 mayoria 1 R0 real med 0.9333 fund med 0.0 estab 7/9 · vida 3449.5 · causas {'hambre': 51, 'sed': 43, 'veneno': 278, 'sal': 287} · B+D 334.0 A+C 676.0 · mundo AC 2.182 sin bueno 0.035 · coherente True
[15:26:38]   [156.1s] PRUEBA=0.0 s883002 genoma {'MARGEN': 0.25, 'PRUEBA': 0.0, 'PEN_OTRO': 0.35, 'PISO': 0.2, 'LIMPIA': 1.0, 'HUECO': 1.0} · cruzan 6/9 mayoria 1 R0 real med 0.9474 fund med 0.0 estab 6/9 · vida 2404.5 · causas {'hambre': 74, 'sed': 75, 'veneno': 46, 'sal': 30} · B+D 377.0 A+C 663.0 · mundo AC 1.877 sin bueno 0.0537 · coherente True
[15:26:38] MAPA (genomas fijos, pista vieja, 9 linajes por corrida, T 100000) · C:\Users\User\Documents\PROYECTOS\JUACO\organelos\experimentos\organelos\muro_perillas\datos\mapa
[15:26:38]   genoma                      semillas   cruzan/9 por semilla  suma  R0 real med  fund med   estab   vida  causas h/s/v/sal  B+D  A+C  mundoAC
[15:26:38]   MARGEN=0.0                 [883001, 883002]                 [0, 0]     0          0.0      12.0  [5, 3]  200.0  5/10/271/242  143.5  399.5  4.618
[15:26:38]   MARGEN=0.03                [883001, 883002]                 [0, 4]     4       0.8611       0.0  [8, 9] 8386.25  35/43/86/83  246.5  512.0  3.0072
[15:26:38]   MARGEN=0.06                [883001, 883002]                 [3, 8]    11       0.8831       0.0  [8, 9] 6762.25  44/68/164/177  262.0  553.5  2.6827
[15:26:38]   MARGEN=0.1                 [883001, 883002]                 [8, 9]    17       0.9388       0.0  [8, 9] 4230.75  101/109/80/56  317.5  577.5  2.1779
[15:26:38]   fab                        [883001, 883002]                 [4, 8]    12       0.9151       0.0  [7, 8] 3692.5  85/107/419/416  339.5  678.0  2.1423
[15:26:38]   MARGEN=0.5                 [883001, 883002]                 [5, 5]    10        0.925       0.0  [5, 6] 2190.5  107/102/1393/1447  220.5  828.5  1.832
[15:26:38]   PISO=0.0                   [883001, 883002]                 [8, 7]    15       0.9509       0.0  [8, 7] 2843.5  71/62/462/490  350.5  682.5  2.187
[15:26:38]   PISO=0.4                   [883001, 883002]                 [3, 7]    10       0.9042       0.0  [7, 7] 5391.0  110/97/456/438  337.0  683.5  2.1372
[15:26:38]   PISO=0.6                   [883001, 883002]                 [8, 8]    16       0.9354       0.0  [8, 8] 4187.0  144/139/57/69  357.5  638.5  1.7297
[15:26:38]   PISO=1.0                   [883001, 883002]                 [7, 4]    11       0.8959       0.0  [7, 7] 4696.25  87/80/667/748  218.5  627.0  1.9859
[15:26:38]   PEN_OTRO=1.0               [883001, 883002]                 [5, 7]    12       0.9166       0.0  [7, 7] 3360.75  91/79/480/516  328.5  681.0  2.205
[15:26:38]   PRUEBA=0.0                 [883001, 883002]                 [6, 6]    12       0.9499       0.0  [8, 6] 2381.75  146/135/84/70  385.0  665.5  1.8628
[15:26:38]   LIMPIA=0                   [883001, 883002]                 [5, 6]    11       0.9495       0.0  [7, 6] 2174.5  167/193/832/927  2.0  468.5  1.5563
[15:26:38]   HUECO=0                    [883001, 883002]                 [7, 6]    13       0.9509       0.0  [8, 7] 2818.0  137/98/419/421  320.0  648.5  2.1695
[15:26:38]   MARGEN=0.1+PISO=0.6        [883001, 883002]                 [3, 8]    11       0.9042       0.0  [8, 8] 6970.25  98/98/112/122  273.5  570.0  2.2146
[15:26:38]   MARGEN=0.06+PISO=0.4       [883001, 883002]                 [1, 2]     3       0.8611       0.0  [8, 9] 10578.25  70/59/27/39  273.5  549.0  2.5127
[15:26:38]   MARGEN=0.1+PISO=1.0        [883001, 883002]                 [4, 5]     9       0.9081       0.0  [7, 6] 3166.0  115/109/507/486  158.0  507.5  2.1862
[15:26:38]   off                        [883001, 883002]                 [0, 0]     0          0.0      71.5  [0, 0]  200.0  34/16/614/701  80.5  307.5  5.0222
[15:26:38]   off+MARGEN=0.25            [883001, 883002]                 [5, 6]    11       0.9577       0.0  [7, 7] 1729.25  231/199/822/818  2.0  442.5  1.6278
[15:26:38]   off+PISO=0.2               [883001, 883002]                 [0, 0]     0          0.0      71.5  [0, 0]  200.0  34/16/614/701  80.5  307.5  5.0222
[15:26:38]   off+LIMPIA=1               [883001, 883002]                 [0, 0]     0          0.0      56.5  [1, 1]  200.0  17/13/518/548  113.0  341.0  4.5532
[15:26:38]   off+MARGEN=0.25+PISO=0.2   [883001, 883002]                 [5, 6]    11       0.9577       0.0  [7, 7] 1729.25  231/199/822/818  2.0  442.5  1.6278
[15:26:38]   off+MARGEN=0.25+LIMPIA=1+PISO=0.2 [883001, 883002]                 [7, 7]    14       0.9365       0.0  [7, 7] 3762.25  115/99/460/419  318.0  652.5  2.2658
[15:26:38]   off+MARGEN=0.25+LIMPIA=1+PISO=0.2+PEN_OTRO=0.35 [883001, 883002]                 [7, 6]    13       0.9509       0.0  [8, 7] 2818.0  137/98/419/421  320.0  648.5  2.1695
[15:26:38]   mix:8xPISO=0.2+1xPISO=0.6  [883001, 883002]                 [8, 7]    15       0.9388       0.0  [8, 8] 3410.25  100/98/149/162  366.5  672.5  1.9898
[15:26:38]       s883001 linaje 0 genes [0.25, 0.5, 0.35, 0.2, 1.0, 1.0] cruza 1 R0 0.9167 fund 0 B+D 378 A+C 733 limpiezas 376
[15:26:38]       s883001 linaje 1 genes [0.25, 0.5, 0.35, 0.2, 1.0, 1.0] cruza 1 R0 0.9231 fund 0 B+D 362 A+C 704 limpiezas 360
[15:26:38]       s883001 linaje 2 genes [0.25, 0.5, 0.35, 0.2, 1.0, 1.0] cruza 1 R0 0.9565 fund 0 B+D 360 A+C 676 limpiezas 358
[15:26:38]       s883001 linaje 3 genes [0.25, 0.5, 0.35, 0.2, 1.0, 1.0] cruza 1 R0 0.9167 fund 0 B+D 389 A+C 713 limpiezas 387
[15:26:38]       s883001 linaje 4 genes [0.25, 0.5, 0.35, 0.2, 1.0, 1.0] cruza 1 R0 0.9474 fund 0 B+D 381 A+C 679 limpiezas 379
[15:26:38]       s883001 linaje 5 genes [0.25, 0.5, 0.35, 0.2, 1.0, 1.0] cruza 1 R0 0.9167 fund 0 B+D 325 A+C 691 limpiezas 323
[15:26:38]       s883001 linaje 6 genes [0.25, 0.5, 0.35, 0.2, 1.0, 1.0] cruza 1 R0 0.9333 fund 0 B+D 379 A+C 713 limpiezas 377
[15:26:38]       s883001 linaje 7 genes [0.25, 0.5, 0.35, 0.2, 1.0, 1.0] cruza 0 R0 0.096 fund 112 B+D 417 A+C 530 limpiezas 409
[15:26:38]       s883001 linaje 8 genes [0.25, 0.5, 0.35, 0.6, 1.0, 1.0] cruza 1 R0 0.9286 fund 0 B+D 347 A+C 678 limpiezas 345
[15:26:38]       s883002 linaje 0 genes [0.25, 0.5, 0.35, 0.2, 1.0, 1.0] cruza 1 R0 0.9677 fund 0 B+D 355 A+C 639 limpiezas 353
[15:26:38]       s883002 linaje 1 genes [0.25, 0.5, 0.35, 0.2, 1.0, 1.0] cruza 1 R0 0.9474 fund 0 B+D 375 A+C 672 limpiezas 373
[15:26:38]       s883002 linaje 2 genes [0.25, 0.5, 0.35, 0.2, 1.0, 1.0] cruza 1 R0 0.9565 fund 0 B+D 352 A+C 654 limpiezas 350
[15:26:38]       s883002 linaje 3 genes [0.25, 0.5, 0.35, 0.2, 1.0, 1.0] cruza 1 R0 0.9545 fund 0 B+D 350 A+C 643 limpiezas 348
[15:26:38]       s883002 linaje 4 genes [0.25, 0.5, 0.35, 0.2, 1.0, 1.0] cruza 1 R0 0.9615 fund 0 B+D 339 A+C 643 limpiezas 337
[15:26:38]       s883002 linaje 5 genes [0.25, 0.5, 0.35, 0.2, 1.0, 1.0] cruza 1 R0 0.9474 fund 0 B+D 363 A+C 686 limpiezas 361
[15:26:38]       s883002 linaje 6 genes [0.25, 0.5, 0.35, 0.2, 1.0, 1.0] cruza 0 R0 0.1009 fund 97 B+D 447 A+C 558 limpiezas 441
[15:26:38]       s883002 linaje 7 genes [0.25, 0.5, 0.35, 0.2, 1.0, 1.0] cruza 1 R0 0.963 fund 0 B+D 384 A+C 656 limpiezas 382
[15:26:38]       s883002 linaje 8 genes [0.25, 0.5, 0.35, 0.6, 1.0, 1.0] cruza 0 R0 0.8333 fund 0 B+D 303 A+C 668 limpiezas 301
[15:26:38]   mix:8xPISO=0.6+1xPISO=0.2  [883001, 883002]                 [8, 7]    15       0.9231       0.0  [8, 8] 4636.75  122/118/155/160  345.5  646.0  1.8179
[15:26:38]       s883001 linaje 0 genes [0.25, 0.5, 0.35, 0.6, 1.0, 1.0] cruza 0 R0 0.024 fund 284 B+D 454 A+C 289 limpiezas 444
[15:26:38]       s883001 linaje 1 genes [0.25, 0.5, 0.35, 0.6, 1.0, 1.0] cruza 1 R0 0.9375 fund 0 B+D 347 A+C 676 limpiezas 345
[15:26:38]       s883001 linaje 2 genes [0.25, 0.5, 0.35, 0.6, 1.0, 1.0] cruza 1 R0 0.9091 fund 0 B+D 328 A+C 661 limpiezas 326
[15:26:38]       s883001 linaje 3 genes [0.25, 0.5, 0.35, 0.6, 1.0, 1.0] cruza 1 R0 0.9231 fund 0 B+D 326 A+C 649 limpiezas 324
[15:26:38]       s883001 linaje 4 genes [0.25, 0.5, 0.35, 0.6, 1.0, 1.0] cruza 1 R0 0.9231 fund 0 B+D 352 A+C 694 limpiezas 350
[15:26:38]       s883001 linaje 5 genes [0.25, 0.5, 0.35, 0.6, 1.0, 1.0] cruza 1 R0 0.9231 fund 0 B+D 283 A+C 643 limpiezas 281
[15:26:38]       s883001 linaje 6 genes [0.25, 0.5, 0.35, 0.6, 1.0, 1.0] cruza 1 R0 0.9231 fund 0 B+D 329 A+C 639 limpiezas 327
[15:26:38]       s883001 linaje 7 genes [0.25, 0.5, 0.35, 0.6, 1.0, 1.0] cruza 1 R0 0.9524 fund 0 B+D 333 A+C 650 limpiezas 331
[15:26:38]       s883001 linaje 8 genes [0.25, 0.5, 0.35, 0.2, 1.0, 1.0] cruza 1 R0 0.95 fund 0 B+D 388 A+C 680 limpiezas 386
[15:26:38]       s883002 linaje 0 genes [0.25, 0.5, 0.35, 0.6, 1.0, 1.0] cruza 1 R0 0.9444 fund 0 B+D 352 A+C 635 limpiezas 350
[15:26:38]       s883002 linaje 1 genes [0.25, 0.5, 0.35, 0.6, 1.0, 1.0] cruza 1 R0 0.9 fund 0 B+D 382 A+C 667 limpiezas 380
[15:26:38]       s883002 linaje 2 genes [0.25, 0.5, 0.35, 0.6, 1.0, 1.0] cruza 1 R0 0.9091 fund 0 B+D 376 A+C 670 limpiezas 374
[15:26:38]       s883002 linaje 3 genes [0.25, 0.5, 0.35, 0.6, 1.0, 1.0] cruza 1 R0 0.9444 fund 0 B+D 355 A+C 638 limpiezas 353
[15:26:38]       s883002 linaje 4 genes [0.25, 0.5, 0.35, 0.6, 1.0, 1.0] cruza 0 R0 0.4571 fund 18 B+D 358 A+C 619 limpiezas 354
[15:26:38]       s883002 linaje 5 genes [0.25, 0.5, 0.35, 0.6, 1.0, 1.0] cruza 1 R0 0.9524 fund 0 B+D 347 A+C 640 limpiezas 345
[15:26:38]       s883002 linaje 6 genes [0.25, 0.5, 0.35, 0.6, 1.0, 1.0] cruza 1 R0 0.9231 fund 0 B+D 366 A+C 665 limpiezas 364
[15:26:38]       s883002 linaje 7 genes [0.25, 0.5, 0.35, 0.6, 1.0, 1.0] cruza 0 R0 0.8889 fund 0 B+D 358 A+C 642 limpiezas 356
[15:26:38]       s883002 linaje 8 genes [0.25, 0.5, 0.35, 0.2, 1.0, 1.0] cruza 1 R0 0.9615 fund 0 B+D 455 A+C 690 limpiezas 453
[15:26:38]   mix:8xfab+1xLIMPIA=0       [883001, 883002]                 [6, 6]    12       0.9199       0.0  [7, 7] 4832.0  76/61/666/694  334.0  695.5  2.2763
[15:26:38]       s883001 linaje 0 genes [0.25, 0.5, 0.35, 0.2, 1.0, 1.0] cruza 0 R0 0.0311 fund 248 B+D 509 A+C 422 limpiezas 487
[15:26:38]       s883001 linaje 1 genes [0.25, 0.5, 0.35, 0.2, 1.0, 1.0] cruza 1 R0 0.9375 fund 0 B+D 344 A+C 703 limpiezas 342
[15:26:38]       s883001 linaje 2 genes [0.25, 0.5, 0.35, 0.2, 1.0, 1.0] cruza 1 R0 0.9474 fund 0 B+D 333 A+C 701 limpiezas 331
[15:26:38]       s883001 linaje 3 genes [0.25, 0.5, 0.35, 0.2, 1.0, 1.0] cruza 1 R0 0.9167 fund 0 B+D 349 A+C 730 limpiezas 347
[15:26:38]       s883001 linaje 4 genes [0.25, 0.5, 0.35, 0.2, 1.0, 1.0] cruza 0 R0 0.0 fund 480 B+D 564 A+C 84 limpiezas 538
[15:26:38]       s883001 linaje 5 genes [0.25, 0.5, 0.35, 0.2, 1.0, 1.0] cruza 1 R0 0.9231 fund 0 B+D 318 A+C 711 limpiezas 316
[15:26:38]       s883001 linaje 6 genes [0.25, 0.5, 0.35, 0.2, 1.0, 1.0] cruza 1 R0 0.9231 fund 0 B+D 318 A+C 700 limpiezas 316
[15:26:38]       s883001 linaje 7 genes [0.25, 0.5, 0.35, 0.2, 1.0, 1.0] cruza 1 R0 0.9524 fund 0 B+D 305 A+C 682 limpiezas 303
[15:26:38]       s883001 linaje 8 genes [0.25, 0.5, 0.35, 0.2, 0.0, 1.0] cruza 0 R0 0.8333 fund 0 B+D 2 A+C 599 limpiezas 0
[15:26:38]       s883002 linaje 0 genes [0.25, 0.5, 0.35, 0.2, 1.0, 1.0] cruza 0 R0 0.2615 fund 47 B+D 321 A+C 624 limpiezas 317
[15:26:38]       s883002 linaje 1 genes [0.25, 0.5, 0.35, 0.2, 1.0, 1.0] cruza 1 R0 0.9444 fund 0 B+D 354 A+C 713 limpiezas 352
[15:26:38]       s883002 linaje 2 genes [0.25, 0.5, 0.35, 0.2, 1.0, 1.0] cruza 1 R0 0.9333 fund 0 B+D 353 A+C 717 limpiezas 351
[15:26:38]       s883002 linaje 3 genes [0.25, 0.5, 0.35, 0.2, 1.0, 1.0] cruza 1 R0 0.9412 fund 0 B+D 335 A+C 691 limpiezas 333
[15:26:38]       s883002 linaje 4 genes [0.25, 0.5, 0.35, 0.2, 1.0, 1.0] cruza 1 R0 0.9167 fund 0 B+D 326 A+C 700 limpiezas 324
[15:26:38]       s883002 linaje 5 genes [0.25, 0.5, 0.35, 0.2, 1.0, 1.0] cruza 0 R0 0.0021 fund 475 B+D 532 A+C 72 limpiezas 509
[15:26:38]       s883002 linaje 6 genes [0.25, 0.5, 0.35, 0.2, 1.0, 1.0] cruza 1 R0 0.9444 fund 0 B+D 349 A+C 688 limpiezas 347
[15:26:38]       s883002 linaje 7 genes [0.25, 0.5, 0.35, 0.2, 1.0, 1.0] cruza 1 R0 0.9167 fund 0 B+D 309 A+C 700 limpiezas 307
[15:26:38]       s883002 linaje 8 genes [0.25, 0.5, 0.35, 0.2, 0.0, 1.0] cruza 0 R0 0.1395 fund 36 B+D 40 A+C 534 limpiezas 35
[15:26:38]   mix:8xLIMPIA=0+1xfab       [883001, 883002]                 [6, 6]    12       0.9411       0.0  [6, 6] 3105.25  162/173/964/926  2.0  477.5  1.6385
[15:26:38]       s883001 linaje 0 genes [0.25, 0.5, 0.35, 0.2, 0.0, 1.0] cruza 1 R0 0.9333 fund 0 B+D 2 A+C 523 limpiezas 0
[15:26:38]       s883001 linaje 1 genes [0.25, 0.5, 0.35, 0.2, 0.0, 1.0] cruza 0 R0 0.0041 fund 487 B+D 499 A+C 41 limpiezas 476
[15:26:38]       s883001 linaje 2 genes [0.25, 0.5, 0.35, 0.2, 0.0, 1.0] cruza 1 R0 0.9167 fund 0 B+D 2 A+C 524 limpiezas 0
[15:26:38]       s883001 linaje 3 genes [0.25, 0.5, 0.35, 0.2, 0.0, 1.0] cruza 1 R0 0.9333 fund 0 B+D 2 A+C 515 limpiezas 0
[15:26:38]       s883001 linaje 4 genes [0.25, 0.5, 0.35, 0.2, 0.0, 1.0] cruza 1 R0 0.9167 fund 0 B+D 2 A+C 530 limpiezas 0
[15:26:38]       s883001 linaje 5 genes [0.25, 0.5, 0.35, 0.2, 0.0, 1.0] cruza 1 R0 0.9 fund 0 B+D 2 A+C 551 limpiezas 0
[15:26:38]       s883001 linaje 6 genes [0.25, 0.5, 0.35, 0.2, 0.0, 1.0] cruza 1 R0 0.9333 fund 0 B+D 2 A+C 537 limpiezas 0
[15:26:38]       s883001 linaje 7 genes [0.25, 0.5, 0.35, 0.2, 0.0, 1.0] cruza 0 R0 0.0588 fund 159 B+D 165 A+C 346 limpiezas 157
[15:26:38]       s883001 linaje 8 genes [0.25, 0.5, 0.35, 0.2, 1.0, 1.0] cruza 0 R0 0.002 fund 487 B+D 536 A+C 66 limpiezas 506
[15:26:38]       s883002 linaje 0 genes [0.25, 0.5, 0.35, 0.2, 0.0, 1.0] cruza 0 R0 0.0698 fund 239 B+D 248 A+C 220 limpiezas 232
[15:26:38]       s883002 linaje 1 genes [0.25, 0.5, 0.35, 0.2, 0.0, 1.0] cruza 1 R0 0.9688 fund 0 B+D 2 A+C 449 limpiezas 0
[15:26:38]       s883002 linaje 2 genes [0.25, 0.5, 0.35, 0.2, 0.0, 1.0] cruza 1 R0 0.9714 fund 0 B+D 2 A+C 432 limpiezas 0
[15:26:38]       s883002 linaje 3 genes [0.25, 0.5, 0.35, 0.2, 0.0, 1.0] cruza 0 R0 0.375 fund 54 B+D 57 A+C 388 limpiezas 54
[15:26:38]       s883002 linaje 4 genes [0.25, 0.5, 0.35, 0.2, 0.0, 1.0] cruza 1 R0 0.9643 fund 0 B+D 2 A+C 447 limpiezas 0
[15:26:38]       s883002 linaje 5 genes [0.25, 0.5, 0.35, 0.2, 0.0, 1.0] cruza 1 R0 0.9655 fund 0 B+D 2 A+C 449 limpiezas 0
[15:26:38]       s883002 linaje 6 genes [0.25, 0.5, 0.35, 0.2, 0.0, 1.0] cruza 1 R0 0.9762 fund 0 B+D 2 A+C 425 limpiezas 0
[15:26:38]       s883002 linaje 7 genes [0.25, 0.5, 0.35, 0.2, 0.0, 1.0] cruza 1 R0 0.9655 fund 0 B+D 2 A+C 437 limpiezas 0
[15:26:38]       s883002 linaje 8 genes [0.25, 0.5, 0.35, 0.2, 1.0, 1.0] cruza 0 R0 0.0042 fund 471 B+D 529 A+C 59 limpiezas 515
[15:26:38]   960.2s
