=== Mon Oct  5 17:45:31 HPS 2026 cadena pur: arnes salida8 -> humo_serie POOL 3 -> reanuda
ARNES identidad_muro_perillas.py
  OK    (C) pur: cadena con tope >= clip (0.6) == sel (tope None) bit a bit (sigma 0.03, camara, desde BASE, T 12000)
  OK    (C) control que debe diferir: pur con tope 0.045 != sel (el tope actua)
  OK    (C) pur: genes de FABRICA con tope 0 == O1 con MARGEN = 0.0 escrito a mano (T 12000): el cuerpo lee min(gen, tope); el gen no se toca
  OK    (F) letra sintetica FUNCIONA (gen sube a la zona funcional, sel > pur + 0.02, y cruza mas): FUNCIONA (esperado FUNCIONA)
  OK    (F) letra sintetica TRINQUETE (sel en zona pero sel ~ pur; cruza mas): TRINQUETE (esperado TRINQUETE)
  OK    (F) letra sintetica TRINQUETE (sel en zona, sel ~ pur, no cruza mas): TRINQUETE (esperado TRINQUETE)
ARNES PASA, 50/50 (534.0s)
[17:54:26] CORRE_MURO_PERILLAS · humo_serie · 20261005_175426 · python 3.14.2 · pool 3 · runner 9e79d8c19b30beba · nota ''
[17:54:26]   preregistro PREREGISTRO_muro_perillas.md c0d8a444d991fa01 · base (883990, 883998) · pasajes T 5000 x 2 · pruebas T 20000 · n 1 · sigma 0.03 delta 0.01 · GEN_LETRA MARGEN margen 0.03 zona 0.06 · BASE {'MARGEN': 0.03, 'PRUEBA': 0.5, 'PEN_OTRO': 0.35, 'PISO': 0.2, 'LIMPIA': 1.0, 'HUECO': 1.0} · mutan [0] · fundador_limpio 1 · carpeta C:\Users\User\Documents\PROYECTOS\JUACO\organelos\experimentos\organelos\muro_perillas\datos\humo\humo_serie_20261005_175426
[17:54:58]   [   32.3s] cadena i0 sel (16.7s) aborto None · cruzan [0, 0] · estab [8, 7] · prof [1.0, 2.0] · refund [13, 46] · genoma final {'MARGEN': 0.049754307204621984, 'PRUEBA': 0.5, 'PEN_OTRO': 0.35, 'PISO': 0.2, 'LIMPIA': 1.0, 'HUECO': 1.0}
[17:54:58]   [   32.3s] cadena i0 neu (16.7s) aborto None · cruzan [0, 0] · estab [9, 9] · prof [1.0, 3.0] · refund [6, 0] · genoma final {'MARGEN': 0.006951488692543794, 'PRUEBA': 0.5, 'PEN_OTRO': 0.35, 'PISO': 0.2, 'LIMPIA': 1.0, 'HUECO': 1.0}
[17:54:58]   [   32.3s] cadena i0 pur (16.7s) aborto None · cruzan [0, 0] · estab [8, 8] · prof [1.0, 2.0] · refund [35, 26] · genoma final {'MARGEN': 0.006921237665109919, 'PRUEBA': 0.5, 'PEN_OTRO': 0.35, 'PISO': 0.2, 'LIMPIA': 1.0, 'HUECO': 1.0}
[17:55:30]   [   64.3s] prueba i0 sel  (31.9s) aborto None · genoma {'MARGEN': 0.049754307204621984, 'PRUEBA': 0.5, 'PEN_OTRO': 0.35, 'PISO': 0.2, 'LIMPIA': 1.0, 'HUECO': 1.0} · cruzan 0/9 mayoria 0 R0 0.6667 estab 9 B+D 61.0 A+C 112.0
[17:55:30]   [   64.3s] prueba i0 neu  (31.7s) aborto None · genoma {'MARGEN': 0.006951488692543794, 'PRUEBA': 0.5, 'PEN_OTRO': 0.35, 'PISO': 0.2, 'LIMPIA': 1.0, 'HUECO': 1.0} · cruzan 0/9 mayoria 0 R0 0.0 estab 9 B+D 39.0 A+C 91.0
[17:55:32]   [   66.3s] prueba i0 pur  (32.1s) aborto None · genoma {'MARGEN': 0.006921237665109919, 'PRUEBA': 0.5, 'PEN_OTRO': 0.35, 'PISO': 0.2, 'LIMPIA': 1.0, 'HUECO': 1.0} · cruzan 0/9 mayoria 0 R0 0.0 estab 9 B+D 39.0 A+C 91.0
[17:55:32]   RESUMEN C:\Users\User\Documents\PROYECTOS\JUACO\organelos\experimentos\organelos\muro_perillas\datos\humo\humo_serie_20261005_175426\resumen.json · abortos 0 · 66.4s
[17:55:32] VEREDICTO: HUMO (no cuenta): parcial
[17:56:18]   [   45.4s] prueba i0 fab  (31.2s) aborto None · genoma {'MARGEN': 0.25, 'PRUEBA': 0.5, 'PEN_OTRO': 0.35, 'PISO': 0.2, 'LIMPIA': 1.0, 'HUECO': 1.0} · cruzan 0/9 mayoria 0 R0 0.75 estab 8 B+D 68.0 A+C 137.0
[17:56:49]   [   76.2s] prueba i0 off  (30.9s) aborto None · genoma {'MARGEN': 0.03, 'PRUEBA': 0.5, 'PEN_OTRO': 0.35, 'PISO': 0.2, 'LIMPIA': 1.0, 'HUECO': 1.0} · cruzan 0/9 mayoria 0 R0 0.0 estab 8 B+D 37.0 A+C 104.0
[17:56:49]   [   76.2s] prueba i0 fab  (31.2s) aborto None · genoma {'MARGEN': 0.25, 'PRUEBA': 0.5, 'PEN_OTRO': 0.35, 'PISO': 0.2, 'LIMPIA': 1.0, 'HUECO': 1.0} · cruzan 0/9 mayoria 0 R0 0.75 estab 8 B+D 68.0 A+C 137.0
[17:56:49]   [   76.2s] prueba i0 off  (30.9s) aborto None · genoma {'MARGEN': 0.03, 'PRUEBA': 0.5, 'PEN_OTRO': 0.35, 'PISO': 0.2, 'LIMPIA': 1.0, 'HUECO': 1.0} · cruzan 0/9 mayoria 0 R0 0.0 estab 8 B+D 37.0 A+C 104.0
[17:56:49]   validez {'V1_completa': True, 'V2_fab_gana_a_off': False, 'V4_estado': True, 'V5_desde_cero': True, 'V7a_profundidad_mutacional_neu_sel_pur': False, 'V7b_refundaciones_por_camara_neu_sel_pur': False} · puertas {'PG_a_sel_sobre_neu': True, 'PG_b_sel_en_zona_funcional': False, 'PG_gen_sube': False, 'PC_par_neu': False, 'PC_suma_neu': False, 'n_sel_en_zona': 0, 'GR_sel_sobre_pur': True, 'n_gr': 1} · umbral True · matiz None
[17:56:49]   [desc] gradiente_sel_vs_pur: {'gen': 'MARGEN', 'margen': 0.02, 'n': 1, 'gana': 1, 'pierde': 0, 'med_sel': 0.0498, 'med_neu': 0.0069, 'por_cadena_sel': [0.0498], 'por_cadena_neu': [0.0069]}
[17:56:49]   [desc] pur_prueba_sin_tope: {'suma_cruzan': 0, 'mayorias': 0, 'R0_med': 0.0}
[17:56:49]   RESUMEN C:\Users\User\Documents\PROYECTOS\JUACO\organelos\experimentos\organelos\muro_perillas\datos\humo\humo_serie_20261005_175426\resumen.json · abortos 0 · 76.2s
[17:56:49] VEREDICTO: HUMO (no cuenta): NO SE LEE
=== fin Mon Oct  5 17:56:49 HPS 2026
