=== Mon Oct  5 16:23:20 HPS 2026 cadena 2: lotes D D2 fl0 (etiqueta corregida) -> lee -> humo_cadena -> humo_serie x2 -> arnes
[16:25:52]   [137.7s] off+MARGEN=0.25 s883001 fl0 genoma {'MARGEN': 0.25, 'PRUEBA': 0.5, 'PEN_OTRO': 1.0, 'PISO': 1.0, 'LIMPIA': 0.0, 'HUECO': 0.0} · cruzan 0/9 mayoria 0 R0 real med 0.2329 fund med 55.0 estab 0/9 · vida 600.0 · causas {'hambre': 366, 'sed': 274, 'veneno': 0, 'sal': 0} · B+D 2.0 A+C 298.0 · mundo AC 0.811 sin bueno 0.4956 · coherente True
[16:28:13]   [141.2s] off+PISO=0.2 s883001 fl0 genoma {'MARGEN': 0.0, 'PRUEBA': 0.5, 'PEN_OTRO': 1.0, 'PISO': 0.2, 'LIMPIA': 0.0, 'HUECO': 0.0} · cruzan 0/9 mayoria 0 R0 real med 0.0 fund med 23.0 estab 0/9 · vida 2035.0 · causas {'hambre': 100, 'sed': 103, 'veneno': 0, 'sal': 0} · B+D 2.0 A+C 289.0 · mundo AC 1.9933 sin bueno 0.2139 · coherente True
[16:31:05]   [171.7s] off+LIMPIA=1 s883001 fl0 genoma {'MARGEN': 0.0, 'PRUEBA': 0.5, 'PEN_OTRO': 1.0, 'PISO': 1.0, 'LIMPIA': 1.0, 'HUECO': 0.0} · cruzan 0/9 mayoria 0 R0 real med 0.0 fund med 13.0 estab 0/9 · vida 5682.0 · causas {'hambre': 69, 'sed': 42, 'veneno': 0, 'sal': 0} · B+D 91.0 A+C 352.0 · mundo AC 1.9535 sin bueno 0.1745 · coherente True
[16:33:24]   [138.4s] off+MARGEN=0.25+PISO=0.2 s883001 fl0 genoma {'MARGEN': 0.25, 'PRUEBA': 0.5, 'PEN_OTRO': 1.0, 'PISO': 0.2, 'LIMPIA': 0.0, 'HUECO': 0.0} · cruzan 0/9 mayoria 0 R0 real med 0.2329 fund med 55.0 estab 0/9 · vida 600.0 · causas {'hambre': 366, 'sed': 274, 'veneno': 0, 'sal': 0} · B+D 2.0 A+C 298.0 · mundo AC 0.811 sin bueno 0.4956 · coherente True
[16:35:59]   [155.6s] off+MARGEN=0.25+LIMPIA=1+PISO=0.2 s883001 fl0 genoma {'MARGEN': 0.25, 'PRUEBA': 0.5, 'PEN_OTRO': 1.0, 'PISO': 0.2, 'LIMPIA': 1.0, 'HUECO': 0.0} · cruzan 2/9 mayoria 0 R0 real med 0.7895 fund med 3.0 estab 5/9 · vida 3258.5 · causas {'hambre': 86, 'sed': 61, 'veneno': 23, 'sal': 24} · B+D 340.0 A+C 627.0 · mundo AC 1.9337 sin bueno 0.0437 · coherente True
[16:38:34]   [154.7s] off+MARGEN=0.25+LIMPIA=1+PISO=0.2+PEN_OTRO=0.35 s883001 fl0 genoma {'MARGEN': 0.25, 'PRUEBA': 0.5, 'PEN_OTRO': 0.35, 'PISO': 0.2, 'LIMPIA': 1.0, 'HUECO': 0.0} · cruzan 3/9 mayoria 0 R0 real med 0.875 fund med 2.0 estab 6/9 · vida 2643.0 · causas {'hambre': 71, 'sed': 64, 'veneno': 37, 'sal': 38} · B+D 354.0 A+C 624.0 · mundo AC 1.9158 sin bueno 0.0427 · coherente True
[16:41:07]   [138.3s] off+MARGEN=0.25 s883002 fl0 genoma {'MARGEN': 0.25, 'PRUEBA': 0.5, 'PEN_OTRO': 1.0, 'PISO': 1.0, 'LIMPIA': 0.0, 'HUECO': 0.0} · cruzan 0/9 mayoria 0 R0 real med 0.2388 fund med 53.0 estab 0/9 · vida 600.0 · causas {'hambre': 350, 'sed': 259, 'veneno': 0, 'sal': 0} · B+D 2.0 A+C 288.0 · mundo AC 0.7977 sin bueno 0.4773 · coherente True
[16:43:27]   [140.4s] off+PISO=0.2 s883002 fl0 genoma {'MARGEN': 0.0, 'PRUEBA': 0.5, 'PEN_OTRO': 1.0, 'PISO': 0.2, 'LIMPIA': 0.0, 'HUECO': 0.0} · cruzan 0/9 mayoria 0 R0 real med 0.0 fund med 38.0 estab 0/9 · vida 1401.0 · causas {'hambre': 176, 'sed': 138, 'veneno': 0, 'sal': 0} · B+D 2.0 A+C 273.0 · mundo AC 1.8016 sin bueno 0.3058 · coherente True
[16:46:18]   [170.4s] off+LIMPIA=1 s883002 fl0 genoma {'MARGEN': 0.0, 'PRUEBA': 0.5, 'PEN_OTRO': 1.0, 'PISO': 1.0, 'LIMPIA': 1.0, 'HUECO': 0.0} · cruzan 0/9 mayoria 0 R0 real med 0.0 fund med 16.0 estab 0/9 · vida 2375.0 · causas {'hambre': 70, 'sed': 77, 'veneno': 0, 'sal': 0} · B+D 72.0 A+C 341.0 · mundo AC 2.3276 sin bueno 0.1691 · coherente True
[16:48:36]   [138.5s] off+MARGEN=0.25+PISO=0.2 s883002 fl0 genoma {'MARGEN': 0.25, 'PRUEBA': 0.5, 'PEN_OTRO': 1.0, 'PISO': 0.2, 'LIMPIA': 0.0, 'HUECO': 0.0} · cruzan 0/9 mayoria 0 R0 real med 0.2388 fund med 53.0 estab 0/9 · vida 600.0 · causas {'hambre': 350, 'sed': 259, 'veneno': 0, 'sal': 0} · B+D 2.0 A+C 288.0 · mundo AC 0.7977 sin bueno 0.4773 · coherente True
[16:51:12]   [155.7s] off+MARGEN=0.25+LIMPIA=1+PISO=0.2 s883002 fl0 genoma {'MARGEN': 0.25, 'PRUEBA': 0.5, 'PEN_OTRO': 1.0, 'PISO': 0.2, 'LIMPIA': 1.0, 'HUECO': 0.0} · cruzan 4/9 mayoria 0 R0 real med 0.9062 fund med 1.0 estab 5/9 · vida 2885.0 · causas {'hambre': 89, 'sed': 54, 'veneno': 25, 'sal': 30} · B+D 356.0 A+C 634.0 · mundo AC 1.9147 sin bueno 0.0408 · coherente True
[16:53:48]   [156.0s] off+MARGEN=0.25+LIMPIA=1+PISO=0.2+PEN_OTRO=0.35 s883002 fl0 genoma {'MARGEN': 0.25, 'PRUEBA': 0.5, 'PEN_OTRO': 0.35, 'PISO': 0.2, 'LIMPIA': 1.0, 'HUECO': 0.0} · cruzan 5/9 mayoria 1 R0 real med 0.9231 fund med 1.0 estab 5/9 · vida 2676.0 · causas {'hambre': 85, 'sed': 80, 'veneno': 34, 'sal': 34} · B+D 344.0 A+C 619.0 · mundo AC 1.9132 sin bueno 0.0438 · coherente True
  MARGEN=0.0 (fl 0)          [883001, 883002]                 [0, 0]     0          0.0       2.5  [2, 0] 19890.75  12/19/10/11  189.5  430.5  3.5875
  MARGEN=0.03 (fl 0)         [883001, 883002]                 [0, 4]     4       0.8611       0.0  [9, 9] 9309.75  45/33/22/17  263.0  516.0  2.8328
  MARGEN=0.06 (fl 0)         [883001, 883002]                 [7, 8]    15       0.9091       0.0  [9, 9] 5790.0  64/77/27/25  299.5  553.0  2.4363
  MARGEN=0.1 (fl 0)          [883001, 883002]                 [7, 9]    16       0.9354       0.0  [8, 9] 5096.5  82/95/47/36  314.5  585.0  2.1631
  fab (fl 0)                 [883001, 883002]                 [5, 8]    13       0.9331       0.5  [6, 8] 2568.25  170/143/57/75  388.5  657.0  1.8347
  MARGEN=0.5 (fl 0)          [883001, 883002]                 [0, 0]     0       0.2915      37.5  [0, 0] 1356.75  368/334/116/125  307.0  601.0  1.3076
  LIMPIA=0 (fl 0)            [883001, 883002]                 [0, 0]     0       0.2429      51.5  [0, 0]  675.0  676/530/0/0  2.0  302.0  0.5645
  off+MARGEN=0.25 (fl 0)     [883001, 883002]                 [0, 0]     0       0.2359      54.0  [0, 0]  600.0  716/533/0/0  2.0  293.0  0.8044
  off+PISO=0.2 (fl 0)        [883001, 883002]                 [0, 0]     0          0.0      30.5  [0, 0] 1718.0  276/241/0/0  2.0  281.0  1.8975
  off+LIMPIA=1 (fl 0)        [883001, 883002]                 [0, 0]     0          0.0      14.5  [0, 0] 4028.5  139/119/0/0  81.5  346.5  2.1406
  off+MARGEN=0.25+PISO=0.2 (fl 0) [883001, 883002]                 [0, 0]     0       0.2359      54.0  [0, 0]  600.0  716/533/0/0  2.0  293.0  0.8044
  off+MARGEN=0.25+LIMPIA=1+PISO=0.2 (fl 0) [883001, 883002]                 [2, 4]     6       0.8478       2.0  [5, 5] 3071.75  175/115/48/54  348.0  630.5  1.9242
  off+MARGEN=0.25+LIMPIA=1+PISO=0.2+PEN_OTRO=0.35 (fl 0) [883001, 883002]                 [3, 5]     8       0.8991       1.5  [6, 5] 2659.5  156/144/71/72  349.0  621.5  1.9145
[16:54:34]   [   30.5s] cadena i0 sel (16.3s) aborto None · cruzan [0, 0] · estab [9, 9] · prof [1.0, 2.0] · refund [9, 1] · genoma final {'MARGEN': 0.0, 'PRUEBA': 0.5, 'PEN_OTRO': 0.35, 'PISO': 0.2, 'LIMPIA': 1.0, 'HUECO': 1.0}
[16:54:50]   [   46.7s] cadena i0 neu (16.2s) aborto None · cruzan [0, 0] · estab [9, 9] · prof [1.0, 3.0] · refund [6, 0] · genoma final {'MARGEN': 0.0, 'PRUEBA': 0.5, 'PEN_OTRO': 0.35, 'PISO': 0.2, 'LIMPIA': 1.0, 'HUECO': 1.0}
[16:55:21]   [   77.7s] prueba i0 sel  (31.0s) aborto None · genoma {'MARGEN': 0.0, 'PRUEBA': 0.5, 'PEN_OTRO': 0.35, 'PISO': 0.2, 'LIMPIA': 1.0, 'HUECO': 1.0} · cruzan 0/9 mayoria 0 R0 0.0 estab 7 B+D 28.0 A+C 83.0
[16:55:52]   [  108.6s] prueba i0 neu  (31.0s) aborto None · genoma {'MARGEN': 0.0, 'PRUEBA': 0.5, 'PEN_OTRO': 0.35, 'PISO': 0.2, 'LIMPIA': 1.0, 'HUECO': 1.0} · cruzan 0/9 mayoria 0 R0 0.0 estab 7 B+D 28.0 A+C 83.0
[16:55:52]   RESUMEN C:\Users\User\Documents\PROYECTOS\JUACO\organelos\experimentos\organelos\muro_perillas\datos\humo\humo_serie_20261005_165403\resumen.json · abortos 0 · 108.7s
[16:55:52] VEREDICTO: HUMO (no cuenta): parcial
[16:56:06]   [   14.2s] cadena i0 sel (16.3s) aborto None · cruzan [0, 0] · estab [9, 9] · prof [1.0, 2.0] · refund [9, 1] · genoma final {'MARGEN': 0.0, 'PRUEBA': 0.5, 'PEN_OTRO': 0.35, 'PISO': 0.2, 'LIMPIA': 1.0, 'HUECO': 1.0}
[16:56:06]   [   14.2s] cadena i0 neu (16.2s) aborto None · cruzan [0, 0] · estab [9, 9] · prof [1.0, 3.0] · refund [6, 0] · genoma final {'MARGEN': 0.0, 'PRUEBA': 0.5, 'PEN_OTRO': 0.35, 'PISO': 0.2, 'LIMPIA': 1.0, 'HUECO': 1.0}
[16:56:37]   [   45.1s] prueba i0 fab  (30.9s) aborto None · genoma {'MARGEN': 0.25, 'PRUEBA': 0.5, 'PEN_OTRO': 0.35, 'PISO': 0.2, 'LIMPIA': 1.0, 'HUECO': 1.0} · cruzan 0/9 mayoria 0 R0 0.75 estab 8 B+D 68.0 A+C 137.0
[16:57:08]   [   75.9s] prueba i0 off  (30.8s) aborto None · genoma {'MARGEN': 0.0, 'PRUEBA': 0.5, 'PEN_OTRO': 0.35, 'PISO': 0.2, 'LIMPIA': 1.0, 'HUECO': 1.0} · cruzan 0/9 mayoria 0 R0 0.0 estab 7 B+D 28.0 A+C 83.0
[16:57:08]   [   75.9s] prueba i0 sel  (31.0s) aborto None · genoma {'MARGEN': 0.0, 'PRUEBA': 0.5, 'PEN_OTRO': 0.35, 'PISO': 0.2, 'LIMPIA': 1.0, 'HUECO': 1.0} · cruzan 0/9 mayoria 0 R0 0.0 estab 7 B+D 28.0 A+C 83.0
[16:57:08]   [   75.9s] prueba i0 neu  (31.0s) aborto None · genoma {'MARGEN': 0.0, 'PRUEBA': 0.5, 'PEN_OTRO': 0.35, 'PISO': 0.2, 'LIMPIA': 1.0, 'HUECO': 1.0} · cruzan 0/9 mayoria 0 R0 0.0 estab 7 B+D 28.0 A+C 83.0
[16:57:08]   [   75.9s] prueba i0 fab  (30.9s) aborto None · genoma {'MARGEN': 0.25, 'PRUEBA': 0.5, 'PEN_OTRO': 0.35, 'PISO': 0.2, 'LIMPIA': 1.0, 'HUECO': 1.0} · cruzan 0/9 mayoria 0 R0 0.75 estab 8 B+D 68.0 A+C 137.0
[16:57:08]   [   75.9s] prueba i0 off  (30.8s) aborto None · genoma {'MARGEN': 0.0, 'PRUEBA': 0.5, 'PEN_OTRO': 0.35, 'PISO': 0.2, 'LIMPIA': 1.0, 'HUECO': 1.0} · cruzan 0/9 mayoria 0 R0 0.0 estab 7 B+D 28.0 A+C 83.0
[16:57:08]   validez {'V1_completa': True, 'V2_fab_gana_a_off': False, 'V4_estado': True, 'V5_desde_cero': True, 'V7a_profundidad_mutacional_neutra': False, 'V7b_refundaciones_por_camara_neutra': False} · puertas {'PG_gen_sube': False, 'PC_par_neu': False, 'PC_suma_neu': False} · umbral True · matiz None
[16:57:08]   RESUMEN C:\Users\User\Documents\PROYECTOS\JUACO\organelos\experimentos\organelos\muro_perillas\datos\humo\humo_serie_20261005_165403\resumen.json · abortos 0 · 75.9s
[16:57:08] VEREDICTO: HUMO (no cuenta): NO SE LEE
ARNES identidad_muro_perillas.py
ARNES PASA, 40/40 (447.3s)
=== fin Mon Oct  5 17:04:36 HPS 2026
