=== Mon Oct  5 15:05:16 HPS 2026 cadena PASO A: arnes -> humo -> lotes fl0 A A2 D D2 X X2 -> lee
ARNES FALLA, 33/34 (484.7s)
[15:13:50]   regla 14 (ENTRADA campo a campo, salvo el nombre del carro en los ids): fab fijo == corre_v143.tarea('O1') (s 883990, T 2000): OK
[15:13:50]   RESUMEN C:\Users\User\Documents\PROYECTOS\JUACO\organelos\experimentos\organelos\muro_perillas\datos\humo\humo_20261005_151322\resumen.json · HUMO (no cuenta) · 28.2s
[15:16:41]   [155.7s] MARGEN=0.0 s883001 fl0 genoma {'MARGEN': 0.0, 'PRUEBA': 0.5, 'PEN_OTRO': 0.35, 'PISO': 0.2, 'LIMPIA': 1.0, 'HUECO': 1.0} · cruzan 0/9 mayoria 0 R0 real med 0.0 fund med 2.0 estab 2/9 · vida 22277.0 · causas {'hambre': 3, 'sed': 11, 'veneno': 2, 'sal': 4} · B+D 182.0 A+C 430.0 · mundo AC 3.6481 sin bueno 0.009 · coherente True
[15:19:22]   [161.4s] MARGEN=0.03 s883001 fl0 genoma {'MARGEN': 0.03, 'PRUEBA': 0.5, 'PEN_OTRO': 0.35, 'PISO': 0.2, 'LIMPIA': 1.0, 'HUECO': 1.0} · cruzan 0/9 mayoria 0 R0 real med 0.8333 fund med 0.0 estab 9/9 · vida 12037.5 · causas {'hambre': 23, 'sed': 12, 'veneno': 6, 'sal': 4} · B+D 248.0 A+C 516.0 · mundo AC 2.8387 sin bueno 0.017 · coherente True
[15:21:59]   [157.0s] MARGEN=0.06 s883001 fl0 genoma {'MARGEN': 0.06, 'PRUEBA': 0.5, 'PEN_OTRO': 0.35, 'PISO': 0.2, 'LIMPIA': 1.0, 'HUECO': 1.0} · cruzan 7/9 mayoria 1 R0 real med 0.9091 fund med 0.0 estab 9/9 · vida 5382.5 · causas {'hambre': 39, 'sed': 35, 'veneno': 12, 'sal': 9} · B+D 309.0 A+C 558.0 · mundo AC 2.448 sin bueno 0.0259 · coherente True
[15:24:39]   [160.1s] MARGEN=0.1 s883001 fl0 genoma {'MARGEN': 0.1, 'PRUEBA': 0.5, 'PEN_OTRO': 0.35, 'PISO': 0.2, 'LIMPIA': 1.0, 'HUECO': 1.0} · cruzan 7/9 mayoria 1 R0 real med 0.9375 fund med 0.0 estab 8/9 · vida 5324.5 · causas {'hambre': 36, 'sed': 40, 'veneno': 18, 'sal': 23} · B+D 294.0 A+C 587.0 · mundo AC 2.2665 sin bueno 0.0313 · coherente True
[15:27:18]   [158.7s] fab s883001 fl0 genoma {'MARGEN': 0.25, 'PRUEBA': 0.5, 'PEN_OTRO': 0.35, 'PISO': 0.2, 'LIMPIA': 1.0, 'HUECO': 1.0} · cruzan 5/9 mayoria 1 R0 real med 0.9032 fund med 1.0 estab 6/9 · vida 3008.0 · causas {'hambre': 71, 'sed': 83, 'veneno': 25, 'sal': 30} · B+D 374.0 A+C 652.0 · mundo AC 1.8887 sin bueno 0.0418 · coherente True
[15:29:48]   [149.7s] MARGEN=0.5 s883001 fl0 genoma {'MARGEN': 0.5, 'PRUEBA': 0.5, 'PEN_OTRO': 0.35, 'PISO': 0.2, 'LIMPIA': 1.0, 'HUECO': 1.0} · cruzan 0/9 mayoria 0 R0 real med 0.3103 fund med 36.0 estab 0/9 · vida 1401.0 · causas {'hambre': 187, 'sed': 176, 'veneno': 61, 'sal': 56} · B+D 309.0 A+C 604.0 · mundo AC 1.3205 sin bueno 0.0592 · coherente True
[15:32:38]   [154.1s] MARGEN=0.0 s883002 fl0 genoma {'MARGEN': 0.0, 'PRUEBA': 0.5, 'PEN_OTRO': 0.35, 'PISO': 0.2, 'LIMPIA': 1.0, 'HUECO': 1.0} · cruzan 0/9 mayoria 0 R0 real med 0.0 fund med 3.0 estab 0/9 · vida 17504.5 · causas {'hambre': 9, 'sed': 8, 'veneno': 8, 'sal': 7} · B+D 197.0 A+C 431.0 · mundo AC 3.5269 sin bueno 0.0146 · coherente True
[15:35:13]   [155.7s] MARGEN=0.03 s883002 fl0 genoma {'MARGEN': 0.03, 'PRUEBA': 0.5, 'PEN_OTRO': 0.35, 'PISO': 0.2, 'LIMPIA': 1.0, 'HUECO': 1.0} · cruzan 4/9 mayoria 0 R0 real med 0.8889 fund med 0.0 estab 9/9 · vida 6582.0 · causas {'hambre': 22, 'sed': 21, 'veneno': 16, 'sal': 13} · B+D 278.0 A+C 516.0 · mundo AC 2.8269 sin bueno 0.0203 · coherente True
[15:37:49]   [156.1s] MARGEN=0.06 s883002 fl0 genoma {'MARGEN': 0.06, 'PRUEBA': 0.5, 'PEN_OTRO': 0.35, 'PISO': 0.2, 'LIMPIA': 1.0, 'HUECO': 1.0} · cruzan 8/9 mayoria 1 R0 real med 0.9091 fund med 0.0 estab 9/9 · vida 6197.5 · causas {'hambre': 25, 'sed': 42, 'veneno': 15, 'sal': 16} · B+D 290.0 A+C 548.0 · mundo AC 2.4245 sin bueno 0.0257 · coherente True
[15:40:27]   [157.2s] MARGEN=0.1 s883002 fl0 genoma {'MARGEN': 0.1, 'PRUEBA': 0.5, 'PEN_OTRO': 0.35, 'PISO': 0.2, 'LIMPIA': 1.0, 'HUECO': 1.0} · cruzan 9/9 mayoria 1 R0 real med 0.9333 fund med 0.0 estab 9/9 · vida 4868.5 · causas {'hambre': 46, 'sed': 55, 'veneno': 29, 'sal': 13} · B+D 335.0 A+C 583.0 · mundo AC 2.0596 sin bueno 0.0384 · coherente True
[15:43:06]   [159.6s] fab s883002 fl0 genoma {'MARGEN': 0.25, 'PRUEBA': 0.5, 'PEN_OTRO': 0.35, 'PISO': 0.2, 'LIMPIA': 1.0, 'HUECO': 1.0} · cruzan 8/9 mayoria 1 R0 real med 0.963 fund med 0.0 estab 8/9 · vida 2128.5 · causas {'hambre': 99, 'sed': 60, 'veneno': 32, 'sal': 45} · B+D 403.0 A+C 662.0 · mundo AC 1.7807 sin bueno 0.0584 · coherente True
[15:45:37]   [150.8s] MARGEN=0.5 s883002 fl0 genoma {'MARGEN': 0.5, 'PRUEBA': 0.5, 'PEN_OTRO': 0.35, 'PISO': 0.2, 'LIMPIA': 1.0, 'HUECO': 1.0} · cruzan 0/9 mayoria 0 R0 real med 0.2727 fund med 39.0 estab 0/9 · vida 1312.5 · causas {'hambre': 181, 'sed': 158, 'veneno': 55, 'sal': 69} · B+D 305.0 A+C 598.0 · mundo AC 1.2947 sin bueno 0.0573 · coherente True
[15:48:30]   [157.6s] off+MARGEN=0.25 s883001 fl0 genoma {'MARGEN': 0.25, 'PRUEBA': 0.5, 'PEN_OTRO': 0.35, 'PISO': 0.2, 'LIMPIA': 1.0, 'HUECO': 1.0} · cruzan 5/9 mayoria 1 R0 real med 0.9032 fund med 1.0 estab 6/9 · vida 3008.0 · causas {'hambre': 71, 'sed': 83, 'veneno': 25, 'sal': 30} · B+D 374.0 A+C 652.0 · mundo AC 1.8887 sin bueno 0.0418 · coherente True
[15:51:02]   [152.8s] off+PISO=0.2 s883001 fl0 genoma {'MARGEN': 0.0, 'PRUEBA': 0.5, 'PEN_OTRO': 0.35, 'PISO': 0.2, 'LIMPIA': 1.0, 'HUECO': 1.0} · cruzan 0/9 mayoria 0 R0 real med 0.0 fund med 2.0 estab 2/9 · vida 22277.0 · causas {'hambre': 3, 'sed': 11, 'veneno': 2, 'sal': 4} · B+D 182.0 A+C 430.0 · mundo AC 3.6481 sin bueno 0.009 · coherente True
[15:53:35]   [153.0s] off+LIMPIA=1 s883001 fl0 genoma {'MARGEN': 0.0, 'PRUEBA': 0.5, 'PEN_OTRO': 0.35, 'PISO': 0.2, 'LIMPIA': 1.0, 'HUECO': 1.0} · cruzan 0/9 mayoria 0 R0 real med 0.0 fund med 2.0 estab 2/9 · vida 22277.0 · causas {'hambre': 3, 'sed': 11, 'veneno': 2, 'sal': 4} · B+D 182.0 A+C 430.0 · mundo AC 3.6481 sin bueno 0.009 · coherente True
[15:56:12]   [156.9s] off+MARGEN=0.25+PISO=0.2 s883001 fl0 genoma {'MARGEN': 0.25, 'PRUEBA': 0.5, 'PEN_OTRO': 0.35, 'PISO': 0.2, 'LIMPIA': 1.0, 'HUECO': 1.0} · cruzan 5/9 mayoria 1 R0 real med 0.9032 fund med 1.0 estab 6/9 · vida 3008.0 · causas {'hambre': 71, 'sed': 83, 'veneno': 25, 'sal': 30} · B+D 374.0 A+C 652.0 · mundo AC 1.8887 sin bueno 0.0418 · coherente True
[15:58:49]   [156.7s] off+MARGEN=0.25+LIMPIA=1+PISO=0.2 s883001 fl0 genoma {'MARGEN': 0.25, 'PRUEBA': 0.5, 'PEN_OTRO': 0.35, 'PISO': 0.2, 'LIMPIA': 1.0, 'HUECO': 1.0} · cruzan 5/9 mayoria 1 R0 real med 0.9032 fund med 1.0 estab 6/9 · vida 3008.0 · causas {'hambre': 71, 'sed': 83, 'veneno': 25, 'sal': 30} · B+D 374.0 A+C 652.0 · mundo AC 1.8887 sin bueno 0.0418 · coherente True
[16:01:26]   [156.7s] off+MARGEN=0.25+LIMPIA=1+PISO=0.2+PEN_OTRO=0.35 s883001 fl0 genoma {'MARGEN': 0.25, 'PRUEBA': 0.5, 'PEN_OTRO': 0.35, 'PISO': 0.2, 'LIMPIA': 1.0, 'HUECO': 1.0} · cruzan 5/9 mayoria 1 R0 real med 0.9032 fund med 1.0 estab 6/9 · vida 3008.0 · causas {'hambre': 71, 'sed': 83, 'veneno': 25, 'sal': 30} · B+D 374.0 A+C 652.0 · mundo AC 1.8887 sin bueno 0.0418 · coherente True
[16:04:18]   [157.3s] off+MARGEN=0.25 s883002 fl0 genoma {'MARGEN': 0.25, 'PRUEBA': 0.5, 'PEN_OTRO': 0.35, 'PISO': 0.2, 'LIMPIA': 1.0, 'HUECO': 1.0} · cruzan 8/9 mayoria 1 R0 real med 0.963 fund med 0.0 estab 8/9 · vida 2128.5 · causas {'hambre': 99, 'sed': 60, 'veneno': 32, 'sal': 45} · B+D 403.0 A+C 662.0 · mundo AC 1.7807 sin bueno 0.0584 · coherente True
[16:06:50]   [152.4s] off+PISO=0.2 s883002 fl0 genoma {'MARGEN': 0.0, 'PRUEBA': 0.5, 'PEN_OTRO': 0.35, 'PISO': 0.2, 'LIMPIA': 1.0, 'HUECO': 1.0} · cruzan 0/9 mayoria 0 R0 real med 0.0 fund med 3.0 estab 0/9 · vida 17504.5 · causas {'hambre': 9, 'sed': 8, 'veneno': 8, 'sal': 7} · B+D 197.0 A+C 431.0 · mundo AC 3.5269 sin bueno 0.0146 · coherente True
[16:09:23]   [152.6s] off+LIMPIA=1 s883002 fl0 genoma {'MARGEN': 0.0, 'PRUEBA': 0.5, 'PEN_OTRO': 0.35, 'PISO': 0.2, 'LIMPIA': 1.0, 'HUECO': 1.0} · cruzan 0/9 mayoria 0 R0 real med 0.0 fund med 3.0 estab 0/9 · vida 17504.5 · causas {'hambre': 9, 'sed': 8, 'veneno': 8, 'sal': 7} · B+D 197.0 A+C 431.0 · mundo AC 3.5269 sin bueno 0.0146 · coherente True
[16:12:01]   [157.7s] off+MARGEN=0.25+PISO=0.2 s883002 fl0 genoma {'MARGEN': 0.25, 'PRUEBA': 0.5, 'PEN_OTRO': 0.35, 'PISO': 0.2, 'LIMPIA': 1.0, 'HUECO': 1.0} · cruzan 8/9 mayoria 1 R0 real med 0.963 fund med 0.0 estab 8/9 · vida 2128.5 · causas {'hambre': 99, 'sed': 60, 'veneno': 32, 'sal': 45} · B+D 403.0 A+C 662.0 · mundo AC 1.7807 sin bueno 0.0584 · coherente True
[16:14:38]   [157.4s] off+MARGEN=0.25+LIMPIA=1+PISO=0.2 s883002 fl0 genoma {'MARGEN': 0.25, 'PRUEBA': 0.5, 'PEN_OTRO': 0.35, 'PISO': 0.2, 'LIMPIA': 1.0, 'HUECO': 1.0} · cruzan 8/9 mayoria 1 R0 real med 0.963 fund med 0.0 estab 8/9 · vida 2128.5 · causas {'hambre': 99, 'sed': 60, 'veneno': 32, 'sal': 45} · B+D 403.0 A+C 662.0 · mundo AC 1.7807 sin bueno 0.0584 · coherente True
[16:17:15]   [157.4s] off+MARGEN=0.25+LIMPIA=1+PISO=0.2+PEN_OTRO=0.35 s883002 fl0 genoma {'MARGEN': 0.25, 'PRUEBA': 0.5, 'PEN_OTRO': 0.35, 'PISO': 0.2, 'LIMPIA': 1.0, 'HUECO': 1.0} · cruzan 8/9 mayoria 1 R0 real med 0.963 fund med 0.0 estab 8/9 · vida 2128.5 · causas {'hambre': 99, 'sed': 60, 'veneno': 32, 'sal': 45} · B+D 403.0 A+C 662.0 · mundo AC 1.7807 sin bueno 0.0584 · coherente True
[16:19:49]   [139.3s] LIMPIA=0 s883001 fl0 genoma {'MARGEN': 0.25, 'PRUEBA': 0.5, 'PEN_OTRO': 0.35, 'PISO': 0.2, 'LIMPIA': 0.0, 'HUECO': 1.0} · cruzan 0/9 mayoria 0 R0 real med 0.2982 fund med 41.0 estab 0/9 · vida 750.0 · causas {'hambre': 296, 'sed': 235, 'veneno': 0, 'sal': 0} · B+D 2.0 A+C 315.0 · mundo AC 0.6281 sin bueno 0.5728 · coherente True
[16:22:23]   [139.1s] LIMPIA=0 s883002 fl0 genoma {'MARGEN': 0.25, 'PRUEBA': 0.5, 'PEN_OTRO': 0.35, 'PISO': 0.2, 'LIMPIA': 0.0, 'HUECO': 1.0} · cruzan 0/9 mayoria 0 R0 real med 0.1875 fund med 62.0 estab 0/9 · vida 600.0 · causas {'hambre': 380, 'sed': 295, 'veneno': 0, 'sal': 0} · B+D 2.0 A+C 289.0 · mundo AC 0.5008 sin bueno 0.6369 · coherente True
  genoma                      semillas   cruzan/9 por semilla  suma  R0 real med  fund med   estab   vida  causas h/s/v/sal  B+D  A+C  mundoAC
  MARGEN=0.0                 [883001, 883002]                 [0, 0]     0          0.0      12.0  [5, 3]  200.0  5/10/271/242  143.5  399.5  4.618
  MARGEN=0.03                [883001, 883002]                 [0, 4]     4       0.8611       0.0  [8, 9] 8386.25  35/43/86/83  246.5  512.0  3.0072
  MARGEN=0.06                [883001, 883002]                 [3, 8]    11       0.8831       0.0  [8, 9] 6762.25  44/68/164/177  262.0  553.5  2.6827
  MARGEN=0.1                 [883001, 883002]                 [8, 9]    17       0.9388       0.0  [8, 9] 4230.75  101/109/80/56  317.5  577.5  2.1779
  fab                        [883001, 883002]                 [4, 8]    12       0.9151       0.0  [7, 8] 3692.5  85/107/419/416  339.5  678.0  2.1423
  MARGEN=0.5                 [883001, 883002]                 [5, 5]    10        0.925       0.0  [5, 6] 2190.5  107/102/1393/1447  220.5  828.5  1.832
  PISO=0.0                   [883001, 883002]                 [8, 7]    15       0.9509       0.0  [8, 7] 2843.5  71/62/462/490  350.5  682.5  2.187
  PISO=0.4                   [883001, 883002]                 [3, 7]    10       0.9042       0.0  [7, 7] 5391.0  110/97/456/438  337.0  683.5  2.1372
  PISO=0.6                   [883001, 883002]                 [8, 8]    16       0.9354       0.0  [8, 8] 4187.0  144/139/57/69  357.5  638.5  1.7297
  PISO=1.0                   [883001, 883002]                 [7, 4]    11       0.8959       0.0  [7, 7] 4696.25  87/80/667/748  218.5  627.0  1.9859
  PEN_OTRO=1.0               [883001, 883002]                 [5, 7]    12       0.9166       0.0  [7, 7] 3360.75  91/79/480/516  328.5  681.0  2.205
  PRUEBA=0.0                 [883001, 883002]                 [6, 6]    12       0.9499       0.0  [8, 6] 2381.75  146/135/84/70  385.0  665.5  1.8628
  LIMPIA=0                   [883001, 883002]                 [5, 6]    11       0.9495       0.0  [7, 6] 2174.5  167/193/832/927  2.0  468.5  1.5563
  HUECO=0                    [883001, 883002]                 [7, 6]    13       0.9509       0.0  [8, 7] 2818.0  137/98/419/421  320.0  648.5  2.1695
  MARGEN=0.1+PISO=0.6        [883001, 883002]                 [3, 8]    11       0.9042       0.0  [8, 8] 6970.25  98/98/112/122  273.5  570.0  2.2146
  MARGEN=0.06+PISO=0.4       [883001, 883002]                 [1, 2]     3       0.8611       0.0  [8, 9] 10578.25  70/59/27/39  273.5  549.0  2.5127
  MARGEN=0.1+PISO=1.0        [883001, 883002]                 [4, 5]     9       0.9081       0.0  [7, 6] 3166.0  115/109/507/486  158.0  507.5  2.1862
  off                        [883001, 883002]                 [0, 0]     0          0.0      71.5  [0, 0]  200.0  34/16/614/701  80.5  307.5  5.0222
  off+MARGEN=0.25            [883001, 883002]                 [5, 6]    11       0.9577       0.0  [7, 7] 1729.25  231/199/822/818  2.0  442.5  1.6278
  off+PISO=0.2               [883001, 883002]                 [0, 0]     0          0.0      71.5  [0, 0]  200.0  34/16/614/701  80.5  307.5  5.0222
  off+LIMPIA=1               [883001, 883002]                 [0, 0]     0          0.0      56.5  [1, 1]  200.0  17/13/518/548  113.0  341.0  4.5532
  off+MARGEN=0.25+PISO=0.2   [883001, 883002]                 [5, 6]    11       0.9577       0.0  [7, 7] 1729.25  231/199/822/818  2.0  442.5  1.6278
  off+MARGEN=0.25+LIMPIA=1+PISO=0.2 [883001, 883002]                 [7, 7]    14       0.9365       0.0  [7, 7] 3762.25  115/99/460/419  318.0  652.5  2.2658
  off+MARGEN=0.25+LIMPIA=1+PISO=0.2+PEN_OTRO=0.35 [883001, 883002]                 [7, 6]    13       0.9509       0.0  [8, 7] 2818.0  137/98/419/421  320.0  648.5  2.1695
  mix:8xPISO=0.2+1xPISO=0.6  [883001, 883002]                 [8, 7]    15       0.9388       0.0  [8, 8] 3410.25  100/98/149/162  366.5  672.5  1.9898
  mix:8xPISO=0.6+1xPISO=0.2  [883001, 883002]                 [8, 7]    15       0.9231       0.0  [8, 8] 4636.75  122/118/155/160  345.5  646.0  1.8179
  mix:8xfab+1xLIMPIA=0       [883001, 883002]                 [6, 6]    12       0.9199       0.0  [7, 7] 4832.0  76/61/666/694  334.0  695.5  2.2763
  mix:8xLIMPIA=0+1xfab       [883001, 883002]                 [6, 6]    12       0.9411       0.0  [6, 6] 3105.25  162/173/964/926  2.0  477.5  1.6385
  MARGEN=0.0 (fl 0)          [883001, 883002]                 [0, 0]     0          0.0       2.5  [2, 0] 19890.75  12/19/10/11  189.5  430.5  3.5875
  MARGEN=0.03 (fl 0)         [883001, 883002]                 [0, 4]     4       0.8611       0.0  [9, 9] 9309.75  45/33/22/17  263.0  516.0  2.8328
  MARGEN=0.06 (fl 0)         [883001, 883002]                 [7, 8]    15       0.9091       0.0  [9, 9] 5790.0  64/77/27/25  299.5  553.0  2.4363
  MARGEN=0.1 (fl 0)          [883001, 883002]                 [7, 9]    16       0.9354       0.0  [8, 9] 5096.5  82/95/47/36  314.5  585.0  2.1631
  fab (fl 0)                 [883001, 883002]                 [5, 8]    13       0.9331       0.5  [6, 8] 2568.25  170/143/57/75  388.5  657.0  1.8347
  MARGEN=0.5 (fl 0)          [883001, 883002]                 [0, 0]     0       0.2915      37.5  [0, 0] 1356.75  368/334/116/125  307.0  601.0  1.3076
  LIMPIA=0 (fl 0)            [883001, 883002]                 [0, 0]     0       0.2429      51.5  [0, 0]  675.0  676/530/0/0  2.0  302.0  0.5645
  off+MARGEN=0.25 (fl 0)     [883001, 883002]                 [5, 8]    13       0.9331       0.5  [6, 8] 2568.25  170/143/57/75  388.5  657.0  1.8347
  off+PISO=0.2 (fl 0)        [883001, 883002]                 [0, 0]     0          0.0       2.5  [2, 0] 19890.75  12/19/10/11  189.5  430.5  3.5875
  off+LIMPIA=1 (fl 0)        [883001, 883002]                 [0, 0]     0          0.0       2.5  [2, 0] 19890.75  12/19/10/11  189.5  430.5  3.5875
  off+MARGEN=0.25+PISO=0.2 (fl 0) [883001, 883002]                 [5, 8]    13       0.9331       0.5  [6, 8] 2568.25  170/143/57/75  388.5  657.0  1.8347
  off+MARGEN=0.25+LIMPIA=1+PISO=0.2 (fl 0) [883001, 883002]                 [5, 8]    13       0.9331       0.5  [6, 8] 2568.25  170/143/57/75  388.5  657.0  1.8347
  off+MARGEN=0.25+LIMPIA=1+PISO=0.2+PEN_OTRO=0.35 (fl 0) [883001, 883002]                 [5, 8]    13       0.9331       0.5  [6, 8] 2568.25  170/143/57/75  388.5  657.0  1.8347
=== fin Mon Oct  5 16:22:24 HPS 2026
