=== Mon Oct  5 18:14:02 HPS 2026 | serie perillas del muro pool 3 ===
[18:14:02] CORRE_MURO_PERILLAS · serie · 20261005_181402 · python 3.14.2 · pool 3 · runner 6490c67f1f6a77a6 · nota ''
[18:14:02]   preregistro PREREGISTRO_muro_perillas.md 76ea26f49cfab840 · base (883100, 883301) · pasajes T 100000 x 5 · pruebas T 100000 · n 20 · sigma 0.03 delta 0.01 · GEN_LETRA MARGEN margen 0.03 zona 0.06 · BASE {'MARGEN': 0.03, 'PRUEBA': 0.5, 'PEN_OTRO': 0.35, 'PISO': 0.2, 'LIMPIA': 1.0, 'HUECO': 1.0} · mutan [0] · fundador_limpio 1 · carpeta C:\Users\User\Documents\PROYECTOS\JUACO\organelos\experimentos\organelos\muro_perillas\datos\serie_i883301-883320_20261005_181402
[18:14:02]   sha experimentos\carrera_escuderias\pista.py 9f47c65e438e0ff4 OK
[18:14:02]   sha experimentos\carrera_escuderias\juez.py 6a68f640a7832f12 OK
[18:14:02]   sha experimentos\carrera_escuderias\carros\O1.py 99436afa2715f028 OK
[18:14:02]   sha experimentos\carrera_escuderias\carros\CTRL_O1_SINLIMPIA.py be029b0a1b8d6634 OK
[18:14:02]   sha experimentos\tronco_v14_3\corre_v143.py 24100621c450da22 OK
[18:14:02]   sha muro_perillas/construye_muro_perillas.py 1120f56ea5dc2c0f OK
[18:14:02]   sha muro_perillas/carros\O1_MURO_GEN.py 83e7fe2a5eb9efd4 OK
[18:14:02]   sha muro_perillas/carros\O1_MURO_GEN0.py e6be23e6a74718a6 OK
[18:14:02]   carro O1_MURO_GEN == construye_muro_perillas: True
[18:14:02]   carro O1_MURO_GEN0 == construye_muro_perillas: True
[18:14:17]   IDENTIDAD CORTA MURO_PERILLAS (salida ENTERA, N 9, s 883950, T 1500): GEN dosis 1 sigma 0 == O1 True · GEN LIMPIA 0 == CTRL_O1_SINLIMPIA True · GEN PS_LEE 0 sigma 0.03 camara 1 desde la base == O1 True · control todo apagado != O1 True
[18:28:11]   [  849.1s] cadena i0 sel (832.8s) aborto None · cruzan [3, 0, 0, 0, 3] · estab [8, 5, 5, 8, 9] · prof [2.0, 4.0, 7.0, 9.0, 12.0] · refund [146, 550, 458, 391, 70] · genoma final {'MARGEN': 0.04375918153594672, 'PRUEBA': 0.5, 'PEN_OTRO': 0.35, 'PISO': 0.2, 'LIMPIA': 1.0, 'HUECO': 1.0}
[18:28:11]   [  849.1s] cadena i0 pur (833.5s) aborto None · cruzan [0, 0, 0, 0, 0] · estab [9, 9, 7, 8, 7] · prof [2.0, 5.0, 6.0, 8.5, 10.0] · refund [22, 120, 352, 280, 258] · genoma final {'MARGEN': 0.0, 'PRUEBA': 0.5, 'PEN_OTRO': 0.35, 'PISO': 0.2, 'LIMPIA': 1.0, 'HUECO': 1.0}
[18:28:25]   [  863.1s] cadena i0 neu (846.8s) aborto None · cruzan [3, 5, 6, 7, 8] · estab [8, 7, 9, 9, 9] · prof [4.5, 6.0, 11.0, 15.0, 20.0] · refund [719, 640, 275, 164, 58] · genoma final {'MARGEN': 0.005845667941400437, 'PRUEBA': 0.5, 'PEN_OTRO': 0.35, 'PISO': 0.2, 'LIMPIA': 1.0, 'HUECO': 1.0}
[18:42:23]   [ 1701.2s] cadena i1 sel (852.6s) aborto None · cruzan [0, 0, 0, 0, 0] · estab [9, 8, 7, 7, 8] · prof [2.0, 4.0, 5.0, 8.0, 11.0] · refund [103, 392, 303, 140, 187] · genoma final {'MARGEN': 0.020469407641905912, 'PRUEBA': 0.5, 'PEN_OTRO': 0.35, 'PISO': 0.2, 'LIMPIA': 1.0, 'HUECO': 1.0}
[18:42:39]   [ 1717.2s] cadena i1 pur (853.8s) aborto None · cruzan [1, 0, 1, 2, 1] · estab [8, 7, 7, 9, 8] · prof [3.0, 4.0, 7.0, 10.0, 12.0] · refund [166, 105, 404, 80, 74] · genoma final {'MARGEN': 0.07242871543018264, 'PRUEBA': 0.5, 'PEN_OTRO': 0.35, 'PISO': 0.2, 'LIMPIA': 1.0, 'HUECO': 1.0}
[18:42:43]   [ 1721.2s] cadena i1 neu (871.2s) aborto None · cruzan [7, 8, 6, 8, 7] · estab [9, 9, 8, 8, 8] · prof [3.0, 7.0, 10.0, 14.5, 18.5] · refund [211, 74, 508, 460, 497] · genoma final {'MARGEN': 0.05894202469477557, 'PRUEBA': 0.5, 'PEN_OTRO': 0.35, 'PISO': 0.2, 'LIMPIA': 1.0, 'HUECO': 1.0}
