[20:12:55] [1/80] BLOQ_V s48433: K 18.92828685258964 · persiste 1 · rechazo 0.0 · aborto None (72.9 s; 78 s)
[20:13:13] [2/80] BLOQ_V s48431: K 36.11155378486056 · persiste 1 · rechazo 1.0 · aborto None (92.3 s; 97 s)
[20:13:14] [3/80] BLOQ_V s48436: K 35.68525896414343 · persiste 1 · rechazo 1.0 · aborto None (91.8 s; 97 s)
[20:13:17] [4/80] BLOQ_V s48434: K 36.45019920318725 · persiste 1 · rechazo 1.0 · aborto None (95.2 s; 100 s)
[20:13:20] [5/80] BLOQ_V s48435: K 35.74900398406375 · persiste 1 · rechazo 1.0 · aborto None (97.9 s; 103 s)
[20:13:20] [6/80] BLOQ_V s48432: K 37.581673306772906 · persiste 1 · rechazo 1.0 · aborto None (98.6 s; 103 s)
[20:14:23] [7/80] BLOQ_V s48437: K 36.354581673306775 · persiste 1 · rechazo 1.0 · aborto None (88.2 s; 166 s)
[20:14:29] [8/80] BLOQ_V s48439: K 36.56573705179283 · persiste 1 · rechazo 1.0 · aborto None (75.3 s; 172 s)
[20:14:45] [9/80] BLOQ_V s48438: K 36.18326693227092 · persiste 1 · rechazo 1.0 · aborto None (91.2 s; 188 s)
[20:14:45] [10/80] BLOQ_V s48442: K 36.06772908366534 · persiste 1 · rechazo 1.0 · aborto None (84.7 s; 188 s)
[20:14:56] [11/80] BLOQ_V s48441: K 36.820717131474105 · persiste 1 · rechazo 1.0 · aborto None (96.4 s; 199 s)
[20:14:57] [12/80] BLOQ_V s48440: K 37.70916334661354 · persiste 1 · rechazo 1.0 · aborto None (100.0 s; 200 s)
[20:15:50] [13/80] BLOQ_V s48448: K 0.0 · persiste 0 · rechazo None · aborto None (53.5 s; 254 s)
[20:16:19] [14/80] BLOQ_V s48443: K 37.00796812749004 · persiste 1 · rechazo 1.0 · aborto None (115.8 s; 282 s)
[20:16:20] [15/80] BLOQ_V s48444: K 35.39043824701195 · persiste 1 · rechazo 1.0 · aborto None (110.7 s; 283 s)
[20:16:34] [16/80] BLOQ_V s48445: K 36.84860557768924 · persiste 1 · rechazo 1.0 · aborto None (109.6 s; 297 s)
[20:16:37] [17/80] BLOQ_V s48447: K 36.0996015936255 · persiste 1 · rechazo 1.0 · aborto None (100.9 s; 300 s)
[20:16:42] [18/80] BLOQ_V s48446: K 37.27091633466136 · persiste 1 · rechazo 1.0 · aborto None (116.8 s; 305 s)
[20:17:27] [19/80] ING_SEL_C_V s48431: K 7.936254980079681 · persiste 1 · rechazo None · aborto None (67.5 s; 351 s)
[20:17:29] [20/80] BLOQ_V s48449: K 34.820717131474105 · persiste 1 · rechazo 1.0 · aborto None (98.5 s; 352 s)
[20:17:39] [21/80] ING_SEL_C_V s48432: K 6.203187250996016 · persiste 1 · rechazo None · aborto None (65.1 s; 363 s)
[20:17:54] [22/80] ING_SEL_C_V s48434: K 7.936254980079681 · persiste 1 · rechazo None · aborto None (72.7 s; 378 s)
[20:18:07] [23/80] ING_SEL_C_V s48433: K 8.442231075697212 · persiste 1 · rechazo None · aborto None (89.6 s; 390 s)
[20:18:13] [24/80] ING_SEL_C_V s48436: K 0.0 · persiste 0 · rechazo None · aborto None (44.4 s; 397 s)
[20:18:14] [25/80] BLOQ_V s48450: K 36.31474103585657 · persiste 1 · rechazo 1.0 · aborto None (115.8 s; 397 s)
[20:18:41] [26/80] ING_SEL_C_V s48435: K 7.756972111553785 · persiste 1 · rechazo None · aborto None (73.9 s; 425 s)
[20:18:50] [27/80] ING_SEL_C_V s48437: K 8.171314741035857 · persiste 1 · rechazo None · aborto None (71.1 s; 434 s)
[20:19:04] [28/80] ING_SEL_C_V s48441: K 0.0 · persiste 0 · rechazo None · aborto None (49.6 s; 447 s)
[20:19:09] [29/80] ING_SEL_C_V s48439: K 0.0 · persiste 0 · rechazo None · aborto None (62.4 s; 452 s)
[20:19:11] [30/80] ING_SEL_C_V s48438: K 11.350597609561753 · persiste 1 · rechazo None · aborto None (76.6 s; 454 s)
[20:19:11] [31/80] ING_SEL_C_V s48440: K 0.0 · persiste 0 · rechazo None · aborto None (57.9 s; 455 s)
[20:19:51] [32/80] ING_SEL_C_V s48442: K 8.131474103585658 · persiste 1 · rechazo None · aborto None (69.6 s; 494 s)
[20:19:52] [33/80] ING_SEL_C_V s48443: K 7.179282868525896 · persiste 1 · rechazo None · aborto None (61.5 s; 495 s)
[20:20:01] [34/80] ING_SEL_C_V s48445: K 0.0 · persiste 0 · rechazo None · aborto None (51.4 s; 504 s)
[20:20:06] [35/80] ING_SEL_C_V s48444: K 4.964143426294821 · persiste 0 · rechazo None · aborto None (61.8 s; 509 s)
[20:20:12] [36/80] ING_SEL_C_V s48446: K 0.8167330677290837 · persiste 0 · rechazo None · aborto None (60.6 s; 515 s)
[20:20:33] [37/80] ING_SEL_C_V s48447: K 9.99203187250996 · persiste 1 · rechazo None · aborto None (81.2 s; 536 s)
[20:21:00] [38/80] BLOQ_AZA_V s48431: K 0.4701195219123506 · persiste 0 · rechazo None · aborto None (54.3 s; 563 s)
[20:21:05] [39/80] ING_SEL_C_V s48450: K 7.50597609561753 · persiste 1 · rechazo None · aborto None (64.2 s; 568 s)
[20:21:05] [40/80] ING_SEL_C_V s48448: K 9.569721115537849 · persiste 1 · rechazo None · aborto None (74.0 s; 568 s)
[20:21:09] [41/80] BLOQ_AZA_V s48432: K 0.0 · persiste 0 · rechazo None · aborto None (57.7 s; 573 s)
[20:21:11] [42/80] ING_SEL_C_V s48449: K 11.525896414342629 · persiste 1 · rechazo None · aborto None (79.1 s; 574 s)
[20:21:29] [43/80] BLOQ_AZA_V s48433: K 0.0 · persiste 0 · rechazo None · aborto None (56.9 s; 593 s)
[20:21:52] [44/80] BLOQ_AZA_V s48435: K 0.0 · persiste 0 · rechazo None · aborto None (47.3 s; 615 s)
[20:21:55] [45/80] BLOQ_AZA_V s48434: K 0.0 · persiste 0 · rechazo None · aborto None (54.7 s; 618 s)
[20:21:58] [46/80] BLOQ_AZA_V s48436: K 0.0 · persiste 0 · rechazo None · aborto None (53.1 s; 621 s)
[20:22:01] [47/80] BLOQ_AZA_V s48437: K 0.0 · persiste 0 · rechazo None · aborto None (51.4 s; 624 s)
[20:22:10] [48/80] BLOQ_AZA_V s48438: K 0.0 · persiste 0 · rechazo None · aborto None (59.4 s; 634 s)
[20:22:28] [49/80] BLOQ_AZA_V s48439: K 0.0 · persiste 0 · rechazo None · aborto None (58.2 s; 651 s)
[20:22:45] [50/80] BLOQ_AZA_V s48442: K 0.0 · persiste 0 · rechazo None · aborto None (46.9 s; 668 s)
[20:22:49] [51/80] BLOQ_AZA_V s48441: K 0.0 · persiste 0 · rechazo None · aborto None (54.7 s; 673 s)
[20:22:50] [52/80] BLOQ_AZA_V s48440: K 0.0 · persiste 0 · rechazo None · aborto None (57.6 s; 673 s)
[20:22:55] [53/80] BLOQ_AZA_V s48443: K 0.0 · persiste 0 · rechazo None · aborto None (54.6 s; 679 s)
[20:23:01] [54/80] BLOQ_AZA_V s48444: K 0.0 · persiste 0 · rechazo None · aborto None (50.2 s; 684 s)
[20:23:31] [55/80] BLOQ_AZA_V s48445: K 0.0 · persiste 0 · rechazo None · aborto None (63.1 s; 714 s)
[20:23:44] [56/80] BLOQ_AZA_V s48446: K 0.0 · persiste 0 · rechazo None · aborto None (58.5 s; 727 s)
[20:23:49] [57/80] BLOQ_AZA_V s48449: K 0.0 · persiste 0 · rechazo None · aborto None (53.8 s; 732 s)
[20:23:52] [58/80] BLOQ_AZA_V s48447: K 0.0 · persiste 0 · rechazo None · aborto None (62.5 s; 735 s)
[20:23:57] [59/80] BLOQ_AZA_V s48450: K 0.0 · persiste 0 · rechazo None · aborto None (56.5 s; 740 s)
[20:24:00] [60/80] BLOQ_AZA_V s48448: K 0.0 · persiste 0 · rechazo None · aborto None (70.8 s; 744 s)
[20:24:23] [61/80] ING_F1_V s48431: K 0.0 · persiste 0 · rechazo None · aborto None (52.6 s; 766 s)
[20:24:33] [62/80] ING_F1_V s48432: K 0.0 · persiste 0 · rechazo None · aborto None (49.4 s; 776 s)
[20:24:41] [63/80] ING_F1_V s48433: K 0.0 · persiste 0 · rechazo None · aborto None (51.4 s; 784 s)
[20:24:44] [64/80] ING_F1_V s48435: K 0.0 · persiste 0 · rechazo None · aborto None (46.5 s; 787 s)
[20:24:45] [65/80] ING_F1_V s48434: K 0.0 · persiste 0 · rechazo None · aborto None (53.3 s; 788 s)
[20:24:48] [66/80] ING_F1_V s48436: K 0.0 · persiste 0 · rechazo None · aborto None (47.3 s; 791 s)
[20:25:14] [67/80] ING_F1_V s48437: K 0.0 · persiste 0 · rechazo None · aborto None (50.9 s; 817 s)
[20:25:30] [68/80] ING_F1_V s48438: K 0.0 · persiste 0 · rechazo None · aborto None (57.2 s; 833 s)
[20:25:36] [69/80] ING_F1_V s48439: K 0.0 · persiste 0 · rechazo None · aborto None (55.4 s; 839 s)
[20:25:39] [70/80] ING_F1_V s48440: K 0.0 · persiste 0 · rechazo None · aborto None (55.5 s; 842 s)
[20:25:50] [71/80] ING_F1_V s48441: K 0.0 · persiste 0 · rechazo None · aborto None (64.6 s; 853 s)
[20:26:00] [72/80] ING_F1_V s48442: K 0.0 · persiste 0 · rechazo None · aborto None (71.8 s; 863 s)
[20:26:08] [73/80] ING_F1_V s48443: K 0.0 · persiste 0 · rechazo None · aborto None (54.2 s; 871 s)
[20:26:28] [74/80] ING_F1_V s48445: K 0.0 · persiste 0 · rechazo None · aborto None (51.5 s; 891 s)
[20:26:28] [75/80] ING_F1_V s48444: K 0.0 · persiste 0 · rechazo None · aborto None (58.0 s; 891 s)
[20:26:32] [76/80] ING_F1_V s48446: K 0.0 · persiste 0 · rechazo None · aborto None (53.3 s; 896 s)
[20:26:35] [77/80] ING_F1_V s48447: K 0.0 · persiste 0 · rechazo None · aborto None (45.3 s; 898 s)
[20:26:51] [78/80] ING_F1_V s48448: K 0.0 · persiste 0 · rechazo None · aborto None (51.3 s; 914 s)
[20:26:51] [79/80] ING_F1_V s48449: K 0.0 · persiste 0 · rechazo None · aborto None (43.0 s; 915 s)
[20:27:06] [80/80] ING_F1_V s48450: K 0.0 · persiste 0 · rechazo None · aborto None (38.5 s; 929 s)
V0 serie completa (20 semillas x 4 brazos, T 500000, t_corte 100000, sin abortos, bloqueados 0): SE CUMPLE
V1 la base sin vivero muere (ING_F1_V persiste <= 3/20): SE CUMPLE (0)
V2 carro FABRICA_ECO y reglas declaradas por brazo: SE CUMPLE
persiste: {'BLOQ_V': 19, 'ING_SEL_C_V': 13, 'BLOQ_AZA_V': 0, 'ING_F1_V': 0}
P1 BLOQ_V persiste >= 17/20: SE CUMPLE (19)
P2 K(BLOQ_V) > K(ING_SEL_C_V) pareado >= 15/20 y mediana >= +10: SE CUMPLE (19/20, mediana +28.66)
P3 K(BLOQ_V) > K(BLOQ_AZA_V) pareado >= 15/20 y BLOQ_AZA_V persiste <= 5/20: SE CUMPLE (19/20, mediana +36.25; AZA persiste 0)
P4 organo de rechazo (boca w<0 que separa exacto B,D de A,C) en >= 50 % de los vivos en T en >= 12/20 semillas de BLOQ_V: SE CUMPLE (18/20)
VEREDICTO (una serie): FUNCIONA
