[20:00:45] [1/80] BLOQ_V s48415: K 36.99601593625498 · persiste 1 · rechazo 1.0 · aborto None (78.1 s; 81 s)
[20:00:46] [2/80] BLOQ_V s48411: K 36.20717131474104 · persiste 1 · rechazo 1.0 · aborto None (79.1 s; 82 s)
[20:00:47] [3/80] BLOQ_V s48416: K 36.08764940239044 · persiste 1 · rechazo 1.0 · aborto None (79.5 s; 83 s)
[20:00:48] [4/80] BLOQ_V s48414: K 36.689243027888445 · persiste 1 · rechazo 1.0 · aborto None (81.3 s; 84 s)
[20:00:49] [5/80] BLOQ_V s48413: K 36.09561752988048 · persiste 1 · rechazo 1.0 · aborto None (82.8 s; 86 s)
[20:00:52] [6/80] BLOQ_V s48412: K 35.8804780876494 · persiste 1 · rechazo 1.0 · aborto None (85.1 s; 88 s)
[20:01:50] [7/80] BLOQ_V s48417: K 32.30278884462152 · persiste 1 · rechazo 1.0 · aborto None (65.1 s; 146 s)
[20:02:00] [8/80] BLOQ_V s48421: K 36.70517928286853 · persiste 1 · rechazo 1.0 · aborto None (70.5 s; 156 s)
[20:02:01] [9/80] BLOQ_V s48420: K 35.286852589641434 · persiste 1 · rechazo 1.0 · aborto None (73.0 s; 157 s)
[20:02:02] [10/80] BLOQ_V s48418: K 35.26294820717131 · persiste 1 · rechazo 1.0 · aborto None (76.1 s; 158 s)
[20:02:02] [11/80] BLOQ_V s48419: K 36.06374501992032 · persiste 1 · rechazo 1.0 · aborto None (74.8 s; 158 s)
[20:02:10] [12/80] BLOQ_V s48422: K 36.330677290836654 · persiste 1 · rechazo 1.0 · aborto None (77.9 s; 166 s)
[20:03:04] [13/80] BLOQ_V s48424: K 36.820717131474105 · persiste 1 · rechazo 1.0 · aborto None (64.1 s; 220 s)
[20:03:11] [14/80] BLOQ_V s48423: K 36.864541832669325 · persiste 1 · rechazo 1.0 · aborto None (81.2 s; 227 s)
[20:03:15] [15/80] BLOQ_V s48427: K 36.13147410358566 · persiste 1 · rechazo 1.0 · aborto None (72.9 s; 231 s)
[20:03:18] [16/80] BLOQ_V s48425: K 35.398406374501995 · persiste 1 · rechazo 1.0 · aborto None (77.0 s; 234 s)
[20:03:19] [17/80] BLOQ_V s48426: K 35.17131474103586 · persiste 1 · rechazo 1.0 · aborto None (77.1 s; 235 s)
[20:03:29] [18/80] BLOQ_V s48428: K 36.75298804780876 · persiste 1 · rechazo 1.0 · aborto None (79.6 s; 245 s)
[20:03:51] [19/80] BLOQ_V s48430: K 0.0 · persiste 0 · rechazo None · aborto None (40.1 s; 267 s)
[20:04:11] [20/80] ING_SEL_C_V s48414: K 1.7768924302788844 · persiste 0 · rechazo None · aborto None (41.5 s; 287 s)
[20:04:14] [21/80] ING_SEL_C_V s48413: K 9.848605577689243 · persiste 1 · rechazo None · aborto None (54.9 s; 290 s)
[20:04:15] [22/80] ING_SEL_C_V s48411: K 11.103585657370518 · persiste 1 · rechazo None · aborto None (60.2 s; 291 s)
[20:04:17] [23/80] ING_SEL_C_V s48412: K 7.6892430278884465 · persiste 1 · rechazo None · aborto None (58.8 s; 293 s)
[20:04:21] [24/80] BLOQ_V s48429: K 34.72908366533864 · persiste 1 · rechazo 1.0 · aborto None (77.2 s; 297 s)
[20:04:46] [25/80] ING_SEL_C_V s48415: K 9.294820717131474 · persiste 1 · rechazo None · aborto None (55.2 s; 323 s)
[20:04:57] [26/80] ING_SEL_C_V s48417: K 0.0 · persiste 0 · rechazo None · aborto None (43.0 s; 333 s)
[20:05:06] [27/80] ING_SEL_C_V s48416: K 6.916334661354582 · persiste 1 · rechazo None · aborto None (55.5 s; 342 s)
[20:05:13] [28/80] ING_SEL_C_V s48419: K 6.892430278884462 · persiste 1 · rechazo None · aborto None (56.2 s; 349 s)
[20:05:22] [29/80] ING_SEL_C_V s48418: K 8.673306772908367 · persiste 1 · rechazo None · aborto None (67.0 s; 358 s)
[20:05:23] [30/80] ING_SEL_C_V s48421: K 0.0 · persiste 0 · rechazo None · aborto None (36.2 s; 359 s)
[20:05:24] [31/80] ING_SEL_C_V s48420: K 8.737051792828685 · persiste 1 · rechazo None · aborto None (62.9 s; 360 s)
[20:05:44] [32/80] ING_SEL_C_V s48422: K 6.290836653386454 · persiste 1 · rechazo None · aborto None (47.6 s; 380 s)
[20:05:50] [33/80] ING_SEL_C_V s48423: K 0.05179282868525897 · persiste 0 · rechazo None · aborto None (43.7 s; 386 s)
[20:06:10] [34/80] ING_SEL_C_V s48426: K 0.3665338645418327 · persiste 0 · rechazo None · aborto None (47.2 s; 406 s)
[20:06:12] [35/80] ING_SEL_C_V s48424: K 7.047808764940239 · persiste 1 · rechazo None · aborto None (58.6 s; 408 s)
[20:06:21] [36/80] ING_SEL_C_V s48427: K 5.99601593625498 · persiste 1 · rechazo None · aborto None (57.3 s; 418 s)
[20:06:23] [37/80] ING_SEL_C_V s48425: K 7.705179282868526 · persiste 1 · rechazo None · aborto None (61.7 s; 420 s)
[20:06:26] [38/80] ING_SEL_C_V s48429: K 0.0 · persiste 0 · rechazo None · aborto None (36.1 s; 422 s)
[20:06:36] [39/80] ING_SEL_C_V s48428: K 6.282868525896414 · persiste 1 · rechazo None · aborto None (52.0 s; 432 s)
[20:07:00] [40/80] BLOQ_AZA_V s48411: K 0.0 · persiste 0 · rechazo None · aborto None (48.0 s; 456 s)
[20:07:03] [41/80] BLOQ_AZA_V s48414: K 0.0 · persiste 0 · rechazo None · aborto None (37.0 s; 459 s)
[20:07:04] [42/80] BLOQ_AZA_V s48412: K 0.0 · persiste 0 · rechazo None · aborto None (42.2 s; 460 s)
[20:07:12] [43/80] BLOQ_AZA_V s48413: K 0.0 · persiste 0 · rechazo None · aborto None (48.2 s; 468 s)
[20:07:16] [44/80] ING_SEL_C_V s48430: K 7.083665338645418 · persiste 1 · rechazo None · aborto None (66.5 s; 473 s)
[20:07:20] [45/80] BLOQ_AZA_V s48415: K 0.47410358565737054 · persiste 0 · rechazo None · aborto None (43.8 s; 476 s)
[20:07:44] [46/80] BLOQ_AZA_V s48416: K 0.0 · persiste 0 · rechazo None · aborto None (44.4 s; 500 s)
[20:07:49] [47/80] BLOQ_AZA_V s48418: K 0.08764940239043825 · persiste 0 · rechazo None · aborto None (45.0 s; 505 s)
[20:07:50] [48/80] BLOQ_AZA_V s48417: K 0.0 · persiste 0 · rechazo None · aborto None (47.0 s; 506 s)
[20:07:55] [49/80] BLOQ_AZA_V s48419: K 0.0 · persiste 0 · rechazo None · aborto None (43.2 s; 511 s)
[20:07:55] [50/80] BLOQ_AZA_V s48420: K 0.0 · persiste 0 · rechazo None · aborto None (38.7 s; 511 s)
[20:08:07] [51/80] BLOQ_AZA_V s48421: K 0.0 · persiste 0 · rechazo None · aborto None (46.6 s; 523 s)
[20:08:30] [52/80] BLOQ_AZA_V s48422: K 0.0 · persiste 0 · rechazo None · aborto None (45.8 s; 546 s)
[20:08:36] [53/80] BLOQ_AZA_V s48424: K 0.0 · persiste 0 · rechazo None · aborto None (46.5 s; 553 s)
[20:08:38] [54/80] BLOQ_AZA_V s48425: K 0.0 · persiste 0 · rechazo None · aborto None (42.8 s; 554 s)
[20:08:39] [55/80] BLOQ_AZA_V s48426: K 0.0 · persiste 0 · rechazo None · aborto None (44.0 s; 555 s)
[20:08:40] [56/80] BLOQ_AZA_V s48423: K 2.099601593625498 · persiste 1 · rechazo 1.0 · aborto None (50.9 s; 556 s)
[20:08:47] [57/80] BLOQ_AZA_V s48427: K 0.0 · persiste 0 · rechazo None · aborto None (39.9 s; 563 s)
[20:09:16] [58/80] BLOQ_AZA_V s48428: K 0.0 · persiste 0 · rechazo None · aborto None (45.9 s; 592 s)
[20:09:16] [59/80] ING_F1_V s48411: K 0.0 · persiste 0 · rechazo None · aborto None (37.0 s; 592 s)
[20:09:20] [60/80] ING_F1_V s48412: K 0.0 · persiste 0 · rechazo None · aborto None (40.8 s; 597 s)
[20:09:21] [61/80] BLOQ_AZA_V s48430: K 0.0 · persiste 0 · rechazo None · aborto None (43.8 s; 598 s)
[20:09:26] [62/80] ING_F1_V s48413: K 0.0 · persiste 0 · rechazo None · aborto None (39.0 s; 602 s)
[20:09:28] [63/80] BLOQ_AZA_V s48429: K 0.0 · persiste 0 · rechazo None · aborto None (51.2 s; 604 s)
[20:09:54] [64/80] ING_F1_V s48415: K 0.0 · persiste 0 · rechazo None · aborto None (37.4 s; 630 s)
[20:09:56] [65/80] ING_F1_V s48414: K 0.0 · persiste 0 · rechazo None · aborto None (40.0 s; 632 s)
[20:10:00] [66/80] ING_F1_V s48417: K 0.0 · persiste 0 · rechazo None · aborto None (38.9 s; 636 s)
[20:10:04] [67/80] ING_F1_V s48416: K 0.0 · persiste 0 · rechazo None · aborto None (43.4 s; 640 s)
[20:10:06] [68/80] ING_F1_V s48419: K 0.0 · persiste 0 · rechazo None · aborto None (38.4 s; 642 s)
[20:10:10] [69/80] ING_F1_V s48418: K 0.0 · persiste 0 · rechazo None · aborto None (44.1 s; 646 s)
[20:10:33] [70/80] ING_F1_V s48420: K 0.0 · persiste 0 · rechazo None · aborto None (39.7 s; 669 s)
[20:10:34] [71/80] ING_F1_V s48421: K 0.0 · persiste 0 · rechazo None · aborto None (37.8 s; 670 s)
[20:10:41] [72/80] ING_F1_V s48424: K 0.0 · persiste 0 · rechazo None · aborto None (35.0 s; 677 s)
[20:10:43] [73/80] ING_F1_V s48422: K 0.0 · persiste 0 · rechazo None · aborto None (42.6 s; 679 s)
[20:10:44] [74/80] ING_F1_V s48423: K 0.0 · persiste 0 · rechazo None · aborto None (40.7 s; 681 s)
[20:10:49] [75/80] ING_F1_V s48425: K 0.0 · persiste 0 · rechazo None · aborto None (39.0 s; 685 s)
[20:11:04] [76/80] ING_F1_V s48427: K 0.0 · persiste 0 · rechazo None · aborto None (30.6 s; 700 s)
[20:11:07] [77/80] ING_F1_V s48426: K 0.0 · persiste 0 · rechazo None · aborto None (34.2 s; 704 s)
[20:11:14] [78/80] ING_F1_V s48428: K 0.0 · persiste 0 · rechazo None · aborto None (32.5 s; 710 s)
[20:11:18] [79/80] ING_F1_V s48430: K 0.0 · persiste 0 · rechazo None · aborto None (33.1 s; 714 s)
[20:11:21] [80/80] ING_F1_V s48429: K 0.0 · persiste 0 · rechazo None · aborto None (37.8 s; 717 s)
V0 serie completa (20 semillas x 4 brazos, T 500000, t_corte 100000, sin abortos, bloqueados 0): SE CUMPLE
V1 la base sin vivero muere (ING_F1_V persiste <= 3/20): SE CUMPLE (0)
V2 carro FABRICA_ECO y reglas declaradas por brazo: SE CUMPLE
persiste: {'BLOQ_V': 19, 'ING_SEL_C_V': 14, 'BLOQ_AZA_V': 1, 'ING_F1_V': 0}
P1 BLOQ_V persiste >= 17/20: SE CUMPLE (19)
P2 K(BLOQ_V) > K(ING_SEL_C_V) pareado >= 15/20 y mediana >= +10: SE CUMPLE (19/20, mediana +29.47)
P3 K(BLOQ_V) > K(BLOQ_AZA_V) pareado >= 15/20 y BLOQ_AZA_V persiste <= 5/20: SE CUMPLE (19/20, mediana +36.08; AZA persiste 1)
P4 organo de rechazo (boca w<0 que separa exacto B,D de A,C) en >= 50 % de los vivos en T en >= 12/20 semillas de BLOQ_V: SE CUMPLE (19/20)
VEREDICTO (una serie): FUNCIONA
