JUEZ · humo_ronda0_SOLO_boca · 2026-09-22 13:41:18 · python 3.14.2 · pool NO (un proceso)
  pista.py d2a4b219059478eb · juez.py 797fe37f69176b87 · carros {'FABRICA': '2ebee3e99ea5a33a'}
  carros (orden = indice de linaje): ['FABRICA'] · semillas 4001-4002 · T=100000 · pizarra 1 · rep_acum 0 · escala 1
  CHEQUEO ESTATICO FABRICA: PASA
  IDENTIDAD CORTA: sha f9c 9dd1fb91ecec35ae (OK) · FABRICA solo == organismo_f9c REL (s=1, T=5000): OK
  [   15.4s] semilla 4001 (14.4s) R0 pista 0.5154 · R0 por linaje [0.5154]
  [   30.0s] semilla 4002 (14.6s) R0 pista 0.4366 · R0 por linaje [0.4366]
  CRUDO C:\Users\User\Documents\PROYECTOS\JUACO\carrera\experimentos\carrera_escuderias\datos\carrera_humo_ronda0_SOLO_boca_20260922_134118.json (sha 46b30ab1a579c2f2)

RESUMEN · humo_ronda0_SOLO_boca · semillas [4001, 4002] · T=100000 · pizarra 1 · rep_acum 0
  linaje        R0 med         R0 por semilla    vida  muert  desc  fund    p1    c1   expA    sac  causas (hambre/sed/veneno/sal)  >=0.9
  FABRICA        0.476       [0.5154, 0.4366]   623.5  135.0  64.5  71.0 0.966   1.0  585.5  0.554  3/0/113/154 (1%/0%/42%/57%)  0/2
  R0 de la pista (mediana por semilla de sum desc / (sum muertes + n)): 0.476 · por semilla [0.5154, 0.4366]
  semilla 4001: fraccion B+D del mundo por cuarto de T [0.911, 0.914, 0.905, 0.883] · L 40 nobj 4
  semilla 4002: fraccion B+D del mundo por cuarto de T [0.883, 0.918, 0.906, 0.914] · L 40 nobj 4
  DIAGNOSTICO (mediana sobre 2 linajes-semilla; ventana 50 pasos tras perder el objetivo bueno):
    robos por linaje 0.0 · perdidas por olvido 16.0 · B/D tras robo None vs tras olvido 1.014 vs base 0.42 · A/C tras robo None vs base 0.569
    distancia media al bueno mas cercano 10.157 · frac pasos sin bueno en el mundo 0.827 · frac pasos sin NINGUN objeto a <= 20 0.0 (max 0.0)
  HAMBRE -> BOCA (suma de todos los linajes-semilla; H = manda el hambre, S = manda la sed; deficit = el de la necesidad activa):
    AH: decisiones    843 mordidas    808 tasa 0.958 · deficit medio al decidir 0.234 al morder 0.243
    AS: decisiones    334 mordidas    330 tasa 0.988 · deficit medio al decidir 0.537 al morder 0.542
    BH: decisiones   9143 mordidas    109 tasa 0.012 · deficit medio al decidir 0.156 al morder 0.507
    BS: decisiones   1357 mordidas    701 tasa 0.517 · deficit medio al decidir 0.363 al morder 0.503
    CH: decisiones    850 mordidas    794 tasa 0.934 · deficit medio al decidir 0.194 al morder 0.207
    CS: decisiones    353 mordidas    345 tasa 0.977 · deficit medio al decidir 0.518 al morder 0.525
    DH: decisiones   6782 mordidas    742 tasa 0.109 · deficit medio al decidir 0.073 al morder 0.457
    DS: decisiones   2064 mordidas    130 tasa 0.063 · deficit medio al decidir 0.418 al morder 0.673
    deficit en mordidas B/D (bins de 0.1) [180, 110, 111, 105, 395, 228, 145, 71, 197, 140] (media ~0.500) · en mordidas A/C [978, 124, 64, 71, 403, 171, 83, 61, 204, 118] (media ~0.338)
    mordidas B/D con un robo en los 50 pasos previos 0.0 vs pasos cubiertos asi 0.0 · deficit en B/D con robo previo None vs sin 0.496
    formato H-BOCA (mordidas / exposiciones): veneno con SED 701/1236 · veneno con HAMBRE 109/7086 · sal con HAMBRE 742/5521 · sal con SED 130/1659
  contabilidad fisica coherente: 2/2
  mundo: objetos medios por tipo (A comida, B veneno, C agua, D sal; nobj=4) por semilla [{'A': 0.1918, 'B': 1.9428, 'C': 0.1949, 'D': 1.6705}, {'A': 0.1964, 'B': 2.009, 'C': 0.1826, 'D': 1.612}] · olvidos [304, 329]
  mordidas totales por tipo por semilla [{'A': 568, 'B': 395, 'C': 586, 'D': 451}, {'A': 570, 'B': 415, 'C': 553, 'D': 421}]
  referencia UN cuerpo a la vez: REL 0.395 (acum 1: 0.483) -- bloque 2, replica 1601-1620, un cuerpo a la vez (REGLAMENTO sec. 1)
  PIZARRA completa C:\Users\User\Documents\PROYECTOS\JUACO\carrera\experimentos\carrera_escuderias\datos\carrera_humo_ronda0_SOLO_boca_20260922_134118_pizarra.jsonl.gz
  RESUMEN C:\Users\User\Documents\PROYECTOS\JUACO\carrera\experimentos\carrera_escuderias\datos\carrera_humo_ronda0_SOLO_boca_20260922_134118_resumen.json

Terminado en 30.0s
