JUEZ · rondapoolcheck_s4003-4004 · 2026-09-22 14:13:00 · python 3.14.2 · pool 2
  pista.py d2a4b219059478eb · juez.py 797fe37f69176b87 · carros {'FABRICA': '2ebee3e99ea5a33a'}
  carros (orden = indice de linaje): ['FABRICA', 'FABRICA', 'FABRICA', 'FABRICA', 'FABRICA', 'FABRICA', 'FABRICA', 'FABRICA', 'FABRICA'] · semillas 4003-4004 · T=5000 · pizarra 1 · rep_acum 0 · escala 1
  CHEQUEO ESTATICO FABRICA: PASA
  IDENTIDAD CORTA: sha f9c 9dd1fb91ecec35ae (OK) · FABRICA solo == organismo_f9c REL (s=1, T=5000): OK
  [    7.7s] semilla 4004 (6.4s) R0 pista 0.2
  [    7.7s] semilla 4003 (6.5s) R0 pista 0.1615
  CRUDO C:\Users\User\Documents\PROYECTOS\JUACO\carrera\experimentos\carrera_escuderias\datos\carrera_rondapoolcheck_s4003-4004_20260922_141300.json (sha f3fe648b23f7858f)

RESUMEN · rondapoolcheck_s4003-4004 · semillas [4003, 4004] · T=5000 · pizarra 1 · rep_acum 0
  linaje        R0 med         R0 por semilla    vida  muert  desc  fund    p1    c1   expA    sac  causas (hambre/sed/veneno/sal)  >=0.9
  FABRICA#0      0.286          [0.0714, 0.5]  187.25   10.0   2.5   8.0 0.665  0.95   44.0  0.491  0/0/10/10 (0%/0%/50%/50%)  0/2
  FABRICA#1      0.103       [0.0625, 0.1429]   95.75   14.0   1.5  12.5   0.7 0.938   41.0  0.486  0/0/7/21 (0%/0%/25%/75%)  0/2
  FABRICA#2      0.186          [0.3, 0.0714]  136.25   11.0   2.0  10.0 0.611 0.917   40.0  0.465  0/0/11/11 (0%/0%/50%/50%)  0/2
  FABRICA#3      0.205        [0.125, 0.2857]  297.25   10.5   2.0   8.5 0.738   1.0   43.0  0.451  0/0/12/9 (0%/0%/57%/43%)  0/2
  FABRICA#4      0.256          [0.1111, 0.4]  221.75   13.0   3.0  10.0 0.716  0.95   36.5   0.51  0/0/12/14 (0%/0%/46%/54%)  0/2
  FABRICA#5      0.177       [0.1667, 0.1875]  133.25   16.0   3.0  13.5 0.651   1.0   47.5  0.434  0/0/15/17 (0%/0%/47%/53%)  0/2
  FABRICA#6      0.388       [0.0625, 0.7143]  283.25   10.5   3.0   8.5 0.559   1.0   47.0  0.549  0/0/9/12 (0%/0%/43%/57%)  0/2
  FABRICA#7      0.111       [0.1667, 0.0556]  130.75   17.0   2.0  15.0 0.724   1.0   38.5  0.391  0/0/15/19 (0%/0%/44%/56%)  0/2
  FABRICA#8      0.649         [1.25, 0.0476]   530.0   11.5   3.0  10.5 0.368   1.0   47.0  0.472  0/0/10/13 (0%/0%/43%/57%)  1/2
  R0 de la pista (mediana por semilla de sum desc / (sum muertes + n)): 0.181 · por semilla [0.1615, 0.2]
  semilla 4003: fraccion B+D del mundo por cuarto de T [0.744, 0.799, 0.721, 0.83] · L 360 nobj 36
  semilla 4004: fraccion B+D del mundo por cuarto de T [0.801, 0.774, 0.812, 0.797] · L 360 nobj 36
  DIAGNOSTICO (mediana sobre 18 linajes-semilla; ventana 50 pasos tras perder el objetivo bueno):
    robos por linaje 90.0 · perdidas por olvido 2.0 · B/D tras robo 0.734 vs tras olvido 0.5 vs base 0.76 · A/C tras robo 0.59 vs base 0.82
    distancia media al bueno mas cercano 52.281 · frac pasos sin bueno en el mundo 0.037 · frac pasos sin NINGUN objeto a <= 20 0.03 (max 0.0556)
  HAMBRE -> BOCA (suma de todos los linajes-semilla; H = manda el hambre, S = manda la sed; deficit = el de la necesidad activa):
    AH: decisiones    572 mordidas    535 tasa 0.935 · deficit medio al decidir 0.188 al morder 0.200
    AS: decisiones    201 mordidas    198 tasa 0.985 · deficit medio al decidir 0.465 al morder 0.471
    BH: decisiones   3377 mordidas    163 tasa 0.048 · deficit medio al decidir 0.156 al morder 0.489
    BS: decisiones    790 mordidas    419 tasa 0.530 · deficit medio al decidir 0.431 al morder 0.595
    CH: decisiones    620 mordidas    541 tasa 0.873 · deficit medio al decidir 0.147 al morder 0.167
    CS: decisiones    183 mordidas    156 tasa 0.852 · deficit medio al decidir 0.462 al morder 0.486
    DH: decisiones   2115 mordidas    489 tasa 0.231 · deficit medio al decidir 0.127 al morder 0.438
    DS: decisiones    732 mordidas    145 tasa 0.198 · deficit medio al decidir 0.431 al morder 0.631
    deficit en mordidas B/D (bins de 0.1) [174, 51, 40, 45, 336, 101, 43, 47, 271, 108] (media ~0.530) · en mordidas A/C [755, 94, 45, 38, 192, 59, 27, 28, 138, 54] (media ~0.281)
    mordidas B/D con un robo en los 50 pasos previos 0.579 vs pasos cubiertos asi 0.552 · deficit en B/D con robo previo 0.536 vs sin 0.506
    formato H-BOCA (mordidas / exposiciones): veneno con SED 419/729 · veneno con HAMBRE 163/2583 · sal con HAMBRE 489/1724 · sal con SED 145/637
  contabilidad fisica coherente: 18/18
  mundo: objetos medios por tipo (A comida, B veneno, C agua, D sal; nobj=36) por semilla [{'A': 4.0632, 'B': 15.4578, 'C': 4.0902, 'D': 12.3888}, {'A': 3.593, 'B': 17.1556, 'C': 3.76, 'D': 11.4914}] · olvidos [125, 142]
  mordidas totales por tipo por semilla [{'A': 391, 'B': 314, 'C': 365, 'D': 352}, {'A': 342, 'B': 268, 'C': 332, 'D': 282}]
  referencia UN cuerpo a la vez: REL 0.395 (acum 1: 0.483) -- bloque 2, replica 1601-1620, un cuerpo a la vez (REGLAMENTO sec. 1)
  PIZARRA completa C:\Users\User\Documents\PROYECTOS\JUACO\carrera\experimentos\carrera_escuderias\datos\carrera_rondapoolcheck_s4003-4004_20260922_141300_pizarra.jsonl.gz

  PREDICCION FIRMADA (ENMIENDA 1, pista escalada): con 9 FABRICA la mediana del R0 por linaje cae en 0.35-0.55. Medido: mediana de los 18 linajes-semilla 0.155 (min 0.0476, max 1.25) -> DEBAJO del rango
  RESUMEN C:\Users\User\Documents\PROYECTOS\JUACO\carrera\experimentos\carrera_escuderias\datos\carrera_rondapoolcheck_s4003-4004_20260922_141300_resumen.json

Terminado en 7.7s
