JUEZ · rondar2o1mono_s9101-9120 · 2026-09-22 17:22:31 · python 3.14.2 · pool 6
  pista.py c96d723fe2c6eaba · juez.py b776b52e515a2fac · carros {'O1': '99436afa2715f028'}
  carros (orden = indice de linaje): ['O1', 'O1', 'O1', 'O1', 'O1', 'O1', 'O1', 'O1', 'O1'] · semillas 9101-9120 · T=100000 · pizarra 1 · rep_acum 0 · escala 1 · mundo_N N (el de los carros) · fundador_limpio 1
  CHEQUEO ESTATICO O1: PASA
  IDENTIDAD CORTA: sha f9c 9dd1fb91ecec35ae (OK) · FABRICA solo == organismo_f9c REL (s=1, T=5000): OK
  [  245.4s] semilla 9105 (244.2s) R0 pista 0.7791
  [  245.9s] semilla 9102 (244.7s) R0 pista 1.0263
  [  246.1s] semilla 9106 (244.9s) R0 pista 1.2373
  [  248.1s] semilla 9101 (246.9s) R0 pista 0.6069
  [  249.5s] semilla 9104 (248.3s) R0 pista 1.2076
  [  252.2s] semilla 9103 (251.0s) R0 pista 1.4449
  [  488.8s] semilla 9107 (243.3s) R0 pista 0.6738
  [  491.0s] semilla 9109 (244.8s) R0 pista 0.8902
  [  491.4s] semilla 9108 (245.5s) R0 pista 0.9444
  [  493.1s] semilla 9112 (240.8s) R0 pista 0.8224
  [  493.5s] semilla 9111 (244.1s) R0 pista 0.5627
  [  496.4s] semilla 9110 (248.4s) R0 pista 1.5622
  [  725.3s] semilla 9114 (234.3s) R0 pista 1.1294
  [  726.2s] semilla 9113 (237.4s) R0 pista 0.9125
  [  726.9s] semilla 9115 (235.4s) R0 pista 1.6057
  [  728.9s] semilla 9116 (235.8s) R0 pista 0.7435
  [  731.5s] semilla 9118 (235.1s) R0 pista 0.6918
  [  731.9s] semilla 9117 (238.4s) R0 pista 1.0871
  [  932.7s] semilla 9120 (206.5s) R0 pista 0.7634
  [  933.1s] semilla 9119 (207.8s) R0 pista 0.7595
  CRUDO C:\Users\User\Documents\PROYECTOS\JUACO\carrera\experimentos\carrera_escuderias\datos\carrera_rondar2o1mono_s9101-9120_20260922_172231.json (sha bad7f8bf3eaf4ebb)

RESUMEN · rondar2o1mono_s9101-9120 · semillas [9101, 9102, 9103, 9104, 9105, 9106, 9107, 9108, 9109, 9110, 9111, 9112, 9113, 9114, 9115, 9116, 9117, 9118, 9119, 9120] · T=100000 · pizarra 1 · rep_acum 0
  linaje        R0 med         R0 por semilla    vida  muert  desc  fund    p1    c1   expA    sac  causas (hambre/sed/veneno/sal)  >=0.9
  O1#0            2.25 [3.2105, 0.188, 1.4615, 4.0833, 2.5, 1.6452, 2.9444, 1.84, 5.0, 1.6, 5.5385, 2.5714, 2.8235, 1.3438, 2.0, 0.0, 0.2027, 3.125, 3.875, 0.2622]  3279.5   20.0  48.0   0.0 0.924   1.0  430.5  0.447  120/128/481/520 (10%/10%/39%/42%)  16/20
  O1#1           1.999 [1.2703, 0.2013, 2.8235, 2.04, 3.7143, 0.3011, 2.8889, 1.8, 4.7692, 1.6957, 3.25, 6.5714, 3.4375, 0.1656, 0.8261, 5.3077, 1.9583, 2.75, 0.1887, 0.0047]  2947.0   20.5  47.0   0.0 0.881   1.0  439.5  0.446  132/98/547/509 (10%/8%/43%/40%)  14/20
  O1#2           2.386 [0.4128, 2.1905, 1.3636, 2.3636, 4.1429, 2.35, 2.0952, 1.8261, 4.0769, 2.5294, 4.7692, 2.4091, 5.5, 2.0455, 1.5769, 6.0, 2.0, 2.7368, 3.7857, 6.1818] 3569.75   19.5  49.5   0.0 0.951   1.0  451.0  0.444  118/111/100/113 (27%/25%/23%/26%)  19/20
  O1#3            2.69 [3.3529, 2.4286, 1.6538, 0.1453, 4.1429, 1.9615, 3.2353, 2.1579, 3.9286, 2.1579, 3.2222, 2.85, 3.4375, 2.5294, 1.76, 0.573, 1.2258, 3.5, 2.8889, 5.4167]  3060.5   17.5  51.0   0.0 0.938   1.0  446.5   0.45  127/111/182/165 (22%/19%/31%/28%)  18/20
  O1#4           3.141 [3.8125, 4.2857, 2.2222, 1.2857, 3.6667, 2.381, 3.4286, 3.0, 3.2353, 1.5926, 0.1692, 3.5333, 3.1875, 2.5789, 1.6538, 5.5, 2.1304, 3.6667, 4.0, 3.0952]  3899.0   15.5  50.5   0.0 0.935   1.0  459.5  0.459  112/100/162/161 (21%/19%/30%/30%)  19/20
  O1#5           1.994 [3.9333, 2.087, 2.2222, 2.4091, 5.0769, 1.7083, 3.25, 2.4762, 1.9, 1.1379, 1.2857, 0.0213, 0.0371, 2.1429, 1.7778, 3.2778, 1.6522, 0.0, 0.0436, 3.8] 2688.25   22.0  48.0   0.0 0.937   1.0  442.0   0.44  120/112/848/804 (6%/6%/45%/43%)  16/20
  O1#6           2.792 [5.25, 3.4706, 2.2, 2.4286, 3.7333, 0.6731, 2.4737, 0.1948, 0.0209, 1.3667, 5.0769, 3.1111, 3.7333, 1.8261, 1.9048, 5.4167, 1.9583, 5.1818, 3.6875, 9.8571]  3703.5   17.5  53.5   0.0 0.929   1.0  444.5  0.479  112/99/297/355 (13%/11%/34%/41%)  17/20
  O1#7            2.51 [2.3889, 2.7, 1.7273, 2.2105, 3.7333, 2.0, 0.0021, 1.96, 4.3077, 1.3, 4.9231, 2.3158, 2.9412, 2.6316, 1.8519, 5.8333, 2.25, 3.3529, 2.8571, 4.7857] 3404.25   18.0  50.0   0.0 0.944   1.0  466.5  0.437  108/123/292/282 (13%/15%/36%/35%)  19/20
  O1#8           2.103 [0.0021, 3.5, 0.4189, 3.2143, 0.0044, 1.6667, 3.2778, 0.3789, 3.4118, 1.3214, 0.0, 2.75, 2.3913, 1.6667, 1.8148, 2.7917, 1.5217, 3.5, 2.9091, 5.9167] 3082.25   22.5  49.5   0.0 0.928   1.0  445.0  0.438  134/105/814/836 (7%/6%/43%/44%)  15/20
  R0 de la pista (mediana por semilla de sum desc / (sum muertes + n)): 0.901 · por semilla [0.6069, 1.0263, 1.4449, 1.2076, 0.7791, 1.2373, 0.6738, 0.9444, 0.8902, 1.5622, 0.5627, 0.8224, 0.9125, 1.1294, 1.6057, 0.7435, 1.0871, 0.6918, 0.7595, 0.7634]
  semilla 9101: fraccion B+D del mundo por cuarto de T [0.922, 0.947, 0.938, 0.939] · L 360 nobj 36
  semilla 9102: fraccion B+D del mundo por cuarto de T [0.913, 0.949, 0.947, 0.953] · L 360 nobj 36
  semilla 9103: fraccion B+D del mundo por cuarto de T [0.939, 0.949, 0.945, 0.952] · L 360 nobj 36
  semilla 9104: fraccion B+D del mundo por cuarto de T [0.935, 0.943, 0.949, 0.945] · L 360 nobj 36
  semilla 9105: fraccion B+D del mundo por cuarto de T [0.933, 0.94, 0.943, 0.947] · L 360 nobj 36
  semilla 9106: fraccion B+D del mundo por cuarto de T [0.921, 0.949, 0.951, 0.952] · L 360 nobj 36
  semilla 9107: fraccion B+D del mundo por cuarto de T [0.936, 0.944, 0.945, 0.943] · L 360 nobj 36
  semilla 9108: fraccion B+D del mundo por cuarto de T [0.93, 0.948, 0.951, 0.947] · L 360 nobj 36
  semilla 9109: fraccion B+D del mundo por cuarto de T [0.935, 0.946, 0.941, 0.937] · L 360 nobj 36
  semilla 9110: fraccion B+D del mundo por cuarto de T [0.934, 0.952, 0.953, 0.951] · L 360 nobj 36
  semilla 9111: fraccion B+D del mundo por cuarto de T [0.92, 0.935, 0.941, 0.944] · L 360 nobj 36
  semilla 9112: fraccion B+D del mundo por cuarto de T [0.942, 0.937, 0.947, 0.947] · L 360 nobj 36
  semilla 9113: fraccion B+D del mundo por cuarto de T [0.934, 0.937, 0.946, 0.949] · L 360 nobj 36
  semilla 9114: fraccion B+D del mundo por cuarto de T [0.933, 0.94, 0.951, 0.949] · L 360 nobj 36
  semilla 9115: fraccion B+D del mundo por cuarto de T [0.948, 0.944, 0.953, 0.949] · L 360 nobj 36
  semilla 9116: fraccion B+D del mundo por cuarto de T [0.924, 0.935, 0.936, 0.935] · L 360 nobj 36
  semilla 9117: fraccion B+D del mundo por cuarto de T [0.933, 0.948, 0.949, 0.953] · L 360 nobj 36
  semilla 9118: fraccion B+D del mundo por cuarto de T [0.931, 0.937, 0.941, 0.947] · L 360 nobj 36
  semilla 9119: fraccion B+D del mundo por cuarto de T [0.925, 0.937, 0.942, 0.952] · L 360 nobj 36
  semilla 9120: fraccion B+D del mundo por cuarto de T [0.907, 0.943, 0.943, 0.936] · L 360 nobj 36
  DIAGNOSTICO (mediana sobre 180 linajes-semilla; ventana 50 pasos tras perder el objetivo bueno):
    robos por linaje 1785.0 · perdidas por olvido 48.0 · B/D tras robo 0.229 vs tras olvido 0.229 vs base 0.18 · A/C tras robo 0.297 vs base 0.34
    distancia media al bueno mas cercano 73.873 · frac pasos sin bueno en el mundo 0.312 · frac pasos sin NINGUN objeto a <= 20 0.025 (max 0.0347)
  MECANISMO (ENMIENDA 4; desde la fisica: 'limpieza' = mordida de B/D A SABIENDAS -letra ya mordida por el linaje- con el golpe en la necesidad MAS llena):
    limpiezas por linaje-semilla (mediana) 358.5 · por cuerpo 17.758 · total 65909 · objetos buenos que reaparecen por ellas 32896 (0.499 por limpieza)
    todas las mordidas malas 66641 -> buenos que reaparecen 33250 · fraccion de pasos SIN ningun objeto bueno en el mundo por semilla [0.0415, 0.0399, 0.0489, 0.0418, 0.0371, 0.0426, 0.0406, 0.0431, 0.0372, 0.0577, 0.0372, 0.0446, 0.0372, 0.042, 0.0429, 0.0297, 0.0465, 0.0326, 0.0437, 0.0304] (mediana 0.042)
  HAMBRE -> BOCA (suma de todos los linajes-semilla; H = manda el hambre, S = manda la sed; deficit = el de la necesidad activa):
    AH: decisiones  62802 mordidas  41569 tasa 0.662 · deficit medio al decidir 0.187 al morder 0.234
    AS: decisiones  21047 mordidas  15706 tasa 0.746 · deficit medio al decidir 0.465 al morder 0.432
    BH: decisiones 608821 mordidas  10614 tasa 0.017 · deficit medio al decidir 0.202 al morder 0.124
    BS: decisiones 221932 mordidas  22649 tasa 0.102 · deficit medio al decidir 0.472 al morder 0.364
    CH: decisiones  59566 mordidas  34826 tasa 0.585 · deficit medio al decidir 0.183 al morder 0.221
    CS: decisiones  24959 mordidas  22632 tasa 0.907 · deficit medio al decidir 0.443 al morder 0.396
    DH: decisiones 611245 mordidas  33172 tasa 0.054 · deficit medio al decidir 0.188 al morder 0.288
    DS: decisiones 242249 mordidas    206 tasa 0.001 · deficit medio al decidir 0.490 al morder 0.365
    deficit en mordidas B/D (bins de 0.1) [23716, 6383, 4989, 5378, 12739, 4470, 3349, 2418, 1889, 1310] (media ~0.305) · en mordidas A/C [46783, 9622, 8213, 8994, 11468, 8636, 7533, 5714, 4641, 3129] (media ~0.305)
    mordidas B/D con un robo en los 50 pasos previos 0.72 vs pasos cubiertos asi 0.62 · deficit en B/D con robo previo 0.291 vs sin 0.235
    formato H-BOCA (mordidas / exposiciones): veneno con SED 22649/216158 · veneno con HAMBRE 10614/569231 · sal con HAMBRE 33172/569266 · sal con SED 206/236070
  contabilidad fisica coherente: 180/180 · t_fund reconstruible desde telem == fisica: 180/180
  mundo: objetos medios por tipo (A comida, B veneno, C agua, D sal; nobj=36) por semilla [{'A': 1.1483, 'B': 16.4137, 'C': 1.136, 'D': 17.302}, {'A': 1.079, 'B': 15.6935, 'C': 1.0681, 'D': 18.1594}, {'A': 0.9384, 'B': 17.1971, 'C': 0.9957, 'D': 16.8688}, {'A': 1.045, 'B': 16.0148, 'C': 1.0027, 'D': 17.9375}, {'A': 1.0032, 'B': 16.1053, 'C': 1.133, 'D': 17.7585}, {'A': 1.0158, 'B': 17.8268, 'C': 1.0221, 'D': 16.1354}, {'A': 1.0332, 'B': 17.1501, 'C': 1.0542, 'D': 16.7625}, {'A': 1.0322, 'B': 16.3832, 'C': 0.9794, 'D': 17.6052}, {'A': 1.0255, 'B': 16.2629, 'C': 1.1447, 'D': 17.5669}, {'A': 0.9112, 'B': 16.7068, 'C': 0.9803, 'D': 17.4017}, {'A': 1.1633, 'B': 16.8176, 'C': 1.1814, 'D': 16.8377}, {'A': 1.0058, 'B': 17.0562, 'C': 1.0377, 'D': 16.9002}, {'A': 1.0364, 'B': 16.7083, 'C': 1.073, 'D': 17.1824}, {'A': 1.005, 'B': 16.357, 'C': 1.0335, 'D': 17.6045}, {'A': 0.8867, 'B': 18.2474, 'C': 0.9802, 'D': 15.8857}, {'A': 1.2802, 'B': 15.8869, 'C': 1.1442, 'D': 17.6887}, {'A': 0.9797, 'B': 16.413, 'C': 0.9736, 'D': 17.6337}, {'A': 1.1365, 'B': 17.2996, 'C': 1.0534, 'D': 16.5105}, {'A': 1.1303, 'B': 16.8252, 'C': 1.077, 'D': 16.9675}, {'A': 1.2279, 'B': 16.3956, 'C': 1.2068, 'D': 17.1696}] · olvidos [2685, 2695, 2747, 2729, 2667, 2669, 2627, 2699, 2721, 2746, 2656, 2634, 2590, 2607, 2658, 2738, 2703, 2679, 2730, 2697]
  mordidas totales por tipo por semilla [{'A': 2702, 'B': 1591, 'C': 2771, 'D': 1645}, {'A': 2913, 'B': 1637, 'C': 2835, 'D': 1584}, {'A': 2937, 'B': 1719, 'C': 2970, 'D': 1746}, {'A': 2946, 'B': 1658, 'C': 2934, 'D': 1694}, {'A': 2780, 'B': 1567, 'C': 2864, 'D': 1680}, {'A': 2933, 'B': 1665, 'C': 2947, 'D': 1703}, {'A': 2804, 'B': 1728, 'C': 2797, 'D': 1706}, {'A': 2954, 'B': 1770, 'C': 2916, 'D': 1774}, {'A': 2843, 'B': 1537, 'C': 2918, 'D': 1659}, {'A': 3041, 'B': 1878, 'C': 3082, 'D': 1902}, {'A': 2664, 'B': 1605, 'C': 2678, 'D': 1593}, {'A': 2852, 'B': 1716, 'C': 2885, 'D': 1696}, {'A': 2873, 'B': 1656, 'C': 2914, 'D': 1679}, {'A': 2925, 'B': 1711, 'C': 2931, 'D': 1714}, {'A': 2904, 'B': 1670, 'C': 3079, 'D': 1792}, {'A': 2848, 'B': 1571, 'C': 2692, 'D': 1409}, {'A': 2962, 'B': 1798, 'C': 2915, 'D': 1742}, {'A': 2763, 'B': 1603, 'C': 2684, 'D': 1494}, {'A': 2821, 'B': 1623, 'C': 2789, 'D': 1632}, {'A': 2810, 'B': 1560, 'C': 2857, 'D': 1534}]
  referencia UN cuerpo a la vez: REL 0.395 (acum 1: 0.483) -- bloque 2, replica 1601-1620, un cuerpo a la vez (REGLAMENTO sec. 1)

ERR-99 / ENMIENDA 2 (evaluable = >= 5 muertes; cruza = R0 >= 0.9 y 0 fundadores tras t = 10000) · modo r2
  escuderia  lin-sem cruzan evaluab casi inm R0 eval med sem. que cruza nac reales fund>10k med sin parir R0 REAL eval med cruzan real  gana
  O1             180    153     180        0       2.419          20/20       17.0          0.0     0.333            0.941         144  -- (varios linajes por semilla)
  PREDICCIONES FIRMADAS (ENMIENDAS 2 y 3) y lo medido:
    (ronda 2: el criterio y las predicciones que deciden estan en el bloque RONDA 2 / ENMIENDA 5 de abajo)

RONDA 2 / ENMIENDA 5 (fundador limpio SI; cruza = R0 de NACIMIENTOS REALES >= 0.9 y 0 fundadores tras t = 10000, con >= 5 muertes) · r2o1mono
  equipo     lin-sem cruzan evaluab casi inm R0 REAL eval med R0 prereg med sem cruza (mayoria)  (todos)  gana
  O1             180    144     180        0            0.941         2.419               20/20     1/20  SI
  PREDICCIONES FIRMADAS (ENMIENDA 5) -- se leen sobre el conjunto de series; lo de esta serie:
    - al menos un equipo gana la ronda 2 en monocultivo (p 0.50)
    - en pista mixta con 6 FABRICA gana alguno (p 0.25)
    - O1 con fundador limpio cruza en monocultivo con R0 real (p 0.60)
    medido en esta serie: O1 con fundador limpio en monocultivo: cruza en 20/20 semillas -> SE CUMPLE (cruza)
  PIZARRA completa C:\Users\User\Documents\PROYECTOS\JUACO\carrera\experimentos\carrera_escuderias\datos\carrera_rondar2o1mono_s9101-9120_20260922_172231_pizarra.jsonl.gz
  RESUMEN C:\Users\User\Documents\PROYECTOS\JUACO\carrera\experimentos\carrera_escuderias\datos\carrera_rondar2o1mono_s9101-9120_20260922_172231_resumen.json

Terminado en 933.2s
