JUEZ · rondar2mono_O4_s4001-4001 · 2026-09-22 17:39:38 · python 3.14.2 · pool NO (un proceso)
  pista.py 9f47c65e438e0ff4 · juez.py 6a68f640a7832f12 · carros {'O4': '75fd196ccbc1347e'}
  carros (orden = indice de linaje): ['O4', 'O4', 'O4', 'O4', 'O4', 'O4', 'O4', 'O4', 'O4'] · semillas 4001-4001 · T=20000 · pizarra 1 · rep_acum 0 · escala 1 · mundo_N N (el de los carros) · fundador_limpio 1
  CHEQUEO ESTATICO O4: PASA
  IDENTIDAD CORTA: sha f9c 9dd1fb91ecec35ae (OK) · FABRICA solo == organismo_f9c REL (s=1, T=5000): OK
  [   34.6s] semilla 4001 (33.9s) R0 pista 0.5403 · R0 por linaje [2.7143, 2.5, 2.0, 2.6667, 0.0385, 3.0, 2.2857, 0.0114, 2.0]
  CRUDO C:\Users\User\Documents\PROYECTOS\JUACO\carrera\experimentos\carrera_escuderias\datos\carrera_rondar2mono_O4_s4001-4001_20260922_173938.json (sha f52ae19c0702787b)

RESUMEN · rondar2mono_O4_s4001-4001 · semillas [4001] · T=20000 · pizarra 1 · rep_acum 0
  linaje        R0 med         R0 por semilla    vida  muert  desc  fund    p1    c1   expA    sac  causas (hambre/sed/veneno/sal)  >=0.9
  O4#0           2.714               [2.7143]  3015.0    6.0  19.0   0.0 0.833   1.0  115.0  0.707  0/0/5/1 (0%/0%/83%/17%)  1/1
  O4#1             2.5                  [2.5]  3014.5    5.0  15.0   0.0   0.8   1.0  118.0  0.585  1/1/2/1 (20%/20%/40%/20%)  1/1
  O4#2             2.0                  [2.0]  3058.0    6.0  14.0   0.0   1.0   1.0  128.0  0.571  0/0/4/2 (0%/0%/67%/33%)  1/1
  O4#3           2.667               [2.6667]  3012.0    5.0  16.0   0.0   0.8   1.0   93.0  0.605  1/0/2/2 (20%/0%/40%/40%)  1/1
  O4#4           0.038               [0.0385]   200.0   77.0   3.0  76.0   0.5 0.129   84.0   0.11  0/1/36/40 (0%/1%/47%/52%)  0/1
  O4#5             3.0                  [3.0]  3020.5    5.0  18.0   0.0   0.8   1.0  137.0  0.672  0/0/1/4 (0%/0%/20%/80%)  1/1
  O4#6           2.286               [2.2857]  2889.0    6.0  16.0   0.0 0.833   1.0  116.0  0.629  0/1/3/2 (0%/17%/50%/33%)  1/1
  O4#7           0.011               [0.0114]   200.0   87.0   1.0  86.0 0.471 0.128   92.0  0.027  2/0/39/46 (2%/0%/45%/53%)  0/1
  O4#8             2.0                  [2.0]  3056.0    5.0  12.0   0.0   0.8   1.0  144.0  0.575  0/1/2/2 (0%/20%/40%/40%)  1/1
  R0 de la pista (mediana por semilla de sum desc / (sum muertes + n)): 0.54 · por semilla [0.5403]
  semilla 4001: fraccion B+D del mundo por cuarto de T [0.916, 0.908, 0.905, 0.923] · L 360 nobj 36
  DIAGNOSTICO (mediana sobre 9 linajes-semilla; ventana 50 pasos tras perder el objetivo bueno):
    robos por linaje 274.0 · perdidas por olvido 17.0 · B/D tras robo 0.217 vs tras olvido 0.2 vs base 0.165 · A/C tras robo 0.285 vs base 0.365
    distancia media al bueno mas cercano 67.607 · frac pasos sin bueno en el mundo 0.22 · frac pasos sin NINGUN objeto a <= 20 0.031 (max 0.0379)
  MECANISMO (ENMIENDA 4; desde la fisica: 'limpieza' = mordida de B/D A SABIENDAS -letra ya mordida por el linaje- con el golpe en la necesidad MAS llena):
    limpiezas por linaje-semilla (mediana) 55.0 · por cuerpo 7.5 · total 563 · objetos buenos que reaparecen por ellas 273 (0.485 por limpieza)
    todas las mordidas malas 655 -> buenos que reaparecen 321 · fraccion de pasos SIN ningun objeto bueno en el mundo por semilla [0.0255] (mediana 0.025)
  HAMBRE -> BOCA (suma de todos los linajes-semilla; H = manda el hambre, S = manda la sed; deficit = el de la necesidad activa):
    AH: decisiones    862 mordidas    452 tasa 0.524 · deficit medio al decidir 0.177 al morder 0.196
    AS: decisiones    218 mordidas     92 tasa 0.422 · deficit medio al decidir 0.531 al morder 0.396
    BH: decisiones   6594 mordidas    183 tasa 0.028 · deficit medio al decidir 0.203 al morder 0.269
    BS: decisiones   2002 mordidas    127 tasa 0.063 · deficit medio al decidir 0.574 al morder 0.391
    CH: decisiones    793 mordidas    376 tasa 0.474 · deficit medio al decidir 0.181 al morder 0.148
    CS: decisiones    284 mordidas    206 tasa 0.725 · deficit medio al decidir 0.502 al morder 0.355
    DH: decisiones   6209 mordidas    316 tasa 0.051 · deficit medio al decidir 0.187 al morder 0.298
    DS: decisiones   1741 mordidas     29 tasa 0.017 · deficit medio al decidir 0.582 al morder 0.533
    deficit en mordidas B/D (bins de 0.1) [219, 25, 27, 25, 230, 43, 24, 25, 16, 21] (media ~0.344) · en mordidas A/C [574, 67, 67, 88, 138, 68, 53, 39, 15, 17] (media ~0.247)
    mordidas B/D con un robo en los 50 pasos previos 0.586 vs pasos cubiertos asi 0.512 · deficit en B/D con robo previo 0.293 vs sin 0.262
    formato H-BOCA (mordidas / exposiciones): veneno con SED 127/1861 · veneno con HAMBRE 183/6027 · sal con HAMBRE 316/5604 · sal con SED 29/1668
  contabilidad fisica coherente: 9/9 · t_fund reconstruible desde telem == fisica: 9/9
  mundo: objetos medios por tipo (A comida, B veneno, C agua, D sal; nobj=36) por semilla [{'A': 1.51, 'B': 17.1219, 'C': 1.6181, 'D': 15.7499}] · olvidos [562]
  mordidas totales por tipo por semilla [{'A': 544, 'B': 310, 'C': 582, 'D': 345}]
  referencia UN cuerpo a la vez: REL 0.395 (acum 1: 0.483) -- bloque 2, replica 1601-1620, un cuerpo a la vez (REGLAMENTO sec. 1)

ERR-99 / ENMIENDA 2 (evaluable = >= 5 muertes; cruza = R0 >= 0.9 y 0 fundadores tras t = 10000) · modo r2
  escuderia  lin-sem cruzan evaluab casi inm R0 eval med sem. que cruza nac reales fund>10k med sin parir R0 REAL eval med cruzan real  gana
  O4               9      7       9        0       2.286            1/1        5.0          0.0       0.0            0.833           0  -- (varios linajes por semilla)
  PREDICCIONES FIRMADAS (ENMIENDAS 2 y 3) y lo medido:
    (ronda 2: el criterio y las predicciones que deciden estan en el bloque RONDA 2 / ENMIENDA 5 de abajo)

RONDA 2 / ENMIENDA 5 (fundador limpio SI; cruza = R0 de NACIMIENTOS REALES >= 0.9 y 0 fundadores tras t = 10000, con >= 5 muertes) · r2mono_O4
  equipo     lin-sem cruzan evaluab casi inm R0 REAL eval med R0 prereg med sem cruza (mayoria)  (todos)  gana
  O4               9      0       9        0            0.833         2.286                 0/1      0/1  no
  PREDICCIONES FIRMADAS (ENMIENDA 5) -- se leen sobre el conjunto de series; lo de esta serie:
    - al menos un equipo gana la ronda 2 en monocultivo (p 0.50)
    - en pista mixta con 6 FABRICA gana alguno (p 0.25)
    - O1 con fundador limpio cruza en monocultivo con R0 real (p 0.60)
    medido en esta serie: monocultivo de ['O4']: gana no

PERSISTENCIA / ENMIENDA 6 (co-principal; persiste = 0 fundadores tras t = 10000 y >= 5 nacimientos reales; estabiliza en una semilla si persiste > 1/2 de sus linajes; estabiliza la ronda con >= 15/20)
  equipo     lin-sem persisten nac reales med sem estabiliza  estabiliza   muertes voluntarias FISICAS (fraccion)   declaradas por el carro (no cuentan)
  O4               9         7            5.0            1/1  SI          29/202 (0.1436)   {'senescentes': 30}  -> con muerte programada
  PREDICCIONES FIRMADAS (ENMIENDA 6, persistencia) y lo medido en esta serie:
    - O4 estabiliza en mono (p 0.35)  ->  medido: ESTABILIZA (1/1 semillas)
  PIZARRA completa C:\Users\User\Documents\PROYECTOS\JUACO\carrera\experimentos\carrera_escuderias\datos\carrera_rondar2mono_O4_s4001-4001_20260922_173938_pizarra.jsonl.gz
  RESUMEN C:\Users\User\Documents\PROYECTOS\JUACO\carrera\experimentos\carrera_escuderias\datos\carrera_rondar2mono_O4_s4001-4001_20260922_173938_resumen.json

Terminado en 34.7s
