JUEZ · rondar2mix3_s9101-9120 · 2026-09-22 19:01:33 · python 3.14.2 · pool 6
  pista.py 9f47c65e438e0ff4 · juez.py 6a68f640a7832f12 · carros {'O2': '34d0bbac36a02521', 'O3': '0442c2884fcb0e11', 'O4': '75fd196ccbc1347e'}
  carros (orden = indice de linaje): ['O2', 'O2', 'O2', 'O3', 'O3', 'O3', 'O4', 'O4', 'O4'] · semillas 9101-9120 · T=100000 · pizarra 1 · rep_acum 0 · escala 1 · mundo_N N (el de los carros) · fundador_limpio 1
  CHEQUEO ESTATICO O2: PASA
  CHEQUEO ESTATICO O3: PASA
  CHEQUEO ESTATICO O4: PASA
  IDENTIDAD CORTA: sha f9c 9dd1fb91ecec35ae (OK) · FABRICA solo == organismo_f9c REL (s=1, T=5000): OK
  [  375.9s] semilla 9103 (374.2s) R0 pista 2.4255
  [  376.5s] semilla 9105 (374.8s) R0 pista 2.3218
  [  377.6s] semilla 9101 (375.8s) R0 pista 1.9613
  [  377.9s] semilla 9102 (376.2s) R0 pista 2.4727
  [  378.0s] semilla 9104 (376.2s) R0 pista 2.587
  [  379.7s] semilla 9106 (378.0s) R0 pista 2.3206
  [  763.4s] semilla 9108 (386.9s) R0 pista 2.375
  [  764.5s] semilla 9109 (386.9s) R0 pista 2.6087
  [  765.2s] semilla 9107 (389.3s) R0 pista 2.3333
  [  765.5s] semilla 9112 (385.7s) R0 pista 2.4
  [  768.7s] semilla 9111 (390.7s) R0 pista 2.2483
  [  769.1s] semilla 9110 (391.1s) R0 pista 2.3034
  [ 1170.8s] semilla 9114 (406.3s) R0 pista 2.4706
  [ 1171.7s] semilla 9113 (408.3s) R0 pista 2.2721
  [ 1172.9s] semilla 9115 (407.7s) R0 pista 2.1359
  [ 1173.7s] semilla 9116 (408.2s) R0 pista 2.1226
  [ 1176.2s] semilla 9117 (407.5s) R0 pista 2.471
  [ 1177.5s] semilla 9118 (408.4s) R0 pista 2.4907
  [ 1534.3s] semilla 9120 (362.5s) R0 pista 2.5746
  [ 1536.2s] semilla 9119 (365.4s) R0 pista 2.2687
  CRUDO C:\Users\User\Documents\PROYECTOS\JUACO\carrera\experimentos\carrera_escuderias\datos\carrera_rondar2mix3_s9101-9120_20260922_190133.json (sha b06663d93b98da41)

RESUMEN · rondar2mix3_s9101-9120 · semillas [9101, 9102, 9103, 9104, 9105, 9106, 9107, 9108, 9109, 9110, 9111, 9112, 9113, 9114, 9115, 9116, 9117, 9118, 9119, 9120] · T=100000 · pizarra 1 · rep_acum 0
  linaje        R0 med         R0 por semilla    vida  muert  desc  fund    p1    c1   expA    sac  causas (hambre/sed/veneno/sal)  >=0.9
  O2#0           2.174 [2.5909, 2.2174, 2.0714, 2.913, 1.75, 1.7308, 2.1304, 2.2727, 2.5, 1.5625, 1.7778, 1.5, 2.32, 2.4286, 1.3548, 1.7931, 2.7895, 1.7, 2.3478, 2.8421] 2812.25   23.0  51.0   1.0 0.952   1.0  847.5  0.477  37/61/201/186 (8%/13%/41%/38%)  20/20
  O2#1           2.333 [2.4167, 2.9474, 1.375, 2.6522, 3.3125, 1.8571, 1.8571, 2.25, 3.3889, 1.6129, 1.5862, 2.7143, 2.4783, 1.9643, 2.7143, 1.8519, 2.0, 2.7778, 1.4828, 2.7143] 2962.75   22.5  53.5   0.0 0.946   1.0  846.0  0.477  49/60/189/165 (11%/13%/41%/36%)  20/20
  O2#2           2.591 [2.2727, 2.125, 2.9474, 2.2857, 1.5333, 3.1579, 2.5909, 2.913, 3.4, 2.9524, 2.0, 3.0526, 1.9583, 2.4286, 2.5909, 2.5909, 2.5238, 3.375, 3.4444, 2.7368] 3534.25   20.0  53.5   1.0 0.944   1.0  867.0  0.497  47/40/141/176 (12%/10%/35%/44%)  20/20
  O3#3           1.789 [1.8158, 1.7838, 1.7632, 1.7576, 1.7632, 1.7941, 1.6765, 1.6512, 1.9268, 1.7429, 1.9412, 1.9032, 1.8529, 1.7105, 1.4667, 1.6279, 1.8065, 1.8421, 1.8529, 1.8611] 2359.25   35.5  66.0   0.0 0.988 0.974  819.5  0.633  21/17/335/342 (3%/2%/47%/48%)  20/20
  O3#4           1.757 [1.7879, 1.8571, 1.8235, 1.8158, 1.7105, 1.7714, 1.7073, 1.6512, 1.8889, 1.7714, 1.6585, 1.6757, 1.65, 1.9677, 1.7429, 1.5, 1.7429, 1.875, 1.8056, 1.6842]  2463.0   34.5  63.0   0.0   1.0 0.973  799.5  0.619  19/19/331/338 (3%/3%/47%/48%)  20/20
  O3#5           1.792 [1.9, 1.7895, 1.9355, 1.9474, 1.7778, 1.8333, 1.8857, 1.7222, 1.6429, 1.7941, 1.7027, 1.641, 1.7647, 1.8, 1.675, 1.5238, 1.7, 1.8056, 1.8889, 1.8286] 2430.25   35.0  64.0   0.0 0.975 0.974  804.5   0.63  11/20/352/317 (2%/3%/50%/45%)  20/20
  O4#6           3.194 [3.2059, 2.9706, 3.5758, 3.5455, 3.2286, 2.4878, 3.1818, 2.675, 3.3429, 3.3333, 3.303, 3.2353, 2.2766, 3.2727, 2.9429, 3.1515, 3.0303, 3.0, 3.0303, 3.2424]  3028.0   32.0 107.0   0.0 0.969   1.0  794.0  0.707  11/5/330/332 (2%/1%/49%/49%)  20/20
  O4#7           3.261 [1.8909, 3.4062, 3.1471, 3.2647, 3.2, 3.2647, 2.8571, 3.2812, 3.3636, 2.8857, 3.1212, 3.3636, 3.0909, 3.2727, 3.2727, 3.1176, 3.3636, 3.3636, 2.0784, 3.2571]  3029.5   32.5 108.0   0.0 0.969   1.0  794.5  0.709  9/11/326/344 (1%/2%/47%/50%)  20/20
  O4#8           3.206 [1.2308, 3.4242, 3.3939, 3.303, 3.0909, 3.1471, 3.2059, 3.5152, 3.2059, 3.2647, 3.1176, 3.0294, 3.1765, 3.4375, 2.1064, 2.2609, 3.2059, 3.3333, 3.1176, 3.4688] 3030.25   33.0 109.0   0.0 0.969   1.0  791.5  0.715  13/11/345/350 (2%/2%/48%/49%)  20/20
  R0 de la pista (mediana por semilla de sum desc / (sum muertes + n)): 2.354 · por semilla [1.9613, 2.4727, 2.4255, 2.587, 2.3218, 2.3206, 2.3333, 2.375, 2.6087, 2.3034, 2.2483, 2.4, 2.2721, 2.4706, 2.1359, 2.1226, 2.471, 2.4907, 2.2687, 2.5746]
  semilla 9101: fraccion B+D del mundo por cuarto de T [0.861, 0.894, 0.874, 0.887] · L 360 nobj 36
  semilla 9102: fraccion B+D del mundo por cuarto de T [0.88, 0.886, 0.873, 0.885] · L 360 nobj 36
  semilla 9103: fraccion B+D del mundo por cuarto de T [0.868, 0.881, 0.875, 0.891] · L 360 nobj 36
  semilla 9104: fraccion B+D del mundo por cuarto de T [0.877, 0.887, 0.879, 0.874] · L 360 nobj 36
  semilla 9105: fraccion B+D del mundo por cuarto de T [0.871, 0.876, 0.887, 0.892] · L 360 nobj 36
  semilla 9106: fraccion B+D del mundo por cuarto de T [0.878, 0.894, 0.894, 0.878] · L 360 nobj 36
  semilla 9107: fraccion B+D del mundo por cuarto de T [0.876, 0.895, 0.895, 0.876] · L 360 nobj 36
  semilla 9108: fraccion B+D del mundo por cuarto de T [0.873, 0.861, 0.878, 0.895] · L 360 nobj 36
  semilla 9109: fraccion B+D del mundo por cuarto de T [0.881, 0.871, 0.868, 0.881] · L 360 nobj 36
  semilla 9110: fraccion B+D del mundo por cuarto de T [0.874, 0.895, 0.901, 0.879] · L 360 nobj 36
  semilla 9111: fraccion B+D del mundo por cuarto de T [0.88, 0.893, 0.881, 0.879] · L 360 nobj 36
  semilla 9112: fraccion B+D del mundo por cuarto de T [0.864, 0.889, 0.894, 0.885] · L 360 nobj 36
  semilla 9113: fraccion B+D del mundo por cuarto de T [0.877, 0.885, 0.881, 0.888] · L 360 nobj 36
  semilla 9114: fraccion B+D del mundo por cuarto de T [0.885, 0.882, 0.883, 0.886] · L 360 nobj 36
  semilla 9115: fraccion B+D del mundo por cuarto de T [0.879, 0.876, 0.887, 0.89] · L 360 nobj 36
  semilla 9116: fraccion B+D del mundo por cuarto de T [0.873, 0.891, 0.889, 0.888] · L 360 nobj 36
  semilla 9117: fraccion B+D del mundo por cuarto de T [0.87, 0.886, 0.887, 0.893] · L 360 nobj 36
  semilla 9118: fraccion B+D del mundo por cuarto de T [0.873, 0.88, 0.885, 0.882] · L 360 nobj 36
  semilla 9119: fraccion B+D del mundo por cuarto de T [0.87, 0.879, 0.886, 0.878] · L 360 nobj 36
  semilla 9120: fraccion B+D del mundo por cuarto de T [0.866, 0.873, 0.885, 0.886] · L 360 nobj 36
  DIAGNOSTICO (mediana sobre 180 linajes-semilla; ventana 50 pasos tras perder el objetivo bueno):
    robos por linaje 1794.5 · perdidas por olvido 61.5 · B/D tras robo 0.386 vs tras olvido 0.339 vs base 0.33 · A/C tras robo 0.378 vs base 0.447
    distancia media al bueno mas cercano 60.33 · frac pasos sin bueno en el mundo 0.131 · frac pasos sin NINGUN objeto a <= 20 0.034 (max 0.0468)
  MECANISMO (ENMIENDA 4; desde la fisica: 'limpieza' = mordida de B/D A SABIENDAS -letra ya mordida por el linaje- con el golpe en la necesidad MAS llena):
    limpiezas por linaje-semilla (mediana) 657.0 · por cuerpo 18.06 · total 131522 · objetos buenos que reaparecen por ellas 65761 (0.5 por limpieza)
    todas las mordidas malas 136511 -> buenos que reaparecen 68305 · fraccion de pasos SIN ningun objeto bueno en el mundo por semilla [0.0134, 0.0108, 0.0113, 0.0109, 0.0106, 0.0102, 0.0097, 0.0134, 0.0091, 0.0165, 0.009, 0.0116, 0.01, 0.0092, 0.0132, 0.0134, 0.0099, 0.0115, 0.0083, 0.0102] (mediana 0.011)
  HAMBRE -> BOCA (suma de todos los linajes-semilla; H = manda el hambre, S = manda la sed; deficit = el de la necesidad activa):
    AH: decisiones 129574 mordidas  68047 tasa 0.525 · deficit medio al decidir 0.131 al morder 0.241
    AS: decisiones  27962 mordidas  21119 tasa 0.755 · deficit medio al decidir 0.487 al morder 0.512
    BH: decisiones 664524 mordidas  17851 tasa 0.027 · deficit medio al decidir 0.125 al morder 0.058
    BS: decisiones 147325 mordidas  50482 tasa 0.343 · deficit medio al decidir 0.488 al morder 0.454
    CH: decisiones 125498 mordidas  56169 tasa 0.448 · deficit medio al decidir 0.120 al morder 0.215
    CS: decisiones  34469 mordidas  32966 tasa 0.956 · deficit medio al decidir 0.461 al morder 0.455
    DH: decisiones 651727 mordidas  66248 tasa 0.102 · deficit medio al decidir 0.119 al morder 0.342
    DS: decisiones 157132 mordidas   1930 tasa 0.012 · deficit medio al decidir 0.493 al morder 0.517
    deficit en mordidas B/D (bins de 0.1) [46175, 7802, 7216, 13696, 15770, 12909, 10812, 10622, 7680, 3829] (media ~0.362) · en mordidas A/C [76569, 8774, 8629, 12851, 18831, 13953, 11611, 12050, 10656, 4377] (media ~0.324)
    mordidas B/D con un robo en los 50 pasos previos 0.661 vs pasos cubiertos asi 0.598 · deficit en B/D con robo previo 0.32 vs sin 0.314
    formato H-BOCA (mordidas / exposiciones): veneno con SED 50482/146699 · veneno con HAMBRE 17851/608327 · sal con HAMBRE 66248/593762 · sal con SED 1930/156829
  contabilidad fisica coherente: 180/180 · t_fund reconstruible desde telem == fisica: 180/180
  mundo: objetos medios por tipo (A comida, B veneno, C agua, D sal; nobj=36) por semilla [{'A': 2.1775, 'B': 16.3671, 'C': 2.1777, 'D': 15.2777}, {'A': 2.1917, 'B': 15.3874, 'C': 2.0937, 'D': 16.3271}, {'A': 2.0544, 'B': 16.3754, 'C': 2.3092, 'D': 15.261}, {'A': 2.2011, 'B': 15.1455, 'C': 2.1393, 'D': 16.5141}, {'A': 2.1668, 'B': 14.9399, 'C': 2.1012, 'D': 16.7921}, {'A': 2.058, 'B': 15.2134, 'C': 2.0474, 'D': 16.6813}, {'A': 2.1116, 'B': 16.0814, 'C': 2.0134, 'D': 15.7937}, {'A': 2.0438, 'B': 15.9876, 'C': 2.3947, 'D': 15.574}, {'A': 2.2081, 'B': 15.4588, 'C': 2.2799, 'D': 16.0532}, {'A': 2.0468, 'B': 15.1635, 'C': 2.0114, 'D': 16.7783}, {'A': 2.0807, 'B': 17.4355, 'C': 2.1131, 'D': 14.3707}, {'A': 2.0922, 'B': 16.4896, 'C': 2.1148, 'D': 15.3034}, {'A': 2.1185, 'B': 16.1633, 'C': 2.1056, 'D': 15.6125}, {'A': 2.1054, 'B': 15.5394, 'C': 2.0648, 'D': 16.2904}, {'A': 2.0647, 'B': 16.5131, 'C': 2.15, 'D': 15.2722}, {'A': 1.9584, 'B': 16.5585, 'C': 2.1619, 'D': 15.3212}, {'A': 2.0337, 'B': 16.4177, 'C': 2.1406, 'D': 15.4079}, {'A': 2.0627, 'B': 15.7489, 'C': 2.2616, 'D': 15.9268}, {'A': 2.2514, 'B': 15.5921, 'C': 2.1279, 'D': 16.0287}, {'A': 2.1511, 'B': 15.613, 'C': 2.2609, 'D': 15.9751}] · olvidos [2671, 2692, 2751, 2711, 2684, 2675, 2643, 2715, 2717, 2761, 2642, 2660, 2590, 2601, 2663, 2745, 2691, 2691, 2733, 2685]
  mordidas totales por tipo por semilla [{'A': 4497, 'B': 3490, 'C': 4423, 'D': 3437}, {'A': 4517, 'B': 3448, 'C': 4495, 'D': 3502}, {'A': 4416, 'B': 3359, 'C': 4519, 'D': 3429}, {'A': 4556, 'B': 3451, 'C': 4398, 'D': 3259}, {'A': 4454, 'B': 3418, 'C': 4374, 'D': 3312}, {'A': 4472, 'B': 3451, 'C': 4431, 'D': 3406}, {'A': 4455, 'B': 3445, 'C': 4394, 'D': 3371}, {'A': 4443, 'B': 3390, 'C': 4531, 'D': 3447}, {'A': 4541, 'B': 3403, 'C': 4437, 'D': 3236}, {'A': 4437, 'B': 3390, 'C': 4459, 'D': 3441}, {'A': 4370, 'B': 3383, 'C': 4475, 'D': 3464}, {'A': 4357, 'B': 3244, 'C': 4460, 'D': 3417}, {'A': 4509, 'B': 3575, 'C': 4492, 'D': 3491}, {'A': 4462, 'B': 3468, 'C': 4484, 'D': 3468}, {'A': 4442, 'B': 3454, 'C': 4561, 'D': 3576}, {'A': 4334, 'B': 3307, 'C': 4469, 'D': 3435}, {'A': 4457, 'B': 3462, 'C': 4422, 'D': 3421}, {'A': 4436, 'B': 3332, 'C': 4476, 'D': 3399}, {'A': 4551, 'B': 3492, 'C': 4349, 'D': 3299}, {'A': 4460, 'B': 3371, 'C': 4486, 'D': 3368}]
  referencia UN cuerpo a la vez: REL 0.395 (acum 1: 0.483) -- bloque 2, replica 1601-1620, un cuerpo a la vez (REGLAMENTO sec. 1)

ERR-99 / ENMIENDA 2 (evaluable = >= 5 muertes; cruza = R0 >= 0.9 y 0 fundadores tras t = 10000) · modo r2
  escuderia  lin-sem cruzan evaluab casi inm R0 eval med sem. que cruza nac reales fund>10k med sin parir R0 REAL eval med cruzan real  gana
  O2              60     60      60        0       2.382          20/20       21.0          0.0     0.286            0.938          40  -- (varios linajes por semilla)
  O3              60     60      60        0       1.781          20/20       35.0          0.0     0.061            0.972          60  -- (varios linajes por semilla)
  O4              60     60      60        0       3.206          20/20       32.0          0.0       0.0             0.97          52  -- (varios linajes por semilla)
  PREDICCIONES FIRMADAS (ENMIENDAS 2 y 3) y lo medido:
    (ronda 2: el criterio y las predicciones que deciden estan en el bloque RONDA 2 / ENMIENDA 5 de abajo)

RONDA 2 / ENMIENDA 5 (fundador limpio SI; cruza = R0 de NACIMIENTOS REALES >= 0.9 y 0 fundadores tras t = 10000, con >= 5 muertes) · r2mix3
  equipo     lin-sem cruzan evaluab casi inm R0 REAL eval med R0 prereg med sem cruza (mayoria)  (todos)  gana
  O2              60     40      60        0            0.938         2.382               12/20     9/20  no
  O3              60     60      60        0            0.972         1.781               20/20    20/20  SI
  O4              60     52      60        0             0.97         3.206               19/20    13/20  SI
  PREDICCIONES FIRMADAS (ENMIENDA 5) -- se leen sobre el conjunto de series; lo de esta serie:
    - al menos un equipo gana la ronda 2 en monocultivo (p 0.50)
    - en pista mixta con 6 FABRICA gana alguno (p 0.25)
    - O1 con fundador limpio cruza en monocultivo con R0 real (p 0.60)
    medido en esta serie: pista mixta O2/O3/O4: ganan ['O3', 'O4']

PERSISTENCIA / ENMIENDA 6 (co-principal; persiste = 0 fundadores tras t = 10000 y >= 5 nacimientos reales; estabiliza en una semilla si persiste > 1/2 de sus linajes; estabiliza la ronda con >= 15/20)
  equipo     lin-sem persisten nac reales med sem estabiliza  estabiliza   muertes voluntarias FISICAS (fraccion)   declaradas por el carro (no cuentan)
  O2              60        60           21.0          20/20  SI          1/1352 (0.0007)   -  -> con muerte programada
  O3              60        60           35.0          20/20  SI          1647/2122 (0.7762)   {'cuerpos_term': 1741}  -> con muerte programada
  O4              60        60           32.0          20/20  SI          1786/2087 (0.8558)   {'senescentes': 1847}  -> con muerte programada
  PREDICCIONES FIRMADAS (ENMIENDA 6, persistencia) y lo medido en esta serie:
    (ninguna prediccion de persistencia para esta alineacion)
  PIZARRA completa C:\Users\User\Documents\PROYECTOS\JUACO\carrera\experimentos\carrera_escuderias\datos\carrera_rondar2mix3_s9101-9120_20260922_190133_pizarra.jsonl.gz
  RESUMEN C:\Users\User\Documents\PROYECTOS\JUACO\carrera\experimentos\carrera_escuderias\datos\carrera_rondar2mix3_s9101-9120_20260922_190133_resumen.json

Terminado en 1536.3s
