JUEZ · rondar2fab_O1_s4001-4001 · 2026-09-22 16:43:40 · python 3.14.2 · pool NO (un proceso)
  pista.py c96d723fe2c6eaba · juez.py b776b52e515a2fac · carros {'FABRICA': '2ebee3e99ea5a33a', 'O1': '99436afa2715f028'}
  carros (orden = indice de linaje): ['O1', 'O1', 'O1', 'FABRICA', 'FABRICA', 'FABRICA', 'FABRICA', 'FABRICA', 'FABRICA'] · semillas 4001-4001 · T=5000 · pizarra 1 · rep_acum 0 · escala 1 · mundo_N N (el de los carros) · fundador_limpio 1
  CHEQUEO ESTATICO FABRICA: PASA
  CHEQUEO ESTATICO O1: PASA
  IDENTIDAD CORTA: sha f9c 9dd1fb91ecec35ae (OK) · FABRICA solo == organismo_f9c REL (s=1, T=5000): OK
  [    8.3s] semilla 4001 (7.5s) R0 pista 0.226 · R0 por linaje [0.2143, 8.0, 8.0, 0.0233, 0.125, 0.1667, 0.1364, 0.2, 0.125]
  CRUDO C:\Users\User\Documents\PROYECTOS\JUACO\carrera\experimentos\carrera_escuderias\datos\carrera_rondar2fab_O1_s4001-4001_20260922_164340.json (sha 6ae3a845c843c1fe)

RESUMEN · rondar2fab_O1_s4001-4001 · semillas [4001] · T=5000 · pizarra 1 · rep_acum 0
  linaje        R0 med         R0 por semilla    vida  muert  desc  fund    p1    c1   expA    sac  causas (hambre/sed/veneno/sal)  >=0.9
  O1#0           0.214               [0.2143]   200.0   13.0   3.0  13.0 0.385 0.222   93.0  0.314  0/1/6/6 (0%/8%/46%/46%)  0/1
  O1#1             8.0                  [8.0]  5000.0    0.0   8.0   0.0  None  None   70.0  0.839  0/0/0/0 (0%/0%/0%/0%)  1/1
  O1#2             8.0                  [8.0]  5000.0    0.0   8.0   0.0  None  None   64.0  0.827  0/0/0/0 (0%/0%/0%/0%)  1/1
  FABRICA#3      0.023               [0.0233]    49.0   42.0   1.0  41.0 0.122   1.0   33.0  0.201  0/0/26/16 (0%/0%/62%/38%)  0/1
  FABRICA#4      0.125                [0.125]    92.0   15.0   2.0  13.0 0.143   1.0   41.0  0.406  0/0/6/9 (0%/0%/40%/60%)  0/1
  FABRICA#5      0.167               [0.1667]   144.0   17.0   3.0  14.0 0.176   1.0   47.0  0.455  0/0/7/10 (0%/0%/41%/59%)  0/1
  FABRICA#6      0.136               [0.1364]    63.0   21.0   3.0  18.0  0.21   1.0   54.0  0.465  0/0/9/12 (0%/0%/43%/57%)  0/1
  FABRICA#7        0.2                  [0.2]    38.0   14.0   3.0  11.0 0.143   1.0   48.0  0.594  0/0/4/10 (0%/0%/29%/71%)  0/1
  FABRICA#8      0.125                [0.125]    76.5   15.0   2.0  13.0 0.133   1.0   58.0  0.541  0/0/5/10 (0%/0%/33%/67%)  0/1
  R0 de la pista (mediana por semilla de sum desc / (sum muertes + n)): 0.226 · por semilla [0.226]
  semilla 4001: fraccion B+D del mundo por cuarto de T [0.726, 0.741, 0.742, 0.789] · L 360 nobj 36
  DIAGNOSTICO (mediana sobre 9 linajes-semilla; ventana 50 pasos tras perder el objetivo bueno):
    robos por linaje 65.0 · perdidas por olvido 5.0 · B/D tras robo 0.671 vs tras olvido 0.4 vs base 0.64 · A/C tras robo 0.573 vs base 0.81
    distancia media al bueno mas cercano 47.331 · frac pasos sin bueno en el mundo 0.013 · frac pasos sin NINGUN objeto a <= 20 0.046 (max 0.0866)
  MECANISMO (ENMIENDA 4; desde la fisica: 'limpieza' = mordida de B/D A SABIENDAS -letra ya mordida por el linaje- con el golpe en la necesidad MAS llena):
    limpiezas por linaje-semilla (mediana) 43.0 · por cuerpo 2.312 · total 341 · objetos buenos que reaparecen por ellas 189 (0.554 por limpieza)
    todas las mordidas malas 524 -> buenos que reaparecen 275 · fraccion de pasos SIN ningun objeto bueno en el mundo por semilla [0.0] (mediana 0.0)
  HAMBRE -> BOCA (suma de todos los linajes-semilla; H = manda el hambre, S = manda la sed; deficit = el de la necesidad activa):
    AH: decisiones    432 mordidas    265 tasa 0.613 · deficit medio al decidir 0.157 al morder 0.151
    AS: decisiones    108 mordidas     74 tasa 0.685 · deficit medio al decidir 0.646 al morder 0.567
    BH: decisiones   1292 mordidas    158 tasa 0.122 · deficit medio al decidir 0.136 al morder 0.483
    BS: decisiones    311 mordidas    110 tasa 0.354 · deficit medio al decidir 0.477 al morder 0.583
    CH: decisiones    472 mordidas    251 tasa 0.532 · deficit medio al decidir 0.113 al morder 0.153
    CS: decisiones     95 mordidas     60 tasa 0.632 · deficit medio al decidir 0.550 al morder 0.454
    DH: decisiones   1571 mordidas    173 tasa 0.110 · deficit medio al decidir 0.123 al morder 0.486
    DS: decisiones    427 mordidas     83 tasa 0.194 · deficit medio al decidir 0.523 al morder 0.572
    deficit en mordidas B/D (bins de 0.1) [73, 18, 14, 9, 164, 41, 23, 18, 132, 32] (media ~0.535) · en mordidas A/C [367, 27, 22, 30, 88, 24, 12, 11, 53, 16] (media ~0.258)
    mordidas B/D con un robo en los 50 pasos previos 0.5 vs pasos cubiertos asi 0.48 · deficit en B/D con robo previo 0.512 vs sin 0.469
    formato H-BOCA (mordidas / exposiciones): veneno con SED 110/286 · veneno con HAMBRE 158/1048 · sal con HAMBRE 173/1269 · sal con SED 83/371
  contabilidad fisica coherente: 9/9 · t_fund reconstruible desde telem == fisica: 9/9
  mundo: objetos medios por tipo (A comida, B veneno, C agua, D sal; nobj=36) por semilla [{'A': 4.4102, 'B': 12.0166, 'C': 4.6168, 'D': 14.9564}] · olvidos [133]
  mordidas totales por tipo por semilla [{'A': 339, 'B': 268, 'C': 311, 'D': 256}]
  referencia UN cuerpo a la vez: REL 0.395 (acum 1: 0.483) -- bloque 2, replica 1601-1620, un cuerpo a la vez (REGLAMENTO sec. 1)

ERR-99 / ENMIENDA 2 (evaluable = >= 5 muertes; cruza = R0 >= 0.9 y 0 fundadores tras t = 10000) · modo r2
  escuderia  lin-sem cruzan evaluab casi inm R0 eval med sem. que cruza nac reales fund>10k med sin parir R0 REAL eval med cruzan real  gana
  O1               3      0       1        2       0.214            0/1        0.0          0.0       1.0              0.0           0  -- (varios linajes por semilla)
  FABRICA          6      0       6        0       0.131            0/1        2.5          0.0     0.875            0.131           0  -- (varios linajes por semilla)
  PREDICCIONES FIRMADAS (ENMIENDAS 2 y 3) y lo medido:
    (ronda 2: el criterio y las predicciones que deciden estan en el bloque RONDA 2 / ENMIENDA 5 de abajo)

RONDA 2 / ENMIENDA 5 (fundador limpio SI; cruza = R0 de NACIMIENTOS REALES >= 0.9 y 0 fundadores tras t = 10000, con >= 5 muertes) · r2fab_O1
  equipo     lin-sem cruzan evaluab casi inm R0 REAL eval med R0 prereg med sem cruza (mayoria)  (todos)  gana
  O1               3      0       1        2              0.0         0.214                 0/1      0/1  no
  FABRICA          6      0       6        0            0.131         0.131                 0/1      0/1  no  (FABRICA: piso, no compite)
  PREDICCIONES FIRMADAS (ENMIENDA 5) -- se leen sobre el conjunto de series; lo de esta serie:
    - al menos un equipo gana la ronda 2 en monocultivo (p 0.50)
    - en pista mixta con 6 FABRICA gana alguno (p 0.25)
    - O1 con fundador limpio cruza en monocultivo con R0 real (p 0.60)
    medido en esta serie: pista con 6 FABRICA, equipo ['O1']: gana no
  PIZARRA completa C:\Users\User\Documents\PROYECTOS\JUACO\carrera\experimentos\carrera_escuderias\datos\carrera_rondar2fab_O1_s4001-4001_20260922_164340_pizarra.jsonl.gz
  RESUMEN C:\Users\User\Documents\PROYECTOS\JUACO\carrera\experimentos\carrera_escuderias\datos\carrera_rondar2fab_O1_s4001-4001_20260922_164340_resumen.json

Terminado en 8.3s
