JUEZ · rondar2mono_O2_s9121-9140 · 2026-09-22 20:17:35 · python 3.14.2 · pool 6
  pista.py 9f47c65e438e0ff4 · juez.py 6a68f640a7832f12 · carros {'O2': '34d0bbac36a02521'}
  carros (orden = indice de linaje): ['O2', 'O2', 'O2', 'O2', 'O2', 'O2', 'O2', 'O2', 'O2'] · semillas 9121-9140 · T=100000 · pizarra 1 · rep_acum 0 · escala 1 · mundo_N N (el de los carros) · fundador_limpio 1
  CHEQUEO ESTATICO O2: PASA
  IDENTIDAD CORTA: sha f9c 9dd1fb91ecec35ae (OK) · FABRICA solo == organismo_f9c REL (s=1, T=5000): OK
  [  340.5s] semilla 9124 (339.4s) R0 pista 7.9898
  [  342.0s] semilla 9126 (340.9s) R0 pista 6.125
  [  342.9s] semilla 9123 (341.8s) R0 pista 7.3627
  [  345.8s] semilla 9121 (344.7s) R0 pista 8.0
  [  349.0s] semilla 9122 (347.9s) R0 pista 5.6071
  [  349.8s] semilla 9125 (348.7s) R0 pista 7.4857
  [  678.6s] semilla 9128 (336.6s) R0 pista 4.1067
  [  688.3s] semilla 9130 (342.5s) R0 pista 8.1959
  [  689.8s] semilla 9127 (349.3s) R0 pista 7.8878
  [  691.9s] semilla 9129 (349.0s) R0 pista 6.2773
  [  701.3s] semilla 9131 (352.3s) R0 pista 5.7803
  [  705.0s] semilla 9132 (355.2s) R0 pista 6.189
  [ 1061.5s] semilla 9133 (382.9s) R0 pista 3.0544
  [ 1079.7s] semilla 9135 (389.8s) R0 pista 4.3955
  [ 1084.6s] semilla 9134 (396.3s) R0 pista 3.5742
  [ 1102.0s] semilla 9136 (410.2s) R0 pista 8.1667
  [ 1110.2s] semilla 9137 (408.9s) R0 pista 7.8824
  [ 1119.2s] semilla 9138 (414.2s) R0 pista 7.0093
  [ 1399.5s] semilla 9139 (338.1s) R0 pista 5.0805
  [ 1414.5s] semilla 9140 (334.8s) R0 pista 8.0515
  CRUDO C:\Users\User\Documents\PROYECTOS\JUACO\carrera\experimentos\carrera_escuderias\datos\carrera_rondar2mono_O2_s9121-9140_20260922_201735.json (sha 1c50245edcb15d23)

RESUMEN · rondar2mono_O2_s9121-9140 · semillas [9121, 9122, 9123, 9124, 9125, 9126, 9127, 9128, 9129, 9130, 9131, 9132, 9133, 9134, 9135, 9136, 9137, 9138, 9139, 9140] · T=100000 · pizarra 1 · rep_acum 0
  linaje        R0 med         R0 por semilla    vida  muert  desc  fund    p1    c1   expA    sac  causas (hambre/sed/veneno/sal)  >=0.9
  O2#0           6.417 [6.5385, 6.3333, 6.8182, 10.0, 7.2308, 4.25, 9.0, 7.1538, 4.7647, 12.2857, 4.6111, 5.4, 10.7778, 2.6, 3.9524, 5.0667, 6.5, 6.2857, 5.3125, 9.5556]  5486.0   13.0  85.0   0.0 0.875 0.967 1067.0   0.63  23/27/121/97 (9%/10%/45%/36%)  20/20
  O2#1           6.571 [8.2727, 6.5, 7.0833, 8.8889, 5.7857, 6.3077, 13.1429, 4.0476, 5.8571, 8.6364, 3.2917, 7.0, 3.24, 3.1429, 4.3684, 9.4444, 7.9167, 6.3846, 13.5, 6.6429] 5185.25   12.0  84.5   0.5 0.854 0.958 1064.5  0.624  43/26/114/85 (16%/10%/43%/32%)  20/20
  O2#2           6.867 [5.0667, 4.7647, 10.1111, 5.3125, 6.75, 10.1111, 6.9167, 4.1053, 9.0, 8.1818, 7.5385, 4.6667, 2.4848, 9.9, 4.45, 12.2857, 8.5, 8.0, 6.8182, 6.4615] 5436.75   11.0  84.0   0.0 0.899   1.0 1069.5  0.621  35/27/91/101 (14%/11%/36%/40%)  20/20
  O2#3           6.567 [9.2727, 5.5625, 6.75, 6.3846, 8.0909, 5.3333, 7.2727, 3.1154, 7.4545, 10.0, 7.3333, 10.2222, 2.6957, 2.9615, 4.1905, 7.3077, 6.0, 8.4, 4.0, 6.3077] 4942.25   12.0  84.0   0.5 0.894 0.935 1080.5   0.62  50/20/112/95 (18%/7%/40%/34%)  20/20
  O2#4           7.282 [7.3333, 5.9375, 7.1667, 15.3333, 8.2727, 10.3333, 8.5, 3.5714, 7.2308, 11.625, 5.7857, 5.6875, 3.2308, 2.8889, 4.5789, 8.0, 8.8, 8.1818, 4.3684, 11.0]  5532.5   11.0  88.0   1.0 0.866 0.894 1064.0  0.624  45/23/118/73 (17%/9%/46%/28%)  20/20
  O2#5           6.375 [6.9167, 4.7368, 5.3571, 7.8182, 8.1818, 6.3333, 7.5, 2.8, 6.4167, 7.4545, 8.1, 5.375, 2.5312, 3.16, 3.3846, 9.0, 12.7143, 6.3077, 4.6842, 7.7273]  4988.5   11.5  85.5   2.0 0.833   0.9 1074.5   0.62  48/24/121/98 (16%/8%/42%/34%)  20/20
  O2#6           6.346 [11.2857, 4.2778, 10.1111, 5.8667, 11.125, 4.45, 6.3846, 3.7273, 6.6154, 6.5, 5.5625, 8.8182, 2.1429, 3.5, 3.8182, 12.1429, 8.0833, 6.5833, 3.7273, 6.3077]  5055.5   12.5  84.5   2.0 0.909 0.897 1051.0  0.628  43/22/130/98 (15%/8%/44%/33%)  20/20
  O2#7           6.038 [6.5714, 5.4, 5.8667, 8.9, 6.1538, 8.5455, 4.7647, 7.8182, 3.8571, 10.1111, 6.3077, 6.0, 3.069, 2.8333, 11.5, 5.25, 5.4667, 6.0769, 3.9545, 10.25]  5405.5   13.0  84.5   0.0 0.882 0.967 1067.5  0.622  41/12/131/100 (14%/4%/46%/35%)  20/20
  O2#8           8.164 [24.0, 8.6, 9.875, 10.0, 7.5833, 4.6875, 14.0, 4.05, 9.2222, 4.5294, 6.8333, 5.4375, 2.9259, 8.7778, 4.0, 11.875, 11.625, 7.7273, 7.0, 12.375]  5693.0    9.5  85.5   1.0 0.875 0.887 1078.5  0.617  38/28/69/90 (17%/12%/31%/40%)  20/20
  R0 de la pista (mediana por semilla de sum desc / (sum muertes + n)): 6.643 · por semilla [8.0, 5.6071, 7.3627, 7.9898, 7.4857, 6.125, 7.8878, 4.1067, 6.2773, 8.1959, 5.7803, 6.189, 3.0544, 3.5742, 4.3955, 8.1667, 7.8824, 7.0093, 5.0805, 8.0515]
  semilla 9121: fraccion B+D del mundo por cuarto de T [0.819, 0.846, 0.844, 0.848] · L 360 nobj 36
  semilla 9122: fraccion B+D del mundo por cuarto de T [0.828, 0.851, 0.834, 0.852] · L 360 nobj 36
  semilla 9123: fraccion B+D del mundo por cuarto de T [0.833, 0.837, 0.86, 0.871] · L 360 nobj 36
  semilla 9124: fraccion B+D del mundo por cuarto de T [0.831, 0.85, 0.844, 0.851] · L 360 nobj 36
  semilla 9125: fraccion B+D del mundo por cuarto de T [0.82, 0.838, 0.847, 0.839] · L 360 nobj 36
  semilla 9126: fraccion B+D del mundo por cuarto de T [0.835, 0.837, 0.823, 0.848] · L 360 nobj 36
  semilla 9127: fraccion B+D del mundo por cuarto de T [0.835, 0.832, 0.849, 0.847] · L 360 nobj 36
  semilla 9128: fraccion B+D del mundo por cuarto de T [0.772, 0.854, 0.861, 0.842] · L 360 nobj 36
  semilla 9129: fraccion B+D del mundo por cuarto de T [0.834, 0.85, 0.838, 0.84] · L 360 nobj 36
  semilla 9130: fraccion B+D del mundo por cuarto de T [0.828, 0.842, 0.845, 0.839] · L 360 nobj 36
  semilla 9131: fraccion B+D del mundo por cuarto de T [0.822, 0.857, 0.838, 0.843] · L 360 nobj 36
  semilla 9132: fraccion B+D del mundo por cuarto de T [0.82, 0.834, 0.832, 0.838] · L 360 nobj 36
  semilla 9133: fraccion B+D del mundo por cuarto de T [0.735, 0.84, 0.843, 0.833] · L 360 nobj 36
  semilla 9134: fraccion B+D del mundo por cuarto de T [0.787, 0.838, 0.835, 0.831] · L 360 nobj 36
  semilla 9135: fraccion B+D del mundo por cuarto de T [0.783, 0.849, 0.829, 0.84] · L 360 nobj 36
  semilla 9136: fraccion B+D del mundo por cuarto de T [0.839, 0.847, 0.841, 0.852] · L 360 nobj 36
  semilla 9137: fraccion B+D del mundo por cuarto de T [0.833, 0.846, 0.837, 0.851] · L 360 nobj 36
  semilla 9138: fraccion B+D del mundo por cuarto de T [0.845, 0.855, 0.846, 0.848] · L 360 nobj 36
  semilla 9139: fraccion B+D del mundo por cuarto de T [0.825, 0.843, 0.842, 0.855] · L 360 nobj 36
  semilla 9140: fraccion B+D del mundo por cuarto de T [0.852, 0.837, 0.836, 0.852] · L 360 nobj 36
  DIAGNOSTICO (mediana sobre 180 linajes-semilla; ventana 50 pasos tras perder el objetivo bueno):
    robos por linaje 1760.0 · perdidas por olvido 68.0 · B/D tras robo 0.58 vs tras olvido 0.547 vs base 0.522 · A/C tras robo 0.542 vs base 0.624
    distancia media al bueno mas cercano 55.12 · frac pasos sin bueno en el mundo 0.082 · frac pasos sin NINGUN objeto a <= 20 0.036 (max 0.0459)
  MECANISMO (ENMIENDA 4; desde la fisica: 'limpieza' = mordida de B/D A SABIENDAS -letra ya mordida por el linaje- con el golpe en la necesidad MAS llena):
    limpiezas por linaje-semilla (mediana) 1039.5 · por cuerpo 81.43 · total 186670 · objetos buenos que reaparecen por ellas 93254 (0.5 por limpieza)
    todas las mordidas malas 187175 -> buenos que reaparecen 93512 · fraccion de pasos SIN ningun objeto bueno en el mundo por semilla [0.0077, 0.0063, 0.0162, 0.0084, 0.0126, 0.007, 0.0128, 0.007, 0.0086, 0.0076, 0.0093, 0.0048, 0.0063, 0.009, 0.0079, 0.0116, 0.0083, 0.012, 0.006, 0.011] (mediana 0.008)
  HAMBRE -> BOCA (suma de todos los linajes-semilla; H = manda el hambre, S = manda la sed; deficit = el de la necesidad activa):
    AH: decisiones 176282 mordidas  81491 tasa 0.462 · deficit medio al decidir 0.145 al morder 0.244
    AS: decisiones  37410 mordidas  30264 tasa 0.809 · deficit medio al decidir 0.516 al morder 0.530
    BH: decisiones 654225 mordidas  21936 tasa 0.034 · deficit medio al decidir 0.132 al morder 0.007
    BS: decisiones 140342 mordidas  71333 tasa 0.508 · deficit medio al decidir 0.534 al morder 0.436
    CH: decisiones 166728 mordidas  74043 tasa 0.444 · deficit medio al decidir 0.123 al morder 0.230
    CS: decisiones  40228 mordidas  38412 tasa 0.955 · deficit medio al decidir 0.516 al morder 0.507
    DH: decisiones 652387 mordidas  93869 tasa 0.144 · deficit medio al decidir 0.125 al morder 0.339
    DS: decisiones 146314 mordidas     37 tasa 0.000 · deficit medio al decidir 0.546 al morder 0.203
    deficit en mordidas B/D (bins de 0.1) [66052, 8582, 8740, 22976, 22205, 17070, 13658, 14121, 10122, 3649] (media ~0.351) · en mordidas A/C [100376, 6989, 7430, 15847, 16292, 16987, 15729, 20460, 17882, 6218] (media ~0.343)
    mordidas B/D con un robo en los 50 pasos previos 0.613 vs pasos cubiertos asi 0.564 · deficit en B/D con robo previo 0.359 vs sin 0.303
    formato H-BOCA (mordidas / exposiciones): veneno con SED 71333/139611 · veneno con HAMBRE 21936/590058 · sal con HAMBRE 93869/585275 · sal con SED 37/145773
  contabilidad fisica coherente: 180/180 · t_fund reconstruible desde telem == fisica: 180/180
  mundo: objetos medios por tipo (A comida, B veneno, C agua, D sal; nobj=36) por semilla [{'A': 2.9773, 'B': 15.296, 'C': 2.8056, 'D': 14.9212}, {'A': 2.8249, 'B': 13.841, 'C': 2.8954, 'D': 16.4387}, {'A': 2.7124, 'B': 14.3961, 'C': 2.6797, 'D': 16.2118}, {'A': 2.9206, 'B': 14.1843, 'C': 2.694, 'D': 16.2011}, {'A': 3.0905, 'B': 14.4302, 'C': 2.809, 'D': 15.6702}, {'A': 3.0179, 'B': 15.5586, 'C': 2.8972, 'D': 14.5263}, {'A': 2.7793, 'B': 15.7044, 'C': 2.9526, 'D': 14.5637}, {'A': 3.4093, 'B': 17.2351, 'C': 2.6371, 'D': 12.7186}, {'A': 2.8091, 'B': 15.6852, 'C': 2.9451, 'D': 14.5606}, {'A': 3.0183, 'B': 14.749, 'C': 2.8006, 'D': 15.4322}, {'A': 2.9834, 'B': 15.1108, 'C': 2.7747, 'D': 15.1311}, {'A': 2.8962, 'B': 15.0899, 'C': 3.1895, 'D': 14.8244}, {'A': 3.9449, 'B': 15.6937, 'C': 2.7893, 'D': 13.5722}, {'A': 3.6447, 'B': 13.4859, 'C': 2.7433, 'D': 16.1262}, {'A': 2.7155, 'B': 13.5253, 'C': 3.5795, 'D': 16.1797}, {'A': 2.7971, 'B': 15.1303, 'C': 2.787, 'D': 15.2857}, {'A': 2.9291, 'B': 14.9952, 'C': 2.7694, 'D': 15.3064}, {'A': 2.6866, 'B': 15.7096, 'C': 2.771, 'D': 14.8328}, {'A': 2.948, 'B': 15.4874, 'C': 2.7665, 'D': 14.7982}, {'A': 2.7936, 'B': 16.4717, 'C': 2.8055, 'D': 13.9292}] · olvidos [2728, 2690, 2695, 2669, 2651, 2725, 2757, 2694, 2708, 2756, 2684, 2787, 2789, 2776, 2690, 2681, 2727, 2732, 2750, 2722]
  mordidas totales por tipo por semilla [{'A': 5691, 'B': 4683, 'C': 5680, 'D': 4702}, {'A': 5728, 'B': 4885, 'C': 5672, 'D': 4809}, {'A': 5625, 'B': 4749, 'C': 5645, 'D': 4763}, {'A': 5728, 'B': 4776, 'C': 5575, 'D': 4663}, {'A': 5649, 'B': 4680, 'C': 5628, 'D': 4665}, {'A': 5653, 'B': 4704, 'C': 5699, 'D': 4801}, {'A': 5516, 'B': 4496, 'C': 5606, 'D': 4602}, {'A': 5388, 'B': 4510, 'C': 5563, 'D': 4693}, {'A': 5599, 'B': 4765, 'C': 5759, 'D': 4898}, {'A': 5626, 'B': 4609, 'C': 5693, 'D': 4676}, {'A': 5636, 'B': 4768, 'C': 5705, 'D': 4857}, {'A': 5540, 'B': 4538, 'C': 5621, 'D': 4691}, {'A': 5236, 'B': 4286, 'C': 5432, 'D': 4515}, {'A': 5534, 'B': 4704, 'C': 5453, 'D': 4446}, {'A': 5584, 'B': 4604, 'C': 5453, 'D': 4475}, {'A': 5717, 'B': 4830, 'C': 5737, 'D': 4889}, {'A': 5659, 'B': 4699, 'C': 5676, 'D': 4757}, {'A': 5591, 'B': 4711, 'C': 5599, 'D': 4711}, {'A': 5563, 'B': 4717, 'C': 5659, 'D': 4688}, {'A': 5492, 'B': 4555, 'C': 5600, 'D': 4605}]
  referencia UN cuerpo a la vez: REL 0.395 (acum 1: 0.483) -- bloque 2, replica 1601-1620, un cuerpo a la vez (REGLAMENTO sec. 1)

ERR-99 / ENMIENDA 2 (evaluable = >= 5 muertes; cruza = R0 >= 0.9 y 0 fundadores tras t = 10000) · modo r2
  escuderia  lin-sem cruzan evaluab casi inm R0 eval med sem. que cruza nac reales fund>10k med sin parir R0 REAL eval med cruzan real  gana
  O2             180    179     179        1       6.538          20/20       10.0          0.0     0.182            0.857          61  -- (varios linajes por semilla)
  PREDICCIONES FIRMADAS (ENMIENDAS 2 y 3) y lo medido:
    (ronda 2: el criterio y las predicciones que deciden estan en el bloque RONDA 2 / ENMIENDA 5 de abajo)

RONDA 2 / ENMIENDA 5 (fundador limpio SI; cruza = R0 de NACIMIENTOS REALES >= 0.9 y 0 fundadores tras t = 10000, con >= 5 muertes) · r2mono_O2
  equipo     lin-sem cruzan evaluab casi inm R0 REAL eval med R0 prereg med sem cruza (mayoria)  (todos)  gana
  O2             180     61     179        1            0.857         6.538                5/20     1/20  no
  PREDICCIONES FIRMADAS (ENMIENDA 5) -- se leen sobre el conjunto de series; lo de esta serie:
    - al menos un equipo gana la ronda 2 en monocultivo (p 0.50)
    - en pista mixta con 6 FABRICA gana alguno (p 0.25)
    - O1 con fundador limpio cruza en monocultivo con R0 real (p 0.60)
    medido en esta serie: monocultivo de ['O2']: gana no

PERSISTENCIA / ENMIENDA 6 (co-principal; persiste = 0 fundadores tras t = 10000 y >= 5 nacimientos reales; estabiliza en una semilla si persiste > 1/2 de sus linajes; estabiliza la ronda con >= 15/20)
  equipo     lin-sem persisten nac reales med sem estabiliza  estabiliza   muertes voluntarias FISICAS (fraccion)   declaradas por el carro (no cuentan)
  O2             180       174           10.0          20/20  SI          104/2419 (0.043)   -  -> con muerte programada
  PREDICCIONES FIRMADAS (ENMIENDA 6, persistencia) y lo medido en esta serie:
    - O2 estabiliza en mono (p 0.45)  ->  medido: ESTABILIZA (20/20 semillas)
  PIZARRA completa C:\Users\User\Documents\PROYECTOS\JUACO\carrera\experimentos\carrera_escuderias\datos\carrera_rondar2mono_O2_s9121-9140_20260922_201735_pizarra.jsonl.gz
  RESUMEN C:\Users\User\Documents\PROYECTOS\JUACO\carrera\experimentos\carrera_escuderias\datos\carrera_rondar2mono_O2_s9121-9140_20260922_201735_resumen.json

Terminado en 1414.5s
