JUEZ · rondar2mono_O3_s9101-9120 · 2026-09-22 18:20:26 · python 3.14.2 · pool 6
  pista.py 9f47c65e438e0ff4 · juez.py 6a68f640a7832f12 · carros {'O3': '0442c2884fcb0e11'}
  carros (orden = indice de linaje): ['O3', 'O3', 'O3', 'O3', 'O3', 'O3', 'O3', 'O3', 'O3'] · semillas 9101-9120 · T=100000 · pizarra 1 · rep_acum 0 · escala 1 · mundo_N N (el de los carros) · fundador_limpio 1
  CHEQUEO ESTATICO O3: PASA
  IDENTIDAD CORTA: sha f9c 9dd1fb91ecec35ae (OK) · FABRICA solo == organismo_f9c REL (s=1, T=5000): OK
  [  372.9s] semilla 9104 (371.5s) R0 pista 1.7951
  [  373.9s] semilla 9101 (372.5s) R0 pista 1.7801
  [  376.7s] semilla 9103 (375.3s) R0 pista 1.9066
  [  378.8s] semilla 9102 (377.4s) R0 pista 1.7445
  [  381.2s] semilla 9105 (379.8s) R0 pista 1.7819
  [  382.4s] semilla 9106 (380.9s) R0 pista 1.6429
  [  764.3s] semilla 9109 (387.5s) R0 pista 1.8862
  [  765.7s] semilla 9108 (391.8s) R0 pista 1.8082
  [  766.6s] semilla 9110 (387.8s) R0 pista 1.6722
  [  767.1s] semilla 9107 (394.2s) R0 pista 1.8308
  [  775.3s] semilla 9111 (394.1s) R0 pista 1.8556
  [  777.7s] semilla 9112 (395.4s) R0 pista 1.8609
  [ 1069.6s] semilla 9116 (302.6s) R0 pista 1.8601
  [ 1070.3s] semilla 9113 (306.0s) R0 pista 1.7612
  [ 1072.8s] semilla 9115 (306.2s) R0 pista 1.788
  [ 1073.4s] semilla 9114 (307.6s) R0 pista 1.7591
  [ 1076.4s] semilla 9117 (301.1s) R0 pista 1.8262
  [ 1076.4s] semilla 9118 (298.7s) R0 pista 1.9244
  [ 1296.9s] semilla 9119 (227.3s) R0 pista 1.7195
  [ 1303.0s] semilla 9120 (232.7s) R0 pista 1.8167
  CRUDO C:\Users\User\Documents\PROYECTOS\JUACO\carrera\experimentos\carrera_escuderias\datos\carrera_rondar2mono_O3_s9101-9120_20260922_182026.json (sha 7e429aff97cc5216)

RESUMEN · rondar2mono_O3_s9101-9120 · semillas [9101, 9102, 9103, 9104, 9105, 9106, 9107, 9108, 9109, 9110, 9111, 9112, 9113, 9114, 9115, 9116, 9117, 9118, 9119, 9120] · T=100000 · pizarra 1 · rep_acum 0
  linaje        R0 med         R0 por semilla    vida  muert  desc  fund    p1    c1   expA    sac  causas (hambre/sed/veneno/sal)  >=0.9
  O3#0           1.763 [1.6111, 1.8214, 1.7353, 1.7429, 1.8148, 1.475, 1.7692, 1.7222, 2.0, 1.6571, 1.7222, 1.7429, 1.7576, 1.7812, 1.8571, 2.0, 1.7419, 1.9, 1.8065, 1.871] 2610.25   31.5  58.0   0.0 0.971 0.971  736.0  0.624  15/24/302/285 (2%/4%/48%/46%)  20/20
  O3#1           1.814 [1.8824, 1.7586, 1.9333, 1.8929, 1.7838, 1.7353, 1.7647, 1.9643, 1.9429, 1.7667, 1.8438, 2.0, 1.4545, 1.6857, 1.75, 1.7188, 1.9677, 2.0, 1.5806, 1.8529]  2733.5   31.0  57.0   0.0  0.97  0.97  721.5  0.613  25/16/299/273 (4%/3%/49%/45%)  20/20
  O3#2           1.785 [1.7931, 1.8077, 1.9355, 1.7576, 1.525, 1.7333, 1.7742, 2.0, 2.0312, 1.7429, 2.0, 1.8667, 1.8966, 1.7778, 1.7742, 1.6176, 1.7419, 1.9, 1.8056, 1.641] 2791.75   30.0  57.5   0.0 0.967 0.971  714.5  0.619  21/25/268/308 (3%/4%/43%/50%)  20/20
  O3#3           1.787 [1.7742, 1.8333, 1.9, 1.6667, 1.7778, 1.6538, 1.8182, 1.7353, 1.6774, 1.7812, 1.88, 1.7407, 1.8529, 1.6, 1.8611, 1.9444, 2.0, 1.9459, 1.5, 1.7931]  2850.5   31.0  57.0   0.0   1.0 0.971  729.0  0.623  20/18/288/301 (3%/3%/46%/48%)  20/20
  O3#4           1.834 [1.8387, 1.6129, 2.0, 1.6571, 1.9667, 1.84, 1.8182, 1.7059, 1.8286, 1.7586, 1.931, 2.0, 1.8485, 1.7714, 1.7742, 1.9677, 1.9, 1.9032, 1.7812, 1.7838]  2661.5   30.0  58.0   0.0 0.986 0.969  727.5  0.632  22/15/308/262 (4%/2%/51%/43%)  20/20
  O3#5           1.868 [1.8065, 1.5676, 1.8182, 1.8235, 1.9032, 1.7714, 1.8387, 1.8889, 1.8788, 1.5526, 1.9032, 1.9615, 1.8824, 1.8824, 1.7931, 1.8571, 1.8889, 2.0, 1.9091, 1.7576]  2690.0   32.0  59.5   0.0 0.986  0.97  738.5  0.629  12/18/299/306 (2%/3%/47%/48%)  20/20
  O3#6           1.789 [1.8276, 1.7812, 1.9688, 2.0, 1.8065, 1.8, 1.7143, 1.6364, 1.7838, 1.625, 1.7241, 1.7941, 1.7273, 1.875, 1.6129, 1.8788, 1.7353, 1.9333, 1.7742, 1.9394]  2693.0   31.0  57.0   0.0 0.986 0.967  723.5  0.623  18/19/290/282 (3%/3%/48%/46%)  20/20
  O3#7           1.859 [1.6316, 1.697, 1.9714, 1.7667, 1.8667, 1.4048, 2.0435, 1.8125, 1.9, 1.5714, 2.0, 1.7059, 1.7941, 1.88, 1.8519, 1.9032, 1.875, 1.9429, 1.7941, 1.8667]  2742.0   31.0  57.5   0.0 0.973 0.971  722.5  0.624  20/21/308/268 (3%/3%/50%/43%)  20/20
  O3#8           1.837 [1.9062, 1.8929, 1.9143, 1.8788, 1.6944, 1.5676, 2.0, 1.8667, 1.9655, 1.6364, 1.7419, 2.0357, 1.6154, 1.6471, 1.8065, 1.8824, 1.6176, 1.8056, 1.5676, 1.8824] 2618.25   32.0  57.0   0.0 0.971 0.971  729.0  0.624  24/15/286/300 (4%/2%/46%/48%)  20/20
  R0 de la pista (mediana por semilla de sum desc / (sum muertes + n)): 1.802 · por semilla [1.7801, 1.7445, 1.9066, 1.7951, 1.7819, 1.6429, 1.8308, 1.8082, 1.8862, 1.6722, 1.8556, 1.8609, 1.7612, 1.7591, 1.788, 1.8601, 1.8262, 1.9244, 1.7195, 1.8167]
  semilla 9101: fraccion B+D del mundo por cuarto de T [0.914, 0.888, 0.882, 0.894] · L 360 nobj 36
  semilla 9102: fraccion B+D del mundo por cuarto de T [0.899, 0.898, 0.889, 0.903] · L 360 nobj 36
  semilla 9103: fraccion B+D del mundo por cuarto de T [0.889, 0.893, 0.888, 0.883] · L 360 nobj 36
  semilla 9104: fraccion B+D del mundo por cuarto de T [0.901, 0.89, 0.895, 0.895] · L 360 nobj 36
  semilla 9105: fraccion B+D del mundo por cuarto de T [0.886, 0.9, 0.884, 0.897] · L 360 nobj 36
  semilla 9106: fraccion B+D del mundo por cuarto de T [0.916, 0.902, 0.885, 0.895] · L 360 nobj 36
  semilla 9107: fraccion B+D del mundo por cuarto de T [0.893, 0.893, 0.896, 0.902] · L 360 nobj 36
  semilla 9108: fraccion B+D del mundo por cuarto de T [0.89, 0.892, 0.894, 0.895] · L 360 nobj 36
  semilla 9109: fraccion B+D del mundo por cuarto de T [0.891, 0.887, 0.894, 0.893] · L 360 nobj 36
  semilla 9110: fraccion B+D del mundo por cuarto de T [0.912, 0.886, 0.894, 0.892] · L 360 nobj 36
  semilla 9111: fraccion B+D del mundo por cuarto de T [0.886, 0.895, 0.902, 0.896] · L 360 nobj 36
  semilla 9112: fraccion B+D del mundo por cuarto de T [0.878, 0.894, 0.902, 0.884] · L 360 nobj 36
  semilla 9113: fraccion B+D del mundo por cuarto de T [0.903, 0.897, 0.894, 0.901] · L 360 nobj 36
  semilla 9114: fraccion B+D del mundo por cuarto de T [0.9, 0.888, 0.902, 0.885] · L 360 nobj 36
  semilla 9115: fraccion B+D del mundo por cuarto de T [0.901, 0.899, 0.897, 0.895] · L 360 nobj 36
  semilla 9116: fraccion B+D del mundo por cuarto de T [0.903, 0.892, 0.893, 0.88] · L 360 nobj 36
  semilla 9117: fraccion B+D del mundo por cuarto de T [0.894, 0.89, 0.885, 0.899] · L 360 nobj 36
  semilla 9118: fraccion B+D del mundo por cuarto de T [0.884, 0.891, 0.892, 0.889] · L 360 nobj 36
  semilla 9119: fraccion B+D del mundo por cuarto de T [0.915, 0.894, 0.879, 0.898] · L 360 nobj 36
  semilla 9120: fraccion B+D del mundo por cuarto de T [0.893, 0.894, 0.892, 0.892] · L 360 nobj 36
  DIAGNOSTICO (mediana sobre 180 linajes-semilla; ventana 50 pasos tras perder el objetivo bueno):
    robos por linaje 1684.0 · perdidas por olvido 64.0 · B/D tras robo 0.384 vs tras olvido 0.383 vs base 0.318 · A/C tras robo 0.367 vs base 0.438
    distancia media al bueno mas cercano 62.231 · frac pasos sin bueno en el mundo 0.116 · frac pasos sin NINGUN objeto a <= 20 0.026 (max 0.0363)
  MECANISMO (ENMIENDA 4; desde la fisica: 'limpieza' = mordida de B/D A SABIENDAS -letra ya mordida por el linaje- con el golpe en la necesidad MAS llena):
    limpiezas por linaje-semilla (mediana) 634.0 · por cuerpo 19.909 · total 114078 · objetos buenos que reaparecen por ellas 57071 (0.5 por limpieza)
    todas las mordidas malas 114489 -> buenos que reaparecen 57268 · fraccion de pasos SIN ningun objeto bueno en el mundo por semilla [0.0073, 0.0099, 0.0068, 0.0096, 0.0088, 0.0137, 0.0059, 0.0042, 0.0037, 0.0196, 0.0058, 0.0028, 0.01, 0.0067, 0.0054, 0.0102, 0.0055, 0.0051, 0.0148, 0.005] (mediana 0.007)
  HAMBRE -> BOCA (suma de todos los linajes-semilla; H = manda el hambre, S = manda la sed; deficit = el de la necesidad activa):
    AH: decisiones 118356 mordidas  63119 tasa 0.533 · deficit medio al decidir 0.116 al morder 0.208
    AS: decisiones  22330 mordidas  15624 tasa 0.700 · deficit medio al decidir 0.400 al morder 0.410
    BH: decisiones 667247 mordidas  20242 tasa 0.030 · deficit medio al decidir 0.098 al morder 0.002
    BS: decisiones 130334 mordidas  37126 tasa 0.285 · deficit medio al decidir 0.393 al morder 0.398
    CH: decisiones 107971 mordidas  45934 tasa 0.425 · deficit medio al decidir 0.095 al morder 0.166
    CS: decisiones  34405 mordidas  32586 tasa 0.947 · deficit medio al decidir 0.369 al morder 0.363
    DH: decisiones 647839 mordidas  57091 tasa 0.088 · deficit medio al decidir 0.088 al morder 0.258
    DS: decisiones 152174 mordidas     30 tasa 0.000 · deficit medio al decidir 0.401 al morder 0.511
    deficit en mordidas B/D (bins de 0.1) [50259, 9432, 9384, 11402, 8899, 7176, 6566, 7095, 2640, 1636] (media ~0.276) · en mordidas A/C [69597, 14385, 12017, 12763, 17691, 10934, 7901, 6309, 3954, 1712] (media ~0.267)
    mordidas B/D con un robo en los 50 pasos previos 0.655 vs pasos cubiertos asi 0.582 · deficit en B/D con robo previo 0.265 vs sin 0.245
    formato H-BOCA (mordidas / exposiciones): veneno con SED 37126/129735 · veneno con HAMBRE 20242/603633 · sal con HAMBRE 57091/583275 · sal con SED 30/151662
  contabilidad fisica coherente: 180/180 · t_fund reconstruible desde telem == fisica: 180/180
  mundo: objetos medios por tipo (A comida, B veneno, C agua, D sal; nobj=36) por semilla [{'A': 1.8951, 'B': 15.6218, 'C': 1.9008, 'D': 16.5823}, {'A': 1.755, 'B': 15.9056, 'C': 1.9401, 'D': 16.3993}, {'A': 1.9289, 'B': 16.955, 'C': 2.0947, 'D': 15.0214}, {'A': 1.8859, 'B': 15.4631, 'C': 1.8783, 'D': 16.7727}, {'A': 1.8498, 'B': 17.3625, 'C': 2.0476, 'D': 14.7401}, {'A': 1.8349, 'B': 17.5768, 'C': 1.7882, 'D': 14.8001}, {'A': 1.8089, 'B': 17.6982, 'C': 1.9403, 'D': 14.5526}, {'A': 1.9137, 'B': 15.8994, 'C': 1.9418, 'D': 16.2451}, {'A': 1.9029, 'B': 16.1641, 'C': 2.0214, 'D': 15.9116}, {'A': 1.8747, 'B': 14.6666, 'C': 1.8652, 'D': 17.5935}, {'A': 1.9389, 'B': 14.253, 'C': 1.8495, 'D': 17.9586}, {'A': 2.0065, 'B': 15.1171, 'C': 1.9669, 'D': 16.9095}, {'A': 1.8659, 'B': 15.1876, 'C': 1.7793, 'D': 17.1673}, {'A': 1.8464, 'B': 16.9444, 'C': 1.9747, 'D': 15.2345}, {'A': 1.8267, 'B': 16.2596, 'C': 1.8393, 'D': 16.0744}, {'A': 1.9506, 'B': 15.711, 'C': 1.9339, 'D': 16.4046}, {'A': 1.8793, 'B': 15.8036, 'C': 2.0066, 'D': 16.3106}, {'A': 1.9527, 'B': 16.658, 'C': 2.0454, 'D': 15.3438}, {'A': 1.8655, 'B': 17.1859, 'C': 1.8592, 'D': 15.0894}, {'A': 1.9454, 'B': 15.3969, 'C': 1.9173, 'D': 16.7405}] · olvidos [2682, 2700, 2738, 2718, 2671, 2674, 2625, 2704, 2735, 2743, 2653, 2656, 2583, 2605, 2670, 2743, 2707, 2679, 2738, 2700]
  mordidas totales por tipo por semilla [{'A': 3890, 'B': 2786, 'C': 3837, 'D': 2702}, {'A': 3881, 'B': 2810, 'C': 3855, 'D': 2845}, {'A': 3946, 'B': 2806, 'C': 3980, 'D': 2859}, {'A': 3926, 'B': 2821, 'C': 3859, 'D': 2746}, {'A': 3854, 'B': 2811, 'C': 4006, 'D': 2933}, {'A': 3854, 'B': 2873, 'C': 3896, 'D': 2913}, {'A': 3952, 'B': 3029, 'C': 4056, 'D': 3038}, {'A': 4038, 'B': 2950, 'C': 3975, 'D': 2894}, {'A': 3945, 'B': 2838, 'C': 3966, 'D': 2893}, {'A': 3783, 'B': 2658, 'C': 3826, 'D': 2792}, {'A': 4130, 'B': 3116, 'C': 3894, 'D': 2836}, {'A': 4057, 'B': 3039, 'C': 3874, 'D': 2821}, {'A': 3998, 'B': 3008, 'C': 3851, 'D': 2788}, {'A': 3869, 'B': 2754, 'C': 3943, 'D': 2841}, {'A': 3974, 'B': 2992, 'C': 3927, 'D': 2918}, {'A': 3975, 'B': 2855, 'C': 3902, 'D': 2772}, {'A': 4002, 'B': 2958, 'C': 3986, 'D': 2963}, {'A': 3941, 'B': 2749, 'C': 4032, 'D': 2912}, {'A': 3760, 'B': 2674, 'C': 3874, 'D': 2756}, {'A': 3968, 'B': 2841, 'C': 3981, 'D': 2899}]
  referencia UN cuerpo a la vez: REL 0.395 (acum 1: 0.483) -- bloque 2, replica 1601-1620, un cuerpo a la vez (REGLAMENTO sec. 1)

ERR-99 / ENMIENDA 2 (evaluable = >= 5 muertes; cruza = R0 >= 0.9 y 0 fundadores tras t = 10000) · modo r2
  escuderia  lin-sem cruzan evaluab casi inm R0 eval med sem. que cruza nac reales fund>10k med sin parir R0 REAL eval med cruzan real  gana
  O3             180    178     180        0       1.806          20/20       31.0          0.0     0.059            0.968         172  -- (varios linajes por semilla)
  PREDICCIONES FIRMADAS (ENMIENDAS 2 y 3) y lo medido:
    (ronda 2: el criterio y las predicciones que deciden estan en el bloque RONDA 2 / ENMIENDA 5 de abajo)

RONDA 2 / ENMIENDA 5 (fundador limpio SI; cruza = R0 de NACIMIENTOS REALES >= 0.9 y 0 fundadores tras t = 10000, con >= 5 muertes) · r2mono_O3
  equipo     lin-sem cruzan evaluab casi inm R0 REAL eval med R0 prereg med sem cruza (mayoria)  (todos)  gana
  O3             180    172     180        0            0.968         1.806               20/20    14/20  SI
  PREDICCIONES FIRMADAS (ENMIENDA 5) -- se leen sobre el conjunto de series; lo de esta serie:
    - al menos un equipo gana la ronda 2 en monocultivo (p 0.50)
    - en pista mixta con 6 FABRICA gana alguno (p 0.25)
    - O1 con fundador limpio cruza en monocultivo con R0 real (p 0.60)
    medido en esta serie: monocultivo de ['O3']: gana SI

PERSISTENCIA / ENMIENDA 6 (co-principal; persiste = 0 fundadores tras t = 10000 y >= 5 nacimientos reales; estabiliza en una semilla si persiste > 1/2 de sus linajes; estabiliza la ronda con >= 15/20)
  equipo     lin-sem persisten nac reales med sem estabiliza  estabiliza   muertes voluntarias FISICAS (fraccion)   declaradas por el carro (no cuentan)
  O3             180       178           31.0          20/20  SI          4445/5581 (0.7965)   {'cuerpos_term': 4696}  -> con muerte programada
  PREDICCIONES FIRMADAS (ENMIENDA 6, persistencia) y lo medido en esta serie:
    - O3 estabiliza en mono (p 0.5)  ->  medido: ESTABILIZA (20/20 semillas)
  PIZARRA completa C:\Users\User\Documents\PROYECTOS\JUACO\carrera\experimentos\carrera_escuderias\datos\carrera_rondar2mono_O3_s9101-9120_20260922_182026_pizarra.jsonl.gz
  RESUMEN C:\Users\User\Documents\PROYECTOS\JUACO\carrera\experimentos\carrera_escuderias\datos\carrera_rondar2mono_O3_s9101-9120_20260922_182026_resumen.json

Terminado en 1303.0s
