JUEZ · rondar2mono_O2_s9101-9120 · 2026-09-22 17:50:15 · python 3.14.2 · pool 6
  pista.py 9f47c65e438e0ff4 · juez.py 6a68f640a7832f12 · carros {'O2': '34d0bbac36a02521'}
  carros (orden = indice de linaje): ['O2', 'O2', 'O2', 'O2', 'O2', 'O2', 'O2', 'O2', 'O2'] · semillas 9101-9120 · T=100000 · pizarra 1 · rep_acum 0 · escala 1 · mundo_N N (el de los carros) · fundador_limpio 1
  CHEQUEO ESTATICO O2: PASA
  IDENTIDAD CORTA: sha f9c 9dd1fb91ecec35ae (OK) · FABRICA solo == organismo_f9c REL (s=1, T=5000): OK
  [  406.7s] semilla 9102 (405.6s) R0 pista 5.5139
  [  408.6s] semilla 9103 (407.4s) R0 pista 4.6
  [  410.2s] semilla 9105 (409.1s) R0 pista 7.4775
  [  410.4s] semilla 9104 (409.3s) R0 pista 4.4085
  [  412.3s] semilla 9106 (411.1s) R0 pista 7.0357
  [  413.1s] semilla 9101 (412.0s) R0 pista 7.5096
  [  797.3s] semilla 9108 (388.8s) R0 pista 0.4212
  [  868.2s] semilla 9111 (455.9s) R0 pista 0.6072
  [  980.4s] semilla 9107 (573.7s) R0 pista 6.7333
  [  983.9s] semilla 9112 (570.7s) R0 pista 3.7708
  [  986.2s] semilla 9110 (575.8s) R0 pista 4.4458
  [  997.1s] semilla 9109 (586.8s) R0 pista 8.8667
  [ 1366.7s] semilla 9113 (569.4s) R0 pista 7.25
  [ 1411.8s] semilla 9114 (543.6s) R0 pista 6.4831
  [ 1487.3s] semilla 9115 (506.9s) R0 pista 7.9694
  [ 1488.0s] semilla 9116 (504.1s) R0 pista 5.8359
  [ 1491.2s] semilla 9118 (494.1s) R0 pista 5.6479
  [ 1493.1s] semilla 9117 (506.9s) R0 pista 7.9082
  [ 1762.7s] semilla 9119 (396.0s) R0 pista 6.25
  [ 1811.0s] semilla 9120 (399.2s) R0 pista 7.243
  CRUDO C:\Users\User\Documents\PROYECTOS\JUACO\carrera\experimentos\carrera_escuderias\datos\carrera_rondar2mono_O2_s9101-9120_20260922_175015.json (sha 592017ade4ecb259)

RESUMEN · rondar2mono_O2_s9101-9120 · semillas [9101, 9102, 9103, 9104, 9105, 9106, 9107, 9108, 9109, 9110, 9111, 9112, 9113, 9114, 9115, 9116, 9117, 9118, 9119, 9120] · T=100000 · pizarra 1 · rep_acum 0
  linaje        R0 med         R0 por semilla    vida  muert  desc  fund    p1    c1   expA    sac  causas (hambre/sed/veneno/sal)  >=0.9
  O2#0           6.615 [8.8, 4.8889, 3.44, 3.2857, 6.6154, 6.6154, 6.5333, 0.376, 9.7778, 3.7, 39.3333, 3.08, 7.8182, 17.2, 10.5, 5.6, 10.75, 11.75, 5.1765, 8.1818] 4459.75   12.0  86.0   0.5 0.857 0.947 1048.5  0.638  81/32/143/104 (22%/9%/40%/29%)  19/20
  O2#1           7.388 [10.0, 6.2857, 7.9091, 3.7778, 9.6, 7.0, 7.2308, 0.2766, 11.125, 3.5909, 0.3493, 3.6667, 8.0, 9.1, 8.2, 6.1333, 8.0, 7.5455, 9.8889, 6.0769] 5693.75   11.0  88.0   1.0 0.833   1.0 1085.0  0.637  85/30/208/173 (17%/6%/42%/35%)  18/20
  O2#2           5.483 [9.3333, 5.5, 4.5556, 3.8571, 5.0, 9.7, 8.0, 0.3425, 7.1667, 2.913, 0.3714, 4.0, 4.5263, 10.3333, 10.6667, 5.4667, 10.125, 6.2667, 5.0, 10.25]  3154.5   14.5  83.0   1.0 0.838 0.975 1078.5  0.613  86/31/239/169 (16%/6%/46%/32%)  18/20
  O2#3           7.024 [7.3333, 3.36, 4.0, 5.6, 8.0909, 7.75, 6.7143, 0.3288, 8.2727, 4.5263, 0.3423, 2.7143, 8.5455, 7.8182, 6.6923, 7.9091, 7.4545, 4.1364, 16.6, 9.5556]  5542.0   11.5  86.0   1.0 0.799 0.972 1065.0   0.62  80/25/253/177 (15%/5%/47%/33%)  18/20
  O2#4           6.464 [9.3, 4.7368, 7.1667, 4.25, 9.5, 5.9286, 5.4706, 0.4077, 9.125, 3.7273, 14.875, 5.8125, 7.4545, 7.6364, 6.7143, 6.2143, 10.875, 4.5294, 5.25, 9.0] 4314.25   13.0  86.5   0.5 0.857 0.932 1041.5  0.622  74/35/148/110 (20%/10%/40%/30%)  19/20
  O2#5           6.107 [5.2667, 6.7692, 4.3684, 4.0909, 7.6364, 6.2857, 6.9231, 0.3556, 8.6364, 6.7857, 0.411, 3.1852, 7.8182, 5.9286, 8.1, 5.4667, 5.6667, 9.7, 4.4211, 9.3] 4922.75   13.0  85.5   0.0 0.873   1.0 1064.5  0.626  90/31/221/182 (17%/6%/42%/35%)  18/20
  O2#6           7.048 [5.8, 8.2, 3.4783, 7.25, 8.1667, 9.0, 6.75, 10.4, 9.5, 6.8462, 0.4648, 8.5, 9.7778, 5.0625, 10.625, 5.3333, 7.3333, 3.75, 5.1176, 5.2667] 5781.75   11.0  87.0   0.0 0.882   1.0 1060.0  0.621  38/40/168/129 (10%/11%/45%/34%)  19/20
  O2#7           6.478 [7.6667, 8.5455, 4.1429, 2.7857, 6.0667, 6.3333, 6.3077, 0.2986, 8.4545, 10.2222, 0.3467, 3.2083, 6.8462, 3.5, 6.3846, 9.375, 8.0, 6.5714, 8.5, 9.1] 5934.75   12.0  86.0   0.0 0.882   1.0 1056.5  0.626  77/34/256/164 (15%/6%/48%/31%)  18/20
  O2#8            5.75 [6.6667, 5.1111, 5.5, 11.5714, 9.6, 6.0, 7.2727, 0.2808, 8.8, 3.0833, 0.3878, 3.4762, 7.0, 4.2, 6.8462, 3.9, 6.4286, 4.0, 6.3333, 4.0476]  3586.5   14.5  84.0   0.5 0.861   1.0 1058.0  0.624  92/36/264/160 (17%/7%/48%/29%)  18/20
  R0 de la pista (mediana por semilla de sum desc / (sum muertes + n)): 6.367 · por semilla [7.5096, 5.5139, 4.6, 4.4085, 7.4775, 7.0357, 6.7333, 0.4212, 8.8667, 4.4458, 0.6072, 3.7708, 7.25, 6.4831, 7.9694, 5.8359, 7.9082, 5.6479, 6.25, 7.243]
  semilla 9101: fraccion B+D del mundo por cuarto de T [0.847, 0.839, 0.843, 0.847] · L 360 nobj 36
  semilla 9102: fraccion B+D del mundo por cuarto de T [0.806, 0.826, 0.847, 0.845] · L 360 nobj 36
  semilla 9103: fraccion B+D del mundo por cuarto de T [0.795, 0.837, 0.844, 0.837] · L 360 nobj 36
  semilla 9104: fraccion B+D del mundo por cuarto de T [0.79, 0.876, 0.849, 0.837] · L 360 nobj 36
  semilla 9105: fraccion B+D del mundo por cuarto de T [0.819, 0.824, 0.851, 0.866] · L 360 nobj 36
  semilla 9106: fraccion B+D del mundo por cuarto de T [0.838, 0.844, 0.846, 0.84] · L 360 nobj 36
  semilla 9107: fraccion B+D del mundo por cuarto de T [0.823, 0.831, 0.832, 0.842] · L 360 nobj 36
  semilla 9108: fraccion B+D del mundo por cuarto de T [0.298, 0.465, 0.832, 0.833] · L 360 nobj 36
  semilla 9109: fraccion B+D del mundo por cuarto de T [0.839, 0.848, 0.842, 0.843] · L 360 nobj 36
  semilla 9110: fraccion B+D del mundo por cuarto de T [0.777, 0.847, 0.859, 0.855] · L 360 nobj 36
  semilla 9111: fraccion B+D del mundo por cuarto de T [0.06, 0.624, 0.85, 0.846] · L 360 nobj 36
  semilla 9112: fraccion B+D del mundo por cuarto de T [0.78, 0.843, 0.848, 0.841] · L 360 nobj 36
  semilla 9113: fraccion B+D del mundo por cuarto de T [0.811, 0.828, 0.853, 0.836] · L 360 nobj 36
  semilla 9114: fraccion B+D del mundo por cuarto de T [0.835, 0.842, 0.847, 0.844] · L 360 nobj 36
  semilla 9115: fraccion B+D del mundo por cuarto de T [0.841, 0.838, 0.84, 0.847] · L 360 nobj 36
  semilla 9116: fraccion B+D del mundo por cuarto de T [0.825, 0.87, 0.843, 0.846] · L 360 nobj 36
  semilla 9117: fraccion B+D del mundo por cuarto de T [0.845, 0.858, 0.841, 0.821] · L 360 nobj 36
  semilla 9118: fraccion B+D del mundo por cuarto de T [0.803, 0.842, 0.829, 0.832] · L 360 nobj 36
  semilla 9119: fraccion B+D del mundo por cuarto de T [0.829, 0.834, 0.859, 0.841] · L 360 nobj 36
  semilla 9120: fraccion B+D del mundo por cuarto de T [0.845, 0.848, 0.862, 0.836] · L 360 nobj 36
  DIAGNOSTICO (mediana sobre 180 linajes-semilla; ventana 50 pasos tras perder el objetivo bueno):
    robos por linaje 1764.5 · perdidas por olvido 66.0 · B/D tras robo 0.576 vs tras olvido 0.529 vs base 0.519 · A/C tras robo 0.54 vs base 0.623
    distancia media al bueno mas cercano 54.9 · frac pasos sin bueno en el mundo 0.08 · frac pasos sin NINGUN objeto a <= 20 0.036 (max 0.0445)
  MECANISMO (ENMIENDA 4; desde la fisica: 'limpieza' = mordida de B/D A SABIENDAS -letra ya mordida por el linaje- con el golpe en la necesidad MAS llena):
    limpiezas por linaje-semilla (mediana) 1034.5 · por cuerpo 77.832 · total 183950 · objetos buenos que reaparecen por ellas 92020 (0.5 por limpieza)
    todas las mordidas malas 184568 -> buenos que reaparecen 92327 · fraccion de pasos SIN ningun objeto bueno en el mundo por semilla [0.0115, 0.0088, 0.0072, 0.014, 0.0094, 0.0061, 0.0041, 0.0047, 0.0068, 0.0048, 0.0035, 0.0099, 0.0085, 0.0097, 0.008, 0.0114, 0.0078, 0.0053, 0.0181, 0.0097] (mediana 0.008)
  HAMBRE -> BOCA (suma de todos los linajes-semilla; H = manda el hambre, S = manda la sed; deficit = el de la necesidad activa):
    AH: decisiones 201523 mordidas  79440 tasa 0.394 · deficit medio al decidir 0.217 al morder 0.244
    AS: decisiones  39868 mordidas  29588 tasa 0.742 · deficit medio al decidir 0.555 al morder 0.537
    BH: decisiones 644439 mordidas  22049 tasa 0.034 · deficit medio al decidir 0.144 al morder 0.024
    BS: decisiones 138252 mordidas  70143 tasa 0.507 · deficit medio al decidir 0.540 al morder 0.442
    CH: decisiones 174700 mordidas  72934 tasa 0.417 · deficit medio al decidir 0.152 al morder 0.237
    CS: decisiones  41870 mordidas  37002 tasa 0.884 · deficit medio al decidir 0.540 al morder 0.509
    DH: decisiones 626840 mordidas  92342 tasa 0.147 · deficit medio al decidir 0.125 al morder 0.347
    DS: decisiones 139652 mordidas     34 tasa 0.000 · deficit medio al decidir 0.554 al morder 0.149
    deficit en mordidas B/D (bins de 0.1) [63671, 8428, 8233, 22079, 22867, 16885, 13763, 13943, 10453, 4246] (media ~0.358) · en mordidas A/C [97213, 6811, 7190, 15518, 16099, 16699, 15179, 19900, 17775, 6580] (media ~0.346)
    mordidas B/D con un robo en los 50 pasos previos 0.615 vs pasos cubiertos asi 0.566 · deficit en B/D con robo previo 0.363 vs sin 0.301
    formato H-BOCA (mordidas / exposiciones): veneno con SED 70143/137356 · veneno con HAMBRE 22049/582545 · sal con HAMBRE 92342/562900 · sal con SED 34/139405
  contabilidad fisica coherente: 180/180 · t_fund reconstruible desde telem == fisica: 180/180
  mundo: objetos medios por tipo (A comida, B veneno, C agua, D sal; nobj=36) por semilla [{'A': 2.7453, 'B': 16.0043, 'C': 2.8702, 'D': 14.3801}, {'A': 3.079, 'B': 14.0111, 'C': 3.0124, 'D': 15.8975}, {'A': 2.7255, 'B': 14.8593, 'C': 3.453, 'D': 14.9622}, {'A': 2.5771, 'B': 14.0607, 'C': 3.2558, 'D': 16.1063}, {'A': 2.8943, 'B': 15.2726, 'C': 2.8729, 'D': 14.9602}, {'A': 2.836, 'B': 14.8734, 'C': 2.8602, 'D': 15.4305}, {'A': 3.2313, 'B': 13.9135, 'C': 2.8149, 'D': 16.0403}, {'A': 12.1025, 'B': 13.6256, 'C': 2.0493, 'D': 8.2226}, {'A': 2.875, 'B': 14.6157, 'C': 2.7761, 'D': 15.7333}, {'A': 2.7175, 'B': 13.2137, 'C': 3.2405, 'D': 16.8283}, {'A': 8.0282, 'B': 11.1498, 'C': 6.5515, 'D': 10.2706}, {'A': 3.4733, 'B': 16.0519, 'C': 2.7155, 'D': 13.7593}, {'A': 3.0473, 'B': 15.0173, 'C': 3.0001, 'D': 14.9353}, {'A': 2.7732, 'B': 16.4966, 'C': 2.9098, 'D': 13.8204}, {'A': 2.7294, 'B': 16.245, 'C': 2.9768, 'D': 14.0488}, {'A': 2.5212, 'B': 16.3859, 'C': 3.0336, 'D': 14.0593}, {'A': 2.9128, 'B': 14.6982, 'C': 2.795, 'D': 15.5939}, {'A': 3.3416, 'B': 14.8613, 'C': 2.9073, 'D': 14.8898}, {'A': 2.8434, 'B': 16.2893, 'C': 2.8855, 'D': 13.9818}, {'A': 2.8383, 'B': 14.5099, 'C': 2.6508, 'D': 16.001}] · olvidos [2685, 2698, 2747, 2720, 2671, 2675, 2631, 2716, 2735, 2759, 2646, 2652, 2602, 2596, 2649, 2743, 2707, 2683, 2735, 2706]
  mordidas totales por tipo por semilla [{'A': 5709, 'B': 4818, 'C': 5724, 'D': 4753}, {'A': 5621, 'B': 4725, 'C': 5516, 'D': 4570}, {'A': 5647, 'B': 4770, 'C': 5522, 'D': 4623}, {'A': 5491, 'B': 4700, 'C': 5558, 'D': 4790}, {'A': 5582, 'B': 4572, 'C': 5546, 'D': 4498}, {'A': 5628, 'B': 4659, 'C': 5706, 'D': 4771}, {'A': 5709, 'B': 4739, 'C': 5667, 'D': 4646}, {'A': 3666, 'B': 3451, 'C': 4399, 'D': 3799}, {'A': 5635, 'B': 4679, 'C': 5681, 'D': 4734}, {'A': 5676, 'B': 4840, 'C': 5454, 'D': 4602}, {'A': 4200, 'B': 3916, 'C': 4232, 'D': 3968}, {'A': 5502, 'B': 4685, 'C': 5589, 'D': 4794}, {'A': 5676, 'B': 4710, 'C': 5724, 'D': 4776}, {'A': 5576, 'B': 4711, 'C': 5749, 'D': 4852}, {'A': 5656, 'B': 4712, 'C': 5786, 'D': 4824}, {'A': 5446, 'B': 4589, 'C': 5674, 'D': 4851}, {'A': 5718, 'B': 4842, 'C': 5552, 'D': 4660}, {'A': 5653, 'B': 4672, 'C': 5607, 'D': 4551}, {'A': 5462, 'B': 4505, 'C': 5660, 'D': 4616}, {'A': 5775, 'B': 4897, 'C': 5590, 'D': 4698}]
  referencia UN cuerpo a la vez: REL 0.395 (acum 1: 0.483) -- bloque 2, replica 1601-1620, un cuerpo a la vez (REGLAMENTO sec. 1)

ERR-99 / ENMIENDA 2 (evaluable = >= 5 muertes; cruza = R0 >= 0.9 y 0 fundadores tras t = 10000) · modo r2
  escuderia  lin-sem cruzan evaluab casi inm R0 eval med sem. que cruza nac reales fund>10k med sin parir R0 REAL eval med cruzan real  gana
  O2             180    162     177        3       6.533          20/20       10.0          0.0       0.2            0.867          69  -- (varios linajes por semilla)
  PREDICCIONES FIRMADAS (ENMIENDAS 2 y 3) y lo medido:
    (ronda 2: el criterio y las predicciones que deciden estan en el bloque RONDA 2 / ENMIENDA 5 de abajo)

RONDA 2 / ENMIENDA 5 (fundador limpio SI; cruza = R0 de NACIMIENTOS REALES >= 0.9 y 0 fundadores tras t = 10000, con >= 5 muertes) · r2mono_O2
  equipo     lin-sem cruzan evaluab casi inm R0 REAL eval med R0 prereg med sem cruza (mayoria)  (todos)  gana
  O2             180     69     177        3            0.867         6.533                7/20     0/20  no
  PREDICCIONES FIRMADAS (ENMIENDA 5) -- se leen sobre el conjunto de series; lo de esta serie:
    - al menos un equipo gana la ronda 2 en monocultivo (p 0.50)
    - en pista mixta con 6 FABRICA gana alguno (p 0.25)
    - O1 con fundador limpio cruza en monocultivo con R0 real (p 0.60)
    medido en esta serie: monocultivo de ['O2']: gana no

PERSISTENCIA / ENMIENDA 6 (co-principal; persiste = 0 fundadores tras t = 10000 y >= 5 nacimientos reales; estabiliza en una semilla si persiste > 1/2 de sus linajes; estabiliza la ronda con >= 15/20)
  equipo     lin-sem persisten nac reales med sem estabiliza  estabiliza   muertes voluntarias FISICAS (fraccion)   declaradas por el carro (no cuentan)
  O2             180       161           10.0          18/20  SI          381/4265 (0.0893)   -  -> con muerte programada
  PREDICCIONES FIRMADAS (ENMIENDA 6, persistencia) y lo medido en esta serie:
    - O2 estabiliza en mono (p 0.45)  ->  medido: ESTABILIZA (18/20 semillas)
  PIZARRA completa C:\Users\User\Documents\PROYECTOS\JUACO\carrera\experimentos\carrera_escuderias\datos\carrera_rondar2mono_O2_s9101-9120_20260922_175015_pizarra.jsonl.gz
  RESUMEN C:\Users\User\Documents\PROYECTOS\JUACO\carrera\experimentos\carrera_escuderias\datos\carrera_rondar2mono_O2_s9101-9120_20260922_175015_resumen.json

Terminado en 1811.2s
