JUEZ · rondar2mono_O4_s9101-9120 · 2026-09-22 18:42:10 · python 3.14.2 · pool 6
  pista.py 9f47c65e438e0ff4 · juez.py 6a68f640a7832f12 · carros {'O4': '75fd196ccbc1347e'}
  carros (orden = indice de linaje): ['O4', 'O4', 'O4', 'O4', 'O4', 'O4', 'O4', 'O4', 'O4'] · semillas 9101-9120 · T=100000 · pizarra 1 · rep_acum 0 · escala 1 · mundo_N N (el de los carros) · fundador_limpio 1
  CHEQUEO ESTATICO O4: PASA
  IDENTIDAD CORTA: sha f9c 9dd1fb91ecec35ae (OK) · FABRICA solo == organismo_f9c REL (s=1, T=5000): OK
  [  323.5s] semilla 9101 (322.3s) R0 pista 0.7985
  [  324.6s] semilla 9105 (323.3s) R0 pista 1.2376
  [  326.8s] semilla 9104 (325.5s) R0 pista 1.0409
  [  326.9s] semilla 9102 (325.6s) R0 pista 1.0437
  [  327.0s] semilla 9106 (325.7s) R0 pista 0.927
  [  330.8s] semilla 9103 (329.5s) R0 pista 0.9452
  [  602.1s] semilla 9107 (278.5s) R0 pista 0.8003
  [  602.4s] semilla 9108 (277.8s) R0 pista 0.9212
  [  603.3s] semilla 9111 (276.3s) R0 pista 0.6761
  [  603.9s] semilla 9109 (277.1s) R0 pista 1.0113
  [  604.9s] semilla 9110 (278.0s) R0 pista 1.375
  [  607.6s] semilla 9112 (276.8s) R0 pista 1.2933
  [  879.3s] semilla 9115 (276.0s) R0 pista 0.8279
  [  880.3s] semilla 9114 (277.9s) R0 pista 0.8738
  [  881.0s] semilla 9113 (278.9s) R0 pista 1.0218
  [  881.4s] semilla 9116 (277.6s) R0 pista 0.8286
  [  882.7s] semilla 9117 (277.8s) R0 pista 0.9978
  [  887.0s] semilla 9118 (279.4s) R0 pista 0.9416
  [ 1160.7s] semilla 9120 (280.4s) R0 pista 0.6823
  [ 1162.6s] semilla 9119 (283.3s) R0 pista 0.8428
  CRUDO C:\Users\User\Documents\PROYECTOS\JUACO\carrera\experimentos\carrera_escuderias\datos\carrera_rondar2mono_O4_s9101-9120_20260922_184210.json (sha 11c09fa78c7eade2)

RESUMEN · rondar2mono_O4_s9101-9120 · semillas [9101, 9102, 9103, 9104, 9105, 9106, 9107, 9108, 9109, 9110, 9111, 9112, 9113, 9114, 9115, 9116, 9117, 9118, 9119, 9120] · T=100000 · pizarra 1 · rep_acum 0
  linaje        R0 med         R0 por semilla    vida  muert  desc  fund    p1    c1   expA    sac  causas (hambre/sed/veneno/sal)  >=0.9
  O4#0           1.388 [2.1081, 0.6119, 1.5122, 1.6, 1.4167, 1.55, 1.5789, 1.1351, 1.3077, 1.3077, 1.8378, 1.2778, 1.5833, 1.175, 1.6571, 0.1459, 0.2022, 1.359, 1.6944, 0.2788]  3013.0   37.5  52.0   0.0 0.972   1.0  499.0  0.493  84/86/531/523 (7%/7%/43%/43%)  16/20
  O4#1           1.346 [0.1564, 0.7778, 1.4, 1.5, 1.3421, 0.3007, 1.6857, 1.5, 1.35, 1.4359, 1.6316, 1.2439, 1.3056, 0.1584, 0.0444, 1.4211, 1.7429, 1.5641, 0.4, 0.0601]  3007.5   39.0  52.5   0.0 0.971   1.0  482.0  0.476  98/77/813/828 (5%/4%/45%/46%)  13/20
  O4#2           1.338 [1.15, 1.1538, 1.2174, 1.2308, 1.2308, 1.4048, 1.4054, 1.3421, 1.2444, 1.5, 1.6944, 1.4211, 0.3235, 1.2, 1.5, 1.3488, 1.3243, 1.3333, 1.5263, 1.5946] 3010.25   38.0  56.0   0.0 0.973   1.0  494.5  0.482  105/104/332/315 (12%/12%/39%/37%)  19/20
  O4#3           1.423 [1.9143, 1.2381, 1.4103, 0.7656, 1.3158, 1.5641, 1.5714, 1.5946, 1.3684, 1.0952, 1.4359, 1.1795, 1.4857, 1.25, 1.8421, 1.3846, 1.4444, 1.3488, 1.5263, 1.6286]  3013.5   37.5  54.5   0.0 0.973   1.0  499.5   0.48  100/89/284/298 (13%/12%/37%/39%)  19/20
  O4#4           1.419 [1.4615, 1.25, 1.2632, 0.287, 1.4048, 1.3902, 1.4324, 1.6216, 1.4571, 1.3611, 0.0238, 1.3939, 1.4737, 1.4, 1.8286, 1.5128, 1.5714, 1.2381, 1.6579, 1.6757]  3013.5   36.5  54.0   0.0 0.972   1.0  498.5  0.495  89/78/507/465 (8%/7%/45%/41%)  18/20
  O4#5           1.365 [1.8919, 1.1143, 1.6098, 1.4474, 1.3714, 1.6053, 1.359, 1.2195, 1.0222, 1.5278, 0.6625, 1.3333, 0.5464, 1.375, 1.4474, 1.3333, 1.5135, 0.2071, 0.1455, 1.6667]  3010.5   38.0  54.0   0.0 0.972   1.0  489.0  0.477  101/109/485/471 (9%/9%/42%/40%)  16/20
  O4#6           1.351 [1.65, 1.3421, 1.1951, 1.3947, 1.25, 0.4762, 1.5143, 0.2086, 0.312, 1.1795, 1.85, 1.4412, 1.3171, 1.4103, 1.3529, 1.2927, 1.5429, 1.35, 1.6944, 1.8611] 3011.75   38.5  53.0   0.0 0.971   1.0  481.0  0.471  102/92/424/402 (10%/9%/42%/39%)  17/20
  O4#7             1.4 [1.6842, 1.0789, 1.6667, 1.4, 1.3611, 1.2381, 0.0667, 1.5676, 1.2051, 1.6154, 1.8378, 1.2368, 1.4, 1.3571, 2.0556, 1.1905, 1.5143, 1.125, 1.5676, 1.7436] 3011.75   37.5  56.0   0.0 0.973   1.0  510.0  0.486  100/93/412/391 (10%/9%/41%/39%)  19/20
  O4#8           1.277 [0.2131, 1.25, 0.164, 1.3158, 0.7241, 1.1364, 1.6286, 0.6957, 1.3947, 1.3889, 0.8814, 1.15, 1.7941, 1.5405, 1.641, 1.087, 1.2973, 1.2558, 1.5833, 1.5714] 3008.75   39.0  50.0   0.0 0.971   1.0  488.0  0.478  109/89/466/459 (10%/8%/41%/41%)  15/20
  R0 de la pista (mediana por semilla de sum desc / (sum muertes + n)): 0.934 · por semilla [0.7985, 1.0437, 0.9452, 1.0409, 1.2376, 0.927, 0.8003, 0.9212, 1.0113, 1.375, 0.6761, 1.2933, 1.0218, 0.8738, 0.8279, 0.8286, 0.9978, 0.9416, 0.8428, 0.6823]
  semilla 9101: fraccion B+D del mundo por cuarto de T [0.908, 0.922, 0.929, 0.943] · L 360 nobj 36
  semilla 9102: fraccion B+D del mundo por cuarto de T [0.935, 0.944, 0.941, 0.946] · L 360 nobj 36
  semilla 9103: fraccion B+D del mundo por cuarto de T [0.925, 0.927, 0.939, 0.938] · L 360 nobj 36
  semilla 9104: fraccion B+D del mundo por cuarto de T [0.933, 0.943, 0.933, 0.942] · L 360 nobj 36
  semilla 9105: fraccion B+D del mundo por cuarto de T [0.933, 0.942, 0.939, 0.937] · L 360 nobj 36
  semilla 9106: fraccion B+D del mundo por cuarto de T [0.905, 0.936, 0.944, 0.937] · L 360 nobj 36
  semilla 9107: fraccion B+D del mundo por cuarto de T [0.928, 0.933, 0.936, 0.941] · L 360 nobj 36
  semilla 9108: fraccion B+D del mundo por cuarto de T [0.918, 0.935, 0.942, 0.945] · L 360 nobj 36
  semilla 9109: fraccion B+D del mundo por cuarto de T [0.927, 0.948, 0.938, 0.935] · L 360 nobj 36
  semilla 9110: fraccion B+D del mundo por cuarto de T [0.926, 0.943, 0.936, 0.939] · L 360 nobj 36
  semilla 9111: fraccion B+D del mundo por cuarto de T [0.913, 0.935, 0.928, 0.938] · L 360 nobj 36
  semilla 9112: fraccion B+D del mundo por cuarto de T [0.939, 0.941, 0.946, 0.931] · L 360 nobj 36
  semilla 9113: fraccion B+D del mundo por cuarto de T [0.934, 0.934, 0.938, 0.931] · L 360 nobj 36
  semilla 9114: fraccion B+D del mundo por cuarto de T [0.933, 0.933, 0.94, 0.945] · L 360 nobj 36
  semilla 9115: fraccion B+D del mundo por cuarto de T [0.932, 0.925, 0.926, 0.938] · L 360 nobj 36
  semilla 9116: fraccion B+D del mundo por cuarto de T [0.927, 0.942, 0.937, 0.936] · L 360 nobj 36
  semilla 9117: fraccion B+D del mundo por cuarto de T [0.926, 0.938, 0.938, 0.938] · L 360 nobj 36
  semilla 9118: fraccion B+D del mundo por cuarto de T [0.92, 0.941, 0.938, 0.942] · L 360 nobj 36
  semilla 9119: fraccion B+D del mundo por cuarto de T [0.915, 0.933, 0.936, 0.936] · L 360 nobj 36
  semilla 9120: fraccion B+D del mundo por cuarto de T [0.897, 0.931, 0.937, 0.94] · L 360 nobj 36
  DIAGNOSTICO (mediana sobre 180 linajes-semilla; ventana 50 pasos tras perder el objetivo bueno):
    robos por linaje 1810.0 · perdidas por olvido 51.0 · B/D tras robo 0.257 vs tras olvido 0.244 vs base 0.209 · A/C tras robo 0.303 vs base 0.353
    distancia media al bueno mas cercano 71.673 · frac pasos sin bueno en el mundo 0.289 · frac pasos sin NINGUN objeto a <= 20 0.032 (max 0.0441)
  MECANISMO (ENMIENDA 4; desde la fisica: 'limpieza' = mordida de B/D A SABIENDAS -letra ya mordida por el linaje- con el golpe en la necesidad MAS llena):
    limpiezas por linaje-semilla (mediana) 367.5 · por cuerpo 9.182 · total 67039 · objetos buenos que reaparecen por ellas 33567 (0.501 por limpieza)
    todas las mordidas malas 76177 -> buenos que reaparecen 38098 · fraccion de pasos SIN ningun objeto bueno en el mundo por semilla [0.0278, 0.044, 0.0451, 0.0314, 0.0387, 0.042, 0.0377, 0.0332, 0.0382, 0.0332, 0.0339, 0.0425, 0.0353, 0.0401, 0.0318, 0.0377, 0.039, 0.0362, 0.0324, 0.0295] (mediana 0.037)
  HAMBRE -> BOCA (suma de todos los linajes-semilla; H = manda el hambre, S = manda la sed; deficit = el de la necesidad activa):
    AH: decisiones  72243 mordidas  46505 tasa 0.644 · deficit medio al decidir 0.172 al morder 0.231
    AS: decisiones  20837 mordidas  15153 tasa 0.727 · deficit medio al decidir 0.447 al morder 0.428
    BH: decisiones 638847 mordidas  14169 tasa 0.022 · deficit medio al decidir 0.176 al morder 0.196
    BS: decisiones 204029 mordidas  24016 tasa 0.118 · deficit medio al decidir 0.450 al morder 0.387
    CH: decisiones  68317 mordidas  38293 tasa 0.561 · deficit medio al decidir 0.162 al morder 0.212
    CS: decisiones  25065 mordidas  23370 tasa 0.932 · deficit medio al decidir 0.425 al morder 0.394
    DH: decisiones 623233 mordidas  34260 tasa 0.055 · deficit medio al decidir 0.165 al morder 0.293
    DS: decisiones 213009 mordidas   3732 tasa 0.018 · deficit medio al decidir 0.465 al morder 0.545
    deficit en mordidas B/D (bins de 0.1) [26673, 6758, 5102, 6086, 11402, 6019, 4336, 3829, 3282, 2690] (media ~0.331) · en mordidas A/C [51816, 9188, 8172, 8966, 14937, 9957, 7897, 5538, 4146, 2704] (media ~0.298)
    mordidas B/D con un robo en los 50 pasos previos 0.709 vs pasos cubiertos asi 0.624 · deficit en B/D con robo previo 0.322 vs sin 0.29
    formato H-BOCA (mordidas / exposiciones): veneno con SED 24016/199999 · veneno con HAMBRE 14169/596401 · sal con HAMBRE 34260/579685 · sal con SED 3732/209646
  contabilidad fisica coherente: 180/180 · t_fund reconstruible desde telem == fisica: 180/180
  mundo: objetos medios por tipo (A comida, B veneno, C agua, D sal; nobj=36) por semilla [{'A': 1.3604, 'B': 16.0226, 'C': 1.3174, 'D': 17.2997}, {'A': 0.9868, 'B': 18.1142, 'C': 1.1148, 'D': 15.7842}, {'A': 1.2354, 'B': 15.8286, 'C': 1.2066, 'D': 17.7294}, {'A': 1.1436, 'B': 17.1402, 'C': 1.0961, 'D': 16.6201}, {'A': 1.031, 'B': 17.8571, 'C': 1.201, 'D': 15.9108}, {'A': 1.2462, 'B': 16.4468, 'C': 1.2579, 'D': 17.0491}, {'A': 1.1362, 'B': 17.3721, 'C': 1.2168, 'D': 16.275}, {'A': 1.1984, 'B': 17.3686, 'C': 1.1408, 'D': 16.2921}, {'A': 1.1325, 'B': 15.7308, 'C': 1.1335, 'D': 18.0032}, {'A': 1.1304, 'B': 16.0805, 'C': 1.174, 'D': 17.6152}, {'A': 1.3098, 'B': 17.025, 'C': 1.266, 'D': 16.3991}, {'A': 1.1178, 'B': 16.8769, 'C': 1.0723, 'D': 16.933}, {'A': 1.2005, 'B': 16.5531, 'C': 1.1638, 'D': 17.0825}, {'A': 1.1288, 'B': 17.4002, 'C': 1.1204, 'D': 16.3506}, {'A': 1.2303, 'B': 17.7396, 'C': 1.273, 'D': 15.7571}, {'A': 1.2167, 'B': 16.5328, 'C': 1.106, 'D': 17.1446}, {'A': 1.1603, 'B': 17.2277, 'C': 1.1773, 'D': 16.4346}, {'A': 1.1633, 'B': 16.6568, 'C': 1.1646, 'D': 17.0153}, {'A': 1.2686, 'B': 17.2846, 'C': 1.2454, 'D': 16.2013}, {'A': 1.4267, 'B': 16.4038, 'C': 1.2356, 'D': 16.9339}] · olvidos [2689, 2707, 2731, 2722, 2678, 2668, 2634, 2704, 2724, 2751, 2649, 2645, 2590, 2614, 2660, 2752, 2710, 2671, 2730, 2684]
  mordidas totales por tipo por semilla [{'A': 3101, 'B': 1913, 'C': 3103, 'D': 1896}, {'A': 2963, 'B': 1874, 'C': 3130, 'D': 1989}, {'A': 3130, 'B': 1880, 'C': 3041, 'D': 1854}, {'A': 3047, 'B': 1854, 'C': 3101, 'D': 1841}, {'A': 3002, 'B': 1798, 'C': 3253, 'D': 2046}, {'A': 3172, 'B': 1978, 'C': 3109, 'D': 1923}, {'A': 2996, 'B': 1912, 'C': 3086, 'D': 1934}, {'A': 3102, 'B': 1937, 'C': 3014, 'D': 1862}, {'A': 3129, 'B': 1937, 'C': 3037, 'D': 1864}, {'A': 3246, 'B': 1994, 'C': 3231, 'D': 1926}, {'A': 3013, 'B': 1916, 'C': 3038, 'D': 1897}, {'A': 3137, 'B': 1936, 'C': 3099, 'D': 1891}, {'A': 3114, 'B': 1893, 'C': 3043, 'D': 1793}, {'A': 3047, 'B': 1933, 'C': 3050, 'D': 1947}, {'A': 3028, 'B': 1803, 'C': 3037, 'D': 1846}, {'A': 3094, 'B': 1936, 'C': 2989, 'D': 1864}, {'A': 3158, 'B': 1991, 'C': 3140, 'D': 1965}, {'A': 3052, 'B': 1880, 'C': 3151, 'D': 1954}, {'A': 3096, 'B': 1899, 'C': 3082, 'D': 1881}, {'A': 3031, 'B': 1921, 'C': 2929, 'D': 1819}]
  referencia UN cuerpo a la vez: REL 0.395 (acum 1: 0.483) -- bloque 2, replica 1601-1620, un cuerpo a la vez (REGLAMENTO sec. 1)

ERR-99 / ENMIENDA 2 (evaluable = >= 5 muertes; cruza = R0 >= 0.9 y 0 fundadores tras t = 10000) · modo r2
  escuderia  lin-sem cruzan evaluab casi inm R0 eval med sem. que cruza nac reales fund>10k med sin parir R0 REAL eval med cruzan real  gana
  O4             180    152     180        0       1.373          20/20       37.0          0.0     0.263            0.973         148  -- (varios linajes por semilla)
  PREDICCIONES FIRMADAS (ENMIENDAS 2 y 3) y lo medido:
    (ronda 2: el criterio y las predicciones que deciden estan en el bloque RONDA 2 / ENMIENDA 5 de abajo)

RONDA 2 / ENMIENDA 5 (fundador limpio SI; cruza = R0 de NACIMIENTOS REALES >= 0.9 y 0 fundadores tras t = 10000, con >= 5 muertes) · r2mono_O4
  equipo     lin-sem cruzan evaluab casi inm R0 REAL eval med R0 prereg med sem cruza (mayoria)  (todos)  gana
  O4             180    148     180        0            0.973         1.373               20/20     2/20  SI
  PREDICCIONES FIRMADAS (ENMIENDA 5) -- se leen sobre el conjunto de series; lo de esta serie:
    - al menos un equipo gana la ronda 2 en monocultivo (p 0.50)
    - en pista mixta con 6 FABRICA gana alguno (p 0.25)
    - O1 con fundador limpio cruza en monocultivo con R0 real (p 0.60)
    medido en esta serie: monocultivo de ['O4']: gana SI

PERSISTENCIA / ENMIENDA 6 (co-principal; persiste = 0 fundadores tras t = 10000 y >= 5 nacimientos reales; estabiliza en una semilla si persiste > 1/2 de sus linajes; estabiliza la ronda con >= 15/20)
  equipo     lin-sem persisten nac reales med sem estabiliza  estabiliza   muertes voluntarias FISICAS (fraccion)   declaradas por el carro (no cuentan)
  O4             180       159           37.0          20/20  SI          3909/10111 (0.3866)   {'senescentes': 4008}  -> con muerte programada
  PREDICCIONES FIRMADAS (ENMIENDA 6, persistencia) y lo medido en esta serie:
    - O4 estabiliza en mono (p 0.35)  ->  medido: ESTABILIZA (20/20 semillas)
  PIZARRA completa C:\Users\User\Documents\PROYECTOS\JUACO\carrera\experimentos\carrera_escuderias\datos\carrera_rondar2mono_O4_s9101-9120_20260922_184210_pizarra.jsonl.gz
  RESUMEN C:\Users\User\Documents\PROYECTOS\JUACO\carrera\experimentos\carrera_escuderias\datos\carrera_rondar2mono_O4_s9101-9120_20260922_184210_resumen.json

Terminado en 1162.7s
