JUEZ · rondar2mono_O3_s9121-9140 · 2026-09-22 19:27:44 · python 3.14.2 · pool 6
  pista.py 9f47c65e438e0ff4 · juez.py 6a68f640a7832f12 · carros {'O3': '0442c2884fcb0e11'}
  carros (orden = indice de linaje): ['O3', 'O3', 'O3', 'O3', 'O3', 'O3', 'O3', 'O3', 'O3'] · semillas 9121-9140 · T=100000 · pizarra 1 · rep_acum 0 · escala 1 · mundo_N N (el de los carros) · fundador_limpio 1
  CHEQUEO ESTATICO O3: PASA
  IDENTIDAD CORTA: sha f9c 9dd1fb91ecec35ae (OK) · FABRICA solo == organismo_f9c REL (s=1, T=5000): OK
  [  488.1s] semilla 9126 (486.8s) R0 pista 1.851
  [  491.5s] semilla 9123 (490.3s) R0 pista 1.8127
  [  497.8s] semilla 9122 (496.5s) R0 pista 1.8625
  [  498.9s] semilla 9121 (497.7s) R0 pista 1.8345
  [  499.2s] semilla 9124 (497.9s) R0 pista 1.8219
  [  501.8s] semilla 9125 (500.5s) R0 pista 1.7906
  [  971.8s] semilla 9129 (474.0s) R0 pista 1.7651
  [  972.6s] semilla 9127 (484.5s) R0 pista 1.795
  [  981.8s] semilla 9128 (490.2s) R0 pista 1.7794
  [  983.9s] semilla 9130 (485.0s) R0 pista 1.8606
  [  986.0s] semilla 9132 (484.2s) R0 pista 1.8355
  [  990.6s] semilla 9131 (491.5s) R0 pista 1.8858
  [ 1443.8s] semilla 9134 (471.2s) R0 pista 1.8412
  [ 1450.1s] semilla 9133 (478.3s) R0 pista 1.7473
  [ 1457.8s] semilla 9135 (476.1s) R0 pista 1.8237
  [ 1464.3s] semilla 9136 (480.4s) R0 pista 1.8621
  [ 1468.1s] semilla 9138 (477.4s) R0 pista 1.7613
  [ 1475.9s] semilla 9137 (489.9s) R0 pista 1.7918
  [ 1842.9s] semilla 9139 (399.1s) R0 pista 1.8047
  [ 1854.0s] semilla 9140 (403.9s) R0 pista 1.7402
  CRUDO C:\Users\User\Documents\PROYECTOS\JUACO\carrera\experimentos\carrera_escuderias\datos\carrera_rondar2mono_O3_s9121-9140_20260922_192744.json (sha 701ad05431cb4e6f)

RESUMEN · rondar2mono_O3_s9121-9140 · semillas [9121, 9122, 9123, 9124, 9125, 9126, 9127, 9128, 9129, 9130, 9131, 9132, 9133, 9134, 9135, 9136, 9137, 9138, 9139, 9140] · T=100000 · pizarra 1 · rep_acum 0
  linaje        R0 med         R0 por semilla    vida  muert  desc  fund    p1    c1   expA    sac  causas (hambre/sed/veneno/sal)  >=0.9
  O3#0           1.794 [1.8929, 1.8667, 1.7576, 1.7879, 1.8276, 1.8387, 1.6486, 1.6765, 1.871, 1.8, 2.0769, 1.725, 1.6061, 1.6667, 1.9333, 1.9032, 1.7812, 1.5278, 1.871, 1.6786]  2771.0   30.0  57.0   0.0   1.0 0.967  722.5  0.616  20/24/292/283 (3%/4%/47%/46%)  20/20
  O3#1           1.809 [1.9643, 1.7742, 1.8966, 1.7714, 1.8, 1.7179, 1.7297, 1.7419, 1.8125, 1.8387, 1.9062, 1.8966, 1.7812, 1.9706, 1.6452, 1.9394, 1.8276, 1.8065, 1.7812, 1.9333] 2743.25   30.0  57.0   0.0   1.0 0.973  731.0  0.624  16/16/287/297 (3%/3%/47%/48%)  20/20
  O3#2           1.818 [1.8182, 1.871, 1.8065, 1.9655, 1.7353, 1.8889, 1.8824, 1.6471, 1.8214, 1.8485, 1.9211, 1.8182, 1.7, 1.6667, 1.875, 1.7097, 1.8667, 1.6, 1.5, 1.7931] 2768.75   32.0  57.0   0.0  0.97  0.97  731.0  0.615  13/16/310/293 (2%/3%/49%/46%)  20/20
  O3#3           1.867 [1.8684, 1.8333, 1.8214, 1.8667, 1.7407, 1.9375, 1.875, 1.8846, 1.75, 2.0294, 2.0, 1.8611, 1.8667, 1.8235, 1.9333, 1.8667, 1.7143, 1.8788, 1.9062, 1.625] 2678.75   31.0  59.0   0.0   1.0 0.969  727.5  0.631  13/15/289/293 (2%/2%/47%/48%)  20/20
  O3#4           1.803 [1.8, 1.8438, 1.8125, 1.8333, 1.8966, 1.8485, 1.8056, 1.7576, 1.675, 1.875, 1.75, 1.7895, 1.9643, 1.9062, 1.7419, 1.7714, 1.6897, 1.8788, 1.7714, 1.6389]  2642.5   32.0  61.0   0.0   1.0 0.971  725.5  0.629  15/22/297/317 (2%/3%/46%/49%)  20/20
  O3#5           1.803 [1.7419, 2.0, 1.8, 1.7586, 1.8065, 1.7647, 2.0, 1.9286, 1.75, 1.7931, 1.8125, 2.0, 1.6061, 1.931, 1.8276, 1.871, 1.7333, 1.6667, 1.8788, 1.7647]  2866.5   30.0  56.0   0.0  0.97 0.968  732.5  0.625  18/18/295/265 (3%/3%/49%/44%)  20/20
  O3#6           1.836 [1.6944, 1.8182, 1.8065, 1.8438, 1.6765, 1.9394, 1.7632, 1.8462, 1.871, 1.9032, 1.875, 1.9375, 1.8276, 1.9688, 1.8, 1.9189, 1.7586, 1.8108, 1.9355, 1.6774] 2595.25   31.0  59.5   0.0   1.0 0.972  735.0  0.629  14/24/301/286 (2%/4%/48%/46%)  20/20
  O3#7           1.853 [1.9655, 2.0, 1.8529, 1.9091, 1.7879, 1.9667, 1.7429, 1.8621, 1.6571, 1.8824, 1.8387, 1.6562, 1.8, 1.8529, 1.75, 1.871, 1.875, 1.8857, 1.8485, 1.7667]  2708.0   31.5  59.0   0.0   1.0 0.969  719.0  0.627  18/18/290/299 (3%/3%/46%/48%)  20/20
  O3#8           1.809 [1.8125, 1.7931, 1.7714, 1.6857, 1.8667, 1.7941, 1.75, 1.7419, 1.7273, 1.7576, 1.8333, 1.8857, 1.625, 1.8125, 1.931, 1.9032, 1.8667, 1.8235, 1.8125, 1.8065] 2807.25   31.0  58.0   0.0 0.986 0.969  732.0  0.629  18/19/302/285 (3%/3%/48%/46%)  20/20
  R0 de la pista (mediana por semilla de sum desc / (sum muertes + n)): 1.817 · por semilla [1.8345, 1.8625, 1.8127, 1.8219, 1.7906, 1.851, 1.795, 1.7794, 1.7651, 1.8606, 1.8858, 1.8355, 1.7473, 1.8412, 1.8237, 1.8621, 1.7918, 1.7613, 1.8047, 1.7402]
  semilla 9121: fraccion B+D del mundo por cuarto de T [0.897, 0.892, 0.891, 0.894] · L 360 nobj 36
  semilla 9122: fraccion B+D del mundo por cuarto de T [0.899, 0.901, 0.891, 0.903] · L 360 nobj 36
  semilla 9123: fraccion B+D del mundo por cuarto de T [0.899, 0.889, 0.892, 0.899] · L 360 nobj 36
  semilla 9124: fraccion B+D del mundo por cuarto de T [0.891, 0.897, 0.896, 0.889] · L 360 nobj 36
  semilla 9125: fraccion B+D del mundo por cuarto de T [0.9, 0.893, 0.899, 0.893] · L 360 nobj 36
  semilla 9126: fraccion B+D del mundo por cuarto de T [0.902, 0.882, 0.885, 0.898] · L 360 nobj 36
  semilla 9127: fraccion B+D del mundo por cuarto de T [0.893, 0.884, 0.894, 0.893] · L 360 nobj 36
  semilla 9128: fraccion B+D del mundo por cuarto de T [0.902, 0.891, 0.9, 0.889] · L 360 nobj 36
  semilla 9129: fraccion B+D del mundo por cuarto de T [0.922, 0.877, 0.891, 0.89] · L 360 nobj 36
  semilla 9130: fraccion B+D del mundo por cuarto de T [0.889, 0.893, 0.897, 0.887] · L 360 nobj 36
  semilla 9131: fraccion B+D del mundo por cuarto de T [0.89, 0.898, 0.889, 0.894] · L 360 nobj 36
  semilla 9132: fraccion B+D del mundo por cuarto de T [0.889, 0.891, 0.895, 0.887] · L 360 nobj 36
  semilla 9133: fraccion B+D del mundo por cuarto de T [0.906, 0.901, 0.897, 0.892] · L 360 nobj 36
  semilla 9134: fraccion B+D del mundo por cuarto de T [0.888, 0.895, 0.894, 0.89] · L 360 nobj 36
  semilla 9135: fraccion B+D del mundo por cuarto de T [0.91, 0.888, 0.895, 0.897] · L 360 nobj 36
  semilla 9136: fraccion B+D del mundo por cuarto de T [0.89, 0.889, 0.889, 0.895] · L 360 nobj 36
  semilla 9137: fraccion B+D del mundo por cuarto de T [0.894, 0.9, 0.896, 0.899] · L 360 nobj 36
  semilla 9138: fraccion B+D del mundo por cuarto de T [0.903, 0.89, 0.895, 0.897] · L 360 nobj 36
  semilla 9139: fraccion B+D del mundo por cuarto de T [0.912, 0.889, 0.889, 0.893] · L 360 nobj 36
  semilla 9140: fraccion B+D del mundo por cuarto de T [0.919, 0.889, 0.897, 0.89] · L 360 nobj 36
  DIAGNOSTICO (mediana sobre 180 linajes-semilla; ventana 50 pasos tras perder el objetivo bueno):
    robos por linaje 1691.5 · perdidas por olvido 64.0 · B/D tras robo 0.38 vs tras olvido 0.362 vs base 0.315 · A/C tras robo 0.365 vs base 0.436
    distancia media al bueno mas cercano 62.202 · frac pasos sin bueno en el mundo 0.118 · frac pasos sin NINGUN objeto a <= 20 0.027 (max 0.0373)
  MECANISMO (ENMIENDA 4; desde la fisica: 'limpieza' = mordida de B/D A SABIENDAS -letra ya mordida por el linaje- con el golpe en la necesidad MAS llena):
    limpiezas por linaje-semilla (mediana) 628.0 · por cuerpo 19.688 · total 113406 · objetos buenos que reaparecen por ellas 56913 (0.502 por limpieza)
    todas las mordidas malas 113812 -> buenos que reaparecen 57118 · fraccion de pasos SIN ningun objeto bueno en el mundo por semilla [0.0076, 0.0067, 0.0105, 0.0066, 0.0094, 0.0072, 0.0117, 0.0048, 0.015, 0.0027, 0.008, 0.004, 0.0156, 0.0052, 0.0068, 0.0062, 0.0074, 0.0092, 0.0056, 0.0131] (mediana 0.007)
  HAMBRE -> BOCA (suma de todos los linajes-semilla; H = manda el hambre, S = manda la sed; deficit = el de la necesidad activa):
    AH: decisiones 118824 mordidas  62936 tasa 0.530 · deficit medio al decidir 0.116 al morder 0.207
    AS: decisiones  21960 mordidas  15431 tasa 0.703 · deficit medio al decidir 0.400 al morder 0.411
    BH: decisiones 666556 mordidas  19954 tasa 0.030 · deficit medio al decidir 0.097 al morder 0.001
    BS: decisiones 130465 mordidas  36692 tasa 0.281 · deficit medio al decidir 0.395 al morder 0.398
    CH: decisiones 107023 mordidas  46124 tasa 0.431 · deficit medio al decidir 0.094 al morder 0.163
    CS: decisiones  34417 mordidas  32661 tasa 0.949 · deficit medio al decidir 0.368 al morder 0.362
    DH: decisiones 650200 mordidas  57133 tasa 0.088 · deficit medio al decidir 0.087 al morder 0.256
    DS: decisiones 150312 mordidas     33 tasa 0.000 · deficit medio al decidir 0.398 al morder 0.542
    deficit en mordidas B/D (bins de 0.1) [49704, 9609, 9504, 11333, 8919, 7038, 6493, 7081, 2592, 1539] (media ~0.275) · en mordidas A/C [69575, 14627, 11847, 12937, 17814, 10851, 7856, 6109, 3881, 1655] (media ~0.265)
    mordidas B/D con un robo en los 50 pasos previos 0.657 vs pasos cubiertos asi 0.581 · deficit en B/D con robo previo 0.262 vs sin 0.247
    formato H-BOCA (mordidas / exposiciones): veneno con SED 36692/130013 · veneno con HAMBRE 19954/603034 · sal con HAMBRE 57133/583905 · sal con SED 33/150036
  contabilidad fisica coherente: 180/180 · t_fund reconstruible desde telem == fisica: 180/180
  mundo: objetos medios por tipo (A comida, B veneno, C agua, D sal; nobj=36) por semilla [{'A': 1.9079, 'B': 16.3536, 'C': 1.928, 'D': 15.8106}, {'A': 1.8271, 'B': 15.5903, 'C': 1.829, 'D': 16.7536}, {'A': 1.876, 'B': 16.0403, 'C': 1.9164, 'D': 16.1673}, {'A': 1.9761, 'B': 15.871, 'C': 1.8712, 'D': 16.2817}, {'A': 1.9016, 'B': 16.4365, 'C': 1.8342, 'D': 15.8277}, {'A': 2.0422, 'B': 14.9722, 'C': 1.8549, 'D': 17.1307}, {'A': 1.886, 'B': 16.9089, 'C': 2.0393, 'D': 15.1658}, {'A': 1.7778, 'B': 17.4473, 'C': 1.9806, 'D': 14.7943}, {'A': 1.8015, 'B': 15.9751, 'C': 1.9851, 'D': 16.2383}, {'A': 1.9768, 'B': 15.8209, 'C': 1.9287, 'D': 16.2735}, {'A': 1.9182, 'B': 16.5068, 'C': 1.9434, 'D': 15.6316}, {'A': 1.9428, 'B': 15.4515, 'C': 2.0002, 'D': 16.6054}, {'A': 1.7603, 'B': 16.1786, 'C': 1.8797, 'D': 16.1815}, {'A': 1.9438, 'B': 16.0927, 'C': 1.9586, 'D': 16.0049}, {'A': 1.8834, 'B': 16.2918, 'C': 1.8076, 'D': 16.0172}, {'A': 1.9759, 'B': 15.8515, 'C': 1.9655, 'D': 16.2071}, {'A': 1.8719, 'B': 16.2912, 'C': 1.8201, 'D': 16.0168}, {'A': 1.8122, 'B': 16.1079, 'C': 1.916, 'D': 16.1639}, {'A': 1.8529, 'B': 16.9172, 'C': 1.8962, 'D': 15.3337}, {'A': 1.8289, 'B': 15.2587, 'C': 1.8117, 'D': 17.1006}] · olvidos [2742, 2692, 2682, 2668, 2637, 2710, 2768, 2691, 2707, 2772, 2684, 2788, 2778, 2752, 2691, 2688, 2720, 2704, 2749, 2730]
  mordidas totales por tipo por semilla [{'A': 3985, 'B': 2875, 'C': 3976, 'D': 2922}, {'A': 3990, 'B': 2963, 'C': 3962, 'D': 2942}, {'A': 3894, 'B': 2830, 'C': 3918, 'D': 2880}, {'A': 4012, 'B': 2961, 'C': 3981, 'D': 2889}, {'A': 3957, 'B': 2898, 'C': 3944, 'D': 2929}, {'A': 3981, 'B': 2794, 'C': 3838, 'D': 2645}, {'A': 3836, 'B': 2676, 'C': 3928, 'D': 2768}, {'A': 3842, 'B': 2773, 'C': 3999, 'D': 2983}, {'A': 3850, 'B': 2753, 'C': 3914, 'D': 2822}, {'A': 3968, 'B': 2852, 'C': 3936, 'D': 2793}, {'A': 3897, 'B': 2817, 'C': 3993, 'D': 2896}, {'A': 3865, 'B': 2679, 'C': 3918, 'D': 2754}, {'A': 3862, 'B': 2815, 'C': 3925, 'D': 2878}, {'A': 3900, 'B': 2781, 'C': 3967, 'D': 2841}, {'A': 3925, 'B': 2864, 'C': 3892, 'D': 2802}, {'A': 3970, 'B': 2865, 'C': 3975, 'D': 2912}, {'A': 3969, 'B': 3001, 'C': 3968, 'D': 3006}, {'A': 3893, 'B': 2785, 'C': 3953, 'D': 2887}, {'A': 3900, 'B': 2803, 'C': 3913, 'D': 2784}, {'A': 3871, 'B': 2861, 'C': 3885, 'D': 2833}]
  referencia UN cuerpo a la vez: REL 0.395 (acum 1: 0.483) -- bloque 2, replica 1601-1620, un cuerpo a la vez (REGLAMENTO sec. 1)

ERR-99 / ENMIENDA 2 (evaluable = >= 5 muertes; cruza = R0 >= 0.9 y 0 fundadores tras t = 10000) · modo r2
  escuderia  lin-sem cruzan evaluab casi inm R0 eval med sem. que cruza nac reales fund>10k med sin parir R0 REAL eval med cruzan real  gana
  O3             180    178     180        0        1.82          20/20       31.0          0.0     0.061            0.968         169  -- (varios linajes por semilla)
  PREDICCIONES FIRMADAS (ENMIENDAS 2 y 3) y lo medido:
    (ronda 2: el criterio y las predicciones que deciden estan en el bloque RONDA 2 / ENMIENDA 5 de abajo)

RONDA 2 / ENMIENDA 5 (fundador limpio SI; cruza = R0 de NACIMIENTOS REALES >= 0.9 y 0 fundadores tras t = 10000, con >= 5 muertes) · r2mono_O3
  equipo     lin-sem cruzan evaluab casi inm R0 REAL eval med R0 prereg med sem cruza (mayoria)  (todos)  gana
  O3             180    169     180        0            0.968          1.82               20/20    14/20  SI
  PREDICCIONES FIRMADAS (ENMIENDA 5) -- se leen sobre el conjunto de series; lo de esta serie:
    - al menos un equipo gana la ronda 2 en monocultivo (p 0.50)
    - en pista mixta con 6 FABRICA gana alguno (p 0.25)
    - O1 con fundador limpio cruza en monocultivo con R0 real (p 0.60)
    medido en esta serie: monocultivo de ['O3']: gana SI

PERSISTENCIA / ENMIENDA 6 (co-principal; persiste = 0 fundadores tras t = 10000 y >= 5 nacimientos reales; estabiliza en una semilla si persiste > 1/2 de sus linajes; estabiliza la ronda con >= 15/20)
  equipo     lin-sem persisten nac reales med sem estabiliza  estabiliza   muertes voluntarias FISICAS (fraccion)   declaradas por el carro (no cuentan)
  O3             180       178           31.0          20/20  SI          4523/5598 (0.808)   {'cuerpos_term': 4760}  -> con muerte programada
  PREDICCIONES FIRMADAS (ENMIENDA 6, persistencia) y lo medido en esta serie:
    - O3 estabiliza en mono (p 0.5)  ->  medido: ESTABILIZA (20/20 semillas)
  PIZARRA completa C:\Users\User\Documents\PROYECTOS\JUACO\carrera\experimentos\carrera_escuderias\datos\carrera_rondar2mono_O3_s9121-9140_20260922_192744_pizarra.jsonl.gz
  RESUMEN C:\Users\User\Documents\PROYECTOS\JUACO\carrera\experimentos\carrera_escuderias\datos\carrera_rondar2mono_O3_s9121-9140_20260922_192744_resumen.json

Terminado en 1854.2s
