JUEZ · rondasellada_sinlimpia_s5001-5020 · 2026-09-22 15:30:27 · python 3.14.2 · pool 6
  pista.py fb0ba16ada56eabc · juez.py 9621e095000aaa1a · carros {'CTRL_O1_SINLIMPIA': 'be029b0a1b8d6634'}
  carros (orden = indice de linaje): ['CTRL_O1_SINLIMPIA', 'CTRL_O1_SINLIMPIA', 'CTRL_O1_SINLIMPIA', 'CTRL_O1_SINLIMPIA', 'CTRL_O1_SINLIMPIA', 'CTRL_O1_SINLIMPIA', 'CTRL_O1_SINLIMPIA', 'CTRL_O1_SINLIMPIA', 'CTRL_O1_SINLIMPIA'] · semillas 5001-5020 · T=100000 · pizarra 1 · rep_acum 0 · escala 1 · mundo_N N (el de los carros)
  CHEQUEO ESTATICO CTRL_O1_SINLIMPIA: PASA
  IDENTIDAD CORTA: sha f9c 9dd1fb91ecec35ae (OK) · FABRICA solo == organismo_f9c REL (s=1, T=5000): OK
  [  282.9s] semilla 5005 (281.3s) R0 pista 0.1392
  [  283.0s] semilla 5001 (281.4s) R0 pista 0.1528
  [  283.8s] semilla 5004 (282.2s) R0 pista 0.2309
  [  284.2s] semilla 5006 (282.6s) R0 pista 0.2842
  [  284.6s] semilla 5002 (283.0s) R0 pista 0.209
  [  284.8s] semilla 5003 (283.3s) R0 pista 0.2453
  [  557.5s] semilla 5007 (274.5s) R0 pista 0.2664
  [  557.8s] semilla 5008 (274.8s) R0 pista 0.1912
  [  558.2s] semilla 5010 (273.9s) R0 pista 0.187
  [  559.3s] semilla 5009 (275.5s) R0 pista 0.2336
  [  561.4s] semilla 5011 (276.8s) R0 pista 0.2716
  [  561.7s] semilla 5012 (276.9s) R0 pista 0.1388
  [  823.0s] semilla 5013 (265.6s) R0 pista 0.2833
  [  823.5s] semilla 5014 (265.7s) R0 pista 0.2045
  [  824.3s] semilla 5015 (266.1s) R0 pista 0.2089
  [  824.7s] semilla 5016 (265.4s) R0 pista 0.2133
  [  828.5s] semilla 5017 (267.1s) R0 pista 0.3
  [  828.7s] semilla 5018 (267.0s) R0 pista 0.2397
  [ 1038.7s] semilla 5019 (215.7s) R0 pista 0.1716
  [ 1042.7s] semilla 5020 (219.2s) R0 pista 0.2436
  CRUDO C:\Users\User\Documents\PROYECTOS\JUACO\carrera\experimentos\carrera_escuderias\datos\carrera_rondasellada_sinlimpia_s5001-5020_20260922_153027.json (sha 63bcb17853493365)

RESUMEN · rondasellada_sinlimpia_s5001-5020 · semillas [5001, 5002, 5003, 5004, 5005, 5006, 5007, 5008, 5009, 5010, 5011, 5012, 5013, 5014, 5015, 5016, 5017, 5018, 5019, 5020] · T=100000 · pizarra 1 · rep_acum 0
  linaje        R0 med         R0 por semilla    vida  muert  desc  fund    p1    c1   expA    sac  causas (hambre/sed/veneno/sal)  >=0.9
  CTRL_O1_SINLIMPIA#0   0.222 [0.1341, 0.1857, 0.2568, 0.1818, 0.1098, 0.5556, 0.25, 0.197, 0.2903, 0.2113, 0.2368, 0.1169, 0.2609, 0.1923, 0.2333, 0.2656, 0.2973, 0.3014, 0.1039, 0.1818]   600.0   72.5  15.0  54.5 0.986   1.0  171.0  0.178  837/574/0/0 (59%/41%/0%/0%)  0/20
  CTRL_O1_SINLIMPIA#1    0.21 [0.1364, 0.2432, 0.209, 0.2453, 0.137, 0.3214, 0.3509, 0.1429, 0.1857, 0.2105, 0.3137, 0.0822, 0.254, 0.1831, 0.2162, 0.2034, 0.2429, 0.2687, 0.2027, 0.1765]   600.0   67.5  15.0  54.0 0.986   1.0  168.0   0.19  781/541/0/0 (59%/41%/0%/0%)  0/20
  CTRL_O1_SINLIMPIA#2   0.211 [0.1538, 0.1781, 0.1714, 0.2679, 0.2162, 0.1714, 0.2419, 0.1667, 0.2222, 0.1279, 0.2703, 0.1011, 0.2424, 0.2059, 0.1667, 0.2542, 0.32, 0.2742, 0.194, 0.3462]   600.0   68.0  14.0  53.0 0.986   1.0  179.0   0.18  789/560/0/0 (58%/42%/0%/0%)  0/20
  CTRL_O1_SINLIMPIA#3   0.197 [0.169, 0.2083, 0.2464, 0.1918, 0.1351, 0.2203, 0.2545, 0.2, 0.1739, 0.2029, 0.2969, 0.131, 0.4, 0.1935, 0.1803, 0.1385, 0.3385, 0.2424, 0.1481, 0.1449]   600.0   66.5  13.0  52.5 0.985   1.0  175.0  0.183  778/550/0/0 (59%/41%/0%/0%)  0/20
  CTRL_O1_SINLIMPIA#4   0.214 [0.169, 0.1754, 0.2373, 0.2063, 0.2192, 0.3103, 0.25, 0.1772, 0.2206, 0.169, 0.2308, 0.1571, 0.2533, 0.2083, 0.1013, 0.2222, 0.2623, 0.2, 0.197, 0.3175]   600.0   66.0  14.0  52.0 0.986   1.0  169.5  0.186  771/562/1/0 (58%/42%/0%/0%)  0/20
  CTRL_O1_SINLIMPIA#5   0.256 [0.1579, 0.339, 0.2698, 0.3, 0.0879, 0.2571, 0.2698, 0.1644, 0.2759, 0.1266, 0.3542, 0.1481, 0.2459, 0.1791, 0.2985, 0.1558, 0.2982, 0.2545, 0.1316, 0.3382]   600.0   66.0  15.0  45.5 0.985   1.0  173.0  0.194  780/539/0/0 (59%/41%/0%/0%)  0/20
  CTRL_O1_SINLIMPIA#6   0.229 [0.1757, 0.2105, 0.3382, 0.413, 0.1364, 0.3, 0.2329, 0.1972, 0.127, 0.2245, 0.3, 0.2794, 0.3235, 0.1389, 0.1842, 0.1884, 0.2656, 0.1781, 0.2833, 0.2703]   600.0   68.5  16.5  53.5 0.985   1.0  173.5  0.194  780/562/0/0 (58%/42%/0%/0%)  0/20
  CTRL_O1_SINLIMPIA#7   0.211 [0.1324, 0.1429, 0.2203, 0.119, 0.1294, 0.2152, 0.2881, 0.2289, 0.2083, 0.1558, 0.2, 0.1136, 0.3934, 0.2581, 0.2143, 0.2754, 0.3462, 0.2069, 0.1111, 0.2656]   600.0   70.0  15.0  57.0 0.986   1.0  174.0  0.187  815/619/0/0 (57%/43%/0%/0%)  0/20
  CTRL_O1_SINLIMPIA#8   0.253 [0.1467, 0.2281, 0.2593, 0.2703, 0.1075, 0.2794, 0.2769, 0.2459, 0.4528, 0.3208, 0.2857, 0.1446, 0.2133, 0.2969, 0.3134, 0.2267, 0.3509, 0.2456, 0.2203, 0.2083]   600.0   65.0  16.5  47.5 0.985   1.0  176.0  0.198  750/562/0/0 (57%/43%/0%/0%)  0/20
  R0 de la pista (mediana por semilla de sum desc / (sum muertes + n)): 0.222 · por semilla [0.1528, 0.209, 0.2453, 0.2309, 0.1392, 0.2842, 0.2664, 0.1912, 0.2336, 0.187, 0.2716, 0.1388, 0.2833, 0.2045, 0.2089, 0.2133, 0.3, 0.2397, 0.1716, 0.2436]
  semilla 5001: fraccion B+D del mundo por cuarto de T [0.983, 0.988, 0.99, 0.985] · L 360 nobj 36
  semilla 5002: fraccion B+D del mundo por cuarto de T [0.983, 0.987, 0.985, 0.984] · L 360 nobj 36
  semilla 5003: fraccion B+D del mundo por cuarto de T [0.979, 0.983, 0.988, 0.983] · L 360 nobj 36
  semilla 5004: fraccion B+D del mundo por cuarto de T [0.978, 0.986, 0.983, 0.985] · L 360 nobj 36
  semilla 5005: fraccion B+D del mundo por cuarto de T [0.977, 0.988, 0.988, 0.99] · L 360 nobj 36
  semilla 5006: fraccion B+D del mundo por cuarto de T [0.975, 0.985, 0.987, 0.981] · L 360 nobj 36
  semilla 5007: fraccion B+D del mundo por cuarto de T [0.979, 0.984, 0.984, 0.985] · L 360 nobj 36
  semilla 5008: fraccion B+D del mundo por cuarto de T [0.979, 0.983, 0.987, 0.987] · L 360 nobj 36
  semilla 5009: fraccion B+D del mundo por cuarto de T [0.981, 0.984, 0.982, 0.988] · L 360 nobj 36
  semilla 5010: fraccion B+D del mundo por cuarto de T [0.98, 0.989, 0.986, 0.987] · L 360 nobj 36
  semilla 5011: fraccion B+D del mundo por cuarto de T [0.974, 0.984, 0.986, 0.98] · L 360 nobj 36
  semilla 5012: fraccion B+D del mundo por cuarto de T [0.978, 0.989, 0.99, 0.986] · L 360 nobj 36
  semilla 5013: fraccion B+D del mundo por cuarto de T [0.977, 0.983, 0.989, 0.981] · L 360 nobj 36
  semilla 5014: fraccion B+D del mundo por cuarto de T [0.981, 0.986, 0.985, 0.989] · L 360 nobj 36
  semilla 5015: fraccion B+D del mundo por cuarto de T [0.98, 0.987, 0.984, 0.986] · L 360 nobj 36
  semilla 5016: fraccion B+D del mundo por cuarto de T [0.974, 0.985, 0.985, 0.986] · L 360 nobj 36
  semilla 5017: fraccion B+D del mundo por cuarto de T [0.968, 0.983, 0.985, 0.982] · L 360 nobj 36
  semilla 5018: fraccion B+D del mundo por cuarto de T [0.98, 0.986, 0.988, 0.984] · L 360 nobj 36
  semilla 5019: fraccion B+D del mundo por cuarto de T [0.982, 0.985, 0.987, 0.984] · L 360 nobj 36
  semilla 5020: fraccion B+D del mundo por cuarto de T [0.977, 0.987, 0.98, 0.986] · L 360 nobj 36
  DIAGNOSTICO (mediana sobre 180 linajes-semilla; ventana 50 pasos tras perder el objetivo bueno):
    robos por linaje 994.0 · perdidas por olvido 15.0 · B/D tras robo 0.0 vs tras olvido 0.0 vs base 0.001 · A/C tras robo 0.183 vs base 0.147
    distancia media al bueno mas cercano 77.826 · frac pasos sin bueno en el mundo 0.781 · frac pasos sin NINGUN objeto a <= 20 0.009 (max 0.0227)
  MECANISMO (ENMIENDA 4; desde la fisica: 'limpieza' = mordida de B/D A SABIENDAS -letra ya mordida por el linaje- con el golpe en la necesidad MAS llena):
    limpiezas por linaje-semilla (mediana) 0.0 · por cuerpo 0.0 · total 0 · objetos buenos que reaparecen por ellas 0 (None por limpieza)
    todas las mordidas malas 360 -> buenos que reaparecen 185 · fraccion de pasos SIN ningun objeto bueno en el mundo por semilla [0.6487, 0.6078, 0.6002, 0.5875, 0.6554, 0.5898, 0.6052, 0.6356, 0.5969, 0.6289, 0.5798, 0.6506, 0.5878, 0.6306, 0.622, 0.6021, 0.5843, 0.6261, 0.6295, 0.6121] (mediana 0.61)
  HAMBRE -> BOCA (suma de todos los linajes-semilla; H = manda el hambre, S = manda la sed; deficit = el de la necesidad activa):
    AH: decisiones  23502 mordidas  19620 tasa 0.835 · deficit medio al decidir 0.363 al morder 0.428
    AS: decisiones   9263 mordidas   6867 tasa 0.741 · deficit medio al decidir 0.518 al morder 0.538
    BH: decisiones 605547 mordidas    138 tasa 0.000 · deficit medio al decidir 0.403 al morder 0.010
    BS: decisiones 268531 mordidas     42 tasa 0.000 · deficit medio al decidir 0.519 al morder 0.292
    CH: decisiones  22461 mordidas  15908 tasa 0.708 · deficit medio al decidir 0.353 al morder 0.427
    CS: decisiones  10616 mordidas  10565 tasa 0.995 · deficit medio al decidir 0.504 al morder 0.503
    DH: decisiones 602367 mordidas    146 tasa 0.000 · deficit medio al decidir 0.402 al morder 0.088
    DS: decisiones 279317 mordidas     34 tasa 0.000 · deficit medio al decidir 0.521 al morder 0.033
    deficit en mordidas B/D (bins de 0.1) [299, 2, 0, 0, 59, 0, 0, 0, 0, 0] (media ~0.116) · en mordidas A/C [11049, 3203, 3273, 3149, 6349, 6314, 6094, 5205, 4450, 3874] (media ~0.465)
    mordidas B/D con un robo en los 50 pasos previos 0.0 vs pasos cubiertos asi 0.373 · deficit en B/D con robo previo 0.03 vs sin 0.004
    formato H-BOCA (mordidas / exposiciones): veneno con SED 42/164979 · veneno con HAMBRE 138/374485 · sal con HAMBRE 146/376385 · sal con SED 34/166530
  contabilidad fisica coherente: 180/180 · t_fund reconstruible desde telem == fisica: 180/180
  mundo: objetos medios por tipo (A comida, B veneno, C agua, D sal; nobj=36) por semilla [{'A': 0.2384, 'B': 18.094, 'C': 0.2447, 'D': 17.4229}, {'A': 0.2899, 'B': 18.3073, 'C': 0.2555, 'D': 17.1473}, {'A': 0.3078, 'B': 17.8725, 'C': 0.2944, 'D': 17.5253}, {'A': 0.3335, 'B': 17.7291, 'C': 0.2869, 'D': 17.6505}, {'A': 0.2514, 'B': 17.9987, 'C': 0.2702, 'D': 17.4797}, {'A': 0.3185, 'B': 16.7382, 'C': 0.3311, 'D': 18.6122}, {'A': 0.2986, 'B': 17.272, 'C': 0.314, 'D': 18.1154}, {'A': 0.2954, 'B': 17.7212, 'C': 0.2737, 'D': 17.7097}, {'A': 0.2831, 'B': 17.0305, 'C': 0.3084, 'D': 18.378}, {'A': 0.2569, 'B': 18.33, 'C': 0.2692, 'D': 17.1439}, {'A': 0.3376, 'B': 17.8701, 'C': 0.3469, 'D': 17.4453}, {'A': 0.2735, 'B': 18.0381, 'C': 0.2506, 'D': 17.4378}, {'A': 0.2989, 'B': 17.5505, 'C': 0.3347, 'D': 17.8159}, {'A': 0.2527, 'B': 17.3327, 'C': 0.2824, 'D': 18.1322}, {'A': 0.2876, 'B': 17.9929, 'C': 0.2779, 'D': 17.4417}, {'A': 0.3058, 'B': 18.1364, 'C': 0.3242, 'D': 17.2337}, {'A': 0.3339, 'B': 17.3332, 'C': 0.3963, 'D': 17.9365}, {'A': 0.288, 'B': 17.1469, 'C': 0.2752, 'D': 18.2898}, {'A': 0.2919, 'B': 16.9622, 'C': 0.2601, 'D': 18.4858}, {'A': 0.3129, 'B': 17.2273, 'C': 0.3171, 'D': 18.1428}] · olvidos [2595, 2724, 2723, 2719, 2592, 2754, 2708, 2743, 2753, 2703, 2702, 2690, 2727, 2722, 2679, 2621, 2712, 2666, 2596, 2751]
  mordidas totales por tipo por semilla [{'A': 1250, 'B': 9, 'C': 1260, 'D': 9}, {'A': 1350, 'B': 9, 'C': 1316, 'D': 9}, {'A': 1393, 'B': 9, 'C': 1311, 'D': 9}, {'A': 1387, 'B': 9, 'C': 1332, 'D': 9}, {'A': 1199, 'B': 9, 'C': 1222, 'D': 9}, {'A': 1415, 'B': 9, 'C': 1368, 'D': 9}, {'A': 1355, 'B': 9, 'C': 1324, 'D': 9}, {'A': 1274, 'B': 9, 'C': 1287, 'D': 9}, {'A': 1321, 'B': 9, 'C': 1392, 'D': 9}, {'A': 1283, 'B': 9, 'C': 1295, 'D': 9}, {'A': 1434, 'B': 9, 'C': 1381, 'D': 9}, {'A': 1219, 'B': 9, 'C': 1257, 'D': 9}, {'A': 1356, 'B': 9, 'C': 1414, 'D': 9}, {'A': 1280, 'B': 9, 'C': 1303, 'D': 9}, {'A': 1323, 'B': 9, 'C': 1299, 'D': 9}, {'A': 1331, 'B': 9, 'C': 1326, 'D': 9}, {'A': 1359, 'B': 9, 'C': 1446, 'D': 9}, {'A': 1338, 'B': 9, 'C': 1326, 'D': 9}, {'A': 1295, 'B': 9, 'C': 1264, 'D': 9}, {'A': 1325, 'B': 9, 'C': 1350, 'D': 9}]
  referencia UN cuerpo a la vez: REL 0.395 (acum 1: 0.483) -- bloque 2, replica 1601-1620, un cuerpo a la vez (REGLAMENTO sec. 1)

ERR-99 / ENMIENDA 2 (evaluable = >= 5 muertes; cruza = R0 >= 0.9 y 0 fundadores tras t = 10000) · modo sellada_sinlimpia
  escuderia  lin-sem cruzan evaluab casi inm R0 eval med sem. que cruza nac reales fund>10k med sin parir  gana
  CTRL_O1_SINLIMPIA     180      0     180        0       0.218           0/20       14.0         49.0     0.823  -- (varios linajes por semilla)
  SELLADA_SINLIMPIA (criterio ENMIENDA 3): (i) mediana R0 evaluables 0.218 >= 0.9: no · (ii) evaluables sin fundadores tras t=10000 0.0 >= 0.75: no · (iii) evaluables 180/180 (>= 0.667): si -> NO CRUZA
  PREDICCIONES FIRMADAS (ENMIENDAS 2 y 3) y lo medido:
    - S-SIN-LIMPIEZA NO cruza (p 0.50)  ->  medido: NO CRUZA (mediana R0 evaluables 0.218; evaluables 180/180; casi inmortales 0/180) -> la prediccion SE CUMPLE
  PIZARRA completa C:\Users\User\Documents\PROYECTOS\JUACO\carrera\experimentos\carrera_escuderias\datos\carrera_rondasellada_sinlimpia_s5001-5020_20260922_153027_pizarra.jsonl.gz
  RESUMEN C:\Users\User\Documents\PROYECTOS\JUACO\carrera\experimentos\carrera_escuderias\datos\carrera_rondasellada_sinlimpia_s5001-5020_20260922_153027_resumen.json

Terminado en 1042.8s
