JUEZ · rondasellada_sologrande_s5001-5020 · 2026-09-22 15:27:52 · python 3.14.2 · pool 6
  pista.py fb0ba16ada56eabc · juez.py 9621e095000aaa1a · carros {'O1': '99436afa2715f028'}
  carros (orden = indice de linaje): ['O1'] · semillas 5001-5020 · T=100000 · pizarra 1 · rep_acum 0 · escala 1 · mundo_N 9
  CHEQUEO ESTATICO O1: PASA
  IDENTIDAD CORTA: sha f9c 9dd1fb91ecec35ae (OK) · FABRICA solo == organismo_f9c REL (s=1, T=5000): OK
  [   40.2s] semilla 5001 (38.8s) R0 pista 177.0
  [   40.7s] semilla 5005 (39.2s) R0 pista 181.0
  [   40.7s] semilla 5006 (39.2s) R0 pista 178.0
  [   40.8s] semilla 5003 (39.4s) R0 pista 178.0
  [   40.9s] semilla 5002 (39.4s) R0 pista 90.0
  [   40.9s] semilla 5004 (39.4s) R0 pista 180.0
  [   80.0s] semilla 5008 (39.3s) R0 pista 178.0
  [   80.0s] semilla 5007 (39.8s) R0 pista 178.0
  [   80.1s] semilla 5012 (39.1s) R0 pista 178.0
  [   80.1s] semilla 5011 (39.3s) R0 pista 180.0
  [   80.4s] semilla 5009 (39.7s) R0 pista 179.0
  [   80.9s] semilla 5010 (40.1s) R0 pista 178.0
  [  119.2s] semilla 5016 (39.1s) R0 pista 178.0
  [  119.4s] semilla 5015 (39.4s) R0 pista 180.0
  [  119.5s] semilla 5013 (39.5s) R0 pista 177.0
  [  119.8s] semilla 5014 (39.7s) R0 pista 180.0
  [  120.5s] semilla 5017 (40.1s) R0 pista 180.0
  [  121.6s] semilla 5018 (40.6s) R0 pista 178.0
  [  154.0s] semilla 5019 (34.7s) R0 pista 180.0
  [  154.2s] semilla 5020 (34.8s) R0 pista 177.0
  CRUDO C:\Users\User\Documents\PROYECTOS\JUACO\carrera\experimentos\carrera_escuderias\datos\carrera_rondasellada_sologrande_s5001-5020_20260922_152752.json (sha e771c7db82ff3cc8)

RESUMEN · rondasellada_sologrande_s5001-5020 · semillas [5001, 5002, 5003, 5004, 5005, 5006, 5007, 5008, 5009, 5010, 5011, 5012, 5013, 5014, 5015, 5016, 5017, 5018, 5019, 5020] · T=100000 · pizarra 1 · rep_acum 0
  linaje        R0 med         R0 por semilla    vida  muert  desc  fund    p1    c1   expA    sac  causas (hambre/sed/veneno/sal)  >=0.9
  O1             178.0 [177.0, 90.0, 178.0, 180.0, 181.0, 178.0, 178.0, 178.0, 179.0, 178.0, 180.0, 178.0, 177.0, 180.0, 180.0, 178.0, 180.0, 178.0, 180.0, 177.0] 100000.0    0.0 178.0   0.0   0.0   0.0  603.5  0.898  1/0/0/0 (100%/0%/0%/0%)  20/20
  R0 de la pista (mediana por semilla de sum desc / (sum muertes + n)): 178.0 · por semilla [177.0, 90.0, 178.0, 180.0, 181.0, 178.0, 178.0, 178.0, 179.0, 178.0, 180.0, 178.0, 177.0, 180.0, 180.0, 178.0, 180.0, 178.0, 180.0, 177.0]
  semilla 5001: fraccion B+D del mundo por cuarto de T [0.665, 0.701, 0.657, 0.701] · L 360 nobj 36
  semilla 5002: fraccion B+D del mundo por cuarto de T [0.641, 0.669, 0.648, 0.64] · L 360 nobj 36
  semilla 5003: fraccion B+D del mundo por cuarto de T [0.649, 0.645, 0.647, 0.683] · L 360 nobj 36
  semilla 5004: fraccion B+D del mundo por cuarto de T [0.657, 0.605, 0.658, 0.662] · L 360 nobj 36
  semilla 5005: fraccion B+D del mundo por cuarto de T [0.69, 0.652, 0.698, 0.655] · L 360 nobj 36
  semilla 5006: fraccion B+D del mundo por cuarto de T [0.648, 0.675, 0.696, 0.661] · L 360 nobj 36
  semilla 5007: fraccion B+D del mundo por cuarto de T [0.656, 0.657, 0.696, 0.614] · L 360 nobj 36
  semilla 5008: fraccion B+D del mundo por cuarto de T [0.671, 0.683, 0.687, 0.668] · L 360 nobj 36
  semilla 5009: fraccion B+D del mundo por cuarto de T [0.678, 0.612, 0.683, 0.686] · L 360 nobj 36
  semilla 5010: fraccion B+D del mundo por cuarto de T [0.636, 0.674, 0.627, 0.665] · L 360 nobj 36
  semilla 5011: fraccion B+D del mundo por cuarto de T [0.619, 0.637, 0.651, 0.669] · L 360 nobj 36
  semilla 5012: fraccion B+D del mundo por cuarto de T [0.666, 0.652, 0.661, 0.649] · L 360 nobj 36
  semilla 5013: fraccion B+D del mundo por cuarto de T [0.681, 0.684, 0.686, 0.68] · L 360 nobj 36
  semilla 5014: fraccion B+D del mundo por cuarto de T [0.677, 0.647, 0.605, 0.694] · L 360 nobj 36
  semilla 5015: fraccion B+D del mundo por cuarto de T [0.659, 0.671, 0.655, 0.724] · L 360 nobj 36
  semilla 5016: fraccion B+D del mundo por cuarto de T [0.702, 0.693, 0.631, 0.698] · L 360 nobj 36
  semilla 5017: fraccion B+D del mundo por cuarto de T [0.681, 0.633, 0.607, 0.653] · L 360 nobj 36
  semilla 5018: fraccion B+D del mundo por cuarto de T [0.631, 0.637, 0.657, 0.66] · L 360 nobj 36
  semilla 5019: fraccion B+D del mundo por cuarto de T [0.62, 0.665, 0.711, 0.644] · L 360 nobj 36
  semilla 5020: fraccion B+D del mundo por cuarto de T [0.677, 0.698, 0.631, 0.674] · L 360 nobj 36
  DIAGNOSTICO (mediana sobre 20 linajes-semilla; ventana 50 pasos tras perder el objetivo bueno):
    robos por linaje 0.0 · perdidas por olvido 77.0 · B/D tras robo None vs tras olvido 0.0 vs base 0.003 · A/C tras robo None vs base 0.443
    distancia media al bueno mas cercano 33.409 · frac pasos sin bueno en el mundo 0.005 · frac pasos sin NINGUN objeto a <= 20 0.014 (max 0.0249)
  MECANISMO (ENMIENDA 4; desde la fisica: 'limpieza' = mordida de B/D A SABIENDAS -letra ya mordida por el linaje- con el golpe en la necesidad MAS llena):
    limpiezas por linaje-semilla (mediana) 3.0 · por cuerpo 3.0 · total 75 · objetos buenos que reaparecen por ellas 35 (0.467 por limpieza)
    todas las mordidas malas 115 -> buenos que reaparecen 59 · fraccion de pasos SIN ningun objeto bueno en el mundo por semilla [0.0, 0.0, 0.0, 0.0, 0.0, 0.0, 0.0, 0.0, 0.0, 0.0, 0.0, 0.0, 0.0, 0.0, 0.0, 0.0, 0.0, 0.0, 0.0, 0.0] (mediana 0.0)
  HAMBRE -> BOCA (suma de todos los linajes-semilla; H = manda el hambre, S = manda la sed; deficit = el de la necesidad activa):
    AH: decisiones  14284 mordidas   8002 tasa 0.560 · deficit medio al decidir 0.062 al morder 0.109
    AS: decisiones   2047 mordidas    841 tasa 0.411 · deficit medio al decidir 0.314 al morder 0.326
    BH: decisiones  16216 mordidas     32 tasa 0.002 · deficit medio al decidir 0.067 al morder 0.001
    BS: decisiones   3465 mordidas     24 tasa 0.007 · deficit medio al decidir 0.302 al morder 0.300
    CH: decisiones  13076 mordidas   6103 tasa 0.467 · deficit medio al decidir 0.051 al morder 0.047
    CS: decisiones   2759 mordidas   2759 tasa 1.000 · deficit medio al decidir 0.314 al morder 0.314
    DH: decisiones  16175 mordidas     56 tasa 0.003 · deficit medio al decidir 0.066 al morder 0.247
    DS: decisiones   3317 mordidas      3 tasa 0.001 · deficit medio al decidir 0.304 al morder 0.015
    deficit en mordidas B/D (bins de 0.1) [55, 7, 18, 11, 19, 2, 1, 1, 1, 0] (media ~0.209) · en mordidas A/C [10484, 1112, 1394, 3553, 1096, 60, 3, 2, 0, 1] (media ~0.159)
    mordidas B/D con un robo en los 50 pasos previos 0.0 vs pasos cubiertos asi 0.0 · deficit en B/D con robo previo None vs sin 0.143
    formato H-BOCA (mordidas / exposiciones): veneno con SED 24/3465 · veneno con HAMBRE 32/13603 · sal con HAMBRE 56/13400 · sal con SED 3/3317
  contabilidad fisica coherente: 20/20 · t_fund reconstruible desde telem == fisica: 20/20
  mundo: objetos medios por tipo (A comida, B veneno, C agua, D sal; nobj=36) por semilla [{'A': 5.4712, 'B': 13.0848, 'C': 6.0109, 'D': 11.433}, {'A': 6.21, 'B': 11.8429, 'C': 6.4048, 'D': 11.5422}, {'A': 6.1182, 'B': 12.213, 'C': 6.2704, 'D': 11.3984}, {'A': 6.6944, 'B': 10.9721, 'C': 6.066, 'D': 12.2675}, {'A': 5.2949, 'B': 12.1235, 'C': 6.4503, 'D': 12.1313}, {'A': 6.0426, 'B': 11.991, 'C': 5.8451, 'D': 12.1213}, {'A': 6.5342, 'B': 11.7423, 'C': 5.8599, 'D': 11.8636}, {'A': 5.9948, 'B': 12.0473, 'C': 5.6185, 'D': 12.3394}, {'A': 5.6298, 'B': 11.9809, 'C': 6.4446, 'D': 11.9447}, {'A': 6.6028, 'B': 11.4598, 'C': 5.9847, 'D': 11.9527}, {'A': 6.3981, 'B': 12.1475, 'C': 6.4119, 'D': 11.0426}, {'A': 5.7414, 'B': 11.7069, 'C': 6.6125, 'D': 11.9392}, {'A': 5.702, 'B': 13.1815, 'C': 5.7279, 'D': 11.3885}, {'A': 5.9542, 'B': 12.3126, 'C': 6.43, 'D': 11.3031}, {'A': 6.1158, 'B': 12.5934, 'C': 5.5038, 'D': 11.787}, {'A': 5.8181, 'B': 12.4066, 'C': 5.6606, 'D': 12.1146}, {'A': 6.069, 'B': 11.7732, 'C': 6.7719, 'D': 11.3859}, {'A': 6.3042, 'B': 11.4241, 'C': 6.4253, 'D': 11.8464}, {'A': 6.3535, 'B': 11.352, 'C': 5.8838, 'D': 12.4107}, {'A': 6.2463, 'B': 12.6426, 'C': 5.6348, 'D': 11.4763}] · olvidos [2598, 2727, 2722, 2715, 2594, 2758, 2703, 2735, 2756, 2707, 2708, 2689, 2721, 2717, 2683, 2625, 2713, 2674, 2597, 2750]
  mordidas totales por tipo por semilla [{'A': 438, 'B': 1, 'C': 443, 'D': 3}, {'A': 443, 'B': 2, 'C': 452, 'D': 9}, {'A': 440, 'B': 1, 'C': 447, 'D': 6}, {'A': 446, 'B': 1, 'C': 442, 'D': 2}, {'A': 438, 'B': 1, 'C': 445, 'D': 2}, {'A': 444, 'B': 3, 'C': 446, 'D': 1}, {'A': 451, 'B': 9, 'C': 441, 'D': 1}, {'A': 443, 'B': 1, 'C': 438, 'D': 1}, {'A': 439, 'B': 5, 'C': 443, 'D': 5}, {'A': 448, 'B': 7, 'C': 440, 'D': 3}, {'A': 443, 'B': 2, 'C': 441, 'D': 3}, {'A': 443, 'B': 5, 'C': 444, 'D': 1}, {'A': 435, 'B': 1, 'C': 439, 'D': 1}, {'A': 442, 'B': 1, 'C': 449, 'D': 2}, {'A': 445, 'B': 5, 'C': 442, 'D': 4}, {'A': 444, 'B': 4, 'C': 436, 'D': 1}, {'A': 440, 'B': 1, 'C': 450, 'D': 7}, {'A': 437, 'B': 4, 'C': 446, 'D': 1}, {'A': 443, 'B': 1, 'C': 440, 'D': 1}, {'A': 441, 'B': 1, 'C': 438, 'D': 5}]
  referencia UN cuerpo a la vez: REL 0.395 (acum 1: 0.483) -- bloque 2, replica 1601-1620, un cuerpo a la vez (REGLAMENTO sec. 1)

ERR-99 / ENMIENDA 2 (evaluable = >= 5 muertes; cruza = R0 >= 0.9 y 0 fundadores tras t = 10000) · modo sellada_sologrande
  escuderia  lin-sem cruzan evaluab casi inm R0 eval med sem. que cruza nac reales fund>10k med sin parir  gana
  O1              20      0       0       20        None           0/20        0.0          0.0       1.0  no
  SELLADA_SOLOGRANDE (criterio ENMIENDA 3): (i) mediana R0 evaluables None >= 0.9: no · (ii) evaluables sin fundadores tras t=10000 0.0 >= 0.75: no · (iii) evaluables 0/20 (>= 0.667): no -> NO CRUZA
  PREDICCIONES FIRMADAS (ENMIENDAS 2 y 3) y lo medido:
    - S-SOLO-GRANDE cruza o queda casi inmortal (p 0.60)  ->  medido: NO CRUZA (mediana R0 evaluables None; evaluables 0/20; casi inmortales 20/20; 'queda casi inmortal' = los casi inmortales hacen caer (iii) (> 1/3): SI) -> la prediccion SE CUMPLE
  PIZARRA completa C:\Users\User\Documents\PROYECTOS\JUACO\carrera\experimentos\carrera_escuderias\datos\carrera_rondasellada_sologrande_s5001-5020_20260922_152752_pizarra.jsonl.gz
  RESUMEN C:\Users\User\Documents\PROYECTOS\JUACO\carrera\experimentos\carrera_escuderias\datos\carrera_rondasellada_sologrande_s5001-5020_20260922_152752_resumen.json

Terminado en 154.2s
