PISTA_POB · EXPLORA · 2026-09-29 10:09:00 · pool 6 · carpeta C:\Users\User\Documents\PROYECTOS\JUACO\organelos\experimentos\organelos\pista_pob\datos\explora
  sha experimentos\carrera_escuderias\pista.py 9f47c65e438e0ff4 OK
  sha experimentos\carrera_escuderias\juez.py 6a68f640a7832f12 OK
  sha experimentos\carrera_escuderias\revisa_carro.py 1c8a789f7427ab96 OK
  sha experimentos\carrera_escuderias\carros\O1.py 99436afa2715f028 OK
  sha experimentos\organelos\bloques_pista\carros\V143_BQ2.py 183fb81cf6ad520c OK
  sha experimentos\organelos\bloques_pista\corre_bp.py 6b9c11a6639d3948 OK
  sha experimentos\organelos\termo\corre_termo.py 66f1f2539f1030ef OK
  sha experimentos\organelos\termo\carros\V143_TERMO.py 3db639cab75641fb OK
  sha experimentos\tronco_v14_3\carros_v143\V143.py 2a03048a7f1525e5 OK
  sha experimentos\tronco_v14_3\corre_v143.py 24100621c450da22 OK
  sha experimentos\carrera_escuderias\pista_pob.py d4ed07b28e4ba94b OK
  run_gen por anclas: {'sha_pista': '9f47c65e438e0ff4', 'sha_juez': '6a68f640a7832f12', 'sha_fuente_transformada': '7b05c9615ee40483', 'anclas': 5} OK
  CFG (tasas BQ_C de la ronda 2 = corre_bp.CFG0): {'inicial': 2, 'p_campo': 0.1, 'p_dup': 0.02, 'p_del': 0.07, 'p_ins': 0.05, 'banco': 50}
  arnes: salida PASA · pista_pob.py actual d4ed07b28e4ba94b citado · corre_pista_pob.py actual 16d2293e09c4a549 citado
  15 tareas: [('pob_sel', 59801, 59201), ('pob_neutro', 59801, 59201), ('pob_sel', 59802, 59202), ('pob_neutro', 59802, 59202), ('pob_sel', 59803, 59203), ('pob_neutro', 59803, 59203), ('pob_sel', 59804, 59204), ('pob_neutro', 59804, 59204), ('pob_sel', 59805, 59205), ('pob_neutro', 59805, 59205), ('v143', None, 59201), ('v143', None, 59202), ('v143', None, 59203), ('v143', None, 59204), ('v143', None, 59205)] · K 8 · T_evo 50000 · T prueba 100000
  [  556.4s] pob_sel s59203 aborto None · seg evo 451.5 prueba 104.5 · camara {'migrantes': 4209, 'limpios': 41, 'depositos': 2017, 'siembra_por_linaje': [50, 50, 50, 50, 50, 50, 50, 50, 50]} · cruzan 3/9 · R0 real [0.8, 0.55, 0.9, 0.0173, 0.9762, 0.9762, 0.18, 0.13, 0.9615]
  [  556.6s] pob_neutro s59201 aborto None · seg evo 452.0 prueba 104.2 · camara {'migrantes': 4483, 'limpios': 36, 'depositos': 1972, 'siembra_por_linaje': [50, 50, 50, 50, 50, 50, 50, 50, 50]} · cruzan 4/9 · R0 real [0.1546, 0.4615, 0.1509, 0.9565, 0.92, 0.9688, 0.0593, 0.973, 0.0548]
  [  557.1s] pob_neutro s59203 aborto None · seg evo 455.0 prueba 101.6 · camara {'migrantes': 4514, 'limpios': 41, 'depositos': 1921, 'siembra_por_linaje': [50, 50, 50, 50, 50, 50, 50, 50, 50]} · cruzan 1/9 · R0 real [0.0858, 0.1852, 0.6667, 0.8438, 0.9512, 0.6852, 0.0445, 0.1479, 0.2941]
  [  561.3s] pob_sel s59201 aborto None · seg evo 455.3 prueba 105.6 · camara {'migrantes': 4546, 'limpios': 35, 'depositos': 2003, 'siembra_por_linaje': [50, 50, 50, 50, 50, 50, 50, 50, 50]} · cruzan 4/9 · R0 real [0.0788, 0.4828, 0.9722, 0.9643, 0.049, 0.0725, 0.9722, 0.7308, 0.9767]
  [  561.6s] pob_neutro s59202 aborto None · seg evo 456.4 prueba 104.8 · camara {'migrantes': 4483, 'limpios': 40, 'depositos': 1956, 'siembra_por_linaje': [50, 50, 50, 50, 50, 50, 50, 50, 50]} · cruzan 4/9 · R0 real [0.8824, 0.9655, 0.9565, 0.913, 0.973, 0.1289, 0.0735, 0.0304, 0.8333]
  [  564.1s] pob_sel s59202 aborto None · seg evo 456.6 prueba 107.1 · camara {'migrantes': 4735, 'limpios': 43, 'depositos': 2152, 'siembra_por_linaje': [50, 50, 50, 50, 50, 50, 50, 50, 50]} · cruzan 3/9 · R0 real [0.013, 0.8125, 0.9062, 0.9459, 0.9667, 0.0836, 0.6833, 0.5636, 0.2759]
  [  662.7s] v143 s59201 aborto None · seg evo None prueba 101.1 · camara None · cruzan 2/9 · R0 real [0.8293, 0.9545, 0.0126, 0.1944, 0.0422, 0.2626, 0.9697, 0.6875, 0.7143]
  [  665.2s] v143 s59202 aborto None · seg evo None prueba 101.1 · camara None · cruzan 3/9 · R0 real [0.8889, 0.9615, 0.0092, 0.9655, 0.2933, 0.5273, 0.9524, 0.3036, 0.0176]
  [  762.2s] v143 s59203 aborto None · seg evo None prueba 99.5 · camara None · cruzan 2/9 · R0 real [0.9697, 0.0211, 0.6341, 0.7778, 0.6889, 0.4286, 0.9792, 0.0386, 0.1786]
  [  765.1s] v143 s59204 aborto None · seg evo None prueba 99.9 · camara None · cruzan 2/9 · R0 real [0.9375, 0.551, 0.9474, 0.6512, 0.8077, 0.0488, 0.0226, 0.0891, 0.1322]
  [  858.4s] v143 s59205 aborto None · seg evo None prueba 96.2 · camara None · cruzan 3/9 · R0 real [0.9643, 0.825, 0.8158, 0.0078, 0.9545, 0.0233, 0.9677, 0.2222, 0.871]
  [ 1098.1s] pob_sel s59204 aborto None · seg evo 443.9 prueba 97.8 · camara {'migrantes': 4505, 'limpios': 31, 'depositos': 2066, 'siembra_por_linaje': [50, 50, 50, 50, 50, 50, 50, 50, 50]} · cruzan 4/9 · R0 real [0.3333, 0.3551, 0.191, 0.9773, 0.029, 0.7759, 0.9394, 0.9667, 0.963]
  [ 1104.7s] pob_sel s59205 aborto None · seg evo 448.6 prueba 99.0 · camara {'migrantes': 4907, 'limpios': 48, 'depositos': 2186, 'siembra_por_linaje': [50, 50, 50, 50, 50, 50, 50, 50, 50]} · cruzan 3/9 · R0 real [0.95, 0.8293, 0.1631, 0.016, 0.3101, 0.3333, 0.9565, 0.6154, 0.9524]
  [ 1106.8s] pob_neutro s59204 aborto None · seg evo 445.9 prueba 104.3 · camara {'migrantes': 4452, 'limpios': 30, 'depositos': 2044, 'siembra_por_linaje': [50, 50, 50, 50, 50, 50, 50, 50, 50]} · cruzan 4/9 · R0 real [0.9524, 0.4878, 0.9412, 0.0338, 0.6786, 0.9688, 0.9412, 0.3511, 0.0239]
  [ 1108.3s] pob_neutro s59205 aborto None · seg evo 446.0 prueba 101.0 · camara {'migrantes': 4514, 'limpios': 48, 'depositos': 2052, 'siembra_por_linaje': [50, 50, 50, 50, 50, 50, 50, 50, 50]} · cruzan 3/9 · R0 real [0.4324, 0.9583, 0.3673, 0.75, 0.0813, 0.973, 0.5082, 0.0124, 0.9583]

LECTURA pista_pob · C:\Users\User\Documents\PROYECTOS\JUACO\organelos\experimentos\organelos\pista_pob\datos\explora · semillas de prueba [59201, 59202, 59203, 59204, 59205]
  brazo                  s59201           s59202           s59203           s59204           s59205   suma cruzan · R0 real med (mediana por semilla)
  pob_sel          4/9 R0 0.731     3/9 R0 0.683       3/9 R0 0.8     4/9 R0 0.776     3/9 R0 0.615   17 · 0.731
  pob_neutro       4/9 R0 0.462     4/9 R0 0.882     1/9 R0 0.294     4/9 R0 0.679     3/9 R0 0.508   16 · 0.508
  v143             2/9 R0 0.688     3/9 R0 0.527     2/9 R0 0.634     2/9 R0 0.551     3/9 R0 0.825   12 · 0.634
  termo             5/9 R0 0.96     4/9 R0 0.755     5/9 R0 0.921     3/9 R0 0.649     3/9 R0 0.773   20 · 0.773
  bloq2            4/9 R0 0.487     3/9 R0 0.444      3/9 R0 0.75      6/9 R0 0.95     5/9 R0 0.931   21 · 0.75
  bloq2aza         3/9 R0 0.731     3/9 R0 0.629     4/9 R0 0.867      5/9 R0 0.92     1/9 R0 0.303   16 · 0.731
  bloq_pas         6/9 R0 0.929     4/9 R0 0.661     5/9 R0 0.964     2/9 R0 0.279     2/9 R0 0.758   19 · 0.758
  o1               9/9 R0 0.957     8/9 R0 0.944     7/9 R0 0.944     7/9 R0 0.958     6/9 R0 0.933   37 · 0.944
  PUERTA: sel > neutro (cruzan) en 1/5 · sel >= bloq2 en 3/5 · suma cruzan sel 17 vs neutro 16 (+5 -> 21) · (solo se imprime: sel >= bloq_pas en 2/5)
  VALIDEZ: abortos 0  · completos True · v143 R0 real mediano 0.634 en [0.4, 0.8]: True · O1 mayoria 5/5 (>= 4/5): True · arnes: salida PASA · pista_pob.py actual d4ed07b28e4ba94b citado · corre_pista_pob.py actual 16d2293e09c4a549 citado
  PREDICCIONES (PREREGISTRO sec. 5) y lo medido:
    Q1 suma cruzan pob_sel en [18, 28] (p 0.65): medido 17 -> NO se cumple
    Q2 suma cruzan pob_neutro en [16, 26] (p 0.65): medido 16 -> SE CUMPLE
    Q3 pob_sel > pob_neutro en >= 4/5 (p 0.15): medido 1/5 -> NO se cumple
    Q4 pob_sel >= bloq2 en >= 4/5 (p 0.30): medido 3/5 -> NO se cumple
    Q5 PROXY: migrantes/(migrantes+limpios) >= 0.90 en los dos brazos, todos los indices (p 0.80): medido {'pob_sel': [0.992, 0.991, 0.99, 0.993, 0.99], 'pob_neutro': [0.992, 0.991, 0.991, 0.993, 0.989]} -> SE CUMPLE
    Q6 v143 R0 real mediano en [0.40, 0.80] (p 0.80): medido 0.634 -> SE CUMPLE
    Q7 fundadores (mediana de 9) pob_sel < pob_neutro en >= 3/5 (p 0.35): medido 3/5 -> SE CUMPLE
  VEREDICTO: NO
Terminado en 1108.6s
