CORRE_APRENDE · aprende_apr-fab_s8121-8140_T100000_20260923_151745 · python 3.14.2 · pool 6
  pista.py 9f47c65e438e0ff4 · juez.py 6a68f640a7832f12 · corre_aprende.py 9b8f6b3fdb923190 · carros {'APR': '4402aa5142065c72', 'FABRICA': '2ebee3e99ea5a33a'}
  series ['apr', 'fab'] · semillas 8121-8140 · T 100000 · APR_AZAR.P_AZAR = None
  CHEQUEO ESTATICO APR: PASA
  CHEQUEO ESTATICO FABRICA: PASA
  IDENTIDAD CORTA del juez (FABRICA == organismo_f9c REL, s 1, T 5000): OK
  IDENTIDAD CORTA APR: OPCION 0 == FABRICA (N 9, s 8001, T 2000): OK
  [  202.7s] apr semilla 8125 (194.7s) R0 pista 0.402
  [  202.8s] apr semilla 8126 (194.8s) R0 pista 0.3744
  [  203.4s] apr semilla 8124 (195.3s) R0 pista 0.3685
  [  204.3s] apr semilla 8123 (196.3s) R0 pista 0.3784
  [  205.6s] apr semilla 8121 (197.7s) R0 pista 0.3969
  [  205.8s] apr semilla 8122 (197.8s) R0 pista 0.368
  [  412.3s] apr semilla 8127 (209.6s) R0 pista 0.3938
  [  413.3s] apr semilla 8128 (210.5s) R0 pista 0.3684
  [  415.0s] apr semilla 8130 (210.7s) R0 pista 0.3926
  [  415.1s] apr semilla 8129 (211.7s) R0 pista 0.3736
  [  418.4s] apr semilla 8132 (212.6s) R0 pista 0.3804
  [  419.1s] apr semilla 8131 (213.4s) R0 pista 0.3808
  [  606.4s] apr semilla 8133 (194.1s) R0 pista 0.4125
  [  610.5s] apr semilla 8135 (195.5s) R0 pista 0.3648
  [  610.7s] apr semilla 8136 (195.7s) R0 pista 0.3709
  [  612.3s] apr semilla 8134 (199.0s) R0 pista 0.368
  [  614.3s] apr semilla 8137 (195.9s) R0 pista 0.3886
  [  618.2s] apr semilla 8138 (199.2s) R0 pista 0.3772
  [  783.0s] apr semilla 8140 (172.5s) R0 pista 0.3607
  [  784.6s] apr semilla 8139 (178.2s) R0 pista 0.3746
  CRUDO C:\Users\User\Documents\PROYECTOS\JUACO\bundle\experimentos\aprende_barrer\datos\aprende_apr-fab_s8121-8140_T100000_20260923_151745_apr.json (sha b392083320bff6c6) · escrituras en la pizarra 0

== SERIE apr (APR x9) · 20 semillas 8121-8140 · T 100000
  R0 por linaje-semilla: mediana 0.3848 · R0 de la pista (mediana por semilla) 0.3759 · vida mediana 200.0
  ENMIENDA 3: (i) mediana R0 evaluables 0.385 · (ii) sin fundadores tras 10000 0.0 · (iii) evaluables 180/180 · casi inmortales 0 · linajes que cruzan 0 -> NO CRUZA
  causas de muerte hambre/sed/veneno/sal 86/16/11940/20705 (0%/0%/36%/63%)
  fraccion de pasos SIN ningun objeto bueno en el mundo: mediana 0.0114 (por semilla [0.0076, 0.0129, 0.0103, 0.0117, 0.0155, 0.0118, 0.009, 0.0118, 0.0111, 0.0092, 0.0073, 0.0088, 0.0121, 0.0078, 0.0093, 0.0123, 0.0117, 0.0084, 0.0117, 0.0137])
  limpieza FISICA (juez: B/D a sabiendas con el golpe en la necesidad mas llena): por cuerpo 4.3952 · por linaje-semilla 809.0 · mordidas B+D por linaje-semilla 863.5
  contabilidad coherente 180/180 · t_fund reconstruible 180/180
  OPCION (telemetria del carro, no puntua): oportunidades 1594793 · mordidas 154128 · tasa 0.0966 · por cuarto de T [0.1119, 0.0924, 0.0911, 0.0918] · ULTIMO CUARTO 0.0918 (-> P_AZAR de APR_AZAR si serie apr)
    tasa por EDAD del cuerpo (cortes [50, 100, 200, 400, 800, 1600]): [0.2066, 0.2304, 0.2026, 0.0688, 0.0524, 0.056, 0.0456]
    tasa por INDICE DEL CUERPO en el linaje (cortes [1, 5, 20, 50, 100, 200, 400]): [0.1045, 0.126, 0.1206, 0.1052, 0.0921, 0.0916, 0.094, None] (oportunidades [10316, 26117, 116551, 248949, 452081, 725007, 15772, 0])
    CUANDO: tasa con algun bueno en el mundo 0.0984 vs SIN ningun bueno 0.081 (oportunidades [1434560, 160233])
    por min(E,Ag) predicho tras morder (cortes [0.0, 0.3, 0.6, 1.0]): con bueno [0.1439, 0.2115, 0.2053, 0.0247, 0.0033] · sin bueno [0.1262, 0.1857, 0.165, 0.0176, 0.0017]
    DESVIO respecto de la boca de FABRICA (por oportunidad): ANADIDAS (limpia donde FABRICA no) por cuarto [0.0013, 0.0001, 0.0001, 0.0001] · QUITADAS (se contiene donde FABRICA morderia) por cuarto [0.0595, 0.0557, 0.0539, 0.054]
      anadidas con bueno / SIN bueno [0.0004, 0.0003] · quitadas con / sin [0.0553, 0.0596] · anadidas por edad [0.0001, 0.0002, 0.0004, 0.0004, 0.0006, 0.0005, 0.0002] · por indice del cuerpo [0.0136, 0.0027, 0.0016, 0.0004, 0.0001, 0.0001, 0.0001, None]
      QUITADAS por edad [0.1125, 0.0781, 0.0603, 0.0253, 0.0396, 0.0495, 0.0653] · por INDICE DEL CUERPO en el linaje [0.0056, 0.0651, 0.07, 0.0567, 0.0556, 0.0537, 0.0517, None]
    FABRICA habria mordido 0.152 de esas oportunidades · p media 0.0967 · |delta TD| medio 0.0428
    Q final (mediana por linaje-semilla; rasgos [1, u, u_tras, sin_bueno, dist]): no morder [-0.7861, -0.2783, 0.0658, 0.0585, -0.1613, 0.3813] · morder [-0.9294, -0.5499, 0.3455, 0.0532, -0.1294, -0.0391]
    correccion final al logit de la boca de FABRICA, BETA*(Q1-Q0) (mediana; > 0 = limpia mas): {'g0=0 post=-0.2': -2.4355, 'g0=0 post=0.1': -2.359, 'g0=0 post=0.4': -2.399, 'g0=0 post=0.8': -2.3825, 'g0=0 post=1.2': -1.7495, 'g0=1 post=-0.2': -2.2465, 'g0=1 post=0.1': -2.196, 'g0=1 post=0.4': -2.188, 'g0=1 post=0.8': -2.318, 'g0=1 post=1.2': -1.701}
  [  994.8s] fab semilla 8122 (209.4s) R0 pista 0.3434
  [  995.4s] fab semilla 8121 (210.0s) R0 pista 0.3346
  [  995.9s] fab semilla 8123 (210.5s) R0 pista 0.3377
  [  996.1s] fab semilla 8125 (210.7s) R0 pista 0.3369
  [  996.1s] fab semilla 8126 (210.7s) R0 pista 0.3272
  [  997.8s] fab semilla 8124 (212.4s) R0 pista 0.3327
  [ 1233.0s] fab semilla 8129 (237.1s) R0 pista 0.3327
  [ 1236.9s] fab semilla 8131 (240.8s) R0 pista 0.3432
  [ 1239.1s] fab semilla 8130 (243.0s) R0 pista 0.3335
  [ 1239.7s] fab semilla 8127 (244.9s) R0 pista 0.3194
  [ 1241.4s] fab semilla 8128 (246.0s) R0 pista 0.3272
  [ 1243.9s] fab semilla 8132 (246.1s) R0 pista 0.3327
  [ 1474.5s] fab semilla 8133 (241.5s) R0 pista 0.3356
  [ 1479.9s] fab semilla 8135 (240.8s) R0 pista 0.341
  [ 1480.8s] fab semilla 8134 (244.0s) R0 pista 0.3477
  [ 1483.3s] fab semilla 8138 (239.4s) R0 pista 0.3198
  [ 1483.7s] fab semilla 8137 (242.3s) R0 pista 0.3429
  [ 1485.5s] fab semilla 8136 (245.8s) R0 pista 0.3275
  [ 1685.6s] fab semilla 8139 (211.1s) R0 pista 0.3383
  [ 1689.1s] fab semilla 8140 (209.2s) R0 pista 0.3396
  CRUDO C:\Users\User\Documents\PROYECTOS\JUACO\bundle\experimentos\aprende_barrer\datos\aprende_apr-fab_s8121-8140_T100000_20260923_151745_fab.json (sha 9a7226851f246984) · escrituras en la pizarra 0

== SERIE fab (FABRICA x9) · 20 semillas 8121-8140 · T 100000
  R0 por linaje-semilla: mediana 0.3364 · R0 de la pista (mediana por semilla) 0.3351 · vida mediana 197.0
  ENMIENDA 3: (i) mediana R0 evaluables 0.336 · (ii) sin fundadores tras 10000 0.0 · (iii) evaluables 180/180 · casi inmortales 0 · linajes que cruzan 0 -> NO CRUZA
  causas de muerte hambre/sed/veneno/sal 5/1/16174/25232 (0%/0%/39%/61%)
  fraccion de pasos SIN ningun objeto bueno en el mundo: mediana 0.0036 (por semilla [0.0036, 0.003, 0.0046, 0.0008, 0.0049, 0.0019, 0.0063, 0.0021, 0.0018, 0.0038, 0.0035, 0.0038, 0.0019, 0.0028, 0.0046, 0.0033, 0.003, 0.0044, 0.0043, 0.004])
  limpieza FISICA (juez: B/D a sabiendas con el golpe en la necesidad mas llena): por cuerpo 4.348 · por linaje-semilla 1001.0 · mordidas B+D por linaje-semilla 1112.5
  contabilidad coherente 180/180 · t_fund reconstruible 180/180

PAREADOS (por semilla: mediana del R0 de los 9 linajes; gana = semillas en que la primera supera a la segunda)
  apr vs fab: gana 20/20 · diferencia mediana 0.0486 · {8121: 0.0565, 8122: 0.0083, 8123: 0.0139, 8124: 0.0542, 8125: 0.0527, 8126: 0.0414, 8127: 0.1161, 8128: 0.0805, 8129: 0.0252, 8130: 0.0893, 8131: 0.0567, 8132: 0.0389, 8133: 0.0866, 8134: 0.033, 8135: 0.0445, 8136: 0.0236, 8137: 0.0705, 8138: 0.0918, 8139: 0.007, 8140: 0.0114}

PREDICCIONES FIRMADAS (PREREGISTRO_aprende.md) y lo medido
  P1 APR NO cruza por la ENMIENDA 3 (p 0.97) -> SE CUMPLE
  P2 APR: mediana del R0 de los linajes-semilla en 0.32-0.45 -> SE CUMPLE
  P3 FABRICA NO cruza y su mediana cae en 0.28-0.40 (sellada 5001-5020: 0.34) -> SE CUMPLE
  P4 O1 CRUZA (p 0.85; sellada 5001-5020: 1.565) -> sin la serie
  P5 APR NO DESCUBRE la limpieza (p 0.93): anadidas en el ultimo cuarto < 0.02 por oportunidad O correccion(sin bueno) - correccion(con bueno) < 0.5 logit -> SE CUMPLE
  P6 APR aprende a CONTENERSE (p 0.85): quitadas en el ultimo cuarto >= 0.03 por oportunidad -> SE CUMPLE
  P7 APR > FABRICA en >= 15/20 semillas con diferencia mediana >= 0.03 (p 0.55) -> SE CUMPLE
  P8 APR > APR_SIN_HERENCIA en >= 15/20 semillas con diferencia mediana >= 0.03 (p 0.45) -> sin la serie
  P9 APR > APR_AZAR en >= 15/20 semillas con diferencia mediana >= 0.03 (p 0.70) -> sin la serie
  P10 APR_SIN_HERENCIA y APR_AZAR NO cruzan (p 0.97) -> sin la serie
  P11 APR: fraccion de pasos sin ningun bueno en el mundo 0.003-0.03 (el mundo no se ensucia; O1 ~0.05) -> SE CUMPLE

  RESUMEN C:\Users\User\Documents\PROYECTOS\JUACO\bundle\experimentos\aprende_barrer\datos\aprende_apr-fab_s8121-8140_T100000_20260923_151745_resumen.json
Terminado en 1689.3s
