CONVIVE · serie_mono_s10101-10120_T100000_fija · 2026-09-23 15:17:43 · python 3.14.2 · pool 6
  pista2 4d2bee16e7961261 · motor d10cb9021f5d0f41 · juez e6dadfdad9c379cd · carros {'FABRICA': '2ebee3e99ea5a33a', 'O1': '99436afa2715f028', 'O2': '34d0bbac36a02521', 'O3': '0442c2884fcb0e11', 'O4': '75fd196ccbc1347e', 'CTRL_O3_SINTERM': '7bb2fff33017e559'}
  9 fundadores por carro · semillas 10101-10120 · T=100000 · reposicion fija · r_rep 0.03 · tope 300
  CHEQUEO ESTATICO FABRICA: PASA
  CHEQUEO ESTATICO O1: PASA
  CHEQUEO ESTATICO O2: PASA
  CHEQUEO ESTATICO O3: PASA
  CHEQUEO ESTATICO O4: PASA
  CHEQUEO ESTATICO CTRL_O3_SINTERM: PASA
  IDENTIDAD CORTA solapadas=0 == pista v1 (1 FABRICA compat, T=3000): OK
  [   125.1s] FABRICA s10103 (123.6s) persisten 0/9 · cuerpos max 14 · (tam_carro, persiste_carro) {'FABRICA': (9.698, 0)}
  [   125.2s] FABRICA s10102 (123.7s) persisten 0/9 · cuerpos max 13 · (tam_carro, persiste_carro) {'FABRICA': (9.558, 0)}
  [   125.6s] FABRICA s10104 (124.1s) persisten 0/9 · cuerpos max 14 · (tam_carro, persiste_carro) {'FABRICA': (9.582, 0)}
  [   126.0s] FABRICA s10106 (124.5s) persisten 0/9 · cuerpos max 14 · (tam_carro, persiste_carro) {'FABRICA': (9.592, 0)}
  [   126.8s] FABRICA s10105 (125.2s) persisten 0/9 · cuerpos max 15 · (tam_carro, persiste_carro) {'FABRICA': (9.68, 0)}
  [   128.0s] FABRICA s10101 (126.4s) persisten 0/9 · cuerpos max 16 · (tam_carro, persiste_carro) {'FABRICA': (9.828, 0)}
  [   231.8s] FABRICA s10107 (106.7s) persisten 0/9 · cuerpos max 13 · (tam_carro, persiste_carro) {'FABRICA': (9.704, 0)}
  [   232.4s] FABRICA s10109 (106.7s) persisten 0/9 · cuerpos max 14 · (tam_carro, persiste_carro) {'FABRICA': (9.676, 0)}
  [   232.7s] FABRICA s10108 (107.5s) persisten 0/9 · cuerpos max 14 · (tam_carro, persiste_carro) {'FABRICA': (9.718, 0)}
  [   233.9s] FABRICA s10110 (107.9s) persisten 0/9 · cuerpos max 13 · (tam_carro, persiste_carro) {'FABRICA': (9.602, 0)}
  [   234.0s] FABRICA s10111 (107.3s) persisten 0/9 · cuerpos max 13 · (tam_carro, persiste_carro) {'FABRICA': (9.64, 0)}
  [   235.0s] FABRICA s10112 (107.0s) persisten 0/9 · cuerpos max 13 · (tam_carro, persiste_carro) {'FABRICA': (9.682, 0)}
  [   358.5s] FABRICA s10113 (126.6s) persisten 0/9 · cuerpos max 14 · (tam_carro, persiste_carro) {'FABRICA': (9.628, 0)}
  [   360.4s] FABRICA s10114 (128.0s) persisten 0/9 · cuerpos max 14 · (tam_carro, persiste_carro) {'FABRICA': (9.836, 0)}
  [   361.8s] FABRICA s10115 (129.0s) persisten 0/9 · cuerpos max 16 · (tam_carro, persiste_carro) {'FABRICA': (9.728, 0)}
  [   362.2s] FABRICA s10118 (127.2s) persisten 0/9 · cuerpos max 13 · (tam_carro, persiste_carro) {'FABRICA': (9.658, 0)}
  [   362.8s] FABRICA s10117 (128.8s) persisten 0/9 · cuerpos max 14 · (tam_carro, persiste_carro) {'FABRICA': (9.664, 0)}
  [   364.7s] FABRICA s10116 (130.8s) persisten 0/9 · cuerpos max 14 · (tam_carro, persiste_carro) {'FABRICA': (9.778, 0)}
  [   477.8s] FABRICA s10119 (119.3s) persisten 0/9 · cuerpos max 15 · (tam_carro, persiste_carro) {'FABRICA': (9.656, 0)}
  [   478.6s] FABRICA s10120 (118.3s) persisten 0/9 · cuerpos max 13 · (tam_carro, persiste_carro) {'FABRICA': (9.588, 0)}
  [   830.2s] O1 s10102 (468.0s) persisten 0/9 · cuerpos max 34 · (tam_carro, persiste_carro) {'O1': (23.958, 0)}
  [   840.9s] O1 s10101 (479.1s) persisten 0/9 · cuerpos max 35 · (tam_carro, persiste_carro) {'O1': (24.368, 0)}
  [   842.1s] O1 s10103 (479.3s) persisten 1/9 · cuerpos max 34 · (tam_carro, persiste_carro) {'O1': (23.966, 1)}
  [   846.7s] O1 s10104 (482.0s) persisten 1/9 · cuerpos max 37 · (tam_carro, persiste_carro) {'O1': (24.13, 1)}
  [   926.8s] O1 s10105 (449.0s) persisten 1/9 · cuerpos max 35 · (tam_carro, persiste_carro) {'O1': (24.724, 1)}
  [   940.1s] O1 s10106 (461.5s) persisten 1/9 · cuerpos max 37 · (tam_carro, persiste_carro) {'O1': (25.298, 1)}
  [  1360.9s] O1 s10107 (530.7s) persisten 1/9 · cuerpos max 37 · (tam_carro, persiste_carro) {'O1': (23.556, 1)}
  [  1364.9s] O1 s10110 (518.2s) persisten 1/9 · cuerpos max 37 · (tam_carro, persiste_carro) {'O1': (26.432, 1)}
  [  1385.3s] O1 s10108 (544.4s) persisten 1/9 · cuerpos max 37 · (tam_carro, persiste_carro) {'O1': (24.69, 1)}
  [  1401.8s] O1 s10109 (559.7s) persisten 1/9 · cuerpos max 33 · (tam_carro, persiste_carro) {'O1': (22.498, 1)}
  [  1445.1s] O1 s10112 (505.0s) persisten 1/9 · cuerpos max 36 · (tam_carro, persiste_carro) {'O1': (26.174, 1)}
  [  1471.1s] O1 s10111 (544.3s) persisten 0/9 · cuerpos max 35 · (tam_carro, persiste_carro) {'O1': (23.662, 0)}
  [  1835.9s] O1 s10114 (471.0s) persisten 1/9 · cuerpos max 36 · (tam_carro, persiste_carro) {'O1': (25.538, 1)}
  [  1837.1s] O1 s10113 (476.3s) persisten 0/9 · cuerpos max 39 · (tam_carro, persiste_carro) {'O1': (23.826, 0)}
  [  1853.6s] O1 s10115 (468.3s) persisten 1/9 · cuerpos max 38 · (tam_carro, persiste_carro) {'O1': (24.134, 1)}
  [  1863.5s] O1 s10116 (461.7s) persisten 0/9 · cuerpos max 38 · (tam_carro, persiste_carro) {'O1': (25.568, 0)}
  [  1909.2s] O1 s10117 (464.1s) persisten 1/9 · cuerpos max 38 · (tam_carro, persiste_carro) {'O1': (25.218, 1)}
  [  1932.9s] O1 s10118 (461.8s) persisten 0/9 · cuerpos max 34 · (tam_carro, persiste_carro) {'O1': (22.744, 0)}
  [  2123.4s] O2 s10101 (269.9s) persisten 0/9 · cuerpos max 27 · (tam_carro, persiste_carro) {'O2': (17.496, 0)}
  [  2136.0s] O2 s10102 (272.5s) persisten 0/9 · cuerpos max 25 · (tam_carro, persiste_carro) {'O2': (16.83, 0)}
  [  2158.3s] O2 s10103 (249.1s) persisten 0/9 · cuerpos max 28 · (tam_carro, persiste_carro) {'O2': (17.774, 0)}
  [  2198.9s] O2 s10104 (265.9s) persisten 0/9 · cuerpos max 27 · (tam_carro, persiste_carro) {'O2': (17.004, 0)}
  [  2236.0s] O1 s10119 (400.1s) persisten 1/9 · cuerpos max 39 · (tam_carro, persiste_carro) {'O1': (24.592, 1)}
  [  2247.0s] O1 s10120 (409.9s) persisten 1/9 · cuerpos max 38 · (tam_carro, persiste_carro) {'O1': (23.688, 1)}
  [  2343.0s] O2 s10105 (219.6s) persisten 0/9 · cuerpos max 27 · (tam_carro, persiste_carro) {'O2': (17.666, 0)}
  [  2398.0s] O2 s10106 (262.0s) persisten 0/9 · cuerpos max 26 · (tam_carro, persiste_carro) {'O2': (18.426, 0)}
  [  2408.3s] O2 s10107 (250.0s) persisten 0/9 · cuerpos max 30 · (tam_carro, persiste_carro) {'O2': (18.078, 0)}
  [  2477.5s] O2 s10108 (278.6s) persisten 0/9 · cuerpos max 28 · (tam_carro, persiste_carro) {'O2': (17.272, 0)}
  [  2516.5s] O2 s10109 (280.5s) persisten 0/9 · cuerpos max 28 · (tam_carro, persiste_carro) {'O2': (17.022, 0)}
  [  2546.5s] O2 s10110 (299.5s) persisten 0/9 · cuerpos max 29 · (tam_carro, persiste_carro) {'O2': (17.332, 0)}
  [  2627.5s] O2 s10111 (284.5s) persisten 0/9 · cuerpos max 28 · (tam_carro, persiste_carro) {'O2': (17.432, 0)}
  [  2686.2s] O2 s10113 (277.9s) persisten 0/9 · cuerpos max 27 · (tam_carro, persiste_carro) {'O2': (17.886, 0)}
  [  2696.2s] O2 s10112 (298.2s) persisten 0/9 · cuerpos max 28 · (tam_carro, persiste_carro) {'O2': (17.634, 0)}
  [  2752.0s] O2 s10114 (274.5s) persisten 0/9 · cuerpos max 28 · (tam_carro, persiste_carro) {'O2': (18.496, 0)}
  [  2787.0s] O2 s10115 (270.5s) persisten 0/9 · cuerpos max 25 · (tam_carro, persiste_carro) {'O2': (17.452, 0)}
  [  2800.2s] O2 s10116 (253.7s) persisten 0/9 · cuerpos max 27 · (tam_carro, persiste_carro) {'O2': (17.182, 0)}
  [  2851.4s] O2 s10117 (223.9s) persisten 0/9 · cuerpos max 26 · (tam_carro, persiste_carro) {'O2': (17.874, 0)}
  [  2938.9s] O2 s10118 (252.7s) persisten 0/9 · cuerpos max 25 · (tam_carro, persiste_carro) {'O2': (17.37, 0)}
  [  2940.7s] O2 s10119 (244.5s) persisten 0/9 · cuerpos max 27 · (tam_carro, persiste_carro) {'O2': (16.87, 0)}
  [  2993.1s] O2 s10120 (241.1s) persisten 0/9 · cuerpos max 28 · (tam_carro, persiste_carro) {'O2': (16.82, 0)}
  [  3231.5s] O3 s10102 (431.4s) persisten 0/9 · cuerpos max 25 · (tam_carro, persiste_carro) {'O3': (16.178, 0)}
  [  3236.6s] O3 s10101 (449.6s) persisten 0/9 · cuerpos max 30 · (tam_carro, persiste_carro) {'O3': (18.132, 0)}
  [  3270.9s] O3 s10103 (419.5s) persisten 0/9 · cuerpos max 26 · (tam_carro, persiste_carro) {'O3': (17.442, 0)}
  [  3386.8s] O3 s10104 (447.9s) persisten 0/9 · cuerpos max 30 · (tam_carro, persiste_carro) {'O3': (17.022, 0)}
  [  3416.5s] O3 s10105 (475.8s) persisten 0/9 · cuerpos max 28 · (tam_carro, persiste_carro) {'O3': (17.924, 0)}
  [  3441.2s] O3 s10106 (448.1s) persisten 0/9 · cuerpos max 27 · (tam_carro, persiste_carro) {'O3': (17.008, 0)}
  [  3731.3s] O3 s10107 (499.7s) persisten 0/9 · cuerpos max 26 · (tam_carro, persiste_carro) {'O3': (17.114, 0)}
  [  3753.8s] O3 s10108 (517.1s) persisten 0/9 · cuerpos max 26 · (tam_carro, persiste_carro) {'O3': (15.77, 0)}
  [  3761.5s] O3 s10109 (490.5s) persisten 0/9 · cuerpos max 28 · (tam_carro, persiste_carro) {'O3': (16.798, 0)}
  [  3915.1s] O3 s10110 (528.3s) persisten 0/9 · cuerpos max 29 · (tam_carro, persiste_carro) {'O3': (19.092, 0)}
  [  3938.1s] O3 s10111 (521.6s) persisten 0/9 · cuerpos max 27 · (tam_carro, persiste_carro) {'O3': (17.366, 0)}
  [  3995.1s] O3 s10112 (553.9s) persisten 0/9 · cuerpos max 27 · (tam_carro, persiste_carro) {'O3': (18.234, 0)}
  [  4247.1s] O3 s10113 (515.9s) persisten 0/9 · cuerpos max 27 · (tam_carro, persiste_carro) {'O3': (17.758, 0)}
  [  4273.1s] O3 s10115 (511.7s) persisten 0/9 · cuerpos max 30 · (tam_carro, persiste_carro) {'O3': (19.224, 0)}
  [  4274.7s] O3 s10114 (520.9s) persisten 0/9 · cuerpos max 29 · (tam_carro, persiste_carro) {'O3': (17.442, 0)}
  [  4443.1s] O3 s10116 (528.0s) persisten 0/9 · cuerpos max 29 · (tam_carro, persiste_carro) {'O3': (17.338, 0)}
  [  4458.1s] O3 s10117 (520.0s) persisten 0/9 · cuerpos max 27 · (tam_carro, persiste_carro) {'O3': (16.346, 0)}
  [  4513.0s] O3 s10118 (517.9s) persisten 0/9 · cuerpos max 27 · (tam_carro, persiste_carro) {'O3': (16.092, 0)}
  [  4768.4s] O4 s10101 (493.7s) persisten 0/9 · cuerpos max 34 · (tam_carro, persiste_carro) {'O4': (23.008, 0)}
  [  4778.8s] O3 s10119 (531.7s) persisten 0/9 · cuerpos max 26 · (tam_carro, persiste_carro) {'O3': (16.956, 0)}
  [  4816.2s] O3 s10120 (543.1s) persisten 0/9 · cuerpos max 27 · (tam_carro, persiste_carro) {'O3': (16.348, 0)}
  [  4932.3s] O4 s10102 (489.2s) persisten 0/9 · cuerpos max 35 · (tam_carro, persiste_carro) {'O4': (22.97, 0)}
  [  4959.9s] O4 s10103 (501.9s) persisten 0/9 · cuerpos max 32 · (tam_carro, persiste_carro) {'O4': (21.766, 0)}
  [  4994.8s] O4 s10104 (481.8s) persisten 0/9 · cuerpos max 33 · (tam_carro, persiste_carro) {'O4': (22.982, 0)}
  [  5258.6s] O4 s10105 (490.2s) persisten 0/9 · cuerpos max 33 · (tam_carro, persiste_carro) {'O4': (23.006, 0)}
  [  5265.7s] O4 s10106 (486.9s) persisten 0/9 · cuerpos max 35 · (tam_carro, persiste_carro) {'O4': (22.404, 0)}
  [  5295.7s] O4 s10107 (479.5s) persisten 1/9 · cuerpos max 34 · (tam_carro, persiste_carro) {'O4': (22.002, 1)}
  [  5370.5s] O4 s10108 (438.2s) persisten 0/9 · cuerpos max 32 · (tam_carro, persiste_carro) {'O4': (23.332, 0)}
  [  5397.3s] O4 s10109 (437.3s) persisten 0/9 · cuerpos max 34 · (tam_carro, persiste_carro) {'O4': (22.698, 0)}
  [  5426.7s] O4 s10110 (431.9s) persisten 0/9 · cuerpos max 34 · (tam_carro, persiste_carro) {'O4': (22.902, 0)}
  [  5642.8s] O4 s10112 (377.1s) persisten 1/9 · cuerpos max 35 · (tam_carro, persiste_carro) {'O4': (23.42, 1)}
  [  5644.7s] O4 s10111 (386.1s) persisten 0/9 · cuerpos max 33 · (tam_carro, persiste_carro) {'O4': (23.032, 0)}
  [  5680.5s] O4 s10113 (384.8s) persisten 0/9 · cuerpos max 33 · (tam_carro, persiste_carro) {'O4': (21.56, 0)}
  [  5777.2s] O4 s10114 (406.7s) persisten 0/9 · cuerpos max 34 · (tam_carro, persiste_carro) {'O4': (22.634, 0)}
  [  5800.4s] O4 s10115 (403.1s) persisten 0/9 · cuerpos max 33 · (tam_carro, persiste_carro) {'O4': (22.016, 0)}
  [  5831.5s] O4 s10116 (404.8s) persisten 0/9 · cuerpos max 33 · (tam_carro, persiste_carro) {'O4': (22.614, 0)}
  [  5981.0s] O4 s10118 (336.3s) persisten 0/9 · cuerpos max 34 · (tam_carro, persiste_carro) {'O4': (22.636, 0)}
  [  5984.7s] O4 s10117 (341.9s) persisten 1/9 · cuerpos max 33 · (tam_carro, persiste_carro) {'O4': (23.818, 1)}
  [  6008.5s] O4 s10119 (328.0s) persisten 0/9 · cuerpos max 34 · (tam_carro, persiste_carro) {'O4': (23.568, 0)}
  [  6081.5s] O4 s10120 (304.3s) persisten 0/9 · cuerpos max 34 · (tam_carro, persiste_carro) {'O4': (22.414, 0)}
  [  6117.8s] CTRL_O3_SINTERM s10101 (317.4s) persisten 0/9 · cuerpos max 28 · (tam_carro, persiste_carro) {'CTRL_O3_SINTERM': (18.272, 0)}
  [  6156.9s] CTRL_O3_SINTERM s10102 (325.4s) persisten 0/9 · cuerpos max 33 · (tam_carro, persiste_carro) {'CTRL_O3_SINTERM': (19.716, 0)}
  [  6326.5s] CTRL_O3_SINTERM s10103 (345.6s) persisten 0/9 · cuerpos max 36 · (tam_carro, persiste_carro) {'CTRL_O3_SINTERM': (17.422, 0)}
  [  6342.1s] CTRL_O3_SINTERM s10104 (357.4s) persisten 0/9 · cuerpos max 26 · (tam_carro, persiste_carro) {'CTRL_O3_SINTERM': (17.714, 0)}
  [  6360.2s] CTRL_O3_SINTERM s10105 (351.7s) persisten 0/9 · cuerpos max 31 · (tam_carro, persiste_carro) {'CTRL_O3_SINTERM': (16.998, 0)}
  [  6491.6s] CTRL_O3_SINTERM s10106 (410.2s) persisten 0/9 · cuerpos max 32 · (tam_carro, persiste_carro) {'CTRL_O3_SINTERM': (18.942, 0)}
  [  6569.3s] CTRL_O3_SINTERM s10107 (451.5s) persisten 0/9 · cuerpos max 27 · (tam_carro, persiste_carro) {'CTRL_O3_SINTERM': (18.44, 0)}
  [  6612.6s] CTRL_O3_SINTERM s10108 (455.7s) persisten 0/9 · cuerpos max 28 · (tam_carro, persiste_carro) {'CTRL_O3_SINTERM': (17.884, 0)}
  [  6787.5s] CTRL_O3_SINTERM s10109 (460.9s) persisten 0/9 · cuerpos max 28 · (tam_carro, persiste_carro) {'CTRL_O3_SINTERM': (17.332, 0)}
  [  6799.6s] CTRL_O3_SINTERM s10110 (457.5s) persisten 0/9 · cuerpos max 25 · (tam_carro, persiste_carro) {'CTRL_O3_SINTERM': (15.852, 0)}
  [  6830.6s] CTRL_O3_SINTERM s10111 (470.4s) persisten 0/9 · cuerpos max 28 · (tam_carro, persiste_carro) {'CTRL_O3_SINTERM': (17.576, 0)}
  [  6955.5s] CTRL_O3_SINTERM s10112 (463.8s) persisten 0/9 · cuerpos max 27 · (tam_carro, persiste_carro) {'CTRL_O3_SINTERM': (18.342, 0)}
  [  7034.9s] CTRL_O3_SINTERM s10113 (465.6s) persisten 0/9 · cuerpos max 29 · (tam_carro, persiste_carro) {'CTRL_O3_SINTERM': (17.902, 0)}
  [  7056.0s] CTRL_O3_SINTERM s10114 (443.4s) persisten 0/9 · cuerpos max 29 · (tam_carro, persiste_carro) {'CTRL_O3_SINTERM': (17.124, 0)}
  [  7233.0s] CTRL_O3_SINTERM s10115 (445.5s) persisten 0/9 · cuerpos max 32 · (tam_carro, persiste_carro) {'CTRL_O3_SINTERM': (18.796, 0)}
  [  7264.7s] CTRL_O3_SINTERM s10116 (465.1s) persisten 0/9 · cuerpos max 26 · (tam_carro, persiste_carro) {'CTRL_O3_SINTERM': (17.892, 0)}
  [  7266.4s] CTRL_O3_SINTERM s10117 (435.8s) persisten 0/9 · cuerpos max 27 · (tam_carro, persiste_carro) {'CTRL_O3_SINTERM': (15.604, 0)}
  [  7377.7s] CTRL_O3_SINTERM s10118 (422.3s) persisten 0/9 · cuerpos max 32 · (tam_carro, persiste_carro) {'CTRL_O3_SINTERM': (17.82, 0)}
  [  7440.1s] CTRL_O3_SINTERM s10119 (405.2s) persisten 0/9 · cuerpos max 26 · (tam_carro, persiste_carro) {'CTRL_O3_SINTERM': (17.51, 0)}
  [  7444.8s] CTRL_O3_SINTERM s10120 (388.8s) persisten 0/9 · cuerpos max 27 · (tam_carro, persiste_carro) {'CTRL_O3_SINTERM': (17.312, 0)}
  CRUDO C:\Users\User\Documents\PROYECTOS\JUACO\bundle\experimentos\generaciones\datos\convive_serie_mono_s10101-10120_T100000_fija_20260923_151743.json (sha 6289126525058479)

  CRITERIO PRINCIPAL (sec. 9): persiste el carro (>= 1 linaje sin fundadores tras t = 10000) · tamano del carro (media t >= T/2)
  FABRICA          persiste el carro 0/20 -> no estabiliza (con >= 5 nac: 0) · tamano del carro (mediana por semilla) 9.67
  O1               persiste el carro 14/20 -> no estabiliza (con >= 5 nac: 14) · tamano del carro (mediana por semilla) 24.251
  O2               persiste el carro 0/20 -> no estabiliza (con >= 5 nac: 0) · tamano del carro (mediana por semilla) 17.442
  O3               persiste el carro 0/20 -> no estabiliza (con >= 5 nac: 0) · tamano del carro (mediana por semilla) 17.226
  O4               persiste el carro 3/20 -> no estabiliza (con >= 5 nac: 3) · tamano del carro (mediana por semilla) 22.8
  CTRL_O3_SINTERM  persiste el carro 0/20 -> no estabiliza (con >= 5 nac: 0) · tamano del carro (mediana por semilla) 17.767

  carro   | persisten/lin | sin ext | sem estab (con >=1 lin) | R0_coh (cens) | R0_compl | R0_muertos | tam media/min/final | gen max | vida | vol decl/muertes | cuerpos (max) | bloq | s/semilla
  FABRICA |   0/180 |   0 |  0/20 (0) | 0.163 (0.0) | 0.163 | 0.16 | 1.071/1.0/1.0 | 2.0 | 105.25 | 0/59056 (0.0) | 9.632 (16) | 0 | 123.9
  O1      |  14/180 |  14 |  0/20 (14) | 0.153 (0.0) | 0.153 | 0.147 | 1.693/1.0/1.0 | 8.0 | 200.0 | 0/55337 (0.0) | 24.041 (39) | 0 | 473.65
  O2      |   0/180 |   0 |  0/20 (0) | 0.676 (0.0) | 0.676 | 0.66 | 1.909/1.0/1.0 | 7.0 | 1509.0 | 0/15234 (0.0) | 17.619 (30) | 0 | 267.9
  O3      |   0/180 |   0 |  0/20 (0) | 0.778 (0.0) | 0.778 | 0.723 | 1.933/1.0/1.0 | 8.0 | 2075.75 | 326/11498 (0.0284) | 17.229 (30) | 0 | 516.5
  O4      |   3/180 |   3 |  0/20 (3) | 0.281 (0.0) | 0.281 | 0.264 | 2.387/1.0/1.0 | 14.0 | 200.0 | 2815/50548 (0.0557) | 22.517 (35) | 0 | 419.3
  CTRL_O3_SINTERM |   0/180 |   0 |  0/20 (0) | 0.758 (0.0) | 0.758 | 0.724 | 1.936/1.0/2.0 | 8.0 | 1937.75 | 0/11417 (0.0) | 17.634 (36) | 0 | 439.6

  PREDICCIONES FIRMADAS DEL COORDINADOR (PREREGISTRO sec. 9)
   - O2 persiste como carro en monocultivo en >= 15/20 (p 0.70): 0/20 -> NO se cumple
   - O3 persiste como carro en monocultivo en >= 15/20 (p 0.70): 0/20 -> NO se cumple
   - O4 persiste como carro en monocultivo en >= 15/20 (p 0.70): 3/20 -> NO se cumple
   - FABRICA persiste como carro en >= 15/20 (p 0.20): 0/20 -> no ocurre

  PREDICCIONES DEL CREADOR (PREREGISTRO sec. 5; H-b sigue como estaba)
   - LECTURA sec. 5 (NO decide; H se evalua en la MIXTA, sec. 9): O2 >= O3 - 15 y >= O4 - 15 linajes persistentes en monocultivo: NO EVALUABLE (ningun carro llega a 10 linajes persistentes)
   - H-b (mecanismo): la muerte programada no da ventaja: O3 <= CTRL_O3_SINTERM + 15 y O4 <= O1 + 15 (persisten, de 180): SE CUMPLE
   - FABRICA: persisten 0 en (0, 5): SI · tam medio 1.071 en (0.9, 1.2): SI · semillas con >= 1 linaje persistente 0 en (0, 2): SI
   - O1: persisten 14 en (0, 30): SI · tam medio 1.693 en (1.1, 2.2): SI · semillas con >= 1 linaje persistente 14 en (8, 20): SI
   - O2: persisten 0 en (5, 45): NO · tam medio 1.909 en (1.1, 2.2): SI · semillas con >= 1 linaje persistente 0 en (12, 20): NO
   - O3: persisten 0 en (10, 60): NO · tam medio 1.933 en (1.2, 2.5): SI · semillas con >= 1 linaje persistente 0 en (15, 20): NO
   - O4: persisten 3 en (5, 50): NO · tam medio 2.387 en (1.0, 2.0): NO · semillas con >= 1 linaje persistente 3 en (12, 20): NO
   - CTRL_O3_SINTERM: persisten 0 en (10, 60): NO · tam medio 1.936 en (1.2, 2.5): SI · semillas con >= 1 linaje persistente 0 en (15, 20): NO
  RESUMEN C:\Users\User\Documents\PROYECTOS\JUACO\bundle\experimentos\generaciones\datos\convive_serie_mono_s10101-10120_T100000_fija_20260923_151743_resumen.json
Terminado en 7446.5s
