DIAGNOSTICO DEL MURO · 2026-09-22 13:14:38 · semillas [2941, 2942, 2943, 2944, 2945, 2946] · T=100000 · 3 brazos x 6 semillas = 18 corridas, UN proceso, SIN Pool
  organismo_f9c_muro.py sha 72f1e5da62216d23 · origen organismo_f9c.py sha 9dd1fb91ecec35ae (se espera 9dd1fb91ecec35ae) · runner sha d946a934f126f669

ETAPA 1/3 — regla 14 (BRAZOS = corre_bloque2.BRAZOS, mismo objeto)
  OK  regla14 NADA     26 campos IDENTICOS a corre_bloque2.BRAZOS (importado, no copiado)
  OK  regla14 REL      27 campos IDENTICOS a corre_bloque2.BRAZOS (importado, no copiado)
  OK  regla14 ORACULO  29 campos IDENTICOS a corre_bloque2.BRAZOS (importado, no copiado)

ETAPA 2/3 — arnes de identidad (identidad_muro.py), ANTES de mirar ningun numero
  identidad_muro: PASA

ETAPA 3/3 — 18 corridas en SERIE (dentro de este proceso, sin Pool)
  [  49.6s]  1/18  NADA     s2941  R0 0.14    vida 76.5     f_bad_medido 0.846   f_bad_pred 0.8466  p1 0.177 c1 0.9928 q0 215/250 edad1 771.0 R0_vt 0.14
  [  57.5s]  2/18  NADA     s2942  R0 0.125   vida 94.0     f_bad_medido 0.8409  f_bad_pred 0.8402  p1 0.228 c1 0.9862 q0 226/256 edad1 678.0 R0_vt 0.125
  [  66.6s]  3/18  NADA     s2943  R0 0.1132  vida 86.0     f_bad_medido 0.8447  f_bad_pred 0.8412  p1 0.1445 c1 0.9869 q0 235/265 edad1 1044.5 R0_vt 0.1132
  [  75.7s]  4/18  NADA     s2944  R0 0.1411  vida 72.0     f_bad_medido 0.8507  f_bad_pred 0.8552  p1 0.2061 c1 0.9857 q0 207/241 edad1 852.5 R0_vt 0.1411
  [  84.7s]  5/18  NADA     s2945  R0 0.1333  vida 86.0     f_bad_medido 0.8468  f_bad_pred 0.8434  p1 0.1767 c1 0.9862 q0 222/255 edad1 783.0 R0_vt 0.1333
  [  92.4s]  6/18  NADA     s2946  R0 0.1306  vida 109.5    f_bad_medido 0.8455  f_bad_pred 0.8387  p1 0.1931 c1 0.9932 q0 234/268 edad1 777.0 R0_vt 0.1306
  [ 104.5s]  7/18  REL      s2941  R0 0.4037  vida 583.0    f_bad_medido 0.9012  f_bad_pred 0.9025  p1 0.9732 c1 1.0 q0 106/161 edad1 600.0 R0_vt 0.4037
  [ 115.1s]  8/18  REL      s2942  R0 0.4773  vida 630.0    f_bad_medido 0.9042  f_bad_pred 0.9066  p1 0.9528 c1 0.9901 q0 76/132 edad1 597.5 R0_vt 0.4773
  [ 126.2s]  9/18  REL      s2943  R0 0.4025  vida 568.0    f_bad_medido 0.8943  f_bad_pred 0.8928  p1 0.9671 c1 1.0 q0 100/159 edad1 588.0 R0_vt 0.4025
  [ 137.2s] 10/18  REL      s2944  R0 0.3576  vida 582.0    f_bad_medido 0.911   f_bad_pred 0.9119  p1 0.9557 c1 1.0 q0 107/165 edad1 596.5 R0_vt 0.3576
  [ 147.7s] 11/18  REL      s2945  R0 0.363   vida 598.0    f_bad_medido 0.8926  f_bad_pred 0.8989  p1 0.9323 c1 0.9659 q0 93/135 edad1 730.5 R0_vt 0.363
  [ 159.0s] 12/18  REL      s2946  R0 0.3436  vida 575.0    f_bad_medido 0.9102  f_bad_pred 0.9021  p1 0.9615 c1 0.9913 q0 112/163 edad1 597.0 R0_vt 0.3436
  [ 168.6s] 13/18  ORACULO  s2941  R0 0.446   vida 601.0    f_bad_medido 0.9026  f_bad_pred 0.9028  p1 0.9706 c1 1.0 q0 90/139 edad1 642.0 R0_vt 0.446
  [ 178.3s] 14/18  ORACULO  s2942  R0 0.3765  vida 587.5    f_bad_medido 0.8874  f_bad_pred 0.8876  p1 0.9809 c1 0.9913 q0 104/162 edad1 596.5 R0_vt 0.3765
  [ 187.3s] 15/18  ORACULO  s2943  R0 0.4737  vida 612.0    f_bad_medido 0.9031  f_bad_pred 0.905   p1 1.0 c1 1.0 q0 76/133 edad1 664.0 R0_vt 0.4737
  [ 197.3s] 16/18  ORACULO  s2944  R0 0.3986  vida 644.0    f_bad_medido 0.9081  f_bad_pred 0.9042  p1 0.9848 c1 1.0 q0 92/138 edad1 656.0 R0_vt 0.3986
  [ 207.7s] 17/18  ORACULO  s2945  R0 0.4863  vida 598.0    f_bad_medido 0.9092  f_bad_pred 0.9129  p1 0.9787 c1 1.0 q0 83/146 edad1 633.0 R0_vt 0.4863
  [ 218.0s] 18/18  ORACULO  s2946  R0 0.5172  vida 630.0    f_bad_medido 0.9104  f_bad_pred 0.9161  p1 0.991 c1 1.0 q0 66/116 edad1 682.5 R0_vt 0.5172

CRUDO C:\Users\User\Documents\PROYECTOS\JUACO\bundle\datos\humo\diagmuro_s2941-2946_20260922_131438.json (sha 9b7db5bbe0c4aff7)

Terminado en 218.0s
