[13:20:30 +    0.0s] === FANIN — HUMO (UN proceso, NO es dato): brazos {'F6': 6, 'F3': 3, 'F2': 2}, semillas 6001..6002, T=20000 ===
[13:20:30 +    0.0s] identidad: IDENTIDAD 23/23 -- TODO IDENTICO: fanin=6 es el tronco bit a bit (y diag es inerte)  (instrumento 71e9b247ec1e91fc)
[13:20:30 +    0.0s] kwargs del tronco (regla 14, leidos de bateria_generaliza_v142 congelada): {'eta_s': 0.15, 'clip_s': 10.0, 'puerta': 3, 'mask_rel': 2, 'del_s': 0.25, 'del_c': 0.25, 'ema_c': 0.05, 'puerta_pat': 5, 'pat_shuf': 0, 'pat_min': 1}
[13:20:30 +    0.0s]   sha 71e9b247ec1e91fc  organismo_v142g_fanin.py
[13:20:30 +    0.0s]   sha a1d97a02bdf9dec9  organismo_v142_fanin.py
[13:20:30 +    0.0s]   sha 5e3e5b3878881ddf  bateria_v142_fanin.py
[13:20:30 +    0.0s]   sha df13a4e65335ff10  bateria_generaliza_v142_fanin.py
[13:20:30 +    0.0s]   sha 6034dfa85450fba6  corre_fanin.py
[13:20:30 +    0.0s]   sha 0e9128708ef440c9  construye_fanin.py
[13:20:30 +    0.0s]   sha 28723f71a5631f4b  PREREGISTRO_fanin.md
[13:20:30 +    0.0s]   sha e5929942647756a5  bateria_generaliza_v142.py (congelada)
[13:20:30 +    0.0s] ETAPA 1/3 — 54 corridas (3 brazos x 9 reglas x 2 semillas) en UN proceso
[13:20:31 +    0.9s]      1/54 F6 rejilla conj  s6001  acc 0.500  rapida 0.500  rapida(sonda test) 0.00  pool 31 lleno None  empates 0.0000  0.9s
[13:20:32 +    1.8s]      2/54 F6 rejilla np    s6001  acc 0.812  rapida 0.688  rapida(sonda test) 0.04  pool 40 lleno None  empates 0.0000  0.9s
[13:20:33 +    2.8s]      3/54 F6 rejilla xor   s6001  acc 0.500  rapida 0.562  rapida(sonda test) 0.00  pool 52 lleno None  empates 0.0000  1.0s
[13:20:34 +    4.2s]      4/54 F6 rejilla par3  s6001  acc 0.312  rapida 0.500  rapida(sonda test) 0.00  pool 49 lleno None  empates 0.0000  1.4s
[13:20:36 +    5.7s]      5/54 F6 rejilla px0   s6001  acc 0.844  rapida 0.781  rapida(sonda test) 0.03  pool 40 lleno None  empates 0.0000  1.5s
[13:20:37 +    7.1s]      6/54 F6 rejilla azar  s6001  acc 0.406  rapida 0.469  rapida(sonda test) 0.00  pool 48 lleno None  empates 0.0000  1.4s
[13:20:39 +    8.2s]      7/54 F6 regla   px0   s6001  acc 1.000  rapida 0.600  rapida(sonda test) 0.00  pool 42 lleno None  empates 0.0000  1.2s
[13:20:40 +    9.6s]      8/54 F6 regla   azar  s6001  acc 0.600  rapida 0.300  rapida(sonda test) 0.00  pool 46 lleno None  empates 0.0000  1.4s
[13:20:41 +   11.0s]      9/54 F6 regla   xor01 s6001  acc 0.375  rapida 0.438  rapida(sonda test) 0.00  pool 44 lleno None  empates 0.0000  1.4s
[13:20:42 +   12.2s]     10/54 F3 rejilla conj  s6001  acc 0.500  rapida 0.500  rapida(sonda test) 0.00  pool 31 lleno None  empates 0.0000  1.2s
[13:20:44 +   13.4s]     11/54 F3 rejilla np    s6001  acc 0.719  rapida 0.562  rapida(sonda test) 0.04  pool 53 lleno None  empates 0.0000  1.2s
[13:20:45 +   14.6s]     12/54 F3 rejilla xor   s6001  acc 0.500  rapida 0.562  rapida(sonda test) 0.00  pool 50 lleno None  empates 0.0000  1.2s
[13:20:46 +   15.9s]     13/54 F3 rejilla par3  s6001  acc 0.375  rapida 0.406  rapida(sonda test) 0.00  pool 63 lleno None  empates 0.0000  1.3s
[13:20:48 +   17.3s]     14/54 F3 rejilla px0   s6001  acc 0.750  rapida 0.750  rapida(sonda test) 0.00  pool 46 lleno None  empates 0.0000  1.3s
[13:20:49 +   18.7s]     15/54 F3 rejilla azar  s6001  acc 0.406  rapida 0.562  rapida(sonda test) 0.00  pool 59 lleno None  empates 0.0000  1.4s
[13:20:50 +   19.7s]     16/54 F3 regla   px0   s6001  acc 1.000  rapida 0.700  rapida(sonda test) 0.00  pool 47 lleno None  empates 0.0459  1.0s
[13:20:51 +   21.0s]     17/54 F3 regla   azar  s6001  acc 0.400  rapida 0.000  rapida(sonda test) 0.10  pool 56 lleno None  empates 0.0000  1.3s
[13:20:52 +   22.1s]     18/54 F3 regla   xor01 s6001  acc 0.375  rapida 0.500  rapida(sonda test) 0.08  pool 49 lleno None  empates 0.0484  1.2s
[13:20:54 +   23.4s]     19/54 F2 rejilla conj  s6001  acc 0.500  rapida 0.500  rapida(sonda test) 0.00  pool 31 lleno None  empates 0.0000  1.3s
[13:20:55 +   24.4s]     20/54 F2 rejilla np    s6001  acc 0.625  rapida 0.469  rapida(sonda test) 0.17  pool 58 lleno None  empates 0.0000  1.0s
[13:20:56 +   25.8s]     21/54 F2 rejilla xor   s6001  acc 0.531  rapida 0.781  rapida(sonda test) 0.00  pool 54 lleno None  empates 0.0000  1.4s
[13:20:57 +   27.0s]     22/54 F2 rejilla par3  s6001  acc 0.375  rapida 0.438  rapida(sonda test) 0.06  pool 53 lleno None  empates 0.0000  1.2s
[13:20:59 +   28.3s]     23/54 F2 rejilla px0   s6001  acc 0.781  rapida 0.781  rapida(sonda test) 0.19  pool 49 lleno None  empates 0.0000  1.4s
[13:21:00 +   29.6s]     24/54 F2 rejilla azar  s6001  acc 0.438  rapida 0.469  rapida(sonda test) 0.06  pool 63 lleno None  empates 0.0000  1.2s
[13:21:01 +   30.9s]     25/54 F2 regla   px0   s6001  acc 1.000  rapida 0.500  rapida(sonda test) 0.00  pool 40 lleno None  empates 0.0321  1.3s
[13:21:02 +   31.9s]     26/54 F2 regla   azar  s6001  acc 0.300  rapida 0.300  rapida(sonda test) 0.20  pool 54 lleno None  empates 0.0020  1.1s
[13:21:03 +   33.0s]     27/54 F2 regla   xor01 s6001  acc 0.312  rapida 0.625  rapida(sonda test) 0.08  pool 50 lleno None  empates 0.0013  1.1s
[13:21:04 +   34.1s]     28/54 F6 rejilla conj  s6002  acc 0.479  rapida 0.500  rapida(sonda test) 0.34  pool 38 lleno None  empates 0.0000  1.1s
[13:21:06 +   35.3s]     29/54 F6 rejilla np    s6002  acc 0.625  rapida 0.562  rapida(sonda test) 0.83  pool 39 lleno None  empates 0.0000  1.2s
[13:21:07 +   36.9s]     30/54 F6 rejilla xor   s6002  acc 0.500  rapida 0.500  rapida(sonda test) 0.53  pool 40 lleno None  empates 0.0000  1.5s
[13:21:08 +   38.0s]     31/54 F6 rejilla par3  s6002  acc 0.438  rapida 0.500  rapida(sonda test) 0.72  pool 46 lleno None  empates 0.0000  1.2s
[13:21:10 +   39.3s]     32/54 F6 rejilla px0   s6002  acc 0.875  rapida 0.844  rapida(sonda test) 0.66  pool 32 lleno None  empates 0.0000  1.2s
[13:21:11 +   40.7s]     33/54 F6 rejilla azar  s6002  acc 0.580  rapida 0.559  rapida(sonda test) 0.59  pool 47 lleno None  empates 0.0000  1.5s
[13:21:12 +   41.8s]     34/54 F6 regla   px0   s6002  acc 0.800  rapida 0.800  rapida(sonda test) 0.50  pool 34 lleno None  empates 0.0000  1.0s
[13:21:13 +   43.0s]     35/54 F6 regla   azar  s6002  acc 0.500  rapida 0.500  rapida(sonda test) 0.50  pool 46 lleno None  empates 0.0000  1.3s
[13:21:15 +   44.4s]     36/54 F6 regla   xor01 s6002  acc 0.500  rapida 0.500  rapida(sonda test) 0.83  pool 38 lleno None  empates 0.0000  1.3s
[13:21:16 +   45.7s]     37/54 F3 rejilla conj  s6002  acc 0.500  rapida 0.542  rapida(sonda test) 0.00  pool 39 lleno None  empates 0.0000  1.3s
[13:21:17 +   46.9s]     38/54 F3 rejilla np    s6002  acc 0.750  rapida 0.625  rapida(sonda test) 0.08  pool 55 lleno None  empates 0.0000  1.2s
[13:21:19 +   48.3s]     39/54 F3 rejilla xor   s6002  acc 0.500  rapida 0.438  rapida(sonda test) 0.00  pool 61 lleno None  empates 0.0000  1.4s
[13:21:20 +   49.6s]     40/54 F3 rejilla par3  s6002  acc 0.344  rapida 0.406  rapida(sonda test) 0.00  pool 45 lleno None  empates 0.0000  1.3s
[13:21:21 +   50.8s]     41/54 F3 rejilla px0   s6002  acc 0.969  rapida 0.594  rapida(sonda test) 0.06  pool 43 lleno None  empates 0.0000  1.2s
[13:21:22 +   52.0s]     42/54 F3 rejilla azar  s6002  acc 0.429  rapida 0.447  rapida(sonda test) 0.00  pool 52 lleno None  empates 0.0000  1.2s
[13:21:24 +   53.3s]     43/54 F3 regla   px0   s6002  acc 1.000  rapida 0.600  rapida(sonda test) 0.00  pool 36 lleno None  empates 0.0000  1.3s
[13:21:25 +   54.7s]     44/54 F3 regla   azar  s6002  acc 0.600  rapida 0.400  rapida(sonda test) 0.10  pool 47 lleno None  empates 0.0156  1.4s
[13:21:26 +   55.9s]     45/54 F3 regla   xor01 s6002  acc 0.438  rapida 0.438  rapida(sonda test) 0.17  pool 46 lleno None  empates 0.0000  1.2s
[13:21:28 +   57.4s]     46/54 F2 rejilla conj  s6002  acc 0.500  rapida 0.500  rapida(sonda test) 0.00  pool 47 lleno None  empates 0.0000  1.5s
[13:21:29 +   58.4s]     47/54 F2 rejilla np    s6002  acc 0.688  rapida 0.562  rapida(sonda test) 0.00  pool 66 lleno None  empates 0.0000  1.0s
[13:21:30 +   59.7s]     48/54 F2 rejilla xor   s6002  acc 0.469  rapida 0.469  rapida(sonda test) 0.03  pool 42 lleno None  empates 0.0000  1.3s
[13:21:31 +   61.1s]     49/54 F2 rejilla par3  s6002  acc 0.406  rapida 0.375  rapida(sonda test) 0.00  pool 59 lleno None  empates 0.0000  1.4s
[13:21:33 +   62.4s]     50/54 F2 rejilla px0   s6002  acc 1.000  rapida 0.719  rapida(sonda test) 0.06  pool 50 lleno None  empates 0.0000  1.3s
[13:21:34 +   63.8s]     51/54 F2 rejilla azar  s6002  acc 0.355  rapida 0.492  rapida(sonda test) 0.00  pool 57 lleno None  empates 0.0000  1.4s
[13:21:35 +   65.1s]     52/54 F2 regla   px0   s6002  acc 0.900  rapida 0.600  rapida(sonda test) 0.20  pool 42 lleno None  empates 0.0665  1.3s
[13:21:37 +   66.4s]     53/54 F2 regla   azar  s6002  acc 0.500  rapida 0.500  rapida(sonda test) 0.00  pool 57 lleno None  empates 0.0968  1.3s
[13:21:38 +   67.6s]     54/54 F2 regla   xor01 s6002  acc 0.500  rapida 0.312  rapida(sonda test) 0.25  pool 51 lleno None  empates 0.0262  1.2s
[13:21:38 +   67.6s] ETAPA 2/3 — resumen (68 s de pared)
[13:21:38 +   67.6s] 
[13:21:38 +   67.6s] === ACIERTO EN NUNCA VISTOS (sonda a priori, valor total, balanceado; mediana [min, max]) ===
[13:21:38 +   67.6s] mundo    regla                      F6                     F3                     F2   | via rapida sola (F6/F3/F2) | via lenta sola | familiar test | alias test
[13:21:38 +   67.7s] rejilla  conj   0.490 [0.479,0.500] 0.500 [0.500,0.500] 0.500 [0.500,0.500]   | 0.500/0.521/0.500 | 0.490/0.500/0.500 | 0.172/0.000/0.000 | 0.438/0.266/0.484
[13:21:38 +   67.7s] rejilla  np     0.719 [0.625,0.812] 0.734 [0.719,0.750] 0.656 [0.625,0.688]   | 0.625/0.594/0.516 | 0.766/0.688/0.688 | 0.438/0.062/0.083 | 0.625/0.250/0.688
[13:21:38 +   67.7s] rejilla  xor    0.500 [0.500,0.500] 0.500 [0.500,0.500] 0.500 [0.469,0.531]   | 0.531/0.500/0.625 | 0.500/0.500/0.484 | 0.266/0.000/0.016 | 0.406/0.438/0.469
[13:21:38 +   67.7s] rejilla  par3   0.375 [0.312,0.438] 0.359 [0.344,0.375] 0.391 [0.375,0.406]   | 0.500/0.406/0.406 | 0.391/0.359/0.406 | 0.359/0.000/0.031 | 0.500/0.328/0.562
[13:21:38 +   67.7s] rejilla  px0    0.859 [0.844,0.875] 0.859 [0.750,0.969] 0.891 [0.781,1.000]   | 0.812/0.672/0.750 | 0.859/0.859/0.875 | 0.344/0.031/0.125 | 0.391/0.250/0.484
[13:21:38 +   67.7s] rejilla  azar   0.493 [0.406,0.580] 0.418 [0.406,0.429] 0.396 [0.355,0.438]   | 0.514/0.505/0.480 | 0.454/0.418/0.396 | 0.297/0.000/0.031 | 0.391/0.297/0.562
[13:21:38 +   67.7s] regla    px0    0.900 [0.800,1.000] 1.000 [1.000,1.000] 0.950 [0.900,1.000]   | 0.700/0.650/0.550 | 1.000/1.000/1.000 | 0.250/0.000/0.100 | 0.300/0.200/0.300
[13:21:38 +   67.7s] regla    azar   0.550 [0.500,0.600] 0.500 [0.400,0.600] 0.400 [0.300,0.500]   | 0.400/0.200/0.400 | 0.600/0.500/0.400 | 0.250/0.100/0.100 | 0.250/0.150/0.100
[13:21:38 +   67.7s] regla    xor01  0.438 [0.375,0.500] 0.406 [0.375,0.438] 0.406 [0.312,0.500]   | 0.469/0.469/0.469 | 0.375/0.438/0.375 | 0.417/0.125/0.167 | 0.417/0.167/0.250
[13:21:38 +   67.7s] 
[13:21:38 +   67.7s] === DIAGNOSTICOS POR BRAZO (medianas sobre todas las tareas del brazo) ===
[13:21:38 +   67.7s]   rejilla  F6: COBERTURA pixeles leidos 6/6 (min por semilla 6), lecturas minimas por pixel 30 | EMPATES en la frontera del ganan-K: 0.0000 de las llamadas (max 0.0000; en cero 0.0000), por patron en la sonda 0.000
[13:21:38 +   67.7s]                SOLAPAMIENTO |c(P)&c(Q)|/K en la sonda: todos 0.323  d=1 0.567  d=2 0.419  (inicio: todos 0.442) | codigos distintos 0.595 de los patrones | CELDAS: usadas 0.589, con impulso>0 por patron 0.963, activas al final 40, fanin efectivo final mediana 6.0 (max 6)
[13:21:38 +   67.7s]   rejilla  F3: COBERTURA pixeles leidos 6/6 (min por semilla 6), lecturas minimas por pixel 12 | EMPATES en la frontera del ganan-K: 0.0000 de las llamadas (max 0.0000; en cero 0.0000), por patron en la sonda 0.000
[13:21:38 +   67.7s]                SOLAPAMIENTO |c(P)&c(Q)|/K en la sonda: todos 0.172  d=1 0.428  d=2 0.281  (inicio: todos 0.237) | codigos distintos 0.754 de los patrones | CELDAS: usadas 0.685, con impulso>0 por patron 0.880, activas al final 51, fanin efectivo final mediana 3.0 (max 5)
[13:21:38 +   67.7s]   rejilla  F2: COBERTURA pixeles leidos 6/6 (min por semilla 6), lecturas minimas por pixel 7 | EMPATES en la frontera del ganan-K: 0.0000 de las llamadas (max 0.0000; en cero 0.0000), por patron en la sonda 0.000
[13:21:38 +   67.7s]                SOLAPAMIENTO |c(P)&c(Q)|/K en la sonda: todos 0.177  d=1 0.480  d=2 0.280  (inicio: todos 0.248) | codigos distintos 0.508 de los patrones | CELDAS: usadas 0.579, con impulso>0 por patron 0.776, activas al final 54, fanin efectivo final mediana 2.0 (max 5)
[13:21:38 +   67.7s]   regla    F6: COBERTURA pixeles leidos 6/6 (min por semilla 6), lecturas minimas por pixel 30 | EMPATES en la frontera del ganan-K: 0.0000 de las llamadas (max 0.0000; en cero 0.0000), por patron en la sonda 0.000
[13:21:38 +   67.7s]                SOLAPAMIENTO |c(P)&c(Q)|/K en la sonda: todos 0.336  d=1   n/a  d=2 0.402  (inicio: todos 0.468) | codigos distintos 0.775 de los patrones | CELDAS: usadas 0.527, con impulso>0 por patron 0.993, activas al final 43, fanin efectivo final mediana 6.0 (max 6)
[13:21:38 +   67.7s]   regla    F3: COBERTURA pixeles leidos 6/6 (min por semilla 6), lecturas minimas por pixel 12 | EMPATES en la frontera del ganan-K: 0.0078 de las llamadas (max 0.0484; en cero 0.0000), por patron en la sonda 0.000
[13:21:38 +   67.7s]                SOLAPAMIENTO |c(P)&c(Q)|/K en la sonda: todos 0.149  d=1   n/a  d=2 0.261  (inicio: todos 0.258) | codigos distintos 0.875 de los patrones | CELDAS: usadas 0.556, con impulso>0 por patron 0.950, activas al final 47, fanin efectivo final mediana 3.0 (max 3)
[13:21:38 +   67.7s]   regla    F2: COBERTURA pixeles leidos 6/6 (min por semilla 6), lecturas minimas por pixel 7 | EMPATES en la frontera del ganan-K: 0.0292 de las llamadas (max 0.0968; en cero 0.0000), por patron en la sonda 0.025
[13:21:38 +   67.7s]                SOLAPAMIENTO |c(P)&c(Q)|/K en la sonda: todos 0.133  d=1   n/a  d=2 0.254  (inicio: todos 0.189) | codigos distintos 0.825 de los patrones | CELDAS: usadas 0.556, con impulso>0 por patron 0.824, activas al final 50, fanin efectivo final mediana 2.0 (max 3)
[13:21:38 +   67.7s] 
[13:21:38 +   67.7s] === VALIDEZ: fraccion de NUNCA VISTOS por la via rapida (sonda a priori; puerta >= 0.3) y POOL (lleno antes de T/2 en >= 10/20) ===
[13:21:38 +   67.7s] mundo    regla  brazo sonda test sonda tren  enc test  enc tren pool fin t_lleno med lleno<T/2  validez
[13:21:38 +   67.7s] rejilla  conj   F6         0.172      0.129     0.228     0.145       34    no llena     0/2  NO CONCLUYENTE
[13:21:38 +   67.7s] rejilla  conj   F3         0.000      0.016     0.000     0.000       35    no llena     0/2  NO CONCLUYENTE
[13:21:38 +   67.7s] rejilla  conj   F2         0.000      0.000     0.011     0.017       39    no llena     0/2  NO CONCLUYENTE
[13:21:38 +   67.7s] rejilla  np     F6         0.438      0.625     0.445     0.275       40    no llena     0/2  VALIDO
[13:21:38 +   67.7s] rejilla  np     F3         0.062      0.292     0.007     0.022       54    no llena     0/2  NO CONCLUYENTE
[13:21:38 +   67.7s] rejilla  np     F2         0.083      0.208     0.026     0.033       62    no llena     0/2  NO CONCLUYENTE
[13:21:38 +   67.7s] rejilla  xor    F6         0.266      0.274     0.314     0.295       46    no llena     0/2  NO CONCLUYENTE
[13:21:38 +   67.7s] rejilla  xor    F3         0.000      0.000     0.012     0.045       56    no llena     0/2  NO CONCLUYENTE
[13:21:38 +   67.7s] rejilla  xor    F2         0.016      0.065     0.005     0.021       48    no llena     0/2  NO CONCLUYENTE
[13:21:38 +   67.7s] rejilla  par3   F6         0.359      0.403     0.453     0.399       48    no llena     0/2  VALIDO
[13:21:38 +   67.7s] rejilla  par3   F3         0.000      0.016     0.000     0.001       54    no llena     0/2  NO CONCLUYENTE
[13:21:38 +   67.7s] rejilla  par3   F2         0.031      0.048     0.007     0.009       56    no llena     0/2  NO CONCLUYENTE
[13:21:38 +   67.7s] rejilla  px0    F6         0.344      0.468     0.311     0.488       36    no llena     0/2  VALIDO
[13:21:38 +   67.7s] rejilla  px0    F3         0.031      0.113     0.004     0.009       44    no llena     0/2  NO CONCLUYENTE
[13:21:38 +   67.7s] rejilla  px0    F2         0.125      0.113     0.024     0.007       50    no llena     0/2  NO CONCLUYENTE
[13:21:38 +   67.7s] rejilla  azar   F6         0.297      0.290     0.381     0.306       48    no llena     0/2  NO CONCLUYENTE
[13:21:38 +   67.7s] rejilla  azar   F3         0.000      0.000     0.000     0.000       56    no llena     0/2  NO CONCLUYENTE
[13:21:38 +   67.7s] rejilla  azar   F2         0.031      0.048     0.032     0.166       60    no llena     0/2  NO CONCLUYENTE
[13:21:38 +   67.7s] regla    px0    F6         0.250      0.450     0.034     0.211       38    no llena     0/2  NO CONCLUYENTE
[13:21:38 +   67.7s] regla    px0    F3         0.000      0.250     0.000     0.021       42    no llena     0/2  NO CONCLUYENTE
[13:21:38 +   67.7s] regla    px0    F2         0.100      0.300     0.118     0.133       41    no llena     0/2  NO CONCLUYENTE
[13:21:38 +   67.7s] regla    azar   F6         0.250      0.700     0.270     0.776       46    no llena     0/2  NO CONCLUYENTE
[13:21:38 +   67.7s] regla    azar   F3         0.100      0.450     0.003     0.163       52    no llena     0/2  NO CONCLUYENTE
[13:21:38 +   67.7s] regla    azar   F2         0.100      0.450     0.053     0.159       56    no llena     0/2  NO CONCLUYENTE
[13:21:38 +   67.7s] regla    xor01  F6         0.417      0.625     0.249     0.337       41    no llena     0/2  VALIDO
[13:21:38 +   67.7s] regla    xor01  F3         0.125      0.375     0.007     0.106       48    no llena     0/2  NO CONCLUYENTE
[13:21:38 +   67.7s] regla    xor01  F2         0.167      0.562     0.026     0.084       50    no llena     0/2  NO CONCLUYENTE
[13:21:38 +   67.7s] 
[13:21:38 +   67.7s] === ETAPA 3 (bateria_generaliza: G1 px0 >= 0.65, azar en [0.35,0.65], px0>azar >= 70 %; G2 conducta; K cobertura) ===
[13:21:38 +   67.7s]   F6: G1 PASA (px0 0.900, azar 0.550, px0>azar 2/2)  G2 PASA (px0 0.893, azar 0.535, 2/2)  K OK
[13:21:38 +   67.7s]   F3: G1 PASA (px0 1.000, azar 0.500, px0>azar 2/2)  G2 PASA (px0 0.992, azar 0.532, 2/2)  K OK
[13:21:38 +   67.7s]   F2: G1 PASA (px0 0.950, azar 0.400, px0>azar 2/2)  G2 PASA (px0 0.943, azar 0.451, 2/2)  K OK
[13:21:38 +   67.7s] 
[13:21:38 +   67.7s] === COMPARACIONES PAREADAS POR SEMILLA (F vs F6; mejora = mediana >= +0.05, >= 15/20 suben, Holm p < 0.05; en el humo n = 2: la puerta NO puede pasar) ===
[13:21:38 +   67.7s]   np    F3 vs F6: mediana +0.016  sube 1 baja 1 empata 0  p1 0.7500 Holm 1.0000  -> MEJORA no  NO_CAMBIA SI  [NO CONCLUYENTE para el cableado: validez o pool]
[13:21:38 +   67.7s]   np    F2 vs F6: mediana -0.062  sube 1 baja 1 empata 0  p1 0.7500 Holm 1.0000  -> MEJORA no  NO_CAMBIA no  [NO CONCLUYENTE para el cableado: validez o pool]
[13:21:38 +   67.7s]   xor   F3 vs F6: mediana +0.000  sube 0 baja 0 empata 2  p1 1.0000 Holm 1.0000  -> MEJORA no  NO_CAMBIA SI  [NO CONCLUYENTE para el cableado: validez o pool]
[13:21:38 +   67.7s]   xor   F2 vs F6: mediana +0.000  sube 1 baja 1 empata 0  p1 0.7500 Holm 1.0000  -> MEJORA no  NO_CAMBIA SI  [NO CONCLUYENTE para el cableado: validez o pool]
[13:21:38 +   67.7s]   par3  F3 vs F6: mediana -0.016  sube 1 baja 1 empata 0  p1 0.7500 Holm 1.0000  -> MEJORA no  NO_CAMBIA SI  [NO CONCLUYENTE para el cableado: validez o pool]
[13:21:38 +   67.7s]   par3  F2 vs F6: mediana +0.016  sube 1 baja 1 empata 0  p1 0.7500 Holm 1.0000  -> MEJORA no  NO_CAMBIA SI  [NO CONCLUYENTE para el cableado: validez o pool]
[13:21:38 +   67.7s]   conj  F3 vs F6: mediana +0.010  sube 1 baja 0 empata 1  p1 0.5000 (fuera de la familia de mejora)  -> MEJORA no  NO_CAMBIA SI  [NO CONCLUYENTE para el cableado: validez o pool]
[13:21:38 +   67.7s]   conj  F2 vs F6: mediana +0.010  sube 1 baja 0 empata 1  p1 0.5000 (fuera de la familia de mejora)  -> MEJORA no  NO_CAMBIA SI  [NO CONCLUYENTE para el cableado: validez o pool]
[13:21:38 +   67.7s]   [6d secundario, sin veredicto] acc_rapida np    F3 vs F6: mediana -0.031 sube 1/2 Holm 1.0000 -> no
[13:21:38 +   67.7s]   [6d secundario, sin veredicto] acc_rapida np    F2 vs F6: mediana -0.109 sube 0/2 Holm 1.0000 -> no
[13:21:38 +   67.7s]   [6d secundario, sin veredicto] acc_rapida xor   F3 vs F6: mediana -0.031 sube 0/2 Holm 1.0000 -> no
[13:21:38 +   67.7s]   [6d secundario, sin veredicto] acc_rapida xor   F2 vs F6: mediana +0.094 sube 1/2 Holm 1.0000 -> no
[13:21:38 +   67.7s]   [6d secundario, sin veredicto] acc_rapida par3  F3 vs F6: mediana -0.094 sube 0/2 Holm 1.0000 -> no
[13:21:38 +   67.7s]   [6d secundario, sin veredicto] acc_rapida par3  F2 vs F6: mediana -0.094 sube 0/2 Holm 1.0000 -> no
[13:21:38 +   67.7s]   media de las 4  F3 vs F6: mediana +0.003  sube 1/2  p1 0.7500 (Bonferroni x2)  -> MEJORA no
[13:21:38 +   67.7s]   media de las 4  F2 vs F6: mediana -0.009  sube 1/2  p1 0.7500 (Bonferroni x2)  -> MEJORA no
[13:21:38 +   67.7s]   COSTO Etapa 3 px0 F3 vs F6: mediana +0.100  baja 0/2  p1 1.0000 (Bonferroni x2) -> BAJA no | solapamiento en la sonda F3-F6 mediana -0.251 (baja 2/2)
[13:21:38 +   67.7s]   COSTO Etapa 3 px0 F2 vs F6: mediana +0.050  baja 0/2  p1 1.0000 (Bonferroni x2) -> BAJA no | solapamiento en la sonda F2-F6 mediana -0.254 (baja 1/2)
[13:21:38 +   67.7s] 
[13:21:38 +   67.7s] === PLACEBO (regla 15): la misma puerta de mejora sobre F6(s) contra F6(s+1 ciclico); debe pasar 0 de 4 ===
[13:21:38 +   67.7s]   np   : mediana +0.000 sube 1/2 p1 0.7500 -> no pasa (bien)
[13:21:38 +   67.7s]   xor  : mediana +0.000 sube 0/2 p1 1.0000 -> no pasa (bien)
[13:21:38 +   67.7s]   par3 : mediana +0.000 sube 1/2 p1 0.7500 -> no pasa (bien)
[13:21:38 +   67.7s]   conj : mediana +0.000 sube 1/2 p1 0.7500 -> no pasa (bien)
[13:21:38 +   67.7s] 
[13:21:38 +   67.7s] === CONTROLES QUE PUEDEN FALLAR (en cada brazo) ===
[13:21:38 +   67.7s]   F6: rejilla px0 0.859 (>= 0.65)  azar 0.493 (en [0.35, 0.65])  Etapa 3 G1 (control positivo del tronco) PASA  -> OK
[13:21:38 +   67.7s]   F3: rejilla px0 0.859 (>= 0.65)  azar 0.418 (en [0.35, 0.65])  Etapa 3 G1 (control positivo del tronco) PASA  -> OK
[13:21:38 +   67.7s]   F2: rejilla px0 0.891 (>= 0.65)  azar 0.396 (en [0.35, 0.65])  Etapa 3 G1 (control positivo del tronco) PASA  -> OK
[13:21:38 +   67.7s] 
[13:21:38 +   67.7s] === TIEMPOS: 62.5 us/paso de media (rejilla 63.1, regla 61.4; F6 61.9, F3 63.0, F2 62.7) ===
[13:21:38 +   67.7s]   ESTIMACION de la serie de 20 semillas: tareas 1.88 h de CPU -> Pool(6) ~19 min; examen v3' x3 1.81 h -> Pool(6) ~18 min; generaliza x3 0.42 h -> Pool(6) ~4 min; TOTAL ~41 min de pared con Pool(6) (sin contar colas ni otro Pool en paralelo)
[13:21:38 +   67.8s] datos -> datos\humo\fanin_humo_20260922_132030.json  sha256_16 = aa8b4ff713e34c68
[13:21:38 +   67.8s] FIN.
