corre_n10 · n10_serie_s12301-12320_T100000 · 20260923_161438 · python 3.14.2 · corre_n10.py db8dfdcb57cc0bc0
shas: pista2.py=4d2bee16e7961261 motor_convive.py=d10cb9021f5d0f41 corre_convive.py=e6dadfdad9c379cd FABRICA.py=2ebee3e99ea5a33a FAMILIA_NADA.py=f7ae98715f170153 FAMILIA_PARTO.py=e8aeb6efd6307162 FAMILIA_BAR.py=46c09162e6d1ab55 FAMILIA_ORACULO.py=55df592f57671b54
  NADA     s12304   116.0 s · NADA: tam 9.594 nac 466 sinext 0
  NADA     s12305   116.3 s · NADA: tam 9.672 nac 474 sinext 0
  NADA     s12301   116.4 s · NADA: tam 9.638 nac 469 sinext 0
  NADA     s12303   116.7 s · NADA: tam 9.668 nac 468 sinext 0
  NADA     s12302   116.8 s · NADA: tam 9.682 nac 477 sinext 0
  NADA     s12306   118.2 s · NADA: tam 9.604 nac 463 sinext 0
  NADA     s12307   116.1 s · NADA: tam 9.586 nac 479 sinext 0
  NADA     s12308   116.3 s · NADA: tam 9.68 nac 490 sinext 0
  NADA     s12311   116.0 s · NADA: tam 9.586 nac 464 sinext 0
  NADA     s12309   116.6 s · NADA: tam 9.766 nac 475 sinext 0
  NADA     s12310   118.0 s · NADA: tam 9.828 nac 504 sinext 0
  NADA     s12312   117.9 s · NADA: tam 9.516 nac 466 sinext 0
  NADA     s12314   116.5 s · NADA: tam 9.54 nac 459 sinext 0
  NADA     s12313   117.6 s · NADA: tam 9.728 nac 476 sinext 0
  NADA     s12315   117.6 s · NADA: tam 9.524 nac 498 sinext 0
  NADA     s12316   117.9 s · NADA: tam 9.716 nac 471 sinext 0
  NADA     s12317   117.2 s · NADA: tam 9.654 nac 471 sinext 0
  NADA     s12318   118.5 s · NADA: tam 9.566 nac 474 sinext 0
  NADA     s12319   108.6 s · NADA: tam 9.586 nac 471 sinext 0
  NADA     s12320   110.0 s · NADA: tam 9.694 nac 511 sinext 0
  PARTO    s12301   110.1 s · PARTO: tam 9.726 nac 493 sinext 0
  PARTO    s12302   110.6 s · PARTO: tam 9.816 nac 458 sinext 0
  PARTO    s12303   110.2 s · PARTO: tam 9.882 nac 486 sinext 0
  PARTO    s12304   110.4 s · PARTO: tam 9.758 nac 467 sinext 0
  PARTO    s12305   111.7 s · PARTO: tam 9.7 nac 485 sinext 0
  PARTO    s12306   113.6 s · PARTO: tam 9.674 nac 489 sinext 0
  PARTO    s12307   113.0 s · PARTO: tam 9.702 nac 480 sinext 0
  PARTO    s12309   112.6 s · PARTO: tam 9.558 nac 475 sinext 0
  PARTO    s12308   114.1 s · PARTO: tam 9.796 nac 477 sinext 0
  PARTO    s12310   116.4 s · PARTO: tam 9.82 nac 493 sinext 0
  PARTO    s12311   106.6 s · PARTO: tam 9.772 nac 483 sinext 0
  PARTO    s12312   107.6 s · PARTO: tam 9.688 nac 491 sinext 0
  PARTO    s12313   107.7 s · PARTO: tam 9.942 nac 482 sinext 0
  PARTO    s12314   107.6 s · PARTO: tam 9.592 nac 475 sinext 0
  PARTO    s12315   108.9 s · PARTO: tam 10.01 nac 489 sinext 0
  PARTO    s12316   107.3 s · PARTO: tam 9.468 nac 453 sinext 0
  PARTO    s12317   110.6 s · PARTO: tam 9.68 nac 514 sinext 0
  PARTO    s12318   109.7 s · PARTO: tam 9.612 nac 493 sinext 0
  PARTO    s12319   109.8 s · PARTO: tam 9.844 nac 481 sinext 0
  PARTO    s12320   110.3 s · PARTO: tam 9.756 nac 500 sinext 0
  BAR      s12301   109.4 s · BAR: tam 9.638 nac 483 sinext 0
  BAR      s12302   111.3 s · BAR: tam 9.672 nac 487 sinext 0
  BAR      s12303   113.4 s · BAR: tam 9.698 nac 472 sinext 0
  BAR      s12305   111.7 s · BAR: tam 9.544 nac 468 sinext 0
  BAR      s12304   112.8 s · BAR: tam 9.608 nac 475 sinext 0
  BAR      s12306   112.4 s · BAR: tam 9.574 nac 489 sinext 0
  BAR      s12307   112.8 s · BAR: tam 9.638 nac 464 sinext 0
  BAR      s12308   112.2 s · BAR: tam 9.638 nac 470 sinext 0
  BAR      s12309   111.8 s · BAR: tam 9.626 nac 471 sinext 0
  BAR      s12310   111.6 s · BAR: tam 9.67 nac 462 sinext 0
  BAR      s12311   112.5 s · BAR: tam 9.616 nac 470 sinext 0
  BAR      s12312   111.8 s · BAR: tam 9.544 nac 462 sinext 0
  BAR      s12313   112.9 s · BAR: tam 9.686 nac 491 sinext 0
  BAR      s12314   113.4 s · BAR: tam 9.666 nac 476 sinext 0
  BAR      s12315   113.9 s · BAR: tam 9.604 nac 485 sinext 0
  BAR      s12316   114.0 s · BAR: tam 9.602 nac 485 sinext 0
  BAR      s12317   114.0 s · BAR: tam 9.468 nac 491 sinext 0
  BAR      s12318   113.7 s · BAR: tam 9.682 nac 462 sinext 0
  BAR      s12319   115.2 s · BAR: tam 9.52 nac 466 sinext 0
  BAR      s12320   114.5 s · BAR: tam 9.676 nac 453 sinext 0
  ORACULO  s12301   138.1 s · ORACULO: tam 11.346 nac 594 sinext 0
  ORACULO  s12303   135.5 s · ORACULO: tam 11.038 nac 563 sinext 0
  ORACULO  s12304   135.6 s · ORACULO: tam 10.87 nac 591 sinext 0
  ORACULO  s12302   140.0 s · ORACULO: tam 11.524 nac 608 sinext 0
  ORACULO  s12305   136.9 s · ORACULO: tam 11.34 nac 604 sinext 0
  ORACULO  s12306   137.5 s · ORACULO: tam 11.12 nac 592 sinext 0
  ORACULO  s12307   135.1 s · ORACULO: tam 10.956 nac 613 sinext 0
  ORACULO  s12308   134.8 s · ORACULO: tam 11.554 nac 574 sinext 0
  ORACULO  s12309   135.7 s · ORACULO: tam 11.432 nac 593 sinext 0
  ORACULO  s12310   134.3 s · ORACULO: tam 11.172 nac 617 sinext 0
  ORACULO  s12311   133.3 s · ORACULO: tam 10.558 nac 583 sinext 0
  ORACULO  s12312   133.1 s · ORACULO: tam 10.784 nac 583 sinext 0
  ORACULO  s12313   132.3 s · ORACULO: tam 11.034 nac 604 sinext 0
  ORACULO  s12315   130.9 s · ORACULO: tam 10.836 nac 605 sinext 0
  ORACULO  s12317   129.9 s · ORACULO: tam 10.676 nac 601 sinext 0
  ORACULO  s12314   135.1 s · ORACULO: tam 11.912 nac 608 sinext 0
  ORACULO  s12316   135.4 s · ORACULO: tam 11.318 nac 638 sinext 0
  ORACULO  s12318   135.4 s · ORACULO: tam 10.922 nac 593 sinext 0
  MIX      s12301   114.6 s · BAR: tam 3.19 nac 155 sinext 0 · NADA: tam 3.164 nac 152 sinext 0 · PARTO: tam 3.22 nac 179 sinext 0
  MIX      s12302   115.2 s · BAR: tam 3.15 nac 150 sinext 0 · NADA: tam 3.29 nac 173 sinext 0 · PARTO: tam 3.378 nac 177 sinext 0
  MIX      s12303   114.0 s · BAR: tam 3.244 nac 143 sinext 0 · NADA: tam 3.164 nac 146 sinext 0 · PARTO: tam 3.254 nac 157 sinext 0
  MIX      s12304   115.0 s · BAR: tam 3.19 nac 152 sinext 0 · NADA: tam 3.236 nac 158 sinext 0 · PARTO: tam 3.254 nac 183 sinext 0
  ORACULO  s12319   134.0 s · ORACULO: tam 10.936 nac 583 sinext 0
  ORACULO  s12320   133.0 s · ORACULO: tam 10.88 nac 600 sinext 0
  MIX      s12305   111.2 s · BAR: tam 3.14 nac 153 sinext 0 · NADA: tam 3.196 nac 146 sinext 0 · PARTO: tam 3.35 nac 154 sinext 0
  MIX      s12307   110.5 s · BAR: tam 3.212 nac 153 sinext 0 · NADA: tam 3.168 nac 161 sinext 0 · PARTO: tam 3.354 nac 170 sinext 0
  MIX      s12306   112.4 s · BAR: tam 3.136 nac 153 sinext 0 · NADA: tam 3.186 nac 155 sinext 0 · PARTO: tam 3.258 nac 173 sinext 0
  MIX      s12308   112.3 s · BAR: tam 3.176 nac 168 sinext 0 · NADA: tam 3.182 nac 151 sinext 0 · PARTO: tam 3.268 nac 181 sinext 0
  MIX      s12310   109.9 s · BAR: tam 3.254 nac 143 sinext 0 · NADA: tam 3.186 nac 154 sinext 0 · PARTO: tam 3.284 nac 156 sinext 0
  MIX      s12309   110.9 s · BAR: tam 3.236 nac 159 sinext 0 · NADA: tam 3.136 nac 169 sinext 0 · PARTO: tam 3.318 nac 169 sinext 0
  MIX      s12312   107.7 s · BAR: tam 3.22 nac 166 sinext 0 · NADA: tam 3.196 nac 170 sinext 0 · PARTO: tam 3.18 nac 165 sinext 0
  MIX      s12311   110.7 s · BAR: tam 3.228 nac 158 sinext 0 · NADA: tam 3.292 nac 156 sinext 0 · PARTO: tam 3.194 nac 153 sinext 0
  MIX      s12313   111.6 s · BAR: tam 3.102 nac 149 sinext 0 · NADA: tam 3.35 nac 164 sinext 0 · PARTO: tam 3.252 nac 163 sinext 0
  MIX      s12314   110.4 s · BAR: tam 3.246 nac 147 sinext 0 · NADA: tam 3.262 nac 147 sinext 0 · PARTO: tam 3.298 nac 165 sinext 0
  MIX      s12315   110.0 s · BAR: tam 3.194 nac 160 sinext 0 · NADA: tam 3.166 nac 143 sinext 0 · PARTO: tam 3.326 nac 162 sinext 0
  MIX      s12316   109.9 s · BAR: tam 3.294 nac 166 sinext 0 · NADA: tam 3.176 nac 145 sinext 0 · PARTO: tam 3.222 nac 168 sinext 0
  MIX      s12317    94.1 s · BAR: tam 3.222 nac 135 sinext 0 · NADA: tam 3.276 nac 155 sinext 0 · PARTO: tam 3.212 nac 166 sinext 0
  MIX      s12318    93.5 s · BAR: tam 3.168 nac 151 sinext 0 · NADA: tam 3.24 nac 157 sinext 0 · PARTO: tam 3.34 nac 173 sinext 0
  MIX      s12319    92.8 s · BAR: tam 3.264 nac 179 sinext 0 · NADA: tam 3.166 nac 167 sinext 0 · PARTO: tam 3.218 nac 158 sinext 0
  MIX      s12320    90.4 s · BAR: tam 3.242 nac 161 sinext 0 · NADA: tam 3.178 nac 150 sinext 0 · PARTO: tam 3.368 nac 165 sinext 0

AGREGADO (medianas por semilla) · 20 semillas · 1975 s de pared
  NADA     {'tam_carro': 9.646, 'exceso': 0.646, 'nac': 472.5, 'fundadores': 2516.0, 'linajes_sin_ext': 0.0, 'persisten': 0.0, 'R0_nacidos': 0.1098, 'R0_fund': 0.1726, 'vida_nacidos': 95.0, 'vida_fund': 104.75, 'frac_mala_nacidos': 1.0, 'gen_max': 3.0, 'semillas': 20, 'persiste_carro': 0, 'bloqueados': 0, 'sem_R0nac_ge_090': 0}
  PARTO    {'tam_carro': 9.741, 'exceso': 0.741, 'nac': 484.0, 'fundadores': 2483.5, 'linajes_sin_ext': 0.0, 'persisten': 0.0, 'R0_nacidos': 0.1578, 'R0_fund': 0.1651, 'vida_nacidos': 111.5, 'vida_fund': 104.0, 'frac_mala_nacidos': 1.0, 'gen_max': 4.0, 'semillas': 20, 'persiste_carro': 0, 'bloqueados': 0, 'sem_R0nac_ge_090': 0}
  BAR      {'tam_carro': 9.632, 'exceso': 0.632, 'nac': 471.5, 'fundadores': 2494.0, 'linajes_sin_ext': 0.0, 'persisten': 0.0, 'R0_nacidos': 0.1393, 'R0_fund': 0.1703, 'vida_nacidos': 101.5, 'vida_fund': 104.5, 'frac_mala_nacidos': 1.0, 'gen_max': 3.0, 'semillas': 20, 'persiste_carro': 0, 'bloqueados': 0, 'sem_R0nac_ge_090': 0}
  ORACULO  {'tam_carro': 11.036, 'exceso': 2.036, 'nac': 597.0, 'fundadores': 2371.0, 'linajes_sin_ext': 0.0, 'persisten': 0.0, 'R0_nacidos': 0.5534, 'R0_fund': 0.1134, 'vida_nacidos': 206.5, 'vida_fund': 102.5, 'frac_mala_nacidos': 0.9935, 'gen_max': 9.0, 'semillas': 20, 'persiste_carro': 0, 'bloqueados': 0, 'sem_R0nac_ge_090': 0}
PAREADOS (monocultivo, por semilla):
  {'par': 'PARTO-NADA', 'clave': 'R0_nacidos', 'n': 20, 'gana': 16, 'pierde': 4, 'empata': 0, 'dif_med': 0.0452, 'p_signo': 0.01182}
  {'par': 'PARTO-NADA', 'clave': 'vida_nacidos', 'n': 20, 'gana': 18, 'pierde': 2, 'empata': 0, 'dif_med': 18.0, 'p_signo': 0.0004}
  {'par': 'PARTO-NADA', 'clave': 'exceso', 'n': 20, 'gana': 17, 'pierde': 3, 'empata': 0, 'dif_med': 0.102, 'p_signo': 0.00258}
  {'par': 'PARTO-NADA', 'clave': 'nac', 'n': 20, 'gana': 13, 'pierde': 6, 'empata': 1, 'dif_med': 8.0, 'p_signo': 0.16707}
  {'par': 'PARTO-NADA', 'clave': 'gen_max', 'n': 20, 'gana': 12, 'pierde': 3, 'empata': 5, 'dif_med': 1.0, 'p_signo': 0.03516}
  {'par': 'PARTO-BAR', 'clave': 'R0_nacidos', 'n': 20, 'gana': 11, 'pierde': 9, 'empata': 0, 'dif_med': 0.0205, 'p_signo': 0.8238}
  {'par': 'PARTO-BAR', 'clave': 'vida_nacidos', 'n': 20, 'gana': 17, 'pierde': 3, 'empata': 0, 'dif_med': 8.75, 'p_signo': 0.00258}
  {'par': 'PARTO-BAR', 'clave': 'exceso', 'n': 20, 'gana': 16, 'pierde': 4, 'empata': 0, 'dif_med': 0.147, 'p_signo': 0.01182}
  {'par': 'PARTO-BAR', 'clave': 'nac', 'n': 20, 'gana': 14, 'pierde': 5, 'empata': 1, 'dif_med': 11.5, 'p_signo': 0.06357}
  {'par': 'PARTO-BAR', 'clave': 'gen_max', 'n': 20, 'gana': 11, 'pierde': 1, 'empata': 8, 'dif_med': 1.0, 'p_signo': 0.00635}
  {'par': 'BAR-NADA', 'clave': 'R0_nacidos', 'n': 20, 'gana': 15, 'pierde': 5, 'empata': 0, 'dif_med': 0.0224, 'p_signo': 0.04139}
  {'par': 'BAR-NADA', 'clave': 'vida_nacidos', 'n': 20, 'gana': 13, 'pierde': 7, 'empata': 0, 'dif_med': 2.5, 'p_signo': 0.26318}
  {'par': 'BAR-NADA', 'clave': 'exceso', 'n': 20, 'gana': 8, 'pierde': 11, 'empata': 1, 'dif_med': -0.014, 'p_signo': 0.64761}
  {'par': 'BAR-NADA', 'clave': 'nac', 'n': 20, 'gana': 10, 'pierde': 10, 'empata': 0, 'dif_med': 0.0, 'p_signo': 1.0}
  {'par': 'BAR-NADA', 'clave': 'gen_max', 'n': 20, 'gana': 6, 'pierde': 6, 'empata': 8, 'dif_med': 0.0, 'p_signo': 1.0}
  {'par': 'ORACULO-PARTO', 'clave': 'R0_nacidos', 'n': 20, 'gana': 20, 'pierde': 0, 'empata': 0, 'dif_med': 0.3752, 'p_signo': 0.0}
  {'par': 'ORACULO-PARTO', 'clave': 'vida_nacidos', 'n': 20, 'gana': 20, 'pierde': 0, 'empata': 0, 'dif_med': 95.5, 'p_signo': 0.0}
  {'par': 'ORACULO-PARTO', 'clave': 'exceso', 'n': 20, 'gana': 20, 'pierde': 0, 'empata': 0, 'dif_med': 1.282, 'p_signo': 0.0}
  {'par': 'ORACULO-PARTO', 'clave': 'nac', 'n': 20, 'gana': 20, 'pierde': 0, 'empata': 0, 'dif_med': 109.5, 'p_signo': 0.0}
  {'par': 'ORACULO-PARTO', 'clave': 'gen_max', 'n': 20, 'gana': 19, 'pierde': 0, 'empata': 1, 'dif_med': 5.0, 'p_signo': 0.0}
  {'par': 'ORACULO-NADA', 'clave': 'R0_nacidos', 'n': 20, 'gana': 20, 'pierde': 0, 'empata': 0, 'dif_med': 0.4394, 'p_signo': 0.0}
  {'par': 'ORACULO-NADA', 'clave': 'vida_nacidos', 'n': 20, 'gana': 20, 'pierde': 0, 'empata': 0, 'dif_med': 115.75, 'p_signo': 0.0}
  {'par': 'ORACULO-NADA', 'clave': 'exceso', 'n': 20, 'gana': 20, 'pierde': 0, 'empata': 0, 'dif_med': 1.363, 'p_signo': 0.0}
  {'par': 'ORACULO-NADA', 'clave': 'nac', 'n': 20, 'gana': 20, 'pierde': 0, 'empata': 0, 'dif_med': 122.0, 'p_signo': 0.0}
  {'par': 'ORACULO-NADA', 'clave': 'gen_max', 'n': 20, 'gana': 20, 'pierde': 0, 'empata': 0, 'dif_med': 5.5, 'p_signo': 0.0}
PAREADOS (MIX, dentro del mismo mundo):
  {'par': 'PARTO-NADA', 'clave': 'R0_nacidos', 'n': 20, 'gana': 17, 'pierde': 3, 'empata': 0, 'dif_med': 0.0802, 'p_signo': 0.00258}
  {'par': 'PARTO-NADA', 'clave': 'exceso', 'n': 20, 'gana': 16, 'pierde': 4, 'empata': 0, 'dif_med': 0.079, 'p_signo': 0.01182}
  {'par': 'PARTO-NADA', 'clave': 'nac', 'n': 20, 'gana': 15, 'pierde': 4, 'empata': 1, 'dif_med': 11.0, 'p_signo': 0.01921}
  {'par': 'PARTO-BAR', 'clave': 'R0_nacidos', 'n': 20, 'gana': 13, 'pierde': 7, 'empata': 0, 'dif_med': 0.0803, 'p_signo': 0.26318}
  {'par': 'PARTO-BAR', 'clave': 'exceso', 'n': 20, 'gana': 15, 'pierde': 5, 'empata': 0, 'dif_med': 0.073, 'p_signo': 0.04139}
  {'par': 'PARTO-BAR', 'clave': 'nac', 'n': 20, 'gana': 17, 'pierde': 3, 'empata': 0, 'dif_med': 13.5, 'p_signo': 0.00258}
  {'par': 'BAR-NADA', 'clave': 'R0_nacidos', 'n': 20, 'gana': 14, 'pierde': 6, 'empata': 0, 'dif_med': 0.0405, 'p_signo': 0.11532}
  {'par': 'BAR-NADA', 'clave': 'exceso', 'n': 20, 'gana': 10, 'pierde': 10, 'empata': 0, 'dif_med': 0.009, 'p_signo': 1.0}
  {'par': 'BAR-NADA', 'clave': 'nac', 'n': 20, 'gana': 8, 'pierde': 11, 'empata': 1, 'dif_med': -2.5, 'p_signo': 0.64761}
VEREDICTO por la letra (PREREGISTRO_n10.md sec. 6):
  V-ANCLA (mediana R0_nacidos NADA en [0.00, 0.10] y NADA persiste_carro en <= 5/20): False
  V-TECHO (ORACULO > NADA en R0_nacidos >= 15/20): True
  F-1 (PARTO > NADA en R0_nacidos >= 15/20): True
  F-2 (PARTO > BAR en R0_nacidos >= 15/20): False
  F-3 (MIX: PARTO > NADA en R0_nacidos, mismo mundo, >= 15/20): True
  F-4 (MIX: PARTO > BAR en R0_nacidos, mismo mundo, >= 15/20): False
  C-BAR (el control GANA o empata: BAR >= PARTO en R0_nacidos en >= 10/20): False
  L-PERSISTE (informativo: semillas donde persiste el carro PARTO): 0
  VEREDICTO: NO SE LEE (ancla fuera: el instrumento no reproduce el piso de FABRICA en v2)

escrito: C:\Users\User\Documents\PROYECTOS\JUACO\bundle\experimentos\subida_n10\datos\n10_serie_s12301-12320_T100000_20260923_161438.json (bbc9291c9a1059e6) · crudo C:\Users\User\Documents\PROYECTOS\JUACO\bundle\experimentos\subida_n10\datos\n10_serie_s12301-12320_T100000_20260923_161438_crudo.json.gz
