[18:38:49 +    0.0s] SERIE del candidato V-5 (nivel 5, subida_n5, criterio ERR-90), Pool(6).
[18:38:49 +    0.0s] El mundo, el canal y el EMISOR son los del bloque 6, SIN TOCAR. Lo unico nuevo es COMO LEE la tabla,
[18:38:49 +    0.0s] y el CRITERIO: puertas ABSOLUTAS (ERR-90), nunca relativas a CORTADO.
[18:38:49 +    0.0s] celdas ['b4b', 'b6suf', 'BA-v', 'BA-v5', 'BA-v5-sh', 'b5k3-v5']  brazos ['CANAL', 'CORTADO', 'BAR-H', 'BAR-T', 'VALOR', 'PAR', 'PAR0']  semillas 25701-25720  T = 100000 
[18:38:49 +    0.0s]     sha script                   a543f997f6133764
[18:38:49 +    0.0s]     sha constructor              09df2ad401dc797d
[18:38:49 +    0.0s]     sha instrumento              b6138d31e232b896
[18:38:49 +    0.0s]     sha arnes                    33a2491aedeb4113
[18:38:49 +    0.0s]     sha preregistro              f76a8eb15130b9d5
[18:38:49 +    0.0s]     sha origen_bav               2dca0a3e239481f0
[18:38:49 +    0.0s]     sha runner_bav               4453754a9921e349
[18:38:49 +    0.0s]     sha origen_ba                1f196ee786b2040d
[18:38:49 +    0.0s]     sha origen_a1                8833e1dcfb62f26d
[18:38:49 +    0.0s]     sha origen_b6                b10cbd4ddd0c32a3
[18:38:49 +    0.0s]     sha origen_b5                e0b6b90f6f92d5c1
[18:38:49 +    0.0s]     sha origen_b4b               b3dd1d7e66a2d147
[18:38:49 +    0.0s]     sha runner_bloque6           88253f352d921c42
[18:38:49 +    0.0s]     sha origen_organismo_v14     feefc88b1fd8d434
[18:38:49 +    0.0s]     origenes verificados -> OK
[18:38:50 +    1.0s] ETAPA 1/4 - DIAGNOSTICO ESTRUCTURAL (T = 0, 20 semillas)
[18:38:50 +    1.1s]     alias por par mediana 0.0141  piso de forma 4.0/32
[18:38:50 +    1.1s] ETAPA 2/4 - EMISORES (20 corridas de 100000 pasos; son los del bloque 6 bit a bit)
[18:39:53 +   64.3s]     emiten 20/20; sin mensaje (se EXCLUYEN, P-I2): []
[18:39:53 +   64.3s] ETAPA 3/4 - REGLA 14: la ENTRADA, campo a campo contra el bloque 6
[18:39:54 +   64.3s]     REGLA 14 - entrada campo a campo contra el bloque 6: 33 campos comunes, IDENTICOS
[18:39:54 +   64.3s]        campos: ['T', 'cambio', 'canal', 'costo', 'crit_exp', 'deriva', 'desambiguar', 'exc_fija', 'fam_D', 'fam_F', 'fam_V', 'fam_nvar', 'fam_seed', 'fam_val', 'k_ganadoras', 'ktop', 'largo', 'log_cada', 'memoria_pares', 'memoria_variante', 'mundo', 'n_exc', 'n_neu', 'nk', 'nkmax', 'nobj', 'par_herm', 'reg_b2', 'reg_b4', 'renov', 'seed', 'vent', 'vira']
[18:39:54 +   64.3s]        perillas de celda (las UNICAS que pueden diferir): ['baraja_msg', 'combina', 'conj_tipo', 'dentro', 'dos_tipos', 'eta_w', 'exige_dir', 'k_forma', 'k_ganadoras', 'k_var', 'memoria_variante', 'msg_elige', 'pesos_tipo', 'v5', 'var_cubre']
[18:39:54 +   64.3s] ETAPA 4/4 - RECEPTORES: 840 corridas de 100000 pasos...
[18:41:40 +  170.4s]           40/840
[18:43:34 +  285.0s]           80/840
[18:45:14 +  384.6s]           120/840
[18:46:57 +  487.8s]           160/840
[18:48:53 +  604.1s]           200/840
[18:50:51 +  721.4s]           240/840
[18:52:32 +  822.4s]           280/840
[18:54:13 +  924.1s]           320/840
[18:56:01 + 1031.4s]           360/840
[18:57:40 + 1130.4s]           400/840
[18:59:33 + 1243.7s]           440/840
[19:01:22 + 1352.9s]           480/840
[19:03:10 + 1460.5s]           520/840
[19:04:56 + 1567.0s]           560/840
[19:06:41 + 1672.1s]           600/840
[19:08:26 + 1776.6s]           640/840
[19:10:09 + 1880.1s]           680/840
[19:12:03 + 1993.3s]           720/840
[19:13:53 + 2103.8s]           760/840
[19:15:41 + 2211.6s]           800/840
[19:17:31 + 2321.4s]           840/840
[19:17:31 + 2321.6s] CRUDO -> serie_v5_s25701-25720_20260923_183849_crudo.json  sha256_16 = 83ccea80247e48f9  (ERR-54)
[19:17:31 + 2321.6s]     P-I5 en b4b       (semillas con fam1 = 1: el mensaje escrito y NO consultado): {'CANAL': 0, 'CORTADO': 0, 'BAR-H': 0, 'BAR-T': 0, 'VALOR': 0, 'PAR': 0, 'PAR0': 0}  -> ninguna
[19:17:31 + 2321.6s]     P-I5 en b6suf     (semillas con fam1 = 1: el mensaje escrito y NO consultado): {'CANAL': 1, 'CORTADO': 1, 'BAR-H': 1, 'BAR-T': 1, 'VALOR': 1, 'PAR': 0, 'PAR0': 0}  -> [25711]
[19:17:31 + 2321.6s]     P-I5 en BA-v      (semillas con fam1 = 1: el mensaje escrito y NO consultado): {'CANAL': 1, 'CORTADO': 1, 'BAR-H': 1, 'BAR-T': 1, 'VALOR': 1, 'PAR': 1, 'PAR0': 1}  -> [25701]
[19:17:31 + 2321.6s]     P-I5 en BA-v5     (semillas con fam1 = 1: el mensaje escrito y NO consultado): {'CANAL': 2, 'CORTADO': 2, 'BAR-H': 2, 'BAR-T': 2, 'VALOR': 2, 'PAR': 1, 'PAR0': 1}  -> [25701, 25708]
[19:17:31 + 2321.6s]     P-I5 en BA-v5-sh  (semillas con fam1 = 1: el mensaje escrito y NO consultado): {'CANAL': 2, 'CORTADO': 2, 'BAR-H': 2, 'BAR-T': 2, 'VALOR': 2, 'PAR': 1, 'PAR0': 1}  -> [25701, 25708]
[19:17:31 + 2321.6s]     P-I5 en b5k3-v5   (semillas con fam1 = 1: el mensaje escrito y NO consultado): {'CANAL': 2, 'CORTADO': 2, 'BAR-H': 2, 'BAR-T': 2, 'VALOR': 2, 'PAR': 1, 'PAR0': 1}  -> [25701, 25711]
[19:17:31 + 2321.6s] 
[19:17:31 + 2321.6s] celda        CANAL  CORTADO    BAR-H    BAR-T    VALOR      PAR     PAR0   dist(PAR)  dist(PAR0)  muertes  okU   >=200  mord_com  mord_ven  regalo
[19:17:31 + 2321.6s] b4b         19/20     1/20    13/20     7/20     5/20    19/20     4/20    5/20      5/20       26.0     0.6667   0     5212.0      44.5      0.0195
[19:17:31 + 2321.6s] b6suf       19/20     6/20     9/20    16/20     8/20    19/20     6/20    18/20      7/20       35.0     0.5834   1     5163.0      44.0      0.0262
[19:17:31 + 2321.6s] BA-v        19/20     1/20     6/20     5/20     3/20    19/20     1/20    13/20      2/20       42.5     0.6667   5     3823.5      9.0      0.0319
[19:17:31 + 2321.6s] BA-v5       18/20     1/20     1/20     7/20     1/20    19/20     1/20    16/20      3/20       29.5     0.6667   2     4451.0      12.5      0.0221
[19:17:31 + 2321.6s] BA-v5-sh     2/20     1/20     1/20     2/20     1/20     2/20     1/20    3/20      3/20       30.5     0.8333   3     4289.5      10.0      0.0229
[19:17:31 + 2321.6s] b5k3-v5     19/20     4/20     7/20     7/20     4/20    19/20     1/20    11/20      1/20       34.0     0.8333   2     5171.0      47.5      0.0255
[19:17:31 + 2321.6s] 
[19:17:31 + 2321.6s] LETRA DEL CRITERIO PROPIO (ERR-90): puertas ABSOLUTAS. Ninguna depende de CORTADO.
[19:17:31 + 2321.6s]   [b4b]
[19:17:31 + 2321.6s]      P0 montaje   N (semillas validas del brazo CANAL) = 20 >= 18: pasa
[19:17:31 + 2321.6s]      P1 CANAL     19 >= 15: pasa
[19:17:31 + 2321.6s]      P2 CORTADO   1 <= 5: pasa
[19:17:31 + 2321.6s]      P3 BAR-T     7 <= 5: CAE
[19:17:31 + 2321.6s]      P4 VALOR     5 <= 5: pasa
[19:17:31 + 2321.6s]      P5 BAR-H     13 <= 10: CAE
[19:17:31 + 2321.6s]      P6 dist(PAR) 5/20 >= 15 y dist(PAR0) 5 <= 5: CAE
[19:17:31 + 2321.6s]      P7 R6        muertes 26.0 / 26.0(b4b) = 1.00x <= 1.50x: pasa  |  okU 0.6667 - 0.6667 = +0.0000 >= -0.10: pasa
[19:17:31 + 2321.6s]         (diagnostico de R6, NO es la puerta: 0/20 semillas mueren > 1.5x su propia base; semillas en regimen de hambre (>=200): 0)
[19:17:31 + 2321.6s]      MISION (BAR-T <= 5 Y PAR >= 15): no
[19:17:31 + 2321.6s]      [referencia historica, NO decide] bloque 6: R2 BAR-T<=CORTADO+3 CAE; R3 BAR-H<=CORTADO+5 CAE; R4 VALOR<=CORTADO+3 CAE; R5 dist>=12 y >=gemelo+5 CAE
[19:17:31 + 2321.6s]   [b6suf]
[19:17:31 + 2321.6s]      P0 montaje   N (semillas validas del brazo CANAL) = 20 >= 18: pasa
[19:17:31 + 2321.6s]      P1 CANAL     19 >= 15: pasa
[19:17:31 + 2321.6s]      P2 CORTADO   6 <= 5: CAE
[19:17:31 + 2321.6s]      P3 BAR-T     16 <= 5: CAE
[19:17:31 + 2321.6s]      P4 VALOR     8 <= 5: CAE
[19:17:31 + 2321.6s]      P5 BAR-H     9 <= 10: pasa
[19:17:31 + 2321.6s]      P6 dist(PAR) 18/20 >= 15 y dist(PAR0) 7 <= 5: CAE
[19:17:31 + 2321.6s]      P7 R6        muertes 35.0 / 26.0(b4b) = 1.35x <= 1.50x: pasa  |  okU 0.5834 - 0.6667 = -0.0833 >= -0.10: pasa
[19:17:31 + 2321.6s]         (diagnostico de R6, NO es la puerta: 9/20 semillas mueren > 1.5x su propia base; semillas en regimen de hambre (>=200): 1)
[19:17:31 + 2321.6s]      MISION (BAR-T <= 5 Y PAR >= 15): no
[19:17:31 + 2321.6s]      [referencia historica, NO decide] bloque 6: R2 BAR-T<=CORTADO+3 CAE; R3 BAR-H<=CORTADO+5 pasa; R4 VALOR<=CORTADO+3 pasa; R5 dist>=12 y >=gemelo+5 pasa
[19:17:31 + 2321.6s]   [BA-v]
[19:17:31 + 2321.6s]      P0 montaje   N (semillas validas del brazo CANAL) = 20 >= 18: pasa
[19:17:31 + 2321.6s]      P1 CANAL     19 >= 15: pasa
[19:17:31 + 2321.6s]      P2 CORTADO   1 <= 5: pasa
[19:17:31 + 2321.6s]      P3 BAR-T     5 <= 5: pasa
[19:17:31 + 2321.6s]      P4 VALOR     3 <= 5: pasa
[19:17:31 + 2321.6s]      P5 BAR-H     6 <= 10: pasa
[19:17:31 + 2321.6s]      P6 dist(PAR) 13/20 >= 15 y dist(PAR0) 2 <= 5: CAE
[19:17:31 + 2321.6s]      P7 R6        muertes 42.5 / 26.0(b4b) = 1.63x <= 1.50x: CAE  |  okU 0.6667 - 0.6667 = +0.0000 >= -0.10: pasa
[19:17:31 + 2321.6s]         (diagnostico de R6, NO es la puerta: 10/20 semillas mueren > 1.5x su propia base; semillas en regimen de hambre (>=200): 5)
[19:17:31 + 2321.6s]      MISION (BAR-T <= 5 Y PAR >= 15): no
[19:17:31 + 2321.6s]      [referencia historica, NO decide] bloque 6: R2 BAR-T<=CORTADO+3 CAE; R3 BAR-H<=CORTADO+5 pasa; R4 VALOR<=CORTADO+3 pasa; R5 dist>=12 y >=gemelo+5 pasa
[19:17:31 + 2321.6s]   [BA-v5]
[19:17:31 + 2321.6s]      P0 montaje   N (semillas validas del brazo CANAL) = 20 >= 18: pasa
[19:17:31 + 2321.6s]      P1 CANAL     18 >= 15: pasa
[19:17:31 + 2321.6s]      P2 CORTADO   1 <= 5: pasa
[19:17:31 + 2321.6s]      P3 BAR-T     7 <= 5: CAE
[19:17:31 + 2321.6s]      P4 VALOR     1 <= 5: pasa
[19:17:31 + 2321.6s]      P5 BAR-H     1 <= 10: pasa
[19:17:31 + 2321.6s]      P6 dist(PAR) 16/20 >= 15 y dist(PAR0) 3 <= 5: pasa
[19:17:31 + 2321.6s]      P7 R6        muertes 29.5 / 26.0(b4b) = 1.13x <= 1.50x: pasa  |  okU 0.6667 - 0.6667 = +0.0000 >= -0.10: pasa
[19:17:31 + 2321.6s]         (diagnostico de R6, NO es la puerta: 8/20 semillas mueren > 1.5x su propia base; semillas en regimen de hambre (>=200): 2)
[19:17:31 + 2321.6s]      MISION (BAR-T <= 5 Y PAR >= 15): no
[19:17:31 + 2321.6s]      [referencia historica, NO decide] bloque 6: R2 BAR-T<=CORTADO+3 CAE; R3 BAR-H<=CORTADO+5 pasa; R4 VALOR<=CORTADO+3 pasa; R5 dist>=12 y >=gemelo+5 pasa
[19:17:31 + 2321.6s]   [BA-v5-sh]
[19:17:31 + 2321.6s]      P0 montaje   N (semillas validas del brazo CANAL) = 20 >= 18: pasa
[19:17:31 + 2321.6s]      P1 CANAL     2 >= 15: CAE
[19:17:31 + 2321.6s]      P2 CORTADO   1 <= 5: pasa
[19:17:31 + 2321.6s]      P3 BAR-T     2 <= 5: pasa
[19:17:31 + 2321.6s]      P4 VALOR     1 <= 5: pasa
[19:17:31 + 2321.6s]      P5 BAR-H     1 <= 10: pasa
[19:17:31 + 2321.6s]      P6 dist(PAR) 3/20 >= 15 y dist(PAR0) 3 <= 5: CAE
[19:17:31 + 2321.6s]      P7 R6        muertes 30.5 / 26.0(b4b) = 1.17x <= 1.50x: pasa  |  okU 0.8333 - 0.6667 = +0.1666 >= -0.10: pasa
[19:17:31 + 2321.6s]         (diagnostico de R6, NO es la puerta: 9/20 semillas mueren > 1.5x su propia base; semillas en regimen de hambre (>=200): 3)
[19:17:31 + 2321.6s]      MISION (BAR-T <= 5 Y PAR >= 15): no
[19:17:31 + 2321.6s]      [referencia historica, NO decide] bloque 6: R2 BAR-T<=CORTADO+3 pasa; R3 BAR-H<=CORTADO+5 pasa; R4 VALOR<=CORTADO+3 pasa; R5 dist>=12 y >=gemelo+5 CAE
[19:17:31 + 2321.6s]   [b5k3-v5]
[19:17:31 + 2321.6s]      P0 montaje   N (semillas validas del brazo CANAL) = 20 >= 18: pasa
[19:17:31 + 2321.6s]      P1 CANAL     19 >= 15: pasa
[19:17:31 + 2321.6s]      P2 CORTADO   4 <= 5: pasa
[19:17:31 + 2321.6s]      P3 BAR-T     7 <= 5: CAE
[19:17:31 + 2321.6s]      P4 VALOR     4 <= 5: pasa
[19:17:31 + 2321.6s]      P5 BAR-H     7 <= 10: pasa
[19:17:31 + 2321.6s]      P6 dist(PAR) 11/20 >= 15 y dist(PAR0) 1 <= 5: CAE
[19:17:31 + 2321.6s]      P7 R6        muertes 34.0 / 26.0(b4b) = 1.31x <= 1.50x: pasa  |  okU 0.8333 - 0.6667 = +0.1666 >= -0.10: pasa
[19:17:31 + 2321.6s]         (diagnostico de R6, NO es la puerta: 6/20 semillas mueren > 1.5x su propia base; semillas en regimen de hambre (>=200): 2)
[19:17:31 + 2321.6s]      MISION (BAR-T <= 5 Y PAR >= 15): no
[19:17:31 + 2321.6s]      [referencia historica, NO decide] bloque 6: R2 BAR-T<=CORTADO+3 pasa; R3 BAR-H<=CORTADO+5 pasa; R4 VALOR<=CORTADO+3 pasa; R5 dist>=12 y >=gemelo+5 CAE
[19:17:31 + 2321.6s] 
[19:17:31 + 2321.6s] CONTRASTES V-5 (misma serie, mismas semillas; preregistro 5):
[19:17:31 + 2321.6s]   K1 dist(PAR): BA-v5 16/20 contra BA-v 13/20 -> diferencia +3 (se pide >= +3): pasa
[19:17:31 + 2321.6s]   K3 BAR-T: BA-v5 7 contra BA-v 5 (se pide BA-v5 <= BA-v + 2): pasa
[19:17:31 + 2321.6s]   K4 muertes: BA-v5 29.5 / BA-v 42.5 = 0.69x (diagnostico; la puerta es P7 contra b4b)
[19:17:31 + 2321.6s]   K2 BARAJADA: CANAL(BA-v5-sh) 2 <= CORTADO(BA-v5-sh) 1 + 3: pasa
[19:17:31 + 2321.6s]   I1 instrumento b6suf: dist 18/20 (previas 19/19, 18/18, 14/16) BAR-T 16 (previas 8-12)
[19:17:31 + 2321.6s]   I2 instrumento BA-v: dist 13/20 (previas 13/19, 14/18, 11/16)
