[17:23:16] SUBIDA N6 — mundos {'P': {'ancho': 11, 'alto': 11, 'cierre': 5, 'd_ini': 4}, 'E': {'ancho': 15, 'alto': 13, 'cierre': 6, 'd_ini': 5}} r_vis=1 T=100000 n_tel=40 semillas 6601-6620 brazos 11 pool=6 pid=18792 mundo_subida 484e34db8f2150da
[17:23:16]   regla 14 CIEGO  : 13 campos del 21-sep; difieren ['alto', 'prueba.cierre', 'prueba.d_ini'] (todas declaradas en PREREGISTRO §3)
[17:23:16]   regla 14 CAMINO : 13 campos del 21-sep; difieren ['alto', 'prueba.cierre', 'prueba.d_ini'] (todas declaradas en PREREGISTRO §3)
[17:23:30]   1/220  CIEGO s6602  13.2s
[17:23:30]   2/220  CIEGO s6604  13.4s
[17:23:30]   3/220  CIEGO s6603  13.4s
[17:23:30]   4/220  CIEGO s6606  13.5s
[17:23:30]   5/220  CIEGO s6601  13.9s
[17:23:31]   6/220  CIEGO s6605  14.2s
[17:23:43]   7/220  CIEGO s6610  13.0s
[17:23:43]   8/220  CIEGO s6608  13.4s
[17:23:43]   9/220  CIEGO s6609  13.5s
[17:23:44]   10/220  CIEGO s6607  14.2s
[17:23:44]   11/220  CIEGO s6611  13.6s
[17:23:44]   12/220  CIEGO s6612  13.9s
[17:23:56]   13/220  CIEGO s6614  12.7s
[17:23:56]   14/220  CIEGO s6613  13.5s
[17:23:57]   15/220  CIEGO s6617  12.7s
[17:23:57]   16/220  CIEGO s6616  13.0s
[17:23:57]   17/220  CIEGO s6615  13.7s
[17:23:58]   18/220  CIEGO s6618  13.8s
[17:24:09]   19/220  CIEGO s6619  13.2s
[17:24:11]   20/220  CIEGO s6620  14.1s
[17:24:15]   21/220  CAMINO s6601  18.2s
[17:24:16]   22/220  CAMINO s6604  17.5s
[17:24:16]   23/220  CAMINO s6603  19.2s
[17:24:19]   24/220  CAMINO s6602  21.9s
[17:24:29]   25/220  CAMINO s6605  20.1s
[17:24:29]   26/220  CAMINO s6606  18.9s
[17:24:33]   27/220  CAMINO s6608  17.6s
[17:24:34]   28/220  CAMINO s6607  18.9s
[17:24:35]   29/220  CAMINO s6609  18.9s
[17:24:36]   30/220  CAMINO s6610  17.6s
[17:24:47]   31/220  CAMINO s6612  17.4s
[17:24:50]   32/220  CAMINO s6611  21.0s
[17:24:52]   33/220  CAMINO s6614  18.0s
[17:24:52]   34/220  CAMINO s6613  19.2s
[17:24:54]   35/220  CAMINO s6615  18.6s
[17:24:56]   36/220  CAMINO s6616  19.9s
[17:25:07]   37/220  CAMINO s6617  20.0s
[17:25:08]   38/220  CAMINO s6618  18.0s
[17:25:10]   39/220  CAMINO s6619  18.0s
[17:25:10]   40/220  CAMINO s6620  17.1s
[17:25:16]   41/220  GRAD s6601  22.1s
[17:25:16]   42/220  GRAD s6602  20.4s
[17:25:26]   43/220  GRAD s6606  16.5s
[17:25:27]   44/220  GRAD s6603  20.4s
[17:25:28]   45/220  GRAD s6604  20.3s
[17:25:34]   46/220  GRAD s6608  17.8s
[17:25:36]   47/220  GRAD s6605  26.3s
[17:25:44]   48/220  GRAD s6610  16.8s
[17:25:45]   49/220  GRAD s6609  19.0s
[17:25:46]   50/220  GRAD s6607  30.4s
[17:25:47]   51/220  GRAD s6611  19.0s
[17:25:50]   52/220  GRAD s6612  15.7s
[17:25:52]   53/220  GRAD s6613  15.9s
[17:26:01]   54/220  GRAD s6614  16.8s
[17:26:01]   55/220  GRAD s6615  16.1s
[17:26:06]   56/220  GRAD s6618  15.7s
[17:26:07]   57/220  GRAD s6617  19.9s
[17:26:07]   58/220  GRAD s6616  21.2s
[17:26:08]   59/220  GRAD s6619  16.4s
[17:26:18]   60/220  FILTRO s6601  16.4s
[17:26:18]   61/220  FILTRO s6602  12.7s
[17:26:21]   62/220  FILTRO s6604  14.0s
[17:26:23]   63/220  FILTRO s6605  14.5s
[17:26:24]   64/220  FILTRO s6603  16.5s
[17:26:31]   65/220  GRAD s6620  30.2s
[17:26:32]   66/220  FILTRO s6606  14.0s
[17:26:32]   67/220  FILTRO s6607  13.8s
[17:26:38]   68/220  FILTRO s6609  15.1s
[17:26:38]   69/220  FILTRO s6608  16.7s
[17:26:38]   70/220  FILTRO s6610  14.6s
[17:26:44]   71/220  FILTRO s6612  12.5s
[17:26:46]   72/220  FILTRO s6611  14.5s
[17:26:46]   73/220  FILTRO s6613  13.5s
[17:26:51]   74/220  FILTRO s6615  13.3s
[17:26:52]   75/220  FILTRO s6614  14.5s
[17:26:53]   76/220  FILTRO s6616  14.7s
[17:26:58]   77/220  FILTRO s6617  14.1s
[17:26:59]   78/220  FILTRO s6618  13.3s
[17:27:02]   79/220  FILTRO s6619  16.6s
[17:27:05]   80/220  FILTRO s6620  14.0s
[17:27:10]   81/220  GF s6602  17.3s
[17:27:11]   82/220  GF s6601  18.7s
[17:27:15]   83/220  GF s6604  15.9s
[17:27:17]   84/220  GF s6603  18.3s
[17:27:17]   85/220  GF s6605  14.6s
[17:27:23]   86/220  GF s6606  17.3s
[17:27:25]   87/220  GF s6608  14.0s
[17:27:26]   88/220  GF s6607  15.9s
[17:27:30]   89/220  GF s6609  15.3s
[17:27:34]   90/220  GF s6610  17.4s
[17:27:34]   91/220  GF s6611  17.2s
[17:27:38]   92/220  GF s6612  14.9s
[17:27:41]   93/220  GF s6613  16.3s
[17:27:45]   94/220  GF s6615  14.8s
[17:27:45]   95/220  GF s6614  18.9s
[17:27:50]   96/220  GF s6616  16.4s
[17:27:52]   97/220  GF s6617  17.5s
[17:27:54]   98/220  GF s6618  16.3s
[17:27:58]   99/220  GF s6619  17.1s
[17:28:02]   100/220  GF s6620  16.8s
[17:28:04]   101/220  BRUJULA s6601  19.0s
[17:28:09]   102/220  BRUJULA s6602  18.5s
[17:28:11]   103/220  BRUJULA s6603  19.9s
[17:28:12]   104/220  BRUJULA s6604  17.6s
[17:28:14]   105/220  BRUJULA s6605  15.9s
[17:28:20]   106/220  BRUJULA s6606  18.0s
[17:28:20]   107/220  BRUJULA s6607  15.7s
[17:28:23]   108/220  BRUJULA s6608  14.5s
[17:28:27]   109/220  BRUJULA s6609  15.2s
[17:28:29]   110/220  BRUJULA s6610  17.4s
[17:28:32]   111/220  BRUJULA s6611  17.3s
[17:28:34]   112/220  BRUJULA s6612  14.4s
[17:28:36]   113/220  BRUJULA s6613  16.3s
[17:28:42]   114/220  BRUJULA s6615  15.1s
[17:28:42]   115/220  BRUJULA s6614  19.0s
[17:28:46]   116/220  BRUJULA s6616  16.7s
[17:28:49]   117/220  BRUJULA s6617  17.3s
[17:28:50]   118/220  BRUJULA s6618  16.3s
[17:28:53]   119/220  BRUJULA s6619  16.7s
[17:28:59]   120/220  BRUJULA s6620  16.7s
[17:29:02]   121/220  BARAJADO s6601  19.4s
[17:29:04]   122/220  BARAJADO s6602  18.6s
[17:29:08]   123/220  BARAJADO s6604  17.2s
[17:29:08]   124/220  BARAJADO s6603  19.4s
[17:29:08]   125/220  BARAJADO s6605  15.6s
[17:29:17]   126/220  BARAJADO s6607  15.3s
[17:29:17]   127/220  BARAJADO s6606  18.5s
[17:29:19]   128/220  BARAJADO s6608  14.3s
[17:29:22]   129/220  BARAJADO s6609  14.5s
[17:29:26]   130/220  BARAJADO s6610  17.4s
[17:29:26]   131/220  BARAJADO s6611  17.7s
[17:29:32]   132/220  BARAJADO s6612  15.0s
[17:29:33]   133/220  BARAJADO s6613  16.0s
[17:29:38]   134/220  BARAJADO s6615  15.8s
[17:29:39]   135/220  BARAJADO s6614  20.3s
[17:29:43]   136/220  BARAJADO s6616  17.5s
[17:29:44]   137/220  BARAJADO s6617  18.3s
[17:29:49]   138/220  BARAJADO s6618  17.0s
[17:29:51]   139/220  BARAJADO s6619  17.8s
[17:29:56]   140/220  BARAJADO s6620  17.7s
[17:29:59]   141/220  INVERTIDO s6601  20.5s
[17:30:03]   142/220  INVERTIDO s6602  19.7s
[17:30:05]   143/220  INVERTIDO s6603  20.4s
[17:30:07]   144/220  INVERTIDO s6604  17.9s
[17:30:08]   145/220  INVERTIDO s6605  16.8s
[17:30:16]   146/220  INVERTIDO s6606  20.1s
[17:30:17]   147/220  INVERTIDO s6607  17.6s
[17:30:19]   148/220  INVERTIDO s6608  15.8s
[17:30:21]   149/220  INVERTIDO s6609  16.1s
[17:30:25]   150/220  INVERTIDO s6610  18.2s
[17:30:26]   151/220  INVERTIDO s6611  18.0s
[17:30:31]   152/220  INVERTIDO s6612  15.1s
[17:30:33]   153/220  INVERTIDO s6613  16.4s
[17:30:36]   154/220  INVERTIDO s6615  15.1s
[17:30:38]   155/220  INVERTIDO s6614  19.3s
[17:30:42]   156/220  INVERTIDO s6616  16.5s
[17:30:43]   157/220  INVERTIDO s6617  17.2s
[17:30:47]   158/220  INVERTIDO s6618  16.0s
[17:30:50]   159/220  INVERTIDO s6619  17.0s
[17:30:53]   160/220  INVERTIDO s6620  16.5s
[17:30:57]   161/220  PLACEBO s6601  19.5s
[17:30:59]   162/220  PLACEBO s6602  17.8s
[17:31:03]   163/220  PLACEBO s6603  19.8s
[17:31:04]   164/220  PLACEBO s6604  17.1s
[17:31:06]   165/220  PLACEBO s6605  15.7s
[17:31:11]   166/220  PLACEBO s6606  18.3s
[17:31:13]   167/220  PLACEBO s6607  15.1s
[17:31:13]   168/220  PLACEBO s6608  13.7s
[17:31:17]   169/220  PLACEBO s6609  14.0s
[17:31:20]   170/220  PLACEBO s6610  15.9s
[17:31:22]   171/220  PLACEBO s6611  16.2s
[17:31:24]   172/220  PLACEBO s6612  13.3s
[17:31:28]   173/220  PLACEBO s6613  15.1s
[17:31:31]   174/220  PLACEBO s6614  17.5s
[17:31:31]   175/220  PLACEBO s6615  14.5s
[17:31:35]   176/220  PLACEBO s6616  15.4s
[17:31:39]   177/220  PLACEBO s6618  15.0s
[17:31:39]   178/220  PLACEBO s6617  17.2s
[17:31:43]   179/220  PLACEBO s6619  15.7s
[17:31:46]   180/220  PLACEBO s6620  15.1s
[17:31:46]   181/220  CIEGO_E s6601  14.6s
[17:31:49]   182/220  CIEGO_E s6602  14.0s
[17:31:53]   183/220  CIEGO_E s6603  13.6s
[17:31:54]   184/220  CIEGO_E s6604  14.4s
[17:31:58]   185/220  CIEGO_E s6605  14.3s
[17:32:00]   186/220  CIEGO_E s6606  14.0s
[17:32:00]   187/220  CIEGO_E s6607  14.5s
[17:32:04]   188/220  CIEGO_E s6608  14.4s
[17:32:07]   189/220  CIEGO_E s6609  14.3s
[17:32:08]   190/220  CIEGO_E s6610  14.0s
[17:32:12]   191/220  CIEGO_E s6611  14.0s
[17:32:14]   192/220  CIEGO_E s6612  14.6s
[17:32:16]   193/220  CIEGO_E s6613  15.2s
[17:32:17]   194/220  CIEGO_E s6614  13.8s
[17:32:22]   195/220  CIEGO_E s6615  14.7s
[17:32:22]   196/220  CIEGO_E s6616  14.5s
[17:32:26]   197/220  CIEGO_E s6617  14.6s
[17:32:29]   198/220  CIEGO_E s6618  14.3s
[17:32:31]   199/220  CIEGO_E s6619  15.0s
[17:32:32]   200/220  CIEGO_E s6620  14.9s
[17:32:37]   201/220  GF_E s6601  15.5s
[17:32:41]   202/220  GF_E s6602  18.7s
[17:32:47]   203/220  GF_E s6605  16.6s
[17:32:51]   204/220  GF_E s6604  22.3s
[17:32:52]   205/220  GF_E s6603  26.0s
[17:32:54]   206/220  GF_E s6607  16.4s
[17:32:55]   207/220  GF_E s6606  22.9s
[17:32:59]   208/220  GF_E s6608  17.9s
[17:33:07]   209/220  GF_E s6609  20.2s
[17:33:09]   210/220  GF_E s6610  17.7s
[17:33:12]   211/220  GF_E s6613  16.6s
[17:33:13]   212/220  GF_E s6612  18.9s
[17:33:16]   213/220  GF_E s6611  23.6s
[17:33:23]   214/220  GF_E s6614  24.0s
[17:33:27]   215/220  GF_E s6615  19.1s
[17:33:27]   216/220  GF_E s6616  18.6s
[17:33:31]   217/220  GF_E s6618  18.1s
[17:33:32]   218/220  GF_E s6617  20.4s
[17:33:36]   219/220  GF_E s6619  19.8s
[17:33:38]   220/220  GF_E s6620  15.1s
[17:33:38] --- 220 corridas en 622.2 s ---
[17:33:38]   CIEGO      limpio(rodeo) 0.0  limpio(atajo) 0.0  huye(rodeo) 0.875  pisa(rodeo) 1.0  pasos_c 60.0  comida 231.0  muertes 140.5
[17:33:38]   CAMINO     limpio(rodeo) 0.0  limpio(atajo) 0.0  huye(rodeo) 0.45  pisa(rodeo) 1.0  pasos_c 60.0  comida 542.5  muertes 40.0
[17:33:38]   GRAD       limpio(rodeo) 0.05  limpio(atajo) 0.275  huye(rodeo) 0.0  pisa(rodeo) 0.95  pasos_c 57.95  comida 1428.5  muertes 18.0
[17:33:38]   FILTRO     limpio(rodeo) 0.05  limpio(atajo) 0.2  huye(rodeo) 0.95  pisa(rodeo) 0.0  pasos_c 59.925  comida 1343.0  muertes 17.0
[17:33:38]   GF         limpio(rodeo) 1.0  limpio(atajo) 1.0  huye(rodeo) 0.0  pisa(rodeo) 0.0  pasos_c 17.0  comida 1874.5  muertes 17.5
[17:33:38]   BRUJULA    limpio(rodeo) 0.0  limpio(atajo) 0.075  huye(rodeo) 0.0  pisa(rodeo) 1.0  pasos_c 60.0  comida 1875.0  muertes 17.5
[17:33:38]   BARAJADO   limpio(rodeo) 0.0  limpio(atajo) 0.0  huye(rodeo) 0.625  pisa(rodeo) 1.0  pasos_c 60.0  comida 1874.5  muertes 17.5
[17:33:38]   INVERTIDO  limpio(rodeo) 0.0  limpio(atajo) 0.0  huye(rodeo) 0.85  pisa(rodeo) 1.0  pasos_c 60.0  comida 1874.5  muertes 17.5
[17:33:38]   PLACEBO    limpio(rodeo) 1.0  limpio(atajo) 0.975  huye(rodeo) 0.0  pisa(rodeo) 0.0  pasos_c 16.675  comida 1874.5  muertes 17.5
[17:33:38]   CIEGO_E    limpio(rodeo) 0.0  limpio(atajo) 0.0  huye(rodeo) 0.95  pisa(rodeo) 0.925  pasos_c 60.0  comida 131.5  muertes 232.0
[17:33:38]   GF_E       limpio(rodeo) 1.0  limpio(atajo) 1.0  huye(rodeo) 0.0  pisa(rodeo) 0.0  pasos_c 20.5  comida 1854.5  muertes 19.0
[17:33:38] PUERTAS (una linea por puerta, umbral al lado):
[17:33:38]   [PASA] R-1a rodea: limpio(rodeo) GF >=                            1.0  (umbral 0.6) CIEGO 0.0 CAMINO 0.0 GRAD 0.05 FILTRO 0.05 BARAJADO 0.0 BRUJULA 0.0
[17:33:38]   [PASA] R-1b es el mapa: GF - max(CIEGO,BARAJADO) >=               1.0  (umbral 0.25) 
[17:33:38]   [PASA] R-1c es el VENENO recordado: GF - BRUJULA >=               1.0  (umbral 0.25) pisa(rodeo) BRUJULA 1.0
[17:33:38]   [PASA] R-2a no es huida: huye(rodeo) GF <=                        0.0  (umbral 0.2) 
[17:33:38]   [PASA] R-2b balanceada: J = limpio(rodeo)+limpio(atajo)-1 >=      1.0  (umbral 0.5) p1 1.0 c1 1.0  [recto(atajo) reportado, no es puerta: 0.325]
[17:33:38]   [PASA] R-3 cuesta menos: pasos_cens(rodeo) GF/CIEGO <=            0.283  (umbral 0.7) GF 17.0 CIEGO 60.0
[17:33:38]   [PASA] R-4 no regresion: comida GF/CIEGO >=                       8.115  (umbral 0.9) GF 1874.5 CIEGO 231.0 CAMINO 542.5
[17:33:38]   [PASA] R-5 muertes GF/CIEGO <=                                    0.125  (umbral 1.25) GF 17.5 CIEGO 140.5 CAMINO 40.0
[17:33:38]   [PASA] C1 INVERTIDO decisivo: limpio(rodeo) <=                    0.0  (umbral 0.2) pisa 1.0
[17:33:38]   [PASA] PLACEBO validez: |GF - PLACEBO| <= (si no, NO se lee)      0.0  (umbral 0.15) 
[17:33:38]   [CAE ] V1 validez: comida y las DOS murallas enteras en M (19/20) 0.95  (umbral 1.0) 
[17:33:38]   [PASA] E-1 (secundaria) escala 15x13: limpio(rodeo) GF_E >=       1.0  (umbral 0.6) CIEGO_E 0.0
[17:33:38]   [PASA] E-2 (secundaria) escala: GF_E - CIEGO_E >=                 1.0  (umbral 0.25) 
[17:33:38]   pareado (reportado): GF > BRUJULA en 20/20; GF > CIEGO en 20/20
[17:33:38] RESUMEN 10/11 principales, 2/2 secundarias -> NUCLEO (R-1a, R-1c, R-2b) PASA, alguna principal cae: HAY ALGO MODESTO
[17:33:38] REGLA 10: V1 19/20 -> subconjunto valido [6601, 6602, 6603, 6604, 6605, 6606, 6607, 6609, 6610, 6611, 6612, 6613, 6614, 6615, 6616, 6617, 6618, 6619, 6620] (se reporta JUNTO al completo)
[17:33:38]   [sub] [PASA] R-1a rodea: limpio(rodeo) GF >=                            1.0  (umbral 0.6) CIEGO 0.0 CAMINO 0.0 GRAD 0.05 FILTRO 0.05 BARAJADO 0.0 BRUJULA 0.0
[17:33:38]   [sub] [PASA] R-1b es el mapa: GF - max(CIEGO,BARAJADO) >=               1.0  (umbral 0.25) 
[17:33:38]   [sub] [PASA] R-1c es el VENENO recordado: GF - BRUJULA >=               1.0  (umbral 0.25) pisa(rodeo) BRUJULA 1.0
[17:33:38]   [sub] [PASA] R-2a no es huida: huye(rodeo) GF <=                        0.0  (umbral 0.2) 
[17:33:38]   [sub] [PASA] R-2b balanceada: J = limpio(rodeo)+limpio(atajo)-1 >=      1.0  (umbral 0.5) p1 1.0 c1 1.0  [recto(atajo) reportado, no es puerta: 0.35]
[17:33:38]   [sub] [PASA] R-3 cuesta menos: pasos_cens(rodeo) GF/CIEGO <=            0.283  (umbral 0.7) GF 17.0 CIEGO 60.0
[17:33:38]   [sub] [PASA] R-4 no regresion: comida GF/CIEGO >=                       8.104  (umbral 0.9) GF 1872 CIEGO 231 CAMINO 562
[17:33:38]   [sub] [PASA] R-5 muertes GF/CIEGO <=                                    0.137  (umbral 1.25) GF 19 CIEGO 139 CAMINO 38
[17:33:38]   [sub] [PASA] C1 INVERTIDO decisivo: limpio(rodeo) <=                    0.0  (umbral 0.2) pisa 1.0
[17:33:38]   [sub] [PASA] PLACEBO validez: |GF - PLACEBO| <= (si no, NO se lee)      0.0  (umbral 0.15) 
[17:33:38]   [sub] [PASA] V1 validez: comida y las DOS murallas enteras en M (19/19) 1.0  (umbral 1.0) 
[17:33:38]   [sub] [PASA] E-1 (secundaria) escala 15x13: limpio(rodeo) GF_E >=       1.0  (umbral 0.6) CIEGO_E 0.0
[17:33:38]   [sub] [PASA] E-2 (secundaria) escala: GF_E - CIEGO_E >=                 1.0  (umbral 0.25) 
[17:33:38]   [sub] pareado (reportado): GF > BRUJULA en 19/19; GF > CIEGO en 19/19
[17:33:38] RESUMEN SUBCONJUNTO 11/11 principales, 2/2 secundarias -> PASA TODAS LAS PRINCIPALES (FUNCIONA si la replica repite)
[17:33:38] JSON experimentos\subida_n6\datos\subida_s6601-6620_20260923_172316.json  sha 2e11e2cdaec37200
