N7-NL n7_serie_s7701-7720_T100000_20260923_174554
  semillas 7701-7720  k [1, 2, 3, 4, 5, 6, 7, 8]  T 100000  brazos ['T142', 'N', 'L015', 'N141', 'NAZAR', 'NSH', 'NC3C']  pool 6
  sha {'mundo_n7.py': '429667c8a334aa48', 'corre_n7.py': '746e9c70f7beef45', 'construye_n7.py': '9f5851b9e8ec1ec5', 'identidad_n7.py': 'a01be902314c04bc', 'organismo_v142N.py': 'b5bcff0a4b01c812', 'organismo_v142gN.py': 'd05fc32504cb5517', 'PREREGISTRO_n7.md': '854596d3ed662258'}
  identidad dentro del runner (mundo_n7 apagado == mundo_composicion_v14; kwargs == organismo_v142): OK
  [    29s] 20/1120
  [    51s] 40/1120
  [    72s] 60/1120
  [   100s] 80/1120
  [   121s] 100/1120
  [   144s] 120/1120
  [   171s] 140/1120
  [   192s] 160/1120
  [   215s] 180/1120
  [   240s] 200/1120
  [   260s] 220/1120
  [   283s] 240/1120
  [   307s] 260/1120
  [   328s] 280/1120
  [   349s] 300/1120
  [   373s] 320/1120
  [   395s] 340/1120
  [   417s] 360/1120
  [   440s] 380/1120
  [   462s] 400/1120
  [   486s] 420/1120
  [   506s] 440/1120
  [   530s] 460/1120
  [   553s] 480/1120
  [   576s] 500/1120
  [   603s] 520/1120
  [   625s] 540/1120
  [   648s] 560/1120
  [   671s] 580/1120
  [   692s] 600/1120
  [   714s] 620/1120
  [   738s] 640/1120
  [   762s] 660/1120
  [   784s] 680/1120
  [   808s] 700/1120
  [   829s] 720/1120
  [   851s] 740/1120
  [   874s] 760/1120
  [   898s] 780/1120
  [   920s] 800/1120
  [   942s] 820/1120
  [   968s] 840/1120
  [   987s] 860/1120
  [  1010s] 880/1120
  [  1035s] 900/1120
  [  1057s] 920/1120
  [  1080s] 940/1120
  [  1101s] 960/1120
  [  1128s] 980/1120
  [  1148s] 1000/1120
  [  1171s] 1020/1120
  [  1199s] 1040/1120
  [  1221s] 1060/1120
  [  1244s] 1080/1120
  [  1270s] 1100/1120
  [  1293s] 1120/1120

  k  brazo   sep    lift_q4  celdas splits n_des muertes mordidas  compone
  1  T142    +3.97   0.380    34.0    4.0   0.0   111.5   1468.0   True
  1  N       +3.96   0.390    34.0    4.0   0.0    96.0   1565.5   True  T5 20
  1  L015    +3.96   0.386    35.0    5.0   0.0   101.0   1562.5   True
  1  N141    +3.96   0.390    34.0    4.0   0.0    96.0   1565.5   True
  1  NAZAR   +3.96   0.383    34.0    4.0   0.0   103.0   1536.0   True
  1  NSH     +3.96   0.390    34.0    4.0   0.0    96.0   1565.5   True
  1  NC3C    +0.22  -0.042    36.0    6.0   0.0    98.0   2221.5   False
  2  T142    +3.74   0.000    34.0    4.0   0.0   309.5    149.0   False
  2  N       +3.97   0.381    36.0    6.0   0.0    99.0   1561.5   True  T5 20
  2  L015    +3.96   0.378    36.0    6.0   0.0   106.0   1601.5   True
  2  N141    +3.97   0.376    36.0    6.0   0.0    99.0   1585.0   True
  2  NAZAR   +3.95   0.378    41.0   11.0   0.0   105.5   1640.5   True
  2  NSH     +3.96   0.378    41.0   11.0   2.0   100.0   1636.5   True
  2  NC3C    +0.10  -0.013    52.0   22.0   0.0    83.5   2428.5   False
  3  T142    +2.82   0.000    30.0    0.0   0.0   331.0     13.0   False
  3  N       +3.97   0.377    37.0    7.0   0.0   102.0   1605.5   True  T5 20
  3  L015    +3.97   0.373    39.0    9.0   0.0   103.0   1677.0   True
  3  N141    +3.95   0.372    36.0    6.0   0.0    96.5   1672.0   True
  3  NAZAR   +3.94   0.366    52.5   22.5   6.0   101.0   1708.5   True
  3  NSH     +3.95   0.382    56.5   26.5  10.0    98.0   1609.0   True
  3  NC3C    -0.05   0.003    70.0   40.0   2.5    78.5   2522.5   False
  4  T142    +1.14   0.000    30.0    0.0   0.0   331.5      8.0   False
  4  N       +3.97   0.373    50.0   20.0   4.5    98.5   1588.0   True  T5 20
  4  L015    +3.97   0.380    38.5    8.5   0.5   105.0   1669.0   True
  4  N141    +3.29   0.342    50.0   20.0   0.0    95.0   1688.5   True
  4  NAZAR   +3.41   0.252    81.0   51.0  22.5    86.0   1764.5   True
  4  NSH     +3.79   0.351    73.0   43.0  21.0    95.5   1717.0   True
  4  NC3C    -0.20   0.002    90.0   60.0   5.0    76.0   2651.5   False
  5  T142    +2.31   0.000    30.0    0.0   0.0   330.0      8.0   False
  5  N       +3.96   0.370    37.5    7.5   0.5   102.5   1627.0   True  T5 20
  5  L015    +3.92   0.373    48.0   18.0   6.5    94.0   1699.5   True
  5  N141    +3.94   0.364    36.0    6.0   0.0    98.5   1693.5   True
  5  NAZAR   +2.92   0.218    90.0   60.0  22.0    81.0   1828.0   False
  5  NSH     +3.64   0.331    90.0   60.0  29.0    84.0   1827.5   True
  5  NC3C    +0.10   0.006    90.0   60.0   6.5    68.0   2714.5   False
  6  T142    -0.77   0.000    30.0    0.0   0.0   328.5      7.0   False
  6  N       +3.94   0.364    57.5   27.5  12.5    97.0   1583.5   True  T5 20
  6  L015    +3.93   0.355    56.0   26.0   8.0    93.0   1671.5   True
  6  N141    +3.38   0.334    45.5   15.5   0.0    96.5   1576.0   True
  6  NAZAR   +2.19   0.174    90.0   60.0  28.5    72.0   1944.5   False
  6  NSH     +3.12   0.275    90.0   60.0  28.0    81.5   1831.0   True
  6  NC3C    -0.01  -0.007    90.0   60.0   8.0    70.0   2733.5   False
  7  T142    -0.60   0.000    30.0    0.0   0.0   331.0      3.0   False
  7  N       +3.79   0.363    82.0   52.0  27.0    97.5   1775.5   True  T5 20
  7  L015    +3.67   0.351    74.5   44.5  22.0    94.5   1710.5   True
  7  N141    +3.14   0.212    47.0   17.0   0.0    91.5   1659.5   True
  7  NAZAR   +1.89   0.184    90.0   60.0  32.0    74.0   1982.0   False
  7  NSH     +2.24   0.186    90.0   60.0  29.0    75.0   1888.0   False
  7  NC3C    -0.02  -0.010    90.0   60.0   9.0    71.5   2822.5   False
  8  T142    -0.63   0.000    30.0    0.0   0.0   331.0      3.0   False
  8  N       +3.43   0.324    77.0   47.0  29.0    89.5   1704.5   True  T5 20
  8  L015    +3.41   0.278    90.0   60.0  34.0    86.5   1739.0   True
  8  N141    +2.53   0.158    67.0   37.0   0.0    90.0   1644.5   True
  8  NAZAR   +1.84   0.148    90.0   60.0  33.5    73.5   2033.0   False
  8  NSH     +2.05   0.178    90.0   60.0  29.5    74.5   1907.5   False
  8  NC3C    -0.01   0.001    90.0   60.0  16.0    75.0   2938.5   False

  K_max por brazo (todos los k <= K componen, letra 3T-k): {'T142': 1, 'N': 8, 'L015': 8, 'N141': 8, 'NAZAR': 4, 'NSH': 6, 'NC3C': 0}

  JSON -> experimentos\subida_n7\datos\n7_serie_s7701-7720_T100000_20260923_174554.json  sha 2de815c50f5d10e9  (1293s)
