N7-NL n7_serie_s7721-7740_T100000_20260923_180727
  semillas 7721-7740  k [1, 2, 3, 4, 5, 6, 7, 8]  T 100000  brazos ['T142', 'N', 'L015', 'N141', 'NAZAR', 'NSH', 'NC3C']  pool 6
  sha {'mundo_n7.py': '429667c8a334aa48', 'corre_n7.py': '746e9c70f7beef45', 'construye_n7.py': '9f5851b9e8ec1ec5', 'identidad_n7.py': 'a01be902314c04bc', 'organismo_v142N.py': 'b5bcff0a4b01c812', 'organismo_v142gN.py': 'd05fc32504cb5517', 'PREREGISTRO_n7.md': '854596d3ed662258'}
  identidad dentro del runner (mundo_n7 apagado == mundo_composicion_v14; kwargs == organismo_v142): OK
  [    29s] 20/1120
  [    50s] 40/1120
  [    72s] 60/1120
  [    99s] 80/1120
  [   122s] 100/1120
  [   144s] 120/1120
  [   171s] 140/1120
  [   190s] 160/1120
  [   212s] 180/1120
  [   237s] 200/1120
  [   261s] 220/1120
  [   286s] 240/1120
  [   316s] 260/1120
  [   336s] 280/1120
  [   351s] 300/1120
  [   372s] 320/1120
  [   391s] 340/1120
  [   413s] 360/1120
  [   442s] 380/1120
  [   460s] 400/1120
  [   477s] 420/1120
  [   496s] 440/1120
  [   519s] 460/1120
  [   542s] 480/1120
  [   569s] 500/1120
  [   597s] 520/1120
  [   620s] 540/1120
  [   649s] 560/1120
  [   671s] 580/1120
  [   695s] 600/1120
  [   722s] 620/1120
  [   746s] 640/1120
  [   774s] 660/1120
  [   803s] 680/1120
  [   832s] 700/1120
  [   855s] 720/1120
  [   887s] 740/1120
  [   913s] 760/1120
  [   937s] 780/1120
  [   967s] 800/1120
  [   994s] 820/1120
  [  1025s] 840/1120
  [  1053s] 860/1120
  [  1080s] 880/1120
  [  1108s] 900/1120
  [  1134s] 920/1120
  [  1161s] 940/1120
  [  1188s] 960/1120
  [  1217s] 980/1120
  [  1241s] 1000/1120
  [  1268s] 1020/1120
  [  1299s] 1040/1120
  [  1325s] 1060/1120
  [  1355s] 1080/1120
  [  1385s] 1100/1120
  [  1417s] 1120/1120

  k  brazo   sep    lift_q4  celdas splits n_des muertes mordidas  compone
  1  T142    +3.96   0.387    35.0    5.0   0.0   115.0   1456.0   True
  1  N       +3.96   0.386    35.0    5.0   0.0    93.5   1626.5   True  T5 20
  1  L015    +3.96   0.382    35.0    5.0   0.0    98.0   1650.0   True
  1  N141    +3.96   0.386    35.0    5.0   0.0    93.5   1626.5   True
  1  NAZAR   +3.97   0.385    34.0    4.0   0.0    99.5   1575.0   True
  1  NSH     +3.96   0.386    35.0    5.0   0.0    93.5   1626.5   True
  1  NC3C    +0.46  -0.043    36.5    6.5   0.0   102.5   2171.0   False
  2  T142    +3.25   0.143    33.5    3.5   0.0   303.5    136.0   False
  2  N       +3.96   0.378    38.5    8.5   1.5    96.0   1620.5   True  T5 20
  2  L015    +3.96   0.379    38.0    8.0   0.0   102.5   1602.0   True
  2  N141    +3.92   0.377    37.0    7.0   0.0    96.0   1682.5   True
  2  NAZAR   +3.94   0.391    40.0   10.0   0.5    98.0   1674.0   True
  2  NSH     +3.96   0.380    42.5   12.5   3.0    96.0   1605.5   True
  2  NC3C    +0.16  -0.012    50.5   20.5   0.0    85.0   2351.5   False
  3  T142    +1.82   0.000    30.0    0.0   0.0   328.0     16.0   False
  3  N       +3.97   0.381    37.0    7.0   0.0   101.0   1596.0   True  T5 20
  3  L015    +3.96   0.383    37.5    7.5   0.0   100.0   1627.0   True
  3  N141    +3.96   0.378    37.0    7.0   0.0   100.5   1668.0   True
  3  NAZAR   +3.89   0.376    57.0   27.0   6.0    92.0   1700.5   True
  3  NSH     +3.96   0.385    50.0   20.0   7.5    97.5   1692.5   True
  3  NC3C    +0.00   0.001    83.5   53.5   5.0    81.0   2574.0   False
  4  T142    +1.70   0.000    30.0    0.0   0.0   332.0      7.0   False
  4  N       +3.94   0.368    47.5   17.5   5.5   103.0   1611.5   True  T5 20
  4  L015    +3.96   0.383    41.5   11.5   3.5    98.0   1710.0   True
  4  N141    +3.73   0.355    42.0   12.0   0.0    97.0   1633.0   True
  4  NAZAR   +3.40   0.284    77.0   47.0  14.5    88.5   1855.5   True
  4  NSH     +3.94   0.367    68.5   38.5  17.5    95.0   1666.0   True
  4  NC3C    -0.03   0.002    90.0   60.0   5.0    76.0   2661.0   False
  5  T142    +2.29   0.000    30.0    0.0   0.0   330.0      6.5   False
  5  N       +3.97   0.368    41.5   11.5   3.5   106.5   1611.0   True  T5 20
  5  L015    +3.93   0.375    47.5   17.5   3.5    95.0   1756.0   True
  5  N141    +3.84   0.360    40.0   10.0   0.0    93.0   1752.0   True
  5  NAZAR   +2.86   0.250    89.5   59.5  25.0    77.5   1848.0   False
  5  NSH     +3.45   0.307    90.0   60.0  28.0    90.0   1768.5   True
  5  NC3C    +0.06   0.003    90.0   60.0   6.0    76.5   2649.5   False
  6  T142    -0.99   0.000    30.0    0.0   0.0   329.0      5.5   False
  6  N       +3.97   0.378    39.0    9.0   3.0    99.0   1651.5   True  T5 20
  6  L015    +3.88   0.346    73.5   43.5  20.0    93.0   1689.0   True
  6  N141    +3.93   0.353    37.0    7.0   0.0    96.5   1694.5   True
  6  NAZAR   +2.23   0.188    90.0   60.0  26.0    72.0   1964.5   False
  6  NSH     +3.08   0.268    90.0   60.0  30.0    82.0   1800.0   True
  6  NC3C    -0.10   0.001    90.0   60.0   9.0    73.0   2719.0   False
  7  T142    -0.60   0.000    30.0    0.0   0.0   331.0      2.0   False
  7  N       +3.62   0.327    74.0   44.0  25.0    98.5   1645.5   True  T5 20
  7  L015    +3.60   0.332    80.5   50.5  25.0    91.5   1695.0   True
  7  N141    +2.59   0.177    60.5   30.5   0.0    90.5   1737.0   True
  7  NAZAR   +2.00   0.181    90.0   60.0  30.5    70.5   1930.0   False
  7  NSH     +2.27   0.209    90.0   60.0  28.0    72.5   1902.5   False
  7  NC3C    +0.05  -0.006    90.0   60.0  10.5    76.5   2842.5   False
  8  T142    -0.63   0.000    30.0    0.0   0.0   331.0      2.0   False
  8  N       +3.48   0.299    90.0   60.0  31.5    89.0   1696.5   True  T5 20
  8  L015    +3.27   0.295    90.0   60.0  32.0    85.5   1685.0   True
  8  N141    +2.34   0.122    70.0   40.0   0.0    94.5   1667.0   False
  8  NAZAR   +1.73   0.146    90.0   60.0  30.0    76.0   1919.5   False
  8  NSH     +2.06   0.171    90.0   60.0  28.0    71.0   2001.5   False
  8  NC3C    -0.01  -0.001    90.0   60.0  16.5    72.5   2942.0   False

  K_max por brazo (todos los k <= K componen, letra 3T-k): {'T142': 1, 'N': 8, 'L015': 8, 'N141': 7, 'NAZAR': 4, 'NSH': 6, 'NC3C': 0}

  JSON -> experimentos\subida_n7\datos\n7_serie_s7721-7740_T100000_20260923_180727.json  sha 19c9e3d34bb0198f  (1417s)
