n8_serie_base-fus-fusazar-recic_s12621-12640_20260923_165205: 80 corridas, T=200000, entrada campo a campo OK (100 campos)
{
 "base": {
  "ADQ_tarde": 0.66,
  "ADQ_temprano": 0.7833,
  "PRIOR_tarde": 0.49,
  "NULO_tarde": 0.5,
  "ADQ_tarde_com": 0.36,
  "ADQ_tarde_ven": 1.0,
  "ADQ_temprano_com": 0.6,
  "PRIOR_tarde_com": 0.18,
  "PRIOR_tarde_ven": 0.84,
  "RET40": 0.625,
  "RET_todo": 0.585,
  "cond_ult_cuarto": 0.0655,
  "muertes": 376.5,
  "splits": 60.0,
  "n_fus": 0.0,
  "est_agot": 78.0,
  "dur_s": 15.6,
  "n": 20,
  "ADQ_tarde_min": 0.6,
  "ADQ_tarde_sobre_nulo": 20,
  "ADQ_tarde_sobre_prior": 20,
  "caida": 8,
  "com_sobre_prior_com": 19,
  "dif_com_prior_mediana": 0.2,
  "dif_tarde_temprano_com_mediana": -0.1867,
  "curva_mediana": [
   0.9,
   0.8,
   0.75,
   0.8,
   0.7,
   0.65,
   0.7,
   0.65,
   0.7,
   0.65,
   0.7,
   0.6,
   0.7,
   0.65,
   0.7,
   0.7,
   0.65,
   0.6,
   0.7
  ],
  "curva_final_mediana": [
   0.6,
   0.6,
   0.6,
   0.6,
   0.6,
   0.55,
   0.5,
   0.55,
   0.6,
   0.6,
   0.5,
   0.5,
   0.6,
   0.6,
   0.6,
   0.6,
   0.55,
   0.6,
   0.65,
   0.7
  ]
 },
 "fus": {
  "ADQ_tarde": 0.68,
  "ADQ_temprano": 0.7833,
  "PRIOR_tarde": 0.47,
  "NULO_tarde": 0.48,
  "ADQ_tarde_com": 0.36,
  "ADQ_tarde_ven": 1.0,
  "ADQ_temprano_com": 0.6,
  "PRIOR_tarde_com": 0.12,
  "PRIOR_tarde_ven": 0.82,
  "RET40": 0.55,
  "RET_todo": 0.5425,
  "cond_ult_cuarto": 0.0284,
  "muertes": 398.0,
  "splits": 128.5,
  "n_fus": 68.5,
  "est_agot": 78.0,
  "dur_s": 15.3,
  "n": 20,
  "ADQ_tarde_min": 0.54,
  "ADQ_tarde_sobre_nulo": 20,
  "ADQ_tarde_sobre_prior": 20,
  "caida": 10,
  "com_sobre_prior_com": 20,
  "dif_com_prior_mediana": 0.2,
  "dif_tarde_temprano_com_mediana": -0.2266,
  "curva_mediana": [
   0.9,
   0.8,
   0.75,
   0.8,
   0.7,
   0.65,
   0.7,
   0.7,
   0.6,
   0.7,
   0.6,
   0.7,
   0.7,
   0.6,
   0.65,
   0.7,
   0.7,
   0.6,
   0.7
  ],
  "curva_final_mediana": [
   0.55,
   0.5,
   0.5,
   0.5,
   0.6,
   0.6,
   0.5,
   0.5,
   0.5,
   0.5,
   0.5,
   0.55,
   0.5,
   0.5,
   0.5,
   0.55,
   0.6,
   0.6,
   0.6,
   0.65
  ]
 },
 "fusazar": {
  "ADQ_tarde": 0.65,
  "ADQ_temprano": 0.7833,
  "PRIOR_tarde": 0.48,
  "NULO_tarde": 0.52,
  "ADQ_tarde_com": 0.32,
  "ADQ_tarde_ven": 1.0,
  "ADQ_temprano_com": 0.6,
  "PRIOR_tarde_com": 0.12,
  "PRIOR_tarde_ven": 0.84,
  "RET40": 0.525,
  "RET_todo": 0.5225,
  "cond_ult_cuarto": 0.0232,
  "muertes": 415.5,
  "splits": 120.0,
  "n_fus": 60.0,
  "est_agot": 78.0,
  "dur_s": 15.45,
  "n": 20,
  "ADQ_tarde_min": 0.56,
  "ADQ_tarde_sobre_nulo": 19,
  "ADQ_tarde_sobre_prior": 19,
  "caida": 9,
  "com_sobre_prior_com": 19,
  "dif_com_prior_mediana": 0.18,
  "dif_tarde_temprano_com_mediana": -0.22,
  "curva_mediana": [
   0.9,
   0.8,
   0.75,
   0.8,
   0.7,
   0.65,
   0.7,
   0.7,
   0.7,
   0.7,
   0.7,
   0.7,
   0.7,
   0.6,
   0.7,
   0.6,
   0.7,
   0.7,
   0.6
  ],
  "curva_final_mediana": [
   0.5,
   0.5,
   0.6,
   0.5,
   0.5,
   0.5,
   0.5,
   0.5,
   0.5,
   0.5,
   0.5,
   0.5,
   0.5,
   0.5,
   0.5,
   0.5,
   0.55,
   0.6,
   0.6,
   0.65
  ]
 },
 "recic": {
  "ADQ_tarde": 1.0,
  "ADQ_temprano": 0.9333,
  "PRIOR_tarde": 1.0,
  "NULO_tarde": 0.52,
  "ADQ_tarde_com": 1.0,
  "ADQ_tarde_ven": 1.0,
  "ADQ_temprano_com": 0.8667,
  "PRIOR_tarde_com": 1.0,
  "PRIOR_tarde_ven": 1.0,
  "RET40": 1.0,
  "RET_todo": 1.0,
  "cond_ult_cuarto": 0.9896,
  "muertes": 288.5,
  "splits": 30.5,
  "n_fus": 0.0,
  "est_agot": null,
  "dur_s": 15.6,
  "n": 20,
  "ADQ_tarde_min": 0.9,
  "ADQ_tarde_sobre_nulo": 20,
  "ADQ_tarde_sobre_prior": 4,
  "caida": 0,
  "com_sobre_prior_com": 3,
  "dif_com_prior_mediana": 0.0,
  "dif_tarde_temprano_com_mediana": 0.1,
  "curva_mediana": [
   0.9,
   0.85,
   0.95,
   1.0,
   1.0,
   1.0,
   1.0,
   1.0,
   1.0,
   1.0,
   1.0,
   1.0,
   1.0,
   1.0,
   1.0,
   1.0,
   1.0,
   1.0,
   1.0
  ],
  "curva_final_mediana": [
   1.0,
   1.0,
   1.0,
   1.0,
   1.0,
   1.0,
   1.0,
   1.0,
   1.0,
   1.0,
   1.0,
   1.0,
   1.0,
   1.0,
   1.0,
   1.0,
   1.0,
   1.0,
   1.0,
   1.0
  ]
 },
 "pareados": {
  "fus-base:ADQ_tarde": {
   "n": 20,
   "gana": 8,
   "empata": 3,
   "dif_mediana": 0.0
  },
  "fus-base:ADQ_tarde_com": {
   "n": 20,
   "gana": 7,
   "empata": 2,
   "dif_mediana": -0.04
  },
  "fus-base:RET40": {
   "n": 20,
   "gana": 2,
   "empata": 2,
   "dif_mediana": -0.1
  },
  "fus-base:RET_todo": {
   "n": 20,
   "gana": 1,
   "empata": 1,
   "dif_mediana": -0.0425
  },
  "fus-base:cond_ult_cuarto": {
   "n": 20,
   "gana": 2,
   "empata": 0,
   "dif_mediana": -0.0402
  },
  "fus-fusazar:ADQ_tarde": {
   "n": 20,
   "gana": 10,
   "empata": 1,
   "dif_mediana": 0.01
  },
  "fus-fusazar:ADQ_tarde_com": {
   "n": 20,
   "gana": 8,
   "empata": 3,
   "dif_mediana": 0.0
  },
  "fus-fusazar:RET40": {
   "n": 20,
   "gana": 9,
   "empata": 2,
   "dif_mediana": 0.0
  },
  "fus-fusazar:RET_todo": {
   "n": 20,
   "gana": 14,
   "empata": 2,
   "dif_mediana": 0.0237
  },
  "fus-fusazar:cond_ult_cuarto": {
   "n": 20,
   "gana": 12,
   "empata": 0,
   "dif_mediana": 0.0085
  },
  "fusazar-base:ADQ_tarde": {
   "n": 20,
   "gana": 5,
   "empata": 1,
   "dif_mediana": -0.02
  },
  "fusazar-base:ADQ_tarde_com": {
   "n": 20,
   "gana": 5,
   "empata": 1,
   "dif_mediana": -0.04
  },
  "fusazar-base:RET40": {
   "n": 20,
   "gana": 0,
   "empata": 0,
   "dif_mediana": -0.1
  },
  "fusazar-base:RET_todo": {
   "n": 20,
   "gana": 0,
   "empata": 0,
   "dif_mediana": -0.065
  },
  "fusazar-base:cond_ult_cuarto": {
   "n": 20,
   "gana": 2,
   "empata": 0,
   "dif_mediana": -0.0454
  },
  "recic-base:ADQ_tarde": {
   "n": 20,
   "gana": 20,
   "empata": 0,
   "dif_mediana": 0.31
  },
  "recic-base:ADQ_tarde_com": {
   "n": 20,
   "gana": 20,
   "empata": 0,
   "dif_mediana": 0.6
  },
  "recic-base:RET40": {
   "n": 20,
   "gana": 20,
   "empata": 0,
   "dif_mediana": 0.35
  },
  "recic-base:RET_todo": {
   "n": 20,
   "gana": 20,
   "empata": 0,
   "dif_mediana": 0.38
  },
  "recic-base:cond_ult_cuarto": {
   "n": 20,
   "gana": 18,
   "empata": 0,
   "dif_mediana": 0.8893
  }
 }
}
JSON: experimentos\subida_n8\datos\n8_serie_base-fus-fusazar-recic_s12621-12640_20260923_165205.json  sha 14c26e9c1e4f48d1  pared 233.6 s
