n8_serie_base-fus-fusazar-recic_s12601-12620_20260923_164801: 80 corridas, T=200000, entrada campo a campo OK (100 campos)
{
 "base": {
  "ADQ_tarde": 0.68,
  "ADQ_temprano": 0.7167,
  "PRIOR_tarde": 0.46,
  "NULO_tarde": 0.51,
  "ADQ_tarde_com": 0.4,
  "ADQ_tarde_ven": 1.0,
  "ADQ_temprano_com": 0.4334,
  "PRIOR_tarde_com": 0.16,
  "PRIOR_tarde_ven": 0.8,
  "RET40": 0.625,
  "RET_todo": 0.5762,
  "cond_ult_cuarto": 0.0489,
  "muertes": 374.5,
  "splits": 60.0,
  "n_fus": 0.0,
  "est_agot": 74.5,
  "dur_s": 17.2,
  "n": 20,
  "ADQ_tarde_min": 0.56,
  "ADQ_tarde_sobre_nulo": 20,
  "ADQ_tarde_sobre_prior": 20,
  "caida": 7,
  "com_sobre_prior_com": 20,
  "dif_com_prior_mediana": 0.2,
  "dif_tarde_temprano_com_mediana": -0.02,
  "curva_mediana": [
   0.9,
   0.8,
   0.7,
   0.7,
   0.75,
   0.7,
   0.7,
   0.7,
   0.7,
   0.65,
   0.7,
   0.6,
   0.65,
   0.6,
   0.7,
   0.65,
   0.75,
   0.7,
   0.6
  ],
  "curva_final_mediana": [
   0.65,
   0.65,
   0.5,
   0.6,
   0.6,
   0.6,
   0.6,
   0.55,
   0.5,
   0.6,
   0.55,
   0.6,
   0.6,
   0.5,
   0.5,
   0.5,
   0.6,
   0.6,
   0.6,
   0.7
  ]
 },
 "fus": {
  "ADQ_tarde": 0.66,
  "ADQ_temprano": 0.7167,
  "PRIOR_tarde": 0.49,
  "NULO_tarde": 0.5,
  "ADQ_tarde_com": 0.32,
  "ADQ_tarde_ven": 1.0,
  "ADQ_temprano_com": 0.4334,
  "PRIOR_tarde_com": 0.12,
  "PRIOR_tarde_ven": 0.86,
  "RET40": 0.55,
  "RET_todo": 0.5475,
  "cond_ult_cuarto": 0.0173,
  "muertes": 412.0,
  "splits": 124.0,
  "n_fus": 64.0,
  "est_agot": 74.5,
  "dur_s": 16.1,
  "n": 20,
  "ADQ_tarde_min": 0.58,
  "ADQ_tarde_sobre_nulo": 20,
  "ADQ_tarde_sobre_prior": 20,
  "caida": 6,
  "com_sobre_prior_com": 20,
  "dif_com_prior_mediana": 0.24,
  "dif_tarde_temprano_com_mediana": -0.1134,
  "curva_mediana": [
   0.9,
   0.8,
   0.7,
   0.7,
   0.75,
   0.7,
   0.8,
   0.7,
   0.7,
   0.6,
   0.7,
   0.7,
   0.65,
   0.65,
   0.7,
   0.65,
   0.6,
   0.6,
   0.65
  ],
  "curva_final_mediana": [
   0.6,
   0.5,
   0.5,
   0.5,
   0.55,
   0.5,
   0.5,
   0.5,
   0.5,
   0.5,
   0.6,
   0.55,
   0.6,
   0.5,
   0.55,
   0.55,
   0.6,
   0.6,
   0.55,
   0.7
  ]
 },
 "fusazar": {
  "ADQ_tarde": 0.68,
  "ADQ_temprano": 0.7167,
  "PRIOR_tarde": 0.5,
  "NULO_tarde": 0.5,
  "ADQ_tarde_com": 0.36,
  "ADQ_tarde_ven": 1.0,
  "ADQ_temprano_com": 0.4334,
  "PRIOR_tarde_com": 0.12,
  "PRIOR_tarde_ven": 0.86,
  "RET40": 0.525,
  "RET_todo": 0.535,
  "cond_ult_cuarto": 0.0222,
  "muertes": 400.0,
  "splits": 125.0,
  "n_fus": 65.0,
  "est_agot": 74.5,
  "dur_s": 16.0,
  "n": 20,
  "ADQ_tarde_min": 0.6,
  "ADQ_tarde_sobre_nulo": 20,
  "ADQ_tarde_sobre_prior": 20,
  "caida": 6,
  "com_sobre_prior_com": 19,
  "dif_com_prior_mediana": 0.2,
  "dif_tarde_temprano_com_mediana": -0.0333,
  "curva_mediana": [
   0.9,
   0.8,
   0.7,
   0.7,
   0.75,
   0.7,
   0.675,
   0.7,
   0.7,
   0.625,
   0.7,
   0.7,
   0.7,
   0.65,
   0.75,
   0.7,
   0.7,
   0.6,
   0.65
  ],
  "curva_final_mediana": [
   0.6,
   0.5,
   0.5,
   0.5,
   0.5,
   0.5,
   0.5,
   0.5,
   0.5,
   0.5,
   0.55,
   0.5,
   0.55,
   0.5,
   0.6,
   0.5,
   0.5,
   0.6,
   0.6,
   0.6
  ]
 },
 "recic": {
  "ADQ_tarde": 0.96,
  "ADQ_temprano": 0.8667,
  "PRIOR_tarde": 0.96,
  "NULO_tarde": 0.49,
  "ADQ_tarde_com": 0.92,
  "ADQ_tarde_ven": 1.0,
  "ADQ_temprano_com": 0.7667,
  "PRIOR_tarde_com": 0.92,
  "PRIOR_tarde_ven": 1.0,
  "RET40": 0.95,
  "RET_todo": 0.95,
  "cond_ult_cuarto": 0.1988,
  "muertes": 304.0,
  "splits": 29.5,
  "n_fus": 0.0,
  "est_agot": null,
  "dur_s": 15.65,
  "n": 20,
  "ADQ_tarde_min": 0.84,
  "ADQ_tarde_sobre_nulo": 20,
  "ADQ_tarde_sobre_prior": 2,
  "caida": 0,
  "com_sobre_prior_com": 2,
  "dif_com_prior_mediana": 0.0,
  "dif_tarde_temprano_com_mediana": 0.1533,
  "curva_mediana": [
   0.9,
   0.8,
   0.95,
   0.9,
   1.0,
   0.9,
   1.0,
   1.0,
   1.0,
   1.0,
   1.0,
   1.0,
   1.0,
   1.0,
   1.0,
   1.0,
   1.0,
   1.0,
   1.0
  ],
  "curva_final_mediana": [
   1.0,
   1.0,
   1.0,
   1.0,
   1.0,
   1.0,
   1.0,
   1.0,
   1.0,
   1.0,
   1.0,
   1.0,
   1.0,
   1.0,
   1.0,
   1.0,
   1.0,
   1.0,
   1.0,
   1.0
  ]
 },
 "pareados": {
  "fus-base:ADQ_tarde": {
   "n": 20,
   "gana": 6,
   "empata": 1,
   "dif_mediana": -0.02
  },
  "fus-base:ADQ_tarde_com": {
   "n": 20,
   "gana": 6,
   "empata": 2,
   "dif_mediana": -0.04
  },
  "fus-base:RET40": {
   "n": 20,
   "gana": 3,
   "empata": 2,
   "dif_mediana": -0.0625
  },
  "fus-base:RET_todo": {
   "n": 20,
   "gana": 7,
   "empata": 1,
   "dif_mediana": -0.02
  },
  "fus-base:cond_ult_cuarto": {
   "n": 20,
   "gana": 6,
   "empata": 0,
   "dif_mediana": -0.0214
  },
  "fus-fusazar:ADQ_tarde": {
   "n": 20,
   "gana": 8,
   "empata": 0,
   "dif_mediana": -0.03
  },
  "fus-fusazar:ADQ_tarde_com": {
   "n": 20,
   "gana": 8,
   "empata": 0,
   "dif_mediana": -0.08
  },
  "fus-fusazar:RET40": {
   "n": 20,
   "gana": 14,
   "empata": 0,
   "dif_mediana": 0.05
  },
  "fus-fusazar:RET_todo": {
   "n": 20,
   "gana": 13,
   "empata": 1,
   "dif_mediana": 0.02
  },
  "fus-fusazar:cond_ult_cuarto": {
   "n": 20,
   "gana": 7,
   "empata": 0,
   "dif_mediana": -0.0085
  },
  "fusazar-base:ADQ_tarde": {
   "n": 20,
   "gana": 7,
   "empata": 5,
   "dif_mediana": 0.0
  },
  "fusazar-base:ADQ_tarde_com": {
   "n": 20,
   "gana": 9,
   "empata": 2,
   "dif_mediana": 0.0
  },
  "fusazar-base:RET40": {
   "n": 20,
   "gana": 1,
   "empata": 1,
   "dif_mediana": -0.1
  },
  "fusazar-base:RET_todo": {
   "n": 20,
   "gana": 1,
   "empata": 1,
   "dif_mediana": -0.035
  },
  "fusazar-base:cond_ult_cuarto": {
   "n": 20,
   "gana": 6,
   "empata": 0,
   "dif_mediana": -0.0219
  },
  "recic-base:ADQ_tarde": {
   "n": 20,
   "gana": 20,
   "empata": 0,
   "dif_mediana": 0.29
  },
  "recic-base:ADQ_tarde_com": {
   "n": 20,
   "gana": 20,
   "empata": 0,
   "dif_mediana": 0.58
  },
  "recic-base:RET40": {
   "n": 20,
   "gana": 20,
   "empata": 0,
   "dif_mediana": 0.35
  },
  "recic-base:RET_todo": {
   "n": 20,
   "gana": 20,
   "empata": 0,
   "dif_mediana": 0.3812
  },
  "recic-base:cond_ult_cuarto": {
   "n": 20,
   "gana": 19,
   "empata": 0,
   "dif_mediana": 0.1778
  }
 }
}
JSON: experimentos\subida_n8\datos\n8_serie_base-fus-fusazar-recic_s12601-12620_20260923_164801.json  sha 2d6e45e313ed0401  pared 242.9 s
