[16:24:57] ECO v1.2 v12_serie_s19701-19720 · T 1000000 · corte 60000 · juez 20 semillas T_b 100000 · pool 3 · motor GEMELO · shas {'corre_eco_v12.py': '1340d268e1fd93d8', 'corre_eco_v11.py': '5655c93419511162', 'corre_eco.py': '47d9cee4d6462116', 'motor_eco.py': 'bca3033878b59622', 'motor_eco_rapido_fam.py': 'd1f16769a53bb51c', 'carros/FABRICA_ECO.py': 'f1163009cb5193a2', 'carros/FAMB_RES0_ECO.py': '94ea78589bc2ce24', 'PREREGISTRO_eco_v12.md': '816c7ca7cbf928c0'}
[16:25:46] [1/80] AZAR_T s19701: persiste 1 (vivos 3) · persiste_lect 1 · t_ext None · max_vivos 216 (40.6 s; 49 s)
[16:25:49] [2/80] MUT0_T s19701: persiste 1 (vivos 31) · persiste_lect 1 · t_ext None · max_vivos 247 (47.2 s; 51 s)
[16:26:06] [3/80] VIDA s19701: persiste 1 (vivos 8) · persiste_lect 1 · t_ext None · max_vivos 110 (19.8 s; 69 s)
[16:26:19] [4/80] AZAR_T s19702: persiste 0 (vivos 0) · persiste_lect 1 · t_ext 150762 · max_vivos 199 (12.1 s; 82 s)
[16:26:37] [5/80] VIDA s19702: persiste 0 (vivos 0) · persiste_lect 1 · t_ext 138747 · max_vivos 117 (9.9 s; 99 s)
[16:27:06] [6/80] MUT0_T s19702: persiste 1 (vivos 32) · persiste_lect 1 · t_ext None · max_vivos 244 (46.9 s; 129 s)
[16:27:20] [7/80] AZAR_T s19703: persiste 0 (vivos 0) · persiste_lect 1 · t_ext 167293 · max_vivos 208 (13.4 s; 142 s)
[16:27:40] [8/80] VIDA s19703: persiste 1 (vivos 9) · persiste_lect 1 · t_ext None · max_vivos 126 (20.2 s; 163 s)
[16:27:59] [9/80] MUT0_T s19703: persiste 1 (vivos 44) · persiste_lect 1 · t_ext None · max_vivos 239 (48.8 s; 181 s)
[16:28:38] [10/80] AZAR_T s19704: persiste 1 (vivos 9) · persiste_lect 1 · t_ext None · max_vivos 233 (39.0 s; 221 s)
[16:28:46] [11/80] MUT0_T s19704: persiste 1 (vivos 37) · persiste_lect 1 · t_ext None · max_vivos 244 (47.3 s; 229 s)
[16:28:49] [12/80] VIDA s19704: persiste 0 (vivos 0) · persiste_lect 1 · t_ext 313938 · max_vivos 118 (10.6 s; 231 s)
[16:29:03] [13/80] AZAR_T s19705: persiste 1 (vivos 1) · persiste_lect 1 · t_ext None · max_vivos 189 (14.4 s; 246 s)
[16:29:20] [14/80] VIDA s19705: persiste 1 (vivos 9) · persiste_lect 1 · t_ext None · max_vivos 118 (16.8 s; 263 s)
[16:29:44] [15/80] MUT0_T s19705: persiste 1 (vivos 26) · persiste_lect 1 · t_ext None · max_vivos 245 (48.9 s; 286 s)
[16:29:57] [16/80] AZAR_T s19706: persiste 0 (vivos 0) · persiste_lect 1 · t_ext 181536 · max_vivos 211 (13.3 s; 300 s)
[16:30:09] [17/80] VIDA s19706: persiste 0 (vivos 0) · persiste_lect 1 · t_ext 129046 · max_vivos 109 (9.5 s; 312 s)
[16:30:46] [18/80] MUT0_T s19706: persiste 1 (vivos 30) · persiste_lect 1 · t_ext None · max_vivos 247 (48.4 s; 348 s)
[16:30:54] [19/80] AZAR_T s19707: persiste 0 (vivos 0) · persiste_lect 1 · t_ext 352037 · max_vivos 196 (16.5 s; 356 s)
[16:31:03] [20/80] VIDA s19707: persiste 0 (vivos 0) · persiste_lect 1 · t_ext 131444 · max_vivos 113 (9.3 s; 366 s)
[16:31:34] [21/80] MUT0_T s19707: persiste 1 (vivos 32) · persiste_lect 1 · t_ext None · max_vivos 249 (48.2 s; 397 s)
[16:32:16] [22/80] AZAR_T s19708: persiste 1 (vivos 27) · persiste_lect 1 · t_ext None · max_vivos 206 (47.9 s; 438 s)
[16:32:21] [23/80] MUT0_T s19708: persiste 1 (vivos 31) · persiste_lect 1 · t_ext None · max_vivos 247 (46.6 s; 443 s)
[16:32:25] [24/80] VIDA s19708: persiste 0 (vivos 0) · persiste_lect 0 · t_ext 112858 · max_vivos 119 (9.0 s; 447 s)
[16:33:24] [25/80] MUT0_T s19709: persiste 1 (vivos 25) · persiste_lect 1 · t_ext None · max_vivos 245 (49.5 s; 507 s)
[16:33:30] [26/80] AZAR_T s19709: persiste 1 (vivos 48) · persiste_lect 1 · t_ext None · max_vivos 202 (54.3 s; 513 s)
[16:33:44] [27/80] VIDA s19709: persiste 1 (vivos 9) · persiste_lect 1 · t_ext None · max_vivos 120 (19.2 s; 526 s)
[16:33:57] [28/80] AZAR_T s19710: persiste 0 (vivos 0) · persiste_lect 0 · t_ext 85700 · max_vivos 199 (12.3 s; 540 s)
[16:34:07] [29/80] VIDA s19710: persiste 0 (vivos 0) · persiste_lect 1 · t_ext 127059 · max_vivos 120 (9.5 s; 549 s)
[16:34:42] [30/80] MUT0_T s19710: persiste 1 (vivos 35) · persiste_lect 1 · t_ext None · max_vivos 242 (48.6 s; 585 s)
[16:34:45] [31/80] VIDA_T s19710: persiste 1 (vivos 56) · persiste_lect 1 · t_ext None · max_vivos 256 (66.2 s; 587 s)
[16:35:23] [32/80] AZAR_T s19711: persiste 1 (vivos 3) · persiste_lect 1 · t_ext None · max_vivos 225 (32.7 s; 626 s)
[16:35:33] [33/80] MUT0_T s19711: persiste 1 (vivos 27) · persiste_lect 1 · t_ext None · max_vivos 237 (48.5 s; 636 s)
[16:35:35] [34/80] VIDA s19711: persiste 0 (vivos 0) · persiste_lect 1 · t_ext 425835 · max_vivos 115 (12.3 s; 638 s)
[16:35:54] [35/80] AZAR_T s19712: persiste 0 (vivos 0) · persiste_lect 1 · t_ext 877651 · max_vivos 217 (15.7 s; 657 s)
[16:36:14] [36/80] VIDA s19712: persiste 1 (vivos 8) · persiste_lect 1 · t_ext None · max_vivos 111 (19.3 s; 676 s)
[16:36:26] [37/80] MUT0_T s19712: persiste 1 (vivos 38) · persiste_lect 1 · t_ext None · max_vivos 239 (48.9 s; 689 s)
[16:36:39] [38/80] AZAR_T s19713: persiste 0 (vivos 0) · persiste_lect 1 · t_ext 352685 · max_vivos 157 (12.0 s; 702 s)
[16:37:04] [39/80] VIDA s19713: persiste 1 (vivos 12) · persiste_lect 1 · t_ext None · max_vivos 118 (19.0 s; 727 s)
[16:37:27] [40/80] MUT0_T s19713: persiste 1 (vivos 22) · persiste_lect 1 · t_ext None · max_vivos 239 (48.0 s; 750 s)
[16:38:16] [41/80] MUT0_T s19714: persiste 1 (vivos 31) · persiste_lect 1 · t_ext None · max_vivos 247 (48.8 s; 799 s)
[16:38:18] [42/80] AZAR_T s19714: persiste 1 (vivos 23) · persiste_lect 1 · t_ext None · max_vivos 216 (47.7 s; 801 s)
[16:38:24] [43/80] VIDA s19714: persiste 0 (vivos 0) · persiste_lect 1 · t_ext 155172 · max_vivos 114 (9.8 s; 807 s)
[16:39:11] [44/80] MUT0_T s19715: persiste 1 (vivos 38) · persiste_lect 1 · t_ext None · max_vivos 247 (47.2 s; 854 s)
[16:39:21] [45/80] VIDA s19715: persiste 0 (vivos 0) · persiste_lect 1 · t_ext 215739 · max_vivos 113 (9.5 s; 864 s)
[16:39:24] [46/80] AZAR_T s19715: persiste 1 (vivos 38) · persiste_lect 1 · t_ext None · max_vivos 269 (55.8 s; 867 s)
[16:40:05] [47/80] AZAR_T s19716: persiste 1 (vivos 22) · persiste_lect 1 · t_ext None · max_vivos 185 (34.3 s; 908 s)
[16:40:27] [48/80] VIDA s19716: persiste 1 (vivos 11) · persiste_lect 1 · t_ext None · max_vivos 116 (22.0 s; 930 s)
[16:40:36] [49/80] MUT0_T s19716: persiste 1 (vivos 27) · persiste_lect 1 · t_ext None · max_vivos 245 (48.7 s; 939 s)
[16:40:51] [50/80] AZAR_T s19717: persiste 0 (vivos 0) · persiste_lect 1 · t_ext 738506 · max_vivos 186 (13.2 s; 953 s)
[16:41:10] [51/80] VIDA s19717: persiste 0 (vivos 0) · persiste_lect 1 · t_ext 926484 · max_vivos 112 (19.5 s; 973 s)
[16:41:32] [52/80] MUT0_T s19717: persiste 1 (vivos 19) · persiste_lect 1 · t_ext None · max_vivos 241 (49.0 s; 995 s)
[16:41:46] [53/80] VIDA_T s19717: persiste 1 (vivos 41) · persiste_lect 1 · t_ext None · max_vivos 264 (69.9 s; 1009 s)
[16:42:02] [54/80] AZAR_T s19718: persiste 0 (vivos 0) · persiste_lect 1 · t_ext 717386 · max_vivos 223 (23.9 s; 1025 s)
[16:42:22] [55/80] VIDA s19718: persiste 1 (vivos 7) · persiste_lect 1 · t_ext None · max_vivos 119 (19.8 s; 1045 s)
[16:42:36] [56/80] MUT0_T s19718: persiste 1 (vivos 27) · persiste_lect 1 · t_ext None · max_vivos 245 (49.3 s; 1058 s)
[16:42:57] [57/80] AZAR_T s19719: persiste 0 (vivos 0) · persiste_lect 1 · t_ext 915935 · max_vivos 231 (21.5 s; 1079 s)
[16:43:07] [58/80] VIDA s19719: persiste 0 (vivos 0) · persiste_lect 1 · t_ext 444948 · max_vivos 112 (10.7 s; 1090 s)
