CORRE_V143 · v143_v143-v142-sinfiltro-sintd-siempre-invertido_s14321-14340_T100000_20260923_211034 · python 3.14.2 · pool 6 · corre_v143.py 24100621c450da22
  brazos ['v143', 'v142', 'sinfiltro', 'sintd', 'siempre', 'invertido'] · semillas 14321-14340 · T 100000 · fundador limpio 1 · pista escalada (L 360, 36 objetos)
  sha experimentos\carrera_escuderias\pista.py 9f47c65e438e0ff4 OK
  sha experimentos\carrera_escuderias\juez.py 6a68f640a7832f12 OK
  sha experimentos\carrera_escuderias\carros\FABRICA.py 2ebee3e99ea5a33a OK
  sha experimentos\carrera_escuderias\carros\O1.py 99436afa2715f028 OK
  sha experimentos\carrera_escuderias\carros\APR.py 4402aa5142065c72 OK
  sha organismo\organismo_v142.py 17528d767fcebaf6 OK
  carro V142 sha 195b7b883d3750ed == construye: True · chequeo estatico: PASA
  carro V143 sha 2a03048a7f1525e5 == construye: True · chequeo estatico: PASA
  carro V143_SINFILTRO sha 44faed85a4a05ac2 == construye: True · chequeo estatico: PASA
  carro V143_SINTD sha eaff1ce3681e258b == construye: True · chequeo estatico: PASA
  carro V143_SIEMPRE sha 77d252ae44057209 == construye: True · chequeo estatico: PASA
  carro V143_INVERTIDO sha a6b5ed4f570dc42d == construye: True · chequeo estatico: PASA
  carro FABRICA (carrera) chequeo estatico: PASA
  carro O1 (carrera) chequeo estatico: PASA
  IDENTIDAD CORTA del juez (FABRICA == organismo_f9c REL, s 1, T 5000): OK
  IDENTIDAD CORTA v14.3: perillas en 0 == FABRICA (N 9, s 14281, T 2000, fundador limpio): OK
  [  145.4s] v143 semilla 14321 (139.2s) R0 pista 0.2548
  [  145.9s] v143 semilla 14324 (139.7s) R0 pista 0.2572
  [  146.0s] v143 semilla 14325 (139.6s) R0 pista 0.2707
  [  146.1s] v143 semilla 14322 (140.0s) R0 pista 0.2782
  [  146.5s] v143 semilla 14323 (140.4s) R0 pista 0.2636
  [  148.2s] v143 semilla 14326 (141.7s) R0 pista 0.2574
  [  281.5s] v143 semilla 14328 (135.7s) R0 pista 0.2715
  [  281.8s] v143 semilla 14327 (136.5s) R0 pista 0.2668
  [  282.6s] v143 semilla 14331 (136.1s) R0 pista 0.2727
  [  282.7s] v143 semilla 14330 (136.6s) R0 pista 0.2752
  [  283.1s] v143 semilla 14329 (137.1s) R0 pista 0.2724
  [  285.0s] v143 semilla 14332 (136.8s) R0 pista 0.2594
  [  418.1s] v143 semilla 14333 (136.5s) R0 pista 0.2682
  [  418.7s] v143 semilla 14334 (136.9s) R0 pista 0.2588
  [  421.0s] v143 semilla 14336 (138.4s) R0 pista 0.2576
  [  421.8s] v143 semilla 14337 (138.7s) R0 pista 0.2606
  [  421.9s] v143 semilla 14335 (139.3s) R0 pista 0.257
  [  422.9s] v143 semilla 14338 (137.9s) R0 pista 0.2628
  [  523.8s] v143 semilla 14339 (105.7s) R0 pista 0.2469
  [  527.8s] v143 semilla 14340 (109.0s) R0 pista 0.268
  CRUDO C:\Users\User\Documents\PROYECTOS\JUACO\bundle\experimentos\tronco_v14_3\datos\v143_v143-v142-sinfiltro-sintd-siempre-invertido_s14321-14340_T100000_20260923_211034_v143.json (sha 6bebe4249b9cc6fb) · escrituras en la pizarra 0 (nadie escribe: esperado 0)

== v143 (V143 x9) · 20 semillas 14321-14340 · T 100000 · fundador limpio 1
  R0 REAL (nacimientos reales) mediana 0.6306 (evaluables 0.631) · R0 preregistrado 1.3449 · vida mediana 600.0 · muertes 45.5 · fundadores 16.0 · casi inmortales 0/180
  ENMIENDA 5 (decide): linajes que cruzan con R0 real 51/180 · semillas con mayoria 1/20 -> no gana · ENMIENDA 6: persisten 123/180 · semillas 19/20 -> ESTABILIZA (muertes voluntarias fisicas 0.8356) · ENMIENDA 3 (ayer): no cruza (mediana R0 evaluables 1.345)
  causas hambre/sed/veneno/sal 1431/1356/16868/17886 (veneno+sal 93%) · pasos sin NADA bueno en el mundo 0.0245 · mordidas B+D 83.0 / A+C 795.5 por linaje · limpiezas fisicas por cuerpo 1.271
  telemetria del carro (NO puntua): {'frac_pasos_con_meta': 0.965, 'vetos': 446406, 'mord_sin_meta': 5855, 'limpia_propia': 5495, 'todo_obst': 0, 'des_splits': 1893}
  contabilidad coherente 180/180 · t_fund reconstruible 180/180 · s por corrida (mediana) 137.5
  [  659.3s] v142 semilla 14325 (130.4s) R0 pista 0.1581
  [  660.3s] v142 semilla 14326 (131.2s) R0 pista 0.159
  [  660.6s] v142 semilla 14323 (131.9s) R0 pista 0.1663
  [  660.7s] v142 semilla 14324 (131.9s) R0 pista 0.1707
  [  662.0s] v142 semilla 14322 (133.3s) R0 pista 0.1667
  [  662.2s] v142 semilla 14321 (133.5s) R0 pista 0.1709
  [  782.5s] v142 semilla 14327 (123.2s) R0 pista 0.1617
  [  783.9s] v142 semilla 14328 (123.6s) R0 pista 0.1615
  [  784.8s] v142 semilla 14330 (124.1s) R0 pista 0.1651
  [  786.6s] v142 semilla 14329 (126.0s) R0 pista 0.1742
  [  787.9s] v142 semilla 14331 (126.0s) R0 pista 0.1762
  [  788.8s] v142 semilla 14332 (126.6s) R0 pista 0.172
  [  888.1s] v142 semilla 14333 (105.6s) R0 pista 0.159
  [  890.4s] v142 semilla 14334 (106.5s) R0 pista 0.1728
  [  891.4s] v142 semilla 14335 (106.6s) R0 pista 0.1587
  [  895.7s] v142 semilla 14336 (109.1s) R0 pista 0.1707
  [  896.8s] v142 semilla 14337 (108.9s) R0 pista 0.1582
  [  897.7s] v142 semilla 14338 (108.8s) R0 pista 0.1666
  [  979.3s] v142 semilla 14339 (91.1s) R0 pista 0.1572
  [  982.0s] v142 semilla 14340 (91.7s) R0 pista 0.1543
  CRUDO C:\Users\User\Documents\PROYECTOS\JUACO\bundle\experimentos\tronco_v14_3\datos\v143_v143-v142-sinfiltro-sintd-siempre-invertido_s14321-14340_T100000_20260923_211034_v142.json (sha c4d88d9e3d781d99) · escrituras en la pizarra 0 (nadie escribe: esperado 0)

== v142 (V142 x9) · 20 semillas 14321-14340 · T 100000 · fundador limpio 1
  R0 REAL (nacimientos reales) mediana 0.1613 (evaluables 0.161) · R0 preregistrado 0.1622 · vida mediana 65.0 · muertes 374.0 · fundadores 312.5 · casi inmortales 0/180
  ENMIENDA 5 (decide): linajes que cruzan con R0 real 0/180 · semillas con mayoria 0/20 -> no gana · ENMIENDA 6: persisten 0/180 · semillas 0/20 -> no estabiliza (muertes voluntarias fisicas 0.9525) · ENMIENDA 3 (ayer): no cruza (mediana R0 evaluables 0.162)
  causas hambre/sed/veneno/sal 1/2/34015/33153 (veneno+sal 100%) · pasos sin NADA bueno en el mundo 0.0005 · mordidas B+D 1513.5 / A+C 1678.5 por linaje · limpiezas fisicas por cuerpo 2.7585
  telemetria del carro (NO puntua): {'frac_pasos_con_meta': None, 'vetos': 0, 'mord_sin_meta': 0, 'limpia_propia': 0, 'todo_obst': 0, 'des_splits': 473}
  contabilidad coherente 180/180 · t_fund reconstruible 180/180 · s por corrida (mediana) 123.85
  [ 1123.9s] sinfiltro semilla 14324 (140.9s) R0 pista 0.176
  [ 1124.0s] sinfiltro semilla 14323 (141.2s) R0 pista 0.1759
  [ 1124.5s] sinfiltro semilla 14321 (141.7s) R0 pista 0.1694
  [ 1124.9s] sinfiltro semilla 14325 (141.9s) R0 pista 0.1802
  [ 1125.2s] sinfiltro semilla 14322 (142.3s) R0 pista 0.1652
  [ 1126.8s] sinfiltro semilla 14326 (143.6s) R0 pista 0.1649
  [ 1268.6s] sinfiltro semilla 14328 (144.6s) R0 pista 0.1559
  [ 1269.9s] sinfiltro semilla 14327 (146.0s) R0 pista 0.1818
  [ 1270.6s] sinfiltro semilla 14330 (145.7s) R0 pista 0.1636
  [ 1272.0s] sinfiltro semilla 14332 (145.2s) R0 pista 0.1538
  [ 1272.3s] sinfiltro semilla 14329 (147.8s) R0 pista 0.1735
  [ 1273.5s] sinfiltro semilla 14331 (148.3s) R0 pista 0.1836
  [ 1418.5s] sinfiltro semilla 14333 (149.9s) R0 pista 0.1801
  [ 1420.7s] sinfiltro semilla 14334 (150.8s) R0 pista 0.1667
  [ 1420.8s] sinfiltro semilla 14335 (150.2s) R0 pista 0.1657
  [ 1422.7s] sinfiltro semilla 14336 (150.7s) R0 pista 0.1675
  [ 1423.8s] sinfiltro semilla 14337 (151.5s) R0 pista 0.16
  [ 1425.3s] sinfiltro semilla 14338 (151.8s) R0 pista 0.175
  [ 1528.6s] sinfiltro semilla 14339 (110.1s) R0 pista 0.1674
  [ 1531.4s] sinfiltro semilla 14340 (110.7s) R0 pista 0.1875
  CRUDO C:\Users\User\Documents\PROYECTOS\JUACO\bundle\experimentos\tronco_v14_3\datos\v143_v143-v142-sinfiltro-sintd-siempre-invertido_s14321-14340_T100000_20260923_211034_sinfiltro.json (sha ee8f0db7cc5df79f) · escrituras en la pizarra 0 (nadie escribe: esperado 0)

== sinfiltro (V143_SINFILTRO x9) · 20 semillas 14321-14340 · T 100000 · fundador limpio 1
  R0 REAL (nacimientos reales) mediana 0.1376 (evaluables 0.138) · R0 preregistrado 0.1461 · vida mediana 66.25 · muertes 369.5 · fundadores 318.0 · casi inmortales 0/180
  ENMIENDA 5 (decide): linajes que cruzan con R0 real 2/180 · semillas con mayoria 0/20 -> no gana · ENMIENDA 6: persisten 9/180 · semillas 0/20 -> no estabiliza (muertes voluntarias fisicas 0.9444) · ENMIENDA 3 (ayer): no cruza (mediana R0 evaluables 0.146)
  causas hambre/sed/veneno/sal 5/17/31547/30338 (veneno+sal 100%) · pasos sin NADA bueno en el mundo 0.0009 · mordidas B+D 1497.5 / A+C 1574.5 por linaje · limpiezas fisicas por cuerpo 2.8372
  telemetria del carro (NO puntua): {'frac_pasos_con_meta': None, 'vetos': 0, 'mord_sin_meta': 0, 'limpia_propia': 0, 'todo_obst': 0, 'des_splits': 2664}
  contabilidad coherente 180/180 · t_fund reconstruible 180/180 · s por corrida (mediana) 145.45
  [ 1668.8s] sintd semilla 14325 (136.4s) R0 pista 0.259
  [ 1669.4s] sintd semilla 14321 (137.2s) R0 pista 0.2651
  [ 1669.6s] sintd semilla 14326 (137.0s) R0 pista 0.2574
  [ 1669.7s] sintd semilla 14323 (137.4s) R0 pista 0.2714
  [ 1670.1s] sintd semilla 14324 (137.8s) R0 pista 0.2512
  [ 1670.6s] sintd semilla 14322 (138.3s) R0 pista 0.2608
  [ 1805.0s] sintd semilla 14327 (136.1s) R0 pista 0.2484
  [ 1806.1s] sintd semilla 14329 (136.5s) R0 pista 0.2647
  [ 1806.2s] sintd semilla 14330 (136.5s) R0 pista 0.2636
  [ 1807.2s] sintd semilla 14328 (137.8s) R0 pista 0.2486
  [ 1807.3s] sintd semilla 14331 (137.2s) R0 pista 0.2564
  [ 1808.4s] sintd semilla 14332 (137.8s) R0 pista 0.2684
  [ 1942.0s] sintd semilla 14333 (137.1s) R0 pista 0.2616
  [ 1942.5s] sintd semilla 14335 (136.3s) R0 pista 0.2598
  [ 1943.0s] sintd semilla 14334 (136.9s) R0 pista 0.2616
  [ 1945.2s] sintd semilla 14336 (138.0s) R0 pista 0.2688
  [ 1946.1s] sintd semilla 14338 (137.7s) R0 pista 0.2399
  [ 1947.1s] sintd semilla 14337 (139.8s) R0 pista 0.2431
  [ 2045.1s] sintd semilla 14340 (102.7s) R0 pista 0.248
  [ 2045.2s] sintd semilla 14339 (103.1s) R0 pista 0.254
  CRUDO C:\Users\User\Documents\PROYECTOS\JUACO\bundle\experimentos\tronco_v14_3\datos\v143_v143-v142-sinfiltro-sintd-siempre-invertido_s14321-14340_T100000_20260923_211034_sintd.json (sha bf35e75ed21da48d) · escrituras en la pizarra 0 (nadie escribe: esperado 0)

== sintd (V143_SINTD x9) · 20 semillas 14321-14340 · T 100000 · fundador limpio 1
  R0 REAL (nacimientos reales) mediana 0.5993 (evaluables 0.599) · R0 preregistrado 1.156 · vida mediana 600.0 · muertes 52.5 · fundadores 19.5 · casi inmortales 0/180
  ENMIENDA 5 (decide): linajes que cruzan con R0 real 50/180 · semillas con mayoria 0/20 -> no gana · ENMIENDA 6: persisten 111/180 · semillas 16/20 -> ESTABILIZA (muertes voluntarias fisicas 0.8293) · ENMIENDA 3 (ayer): no cruza (mediana R0 evaluables 1.156)
  causas hambre/sed/veneno/sal 1407/1343/17004/18168 (veneno+sal 93%) · pasos sin NADA bueno en el mundo 0.0147 · mordidas B+D 111.5 / A+C 807.0 por linaje · limpiezas fisicas por cuerpo 1.5058
  telemetria del carro (NO puntua): {'frac_pasos_con_meta': 0.9749, 'vetos': 391517, 'mord_sin_meta': 7978, 'limpia_propia': 7639, 'todo_obst': 0, 'des_splits': 1967}
  contabilidad coherente 180/180 · t_fund reconstruible 180/180 · s por corrida (mediana) 137.15
  [ 2188.9s] siempre semilla 14326 (142.6s) R0 pista 0.0736
  [ 2191.0s] siempre semilla 14325 (144.8s) R0 pista 0.0887
  [ 2191.3s] siempre semilla 14324 (145.2s) R0 pista 0.0637
  [ 2191.3s] siempre semilla 14322 (145.4s) R0 pista 0.07
  [ 2191.9s] siempre semilla 14321 (145.9s) R0 pista 0.0811
  [ 2193.7s] siempre semilla 14323 (147.7s) R0 pista 0.0467
  [ 2348.2s] siempre semilla 14327 (159.3s) R0 pista 0.0919
  [ 2352.0s] siempre semilla 14330 (160.7s) R0 pista 0.0431
  [ 2353.1s] siempre semilla 14328 (162.1s) R0 pista 0.071
  [ 2353.1s] siempre semilla 14329 (161.9s) R0 pista 0.0521
  [ 2354.5s] siempre semilla 14331 (162.6s) R0 pista 0.0258
  [ 2356.2s] siempre semilla 14332 (162.4s) R0 pista 0.0648
  [ 2500.5s] siempre semilla 14333 (152.4s) R0 pista 0.0894
  [ 2506.0s] siempre semilla 14334 (154.0s) R0 pista 0.0539
  [ 2507.2s] siempre semilla 14335 (154.2s) R0 pista 0.0659
  [ 2507.9s] siempre semilla 14336 (154.7s) R0 pista 0.039
  [ 2509.4s] siempre semilla 14337 (154.9s) R0 pista 0.0556
  [ 2511.3s] siempre semilla 14338 (155.2s) R0 pista 0.0495
  [ 2616.9s] siempre semilla 14339 (116.4s) R0 pista 0.0882
  [ 2626.5s] siempre semilla 14340 (120.5s) R0 pista 0.0586
  CRUDO C:\Users\User\Documents\PROYECTOS\JUACO\bundle\experimentos\tronco_v14_3\datos\v143_v143-v142-sinfiltro-sintd-siempre-invertido_s14321-14340_T100000_20260923_211034_siempre.json (sha c064e44acb700f02) · escrituras en la pizarra 0 (nadie escribe: esperado 0)

== siempre (V143_SIEMPRE x9) · 20 semillas 14321-14340 · T 100000 · fundador limpio 1
  R0 REAL (nacimientos reales) mediana 0.0 (evaluables 0.0) · R0 preregistrado 0.0 · vida mediana 200.0 · muertes 359.5 · fundadores 357.5 · casi inmortales 0/180
  ENMIENDA 5 (decide): linajes que cruzan con R0 real 15/180 · semillas con mayoria 0/20 -> no gana · ENMIENDA 6: persisten 22/180 · semillas 0/20 -> no estabiliza (muertes voluntarias fisicas 0.0024) · ENMIENDA 3 (ayer): no cruza (mediana R0 evaluables 0.0)
  causas hambre/sed/veneno/sal 1740/4023/24373/22835 (veneno+sal 89%) · pasos sin NADA bueno en el mundo 0.0043 · mordidas B+D 362.0 / A+C 311.5 por linaje · limpiezas fisicas por cuerpo 0.9022
  telemetria del carro (NO puntua): {'frac_pasos_con_meta': 0.9653, 'vetos': 143604, 'mord_sin_meta': 407, 'limpia_propia': 0, 'todo_obst': 238800, 'des_splits': 433}
  contabilidad coherente 180/180 · t_fund reconstruible 180/180 · s por corrida (mediana) 154.1
