CORRE_V143 · v143_fab-v142-v143-sinfiltro-sintd-siempre-invertido-o1_s14301-14320_T100000_20260923_195127 · python 3.14.2 · pool 6 · corre_v143.py 24100621c450da22
  brazos ['fab', 'v142', 'v143', 'sinfiltro', 'sintd', 'siempre', 'invertido', 'o1'] · semillas 14301-14320 · T 100000 · fundador limpio 1 · pista escalada (L 360, 36 objetos)
  sha experimentos\carrera_escuderias\pista.py 9f47c65e438e0ff4 OK
  sha experimentos\carrera_escuderias\juez.py 6a68f640a7832f12 OK
  sha experimentos\carrera_escuderias\carros\FABRICA.py 2ebee3e99ea5a33a OK
  sha experimentos\carrera_escuderias\carros\O1.py 99436afa2715f028 OK
  sha experimentos\carrera_escuderias\carros\APR.py 4402aa5142065c72 OK
  sha organismo\organismo_v142.py 17528d767fcebaf6 OK
  carro V142 sha 195b7b883d3750ed == construye: True · chequeo estatico: PASA
  carro V143 sha 2a03048a7f1525e5 == construye: True · chequeo estatico: PASA
  carro V143_SINFILTRO sha 44faed85a4a05ac2 == construye: True · chequeo estatico: PASA
  carro V143_SINTD sha eaff1ce3681e258b == construye: True · chequeo estatico: PASA
  carro V143_SIEMPRE sha 77d252ae44057209 == construye: True · chequeo estatico: PASA
  carro V143_INVERTIDO sha a6b5ed4f570dc42d == construye: True · chequeo estatico: PASA
  carro FABRICA (carrera) chequeo estatico: PASA
  carro O1 (carrera) chequeo estatico: PASA
  IDENTIDAD CORTA del juez (FABRICA == organismo_f9c REL, s 1, T 5000): OK
  IDENTIDAD CORTA v14.3: perillas en 0 == FABRICA (N 9, s 14281, T 2000, fundador limpio): OK
  [  146.7s] fab semilla 14303 (140.6s) R0 pista 0.1559
  [  146.9s] fab semilla 14305 (140.9s) R0 pista 0.1592
  [  147.1s] fab semilla 14306 (141.0s) R0 pista 0.1571
  [  148.0s] fab semilla 14301 (142.0s) R0 pista 0.1582
  [  148.0s] fab semilla 14304 (142.0s) R0 pista 0.1578
  [  148.1s] fab semilla 14302 (142.1s) R0 pista 0.1525
  [  287.3s] fab semilla 14307 (140.7s) R0 pista 0.1567
  [  288.0s] fab semilla 14309 (140.9s) R0 pista 0.1542
  [  288.4s] fab semilla 14308 (141.5s) R0 pista 0.1559
  [  289.7s] fab semilla 14310 (141.7s) R0 pista 0.1483
  [  290.8s] fab semilla 14312 (142.7s) R0 pista 0.159
  [  291.4s] fab semilla 14311 (143.4s) R0 pista 0.172
  [  428.7s] fab semilla 14314 (140.7s) R0 pista 0.1508
  [  430.0s] fab semilla 14315 (141.6s) R0 pista 0.1557
  [  430.2s] fab semilla 14313 (142.8s) R0 pista 0.1757
  [  432.0s] fab semilla 14316 (142.3s) R0 pista 0.1453
  [  433.3s] fab semilla 14318 (141.9s) R0 pista 0.1582
  [  433.6s] fab semilla 14317 (142.8s) R0 pista 0.152
  [  536.5s] fab semilla 14319 (107.7s) R0 pista 0.1495
  [  541.8s] fab semilla 14320 (111.8s) R0 pista 0.1546
  CRUDO C:\Users\User\Documents\PROYECTOS\JUACO\bundle\experimentos\tronco_v14_3\datos\v143_fab-v142-v143-sinfiltro-sintd-siempre-invertido-o1_s14301-14320_T100000_20260923_195127_fab.json (sha 7a86cd303c8d52b7) · escrituras en la pizarra 0 (nadie escribe: esperado 0)

== fab (FABRICA x9) · 20 semillas 14301-14320 · T 100000 · fundador limpio 1
  R0 REAL (nacimientos reales) mediana 0.1521 (evaluables 0.152) · R0 preregistrado 0.1524 · vida mediana 66.5 · muertes 388.5 · fundadores 329.5 · casi inmortales 0/180
  ENMIENDA 5 (decide): linajes que cruzan con R0 real 0/180 · semillas con mayoria 0/20 -> no gana · ENMIENDA 6: persisten 0/180 · semillas 0/20 -> no estabiliza (muertes voluntarias fisicas 0.9531) · ENMIENDA 3 (ayer): no cruza (mediana R0 evaluables 0.152)
  causas hambre/sed/veneno/sal 0/1/35167/33767 (veneno+sal 100%) · pasos sin NADA bueno en el mundo 0.0006 · mordidas B+D 1565.5 / A+C 1712.5 por linaje · limpiezas fisicas por cuerpo 2.7281
  contabilidad coherente 180/180 · t_fund reconstruible 180/180 · s por corrida (mediana) 141.65
  [  678.0s] v142 semilla 14306 (135.4s) R0 pista 0.1475
  [  678.1s] v142 semilla 14301 (135.6s) R0 pista 0.1738
  [  678.1s] v142 semilla 14304 (135.6s) R0 pista 0.1605
  [  678.4s] v142 semilla 14302 (135.8s) R0 pista 0.1577
  [  679.3s] v142 semilla 14305 (136.8s) R0 pista 0.1607
  [  680.0s] v142 semilla 14303 (137.5s) R0 pista 0.1681
  [  814.3s] v142 semilla 14308 (136.2s) R0 pista 0.1622
  [  814.4s] v142 semilla 14307 (136.4s) R0 pista 0.1542
  [  814.8s] v142 semilla 14309 (136.7s) R0 pista 0.1614
  [  815.5s] v142 semilla 14310 (137.1s) R0 pista 0.1712
  [  817.3s] v142 semilla 14312 (137.2s) R0 pista 0.1702
  [  817.3s] v142 semilla 14311 (138.0s) R0 pista 0.1721
  [  948.8s] v142 semilla 14313 (134.6s) R0 pista 0.1644
  [  950.3s] v142 semilla 14314 (135.9s) R0 pista 0.1536
  [  951.8s] v142 semilla 14315 (137.1s) R0 pista 0.1538
  [  953.2s] v142 semilla 14316 (137.7s) R0 pista 0.1649
  [  954.1s] v142 semilla 14318 (136.8s) R0 pista 0.1617
  [  954.2s] v142 semilla 14317 (137.0s) R0 pista 0.1594
  [ 1053.6s] v142 semilla 14319 (104.7s) R0 pista 0.1615
  [ 1054.6s] v142 semilla 14320 (104.3s) R0 pista 0.1596
  CRUDO C:\Users\User\Documents\PROYECTOS\JUACO\bundle\experimentos\tronco_v14_3\datos\v143_fab-v142-v143-sinfiltro-sintd-siempre-invertido-o1_s14301-14320_T100000_20260923_195127_v142.json (sha d124d79380e4a3d6) · escrituras en la pizarra 0 (nadie escribe: esperado 0)

== v142 (V142 x9) · 20 semillas 14301-14320 · T 100000 · fundador limpio 1
  R0 REAL (nacimientos reales) mediana 0.1605 (evaluables 0.161) · R0 preregistrado 0.1627 · vida mediana 65.25 · muertes 378.0 · fundadores 316.0 · casi inmortales 0/180
  ENMIENDA 5 (decide): linajes que cruzan con R0 real 0/180 · semillas con mayoria 0/20 -> no gana · ENMIENDA 6: persisten 0/180 · semillas 0/20 -> no estabiliza (muertes voluntarias fisicas 0.9517) · ENMIENDA 3 (ayer): no cruza (mediana R0 evaluables 0.163)
  causas hambre/sed/veneno/sal 3/1/34584/33425 (veneno+sal 100%) · pasos sin NADA bueno en el mundo 0.0006 · mordidas B+D 1536.5 / A+C 1698.0 por linaje · limpiezas fisicas por cuerpo 2.7679
  telemetria del carro (NO puntua): {'frac_pasos_con_meta': None, 'vetos': 0, 'mord_sin_meta': 0, 'limpia_propia': 0, 'todo_obst': 0, 'des_splits': 404}
  contabilidad coherente 180/180 · t_fund reconstruible 180/180 · s por corrida (mediana) 136.55
  [ 1192.0s] v143 semilla 14302 (136.6s) R0 pista 0.2597
  [ 1192.8s] v143 semilla 14304 (137.4s) R0 pista 0.2481
  [ 1192.8s] v143 semilla 14303 (137.5s) R0 pista 0.2646
  [ 1193.4s] v143 semilla 14306 (138.1s) R0 pista 0.265
  [ 1193.9s] v143 semilla 14301 (138.6s) R0 pista 0.2509
  [ 1194.3s] v143 semilla 14305 (139.0s) R0 pista 0.2632
  [ 1327.5s] v143 semilla 14307 (135.5s) R0 pista 0.2507
  [ 1327.9s] v143 semilla 14308 (135.2s) R0 pista 0.2751
  [ 1329.0s] v143 semilla 14309 (136.1s) R0 pista 0.2799
  [ 1329.0s] v143 semilla 14311 (135.1s) R0 pista 0.2719
  [ 1329.4s] v143 semilla 14310 (136.0s) R0 pista 0.2416
  [ 1330.3s] v143 semilla 14312 (136.0s) R0 pista 0.267
  [ 1464.2s] v143 semilla 14314 (136.3s) R0 pista 0.2561
  [ 1464.6s] v143 semilla 14313 (137.2s) R0 pista 0.2467
  [ 1466.1s] v143 semilla 14317 (136.7s) R0 pista 0.2528
  [ 1466.6s] v143 semilla 14315 (137.6s) R0 pista 0.2559
  [ 1467.1s] v143 semilla 14316 (138.1s) R0 pista 0.2566
  [ 1468.3s] v143 semilla 14318 (138.0s) R0 pista 0.2829
  [ 1569.7s] v143 semilla 14320 (105.1s) R0 pista 0.2373
  [ 1572.8s] v143 semilla 14319 (108.6s) R0 pista 0.2787
  CRUDO C:\Users\User\Documents\PROYECTOS\JUACO\bundle\experimentos\tronco_v14_3\datos\v143_fab-v142-v143-sinfiltro-sintd-siempre-invertido-o1_s14301-14320_T100000_20260923_195127_v143.json (sha 76ebc891fb08c75b) · escrituras en la pizarra 0 (nadie escribe: esperado 0)

== v143 (V143 x9) · 20 semillas 14301-14320 · T 100000 · fundador limpio 1
  R0 REAL (nacimientos reales) mediana 0.5363 (evaluables 0.536) · R0 preregistrado 1.311 · vida mediana 599.0 · muertes 46.5 · fundadores 21.0 · casi inmortales 0/180
  ENMIENDA 5 (decide): linajes que cruzan con R0 real 53/180 · semillas con mayoria 1/20 -> no gana · ENMIENDA 6: persisten 118/180 · semillas 19/20 -> ESTABILIZA (muertes voluntarias fisicas 0.8398) · ENMIENDA 3 (ayer): no cruza (mediana R0 evaluables 1.311)
  causas hambre/sed/veneno/sal 1379/1259/17291/18481 (veneno+sal 93%) · pasos sin NADA bueno en el mundo 0.0244 · mordidas B+D 87.0 / A+C 813.5 por linaje · limpiezas fisicas por cuerpo 1.3666
  telemetria del carro (NO puntua): {'frac_pasos_con_meta': 0.9641, 'vetos': 425977, 'mord_sin_meta': 5866, 'limpia_propia': 5531, 'todo_obst': 0, 'des_splits': 1830}
  contabilidad coherente 180/180 · t_fund reconstruible 180/180 · s por corrida (mediana) 136.65
  [ 1715.2s] sinfiltro semilla 14301 (141.7s) R0 pista 0.1698
  [ 1716.9s] sinfiltro semilla 14303 (143.5s) R0 pista 0.1671
  [ 1717.0s] sinfiltro semilla 14302 (143.5s) R0 pista 0.1728
  [ 1717.9s] sinfiltro semilla 14305 (144.4s) R0 pista 0.1801
  [ 1718.0s] sinfiltro semilla 14306 (144.5s) R0 pista 0.1653
  [ 1744.5s] sinfiltro semilla 14304 (171.0s) R0 pista 0.1683
  [ 1856.7s] sinfiltro semilla 14307 (141.5s) R0 pista 0.1771
  [ 1858.4s] sinfiltro semilla 14309 (141.4s) R0 pista 0.1863
  [ 1859.7s] sinfiltro semilla 14308 (142.8s) R0 pista 0.1843
  [ 1859.9s] sinfiltro semilla 14310 (142.0s) R0 pista 0.1752
  [ 1860.2s] sinfiltro semilla 14311 (142.2s) R0 pista 0.1688
  [ 1916.5s] sinfiltro semilla 14312 (172.0s) R0 pista 0.1801
  [ 2002.8s] sinfiltro semilla 14313 (146.1s) R0 pista 0.1652
  [ 2006.5s] sinfiltro semilla 14316 (146.6s) R0 pista 0.1686
  [ 2006.8s] sinfiltro semilla 14314 (148.4s) R0 pista 0.1763
  [ 2007.8s] sinfiltro semilla 14315 (148.1s) R0 pista 0.1684
  [ 2008.9s] sinfiltro semilla 14317 (148.8s) R0 pista 0.1753
  [ 2081.4s] sinfiltro semilla 14318 (164.9s) R0 pista 0.183
  [ 2117.5s] sinfiltro semilla 14319 (114.8s) R0 pista 0.1749
  [ 2124.8s] sinfiltro semilla 14320 (118.3s) R0 pista 0.1668
  CRUDO C:\Users\User\Documents\PROYECTOS\JUACO\bundle\experimentos\tronco_v14_3\datos\v143_fab-v142-v143-sinfiltro-sintd-siempre-invertido-o1_s14301-14320_T100000_20260923_195127_sinfiltro.json (sha fb4a3ba5fea37759) · escrituras en la pizarra 0 (nadie escribe: esperado 0)

== sinfiltro (V143_SINFILTRO x9) · 20 semillas 14301-14320 · T 100000 · fundador limpio 1
  R0 REAL (nacimientos reales) mediana 0.1315 (evaluables 0.132) · R0 preregistrado 0.1337 · vida mediana 66.5 · muertes 370.0 · fundadores 318.0 · casi inmortales 0/180
  ENMIENDA 5 (decide): linajes que cruzan con R0 real 11/180 · semillas con mayoria 0/20 -> no gana · ENMIENDA 6: persisten 14/180 · semillas 0/20 -> no estabiliza (muertes voluntarias fisicas 0.9441) · ENMIENDA 3 (ayer): no cruza (mediana R0 evaluables 0.134)
  causas hambre/sed/veneno/sal 7/14/30918/30340 (veneno+sal 100%) · pasos sin NADA bueno en el mundo 0.0013 · mordidas B+D 1509.0 / A+C 1566.5 por linaje · limpiezas fisicas por cuerpo 2.8688
  telemetria del carro (NO puntua): {'frac_pasos_con_meta': None, 'vetos': 0, 'mord_sin_meta': 0, 'limpia_propia': 0, 'todo_obst': 0, 'des_splits': 2714}
  contabilidad coherente 180/180 · t_fund reconstruible 180/180 · s por corrida (mediana) 143.95
  [ 2263.9s] sintd semilla 14303 (138.4s) R0 pista 0.2592
  [ 2264.2s] sintd semilla 14304 (138.7s) R0 pista 0.2601
  [ 2264.2s] sintd semilla 14301 (138.7s) R0 pista 0.2475
  [ 2264.7s] sintd semilla 14305 (139.1s) R0 pista 0.2754
  [ 2265.1s] sintd semilla 14302 (139.6s) R0 pista 0.2446
  [ 2265.3s] sintd semilla 14306 (139.7s) R0 pista 0.2615
  [ 2399.7s] sintd semilla 14307 (135.8s) R0 pista 0.2433
  [ 2400.6s] sintd semilla 14308 (136.4s) R0 pista 0.2448
  [ 2401.7s] sintd semilla 14310 (137.0s) R0 pista 0.253
  [ 2401.7s] sintd semilla 14309 (137.5s) R0 pista 0.262
  [ 2401.8s] sintd semilla 14311 (136.7s) R0 pista 0.2648
  [ 2402.5s] sintd semilla 14312 (137.2s) R0 pista 0.2479
  [ 2540.4s] sintd semilla 14313 (140.7s) R0 pista 0.2384
  [ 2541.4s] sintd semilla 14314 (140.8s) R0 pista 0.2543
  [ 2542.9s] sintd semilla 14315 (141.2s) R0 pista 0.257
  [ 2543.6s] sintd semilla 14316 (141.9s) R0 pista 0.2446
  [ 2544.5s] sintd semilla 14317 (142.8s) R0 pista 0.2633
  [ 2544.7s] sintd semilla 14318 (142.2s) R0 pista 0.2626
  [ 2641.7s] sintd semilla 14319 (101.3s) R0 pista 0.2846
  [ 2642.7s] sintd semilla 14320 (101.3s) R0 pista 0.2655
  CRUDO C:\Users\User\Documents\PROYECTOS\JUACO\bundle\experimentos\tronco_v14_3\datos\v143_fab-v142-v143-sinfiltro-sintd-siempre-invertido-o1_s14301-14320_T100000_20260923_195127_sintd.json (sha 548449c572a0b46d) · escrituras en la pizarra 0 (nadie escribe: esperado 0)

== sintd (V143_SINTD x9) · 20 semillas 14301-14320 · T 100000 · fundador limpio 1
  R0 REAL (nacimientos reales) mediana 0.5661 (evaluables 0.566) · R0 preregistrado 1.1081 · vida mediana 458.25 · muertes 56.0 · fundadores 24.0 · casi inmortales 0/180
  ENMIENDA 5 (decide): linajes que cruzan con R0 real 49/180 · semillas con mayoria 0/20 -> no gana · ENMIENDA 6: persisten 111/180 · semillas 18/20 -> ESTABILIZA (muertes voluntarias fisicas 0.8293) · ENMIENDA 3 (ayer): no cruza (mediana R0 evaluables 1.108)
  causas hambre/sed/veneno/sal 1404/1252/17159/18702 (veneno+sal 93%) · pasos sin NADA bueno en el mundo 0.0159 · mordidas B+D 122.5 / A+C 813.0 por linaje · limpiezas fisicas por cuerpo 1.5
  telemetria del carro (NO puntua): {'frac_pasos_con_meta': 0.9749, 'vetos': 368487, 'mord_sin_meta': 7813, 'limpia_propia': 7509, 'todo_obst': 0, 'des_splits': 1826}
  contabilidad coherente 180/180 · t_fund reconstruible 180/180 · s por corrida (mediana) 138.7
  [ 2770.1s] siempre semilla 14304 (126.8s) R0 pista 0.0919
  [ 2772.1s] siempre semilla 14305 (128.8s) R0 pista 0.1035
  [ 2772.3s] siempre semilla 14301 (129.1s) R0 pista 0.0824
  [ 2772.5s] siempre semilla 14302 (129.3s) R0 pista 0.0719
  [ 2773.5s] siempre semilla 14303 (130.2s) R0 pista 0.0488
  [ 2773.8s] siempre semilla 14306 (130.5s) R0 pista 0.0365
  [ 2914.5s] siempre semilla 14307 (144.4s) R0 pista 0.0518
  [ 2916.1s] siempre semilla 14312 (142.3s) R0 pista 0.085
  [ 2917.0s] siempre semilla 14310 (144.4s) R0 pista 0.0515
  [ 2917.1s] siempre semilla 14311 (143.6s) R0 pista 0.059
  [ 2917.2s] siempre semilla 14308 (145.2s) R0 pista 0.0469
  [ 2917.7s] siempre semilla 14309 (145.3s) R0 pista 0.0578
  [ 3066.8s] siempre semilla 14314 (150.7s) R0 pista 0.0691
  [ 3069.2s] siempre semilla 14313 (154.6s) R0 pista 0.0261
  [ 3069.4s] siempre semilla 14315 (152.4s) R0 pista 0.0638
  [ 3069.8s] siempre semilla 14316 (152.7s) R0 pista 0.0293
  [ 3070.5s] siempre semilla 14318 (152.8s) R0 pista 0.0618
  [ 3070.7s] siempre semilla 14317 (153.5s) R0 pista 0.0592
  [ 3181.5s] siempre semilla 14320 (112.3s) R0 pista 0.0706
  [ 3183.8s] siempre semilla 14319 (117.0s) R0 pista 0.0692
  CRUDO C:\Users\User\Documents\PROYECTOS\JUACO\bundle\experimentos\tronco_v14_3\datos\v143_fab-v142-v143-sinfiltro-sintd-siempre-invertido-o1_s14301-14320_T100000_20260923_195127_siempre.json (sha 42fe1db7ad7af063) · escrituras en la pizarra 0 (nadie escribe: esperado 0)

== siempre (V143_SIEMPRE x9) · 20 semillas 14301-14320 · T 100000 · fundador limpio 1
  R0 REAL (nacimientos reales) mediana 0.0 (evaluables 0.0) · R0 preregistrado 0.0 · vida mediana 200.0 · muertes 359.0 · fundadores 359.0 · casi inmortales 0/180
  ENMIENDA 5 (decide): linajes que cruzan con R0 real 4/180 · semillas con mayoria 0/20 -> no gana · ENMIENDA 6: persisten 20/180 · semillas 0/20 -> no estabiliza (muertes voluntarias fisicas 0.0028) · ENMIENDA 3 (ayer): no cruza (mediana R0 evaluables 0.0)
  causas hambre/sed/veneno/sal 1716/4172/24611/22874 (veneno+sal 89%) · pasos sin NADA bueno en el mundo 0.0054 · mordidas B+D 362.5 / A+C 311.0 por linaje · limpiezas fisicas por cuerpo 0.9062
  telemetria del carro (NO puntua): {'frac_pasos_con_meta': 0.9654, 'vetos': 134795, 'mord_sin_meta': 404, 'limpia_propia': 0, 'todo_obst': 220562, 'des_splits': 345}
  contabilidad coherente 180/180 · t_fund reconstruible 180/180 · s por corrida (mediana) 144.0
  [ 3329.3s] invertido semilla 14303 (144.9s) R0 pista 0.0017
  [ 3329.7s] invertido semilla 14304 (145.3s) R0 pista 0.0027
  [ 3330.6s] invertido semilla 14305 (146.2s) R0 pista 0.0035
  [ 3330.8s] invertido semilla 14301 (146.3s) R0 pista 0.0016
  [ 3330.9s] invertido semilla 14306 (146.5s) R0 pista 0.0033
  [ 3330.9s] invertido semilla 14302 (146.5s) R0 pista 0.0011
  [ 3470.6s] invertido semilla 14307 (141.3s) R0 pista 0.0027
  [ 3470.7s] invertido semilla 14308 (140.9s) R0 pista 0.0017
  [ 3472.8s] invertido semilla 14310 (142.0s) R0 pista 0.0055
  [ 3473.2s] invertido semilla 14312 (142.2s) R0 pista 0.004
  [ 3473.7s] invertido semilla 14309 (143.1s) R0 pista 0.0027
  [ 3473.8s] invertido semilla 14311 (142.9s) R0 pista 0.0038
  [ 3610.6s] invertido semilla 14313 (140.0s) R0 pista 0.0016
  [ 3610.8s] invertido semilla 14314 (140.2s) R0 pista 0.005
  [ 3613.9s] invertido semilla 14315 (141.1s) R0 pista 0.0027
  [ 3614.7s] invertido semilla 14318 (140.9s) R0 pista 0.0016
  [ 3614.8s] invertido semilla 14316 (141.6s) R0 pista 0.0043
  [ 3615.0s] invertido semilla 14317 (141.3s) R0 pista 0.0028
  [ 3718.0s] invertido semilla 14319 (107.5s) R0 pista 0.0028
  [ 3722.2s] invertido semilla 14320 (111.4s) R0 pista 0.0028
  CRUDO C:\Users\User\Documents\PROYECTOS\JUACO\bundle\experimentos\tronco_v14_3\datos\v143_fab-v142-v143-sinfiltro-sintd-siempre-invertido-o1_s14301-14320_T100000_20260923_195127_invertido.json (sha f883d79b1441e24c) · escrituras en la pizarra 0 (nadie escribe: esperado 0)

== invertido (V143_INVERTIDO x9) · 20 semillas 14301-14320 · T 100000 · fundador limpio 1
  R0 REAL (nacimientos reales) mediana 0.0 (evaluables 0.0) · R0 preregistrado 0.0 · vida mediana 493.0 · muertes 200.0 · fundadores 200.0 · casi inmortales 0/180
  ENMIENDA 5 (decide): linajes que cruzan con R0 real 0/180 · semillas con mayoria 0/20 -> no gana · ENMIENDA 6: persisten 0/180 · semillas 0/20 -> no estabiliza (muertes voluntarias fisicas 0.6919) · ENMIENDA 3 (ayer): no cruza (mediana R0 evaluables 0.0)
  causas hambre/sed/veneno/sal 1141/1199/20848/12868 (veneno+sal 94%) · pasos sin NADA bueno en el mundo 0.0 · mordidas B+D 787.0 / A+C 710.0 por linaje · limpiezas fisicas por cuerpo 2.7059
  telemetria del carro (NO puntua): {'frac_pasos_con_meta': 0.8384, 'vetos': 3860, 'mord_sin_meta': 771, 'limpia_propia': 360, 'todo_obst': 0, 'des_splits': 3}
  contabilidad coherente 180/180 · t_fund reconstruible 180/180 · s por corrida (mediana) 141.8
  [ 3986.0s] o1 semilla 14301 (263.2s) R0 pista 0.5458
  [ 3988.4s] o1 semilla 14306 (265.5s) R0 pista 0.5947
  [ 3988.6s] o1 semilla 14304 (265.8s) R0 pista 1.0024
  [ 3989.4s] o1 semilla 14305 (266.6s) R0 pista 0.6716
  [ 3990.2s] o1 semilla 14302 (267.4s) R0 pista 1.5805
  [ 3991.8s] o1 semilla 14303 (269.0s) R0 pista 0.9704
  [ 4265.0s] o1 semilla 14307 (279.0s) R0 pista 0.7625
  [ 4267.6s] o1 semilla 14310 (278.2s) R0 pista 0.6635
  [ 4268.8s] o1 semilla 14309 (280.2s) R0 pista 1.6296
  [ 4270.8s] o1 semilla 14308 (282.4s) R0 pista 1.1202
  [ 4271.0s] o1 semilla 14311 (280.8s) R0 pista 0.862
  [ 4272.1s] o1 semilla 14312 (280.2s) R0 pista 0.7642
  [ 4534.9s] o1 semilla 14315 (266.1s) R0 pista 0.7248
  [ 4535.2s] o1 semilla 14313 (270.3s) R0 pista 0.9099
  [ 4538.2s] o1 semilla 14314 (270.6s) R0 pista 1.9133
  [ 4539.4s] o1 semilla 14317 (268.4s) R0 pista 0.7407
  [ 4539.6s] o1 semilla 14316 (268.8s) R0 pista 0.617
  [ 4540.8s] o1 semilla 14318 (268.7s) R0 pista 0.7761
  [ 4737.8s] o1 semilla 14319 (202.9s) R0 pista 0.8794
  [ 4746.6s] o1 semilla 14320 (211.4s) R0 pista 0.6011
  CRUDO C:\Users\User\Documents\PROYECTOS\JUACO\bundle\experimentos\tronco_v14_3\datos\v143_fab-v142-v143-sinfiltro-sintd-siempre-invertido-o1_s14301-14320_T100000_20260923_195127_o1.json (sha ca2eb326dd1d2b4c) · escrituras en la pizarra 0 (nadie escribe: esperado 0)

== o1 (O1 x9) · 20 semillas 14301-14320 · T 100000 · fundador limpio 1
  R0 REAL (nacimientos reales) mediana 0.9375 (evaluables 0.938) · R0 preregistrado 2.866 · vida mediana 3719.75 · muertes 17.0 · fundadores 0.0 · casi inmortales 0/180
  ENMIENDA 5 (decide): linajes que cruzan con R0 real 138/180 · semillas con mayoria 18/20 -> GANA · ENMIENDA 6: persisten 155/180 · semillas 20/20 -> ESTABILIZA (muertes voluntarias fisicas 0.0) · ENMIENDA 3 (ayer): CRUZA (mediana R0 evaluables 2.866)
  causas hambre/sed/veneno/sal 1002/863/4416/4426 (veneno+sal 83%) · pasos sin NADA bueno en el mundo 0.0393 · mordidas B+D 351.5 / A+C 679.5 por linaje · limpiezas fisicas por cuerpo 19.2719
  contabilidad coherente 180/180 · t_fund reconstruible 180/180 · s por corrida (mediana) 268.75

PAREADOS (por semilla: mediana del R0 real de los 9 linajes; gana = semillas en que el primero supera al segundo)
  v143 vs v142: gana 20/20 · diferencia mediana 0.3623
  v143 vs fab: gana 20/20 · diferencia mediana 0.3739
  v142 vs fab: gana 16/20 · diferencia mediana 0.0058
  v143 vs sinfiltro: gana 20/20 · diferencia mediana 0.3981
  v143 vs sintd: gana 7/20 · diferencia mediana -0.0391
  sintd vs v143: gana 12/20 · diferencia mediana 0.0391
  v143 vs siempre: gana 20/20 · diferencia mediana 0.5227
  v143 vs invertido: gana 20/20 · diferencia mediana 0.5227
  v142 vs invertido: gana 20/20 · diferencia mediana 0.1603
  o1 vs v143: gana 19/20 · diferencia mediana 0.4031

PREDICCIONES FIRMADAS (PREREGISTRO_v143.md sec. 6) y lo medido
  V-ANCLA-1 FABRICA: mediana R0 real en [0.08, 0.20] (ENMIENDA 1, candidato a ERR; antes [0.22, 0.45]) -> SE CUMPLE
  V-ANCLA-2 O1 GANA por la ENMIENDA 5 (ayer, r2o1mono 9101-9120: 20/20) -> SE CUMPLE
  P1 V142 ~ FABRICA: |dif mediana pareada de R0 real| <= 0.05 (p 0.65) -> SE CUMPLE
  P2 V143 > V142 en >= 18/20 semillas con dif mediana >= 0.10 (p 0.75) -> SE CUMPLE
  P3 V143: mediana R0 real en [0.45, 0.85] (p 0.55) -> SE CUMPLE
  P4 V143 NO gana por la ENMIENDA 5 (p 0.80 de que NO cruza) -> SE CUMPLE
  P5 SIEMPRE (sin limpieza) < V143 en >= 15/20 y su mundo sin nada bueno >= 0.30 de los pasos (p 0.70) -> NO se cumple
  P6 SINFILTRO: mediana R0 real en [0.30, 0.47] y V143 > SINFILTRO en >= 15/20 (p 0.70) -> NO se cumple
  P7 SINTD ~ V143: |dif mediana pareada| <= 0.05 (p 0.50; el control que puede ganar) -> SE CUMPLE
  P8 INVERTIDO < V142 en >= 15/20 (p 0.80) -> SE CUMPLE
  P9 V143 vida mediana >= 3 x la de V142 (p 0.70) -> SE CUMPLE
  P10 V143: veneno+sal <= 0.50 de las causas de muerte (V142 ~1.0) (p 0.70) -> NO se cumple
  P11 V143: pasos sin nada bueno en el mundo en [0.01, 0.30] (limpia algo, no del todo) (p 0.65) -> SE CUMPLE

================ VEREDICTO POR LA LETRA (PREREGISTRO_v143.md sec. 7)
  anclas de la serie: V-ANCLA-1 FABRICA en (0.08, 0.2): True · V-ANCLA-2 O1 gana: True
  serie: {'funciona': False, 'modesto': True} · replica: None
  VEREDICTO PARCIAL (sin replica; NO se declara): la serie sola diria HAY ALGO MODESTO

  RESUMEN C:\Users\User\Documents\PROYECTOS\JUACO\bundle\experimentos\tronco_v14_3\datos\v143_fab-v142-v143-sinfiltro-sintd-siempre-invertido-o1_s14301-14320_T100000_20260923_195127_resumen.json (sha 9a1a77e238c255fe)
Terminado en 4746.7s
VEREDICTO: PARCIAL: HAY ALGO MODESTO
