CORRE_V143 · v143_v143-v142-sinfiltro-sintd-siempre-invertido_s14321-14340_T100000_20260923_221341 · python 3.14.2 · pool 6 · corre_v143.py 24100621c450da22
  brazos ['v143', 'v142', 'sinfiltro', 'sintd', 'siempre', 'invertido'] · semillas 14321-14340 · T 100000 · fundador limpio 1 · pista escalada (L 360, 36 objetos)
  sha experimentos\carrera_escuderias\pista.py 9f47c65e438e0ff4 OK
  sha experimentos\carrera_escuderias\juez.py 6a68f640a7832f12 OK
  sha experimentos\carrera_escuderias\carros\FABRICA.py 2ebee3e99ea5a33a OK
  sha experimentos\carrera_escuderias\carros\O1.py 99436afa2715f028 OK
  sha experimentos\carrera_escuderias\carros\APR.py 4402aa5142065c72 OK
  sha organismo\organismo_v142.py 17528d767fcebaf6 OK
  carro V142 sha 195b7b883d3750ed == construye: True · chequeo estatico: PASA
  carro V143 sha 2a03048a7f1525e5 == construye: True · chequeo estatico: PASA
  carro V143_SINFILTRO sha 44faed85a4a05ac2 == construye: True · chequeo estatico: PASA
  carro V143_SINTD sha eaff1ce3681e258b == construye: True · chequeo estatico: PASA
  carro V143_SIEMPRE sha 77d252ae44057209 == construye: True · chequeo estatico: PASA
  carro V143_INVERTIDO sha a6b5ed4f570dc42d == construye: True · chequeo estatico: PASA
  carro FABRICA (carrera) chequeo estatico: PASA
  carro O1 (carrera) chequeo estatico: PASA
  IDENTIDAD CORTA del juez (FABRICA == organismo_f9c REL, s 1, T 5000): OK
  IDENTIDAD CORTA v14.3: perillas en 0 == FABRICA (N 9, s 14281, T 2000, fundador limpio): OK
  [  140.2s] v143 semilla 14325 (134.3s) R0 pista 0.2707
  [  140.5s] v143 semilla 14324 (134.7s) R0 pista 0.2572
  [  141.2s] v143 semilla 14322 (135.5s) R0 pista 0.2782
  [  141.3s] v143 semilla 14321 (135.6s) R0 pista 0.2548
  [  141.5s] v143 semilla 14323 (135.9s) R0 pista 0.2636
  [  141.6s] v143 semilla 14326 (135.6s) R0 pista 0.2574
  [  285.5s] v143 semilla 14328 (145.0s) R0 pista 0.2715
  [  285.8s] v143 semilla 14327 (145.6s) R0 pista 0.2668
  [  287.1s] v143 semilla 14329 (146.0s) R0 pista 0.2724
  [  287.2s] v143 semilla 14331 (145.6s) R0 pista 0.2727
  [  287.5s] v143 semilla 14332 (145.9s) R0 pista 0.2594
  [  288.3s] v143 semilla 14330 (147.0s) R0 pista 0.2752
  [  433.7s] v143 semilla 14333 (148.2s) R0 pista 0.2682
  [  434.2s] v143 semilla 14334 (148.4s) R0 pista 0.2588
  [  436.0s] v143 semilla 14337 (148.5s) R0 pista 0.2606
  [  436.0s] v143 semilla 14336 (148.9s) R0 pista 0.2576
  [  437.6s] v143 semilla 14335 (150.5s) R0 pista 0.257
  [  438.1s] v143 semilla 14338 (149.8s) R0 pista 0.2628
  [  559.7s] v143 semilla 14340 (125.5s) R0 pista 0.268
  [  560.7s] v143 semilla 14339 (127.0s) R0 pista 0.2469
  CRUDO C:\Users\User\Documents\PROYECTOS\JUACO\bundle\experimentos\tronco_v14_3\datos\v143_v143-v142-sinfiltro-sintd-siempre-invertido_s14321-14340_T100000_20260923_221341_v143.json (sha b1d95d581a6c9766) · escrituras en la pizarra 0 (nadie escribe: esperado 0)

== v143 (V143 x9) · 20 semillas 14321-14340 · T 100000 · fundador limpio 1
  R0 REAL (nacimientos reales) mediana 0.6306 (evaluables 0.631) · R0 preregistrado 1.3449 · vida mediana 600.0 · muertes 45.5 · fundadores 16.0 · casi inmortales 0/180
  ENMIENDA 5 (decide): linajes que cruzan con R0 real 51/180 · semillas con mayoria 1/20 -> no gana · ENMIENDA 6: persisten 123/180 · semillas 19/20 -> ESTABILIZA (muertes voluntarias fisicas 0.8356) · ENMIENDA 3 (ayer): no cruza (mediana R0 evaluables 1.345)
  causas hambre/sed/veneno/sal 1431/1356/16868/17886 (veneno+sal 93%) · pasos sin NADA bueno en el mundo 0.0245 · mordidas B+D 83.0 / A+C 795.5 por linaje · limpiezas fisicas por cuerpo 1.271
  telemetria del carro (NO puntua): {'frac_pasos_con_meta': 0.965, 'vetos': 446406, 'mord_sin_meta': 5855, 'limpia_propia': 5495, 'todo_obst': 0, 'des_splits': 1893}
  contabilidad coherente 180/180 · t_fund reconstruible 180/180 · s por corrida (mediana) 145.6
  [  709.9s] v142 semilla 14323 (148.5s) R0 pista 0.1663
  [  710.3s] v142 semilla 14326 (148.5s) R0 pista 0.159
  [  710.8s] v142 semilla 14324 (149.3s) R0 pista 0.1707
  [  711.2s] v142 semilla 14322 (149.7s) R0 pista 0.1667
  [  711.3s] v142 semilla 14321 (149.8s) R0 pista 0.1709
  [  711.5s] v142 semilla 14325 (149.8s) R0 pista 0.1581
  [  859.1s] v142 semilla 14328 (148.8s) R0 pista 0.1615
  [  859.7s] v142 semilla 14327 (149.8s) R0 pista 0.1617
  [  861.0s] v142 semilla 14330 (149.8s) R0 pista 0.1651
  [  862.0s] v142 semilla 14331 (150.7s) R0 pista 0.1762
  [  862.3s] v142 semilla 14329 (151.5s) R0 pista 0.1742
  [  862.9s] v142 semilla 14332 (151.4s) R0 pista 0.172
  [ 1007.9s] v142 semilla 14333 (148.8s) R0 pista 0.159
  [ 1009.6s] v142 semilla 14334 (149.9s) R0 pista 0.1728
  [ 1010.0s] v142 semilla 14335 (149.0s) R0 pista 0.1587
  [ 1012.2s] v142 semilla 14337 (149.9s) R0 pista 0.1582
  [ 1012.8s] v142 semilla 14336 (150.8s) R0 pista 0.1707
  [ 1013.9s] v142 semilla 14338 (151.0s) R0 pista 0.1666
  [ 1130.8s] v142 semilla 14339 (122.8s) R0 pista 0.1572
  [ 1138.6s] v142 semilla 14340 (128.9s) R0 pista 0.1543
  CRUDO C:\Users\User\Documents\PROYECTOS\JUACO\bundle\experimentos\tronco_v14_3\datos\v143_v143-v142-sinfiltro-sintd-siempre-invertido_s14321-14340_T100000_20260923_221341_v142.json (sha dd39c743b8841487) · escrituras en la pizarra 0 (nadie escribe: esperado 0)

== v142 (V142 x9) · 20 semillas 14321-14340 · T 100000 · fundador limpio 1
  R0 REAL (nacimientos reales) mediana 0.1613 (evaluables 0.161) · R0 preregistrado 0.1622 · vida mediana 65.0 · muertes 374.0 · fundadores 312.5 · casi inmortales 0/180
  ENMIENDA 5 (decide): linajes que cruzan con R0 real 0/180 · semillas con mayoria 0/20 -> no gana · ENMIENDA 6: persisten 0/180 · semillas 0/20 -> no estabiliza (muertes voluntarias fisicas 0.9525) · ENMIENDA 3 (ayer): no cruza (mediana R0 evaluables 0.162)
  causas hambre/sed/veneno/sal 1/2/34015/33153 (veneno+sal 100%) · pasos sin NADA bueno en el mundo 0.0005 · mordidas B+D 1513.5 / A+C 1678.5 por linaje · limpiezas fisicas por cuerpo 2.7585
  telemetria del carro (NO puntua): {'frac_pasos_con_meta': None, 'vetos': 0, 'mord_sin_meta': 0, 'limpia_propia': 0, 'todo_obst': 0, 'des_splits': 473}
  contabilidad coherente 180/180 · t_fund reconstruible 180/180 · s por corrida (mediana) 149.8
  [ 1289.5s] sinfiltro semilla 14322 (150.2s) R0 pista 0.1652
  [ 1289.9s] sinfiltro semilla 14325 (150.4s) R0 pista 0.1802
  [ 1290.9s] sinfiltro semilla 14326 (151.3s) R0 pista 0.1649
  [ 1291.0s] sinfiltro semilla 14321 (151.7s) R0 pista 0.1694
  [ 1291.4s] sinfiltro semilla 14324 (152.0s) R0 pista 0.176
  [ 1291.7s] sinfiltro semilla 14323 (152.4s) R0 pista 0.1759
  [ 1443.4s] sinfiltro semilla 14328 (153.5s) R0 pista 0.1559
  [ 1444.8s] sinfiltro semilla 14327 (155.3s) R0 pista 0.1818
  [ 1445.3s] sinfiltro semilla 14329 (154.4s) R0 pista 0.1735
  [ 1446.1s] sinfiltro semilla 14330 (155.1s) R0 pista 0.1636
  [ 1447.1s] sinfiltro semilla 14332 (155.4s) R0 pista 0.1538
  [ 1447.6s] sinfiltro semilla 14331 (156.2s) R0 pista 0.1836
  [ 1587.2s] sinfiltro semilla 14333 (143.8s) R0 pista 0.1801
  [ 1587.3s] sinfiltro semilla 14335 (142.0s) R0 pista 0.1657
  [ 1587.7s] sinfiltro semilla 14334 (143.0s) R0 pista 0.1667
  [ 1587.8s] sinfiltro semilla 14336 (141.7s) R0 pista 0.1675
  [ 1590.1s] sinfiltro semilla 14337 (143.0s) R0 pista 0.16
  [ 1590.2s] sinfiltro semilla 14338 (142.6s) R0 pista 0.175
  [ 1717.3s] sinfiltro semilla 14339 (130.2s) R0 pista 0.1674
  [ 1720.3s] sinfiltro semilla 14340 (133.0s) R0 pista 0.1875
  CRUDO C:\Users\User\Documents\PROYECTOS\JUACO\bundle\experimentos\tronco_v14_3\datos\v143_v143-v142-sinfiltro-sintd-siempre-invertido_s14321-14340_T100000_20260923_221341_sinfiltro.json (sha 134903fd302d154c) · escrituras en la pizarra 0 (nadie escribe: esperado 0)

== sinfiltro (V143_SINFILTRO x9) · 20 semillas 14321-14340 · T 100000 · fundador limpio 1
  R0 REAL (nacimientos reales) mediana 0.1376 (evaluables 0.138) · R0 preregistrado 0.1461 · vida mediana 66.25 · muertes 369.5 · fundadores 318.0 · casi inmortales 0/180
  ENMIENDA 5 (decide): linajes que cruzan con R0 real 2/180 · semillas con mayoria 0/20 -> no gana · ENMIENDA 6: persisten 9/180 · semillas 0/20 -> no estabiliza (muertes voluntarias fisicas 0.9444) · ENMIENDA 3 (ayer): no cruza (mediana R0 evaluables 0.146)
  causas hambre/sed/veneno/sal 5/17/31547/30338 (veneno+sal 100%) · pasos sin NADA bueno en el mundo 0.0009 · mordidas B+D 1497.5 / A+C 1574.5 por linaje · limpiezas fisicas por cuerpo 2.8372
  telemetria del carro (NO puntua): {'frac_pasos_con_meta': None, 'vetos': 0, 'mord_sin_meta': 0, 'limpia_propia': 0, 'todo_obst': 0, 'des_splits': 2664}
  contabilidad coherente 180/180 · t_fund reconstruible 180/180 · s por corrida (mediana) 150.85
  [ 1861.8s] sintd semilla 14321 (140.6s) R0 pista 0.2651
  [ 1862.8s] sintd semilla 14324 (141.6s) R0 pista 0.2512
  [ 1863.4s] sintd semilla 14325 (142.0s) R0 pista 0.259
  [ 1863.5s] sintd semilla 14326 (142.1s) R0 pista 0.2574
  [ 1864.3s] sintd semilla 14323 (143.1s) R0 pista 0.2714
  [ 1864.3s] sintd semilla 14322 (143.2s) R0 pista 0.2608
  [ 1996.4s] sintd semilla 14327 (134.6s) R0 pista 0.2484
  [ 1996.8s] sintd semilla 14330 (133.2s) R0 pista 0.2636
  [ 1997.1s] sintd semilla 14331 (132.8s) R0 pista 0.2564
  [ 1998.2s] sintd semilla 14329 (134.9s) R0 pista 0.2647
  [ 2000.1s] sintd semilla 14328 (137.3s) R0 pista 0.2486
  [ 2000.6s] sintd semilla 14332 (136.3s) R0 pista 0.2684
  [ 2142.0s] sintd semilla 14334 (145.2s) R0 pista 0.2616
  [ 2142.5s] sintd semilla 14333 (146.1s) R0 pista 0.2616
  [ 2144.8s] sintd semilla 14336 (146.6s) R0 pista 0.2688
  [ 2145.1s] sintd semilla 14335 (148.0s) R0 pista 0.2598
  [ 2147.0s] sintd semilla 14337 (146.9s) R0 pista 0.2431
  [ 2147.5s] sintd semilla 14338 (146.9s) R0 pista 0.2399
  [ 2265.2s] sintd semilla 14340 (122.7s) R0 pista 0.248
  [ 2266.4s] sintd semilla 14339 (124.4s) R0 pista 0.254
  CRUDO C:\Users\User\Documents\PROYECTOS\JUACO\bundle\experimentos\tronco_v14_3\datos\v143_v143-v142-sinfiltro-sintd-siempre-invertido_s14321-14340_T100000_20260923_221341_sintd.json (sha b434d6994529020e) · escrituras en la pizarra 0 (nadie escribe: esperado 0)

== sintd (V143_SINTD x9) · 20 semillas 14321-14340 · T 100000 · fundador limpio 1
  R0 REAL (nacimientos reales) mediana 0.5993 (evaluables 0.599) · R0 preregistrado 1.156 · vida mediana 600.0 · muertes 52.5 · fundadores 19.5 · casi inmortales 0/180
  ENMIENDA 5 (decide): linajes que cruzan con R0 real 50/180 · semillas con mayoria 0/20 -> no gana · ENMIENDA 6: persisten 111/180 · semillas 16/20 -> ESTABILIZA (muertes voluntarias fisicas 0.8293) · ENMIENDA 3 (ayer): no cruza (mediana R0 evaluables 1.156)
  causas hambre/sed/veneno/sal 1407/1343/17004/18168 (veneno+sal 93%) · pasos sin NADA bueno en el mundo 0.0147 · mordidas B+D 111.5 / A+C 807.0 por linaje · limpiezas fisicas por cuerpo 1.5058
  telemetria del carro (NO puntua): {'frac_pasos_con_meta': 0.9749, 'vetos': 391517, 'mord_sin_meta': 7978, 'limpia_propia': 7639, 'todo_obst': 0, 'des_splits': 1967}
  contabilidad coherente 180/180 · t_fund reconstruible 180/180 · s por corrida (mediana) 141.8
  [ 2419.7s] siempre semilla 14325 (152.4s) R0 pista 0.0887
  [ 2420.3s] siempre semilla 14321 (153.1s) R0 pista 0.0811
  [ 2420.4s] siempre semilla 14326 (152.9s) R0 pista 0.0736
  [ 2420.7s] siempre semilla 14322 (153.5s) R0 pista 0.07
  [ 2421.5s] siempre semilla 14324 (154.2s) R0 pista 0.0637
  [ 2422.5s] siempre semilla 14323 (155.3s) R0 pista 0.0467
  [ 2573.5s] siempre semilla 14327 (153.7s) R0 pista 0.0919
  [ 2574.7s] siempre semilla 14328 (154.4s) R0 pista 0.071
  [ 2576.0s] siempre semilla 14329 (155.6s) R0 pista 0.0521
  [ 2576.0s] siempre semilla 14330 (155.3s) R0 pista 0.0431
  [ 2576.6s] siempre semilla 14331 (155.1s) R0 pista 0.0258
  [ 2577.7s] siempre semilla 14332 (155.1s) R0 pista 0.0648
  [ 2727.4s] siempre semilla 14333 (153.9s) R0 pista 0.0894
  [ 2730.0s] siempre semilla 14334 (155.3s) R0 pista 0.0539
  [ 2731.0s] siempre semilla 14337 (154.4s) R0 pista 0.0556
  [ 2731.3s] siempre semilla 14335 (155.3s) R0 pista 0.0659
  [ 2732.1s] siempre semilla 14336 (156.0s) R0 pista 0.039
  [ 2732.4s] siempre semilla 14338 (154.8s) R0 pista 0.0495
  [ 2856.6s] siempre semilla 14339 (129.3s) R0 pista 0.0882
  [ 2862.5s] siempre semilla 14340 (132.4s) R0 pista 0.0586
  CRUDO C:\Users\User\Documents\PROYECTOS\JUACO\bundle\experimentos\tronco_v14_3\datos\v143_v143-v142-sinfiltro-sintd-siempre-invertido_s14321-14340_T100000_20260923_221341_siempre.json (sha e5cc7ea3f921d63c) · escrituras en la pizarra 0 (nadie escribe: esperado 0)

== siempre (V143_SIEMPRE x9) · 20 semillas 14321-14340 · T 100000 · fundador limpio 1
  R0 REAL (nacimientos reales) mediana 0.0 (evaluables 0.0) · R0 preregistrado 0.0 · vida mediana 200.0 · muertes 359.5 · fundadores 357.5 · casi inmortales 0/180
  ENMIENDA 5 (decide): linajes que cruzan con R0 real 15/180 · semillas con mayoria 0/20 -> no gana · ENMIENDA 6: persisten 22/180 · semillas 0/20 -> no estabiliza (muertes voluntarias fisicas 0.0024) · ENMIENDA 3 (ayer): no cruza (mediana R0 evaluables 0.0)
  causas hambre/sed/veneno/sal 1740/4023/24373/22835 (veneno+sal 89%) · pasos sin NADA bueno en el mundo 0.0043 · mordidas B+D 362.0 / A+C 311.5 por linaje · limpiezas fisicas por cuerpo 0.9022
  telemetria del carro (NO puntua): {'frac_pasos_con_meta': 0.9653, 'vetos': 143604, 'mord_sin_meta': 407, 'limpia_propia': 0, 'todo_obst': 238800, 'des_splits': 433}
  contabilidad coherente 180/180 · t_fund reconstruible 180/180 · s por corrida (mediana) 154.4
  [ 3012.4s] invertido semilla 14324 (149.0s) R0 pista 0.0057
  [ 3012.9s] invertido semilla 14321 (149.7s) R0 pista 0.0038
  [ 3013.3s] invertido semilla 14326 (149.7s) R0 pista 0.0038
  [ 3013.4s] invertido semilla 14322 (150.2s) R0 pista 0.0023
  [ 3013.5s] invertido semilla 14325 (150.1s) R0 pista 0.005
  [ 3013.8s] invertido semilla 14323 (150.5s) R0 pista 0.0035
  [ 3162.1s] invertido semilla 14327 (149.7s) R0 pista 0.0038
  [ 3163.7s] invertido semilla 14329 (150.4s) R0 pista 0.0016
  [ 3164.8s] invertido semilla 14332 (151.0s) R0 pista 0.0016
  [ 3164.8s] invertido semilla 14330 (151.4s) R0 pista 0.0022
  [ 3164.9s] invertido semilla 14328 (151.9s) R0 pista 0.0028
  [ 3164.9s] invertido semilla 14331 (151.3s) R0 pista 0.0068
  [ 3309.0s] invertido semilla 14333 (146.8s) R0 pista 0.0039
  [ 3309.8s] invertido semilla 14334 (146.1s) R0 pista 0.0017
  [ 3311.4s] invertido semilla 14336 (146.6s) R0 pista 0.0043
  [ 3311.7s] invertido semilla 14338 (146.9s) R0 pista 0.0022
  [ 3311.8s] invertido semilla 14335 (147.1s) R0 pista 0.0022
  [ 3311.8s] invertido semilla 14337 (147.0s) R0 pista 0.0022
  [ 3430.9s] invertido semilla 14339 (122.0s) R0 pista 0.0022
  [ 3434.4s] invertido semilla 14340 (124.6s) R0 pista 0.0043
  CRUDO C:\Users\User\Documents\PROYECTOS\JUACO\bundle\experimentos\tronco_v14_3\datos\v143_v143-v142-sinfiltro-sintd-siempre-invertido_s14321-14340_T100000_20260923_221341_invertido.json (sha 87d3726f0aab2edf) · escrituras en la pizarra 0 (nadie escribe: esperado 0)

== invertido (V143_INVERTIDO x9) · 20 semillas 14321-14340 · T 100000 · fundador limpio 1
  R0 REAL (nacimientos reales) mediana 0.0 (evaluables 0.0) · R0 preregistrado 0.0 · vida mediana 496.0 · muertes 200.0 · fundadores 199.0 · casi inmortales 0/180
  ENMIENDA 5 (decide): linajes que cruzan con R0 real 0/180 · semillas con mayoria 0/20 -> no gana · ENMIENDA 6: persisten 0/180 · semillas 0/20 -> no estabiliza (muertes voluntarias fisicas 0.6904) · ENMIENDA 3 (ayer): no cruza (mediana R0 evaluables 0.0)
  causas hambre/sed/veneno/sal 1142/1131/20652/12958 (veneno+sal 94%) · pasos sin NADA bueno en el mundo 0.0 · mordidas B+D 783.5 / A+C 713.0 por linaje · limpiezas fisicas por cuerpo 2.7256
  telemetria del carro (NO puntua): {'frac_pasos_con_meta': 0.8138, 'vetos': 3697, 'mord_sin_meta': 776, 'limpia_propia': 371, 'todo_obst': 0, 'des_splits': 3}
  contabilidad coherente 180/180 · t_fund reconstruible 180/180 · s por corrida (mediana) 149.7
  (--con) brazo fab semillas 14301-14320 desde experimentos/tronco_v14_3/datos/v143_fab-v142-v143-sinfiltro-sintd-siempre-invertido-o1_s14301-14320_T100000_20260923_195127_fab.json (sha 7a86cd303c8d52b7)
  (--con) brazo v142 semillas 14301-14320 desde experimentos/tronco_v14_3/datos/v143_fab-v142-v143-sinfiltro-sintd-siempre-invertido-o1_s14301-14320_T100000_20260923_195127_v142.json (sha d124d79380e4a3d6)
  (--con) brazo v143 semillas 14301-14320 desde experimentos/tronco_v14_3/datos/v143_fab-v142-v143-sinfiltro-sintd-siempre-invertido-o1_s14301-14320_T100000_20260923_195127_v143.json (sha 76ebc891fb08c75b)
  (--con) brazo sinfiltro semillas 14301-14320 desde experimentos/tronco_v14_3/datos/v143_fab-v142-v143-sinfiltro-sintd-siempre-invertido-o1_s14301-14320_T100000_20260923_195127_sinfiltro.json (sha fb4a3ba5fea37759)
  (--con) brazo sintd semillas 14301-14320 desde experimentos/tronco_v14_3/datos/v143_fab-v142-v143-sinfiltro-sintd-siempre-invertido-o1_s14301-14320_T100000_20260923_195127_sintd.json (sha 548449c572a0b46d)
  (--con) brazo siempre semillas 14301-14320 desde experimentos/tronco_v14_3/datos/v143_fab-v142-v143-sinfiltro-sintd-siempre-invertido-o1_s14301-14320_T100000_20260923_195127_siempre.json (sha 42fe1db7ad7af063)
  (--con) brazo invertido semillas 14301-14320 desde experimentos/tronco_v14_3/datos/v143_fab-v142-v143-sinfiltro-sintd-siempre-invertido-o1_s14301-14320_T100000_20260923_195127_invertido.json (sha f883d79b1441e24c)
  (--con) brazo o1 semillas 14301-14320 desde experimentos/tronco_v14_3/datos/v143_fab-v142-v143-sinfiltro-sintd-siempre-invertido-o1_s14301-14320_T100000_20260923_195127_o1.json (sha ca2eb326dd1d2b4c)

PAREADOS (por semilla: mediana del R0 real de los 9 linajes; gana = semillas en que el primero supera al segundo)
  v143 vs v142: gana 20/20 · diferencia mediana 0.4673
  v143 vs sinfiltro: gana 20/20 · diferencia mediana 0.48
  v143 vs sintd: gana 11/20 · diferencia mediana 0.0398
  sintd vs v143: gana 9/20 · diferencia mediana -0.0398
  v143 vs siempre: gana 20/20 · diferencia mediana 0.6325
  v143 vs invertido: gana 20/20 · diferencia mediana 0.6315
  v142 vs invertido: gana 20/20 · diferencia mediana 0.1602

PREDICCIONES FIRMADAS (PREREGISTRO_v143.md sec. 6) y lo medido
  V-ANCLA-1 FABRICA: mediana R0 real en [0.08, 0.20] (ENMIENDA 1, candidato a ERR; antes [0.22, 0.45]) -> sin el brazo
  V-ANCLA-2 O1 GANA por la ENMIENDA 5 (ayer, r2o1mono 9101-9120: 20/20) -> sin el brazo
  P1 V142 ~ FABRICA: |dif mediana pareada de R0 real| <= 0.05 (p 0.65) -> sin el brazo
  P2 V143 > V142 en >= 18/20 semillas con dif mediana >= 0.10 (p 0.75) -> SE CUMPLE
  P3 V143: mediana R0 real en [0.45, 0.85] (p 0.55) -> SE CUMPLE
  P4 V143 NO gana por la ENMIENDA 5 (p 0.80 de que NO cruza) -> SE CUMPLE
  P5 SIEMPRE (sin limpieza) < V143 en >= 15/20 y su mundo sin nada bueno >= 0.30 de los pasos (p 0.70) -> NO se cumple
  P6 SINFILTRO: mediana R0 real en [0.30, 0.47] y V143 > SINFILTRO en >= 15/20 (p 0.70) -> NO se cumple
  P7 SINTD ~ V143: |dif mediana pareada| <= 0.05 (p 0.50; el control que puede ganar) -> SE CUMPLE
  P8 INVERTIDO < V142 en >= 15/20 (p 0.80) -> SE CUMPLE
  P9 V143 vida mediana >= 3 x la de V142 (p 0.70) -> SE CUMPLE
  P10 V143: veneno+sal <= 0.50 de las causas de muerte (V142 ~1.0) (p 0.70) -> NO se cumple
  P11 V143: pasos sin nada bueno en el mundo en [0.01, 0.30] (limpia algo, no del todo) (p 0.65) -> SE CUMPLE

== fab (FABRICA x9) · 20 semillas 14301-14320 · T 100000 · fundador limpio 1
  R0 REAL (nacimientos reales) mediana 0.1521 (evaluables 0.152) · R0 preregistrado 0.1524 · vida mediana 66.5 · muertes 388.5 · fundadores 329.5 · casi inmortales 0/180
  ENMIENDA 5 (decide): linajes que cruzan con R0 real 0/180 · semillas con mayoria 0/20 -> no gana · ENMIENDA 6: persisten 0/180 · semillas 0/20 -> no estabiliza (muertes voluntarias fisicas 0.9531) · ENMIENDA 3 (ayer): no cruza (mediana R0 evaluables 0.152)
  causas hambre/sed/veneno/sal 0/1/35167/33767 (veneno+sal 100%) · pasos sin NADA bueno en el mundo 0.0006 · mordidas B+D 1565.5 / A+C 1712.5 por linaje · limpiezas fisicas por cuerpo 2.7281
  contabilidad coherente 180/180 · t_fund reconstruible 180/180 · s por corrida (mediana) 141.65

== v142 (V142 x9) · 20 semillas 14301-14320 · T 100000 · fundador limpio 1
  R0 REAL (nacimientos reales) mediana 0.1605 (evaluables 0.161) · R0 preregistrado 0.1627 · vida mediana 65.25 · muertes 378.0 · fundadores 316.0 · casi inmortales 0/180
  ENMIENDA 5 (decide): linajes que cruzan con R0 real 0/180 · semillas con mayoria 0/20 -> no gana · ENMIENDA 6: persisten 0/180 · semillas 0/20 -> no estabiliza (muertes voluntarias fisicas 0.9517) · ENMIENDA 3 (ayer): no cruza (mediana R0 evaluables 0.163)
  causas hambre/sed/veneno/sal 3/1/34584/33425 (veneno+sal 100%) · pasos sin NADA bueno en el mundo 0.0006 · mordidas B+D 1536.5 / A+C 1698.0 por linaje · limpiezas fisicas por cuerpo 2.7679
  telemetria del carro (NO puntua): {'frac_pasos_con_meta': None, 'vetos': 0, 'mord_sin_meta': 0, 'limpia_propia': 0, 'todo_obst': 0, 'des_splits': 404}
  contabilidad coherente 180/180 · t_fund reconstruible 180/180 · s por corrida (mediana) 136.55

== v143 (V143 x9) · 20 semillas 14301-14320 · T 100000 · fundador limpio 1
  R0 REAL (nacimientos reales) mediana 0.5363 (evaluables 0.536) · R0 preregistrado 1.311 · vida mediana 599.0 · muertes 46.5 · fundadores 21.0 · casi inmortales 0/180
  ENMIENDA 5 (decide): linajes que cruzan con R0 real 53/180 · semillas con mayoria 1/20 -> no gana · ENMIENDA 6: persisten 118/180 · semillas 19/20 -> ESTABILIZA (muertes voluntarias fisicas 0.8398) · ENMIENDA 3 (ayer): no cruza (mediana R0 evaluables 1.311)
  causas hambre/sed/veneno/sal 1379/1259/17291/18481 (veneno+sal 93%) · pasos sin NADA bueno en el mundo 0.0244 · mordidas B+D 87.0 / A+C 813.5 por linaje · limpiezas fisicas por cuerpo 1.3666
  telemetria del carro (NO puntua): {'frac_pasos_con_meta': 0.9641, 'vetos': 425977, 'mord_sin_meta': 5866, 'limpia_propia': 5531, 'todo_obst': 0, 'des_splits': 1830}
  contabilidad coherente 180/180 · t_fund reconstruible 180/180 · s por corrida (mediana) 136.65

== sinfiltro (V143_SINFILTRO x9) · 20 semillas 14301-14320 · T 100000 · fundador limpio 1
  R0 REAL (nacimientos reales) mediana 0.1315 (evaluables 0.132) · R0 preregistrado 0.1337 · vida mediana 66.5 · muertes 370.0 · fundadores 318.0 · casi inmortales 0/180
  ENMIENDA 5 (decide): linajes que cruzan con R0 real 11/180 · semillas con mayoria 0/20 -> no gana · ENMIENDA 6: persisten 14/180 · semillas 0/20 -> no estabiliza (muertes voluntarias fisicas 0.9441) · ENMIENDA 3 (ayer): no cruza (mediana R0 evaluables 0.134)
  causas hambre/sed/veneno/sal 7/14/30918/30340 (veneno+sal 100%) · pasos sin NADA bueno en el mundo 0.0013 · mordidas B+D 1509.0 / A+C 1566.5 por linaje · limpiezas fisicas por cuerpo 2.8688
  telemetria del carro (NO puntua): {'frac_pasos_con_meta': None, 'vetos': 0, 'mord_sin_meta': 0, 'limpia_propia': 0, 'todo_obst': 0, 'des_splits': 2714}
  contabilidad coherente 180/180 · t_fund reconstruible 180/180 · s por corrida (mediana) 143.95

== sintd (V143_SINTD x9) · 20 semillas 14301-14320 · T 100000 · fundador limpio 1
  R0 REAL (nacimientos reales) mediana 0.5661 (evaluables 0.566) · R0 preregistrado 1.1081 · vida mediana 458.25 · muertes 56.0 · fundadores 24.0 · casi inmortales 0/180
  ENMIENDA 5 (decide): linajes que cruzan con R0 real 49/180 · semillas con mayoria 0/20 -> no gana · ENMIENDA 6: persisten 111/180 · semillas 18/20 -> ESTABILIZA (muertes voluntarias fisicas 0.8293) · ENMIENDA 3 (ayer): no cruza (mediana R0 evaluables 1.108)
  causas hambre/sed/veneno/sal 1404/1252/17159/18702 (veneno+sal 93%) · pasos sin NADA bueno en el mundo 0.0159 · mordidas B+D 122.5 / A+C 813.0 por linaje · limpiezas fisicas por cuerpo 1.5
  telemetria del carro (NO puntua): {'frac_pasos_con_meta': 0.9749, 'vetos': 368487, 'mord_sin_meta': 7813, 'limpia_propia': 7509, 'todo_obst': 0, 'des_splits': 1826}
  contabilidad coherente 180/180 · t_fund reconstruible 180/180 · s por corrida (mediana) 138.7

== siempre (V143_SIEMPRE x9) · 20 semillas 14301-14320 · T 100000 · fundador limpio 1
  R0 REAL (nacimientos reales) mediana 0.0 (evaluables 0.0) · R0 preregistrado 0.0 · vida mediana 200.0 · muertes 359.0 · fundadores 359.0 · casi inmortales 0/180
  ENMIENDA 5 (decide): linajes que cruzan con R0 real 4/180 · semillas con mayoria 0/20 -> no gana · ENMIENDA 6: persisten 20/180 · semillas 0/20 -> no estabiliza (muertes voluntarias fisicas 0.0028) · ENMIENDA 3 (ayer): no cruza (mediana R0 evaluables 0.0)
  causas hambre/sed/veneno/sal 1716/4172/24611/22874 (veneno+sal 89%) · pasos sin NADA bueno en el mundo 0.0054 · mordidas B+D 362.5 / A+C 311.0 por linaje · limpiezas fisicas por cuerpo 0.9062
  telemetria del carro (NO puntua): {'frac_pasos_con_meta': 0.9654, 'vetos': 134795, 'mord_sin_meta': 404, 'limpia_propia': 0, 'todo_obst': 220562, 'des_splits': 345}
  contabilidad coherente 180/180 · t_fund reconstruible 180/180 · s por corrida (mediana) 144.0

== invertido (V143_INVERTIDO x9) · 20 semillas 14301-14320 · T 100000 · fundador limpio 1
  R0 REAL (nacimientos reales) mediana 0.0 (evaluables 0.0) · R0 preregistrado 0.0 · vida mediana 493.0 · muertes 200.0 · fundadores 200.0 · casi inmortales 0/180
  ENMIENDA 5 (decide): linajes que cruzan con R0 real 0/180 · semillas con mayoria 0/20 -> no gana · ENMIENDA 6: persisten 0/180 · semillas 0/20 -> no estabiliza (muertes voluntarias fisicas 0.6919) · ENMIENDA 3 (ayer): no cruza (mediana R0 evaluables 0.0)
  causas hambre/sed/veneno/sal 1141/1199/20848/12868 (veneno+sal 94%) · pasos sin NADA bueno en el mundo 0.0 · mordidas B+D 787.0 / A+C 710.0 por linaje · limpiezas fisicas por cuerpo 2.7059
  telemetria del carro (NO puntua): {'frac_pasos_con_meta': 0.8384, 'vetos': 3860, 'mord_sin_meta': 771, 'limpia_propia': 360, 'todo_obst': 0, 'des_splits': 3}
  contabilidad coherente 180/180 · t_fund reconstruible 180/180 · s por corrida (mediana) 141.8

== o1 (O1 x9) · 20 semillas 14301-14320 · T 100000 · fundador limpio 1
  R0 REAL (nacimientos reales) mediana 0.9375 (evaluables 0.938) · R0 preregistrado 2.866 · vida mediana 3719.75 · muertes 17.0 · fundadores 0.0 · casi inmortales 0/180
  ENMIENDA 5 (decide): linajes que cruzan con R0 real 138/180 · semillas con mayoria 18/20 -> GANA · ENMIENDA 6: persisten 155/180 · semillas 20/20 -> ESTABILIZA (muertes voluntarias fisicas 0.0) · ENMIENDA 3 (ayer): CRUZA (mediana R0 evaluables 2.866)
  causas hambre/sed/veneno/sal 1002/863/4416/4426 (veneno+sal 83%) · pasos sin NADA bueno en el mundo 0.0393 · mordidas B+D 351.5 / A+C 679.5 por linaje · limpiezas fisicas por cuerpo 19.2719
  contabilidad coherente 180/180 · t_fund reconstruible 180/180 · s por corrida (mediana) 268.75

================ VEREDICTO POR LA LETRA (PREREGISTRO_v143.md sec. 7)
  anclas de la serie: V-ANCLA-1 FABRICA en (0.08, 0.2): True · V-ANCLA-2 O1 gana: True
  serie: {'funciona': False, 'modesto': True} · replica: {'funciona': False, 'modesto': True}
  VEREDICTO: HAY ALGO MODESTO

  RESUMEN C:\Users\User\Documents\PROYECTOS\JUACO\bundle\experimentos\tronco_v14_3\datos\v143_v143-v142-sinfiltro-sintd-siempre-invertido_s14321-14340_T100000_20260923_221341_resumen.json (sha a4a33679ec5381cb)
Terminado en 3434.7s
VEREDICTO: HAY ALGO MODESTO
