[20:44:12] EXPLORATORIO FABLE mundo suave {'tipo': 'fijo', 't': 8000, 'tabla': {'A': (0.0, 0.0), 'B': (0.4, 0.0)}} · {'T': 36000, 't_cambio': 8000, 't_corte': 24000, 'r0_margen': 4000} · brazos ['CODIGO', 'PERILLAS'] · semillas [28001, 28002, 28003]
[20:45:55] CODIGO          s28001: 102.6 s · persiste 1 (vivos 11, t_ext None) · B_pre 45.7 · nac post/pre 0.506 · t_rec None · R0 final solo 0.381 (n 84) · nac solo 84 · SOS 0.0186->0.0
[20:48:32] PERILLAS        s28001: 157.3 s · persiste 1 (vivos 11, t_ext None) · B_pre 47.7 · nac post/pre 0.758 · t_rec 8000 · R0 final solo 0.1866 (n 134) · nac solo 134 · SOS None->None
[20:51:04] CODIGO          s28002: 152.0 s · persiste 1 (vivos 5, t_ext None) · B_pre 51.0 · nac post/pre 0.789 · t_rec 10000 · R0 final solo 0.7368 (n 114) · nac solo 114 · SOS 0.0172->0.0
[20:53:25] PERILLAS        s28002: 140.5 s · persiste 1 (vivos 6, t_ext None) · B_pre 40.7 · nac post/pre 0.655 · t_rec 14000 · R0 final solo 0.4198 (n 81) · nac solo 81 · SOS None->None
[20:55:34] CODIGO          s28003: 129.3 s · persiste 1 (vivos 5, t_ext None) · B_pre 46.7 · nac post/pre 0.589 · t_rec None · R0 final solo 0.3333 (n 42) · nac solo 42 · SOS 0.0298->0.0
[20:57:38] PERILLAS        s28003: 123.5 s · persiste 1 (vivos 2, t_ext None) · B_pre 49.7 · nac post/pre 0.556 · t_rec None · R0 final solo 0.2235 (n 85) · nac solo 85 · SOS None->None
[20:59:27] EXPLORATORIO FABLE mundo suave {'tipo': 'fijo', 't': 8000, 'tabla': {'A': (0.0, 0.0), 'B': (0.4, 0.0)}} · {'T': 36000, 't_cambio': 8000, 't_corte': 24000, 'r0_margen': 4000} · brazos ['CODIGO', 'PERILLAS'] · semillas [28004, 28005, 28006]
[20:59:28] EXPLORATORIO FABLE mundo suave {'tipo': 'fijo', 't': 8000, 'tabla': {'A': (0.0, 0.0), 'B': (0.4, 0.0)}} · {'T': 36000, 't_cambio': 8000, 't_corte': 24000, 'r0_margen': 4000} · brazos ['CODIGO_SIN_SOS'] · semillas [28001, 28002, 28003]
[21:01:50] CODIGO          s28004: 142.4 s · persiste 1 (vivos 7, t_ext None) · B_pre 47.0 · nac post/pre 0.593 · t_rec None · R0 final solo 0.4524 (n 84) · nac solo 84 · SOS 0.0247->0.0
[21:01:56] CODIGO_SIN_SOS  s28001: 148.5 s · persiste 1 (vivos 10, t_ext None) · B_pre 43.7 · nac post/pre 0.613 · t_rec 12000 · R0 final solo 0.4919 (n 124) · nac solo 124 · SOS 0.0->0.0
[21:03:58] PERILLAS        s28004: 128.6 s · persiste 1 (vivos 7, t_ext None) · B_pre 45.7 · nac post/pre 0.512 · t_rec None · R0 final solo 0.4697 (n 66) · nac solo 66 · SOS None->None
[21:04:08] CODIGO_SIN_SOS  s28002: 132.3 s · persiste 1 (vivos 1, t_ext None) · B_pre 51.3 · nac post/pre 0.66 · t_rec 8000 · R0 final solo 0.5135 (n 74) · nac solo 74 · SOS 0.0->0.0
[21:06:12] CODIGO          s28005: 133.1 s · persiste 1 (vivos 4, t_ext None) · B_pre 46.7 · nac post/pre 0.544 · t_rec None · R0 final solo 0.2899 (n 69) · nac solo 69 · SOS 0.0233->0.0
[21:06:24] CODIGO_SIN_SOS  s28003: 135.9 s · persiste 1 (vivos 9, t_ext None) · B_pre 48.3 · nac post/pre 0.566 · t_rec None · R0 final solo 0.55 (n 80) · nac solo 80 · SOS 0.0->0.0
[21:08:00] PERILLAS        s28005: 108.9 s · persiste 1 (vivos 1, t_ext None) · B_pre 48.7 · nac post/pre 0.552 · t_rec None · R0 final solo 0.2206 (n 68) · nac solo 68 · SOS None->None
[21:09:56] CODIGO          s28006: 115.2 s · persiste 1 (vivos 8, t_ext None) · B_pre 51.0 · nac post/pre 0.517 · t_rec None · R0 final solo 0.3333 (n 66) · nac solo 66 · SOS 0.0281->0.0
[21:11:52] PERILLAS        s28006: 116.5 s · persiste 1 (vivos 9, t_ext None) · B_pre 50.0 · nac post/pre 0.497 · t_rec None · R0 final solo 0.65 (n 80) · nac solo 80 · SOS None->None
[21:18:15] EXPLORATORIO FABLE mundo suave {'tipo': 'fijo', 't': 8000, 'tabla': {'A': (0.0, 0.0), 'B': (0.4, 0.0)}} · {'T': 36000, 't_cambio': 8000, 't_corte': 24000, 'r0_margen': 4000} · brazos ['CODIGO_SIN_SOS'] · semillas [28004, 28005, 28006]
[21:20:04] CODIGO_SIN_SOS  s28004: 109.4 s · persiste 1 (vivos 7, t_ext None) · B_pre 47.0 · nac post/pre 0.593 · t_rec None · R0 final solo 0.4524 (n 84) · nac solo 84 · SOS 0.0->0.0
[21:22:08] CODIGO_SIN_SOS  s28005: 123.7 s · persiste 1 (vivos 19, t_ext None) · B_pre 47.7 · nac post/pre 0.8 · t_rec 8000 · R0 final solo 0.6518 (n 247) · nac solo 247 · SOS 0.0->0.0
[21:24:03] CODIGO_SIN_SOS  s28006: 115.1 s · persiste 1 (vivos 11, t_ext None) · B_pre 47.7 · nac post/pre 0.616 · t_rec 12000 · R0 final solo 0.2718 (n 103) · nac solo 103 · SOS 0.0->0.0
