CORRE_ECO_A_CARRERA · explora · 20260928_155222 · python 3.14.2 · pool NO (un proceso) · corre_eco_a_carrera.py c77649bd5b7fa1a1 · carpeta C:\Users\User\Documents\PROYECTOS\JUACO\organelos\experimentos\organelos\eco_a_carrera\datos\eac_explora_s39401-39410_T100000
  tareas 15 · brazos ['selv', 'v143', 'o1'] · semillas [39401, 39402, 39403, 39404, 39405] · T 100000 · fundador limpio 1 · reanuda False
  sha experimentos\organelos\frio_carrera\corre_frio_carrera.py 49de4dd28a8f3c3a OK
  sha experimentos\organelos\frio_carrera\carros\V143_RES0.py fab1d8068fe901a5 OK
  sha experimentos\organelos\frio_carrera\carros\V143_TEL.py f73f8ea41399bb79 OK
  sha experimentos\tronco_v14_3\corre_v143.py 24100621c450da22 OK
  sha experimentos\tronco_v14_3\carros_v143\V143.py 2a03048a7f1525e5 OK
  sha experimentos\carrera_escuderias\pista.py 9f47c65e438e0ff4 OK
  sha experimentos\carrera_escuderias\juez.py 6a68f640a7832f12 OK
  sha experimentos\carrera_escuderias\carros\O1.py 99436afa2715f028 OK
  sha genomas_eco_sel.json 84b64bf54acff2b0 OK
  carro EAC_G0 sha e04c28bcbf6a203a == construye: True · revisa_carro: PASA
  carro EAC_SEL sha 719c30d37a3df716 == construye: True · revisa_carro: PASA
  carro EAC_AZA sha 831b3d33e99e813c == construye: True · revisa_carro: PASA
  carro EAC_SELV sha d1581958ccabe19f == construye: True · revisa_carro: PASA
  IDENTIDAD CORTA: EAC_G0 con GENOMA None == V143_RES0 de frio_carrera (salida ENTERA, N 9, s 39491, T 2000): OK
  [  126.8s] v143 s39401 (122.2s) genoma None aborto None · R0 real por linaje [0.2816, 0.9655, 0.9615, 0.0074, 0.9524, 0.7407, 0.2714, 0.0387, 0.8889] · fundadores [73, 0, 0, 1068, 0, 6, 50, 545, 3]
  [  253.0s] selv s39401 (126.2s) genoma serie:SEL_C:45301 aborto None · R0 real por linaje [0.0199, 0.0144, 0.9375, 0.124, 0.963, 0.0669, 0.8684, 0.0022, 0.5312] · fundadores [393, 411, 1, 105, 0, 236, 4, 444, 29]
  [  497.9s] o1 s39401 (244.9s) genoma None aborto None · R0 real por linaje [0.95, 0.9333, 0.9375, 0.875, 0.9333, 0.9412, 0.9333, 0.0068, 0.9444] · fundadores [0, 0, 0, 0, 0, 0, 0, 438, 0]
  [  623.6s] v143 s39402 (125.7s) genoma None aborto None · R0 real por linaje [0.9756, 0.2705, 0.8824, 0.0075, 0.6909, 0.1623, 0.7021, 0.963, 0.9714] · fundadores [0, 88, 3, 1183, 16, 159, 13, 0, 0]
  [  777.1s] selv s39402 (153.5s) genoma serie:SEL_C:45302 aborto None · R0 real por linaje [0.4821, 0.6905, 0.0565, 0.9615, 0.9706, 0.1057, 0.9, 0.0613, 0.031] · fundadores [28, 12, 333, 0, 0, 219, 2, 351, 406]
  [ 1101.8s] o1 s39402 (324.7s) genoma None aborto None · R0 real por linaje [0.9167, 0.9375, 0.9167, 0.9231, 0.9231, 0.2, 0.0067, 0.9, 0.9375] · fundadores [0, 0, 0, 0, 0, 47, 444, 0, 0]
  [ 1267.1s] v143 s39403 (165.3s) genoma None aborto None · R0 real por linaje [0.973, 0.9697, 0.6222, 0.9688, 0.0026, 0.5, 0.0823, 0.9565, 0.9706] · fundadores [0, 0, 16, 0, 1137, 33, 300, 0, 0]
  [ 1428.0s] selv s39403 (160.9s) genoma serie:SEL_C:45303 aborto None · R0 real por linaje [0.75, 0.7097, 0.9286, 0.8235, 0.975, 0.2301, 0.0719, 0.0075, 0.9697] · fundadores [8, 8, 1, 5, 0, 86, 257, 1462, 0]
  [ 1770.5s] o1 s39403 (342.5s) genoma None aborto None · R0 real por linaje [0.8571, 0.4681, 0.9565, 0.9444, 0.9545, 0.95, 0.9545, 0.95, 0.1604] · fundadores [2, 24, 0, 0, 0, 0, 0, 0, 88]
  [ 1925.3s] v143 s39404 (154.7s) genoma None aborto None · R0 real por linaje [0.0229, 0.9667, 0.1232, 0.7308, 0.9655, 0.0084, 0.8077, 0.95, 0.75] · fundadores [683, 0, 177, 6, 0, 948, 4, 0, 10]
  [ 2082.3s] selv s39404 (157.0s) genoma serie:SEL_C:45304 aborto None · R0 real por linaje [0.9615, 0.9655, 0.124, 0.8261, 0.007, 0.8684, 0.7736, 0.9722, 0.3274] · fundadores [0, 0, 225, 7, 1130, 4, 11, 0, 75]
  [ 2430.2s] o1 s39404 (347.9s) genoma None aborto None · R0 real por linaje [0.9412, 0.9375, 0.3514, 0.6667, 0.9524, 0.0415, 0.9524, 0.9524, 0.9545] · fundadores [0, 0, 23, 12, 0, 207, 0, 0, 0]
  [ 2580.2s] v143 s39405 (149.9s) genoma None aborto None · R0 real por linaje [0.3538, 0.9667, 0.623, 0.0668, 0.0685, 0.0031, 0.9167, 0.9444, 0.9583] · fundadores [41, 0, 22, 446, 230, 962, 2, 0, 0]
  [ 2729.9s] selv s39405 (149.7s) genoma serie:SEL_C:45305 aborto None · R0 real por linaje [0.0676, 0.0107, 0.4533, 0.0242, 0.3271, 0.157, 0.551, 0.7833, 0.0528] · fundadores [261, 369, 40, 362, 71, 144, 21, 12, 304]
  [ 3040.2s] o1 s39405 (310.3s) genoma None aborto None · R0 real por linaje [0.9474, 0.95, 0.9545, 0.9545, 0.9412, 0.9375, 0.0122, 0.9412, 0.9444] · fundadores [0, 0, 0, 0, 0, 0, 324, 0, 0]

  EXPLORA: 15 corridas escritas en C:\Users\User\Documents\PROYECTOS\JUACO\organelos\experimentos\organelos\eco_a_carrera\datos\eac_explora_s39401-39410_T100000; se resume con --lee cuando terminen todos los procesos.
