[14:20:10] F1 FRIO frio_serie_s35021-35040 · T 1000000 · brazos {'RES0_FRIO': ('MUT0', 'FAMB_RES0_ECO', 1), 'RES0_10k': ('MUT0', 'FAMB_RES0_ECO', 10000), 'RES0_60k': ('MUT0', 'FAMB_RES0_ECO', 60000), 'BAR0_FRIO': ('MUT0', 'BAR0_ECO', 1), 'FAB_FRIO': ('MUT0', 'FABRICA_ECO', 1)} · pool 6 · motor GEMELO motor_frio_rapido · shas {'corre_frio.py': '3ba8b0f5cf1fbbfa', 'construye_frio.py': '5dec635e6ffe55d4', 'motor_frio_rapido.py': 'ff9d890a5cce9dec', 'carros/BAR0_ECO.py': 'a4b899611bd71197', 'PREREGISTRO_frio.md': '43129620e9e22479', 'juaco_eco/corre_eco_v12.py': '1340d268e1fd93d8', 'juaco_eco/corre_eco.py': '47d9cee4d6462116', 'juaco_eco/motor_eco.py': 'bca3033878b59622', 'juaco_eco/motor_eco_rapido_fam.py': 'd1f16769a53bb51c', 'juaco_eco/carros/FAMB_RES0_ECO.py': '94ea78589bc2ce24', 'juaco_eco/carros/FABRICA_ECO.py': 'f1163009cb5193a2'}
[14:20:59] [1/100] RES0_60k s35021: persiste 1 (vivos 34) · t_ext None · refundados 21086 · r0_nac 0.9788 · max_vivos 243 · aborto None (47.3 s; 49 s)
[14:21:00] [2/100] RES0_60k s35024: persiste 1 (vivos 23) · t_ext None · refundados 20850 · r0_nac 0.9801 · max_vivos 237 · aborto None (47.5 s; 49 s)
[14:21:00] [3/100] RES0_60k s35023: persiste 1 (vivos 37) · t_ext None · refundados 20630 · r0_nac 0.9783 · max_vivos 237 · aborto None (47.7 s; 49 s)
[14:21:00] [4/100] RES0_60k s35026: persiste 1 (vivos 37) · t_ext None · refundados 20989 · r0_nac 0.9771 · max_vivos 242 · aborto None (48.1 s; 50 s)
[14:21:00] [5/100] RES0_60k s35022: persiste 1 (vivos 24) · t_ext None · refundados 21309 · r0_nac 0.978 · max_vivos 243 · aborto None (48.3 s; 50 s)
[14:21:01] [6/100] RES0_60k s35025: persiste 1 (vivos 28) · t_ext None · refundados 21056 · r0_nac 0.9779 · max_vivos 246 · aborto None (49.4 s; 51 s)
[14:21:48] [7/100] RES0_60k s35027: persiste 1 (vivos 28) · t_ext None · refundados 20882 · r0_nac 0.9792 · max_vivos 243 · aborto None (48.3 s; 97 s)
[14:21:48] [8/100] RES0_60k s35028: persiste 1 (vivos 34) · t_ext None · refundados 20942 · r0_nac 0.9775 · max_vivos 242 · aborto None (48.1 s; 97 s)
[14:21:48] [9/100] RES0_60k s35029: persiste 1 (vivos 27) · t_ext None · refundados 21254 · r0_nac 0.9783 · max_vivos 239 · aborto None (48.0 s; 97 s)
[14:21:48] [10/100] RES0_60k s35030: persiste 1 (vivos 32) · t_ext None · refundados 21119 · r0_nac 0.9763 · max_vivos 246 · aborto None (48.0 s; 98 s)
[14:21:48] [11/100] RES0_60k s35031: persiste 1 (vivos 28) · t_ext None · refundados 20983 · r0_nac 0.9782 · max_vivos 240 · aborto None (48.2 s; 98 s)
[14:21:52] [12/100] RES0_60k s35032: persiste 1 (vivos 34) · t_ext None · refundados 20820 · r0_nac 0.9776 · max_vivos 242 · aborto None (50.2 s; 101 s)
[14:22:44] [13/100] RES0_60k s35035: persiste 1 (vivos 27) · t_ext None · refundados 21066 · r0_nac 0.9754 · max_vivos 247 · aborto None (56.4 s; 154 s)
[14:22:44] [14/100] RES0_60k s35034: persiste 1 (vivos 34) · t_ext None · refundados 20832 · r0_nac 0.9736 · max_vivos 240 · aborto None (56.7 s; 154 s)
[14:22:45] [15/100] RES0_60k s35033: persiste 1 (vivos 28) · t_ext None · refundados 20685 · r0_nac 0.9779 · max_vivos 241 · aborto None (57.0 s; 154 s)
[14:22:46] [16/100] RES0_60k s35037: persiste 1 (vivos 32) · t_ext None · refundados 20867 · r0_nac 0.977 · max_vivos 240 · aborto None (57.0 s; 155 s)
[14:22:46] [17/100] RES0_60k s35036: persiste 1 (vivos 30) · t_ext None · refundados 21110 · r0_nac 0.978 · max_vivos 240 · aborto None (57.4 s; 155 s)
[14:22:50] [18/100] RES0_60k s35038: persiste 1 (vivos 31) · t_ext None · refundados 20775 · r0_nac 0.9782 · max_vivos 243 · aborto None (57.9 s; 159 s)
[14:23:27] [19/100] RES0_10k s35023: persiste 1 (vivos 26) · t_ext None · refundados 3043 · r0_nac 0.9973 · max_vivos 217 · aborto None (40.8 s; 196 s)
[14:23:27] [20/100] RES0_10k s35021: persiste 1 (vivos 21) · t_ext None · refundados 3093 · r0_nac 0.9963 · max_vivos 220 · aborto None (42.3 s; 197 s)
[14:23:27] [21/100] RES0_10k s35022: persiste 1 (vivos 26) · t_ext None · refundados 3148 · r0_nac 0.9962 · max_vivos 222 · aborto None (41.8 s; 197 s)
[14:23:33] [22/100] RES0_10k s35024: persiste 1 (vivos 37) · t_ext None · refundados 3122 · r0_nac 0.9961 · max_vivos 234 · aborto None (43.0 s; 202 s)
[14:23:41] [23/100] RES0_60k s35039: persiste 1 (vivos 34) · t_ext None · refundados 20988 · r0_nac 0.9759 · max_vivos 242 · aborto None (56.2 s; 210 s)
[14:23:42] [24/100] RES0_60k s35040: persiste 1 (vivos 30) · t_ext None · refundados 21446 · r0_nac 0.9792 · max_vivos 252 · aborto None (57.5 s; 212 s)
[14:24:08] [25/100] RES0_10k s35025: persiste 1 (vivos 28) · t_ext None · refundados 3057 · r0_nac 0.9956 · max_vivos 220 · aborto None (41.1 s; 237 s)
[14:24:09] [26/100] RES0_10k s35027: persiste 1 (vivos 27) · t_ext None · refundados 3155 · r0_nac 0.996 · max_vivos 227 · aborto None (41.6 s; 239 s)
[14:24:09] [27/100] RES0_10k s35026: persiste 1 (vivos 32) · t_ext None · refundados 2956 · r0_nac 0.9953 · max_vivos 221 · aborto None (42.0 s; 239 s)
[14:24:15] [28/100] RES0_10k s35028: persiste 1 (vivos 34) · t_ext None · refundados 3072 · r0_nac 0.9955 · max_vivos 236 · aborto None (42.0 s; 244 s)
[14:24:22] [29/100] RES0_10k s35029: persiste 1 (vivos 25) · t_ext None · refundados 3022 · r0_nac 0.9958 · max_vivos 232 · aborto None (41.9 s; 252 s)
[14:24:24] [30/100] RES0_10k s35030: persiste 1 (vivos 31) · t_ext None · refundados 2946 · r0_nac 0.9953 · max_vivos 228 · aborto None (41.7 s; 254 s)
[14:24:51] [31/100] RES0_10k s35031: persiste 1 (vivos 36) · t_ext None · refundados 3044 · r0_nac 0.9965 · max_vivos 222 · aborto None (42.8 s; 280 s)
[14:24:53] [32/100] RES0_10k s35032: persiste 1 (vivos 28) · t_ext None · refundados 3078 · r0_nac 0.9965 · max_vivos 223 · aborto None (44.0 s; 283 s)
[14:24:53] [33/100] RES0_10k s35033: persiste 1 (vivos 39) · t_ext None · refundados 2933 · r0_nac 0.9961 · max_vivos 223 · aborto None (44.2 s; 283 s)
[14:25:01] [34/100] RES0_10k s35034: persiste 1 (vivos 30) · t_ext None · refundados 2959 · r0_nac 0.9974 · max_vivos 222 · aborto None (45.8 s; 290 s)
[14:25:09] [35/100] RES0_10k s35035: persiste 1 (vivos 28) · t_ext None · refundados 3096 · r0_nac 0.9957 · max_vivos 240 · aborto None (46.1 s; 298 s)
[14:25:10] [36/100] RES0_10k s35036: persiste 1 (vivos 31) · t_ext None · refundados 2995 · r0_nac 0.9967 · max_vivos 225 · aborto None (45.8 s; 299 s)
[14:25:38] [37/100] RES0_10k s35037: persiste 1 (vivos 28) · t_ext None · refundados 3062 · r0_nac 0.9967 · max_vivos 220 · aborto None (47.4 s; 328 s)
[14:25:40] [38/100] RES0_10k s35038: persiste 1 (vivos 27) · t_ext None · refundados 3147 · r0_nac 0.9968 · max_vivos 235 · aborto None (47.2 s; 330 s)
[14:25:41] [39/100] RES0_10k s35039: persiste 1 (vivos 36) · t_ext None · refundados 3093 · r0_nac 0.9961 · max_vivos 223 · aborto None (47.3 s; 330 s)
[14:25:51] [40/100] RES0_10k s35040: persiste 1 (vivos 26) · t_ext None · refundados 3163 · r0_nac 0.9957 · max_vivos 233 · aborto None (50.2 s; 341 s)
[14:25:55] [41/100] RES0_FRIO s35021: persiste 1 (vivos 37) · t_ext None · refundados 0 · r0_nac 1.0006 · max_vivos 90 · aborto None (46.1 s; 345 s)
[14:25:56] [42/100] RES0_FRIO s35022: persiste 1 (vivos 27) · t_ext None · refundados 0 · r0_nac 0.9994 · max_vivos 90 · aborto None (46.3 s; 346 s)
[14:26:22] [43/100] RES0_FRIO s35023: persiste 1 (vivos 25) · t_ext None · refundados 0 · r0_nac 1.0003 · max_vivos 90 · aborto None (44.3 s; 372 s)
[14:26:24] [44/100] RES0_FRIO s35024: persiste 1 (vivos 40) · t_ext None · refundados 0 · r0_nac 1.0 · max_vivos 90 · aborto None (43.9 s; 374 s)
[14:26:25] [45/100] RES0_FRIO s35025: persiste 1 (vivos 29) · t_ext None · refundados 0 · r0_nac 1.0007 · max_vivos 90 · aborto None (44.8 s; 375 s)
[14:26:34] [46/100] RES0_FRIO s35026: persiste 1 (vivos 38) · t_ext None · refundados 0 · r0_nac 0.9999 · max_vivos 90 · aborto None (43.2 s; 384 s)
[14:26:37] [47/100] RES0_FRIO s35027: persiste 1 (vivos 28) · t_ext None · refundados 0 · r0_nac 1.0002 · max_vivos 90 · aborto None (42.2 s; 387 s)
[14:26:38] [48/100] RES0_FRIO s35028: persiste 1 (vivos 18) · t_ext None · refundados 0 · r0_nac 1.0008 · max_vivos 90 · aborto None (41.8 s; 388 s)
[14:27:04] [49/100] RES0_FRIO s35029: persiste 1 (vivos 25) · t_ext None · refundados 0 · r0_nac 1.0002 · max_vivos 90 · aborto None (41.5 s; 414 s)
[14:27:07] [50/100] RES0_FRIO s35030: persiste 1 (vivos 31) · t_ext None · refundados 0 · r0_nac 0.9997 · max_vivos 90 · aborto None (42.3 s; 416 s)
[14:27:08] [51/100] RES0_FRIO s35031: persiste 1 (vivos 39) · t_ext None · refundados 0 · r0_nac 1.0004 · max_vivos 90 · aborto None (42.8 s; 418 s)
[14:27:18] [52/100] RES0_FRIO s35032: persiste 1 (vivos 22) · t_ext None · refundados 0 · r0_nac 0.9989 · max_vivos 90 · aborto None (43.7 s; 428 s)
[14:27:20] [53/100] RES0_FRIO s35033: persiste 1 (vivos 26) · t_ext None · refundados 0 · r0_nac 1.0004 · max_vivos 90 · aborto None (42.9 s; 430 s)
[14:27:21] [54/100] RES0_FRIO s35034: persiste 1 (vivos 39) · t_ext None · refundados 0 · r0_nac 0.9999 · max_vivos 90 · aborto None (42.7 s; 430 s)
[14:27:47] [55/100] RES0_FRIO s35035: persiste 1 (vivos 29) · t_ext None · refundados 0 · r0_nac 0.9996 · max_vivos 90 · aborto None (42.9 s; 457 s)
[14:27:47] [56/100] BAR0_FRIO s35021: persiste 0 (vivos 0) · t_ext 2490 · refundados 0 · r0_nac None · max_vivos 90 · aborto None (0.2 s; 457 s)
[14:27:47] [57/100] BAR0_FRIO s35022: persiste 0 (vivos 0) · t_ext 5376 · refundados 0 · r0_nac None · max_vivos 90 · aborto None (0.1 s; 457 s)
[14:27:47] [58/100] BAR0_FRIO s35023: persiste 0 (vivos 0) · t_ext 10220 · refundados 0 · r0_nac None · max_vivos 90 · aborto None (0.2 s; 457 s)
[14:27:49] [59/100] RES0_FRIO s35036: persiste 1 (vivos 34) · t_ext None · refundados 0 · r0_nac 1.0004 · max_vivos 90 · aborto None (42.4 s; 459 s)
[14:27:50] [60/100] RES0_FRIO s35037: persiste 1 (vivos 26) · t_ext None · refundados 0 · r0_nac 0.9997 · max_vivos 90 · aborto None (41.7 s; 460 s)
[14:27:56] [61/100] BAR0_FRIO s35024: persiste 0 (vivos 0) · t_ext 414133 · refundados 0 · r0_nac 0.9927 · max_vivos 90 · aborto None (8.5 s; 466 s)
[14:27:59] [62/100] BAR0_FRIO s35027: persiste 0 (vivos 0) · t_ext 227788 · refundados 0 · r0_nac 0.976 · max_vivos 90 · aborto None (3.5 s; 469 s)
[14:28:00] [63/100] BAR0_FRIO s35028: persiste 0 (vivos 0) · t_ext 3139 · refundados 0 · r0_nac None · max_vivos 90 · aborto None (0.1 s; 469 s)
[14:28:02] [64/100] BAR0_FRIO s35026: persiste 0 (vivos 0) · t_ext 638711 · refundados 0 · r0_nac 0.994 · max_vivos 90 · aborto None (11.9 s; 472 s)
[14:28:03] [65/100] RES0_FRIO s35038: persiste 1 (vivos 31) · t_ext None · refundados 0 · r0_nac 0.9999 · max_vivos 90 · aborto None (45.2 s; 473 s)
[14:28:05] [66/100] RES0_FRIO s35039: persiste 1 (vivos 29) · t_ext None · refundados 0 · r0_nac 1.0003 · max_vivos 90 · aborto None (44.9 s; 475 s)
[14:28:05] [67/100] BAR0_FRIO s35032: persiste 0 (vivos 0) · t_ext 8611 · refundados 0 · r0_nac None · max_vivos 90 · aborto None (0.2 s; 475 s)
[14:28:06] [68/100] BAR0_FRIO s35031: persiste 0 (vivos 0) · t_ext 161397 · refundados 0 · r0_nac 0.9666 · max_vivos 90 · aborto None (2.6 s; 475 s)
[14:28:06] [69/100] RES0_FRIO s35040: persiste 1 (vivos 27) · t_ext None · refundados 0 · r0_nac 1.0006 · max_vivos 90 · aborto None (45.4 s; 476 s)
[14:28:06] [70/100] BAR0_FRIO s35035: persiste 0 (vivos 0) · t_ext 6309 · refundados 0 · r0_nac None · max_vivos 90 · aborto None (0.2 s; 476 s)
[14:28:08] [71/100] BAR0_FRIO s35025: persiste 1 (vivos 6) · t_ext None · refundados 0 · r0_nac 1.0038 · max_vivos 90 · aborto None (18.9 s; 478 s)
[14:28:08] [72/100] BAR0_FRIO s35029: persiste 0 (vivos 0) · t_ext 510752 · refundados 0 · r0_nac 0.9931 · max_vivos 90 · aborto None (8.4 s; 478 s)
[14:28:09] [73/100] BAR0_FRIO s35038: persiste 0 (vivos 0) · t_ext 56706 · refundados 0 · r0_nac 0.9331 · max_vivos 90 · aborto None (0.9 s; 479 s)
[14:28:10] [74/100] BAR0_FRIO s35039: persiste 0 (vivos 0) · t_ext 75250 · refundados 0 · r0_nac 0.9832 · max_vivos 90 · aborto None (1.2 s; 480 s)
[14:28:11] [75/100] BAR0_FRIO s35040: persiste 0 (vivos 0) · t_ext 67888 · refundados 0 · r0_nac 0.8655 · max_vivos 90 · aborto None (0.8 s; 481 s)
[14:28:11] [76/100] FAB_FRIO s35021: persiste 0 (vivos 0) · t_ext 4663 · refundados 0 · r0_nac None · max_vivos 90 · aborto None (0.1 s; 481 s)
[14:28:11] [77/100] FAB_FRIO s35022: persiste 0 (vivos 0) · t_ext 4856 · refundados 0 · r0_nac None · max_vivos 90 · aborto None (0.2 s; 481 s)
[14:28:12] [78/100] FAB_FRIO s35023: persiste 0 (vivos 0) · t_ext 15962 · refundados 0 · r0_nac 0.0 · max_vivos 90 · aborto None (0.2 s; 481 s)
[14:28:12] [79/100] FAB_FRIO s35024: persiste 0 (vivos 0) · t_ext 6217 · refundados 0 · r0_nac None · max_vivos 90 · aborto None (0.2 s; 481 s)
[14:28:12] [80/100] FAB_FRIO s35025: persiste 0 (vivos 0) · t_ext 5434 · refundados 0 · r0_nac None · max_vivos 90 · aborto None (0.2 s; 482 s)
[14:28:12] [81/100] FAB_FRIO s35026: persiste 0 (vivos 0) · t_ext 6043 · refundados 0 · r0_nac None · max_vivos 90 · aborto None (0.2 s; 482 s)
[14:28:12] [82/100] FAB_FRIO s35027: persiste 0 (vivos 0) · t_ext 5830 · refundados 0 · r0_nac None · max_vivos 90 · aborto None (0.2 s; 482 s)
[14:28:12] [83/100] FAB_FRIO s35028: persiste 0 (vivos 0) · t_ext 5078 · refundados 0 · r0_nac None · max_vivos 90 · aborto None (0.2 s; 482 s)
[14:28:13] [84/100] FAB_FRIO s35029: persiste 0 (vivos 0) · t_ext 17012 · refundados 0 · r0_nac 0.2308 · max_vivos 90 · aborto None (0.2 s; 482 s)
[14:28:13] [85/100] FAB_FRIO s35030: persiste 0 (vivos 0) · t_ext 5296 · refundados 0 · r0_nac None · max_vivos 90 · aborto None (0.2 s; 483 s)
[14:28:13] [86/100] FAB_FRIO s35031: persiste 0 (vivos 0) · t_ext 4763 · refundados 0 · r0_nac None · max_vivos 90 · aborto None (0.2 s; 483 s)
[14:28:13] [87/100] FAB_FRIO s35032: persiste 0 (vivos 0) · t_ext 6579 · refundados 0 · r0_nac None · max_vivos 90 · aborto None (0.2 s; 483 s)
[14:28:13] [88/100] FAB_FRIO s35033: persiste 0 (vivos 0) · t_ext 8332 · refundados 0 · r0_nac None · max_vivos 90 · aborto None (0.2 s; 483 s)
[14:28:13] [89/100] FAB_FRIO s35034: persiste 0 (vivos 0) · t_ext 6499 · refundados 0 · r0_nac None · max_vivos 90 · aborto None (0.2 s; 483 s)
[14:28:14] [90/100] FAB_FRIO s35035: persiste 0 (vivos 0) · t_ext 6946 · refundados 0 · r0_nac None · max_vivos 90 · aborto None (0.1 s; 483 s)
[14:28:14] [91/100] FAB_FRIO s35036: persiste 0 (vivos 0) · t_ext 12541 · refundados 0 · r0_nac 0.0 · max_vivos 90 · aborto None (0.2 s; 484 s)
[14:28:14] [92/100] BAR0_FRIO s35037: persiste 0 (vivos 0) · t_ext 343385 · refundados 0 · r0_nac 0.984 · max_vivos 90 · aborto None (6.0 s; 484 s)
[14:28:14] [93/100] FAB_FRIO s35037: persiste 0 (vivos 0) · t_ext 7961 · refundados 0 · r0_nac None · max_vivos 90 · aborto None (0.2 s; 484 s)
[14:28:14] [94/100] FAB_FRIO s35038: persiste 0 (vivos 0) · t_ext 4802 · refundados 0 · r0_nac None · max_vivos 90 · aborto None (0.1 s; 484 s)
[14:28:14] [95/100] FAB_FRIO s35039: persiste 0 (vivos 0) · t_ext 2976 · refundados 0 · r0_nac None · max_vivos 90 · aborto None (0.1 s; 484 s)
[14:28:14] [96/100] FAB_FRIO s35040: persiste 0 (vivos 0) · t_ext 3452 · refundados 0 · r0_nac None · max_vivos 90 · aborto None (0.1 s; 484 s)
[14:28:14] [97/100] BAR0_FRIO s35030: persiste 0 (vivos 0) · t_ext 692295 · refundados 0 · r0_nac 0.996 · max_vivos 90 · aborto None (12.0 s; 484 s)
[14:28:15] [98/100] BAR0_FRIO s35036: persiste 0 (vivos 0) · t_ext 560783 · refundados 0 · r0_nac 0.9929 · max_vivos 90 · aborto None (9.0 s; 485 s)
[14:28:16] [99/100] BAR0_FRIO s35034: persiste 0 (vivos 0) · t_ext 626499 · refundados 0 · r0_nac 0.9931 · max_vivos 90 · aborto None (10.2 s; 486 s)
[14:28:20] [100/100] BAR0_FRIO s35033: persiste 0 (vivos 0) · t_ext 978084 · refundados 0 · r0_nac 0.9933 · max_vivos 90 · aborto None (15.0 s; 490 s)
semillas por brazo: {'RES0_FRIO': 20, 'RES0_10k': 20, 'RES0_60k': 20, 'BAR0_FRIO': 20, 'FAB_FRIO': 20}; persiste en T = 1000000: {'RES0_FRIO': 20, 'RES0_10k': 20, 'RES0_60k': 20, 'BAR0_FRIO': 1, 'FAB_FRIO': 0}; guardia ERR-60 disparada (cuenta como persiste): {'RES0_FRIO': 0, 'RES0_10k': 0, 'RES0_60k': 0, 'BAR0_FRIO': 0, 'FAB_FRIO': 0}
abortos que no son la guardia: []; t_corte distinto del brazo: []; bloqueados: 0
R0 de NACIDOS (fund = 0) en [10000, T - 20000], mediana sobre las semillas (cohorte vacia = 0): {'RES0_FRIO': 1.0002, 'RES0_10k': 0.9961, 'RES0_60k': 0.9779, 'BAR0_FRIO': 0.9796, 'FAB_FRIO': 0.0}
descriptivo: cuerpos vivos en T en los que persisten (mediana) {'RES0_FRIO': 29.0, 'RES0_10k': 28.0, 'RES0_60k': 30.5, 'BAR0_FRIO': 6.0, 'FAB_FRIO': None}; t_ext (mediana de los que se extinguen) {'RES0_FRIO': None, 'RES0_10k': None, 'RES0_60k': None, 'BAR0_FRIO': 161397.0, 'FAB_FRIO': 5936.5}
descriptivo, DOSIS de vivero (RES0): t_corte 1 -> 20/20 · 10 000 -> 20/20 · 60 000 -> 20/20
V1 ancla RES0_60k >= 17/20: SE CUMPLE (20) · V2 frio limpio (0 refundados, 0 fundadores repuestos en los 3 brazos FRIO): SE CUMPLE []
P1 RES0_FRIO >= 15/20: SE CUMPLE (20) · P2 mediana R0 nacidos >= 0.90: SE CUMPLE (1.0002) · P3 FAB_FRIO <= 2/20: SE CUMPLE (0) · P4 BAR0_FRIO <= 5/20: SE CUMPLE (1) · M (MODESTO): RES0_FRIO >= 8, RES0 - BAR0 >= 6 (19), RES0 - FAB >= 6 (20): SE CUMPLE
VEREDICTO F1 POR LA LETRA (una serie; el del bloque exige serie + replica con el mismo veredicto): FUNCIONA: EL LINAJE ARRANCA EN FRIO CON LA TABLA DE LA FAMILIA (en esta serie)
[14:28:21] VEREDICTO: FUNCIONA: EL LINAJE ARRANCA EN FRIO CON LA TABLA DE LA FAMILIA (en esta serie)
