[11:57:20] ECO-T ventana replica (bancos de experimentos/juaco_eco/datos/eco_v11_serie_s19421-19440) · T 100000 · pool 3 · shas {'corre_transfiere.py': '629b30d6c184572f', 'pista.py': '9f47c65e438e0ff4', 'juez.py': '6a68f640a7832f12', 'motor_eco.py': 'bca3033878b59622', 'FABRICA.py': '2ebee3e99ea5a33a', 'PREREGISTRO_transfiere.md': 'b3753911dcd897b3'}
[11:58:37] [1/80] AZAR s19421 (c 29421): R0 real 0.1562 · persisten 1/9 (77.1 s; 77 s)
[11:58:39] [2/80] VIDA s19421 (c 29421): R0 real 0.3172 · persisten 0/9 (78.4 s; 78 s)
[11:58:39] [3/80] VIDA_P s19421 (c 29421): R0 real 0.2809 · persisten 0/9 (79.1 s; 79 s)
[11:59:58] [4/80] G0 s19421 (c 29421): R0 real 0.1576 · persisten 0/9 (80.6 s; 158 s)
[11:59:58] [5/80] VIDA s19422 (c 29422): R0 real 0.3248 · persisten 0/9 (79.3 s; 158 s)
[11:59:59] [6/80] VIDA_P s19422 (c 29422): R0 real 0.3608 · persisten 0/9 (79.8 s; 159 s)
[12:01:20] [7/80] VIDA s19423 (c 29423): R0 real 0.1733 · persisten 2/9 (80.4 s; 239 s)
[12:01:20] [8/80] AZAR s19422 (c 29422): R0 real 0.1529 · persisten 0/9 (81.8 s; 240 s)
[12:01:20] [9/80] G0 s19422 (c 29422): R0 real 0.1429 · persisten 0/9 (82.0 s; 240 s)
[12:02:37] [10/80] VIDA_P s19423 (c 29423): R0 real 0.1931 · persisten 1/9 (77.3 s; 317 s)
[12:02:39] [11/80] G0 s19423 (c 29423): R0 real 0.149 · persisten 0/9 (79.3 s; 319 s)
[12:02:45] [12/80] AZAR s19423 (c 29423): R0 real 0.0852 · persisten 1/9 (85.8 s; 325 s)
[12:03:55] [13/80] VIDA s19424 (c 29424): R0 real 0.2527 · persisten 0/9 (78.3 s; 395 s)
[12:03:58] [14/80] VIDA_P s19424 (c 29424): R0 real 0.3149 · persisten 0/9 (78.7 s; 398 s)
[12:04:05] [15/80] AZAR s19424 (c 29424): R0 real 0.095 · persisten 3/9 (79.6 s; 405 s)
[12:05:17] [16/80] G0 s19424 (c 29424): R0 real 0.1399 · persisten 0/9 (82.3 s; 477 s)
[12:05:19] [17/80] VIDA s19425 (c 29425): R0 real 0.3182 · persisten 0/9 (80.8 s; 479 s)
[12:05:24] [18/80] VIDA_P s19425 (c 29425): R0 real 0.2573 · persisten 1/9 (79.3 s; 484 s)
[12:06:39] [19/80] G0 s19425 (c 29425): R0 real 0.157 · persisten 0/9 (80.6 s; 559 s)
[12:06:40] [20/80] AZAR s19425 (c 29425): R0 real 0.1448 · persisten 2/9 (82.1 s; 560 s)
[12:06:43] [21/80] VIDA s19426 (c 29426): R0 real 0.2772 · persisten 0/9 (79.0 s; 563 s)
[12:07:57] [22/80] VIDA_P s19426 (c 29426): R0 real 0.2733 · persisten 0/9 (77.9 s; 637 s)
[12:08:00] [23/80] AZAR s19426 (c 29426): R0 real 0.0132 · persisten 2/9 (80.3 s; 640 s)
[12:08:04] [24/80] G0 s19426 (c 29426): R0 real 0.1585 · persisten 0/9 (80.4 s; 644 s)
