=== Wed Sep 30 20:39:43 HPS 2026 | replica P1; pool compartido: JUACO5 2 + diagnostico genoma 2 + esta 2 ===
[20:39:43] CORRE_P1 · replica · 20260930_203943 · python 3.14.2 · pool 2 · corre_p1.py 392b71186cf49b60 · carpeta C:\Users\User\Documents\PROYECTOS\JUACO\organelos\experimentos\organelos\escalera\datos\replica_s739101-739120_T100000_20260930_203943
[20:39:43]   semillas 739101-739120 · T 100000 · brazos ['lug', 'bar', 'o1', 'o1f'] · mundo oasis {'oasis': 1, 'extra': 0.8, 'pobre': 0.5, 'dens': 0.5, 'vista_r': 20} · reanuda False · nota ''
[20:39:43]   sha experimentos\tronco_v14_3\corre_v143.py 24100621c450da22 OK
[20:39:43]   sha experimentos\carrera_escuderias\pista.py 9f47c65e438e0ff4 OK
[20:39:43]   sha experimentos\carrera_escuderias\juez.py 6a68f640a7832f12 OK
[20:39:43]   sha experimentos\carrera_escuderias\carros\O1.py 99436afa2715f028 OK
[20:39:43]   carro O1_LUGAR == construye_p1: True (sha 49eee6bb278ea097)
[20:39:43]   carro O1_LUGAR_BAR == construye_p1: True (sha 93fc245b8db8794b)
[20:39:43]   carro O1_LUGAR0 == construye_p1: True (sha 33a7ab0c66fe2b82)
[20:39:43]   mundo_escalera: {'sha_pista': '9f47c65e438e0ff4', 'sha_juez': '6a68f640a7832f12', 'sha_fuente_transformada': '488e82252eece5f8', 'anclas': 9}
[20:39:58]   IDENTIDAD CORTA (salida ENTERA, N 9, s 739950, T 1500, fundador limpio): mundo oasis 0 == pista True · O1_LUGAR0 == O1 True · O1_LUGAR sin oasis == O1 (salvo su telemetria 'lugar') True
[20:41:44]   [  120.8s] i0 bar  (106.3s) aborto None cruzan 0/9 R0 0.1827 fund [160, 182, 123, 136, 151, 155, 184, 187, 179] · oasis ratio pasos 0.585 mord 2.883 · lugar bono 27 viajes 9310 binmax en oasis 7/9 bins bono en oasis 1.0 · mundo AC 12.6838
[20:41:47]   [  123.5s] i0 lug  (109.0s) aborto None cruzan 5/9 R0 0.9 fund [68, 2, 0, 0, 0, 58, 18, 3, 0] · oasis ratio pasos 7.513 mord 5.37 · lugar bono 22595 viajes 631019 binmax en oasis 9/9 bins bono en oasis 1.0 · mundo AC 6.7916
[20:42:43]   [  179.7s] i0 o1   (58.9s) aborto None cruzan 0/9 R0 0.2893 fund [8, 112, 119, 137, 261, 77, 48, 137, 42] · oasis ratio pasos 1.059 mord 2.739 · lugar bono None viajes None binmax en oasis None/None bins bono en oasis None · mundo AC 6.7982
[20:44:24]   [  280.2s] i1 lug  (100.5s) aborto None cruzan 7/9 R0 0.95 fund [0, 0, 30, 0, 150, 0, 0, 0, 0] · oasis ratio pasos 7.302 mord 5.38 · lugar bono 24511 viajes 660134 binmax en oasis 9/9 bins bono en oasis 1.0 · mundo AC 7.0677
[20:44:49]   [  305.2s] i0 o1f  (181.7s) aborto None cruzan 7/9 R0 0.9375 fund [0, 0, 0, 0, 20, 271, 0, 0, 0] · oasis ratio pasos None mord None · lugar bono None viajes None binmax en oasis None/None bins bono en oasis None · mundo AC 2.0336
[20:45:44]   [  360.8s] i1 o1   (55.6s) aborto None cruzan 0/9 R0 0.3129 fund [133, 43, 74, 91, 140, 67, 136, 100, 154] · oasis ratio pasos 1.068 mord 2.735 · lugar bono None viajes None binmax en oasis None/None bins bono en oasis None · mundo AC 6.8838
[20:46:05]   [  381.6s] i1 bar  (101.5s) aborto None cruzan 0/9 R0 0.2099 fund [161, 142, 140, 190, 127, 147, 138, 142, 137] · oasis ratio pasos 0.591 mord 2.777 · lugar bono 12 viajes 3985 binmax en oasis 4/9 bins bono en oasis 1.0 · mundo AC 12.1439
[20:47:46]   [  482.1s] i2 lug  (100.5s) aborto None cruzan 4/9 R0 0.7692 fund [0, 8, 10, 1, 0, 62, 5, 0, 148] · oasis ratio pasos 7.217 mord 5.213 · lugar bono 23350 viajes 654167 binmax en oasis 9/9 bins bono en oasis 1.0 · mundo AC 7.0761
[20:48:44]   [  540.3s] i1 o1f  (179.5s) aborto None cruzan 8/9 R0 0.9444 fund [0, 0, 164, 0, 0, 0, 0, 0, 0] · oasis ratio pasos None mord None · lugar bono None viajes None binmax en oasis None/None bins bono en oasis None · mundo AC 2.0289
[20:49:29]   [  585.1s] i2 bar  (103.0s) aborto None cruzan 0/9 R0 0.1709 fund [175, 158, 162, 133, 167, 164, 183, 180, 150] · oasis ratio pasos 0.615 mord 2.706 · lugar bono 43 viajes 8252 binmax en oasis 9/9 bins bono en oasis 1.0 · mundo AC 10.9811
[20:49:41]   [  597.2s] i2 o1   (57.0s) aborto None cruzan 1/9 R0 0.2485 fund [123, 187, 144, 160, 59, 204, 105, 4, 55] · oasis ratio pasos 1.047 mord 2.54 · lugar bono None viajes None binmax en oasis None/None bins bono en oasis None · mundo AC 7.6039
[20:51:17]   [  693.6s] i3 lug  (96.4s) aborto None cruzan 4/9 R0 0.6 fund [0, 20, 0, 0, 17, 132, 0, 49, 15] · oasis ratio pasos 7.516 mord 5.549 · lugar bono 23694 viajes 674224 binmax en oasis 9/9 bins bono en oasis 1.0 · mundo AC 7.614
[20:52:34]   [  771.0s] i2 o1f  (185.9s) aborto None cruzan 6/9 R0 0.9474 fund [156, 31, 0, 0, 2, 0, 0, 0, 0] · oasis ratio pasos None mord None · lugar bono None viajes None binmax en oasis None/None bins bono en oasis None · mundo AC 1.8644
[20:52:57]   [  793.9s] i3 bar  (100.3s) aborto None cruzan 0/9 R0 0.1878 fund [164, 146, 178, 146, 177, 162, 141, 145, 159] · oasis ratio pasos 0.578 mord 2.776 · lugar bono 26 viajes 2790 binmax en oasis 4/9 bins bono en oasis 1.0 · mundo AC 11.811
[20:53:28]   [  825.0s] i3 o1   (54.0s) aborto None cruzan 1/9 R0 0.25 fund [0, 78, 127, 133, 157, 104, 278, 55, 119] · oasis ratio pasos 1.049 mord 2.706 · lugar bono None viajes None binmax en oasis None/None bins bono en oasis None · mundo AC 6.6721
[20:55:08]   [  924.5s] i4 lug  (99.5s) aborto None cruzan 2/9 R0 0.7297 fund [9, 0, 5, 41, 126, 56, 3, 96, 0] · oasis ratio pasos 7.39 mord 5.285 · lugar bono 21589 viajes 640726 binmax en oasis 9/9 bins bono en oasis 1.0 · mundo AC 7.3349
[20:56:00]   [  976.5s] i3 o1f  (182.6s) aborto None cruzan 7/9 R0 0.95 fund [57, 0, 0, 0, 49, 0, 0, 0, 0] · oasis ratio pasos None mord None · lugar bono None viajes None binmax en oasis None/None bins bono en oasis None · mundo AC 1.9908
[20:56:52]   [ 1028.4s] i4 bar  (103.9s) aborto None cruzan 0/9 R0 0.1848 fund [163, 166, 149, 141, 165, 148, 177, 165, 139] · oasis ratio pasos 0.571 mord 2.909 · lugar bono 3 viajes 7904 binmax en oasis 7/9 bins bono en oasis 1.0 · mundo AC 12.1998
[20:56:56]   [ 1032.3s] i4 o1   (55.8s) aborto None cruzan 1/9 R0 0.2077 fund [274, 149, 55, 143, 83, 24, 3, 167, 144] · oasis ratio pasos 1.067 mord 2.671 · lugar bono None viajes None binmax en oasis None/None bins bono en oasis None · mundo AC 6.4728
[20:58:37]   [ 1133.7s] i5 lug  (101.4s) aborto None cruzan 5/9 R0 0.9091 fund [303, 0, 0, 9, 2, 0, 6, 0, 2] · oasis ratio pasos 6.567 mord 5.232 · lugar bono 24237 viajes 634483 binmax en oasis 8/9 bins bono en oasis 1.0 · mundo AC 6.6266
[20:59:53]   [ 1210.0s] i4 o1f  (181.6s) aborto None cruzan 6/9 R0 0.9444 fund [12, 0, 0, 0, 0, 0, 0, 24, 277] · oasis ratio pasos None mord None · lugar bono None viajes None binmax en oasis None/None bins bono en oasis None · mundo AC 2.1015
[21:00:18]   [ 1234.4s] i5 bar  (100.7s) aborto None cruzan 0/9 R0 0.1979 fund [166, 182, 150, 133, 153, 183, 138, 149, 143] · oasis ratio pasos 0.584 mord 2.801 · lugar bono 52 viajes 5081 binmax en oasis 5/9 bins bono en oasis 1.0 · mundo AC 12.0802
[21:00:51]   [ 1268.0s] i5 o1   (58.1s) aborto None cruzan 0/9 R0 0.3129 fund [24, 100, 45, 148, 300, 4, 80, 160, 143] · oasis ratio pasos 1.048 mord 2.719 · lugar bono None viajes None binmax en oasis None/None bins bono en oasis None · mundo AC 6.6991
[21:02:32]   [ 1368.6s] i6 lug  (100.6s) aborto None cruzan 4/9 R0 0.5926 fund [40, 30, 0, 0, 0, 10, 182, 32, 0] · oasis ratio pasos 7.627 mord 5.319 · lugar bono 23584 viajes 649985 binmax en oasis 9/9 bins bono en oasis 1.0 · mundo AC 8.2078
[21:03:26]   [ 1422.6s] i5 o1f  (188.2s) aborto None cruzan 8/9 R0 0.9524 fund [0, 0, 0, 87, 0, 0, 0, 0, 0] · oasis ratio pasos None mord None · lugar bono None viajes None binmax en oasis None/None bins bono en oasis None · mundo AC 1.894
[21:04:17]   [ 1474.0s] i6 bar  (105.4s) aborto None cruzan 0/9 R0 0.1937 fund [123, 153, 166, 147, 132, 143, 130, 183, 177] · oasis ratio pasos 0.57 mord 2.78 · lugar bono 17 viajes 4446 binmax en oasis 4/9 bins bono en oasis 1.0 · mundo AC 11.715
[21:04:24]   [ 1480.7s] i6 o1   (58.1s) aborto None cruzan 0/9 R0 0.2711 fund [16, 165, 15, 46, 120, 118, 167, 72, 222] · oasis ratio pasos 1.055 mord 2.73 · lugar bono None viajes None binmax en oasis None/None bins bono en oasis None · mundo AC 7.3655
[21:06:00]   [ 1576.9s] i7 lug  (96.2s) aborto None cruzan 2/9 R0 0.7879 fund [0, 0, 6, 5, 10, 3, 21, 16, 25] · oasis ratio pasos 7.958 mord 5.636 · lugar bono 23942 viajes 716317 binmax en oasis 9/9 bins bono en oasis 1.0 · mundo AC 7.975
[21:07:26]   [ 1662.5s] i6 o1f  (188.5s) aborto None cruzan 7/9 R0 0.9412 fund [0, 0, 0, 0, 264, 0, 71, 0, 0] · oasis ratio pasos None mord None · lugar bono None viajes None binmax en oasis None/None bins bono en oasis None · mundo AC 2.1284
[21:07:44]   [ 1680.7s] i7 bar  (103.8s) aborto None cruzan 0/9 R0 0.1934 fund [169, 168, 145, 132, 158, 142, 151, 138, 136] · oasis ratio pasos 0.595 mord 2.83 · lugar bono 23 viajes 4761 binmax en oasis 5/9 bins bono en oasis 1.0 · mundo AC 11.9264
[21:08:33]   [ 1729.6s] i7 o1   (67.1s) aborto None cruzan 1/9 R0 0.3934 fund [190, 45, 0, 146, 73, 182, 35, 155, 73] · oasis ratio pasos 1.061 mord 2.624 · lugar bono None viajes None binmax en oasis None/None bins bono en oasis None · mundo AC 6.4182
[21:10:51]   [ 1867.7s] i8 lug  (138.1s) aborto None cruzan 6/9 R0 0.95 fund [17, 35, 0, 0, 0, 0, 0, 0, 263] · oasis ratio pasos 7.231 mord 5.379 · lugar bono 23725 viajes 639900 binmax en oasis 9/9 bins bono en oasis 1.0 · mundo AC 7.3757
[21:11:41]   [ 1917.9s] i7 o1f  (237.1s) aborto None cruzan 6/9 R0 0.9333 fund [257, 0, 0, 150, 6, 0, 0, 0, 0] · oasis ratio pasos None mord None · lugar bono None viajes None binmax en oasis None/None bins bono en oasis None · mundo AC 2.1363
[21:12:50]   [ 1986.3s] i8 o1   (68.5s) aborto None cruzan 0/9 R0 0.4159 fund [68, 113, 205, 134, 65, 21, 199, 35, 30] · oasis ratio pasos 1.058 mord 2.648 · lugar bono None viajes None binmax en oasis None/None bins bono en oasis None · mundo AC 6.6836
[21:12:52]   [ 1988.8s] i8 bar  (121.1s) aborto None cruzan 0/9 R0 0.2048 fund [179, 118, 196, 137, 141, 135, 170, 131, 149] · oasis ratio pasos 0.551 mord 2.769 · lugar bono 12 viajes 6446 binmax en oasis 6/9 bins bono en oasis 1.0 · mundo AC 11.9023
[21:14:58]   [ 2114.8s] i9 lug  (126.1s) aborto None cruzan 4/9 R0 0.8889 fund [48, 2, 0, 0, 69, 0, 3, 1, 6] · oasis ratio pasos 7.288 mord 5.459 · lugar bono 25476 viajes 680595 binmax en oasis 9/9 bins bono en oasis 1.0 · mundo AC 7.5316
[21:16:41]   [ 2217.9s] i8 o1f  (231.6s) aborto None cruzan 7/9 R0 0.9231 fund [0, 0, 0, 0, 0, 0, 0, 0, 434] · oasis ratio pasos None mord None · lugar bono None viajes None binmax en oasis None/None bins bono en oasis None · mundo AC 2.2471
[21:17:05]   [ 2241.6s] i9 bar  (126.8s) aborto None cruzan 0/9 R0 0.1804 fund [165, 155, 158, 172, 108, 126, 158, 156, 166] · oasis ratio pasos 0.574 mord 2.74 · lugar bono 5 viajes 2784 binmax en oasis 3/9 bins bono en oasis 1.0 · mundo AC 11.6983
[21:17:46]   [ 2282.7s] i9 o1   (64.8s) aborto None cruzan 0/9 R0 0.3456 fund [86, 88, 103, 140, 59, 237, 37, 203, 42] · oasis ratio pasos 1.055 mord 2.701 · lugar bono None viajes None binmax en oasis None/None bins bono en oasis None · mundo AC 6.6435
[21:20:01]   [ 2417.8s] i10 lug  (135.1s) aborto None cruzan 5/9 R0 0.95 fund [3, 0, 0, 0, 47, 53, 0, 40, 0] · oasis ratio pasos 6.957 mord 5.232 · lugar bono 23552 viajes 644835 binmax en oasis 9/9 bins bono en oasis 1.0 · mundo AC 6.4242
[21:21:03]   [ 2479.4s] i9 o1f  (237.8s) aborto None cruzan 8/9 R0 0.95 fund [37, 0, 0, 0, 0, 0, 0, 0, 0] · oasis ratio pasos None mord None · lugar bono None viajes None binmax en oasis None/None bins bono en oasis None · mundo AC 1.9156
[21:22:13]   [ 2550.0s] i10 bar  (132.2s) aborto None cruzan 0/9 R0 0.199 fund [188, 128, 173, 156, 156, 125, 151, 165, 136] · oasis ratio pasos 0.582 mord 2.799 · lugar bono 6 viajes 1497 binmax en oasis 3/9 bins bono en oasis 1.0 · mundo AC 12.4169
[21:22:15]   [ 2551.5s] i10 o1   (72.1s) aborto None cruzan 0/9 R0 0.2737 fund [15, 126, 63, 129, 77, 116, 79, 181, 151] · oasis ratio pasos 1.067 mord 2.761 · lugar bono None viajes None binmax en oasis None/None bins bono en oasis None · mundo AC 6.8543
[21:24:35]   [ 2691.9s] i11 lug  (140.4s) aborto None cruzan 4/9 R0 0.7059 fund [21, 77, 13, 0, 153, 0, 1, 9, 0] · oasis ratio pasos 6.878 mord 5.125 · lugar bono 21412 viajes 609890 binmax en oasis 9/9 bins bono en oasis 1.0 · mundo AC 6.3491
[21:26:09]   [ 2785.1s] i10 o1f  (235.1s) aborto None cruzan 6/9 R0 0.9091 fund [491, 0, 0, 0, 65, 0, 0, 94, 0] · oasis ratio pasos None mord None · lugar bono None viajes None binmax en oasis None/None bins bono en oasis None · mundo AC 2.5925
[21:26:48]   [ 2824.4s] i11 bar  (132.5s) aborto None cruzan 0/9 R0 0.1634 fund [179, 123, 141, 181, 178, 165, 136, 146, 168] · oasis ratio pasos 0.578 mord 2.804 · lugar bono 22 viajes 4632 binmax en oasis 9/9 bins bono en oasis 1.0 · mundo AC 12.3894
[21:27:20]   [ 2856.7s] i11 o1   (71.6s) aborto None cruzan 0/9 R0 0.2973 fund [79, 139, 87, 103, 114, 89, 67, 176, 143] · oasis ratio pasos 1.048 mord 2.658 · lugar bono None viajes None binmax en oasis None/None bins bono en oasis None · mundo AC 6.4699
[21:29:31]   [ 2988.1s] i12 lug  (131.4s) aborto None cruzan 4/9 R0 0.7959 fund [0, 0, 0, 39, 63, 0, 17, 206, 9] · oasis ratio pasos 6.599 mord 5.335 · lugar bono 23061 viajes 635393 binmax en oasis 9/9 bins bono en oasis 1.0 · mundo AC 7.7414
[21:30:44]   [ 3060.4s] i11 o1f  (236.0s) aborto None cruzan 8/9 R0 0.9231 fund [0, 0, 0, 0, 0, 0, 0, 496, 0] · oasis ratio pasos None mord None · lugar bono None viajes None binmax en oasis None/None bins bono en oasis None · mundo AC 2.054
[21:31:43]   [ 3119.2s] i12 bar  (131.2s) aborto None cruzan 0/9 R0 0.1865 fund [189, 152, 140, 156, 139, 153, 162, 146, 155] · oasis ratio pasos 0.59 mord 2.544 · lugar bono 27 viajes 3581 binmax en oasis 5/9 bins bono en oasis 1.0 · mundo AC 11.5856
[21:31:56]   [ 3133.0s] i12 o1   (72.6s) aborto None cruzan 1/9 R0 0.3431 fund [89, 97, 178, 50, 56, 49, 162, 168, 5] · oasis ratio pasos 1.048 mord 2.751 · lugar bono None viajes None binmax en oasis None/None bins bono en oasis None · mundo AC 6.6732
[21:33:56]   [ 3253.0s] i13 lug  (120.0s) aborto None cruzan 5/9 R0 0.9375 fund [0, 4, 0, 2, 0, 0, 70, 37, 0] · oasis ratio pasos 8.087 mord 5.634 · lugar bono 24045 viajes 663700 binmax en oasis 8/9 bins bono en oasis 1.0 · mundo AC 8.1914
[21:35:35]   [ 3351.6s] i12 o1f  (232.4s) aborto None cruzan 6/9 R0 0.9286 fund [496, 48, 0, 0, 0, 0, 0, 0, 0] · oasis ratio pasos None mord None · lugar bono None viajes None binmax en oasis None/None bins bono en oasis None · mundo AC 2.2564
[21:36:01]   [ 3377.3s] i13 bar  (124.3s) aborto None cruzan 0/9 R0 0.1977 fund [137, 137, 138, 167, 159, 171, 148, 127, 158] · oasis ratio pasos 0.544 mord 2.826 · lugar bono 2 viajes 3411 binmax en oasis 9/9 bins bono en oasis 1.0 · mundo AC 13.054
[21:36:42]   [ 3419.0s] i13 o1   (67.4s) aborto None cruzan 0/9 R0 0.4122 fund [132, 78, 25, 48, 76, 60, 23, 185, 300] · oasis ratio pasos 1.054 mord 2.591 · lugar bono None viajes None binmax en oasis None/None bins bono en oasis None · mundo AC 7.4422
[21:38:44]   [ 3540.7s] i14 lug  (121.7s) aborto None cruzan 4/9 R0 0.8333 fund [213, 0, 5, 0, 8, 1, 35, 0, 2] · oasis ratio pasos 6.759 mord 5.323 · lugar bono 23293 viajes 630868 binmax en oasis 9/9 bins bono en oasis 1.0 · mundo AC 6.2453
[21:39:35]   [ 3591.9s] i13 o1f  (214.6s) aborto None cruzan 8/9 R0 0.9545 fund [0, 150, 0, 0, 0, 0, 0, 0, 0] · oasis ratio pasos None mord None · lugar bono None viajes None binmax en oasis None/None bins bono en oasis None · mundo AC 1.9453
[21:40:38]   [ 3654.5s] i14 o1   (62.5s) aborto None cruzan 0/9 R0 0.2456 fund [53, 158, 154, 128, 238, 4, 98, 33, 211] · oasis ratio pasos 1.062 mord 2.765 · lugar bono None viajes None binmax en oasis None/None bins bono en oasis None · mundo AC 6.5007
[21:40:41]   [ 3657.4s] i14 bar  (116.7s) aborto None cruzan 0/9 R0 0.1729 fund [145, 176, 174, 181, 161, 150, 145, 175, 177] · oasis ratio pasos 0.614 mord 2.877 · lugar bono 9 viajes 3051 binmax en oasis 4/9 bins bono en oasis 1.0 · mundo AC 11.9003
[21:42:28]   [ 3764.7s] i15 lug  (107.3s) aborto None cruzan 3/9 R0 0.5758 fund [0, 37, 143, 27, 0, 10, 13, 0, 52] · oasis ratio pasos 6.677 mord 5.412 · lugar bono 22924 viajes 644431 binmax en oasis 9/9 bins bono en oasis 1.0 · mundo AC 7.7187
[21:44:09]   [ 3865.4s] i14 o1f  (210.9s) aborto None cruzan 8/9 R0 0.9524 fund [0, 0, 0, 29, 0, 0, 0, 0, 0] · oasis ratio pasos None mord None · lugar bono None viajes None binmax en oasis None/None bins bono en oasis None · mundo AC 1.9017
[21:44:29]   [ 3885.1s] i15 bar  (120.4s) aborto None cruzan 0/9 R0 0.1684 fund [185, 195, 118, 134, 162, 137, 171, 130, 185] · oasis ratio pasos 0.584 mord 2.853 · lugar bono 43 viajes 7900 binmax en oasis 5/9 bins bono en oasis 1.0 · mundo AC 12.9886
[21:45:14]   [ 3930.8s] i15 o1   (65.5s) aborto None cruzan 0/9 R0 0.275 fund [72, 214, 115, 41, 100, 65, 32, 176, 130] · oasis ratio pasos 1.039 mord 2.601 · lugar bono None viajes None binmax en oasis None/None bins bono en oasis None · mundo AC 6.9581
[21:47:04]   [ 4040.3s] i16 lug  (109.5s) aborto None cruzan 4/9 R0 0.625 fund [14, 45, 0, 0, 0, 51, 14, 287, 0] · oasis ratio pasos 7.231 mord 5.535 · lugar bono 22968 viajes 646293 binmax en oasis 8/9 bins bono en oasis 1.0 · mundo AC 8.3214
[21:47:53]   [ 4089.5s] i15 o1f  (204.4s) aborto None cruzan 5/9 R0 0.9091 fund [0, 219, 0, 0, 0, 69, 282, 0, 0] · oasis ratio pasos None mord None · lugar bono None viajes None binmax en oasis None/None bins bono en oasis None · mundo AC 2.4323
[21:48:55]   [ 4151.6s] i16 o1   (62.1s) aborto None cruzan 1/9 R0 0.2529 fund [83, 169, 0, 55, 177, 189, 67, 126, 154] · oasis ratio pasos 1.052 mord 2.678 · lugar bono None viajes None binmax en oasis None/None bins bono en oasis None · mundo AC 7.1128
[21:48:57]   [ 4154.0s] i16 bar  (113.7s) aborto None cruzan 0/9 R0 0.1789 fund [178, 162, 183, 155, 157, 146, 134, 129, 155] · oasis ratio pasos 0.583 mord 2.696 · lugar bono 4 viajes 5369 binmax en oasis 7/9 bins bono en oasis 1.0 · mundo AC 12.5459
[21:50:52]   [ 4268.6s] i17 lug  (114.5s) aborto None cruzan 5/9 R0 0.9474 fund [34, 31, 0, 0, 10, 0, 0, 50, 0] · oasis ratio pasos 7.897 mord 5.368 · lugar bono 22063 viajes 672062 binmax en oasis 9/9 bins bono en oasis 1.0 · mundo AC 7.0604
[21:52:17]   [ 4353.3s] i16 o1f  (201.7s) aborto None cruzan 6/9 R0 0.9444 fund [0, 0, 0, 302, 19, 0, 0, 10, 0] · oasis ratio pasos None mord None · lugar bono None viajes None binmax en oasis None/None bins bono en oasis None · mundo AC 1.9472
[21:52:42]   [ 4379.1s] i17 bar  (110.5s) aborto None cruzan 0/9 R0 0.1905 fund [152, 140, 148, 179, 163, 176, 129, 121, 170] · oasis ratio pasos 0.557 mord 2.8 · lugar bono 45 viajes 10333 binmax en oasis 7/9 bins bono en oasis 1.0 · mundo AC 11.2876
[21:53:19]   [ 4415.8s] i17 o1   (62.5s) aborto None cruzan 0/9 R0 0.3067 fund [54, 73, 127, 130, 103, 91, 109, 126, 61] · oasis ratio pasos 1.052 mord 2.68 · lugar bono None viajes None binmax en oasis None/None bins bono en oasis None · mundo AC 6.3874
[21:55:05]   [ 4522.0s] i18 lug  (106.1s) aborto None cruzan 3/9 R0 0.8333 fund [16, 0, 42, 102, 3, 2, 281, 0, 0] · oasis ratio pasos 7.335 mord 5.448 · lugar bono 21795 viajes 639024 binmax en oasis 8/9 bins bono en oasis 1.0 · mundo AC 7.9859
[21:56:03]   [ 4579.9s] i17 o1f  (200.9s) aborto None cruzan 7/9 R0 0.9231 fund [0, 0, 0, 0, 0, 160, 0, 0, 444] · oasis ratio pasos None mord None · lugar bono None viajes None binmax en oasis None/None bins bono en oasis None · mundo AC 2.3164
[21:57:04]   [ 4641.0s] i18 bar  (119.0s) aborto None cruzan 0/9 R0 0.198 fund [169, 139, 156, 171, 157, 151, 197, 153, 152] · oasis ratio pasos 0.572 mord 2.855 · lugar bono 13 viajes 6205 binmax en oasis 9/9 bins bono en oasis 1.0 · mundo AC 12.3314
[21:57:13]   [ 4649.6s] i18 o1   (69.7s) aborto None cruzan 0/9 R0 0.2857 fund [75, 133, 85, 193, 31, 124, 187, 119, 56] · oasis ratio pasos 1.055 mord 2.782 · lugar bono None viajes None binmax en oasis None/None bins bono en oasis None · mundo AC 6.5841
[21:59:32]   [ 4788.1s] i19 lug  (138.5s) aborto None cruzan 5/9 R0 0.913 fund [0, 0, 93, 1, 5, 0, 3, 255, 0] · oasis ratio pasos 6.863 mord 5.007 · lugar bono 22034 viajes 626860 binmax en oasis 8/9 bins bono en oasis 1.0 · mundo AC 6.8976
[22:01:01]   [ 4878.0s] i18 o1f  (237.0s) aborto None cruzan 7/9 R0 0.95 fund [65, 0, 0, 0, 0, 0, 50, 0, 0] · oasis ratio pasos None mord None · lugar bono None viajes None binmax en oasis None/None bins bono en oasis None · mundo AC 2.0197
[22:01:45]   [ 4921.2s] i19 bar  (133.0s) aborto None cruzan 0/9 R0 0.1935 fund [149, 149, 148, 114, 189, 180, 162, 120, 147] · oasis ratio pasos 0.593 mord 2.71 · lugar bono 26 viajes 8473 binmax en oasis 5/9 bins bono en oasis 1.0 · mundo AC 11.6499
[22:02:15]   [ 4951.9s] i19 o1   (73.9s) aborto None cruzan 1/9 R0 0.2295 fund [168, 250, 184, 154, 9, 21, 1, 140, 53] · oasis ratio pasos 1.052 mord 2.635 · lugar bono None viajes None binmax en oasis None/None bins bono en oasis None · mundo AC 7.3077
[22:05:27]   [ 5143.5s] i19 o1f  (222.3s) aborto None cruzan 8/9 R0 0.9524 fund [0, 0, 0, 0, 0, 1, 245, 0, 0] · oasis ratio pasos None mord None · lugar bono None viajes None binmax en oasis None/None bins bono en oasis None · mundo AC 2.0576
[22:05:27] 
================ LA LETRA (borrador, escalada a n 20)
[22:05:27]   validez: {'V1_completa': True, 'V2_ancla_o1f': True, 'V3_mundo_actua': True, 'V4_estado': True}
[22:05:27]   puertas: {'PA_par_o1': True, 'PA_suma_o1': True, 'PB_par_bar': True, 'PB_suma_bar': True, 'PM_usa_el_lugar': True} · umbrales {'gana_par': 13, 'dif_suma': 10, 'o1f_may': 16} · EN EL UMBRAL (+-1): False · matiz None
[22:05:27]   pareado_o1: gana 20 empata 0 pierde 0 · suma 85 vs 7 (dif 78) · por indice [5, 7, 4, 4, 2, 5, 4, 2, 6, 4, 5, 4, 4, 5, 4, 3, 4, 5, 3, 5] vs [0, 0, 1, 1, 1, 0, 0, 1, 0, 0, 0, 0, 1, 0, 0, 0, 1, 0, 0, 1]
[22:05:27]   pareado_bar: gana 20 empata 0 pierde 0 · suma 85 vs 0 (dif 85) · por indice [5, 7, 4, 4, 2, 5, 4, 2, 6, 4, 5, 4, 4, 5, 4, 3, 4, 5, 3, 5] vs [0, 0, 0, 0, 0, 0, 0, 0, 0, 0, 0, 0, 0, 0, 0, 0, 0, 0, 0, 0]
[22:05:27]   [desc] suma_cruzan: {'lug': 85, 'bar': 0, 'o1': 7, 'o1f': 139}
[22:05:27]   [desc] mayorias: {'lug': 8, 'bar': 0, 'o1': 0, 'o1f': 20}
[22:05:27]   [desc] R0_med: {'lug': 0.8333, 'bar': 0.1891, 'o1': 0.2875, 'o1f': 0.9444}
[22:05:27]   [desc] fund_media: {'lug': 29.8889, 'bar': 154.9444, 'o1': 106.9444, 'o1f': 33.5556}
[22:05:27]   [desc] establecidos_0fund_post10k: {'lug': 136, 'bar': 0, 'o1': 12, 'o1f': 149}
[22:05:27]   [desc] vida_med: {'lug': 1352.25, 'bar': 200.0, 'o1': 200.0, 'o1f': 3365.25}
[22:05:27]   [desc] mundo_AC: {'lug': 7.3553, 'bar': 12.0033, 'o1': 6.6913, 'o1f': 2.0438}
[22:05:27]   [desc] mord_AC: {'lug': 5101.5, 'bar': 3415.5, 'o1': 4329.0, 'o1f': 5733.0}
[22:05:27]   [desc] mord_BD: {'lug': 3472.0, 'bar': 2513.0, 'o1': 2674.0, 'o1f': 3327.5}
[22:05:27]   [desc] ratio_pasos_oasis: {'lug': 7.2595, 'bar': 0.5825, 'o1': 1.0545}
[22:05:27]   [desc] ratio_mord_oasis: {'lug': 5.369, 'bar': 2.7995, 'o1': 2.6905}
[22:05:27]   [desc] lugar: {'lug': {'bono_blancos': 23321.5, 'aprendizajes': 7481.5, 'viajes': 644633.0, 'max_med': 0.316, 'bin_max_en_oasis': 9.0, 'bins_con_bono_med': 3.0, 'bins_con_bono_en_oasis': 1.0}, 'bar': {'bono_blancos': 19.5, 'aprendizajes': 57.5, 'viajes': 4921.0, 'max_med': 0.25, 'bin_max_en_oasis': 5.0, 'bins_con_bono_med': 1.0, 'bins_con_bono_en_oasis': 1.0}}
[22:05:27] 
  RESUMEN C:\Users\User\Documents\PROYECTOS\JUACO\organelos\experimentos\organelos\escalera\datos\replica_s739101-739120_T100000_20260930_203943\resumen.json (sha 81954726cb2d7dad) · abortos 0 · 5144.0s
[22:05:27] VEREDICTO: FUNCIONA
