=== Wed Sep 30 19:18:42 HPS 2026 | pool compartido: JUACO5 2 + diagnosticos 2 + esta serie 2 (tope 6 aprobado por el director) ===
[19:18:43] CORRE_P1 · serie · 20260930_191842 · python 3.14.2 · pool 2 · corre_p1.py 392b71186cf49b60 · carpeta C:\Users\User\Documents\PROYECTOS\JUACO\organelos\experimentos\organelos\escalera\datos\serie_s739001-739020_T100000_20260930_191842
[19:18:43]   semillas 739001-739020 · T 100000 · brazos ['lug', 'bar', 'o1', 'o1f'] · mundo oasis {'oasis': 1, 'extra': 0.8, 'pobre': 0.5, 'dens': 0.5, 'vista_r': 20} · reanuda False · nota ''
[19:18:43]   sha experimentos\tronco_v14_3\corre_v143.py 24100621c450da22 OK
[19:18:43]   sha experimentos\carrera_escuderias\pista.py 9f47c65e438e0ff4 OK
[19:18:43]   sha experimentos\carrera_escuderias\juez.py 6a68f640a7832f12 OK
[19:18:43]   sha experimentos\carrera_escuderias\carros\O1.py 99436afa2715f028 OK
[19:18:43]   carro O1_LUGAR == construye_p1: True (sha 49eee6bb278ea097)
[19:18:43]   carro O1_LUGAR_BAR == construye_p1: True (sha 93fc245b8db8794b)
[19:18:43]   carro O1_LUGAR0 == construye_p1: True (sha 33a7ab0c66fe2b82)
[19:18:43]   mundo_escalera: {'sha_pista': '9f47c65e438e0ff4', 'sha_juez': '6a68f640a7832f12', 'sha_fuente_transformada': '488e82252eece5f8', 'anclas': 9}
[19:19:03]   IDENTIDAD CORTA (salida ENTERA, N 9, s 739950, T 1500, fundador limpio): mundo oasis 0 == pista True · O1_LUGAR0 == O1 True · O1_LUGAR sin oasis == O1 (salvo su telemetria 'lugar') True
[19:21:05]   [  141.9s] i0 lug  (121.0s) aborto None cruzan 3/9 R0 0.65 fund [0, 6, 7, 54, 49, 7, 0, 61, 0] · oasis ratio pasos 6.92 mord 5.357 · lugar bono 23493 viajes 650235 binmax en oasis 9/9 bins bono en oasis 1.0 · mundo AC 7.0707
[19:21:08]   [  144.8s] i0 bar  (123.6s) aborto None cruzan 0/9 R0 0.2093 fund [137, 112, 147, 135, 146, 184, 168, 136, 156] · oasis ratio pasos 0.571 mord 2.966 · lugar bono 1 viajes 9455 binmax en oasis 7/9 bins bono en oasis 1.0 · mundo AC 11.6904
[19:22:37]   [  234.0s] i0 o1   (92.1s) aborto None cruzan 0/9 R0 0.3378 fund [63, 27, 53, 147, 142, 144, 80, 100, 97] · oasis ratio pasos 1.04 mord 2.774 · lugar bono None viajes None binmax en oasis None/None bins bono en oasis None · mundo AC 6.5479
[19:24:40]   [  356.6s] i1 lug  (122.6s) aborto None cruzan 4/9 R0 0.8438 fund [4, 0, 10, 0, 0, 0, 10, 127, 41] · oasis ratio pasos 7.401 mord 5.449 · lugar bono 23797 viajes 679182 binmax en oasis 9/9 bins bono en oasis 1.0 · mundo AC 7.1769
[19:25:14]   [  391.4s] i0 o1f  (246.6s) aborto None cruzan 8/9 R0 0.9412 fund [0, 0, 0, 0, 0, 0, 0, 0, 244] · oasis ratio pasos None mord None · lugar bono None viajes None binmax en oasis None/None bins bono en oasis None · mundo AC 2.0996
[19:26:13]   [  450.4s] i1 o1   (59.0s) aborto None cruzan 0/9 R0 0.3692 fund [18, 14, 58, 139, 200, 81, 43, 219, 264] · oasis ratio pasos 1.054 mord 2.701 · lugar bono None viajes None binmax en oasis None/None bins bono en oasis None · mundo AC 7.1125
[19:26:25]   [  462.4s] i1 bar  (105.8s) aborto None cruzan 0/9 R0 0.1795 fund [128, 164, 144, 159, 173, 175, 147, 148, 189] · oasis ratio pasos 0.596 mord 2.802 · lugar bono 7 viajes 6775 binmax en oasis 6/9 bins bono en oasis 1.0 · mundo AC 11.6365
[19:28:11]   [  567.8s] i2 lug  (105.4s) aborto None cruzan 3/9 R0 0.8286 fund [0, 5, 3, 102, 2, 140, 11, 0, 0] · oasis ratio pasos 6.518 mord 5.293 · lugar bono 23844 viajes 622261 binmax en oasis 9/9 bins bono en oasis 1.0 · mundo AC 6.5243
[19:29:23]   [  639.8s] i1 o1f  (189.4s) aborto None cruzan 8/9 R0 0.9412 fund [0, 0, 321, 0, 0, 0, 0, 0, 0] · oasis ratio pasos None mord None · lugar bono None viajes None binmax en oasis None/None bins bono en oasis None · mundo AC 2.0511
[19:29:57]   [  674.1s] i2 bar  (106.3s) aborto None cruzan 0/9 R0 0.1923 fund [140, 146, 168, 146, 207, 145, 150, 172, 185] · oasis ratio pasos 0.63 mord 2.86 · lugar bono 51 viajes 6533 binmax en oasis 6/9 bins bono en oasis 1.0 · mundo AC 12.255
[19:30:27]   [  703.7s] i2 o1   (63.9s) aborto None cruzan 0/9 R0 0.3032 fund [149, 69, 135, 89, 84, 17, 107, 150, 141] · oasis ratio pasos 1.059 mord 2.903 · lugar bono None viajes None binmax en oasis None/None bins bono en oasis None · mundo AC 7.7404
[19:32:17]   [  814.3s] i3 lug  (110.6s) aborto None cruzan 5/9 R0 0.9231 fund [0, 0, 202, 16, 76, 0, 0, 3, 0] · oasis ratio pasos 6.534 mord 5.176 · lugar bono 24468 viajes 630967 binmax en oasis 9/9 bins bono en oasis 1.0 · mundo AC 7.0895
[19:33:14]   [  871.5s] i2 o1f  (197.5s) aborto None cruzan 8/9 R0 0.9412 fund [0, 0, 0, 0, 0, 0, 0, 0, 259] · oasis ratio pasos None mord None · lugar bono None viajes None binmax en oasis None/None bins bono en oasis None · mundo AC 2.0526
[19:34:01]   [  918.2s] i3 bar  (103.9s) aborto None cruzan 0/9 R0 0.1929 fund [148, 142, 169, 162, 158, 159, 160, 169, 143] · oasis ratio pasos 0.587 mord 2.702 · lugar bono 7 viajes 3964 binmax en oasis 2/9 bins bono en oasis 1.0 · mundo AC 11.9533
[19:34:11]   [  927.9s] i3 o1   (56.4s) aborto None cruzan 0/9 R0 0.2933 fund [114, 232, 95, 37, 17, 22, 118, 131, 105] · oasis ratio pasos 1.053 mord 2.713 · lugar bono None viajes None binmax en oasis None/None bins bono en oasis None · mundo AC 6.7573
[19:35:48]   [ 1025.3s] i4 lug  (97.3s) aborto None cruzan 4/9 R0 0.7931 fund [0, 10, 151, 0, 0, 52, 166, 0, 5] · oasis ratio pasos 7.263 mord 5.505 · lugar bono 23060 viajes 658245 binmax en oasis 9/9 bins bono en oasis 1.0 · mundo AC 8.2116
[19:37:18]   [ 1115.1s] i3 o1f  (196.9s) aborto None cruzan 6/9 R0 0.9375 fund [0, 0, 353, 0, 0, 11, 0, 0, 57] · oasis ratio pasos None mord None · lugar bono None viajes None binmax en oasis None/None bins bono en oasis None · mundo AC 2.2225
[19:37:41]   [ 1137.9s] i4 bar  (112.6s) aborto None cruzan 0/9 R0 0.1989 fund [151, 153, 146, 157, 141, 144, 153, 135, 150] · oasis ratio pasos 0.597 mord 2.747 · lugar bono 10 viajes 5549 binmax en oasis 6/9 bins bono en oasis 1.0 · mundo AC 11.7353
[19:38:17]   [ 1173.6s] i4 o1   (58.5s) aborto None cruzan 0/9 R0 0.2663 fund [78, 158, 129, 140, 124, 45, 97, 123, 91] · oasis ratio pasos 1.053 mord 2.53 · lugar bono None viajes None binmax en oasis None/None bins bono en oasis None · mundo AC 6.9596
[19:40:06]   [ 1283.1s] i5 lug  (109.5s) aborto None cruzan 4/9 R0 0.8077 fund [0, 9, 0, 191, 4, 198, 0, 6, 2] · oasis ratio pasos 6.359 mord 4.891 · lugar bono 20976 viajes 594182 binmax en oasis 9/9 bins bono en oasis 1.0 · mundo AC 6.1717
[19:40:47]   [ 1324.4s] i4 o1f  (186.5s) aborto None cruzan 7/9 R0 0.9333 fund [0, 0, 0, 0, 0, 0, 0, 428, 0] · oasis ratio pasos None mord None · lugar bono None viajes None binmax en oasis None/None bins bono en oasis None · mundo AC 2.1385
[19:41:44]   [ 1381.4s] i5 o1   (57.0s) aborto None cruzan 0/9 R0 0.3419 fund [197, 116, 27, 101, 42, 33, 211, 136, 67] · oasis ratio pasos 1.061 mord 2.736 · lugar bono None viajes None binmax en oasis None/None bins bono en oasis None · mundo AC 7.0898
[19:41:50]   [ 1387.3s] i5 bar  (104.2s) aborto None cruzan 0/9 R0 0.1892 fund [172, 149, 156, 150, 169, 145, 151, 140, 156] · oasis ratio pasos 0.615 mord 2.753 · lugar bono 5 viajes 3175 binmax en oasis 4/9 bins bono en oasis 1.0 · mundo AC 11.6385
[19:43:29]   [ 1485.8s] i6 lug  (98.5s) aborto None cruzan 2/9 R0 0.75 fund [32, 0, 0, 110, 16, 5, 5, 6, 7] · oasis ratio pasos 7.83 mord 5.51 · lugar bono 23838 viajes 666602 binmax en oasis 9/9 bins bono en oasis 1.0 · mundo AC 7.7905
[19:44:51]   [ 1568.1s] i5 o1f  (186.7s) aborto None cruzan 7/9 R0 0.9286 fund [0, 0, 0, 0, 0, 0, 0, 0, 485] · oasis ratio pasos None mord None · lugar bono None viajes None binmax en oasis None/None bins bono en oasis None · mundo AC 2.0704
[19:45:13]   [ 1590.4s] i6 bar  (104.6s) aborto None cruzan 0/9 R0 0.2011 fund [143, 151, 146, 169, 136, 137, 156, 176, 139] · oasis ratio pasos 0.592 mord 2.897 · lugar bono 5 viajes 2489 binmax en oasis 8/9 bins bono en oasis 1.0 · mundo AC 11.5454
[19:45:51]   [ 1628.2s] i6 o1   (60.1s) aborto None cruzan 0/9 R0 0.2781 fund [211, 180, 127, 32, 24, 24, 93, 198, 108] · oasis ratio pasos 1.056 mord 2.686 · lugar bono None viajes None binmax en oasis None/None bins bono en oasis None · mundo AC 7.5408
[19:48:19]   [ 1776.2s] i7 lug  (148.0s) aborto None cruzan 5/9 R0 0.9333 fund [0, 0, 10, 16, 0, 0, 0, 37, 47] · oasis ratio pasos 7.141 mord 5.472 · lugar bono 25116 viajes 687555 binmax en oasis 9/9 bins bono en oasis 1.0 · mundo AC 8.0563
[19:49:31]   [ 1847.7s] i6 o1f  (257.3s) aborto None cruzan 8/9 R0 0.9375 fund [0, 0, 0, 0, 0, 0, 0, 0, 378] · oasis ratio pasos None mord None · lugar bono None viajes None binmax en oasis None/None bins bono en oasis None · mundo AC 2.1649
[19:50:27]   [ 1904.2s] i7 bar  (127.9s) aborto None cruzan 0/9 R0 0.1809 fund [179, 158, 129, 158, 149, 153, 136, 184, 159] · oasis ratio pasos 0.597 mord 2.776 · lugar bono 41 viajes 4015 binmax en oasis 4/9 bins bono en oasis 1.0 · mundo AC 11.8385
[19:50:32]   [ 1908.6s] i7 o1   (61.0s) aborto None cruzan 1/9 R0 0.2819 fund [141, 76, 125, 85, 109, 104, 0, 106, 156] · oasis ratio pasos 1.067 mord 2.741 · lugar bono None viajes None binmax en oasis None/None bins bono en oasis None · mundo AC 7.0008
[19:52:20]   [ 2017.5s] i8 lug  (108.9s) aborto None cruzan 5/9 R0 0.9231 fund [149, 41, 0, 0, 4, 0, 0, 0, 3] · oasis ratio pasos 7.719 mord 5.244 · lugar bono 25124 viajes 655393 binmax en oasis 9/9 bins bono en oasis 1.0 · mundo AC 7.1904
[19:53:42]   [ 2098.8s] i7 o1f  (194.6s) aborto None cruzan 4/9 R0 0.875 fund [0, 108, 0, 494, 0, 0, 0, 0, 0] · oasis ratio pasos None mord None · lugar bono None viajes None binmax en oasis None/None bins bono en oasis None · mundo AC 2.3414
[19:54:08]   [ 2124.7s] i8 bar  (107.2s) aborto None cruzan 0/9 R0 0.1789 fund [152, 190, 139, 155, 180, 212, 153, 168, 149] · oasis ratio pasos 0.588 mord 2.65 · lugar bono 0 viajes 4932 binmax en oasis 3/9 bins bono en oasis 1.0 · mundo AC 12.1516
[19:54:41]   [ 2157.7s] i8 o1   (58.9s) aborto None cruzan 0/9 R0 0.2792 fund [118, 139, 79, 68, 190, 106, 117, 76, 110] · oasis ratio pasos 1.047 mord 2.682 · lugar bono None viajes None binmax en oasis None/None bins bono en oasis None · mundo AC 7.0672
[19:57:02]   [ 2298.9s] i9 lug  (141.1s) aborto None cruzan 4/9 R0 0.7692 fund [0, 14, 0, 0, 276, 7, 0, 8, 14] · oasis ratio pasos 7.624 mord 5.461 · lugar bono 24905 viajes 649426 binmax en oasis 8/9 bins bono en oasis 1.0 · mundo AC 7.6919
[19:58:19]   [ 2376.1s] i8 o1f  (251.4s) aborto None cruzan 6/9 R0 0.9412 fund [0, 13, 0, 72, 0, 13, 0, 0, 0] · oasis ratio pasos None mord None · lugar bono None viajes None binmax en oasis None/None bins bono en oasis None · mundo AC 1.936
[19:59:24]   [ 2441.5s] i9 bar  (142.6s) aborto None cruzan 0/9 R0 0.2063 fund [133, 136, 152, 165, 149, 143, 139, 158, 102] · oasis ratio pasos 0.545 mord 2.891 · lugar bono 39 viajes 5751 binmax en oasis 6/9 bins bono en oasis 1.0 · mundo AC 12.3429
[19:59:33]   [ 2450.1s] i9 o1   (73.9s) aborto None cruzan 0/9 R0 0.2938 fund [136, 165, 112, 153, 183, 99, 41, 62, 66] · oasis ratio pasos 1.074 mord 2.788 · lugar bono None viajes None binmax en oasis None/None bins bono en oasis None · mundo AC 7.1212
[20:01:11]   [ 2548.4s] i10 lug  (98.3s) aborto None cruzan 3/9 R0 0.6944 fund [10, 28, 58, 0, 17, 10, 5, 0, 0] · oasis ratio pasos 7.766 mord 5.435 · lugar bono 22797 viajes 678968 binmax en oasis 9/9 bins bono en oasis 1.0 · mundo AC 7.9938
[20:02:31]   [ 2627.8s] i9 o1f  (186.3s) aborto None cruzan 5/9 R0 0.9167 fund [6, 0, 0, 121, 467, 0, 0, 0, 7] · oasis ratio pasos None mord None · lugar bono None viajes None binmax en oasis None/None bins bono en oasis None · mundo AC 2.2578
[20:02:56]   [ 2653.5s] i10 bar  (105.1s) aborto None cruzan 0/9 R0 0.1979 fund [163, 153, 125, 147, 146, 165, 142, 165, 162] · oasis ratio pasos 0.593 mord 2.865 · lugar bono 35 viajes 6719 binmax en oasis 5/9 bins bono en oasis 1.0 · mundo AC 12.2987
[20:03:28]   [ 2684.9s] i10 o1   (57.1s) aborto None cruzan 1/9 R0 0.2919 fund [83, 64, 245, 0, 116, 14, 155, 113, 143] · oasis ratio pasos 1.045 mord 2.597 · lugar bono None viajes None binmax en oasis None/None bins bono en oasis None · mundo AC 6.8784
[20:05:15]   [ 2792.0s] i11 lug  (107.0s) aborto None cruzan 4/9 R0 0.7778 fund [49, 16, 0, 1, 139, 0, 65, 0, 3] · oasis ratio pasos 6.995 mord 5.209 · lugar bono 21572 viajes 626569 binmax en oasis 9/9 bins bono en oasis 1.0 · mundo AC 6.7725
[20:06:05]   [ 2842.4s] i10 o1f  (188.9s) aborto None cruzan 8/9 R0 0.9545 fund [0, 0, 96, 0, 0, 0, 0, 0, 0] · oasis ratio pasos None mord None · lugar bono None viajes None binmax en oasis None/None bins bono en oasis None · mundo AC 1.8781
[20:06:58]   [ 2894.8s] i11 bar  (102.9s) aborto None cruzan 0/9 R0 0.1947 fund [152, 139, 152, 148, 210, 169, 148, 182, 121] · oasis ratio pasos 0.592 mord 2.789 · lugar bono 13 viajes 4924 binmax en oasis 5/9 bins bono en oasis 1.0 · mundo AC 12.0713
[20:07:02]   [ 2898.6s] i11 o1   (56.3s) aborto None cruzan 1/9 R0 0.284 fund [38, 120, 153, 196, 129, 21, 4, 219, 2] · oasis ratio pasos 1.047 mord 2.622 · lugar bono None viajes None binmax en oasis None/None bins bono en oasis None · mundo AC 6.6426
[20:08:47]   [ 3004.0s] i12 lug  (105.3s) aborto None cruzan 4/9 R0 0.8235 fund [0, 0, 0, 55, 0, 5, 9, 140, 2] · oasis ratio pasos 7.399 mord 5.263 · lugar bono 24454 viajes 647247 binmax en oasis 9/9 bins bono en oasis 1.0 · mundo AC 7.2199
[20:10:01]   [ 3078.3s] i11 o1f  (183.4s) aborto None cruzan 7/9 R0 0.9286 fund [0, 0, 0, 0, 411, 21, 0, 0, 0] · oasis ratio pasos None mord None · lugar bono None viajes None binmax en oasis None/None bins bono en oasis None · mundo AC 2.2817
[20:10:30]   [ 3107.4s] i12 bar  (103.4s) aborto None cruzan 0/9 R0 0.1905 fund [161, 166, 169, 165, 134, 141, 144, 144, 157] · oasis ratio pasos 0.593 mord 2.749 · lugar bono 24 viajes 6125 binmax en oasis 5/9 bins bono en oasis 1.0 · mundo AC 12.147
[20:10:57]   [ 3134.2s] i12 o1   (55.9s) aborto None cruzan 0/9 R0 0.4286 fund [191, 237, 61, 192, 53, 67, 124, 62, 23] · oasis ratio pasos 1.052 mord 2.633 · lugar bono None viajes None binmax en oasis None/None bins bono en oasis None · mundo AC 6.9031
[20:12:31]   [ 3228.3s] i13 lug  (94.1s) aborto None cruzan 4/9 R0 0.6316 fund [0, 20, 0, 0, 27, 19, 1, 37, 183] · oasis ratio pasos 7.742 mord 5.574 · lugar bono 23584 viajes 668002 binmax en oasis 9/9 bins bono en oasis 1.0 · mundo AC 8.6722
[20:13:34]   [ 3290.9s] i12 o1f  (183.5s) aborto None cruzan 6/9 R0 0.9412 fund [99, 0, 0, 66, 0, 0, 33, 0, 0] · oasis ratio pasos None mord None · lugar bono None viajes None binmax en oasis None/None bins bono en oasis None · mundo AC 2.0095
[20:14:13]   [ 3330.5s] i13 bar  (102.3s) aborto None cruzan 0/9 R0 0.1762 fund [174, 131, 161, 153, 176, 158, 135, 166, 182] · oasis ratio pasos 0.619 mord 2.802 · lugar bono 51 viajes 6564 binmax en oasis 4/9 bins bono en oasis 1.0 · mundo AC 12.6465
[20:14:31]   [ 3348.1s] i13 o1   (57.3s) aborto None cruzan 0/9 R0 0.3243 fund [43, 194, 42, 184, 152, 146, 26, 99, 74] · oasis ratio pasos 1.072 mord 2.731 · lugar bono None viajes None binmax en oasis None/None bins bono en oasis None · mundo AC 7.0036
[20:16:02]   [ 3439.3s] i14 lug  (91.1s) aborto None cruzan 5/9 R0 0.96 fund [0, 22, 98, 0, 16, 0, 19, 0, 0] · oasis ratio pasos 7.023 mord 5.718 · lugar bono 25760 viajes 706489 binmax en oasis 9/9 bins bono en oasis 1.0 · mundo AC 8.6541
[20:17:18]   [ 3514.7s] i13 o1f  (184.2s) aborto None cruzan 7/9 R0 0.95 fund [0, 0, 0, 0, 0, 99, 0, 23, 0] · oasis ratio pasos None mord None · lugar bono None viajes None binmax en oasis None/None bins bono en oasis None · mundo AC 1.9136
[20:17:45]   [ 3542.4s] i14 bar  (103.1s) aborto None cruzan 0/9 R0 0.1841 fund [150, 163, 165, 182, 167, 141, 165, 141, 148] · oasis ratio pasos 0.611 mord 2.728 · lugar bono 44 viajes 9536 binmax en oasis 5/9 bins bono en oasis 1.0 · mundo AC 11.3071
[20:18:14]   [ 3571.2s] i14 o1   (56.5s) aborto None cruzan 0/9 R0 0.2667 fund [168, 174, 107, 141, 120, 25, 98, 120, 93] · oasis ratio pasos 1.039 mord 2.732 · lugar bono None viajes None binmax en oasis None/None bins bono en oasis None · mundo AC 6.8327
[20:19:56]   [ 3672.9s] i15 lug  (101.6s) aborto None cruzan 4/9 R0 0.6774 fund [0, 9, 0, 0, 0, 141, 60, 20, 66] · oasis ratio pasos 6.762 mord 5.317 · lugar bono 23033 viajes 605002 binmax en oasis 8/9 bins bono en oasis 1.0 · mundo AC 6.9956
[20:20:51]   [ 3727.8s] i14 o1f  (185.4s) aborto None cruzan 8/9 R0 0.9375 fund [0, 0, 0, 0, 0, 0, 0, 0, 452] · oasis ratio pasos None mord None · lugar bono None viajes None binmax en oasis None/None bins bono en oasis None · mundo AC 2.1129
[20:21:39]   [ 3776.1s] i15 bar  (103.2s) aborto None cruzan 0/9 R0 0.1823 fund [159, 136, 157, 144, 166, 142, 165, 139, 162] · oasis ratio pasos 0.605 mord 2.777 · lugar bono 24 viajes 2338 binmax en oasis 5/9 bins bono en oasis 1.0 · mundo AC 12.2831
[20:21:47]   [ 3784.2s] i15 o1   (56.4s) aborto None cruzan 0/9 R0 0.2819 fund [224, 106, 239, 42, 145, 68, 33, 71, 137] · oasis ratio pasos 1.051 mord 2.82 · lugar bono None viajes None binmax en oasis None/None bins bono en oasis None · mundo AC 7.1179
[20:23:32]   [ 3889.1s] i16 lug  (104.9s) aborto None cruzan 4/9 R0 0.8889 fund [13, 0, 0, 0, 13, 0, 2, 51, 131] · oasis ratio pasos 7.366 mord 5.314 · lugar bono 23433 viajes 642062 binmax en oasis 9/9 bins bono en oasis 1.0 · mundo AC 6.6616
[20:24:43]   [ 3960.2s] i15 o1f  (184.1s) aborto None cruzan 7/9 R0 0.9412 fund [0, 17, 0, 232, 0, 0, 0, 0, 0] · oasis ratio pasos None mord None · lugar bono None viajes None binmax en oasis None/None bins bono en oasis None · mundo AC 2.105
[20:25:15]   [ 3991.8s] i16 bar  (102.7s) aborto None cruzan 0/9 R0 0.1917 fund [154, 185, 132, 159, 155, 177, 170, 132, 146] · oasis ratio pasos 0.587 mord 2.788 · lugar bono 20 viajes 4509 binmax en oasis 9/9 bins bono en oasis 1.0 · mundo AC 12.2724
[20:25:40]   [ 4017.0s] i16 o1   (56.9s) aborto None cruzan 0/9 R0 0.2453 fund [162, 175, 250, 34, 130, 121, 119, 5, 26] · oasis ratio pasos 1.044 mord 2.693 · lugar bono None viajes None binmax en oasis None/None bins bono en oasis None · mundo AC 7.3558
[20:27:19]   [ 4115.6s] i17 lug  (98.6s) aborto None cruzan 4/9 R0 0.6481 fund [0, 194, 0, 18, 0, 63, 0, 25, 123] · oasis ratio pasos 7.145 mord 5.202 · lugar bono 21222 viajes 628439 binmax en oasis 9/9 bins bono en oasis 1.0 · mundo AC 7.2046
[20:28:18]   [ 4174.7s] i16 o1f  (182.9s) aborto None cruzan 6/9 R0 0.9231 fund [81, 0, 0, 0, 122, 0, 0, 0, 488] · oasis ratio pasos None mord None · lugar bono None viajes None binmax en oasis None/None bins bono en oasis None · mundo AC 2.4349
[20:28:59]   [ 4216.1s] i17 bar  (100.5s) aborto None cruzan 0/9 R0 0.1765 fund [157, 167, 161, 165, 171, 151, 165, 150, 152] · oasis ratio pasos 0.575 mord 2.86 · lugar bono 4 viajes 3142 binmax en oasis 5/9 bins bono en oasis 1.0 · mundo AC 11.654
[20:29:13]   [ 4230.4s] i17 o1   (55.7s) aborto None cruzan 1/9 R0 0.2381 fund [159, 31, 48, 190, 0, 248, 127, 177, 89] · oasis ratio pasos 1.046 mord 2.737 · lugar bono None viajes None binmax en oasis None/None bins bono en oasis None · mundo AC 7.1693
[20:30:59]   [ 4335.7s] i18 lug  (105.3s) aborto None cruzan 2/9 R0 0.7742 fund [0, 0, 13, 15, 1, 3, 216, 7, 6] · oasis ratio pasos 7.52 mord 5.244 · lugar bono 24079 viajes 637337 binmax en oasis 9/9 bins bono en oasis 1.0 · mundo AC 7.7423
[20:32:03]   [ 4400.0s] i17 o1f  (183.8s) aborto None cruzan 7/9 R0 0.9333 fund [0, 0, 0, 0, 0, 0, 0, 478, 0] · oasis ratio pasos None mord None · lugar bono None viajes None binmax en oasis None/None bins bono en oasis None · mundo AC 2.2561
[20:32:41]   [ 4438.0s] i18 bar  (102.4s) aborto None cruzan 0/9 R0 0.2128 fund [191, 149, 140, 181, 147, 125, 158, 138, 111] · oasis ratio pasos 0.554 mord 2.895 · lugar bono 7 viajes 5185 binmax en oasis 9/9 bins bono en oasis 1.0 · mundo AC 11.8561
[20:33:00]   [ 4456.9s] i18 o1   (56.9s) aborto None cruzan 1/9 R0 0.2961 fund [42, 203, 106, 133, 75, 0, 94, 132, 217] · oasis ratio pasos 1.049 mord 2.587 · lugar bono None viajes None binmax en oasis None/None bins bono en oasis None · mundo AC 7.2088
[20:34:40]   [ 4557.0s] i19 lug  (100.2s) aborto None cruzan 6/9 R0 0.9412 fund [0, 142, 88, 16, 0, 0, 0, 0, 0] · oasis ratio pasos 7.244 mord 5.553 · lugar bono 23809 viajes 657961 binmax en oasis 9/9 bins bono en oasis 1.0 · mundo AC 6.9912
[20:35:48]   [ 4624.7s] i18 o1f  (186.7s) aborto None cruzan 8/9 R0 0.9545 fund [106, 0, 0, 0, 0, 0, 0, 0, 0] · oasis ratio pasos None mord None · lugar bono None viajes None binmax en oasis None/None bins bono en oasis None · mundo AC 2.0861
[20:36:24]   [ 4661.5s] i19 bar  (104.5s) aborto None cruzan 0/9 R0 0.1827 fund [143, 180, 126, 167, 131, 173, 160, 161, 154] · oasis ratio pasos 0.612 mord 2.751 · lugar bono 0 viajes 2260 binmax en oasis 3/9 bins bono en oasis 1.0 · mundo AC 11.5743
[20:36:45]   [ 4681.9s] i19 o1   (57.2s) aborto None cruzan 2/9 R0 0.3952 fund [161, 176, 180, 0, 74, 17, 37, 192, 6] · oasis ratio pasos 1.051 mord 2.66 · lugar bono None viajes None binmax en oasis None/None bins bono en oasis None · mundo AC 7.0518
[20:39:25]   [ 4841.8s] i19 o1f  (180.3s) aborto None cruzan 6/9 R0 0.95 fund [0, 21, 0, 125, 0, 0, 0, 0, 2] · oasis ratio pasos None mord None · lugar bono None viajes None binmax en oasis None/None bins bono en oasis None · mundo AC 1.9933
[20:39:25] 
================ LA LETRA (borrador, escalada a n 20)
[20:39:25]   validez: {'V1_completa': True, 'V2_ancla_o1f': True, 'V3_mundo_actua': True, 'V4_estado': True}
[20:39:25]   puertas: {'PA_par_o1': True, 'PA_suma_o1': True, 'PB_par_bar': True, 'PB_suma_bar': True, 'PM_usa_el_lugar': True} · umbrales {'gana_par': 13, 'dif_suma': 10, 'o1f_may': 16} · EN EL UMBRAL (+-1): False · matiz None
[20:39:25]   pareado_o1: gana 20 empata 0 pierde 0 · suma 79 vs 7 (dif 72) · por indice [3, 4, 3, 5, 4, 4, 2, 5, 5, 4, 3, 4, 4, 4, 5, 4, 4, 4, 2, 6] vs [0, 0, 0, 0, 0, 0, 0, 1, 0, 0, 1, 1, 0, 0, 0, 0, 0, 1, 1, 2]
[20:39:25]   pareado_bar: gana 20 empata 0 pierde 0 · suma 79 vs 0 (dif 79) · por indice [3, 4, 3, 5, 4, 4, 2, 5, 5, 4, 3, 4, 4, 4, 5, 4, 4, 4, 2, 6] vs [0, 0, 0, 0, 0, 0, 0, 0, 0, 0, 0, 0, 0, 0, 0, 0, 0, 0, 0, 0]
[20:39:25]   [desc] suma_cruzan: {'lug': 79, 'bar': 0, 'o1': 7, 'o1f': 137}
[20:39:25]   [desc] mayorias: {'lug': 5, 'bar': 0, 'o1': 0, 'o1f': 19}
[20:39:25]   [desc] R0_med: {'lug': 0.8004, 'bar': 0.1911, 'o1': 0.2926, 'o1f': 0.9394}
[20:39:25]   [desc] fund_media: {'lug': 28.1667, 'bar': 155.5556, 'o1': 110.1111, 'o1f': 38.8333}
[20:39:25]   [desc] establecidos_0fund_post10k: {'lug': 133, 'bar': 0, 'o1': 9, 'o1f': 154}
[20:39:25]   [desc] vida_med: {'lug': 1504.25, 'bar': 200.0, 'o1': 200.0, 'o1f': 3653.0}
[20:39:25]   [desc] mundo_AC: {'lug': 7.1975, 'bar': 11.9047, 'o1': 7.0595, 'o1f': 2.1023}
[20:39:25]   [desc] mord_AC: {'lug': 5133.5, 'bar': 3443.5, 'o1': 4326.0, 'o1f': 5741.5}
[20:39:25]   [desc] mord_BD: {'lug': 3511.0, 'bar': 2539.0, 'o1': 2677.5, 'o1f': 3303.0}
[20:39:25]   [desc] ratio_pasos_oasis: {'lug': 7.2535, 'bar': 0.593, 'o1': 1.0515}
[20:39:25]   [desc] ratio_mord_oasis: {'lug': 5.337, 'bar': 2.7885, 'o1': 2.707}
[20:39:25]   [desc] lugar: {'lug': {'bono_blancos': 23803.0, 'aprendizajes': 7561.0, 'viajes': 649830.5, 'max_med': 0.3035, 'bin_max_en_oasis': 9.0, 'bins_con_bono_med': 2.0, 'bins_con_bono_en_oasis': 1.0}, 'bar': {'bono_blancos': 11.5, 'aprendizajes': 51.5, 'viajes': 5058.5, 'max_med': 0.103, 'bin_max_en_oasis': 5.0, 'bins_con_bono_med': 1.0, 'bins_con_bono_en_oasis': 1.0}}
[20:39:25] 
  RESUMEN C:\Users\User\Documents\PROYECTOS\JUACO\organelos\experimentos\organelos\escalera\datos\serie_s739001-739020_T100000_20260930_191842\resumen.json (sha d9482221070affc6) · abortos 0 · 4842.3s
[20:39:25] VEREDICTO: FUNCIONA
