LANZA 15:54:30 · 50 corridas · max 4 procesos · T 100000
  [    393s] boca s36001 rc 0 (393s) boca s36001 T100000 392.6s · R0 real mediana 0.963 · establecidos 6/9 · R0 real [0.0142, 0.9688, 0.2936, 0.9677, 0.9688, 0.963, 0.117, 0.963, 0.9355]
  [    405s] boca_buena s36001 rc 0 (405s) boca_buena s36001 T100000 404.4s · R0 real mediana 0.900 · establecidos 8/9 · R0 real [0.2222, 0.9643, 0.46, 0.0159, 0.9677, 0.8824, 0.9615, 0.963, 0.9]
  [    408s] boca_mala s36001 rc 0 (408s) boca_mala s36001 T100000 405.1s · R0 real mediana 0.210 · establecidos 2/9 · R0 real [0.2105, 0.0857, 0.1508, 0.1846, 0.1875, 0.2316, 0.8438, 0.9615, 0.3333]
  [    423s] patas s36001 rc 0 (423s) patas s36001 T100000 422.6s · R0 real mediana 0.960 · establecidos 8/9 · R0 real [0.9697, 0.9667, 0.5167, 0.0106, 0.9688, 0.8913, 0.96, 0.9706, 0.8947]
  [    950s] memoria s36001 rc 0 (557s) memoria s36001 T100000 553.1s · R0 real mediana 0.123 · establecidos 2/9 · R0 real [0.0883, 0.9821, 0.1233, 0.0859, 0.037, 0.8333, 0.4559, 0.0705, 0.1667]
  [   1004s] patas s36002 rc 0 (599s) patas s36002 T100000 598.2s · R0 real mediana 0.938 · establecidos 7/9 · R0 real [0.0143, 0.9444, 0.973, 0.9259, 0.96, 0.9375, 0.2483, 0.7714, 0.9706]
  [   1013s] boca s36002 rc 0 (605s) boca s36002 T100000 601.7s · R0 real mediana 0.958 · establecidos 6/9 · R0 real [0.0324, 0.9688, 0.9722, 0.2346, 0.9583, 0.9655, 0.9615, 0.9524, 0.018]
  [   1034s] boca_mala s36002 rc 0 (611s) boca_mala s36002 T100000 609.3s · R0 real mediana 0.197 · establecidos 0/9 · R0 real [0.0843, 0.7209, 0.1864, 0.3134, 0.1395, 0.3614, 0.1967, 0.1591, 0.2316]
  [   1551s] boca_buena s36002 rc 0 (601s) boca_buena s36002 T100000 597.5s · R0 real mediana 0.947 · establecidos 8/9 · R0 real [0.9118, 0.9524, 0.9474, 0.8947, 0.9565, 0.9333, 0.9524, 0.9545, 0.0047]
  [   1578s] memoria s36002 rc 0 (574s) memoria s36002 T100000 573.2s · R0 real mediana 0.144 · establecidos 1/9 · R0 real [0.2683, 0.386, 0.2181, 0.9744, 0.0957, 0.0279, 0.0943, 0.0891, 0.1443]
  [   1632s] boca s36003 rc 0 (598s) boca s36003 T100000 594.7s · R0 real mediana 0.431 · establecidos 6/9 · R0 real [0.1447, 0.0348, 0.9744, 0.9706, 0.4308, 0.9643, 0.4167, 0.2364, 0.9545]
  [   1647s] patas s36003 rc 0 (634s) patas s36003 T100000 631.4s · R0 real mediana 0.962 · establecidos 8/9 · R0 real [0.9688, 0.0121, 0.9677, 0.9706, 0.9355, 0.9615, 0.931, 0.8462, 0.9688]
  [   2124s] boca_mala s36003 rc 0 (573s) boca_mala s36003 T100000 572.2s · R0 real mediana 0.208 · establecidos 1/9 · R0 real [0.3014, 0.2222, 0.2083, 0.0993, 0.1667, 0.1558, 0.9333, 0.108, 0.2455]
  [   2139s] boca_buena s36003 rc 0 (561s) boca_buena s36003 T100000 560.8s · R0 real mediana 0.913 · establecidos 8/9 · R0 real [0.9697, 0.0096, 0.3443, 0.9167, 0.8889, 0.7436, 0.973, 0.913, 0.9688]
  [   2199s] memoria s36003 rc 0 (567s) memoria s36003 T100000 564.0s · R0 real mediana 0.241 · establecidos 1/9 · R0 real [0.8154, 0.2409, 0.8413, 0.0469, 0.0805, 0.0644, 0.2597, 0.1304, 0.469]
  [   2248s] patas s36004 rc 0 (601s) patas s36004 T100000 596.9s · R0 real mediana 0.737 · establecidos 7/9 · R0 real [0.9615, 0.1299, 0.4776, 0.7368, 0.4571, 0.0129, 0.9524, 0.9032, 0.9231]
  [   2633s] boca s36004 rc 0 (509s) boca s36004 T100000 505.1s · R0 real mediana 0.952 · establecidos 6/9 · R0 real [0.2126, 0.9643, 0.9118, 0.0072, 0.9655, 0.9524, 0.9524, 0.2315, 0.9545]
  [   2654s] boca_mala s36004 rc 0 (515s) boca_mala s36004 T100000 510.6s · R0 real mediana 0.225 · establecidos 0/9 · R0 real [0.369, 0.2252, 0.5789, 0.1084, 0.5741, 0.1206, 0.0885, 0.3226, 0.1385]
  [   2705s] boca_buena s36004 rc 0 (505s) boca_buena s36004 T100000 501.8s · R0 real mediana 0.900 · establecidos 7/9 · R0 real [0.931, 0.9459, 0.9, 0.9565, 0.4, 0.9677, 0.9, 0.0095, 0.64]
  [   2711s] memoria s36004 rc 0 (463s) memoria s36004 T100000 461.5s · R0 real mediana 0.127 · establecidos 3/9 · R0 real [0.9697, 0.8103, 0.7887, 0.0566, 0.0769, 0.0506, 0.0542, 0.1274, 0.2597]
  [   3164s] boca s36005 rc 0 (510s) boca s36005 T100000 507.1s · R0 real mediana 0.947 · establecidos 6/9 · R0 real [0.95, 0.9643, 0.9655, 0.4198, 0.0, 0.9474, 0.1, 0.7, 0.9545]
  [   3179s] patas s36005 rc 0 (547s) patas s36005 T100000 543.9s · R0 real mediana 0.966 · establecidos 8/9 · R0 real [0.9706, 0.0144, 0.74, 0.6667, 0.9677, 0.9655, 0.9714, 0.9268, 0.9688]
  [   3230s] boca_buena s36005 rc 0 (520s) boca_buena s36005 T100000 518.4s · R0 real mediana 0.941 · establecidos 8/9 · R0 real [0.0074, 0.9756, 0.85, 0.9412, 0.9412, 0.9565, 0.7353, 0.6757, 0.9583]
  [   3233s] boca_mala s36005 rc 0 (529s) boca_mala s36005 T100000 528.1s · R0 real mediana 0.202 · establecidos 0/9 · R0 real [0.4062, 0.1616, 0.1554, 0.25, 0.1071, 0.2838, 0.2018, 0.0934, 0.617]
  [   3750s] memoria s36005 rc 0 (586s) memoria s36005 T100000 584.6s · R0 real mediana 0.143 · establecidos 3/9 · R0 real [0.1341, 0.1451, 0.0451, 0.1429, 0.8548, 0.1031, 0.8154, 0.9167, 0.0741]
  [   3865s] boca s36006 rc 0 (634s) boca s36006 T100000 630.9s · R0 real mediana 0.952 · establecidos 6/9 · R0 real [0.9524, 0.0441, 0.3667, 0.9737, 0.6275, 0.0973, 0.9744, 0.9615, 0.975]
  [   3877s] patas s36006 rc 0 (698s) patas s36006 T100000 694.5s · R0 real mediana 0.955 · establecidos 8/9 · R0 real [0.9697, 0.973, 0.023, 0.9545, 0.5, 0.4789, 0.9615, 0.9706, 0.8936]
  [   3934s] boca_mala s36006 rc 0 (701s) boca_mala s36006 T100000 697.6s · R0 real mediana 0.219 · establecidos 0/9 · R0 real [0.2193, 0.8056, 0.1217, 0.1095, 0.2333, 0.6136, 0.1515, 0.5818, 0.131]
  [   4343s] boca_buena s36006 rc 0 (593s) boca_buena s36006 T100000 590.7s · R0 real mediana 0.893 · establecidos 8/9 · R0 real [0.8929, 0.9333, 0.871, 0.2157, 0.6944, 0.9667, 0.9615, 0.9667, 0.0053]
  [   4419s] memoria s36006 rc 0 (554s) memoria s36006 T100000 551.2s · R0 real mediana 0.103 · establecidos 4/9 · R0 real [0.0484, 0.4677, 0.0907, 0.0972, 0.0441, 0.1031, 0.6944, 0.8537, 0.76]
  [   4470s] patas s36007 rc 0 (593s) patas s36007 T100000 591.2s · R0 real mediana 0.436 · establecidos 7/9 · R0 real [0.4308, 0.9737, 0.2647, 0.3457, 0.9737, 0.973, 0.0203, 0.9655, 0.4364]
  [   4497s] boca s36007 rc 0 (563s) boca s36007 T100000 559.1s · R0 real mediana 0.958 · establecidos 6/9 · R0 real [0.1844, 0.0136, 0.973, 0.9583, 0.9643, 0.9655, 0.9545, 0.1657, 0.9714]
  [   4896s] boca_mala s36007 rc 0 (553s) boca_mala s36007 T100000 550.4s · R0 real mediana 0.162 · establecidos 1/9 · R0 real [0.5614, 0.4286, 0.1377, 0.1069, 0.1736, 0.963, 0.128, 0.1615, 0.0932]
  [   4950s] boca_buena s36007 rc 0 (532s) boca_buena s36007 T100000 529.5s · R0 real mediana 0.947 · establecidos 8/9 · R0 real [0.0034, 0.9474, 0.8571, 0.9474, 0.96, 0.9444, 0.9643, 0.9474, 0.9524]
  [   4993s] memoria s36007 rc 0 (523s) memoria s36007 T100000 519.8s · R0 real mediana 0.193 · establecidos 1/9 · R0 real [0.1365, 0.9811, 0.0936, 0.1931, 0.3073, 0.1214, 0.0445, 0.2448, 0.2908]
  [   5059s] patas s36008 rc 0 (562s) patas s36008 T100000 558.8s · R0 real mediana 0.943 · establecidos 8/9 · R0 real [0.9545, 0.9706, 0.9655, 0.7885, 0.9429, 0.0162, 0.5972, 0.4746, 0.9667]
  [   5404s] boca s36008 rc 0 (508s) boca s36008 T100000 505.1s · R0 real mediana 0.917 · establecidos 6/9 · R0 real [0.0114, 0.92, 0.0273, 0.9167, 0.4107, 0.0986, 0.9412, 0.9474, 0.9583]
  [   5473s] boca_mala s36008 rc 0 (523s) boca_mala s36008 T100000 520.1s · R0 real mediana 0.235 · establecidos 0/9 · R0 real [0.2347, 0.5, 0.1268, 0.1154, 0.2451, 0.7, 0.1402, 0.1, 0.4839]
  [   5509s] boca_buena s36008 rc 0 (517s) boca_buena s36008 T100000 515.5s · R0 real mediana 0.950 · establecidos 8/9 · R0 real [0.95, 0.9545, 0.9286, 0.0116, 0.9565, 0.7674, 0.6667, 0.9615, 0.9688]
  [   5545s] memoria s36008 rc 0 (487s) memoria s36008 T100000 484.4s · R0 real mediana 0.167 · establecidos 1/9 · R0 real [0.0644, 0.5172, 0.1264, 0.0657, 0.0365, 0.1895, 0.3866, 0.1674, 0.4762]
  [   5906s] patas s36009 rc 0 (501s) patas s36009 T100000 499.6s · R0 real mediana 0.902 · establecidos 8/9 · R0 real [0.8333, 0.8378, 0.902, 0.3462, 0.9783, 0.9808, 0.975, 0.9778, 0.0187]
  [   5936s] boca s36009 rc 0 (462s) boca s36009 T100000 459.5s · R0 real mediana 0.957 · establecidos 6/9 · R0 real [0.2237, 0.0182, 0.9412, 0.9655, 0.9643, 0.0357, 0.9565, 0.9677, 0.9583]
  [   5981s] boca_mala s36009 rc 0 (471s) boca_mala s36009 T100000 468.5s · R0 real mediana 0.269 · establecidos 1/9 · R0 real [0.2692, 0.4242, 0.3462, 0.1983, 0.7073, 0.1096, 0.1339, 0.1769, 0.4118]
  [   6014s] boca_buena s36009 rc 0 (468s) boca_buena s36009 T100000 467.1s · R0 real mediana 0.960 · establecidos 8/9 · R0 real [0.7838, 0.9737, 0.72, 0.0202, 0.9706, 0.9286, 0.9737, 0.9615, 0.96]
  [   6302s] memoria s36009 rc 0 (396s) memoria s36009 T100000 393.6s · R0 real mediana 0.142 · establecidos 3/9 · R0 real [0.2085, 0.5904, 0.102, 0.1423, 0.0755, 0.0372, 0.9839, 0.0603, 0.7674]
  [   6344s] patas s36010 rc 0 (408s) patas s36010 T100000 406.8s · R0 real mediana 0.963 · establecidos 7/9 · R0 real [0.2254, 0.973, 0.7838, 0.1801, 0.975, 0.963, 0.9655, 0.963, 0.0181]
  [   6347s] boca s36010 rc 0 (366s) boca s36010 T100000 364.9s · R0 real mediana 0.957 · establecidos 6/9 · R0 real [0.96, 0.3855, 0.9565, 0.9524, 0.9643, 0.9565, 0.0022, 0.9714, 0.1169]
  [   6383s] boca_mala s36010 rc 0 (369s) boca_mala s36010 T100000 366.1s · R0 real mediana 0.207 · establecidos 1/9 · R0 real [0.0762, 0.9231, 0.3253, 0.1111, 0.1583, 0.3803, 0.1373, 0.7, 0.2069]
  [   6572s] boca_buena s36010 rc 0 (270s) boca_buena s36010 T100000 269.5s · R0 real mediana 0.955 · establecidos 8/9 · R0 real [0.9655, 0.2985, 0.9677, 0.9545, 0.9375, 0.007, 0.9286, 0.9643, 0.9583]
  [   6596s] memoria s36010 rc 0 (252s) memoria s36010 T100000 250.9s · R0 real mediana 0.182 · establecidos 1/9 · R0 real [0.4026, 0.0748, 0.203, 0.0412, 0.0672, 0.2692, 0.1955, 0.1051, 0.1823]
LANZA fin 17:44:26 · 6596s
LANZA 17:44:26 · 1 corridas · max 4 procesos · T 100000
  [    243s] v143p s36001 rc 0 (243s) v143p s36001 T100000 240.6s · R0 real mediana 0.722 · establecidos 6/9 · R0 real [0.1103, 0.9655, 0.7222, 0.6042, 0.0381, 0.8438, 0.0089, 0.9615, 0.9583]
LANZA fin 17:48:29 · 243s
LANZA 17:48:29 · 10 corridas · max 4 procesos · T 100000
  [    264s] patas_bmala s36002 rc 0 (264s) patas_bmala s36002 T100000 263.1s · R0 real mediana 0.957 · establecidos 5/9 · R0 real [0.9688, 0.9583, 0.7692, 0.6047, 0.9667, 0.434, 0.3333, 0.9565, 0.9615]
  [    267s] patas_bmala s36001 rc 0 (267s) patas_bmala s36001 T100000 265.6s · R0 real mediana 0.711 · establecidos 5/9 · R0 real [0.4189, 0.5577, 0.8485, 0.7105, 0.9697, 0.963, 0.3099, 0.9722, 0.4098]
  [    276s] patas_bbuena s36002 rc 0 (276s) patas_bbuena s36002 T100000 274.1s · R0 real mediana 0.950 · establecidos 8/9 · R0 real [0.9615, 0.95, 0.9412, 0.9643, 0.9615, 0.7, 0.0157, 0.8966, 0.9615]
  [    279s] patas_bbuena s36001 rc 0 (279s) patas_bbuena s36001 T100000 276.5s · R0 real mediana 0.938 · establecidos 8/9 · R0 real [0.9565, 0.9231, 0.0095, 0.9615, 0.7826, 0.9615, 0.95, 0.9375, 0.9333]
  [    534s] patas_bmala s36003 rc 0 (270s) patas_bmala s36003 T100000 268.0s · R0 real mediana 0.703 · establecidos 4/9 · R0 real [0.2222, 0.6774, 0.871, 0.7027, 0.8929, 0.8, 0.9688, 0.5192, 0.5882]
  [    546s] patas_bbuena s36003 rc 0 (279s) patas_bbuena s36003 T100000 276.5s · R0 real mediana 0.933 · establecidos 8/9 · R0 real [0.9333, 0.0135, 0.9474, 0.9583, 0.8462, 0.8571, 0.9565, 0.8333, 0.9412]
  [    546s] patas_bmala s36004 rc 0 (270s) patas_bmala s36004 T100000 268.2s · R0 real mediana 0.720 · establecidos 5/9 · R0 real [0.5088, 0.9697, 0.5897, 0.9355, 0.2045, 0.8947, 0.9706, 0.6364, 0.72]
  [    561s] patas_bbuena s36004 rc 0 (282s) patas_bbuena s36004 T100000 279.0s · R0 real mediana 0.967 · establecidos 8/9 · R0 real [0.9667, 0.9783, 0.9667, 0.9767, 0.9535, 0.9697, 0.0681, 0.5079, 0.973]
  [    792s] patas_bmala s36005 rc 0 (258s) patas_bmala s36005 T100000 255.0s · R0 real mediana 0.950 · establecidos 6/9 · R0 real [0.7143, 0.96, 0.7879, 0.96, 0.9688, 0.95, 0.9643, 0.2018, 0.2264]
  [    816s] patas_bbuena s36005 rc 0 (270s) patas_bbuena s36005 T100000 268.1s · R0 real mediana 0.972 · establecidos 8/9 · R0 real [0.973, 0.9667, 0.9111, 0.9348, 0.9762, 0.9722, 0.9792, 0.0669, 0.9787]
LANZA fin 18:02:05 · 816s
