  v143 s39001 T100000 286.5s · R0 real mediana 0.667 · establecidos 5/9 · R0 [0.8, 0.9474, 0.0101, 0.7143, 0.1694, 0.9412, 0.6667, 0.1211, 0.0717]
  bb_ref s39001 T100000 274.9s · R0 real mediana 0.960 · establecidos 8/9 · R0 [0.0085, 0.9706, 0.9429, 0.9643, 0.96, 0.9667, 0.9744, 0.9583, 0.95]
  ya existe bb_fuerza_s39001_T100000.json
  ya existe bb_veto_s39001_T100000.json
  bb_todo s39001 T100000 284.4s · R0 real mediana 0.833 · establecidos 5/9 · R0 [0.8333, 0.3824, 0.0052, 0.9697, 0.02, 0.07, 0.9048, 0.9677, 0.9697]
  bb_m0 s39001 T100000 345.1s · R0 real mediana 0.000 · establecidos 0/9 · R0 [0.0, 0.0, 0.0, 0.0, 0.0, 0.0, 0.0, 0.0, 0.0]
  bb_sinprueba s39001 T100000 395.0s · R0 real mediana 0.931 · establecidos 6/9 · R0 [0.9333, 0.9744, 0.3281, 0.96, 0.4598, 0.6122, 0.0216, 0.9667, 0.931]
  v143 s39002 T100000 280.5s · R0 real mediana 0.784 · establecidos 6/9 · R0 [0.95, 0.4783, 0.9737, 0.1273, 0.0009, 0.9773, 0.8529, 0.7843, 0.5493]
  bb_ref s39002 T100000 291.1s · R0 real mediana 0.941 · establecidos 7/9 · R0 [0.9524, 0.9655, 0.9655, 0.9677, 0.9412, 0.4286, 0.8182, 0.0072, 0.9412]
  ya existe bb_fuerza_s39002_T100000.json
  ya existe bb_veto_s39002_T100000.json
  bb_todo s39002 T100000 378.0s · R0 real mediana 0.571 · establecidos 5/9 · R0 [0.22, 0.963, 0.9643, 0.9583, 0.963, 0.0112, 0.1724, 0.5714, 0.0102]
  bb_m0 s39002 T100000 380.0s · R0 real mediana 0.000 · establecidos 0/9 · R0 [0.0, 0.0, 0.0, 0.0, 0.0, 0.0, 0.0, 0.0, 0.0]
  bb_sinprueba s39002 T100000 370.2s · R0 real mediana 0.939 · establecidos 7/9 · R0 [0.9394, 0.88, 0.96, 0.4545, 0.0317, 0.5441, 0.9706, 0.9643, 0.9722]
  v143 s39003 T100000 373.0s · R0 real mediana 0.548 · establecidos 6/9 · R0 [0.0066, 0.7838, 0.9697, 0.4259, 0.0615, 0.7727, 0.5476, 0.2589, 0.9688]
  bb_ref s39003 T100000 433.0s · R0 real mediana 0.955 · establecidos 8/9 · R0 [0.9565, 0.0171, 0.9615, 0.8605, 0.9667, 0.9375, 0.9787, 0.9545, 0.2551]
  ya existe bb_fuerza_s39003_T100000.json
  ya existe bb_veto_s39003_T100000.json
  bb_todo s39003 T100000 420.6s · R0 real mediana 0.947 · establecidos 7/9 · R0 [0.9677, 0.9756, 0.7436, 0.0059, 0.0049, 0.4603, 0.9474, 0.9615, 0.975]
  bb_m0 s39003 T100000 456.8s · R0 real mediana 0.000 · establecidos 0/9 · R0 [0.0, 0.0, 0.0, 0.0, 0.0, 0.0, 0.0, 0.0, 0.0]
  bb_sinprueba s39003 T100000 447.6s · R0 real mediana 0.957 · establecidos 7/9 · R0 [0.9615, 0.9756, 0.9565, 0.9545, 0.96, 0.9655, 0.8378, 0.0196, 0.2419]
FIN 21 corridas en 5417s
