[21:00:01] EXPLORATORIO FABLE mundo quieto {'tipo': 'fijo', 't': 8000, 'tabla': {}} · {'T': 36000, 't_cambio': 8000, 't_corte': 24000, 'r0_margen': 4000} · brazos ['CODIGO', 'PERILLAS'] · semillas [28001, 28002, 28003]
[21:00:01] EXPLORATORIO FABLE mundo quieto {'tipo': 'fijo', 't': 8000, 'tabla': {}} · {'T': 36000, 't_cambio': 8000, 't_corte': 24000, 'r0_margen': 4000} · brazos ['CODIGO', 'PERILLAS'] · semillas [28004, 28005, 28006]
[21:03:30] CODIGO          s28001: 209.3 s · persiste 1 (vivos 5, t_ext None) · B_pre 45.7 · nac post/pre 1.533 · t_rec 0 · R0 final solo 0.9289 (n 197) · nac solo 197 · SOS 0.0186->0.0078
[21:03:38] CODIGO          s28004: 217.1 s · persiste 1 (vivos 7, t_ext None) · B_pre 47.0 · nac post/pre 1.33 · t_rec 0 · R0 final solo 0.5816 (n 98) · nac solo 98 · SOS 0.0247->0.0153
[21:06:40] PERILLAS        s28004: 182.1 s · persiste 1 (vivos 5, t_ext None) · B_pre 45.7 · nac post/pre 1.076 · t_rec 0 · R0 final solo 0.7183 (n 71) · nac solo 71 · SOS None->None
[21:06:43] PERILLAS        s28001: 193.1 s · persiste 1 (vivos 9, t_ext None) · B_pre 47.7 · nac post/pre 1.274 · t_rec 0 · R0 final solo 0.5684 (n 95) · nac solo 95 · SOS None->None
[21:09:26] CODIGO          s28005: 166.1 s · persiste 1 (vivos 7, t_ext None) · B_pre 46.7 · nac post/pre 1.031 · t_rec 0 · R0 final solo 0.6825 (n 63) · nac solo 63 · SOS 0.0233->0.0084
[21:09:30] CODIGO          s28002: 167.1 s · persiste 1 (vivos 9, t_ext None) · B_pre 51.0 · nac post/pre 1.375 · t_rec 0 · R0 final solo 0.801 (n 196) · nac solo 196 · SOS 0.0172->0.0219
[21:11:58] PERILLAS        s28005: 152.6 s · persiste 1 (vivos 11, t_ext None) · B_pre 48.7 · nac post/pre 1.081 · t_rec 0 · R0 final solo 0.766 (n 94) · nac solo 94 · SOS None->None
[21:12:09] PERILLAS        s28002: 158.9 s · persiste 1 (vivos 15, t_ext None) · B_pre 40.7 · nac post/pre 1.19 · t_rec 0 · R0 final solo 0.7463 (n 67) · nac solo 67 · SOS None->None
[21:14:49] CODIGO          s28006: 170.5 s · persiste 1 (vivos 23, t_ext None) · B_pre 51.0 · nac post/pre 1.309 · t_rec 0 · R0 final solo 0.7168 (n 113) · nac solo 113 · SOS 0.0281->0.0
[21:14:55] CODIGO          s28003: 166.0 s · persiste 1 (vivos 13, t_ext None) · B_pre 46.7 · nac post/pre 1.163 · t_rec 0 · R0 final solo 0.7222 (n 90) · nac solo 90 · SOS 0.0298->0.0226
[21:17:31] PERILLAS        s28003: 155.9 s · persiste 1 (vivos 11, t_ext None) · B_pre 49.7 · nac post/pre 1.047 · t_rec 0 · R0 final solo 0.5584 (n 77) · nac solo 77 · SOS None->None
[21:17:34] PERILLAS        s28006: 165.0 s · persiste 1 (vivos 23, t_ext None) · B_pre 50.0 · nac post/pre 1.097 · t_rec 0 · R0 final solo 0.6136 (n 88) · nac solo 88 · SOS None->None
[21:18:15] EXPLORATORIO FABLE mundo quieto {'tipo': 'fijo', 't': 8000, 'tabla': {}} · {'T': 36000, 't_cambio': 8000, 't_corte': 24000, 'r0_margen': 4000} · brazos ['MUT0'] · semillas [28001, 28002, 28003]
[21:18:15] EXPLORATORIO FABLE mundo quieto {'tipo': 'fijo', 't': 8000, 'tabla': {}} · {'T': 36000, 't_cambio': 8000, 't_corte': 24000, 'r0_margen': 4000} · brazos ['MUT0'] · semillas [28004, 28005, 28006]
[21:20:54] MUT0            s28004: 159.0 s · persiste 1 (vivos 6, t_ext None) · B_pre 45.7 · nac post/pre 1.057 · t_rec 0 · R0 final solo 0.6932 (n 88) · nac solo 88 · SOS 0.0->0.0
[21:20:59] MUT0            s28001: 164.1 s · persiste 1 (vivos 12, t_ext None) · B_pre 48.3 · nac post/pre 1.001 · t_rec 0 · R0 final solo 0.6418 (n 67) · nac solo 67 · SOS 0.0->0.0
[21:23:42] MUT0            s28005: 167.5 s · persiste 1 (vivos 14, t_ext None) · B_pre 49.7 · nac post/pre 0.939 · t_rec 0 · R0 final solo 0.5625 (n 80) · nac solo 80 · SOS 0.0->0.0
[21:23:44] MUT0            s28002: 165.0 s · persiste 1 (vivos 12, t_ext None) · B_pre 48.0 · nac post/pre 1.057 · t_rec 0 · R0 final solo 0.7 (n 70) · nac solo 70 · SOS 0.0->0.0
[21:26:21] MUT0            s28003: 157.0 s · persiste 1 (vivos 9, t_ext None) · B_pre 47.3 · nac post/pre 1.033 · t_rec 0 · R0 final solo 0.7123 (n 73) · nac solo 73 · SOS 0.0->0.0
[21:26:23] MUT0            s28006: 161.3 s · persiste 1 (vivos 11, t_ext None) · B_pre 52.7 · nac post/pre 0.895 · t_rec 2000 · R0 final solo 0.7385 (n 65) · nac solo 65 · SOS 0.0->0.0
