[13:29:23 +    0.0s] SERIE del candidato BA (junta fase 5), Pool(8).
[13:29:23 +    0.0s] El mundo, el canal y el EMISOR son los del bloque 6, SIN TOCAR. Lo unico nuevo es COMO LEE la tabla.
[13:29:23 +    0.0s] celdas ['b5k3', 'b6suf', 'A1', 'BA', 'BA-v']  brazos ['CANAL', 'CORTADO', 'BAR-H', 'BAR-T', 'VALOR', 'PAR', 'PAR0']  semillas 941-960  T = 100000 
[13:29:23 +    0.0s]     sha script                   f511d1bbe34887af
[13:29:23 +    0.0s]     sha constructor              503ada31c3da9a3b
[13:29:23 +    0.0s]     sha instrumento              1f196ee786b2040d
[13:29:23 +    0.0s]     sha arnes                    c01162c2e46d5de2
[13:29:23 +    0.0s]     sha preregistro              2769cd34e262c5f8
[13:29:23 +    0.0s]     sha origen_a1                8833e1dcfb62f26d
[13:29:23 +    0.0s]     sha origen_b6                b10cbd4ddd0c32a3
[13:29:23 +    0.0s]     sha origen_b5                e0b6b90f6f92d5c1
[13:29:23 +    0.0s]     sha origen_b4b               b3dd1d7e66a2d147
[13:29:23 +    0.0s]     sha runner_bloque6           88253f352d921c42
[13:29:23 +    0.0s]     sha preregistro_bloque6      a927e60810eacab2
[13:29:23 +    0.0s]     sha origen_organismo_v14     feefc88b1fd8d434
[13:29:23 +    0.0s]     origenes verificados -> OK
[13:29:23 +    0.8s] ETAPA 1/4 - DIAGNOSTICO ESTRUCTURAL (T = 0, 20 semillas)
[13:29:24 +    0.8s]     alias por par mediana 0.0161  piso de forma 4.0/32
[13:29:24 +    0.8s] ETAPA 2/4 - EMISORES (20 corridas de 100000 pasos; son los del bloque 6 bit a bit)
[13:30:11 +   47.9s]     emiten 19/20; sin mensaje (se EXCLUYEN, P-I2): [957]
[13:30:11 +   47.9s] ETAPA 3/4 - REGLA 14: la ENTRADA, campo a campo contra el bloque 6
[13:30:11 +   48.0s]     REGLA 14 - entrada campo a campo contra el bloque 6: 33 campos comunes, IDENTICOS
[13:30:11 +   48.0s]        campos: ['T', 'cambio', 'canal', 'costo', 'crit_exp', 'deriva', 'desambiguar', 'exc_fija', 'fam_D', 'fam_F', 'fam_V', 'fam_nvar', 'fam_seed', 'fam_val', 'k_ganadoras', 'ktop', 'largo', 'log_cada', 'memoria_pares', 'memoria_variante', 'mundo', 'n_exc', 'n_neu', 'nk', 'nkmax', 'nobj', 'par_herm', 'reg_b2', 'reg_b4', 'renov', 'seed', 'vent', 'vira']
[13:30:11 +   48.0s]        perillas de celda (las UNICAS que pueden diferir): ['combina', 'conj_tipo', 'dentro', 'dos_tipos', 'eta_w', 'exige_dir', 'k_forma', 'k_ganadoras', 'k_var', 'memoria_variante', 'msg_elige', 'pesos_tipo', 'var_cubre']
[13:30:11 +   48.0s] ETAPA 4/4 - RECEPTORES: 665 corridas de 100000 pasos...
[13:31:31 +  128.7s]           40/665
[13:32:53 +  209.8s]           80/665
[13:34:11 +  287.8s]           120/665
[13:35:32 +  368.8s]           160/665
[13:36:52 +  449.5s]           200/665
[13:38:14 +  531.2s]           240/665
[13:39:36 +  613.5s]           280/665
[13:40:49 +  686.1s]           320/665
[13:42:07 +  763.8s]           360/665
[13:43:20 +  836.8s]           400/665
[13:44:40 +  917.3s]           440/665
[13:45:57 +  994.6s]           480/665
[13:47:08 + 1065.6s]           520/665
[13:48:16 + 1133.1s]           560/665
[13:49:21 + 1198.7s]           600/665
[13:50:25 + 1262.0s]           640/665
[13:51:01 + 1298.7s]           665/665
[13:51:01 + 1298.8s] CRUDO -> serie_ba_s941-960_20260921_132923_crudo.json  sha256_16 = 4dcdffb3d724154d  (ERR-54)
[13:51:01 + 1298.8s]     P-I5 por brazo en BA-v (semillas con fam1 = 1: el mensaje escrito y NO consultado): {'CANAL': 0, 'CORTADO': 0, 'BAR-H': 0, 'BAR-T': 0, 'VALOR': 0, 'PAR': 0, 'PAR0': 0}
[13:51:01 + 1298.8s] 
[13:51:01 + 1298.8s] celda      CANAL  CORTADO    BAR-H    BAR-T    VALOR      PAR     PAR0   dist(PAR)  dist(PAR0)  muertes  okU
[13:51:02 + 1298.8s] b5k3      17/19     1/19    12/19     6/19     3/19    18/19     1/19    11/19      1/19       50.0     0.6667
[13:51:02 + 1298.8s] b6suf     18/19     4/19     7/19    12/19     6/19    19/19     4/19    19/19      3/19       49.0     0.6667
[13:51:02 + 1298.8s] A1        18/19     2/19     4/19     5/19     3/19    18/19     2/19    15/19      2/19       37.0     0.8333
[13:51:02 + 1298.8s] BA        18/19     1/19    15/19     5/19     6/19    18/19     0/19    17/19      1/19       40.0     0.6667
[13:51:02 + 1298.8s] BA-v      18/19     0/19     7/19     4/19     2/19    18/19     0/19    17/19      1/19       104.0     0.6667
[13:51:02 + 1298.8s]   [b5k3] R1 CANAL 17/19 >= 15 y CORTADO 1 <= 5: pasa; R2 BAR-T 6 <= CORTADO+3: CAE; R3 BAR-H 12 <= CORTADO+5: CAE; R4 VALOR 3 <= CORTADO+3: pasa; R5 dist 11/19 >= 12 y >= gemelo+5 (1): CAE  |  MISION (BAR-T <= 5 Y PAR >= 15): no
[13:51:02 + 1298.8s]   [b6suf] R1 CANAL 18/19 >= 15 y CORTADO 4 <= 5: pasa; R2 BAR-T 12 <= CORTADO+3: CAE; R3 BAR-H 7 <= CORTADO+5: pasa; R4 VALOR 6 <= CORTADO+3: pasa; R5 dist 19/19 >= 12 y >= gemelo+5 (3): pasa  |  MISION (BAR-T <= 5 Y PAR >= 15): no
[13:51:02 + 1298.8s]   [A1] R1 CANAL 18/19 >= 15 y CORTADO 2 <= 5: pasa; R2 BAR-T 5 <= CORTADO+3: pasa; R3 BAR-H 4 <= CORTADO+5: pasa; R4 VALOR 3 <= CORTADO+3: pasa; R5 dist 15/19 >= 12 y >= gemelo+5 (2): pasa  |  MISION (BAR-T <= 5 Y PAR >= 15): SI
[13:51:02 + 1298.8s]   [BA] R1 CANAL 18/19 >= 15 y CORTADO 1 <= 5: pasa; R2 BAR-T 5 <= CORTADO+3: CAE; R3 BAR-H 15 <= CORTADO+5: CAE; R4 VALOR 6 <= CORTADO+3: CAE; R5 dist 17/19 >= 12 y >= gemelo+5 (1): pasa  |  MISION (BAR-T <= 5 Y PAR >= 15): SI
[13:51:02 + 1298.8s]   [BA-v] R1 CANAL 18/19 >= 15 y CORTADO 0 <= 5: pasa; R2 BAR-T 4 <= CORTADO+3: CAE; R3 BAR-H 7 <= CORTADO+5: CAE; R4 VALOR 2 <= CORTADO+3: pasa; R5 dist 17/19 >= 12 y >= gemelo+5 (1): pasa  |  MISION (BAR-T <= 5 Y PAR >= 15): SI
