HUMO RONDA 2 · equipo O2 · modo fab · semilla 9025 · T=30000 · fundador limpio · humo 11/12
  carros ['O2', 'O2', 'O2', 'FABRICA', 'FABRICA', 'FABRICA', 'FABRICA', 'FABRICA', 'FABRICA'] · sha {'FABRICA': '2ebee3e99ea5a33a', 'O2': '34d0bbac36a02521'} · pista c96d723fe2c6eaba · juez b776b52e515a2fac · chequeo estatico PASA

RESUMEN · humo O2 fab · semillas [9025] · T=30000 · pizarra 1 · rep_acum 0
  linaje        R0 med         R0 por semilla    vida  muert  desc  fund    p1    c1   expA    sac  causas (hambre/sed/veneno/sal)  >=0.9
  O2#0            39.0                 [39.0] 30000.0    0.0  39.0   0.0  None  None  426.0  0.782  0/0/0/0 (0%/0%/0%/0%)  1/1
  O2#1            42.0                 [42.0] 30000.0    0.0  42.0   0.0  None  None  495.0  0.803  0/0/0/0 (0%/0%/0%/0%)  1/1
  O2#2          12.667              [12.6667]  4076.0    2.0  38.0   0.0   0.5   1.0  412.0  0.759  0/0/2/0 (0%/0%/100%/0%)  1/1
  FABRICA#3       0.22                 [0.22]    79.0   99.0  22.0  77.0 0.208   1.0  299.0  0.505  0/0/48/51 (0%/0%/48%/52%)  0/1
  FABRICA#4      0.067               [0.0667]    51.0  194.0  13.0 181.0 0.115 0.983  216.0  0.366  0/0/107/87 (0%/0%/55%/45%)  0/1
  FABRICA#5      0.124               [0.1241]    63.0  136.0  17.0 120.0 0.139   1.0  252.0  0.419  0/0/73/63 (0%/0%/54%/46%)  0/1
  FABRICA#6      0.103               [0.1032]    68.0  125.0  13.0 112.0 0.183   1.0  279.0  0.411  0/0/58/67 (0%/0%/46%/54%)  0/1
  FABRICA#7      0.232               [0.2317]    75.0   81.0  19.0  62.0 0.171   1.0  287.0   0.56  0/0/42/39 (0%/0%/52%/48%)  0/1
  FABRICA#8      0.135               [0.1345]    73.0  118.0  16.0 102.0 0.139   1.0  279.0  0.462  0/0/51/67 (0%/0%/43%/57%)  0/1
  R0 de la pista (mediana por semilla de sum desc / (sum muertes + n)): 0.287 · por semilla [0.2866]
  semilla 9025: fraccion B+D del mundo por cuarto de T [0.772, 0.775, 0.772, 0.761] · L 360 nobj 36
  DIAGNOSTICO (mediana sobre 9 linajes-semilla; ventana 50 pasos tras perder el objetivo bueno):
    robos por linaje 454.0 · perdidas por olvido 19.0 · B/D tras robo 0.729 vs tras olvido 0.684 vs base 0.703 · A/C tras robo 0.519 vs base 0.773
    distancia media al bueno mas cercano 48.499 · frac pasos sin bueno en el mundo 0.011 · frac pasos sin NINGUN objeto a <= 20 0.063 (max 0.07)
  MECANISMO (ENMIENDA 4; desde la fisica: 'limpieza' = mordida de B/D A SABIENDAS -letra ya mordida por el linaje- con el golpe en la necesidad MAS llena):
    limpiezas por linaje-semilla (mediana) 267.0 · por cuerpo 2.722 · total 2596 · objetos buenos que reaparecen por ellas 1282 (0.494 por limpieza)
    todas las mordidas malas 3614 -> buenos que reaparecen 1783 · fraccion de pasos SIN ningun objeto bueno en el mundo por semilla [0.0002] (mediana 0.0)
  HAMBRE -> BOCA (suma de todos los linajes-semilla; H = manda el hambre, S = manda la sed; deficit = el de la necesidad activa):
    AH: decisiones   2567 mordidas   1584 tasa 0.617 · deficit medio al decidir 0.108 al morder 0.175
    AS: decisiones    536 mordidas    487 tasa 0.909 · deficit medio al decidir 0.448 al morder 0.459
    BH: decisiones   8285 mordidas    981 tasa 0.118 · deficit medio al decidir 0.112 al morder 0.483
    BS: decisiones   1858 mordidas    795 tasa 0.428 · deficit medio al decidir 0.415 al morder 0.544
    CH: decisiones   2540 mordidas   1522 tasa 0.599 · deficit medio al decidir 0.111 al morder 0.176
    CS: decisiones    526 mordidas    495 tasa 0.941 · deficit medio al decidir 0.447 al morder 0.461
    DH: decisiones   8532 mordidas   1388 tasa 0.163 · deficit medio al decidir 0.103 al morder 0.442
    DS: decisiones   1913 mordidas    450 tasa 0.235 · deficit medio al decidir 0.441 al morder 0.637
    deficit en mordidas B/D (bins de 0.1) [595, 171, 103, 144, 1007, 231, 118, 107, 877, 261] (media ~0.515) · en mordidas A/C [2248, 203, 114, 178, 497, 149, 106, 118, 398, 77] (media ~0.271)
    mordidas B/D con un robo en los 50 pasos previos 0.543 vs pasos cubiertos asi 0.493 · deficit en B/D con robo previo 0.543 vs sin 0.49
    formato H-BOCA (mordidas / exposiciones): veneno con SED 795/1698 · veneno con HAMBRE 981/7022 · sal con HAMBRE 1388/7271 · sal con SED 450/1716
  contabilidad fisica coherente: 9/9 · t_fund reconstruible desde telem == fisica: 9/9
  mundo: objetos medios por tipo (A comida, B veneno, C agua, D sal; nobj=36) por semilla [{'A': 4.1283, 'B': 13.727, 'C': 4.1477, 'D': 13.997}] · olvidos [799]
  mordidas totales por tipo por semilla [{'A': 2071, 'B': 1776, 'C': 2017, 'D': 1838}]
  referencia UN cuerpo a la vez: REL 0.395 (acum 1: 0.483) -- bloque 2, replica 1601-1620, un cuerpo a la vez (REGLAMENTO sec. 1)

RONDA 2 / ENMIENDA 5 (fundador limpio SI; cruza = R0 de NACIMIENTOS REALES >= 0.9 y 0 fundadores tras t = 10000, con >= 5 muertes) · r2fab
  equipo     lin-sem cruzan evaluab casi inm R0 REAL eval med R0 prereg med sem cruza (mayoria)  (todos)  gana
  O2               3      0       0        3             None          None                 0/1      0/1  no
  FABRICA          6      0       6        0            0.126         0.129                 0/1      0/1  no  (FABRICA: piso, no compite)
  PREDICCIONES FIRMADAS (ENMIENDA 5) -- se leen sobre el conjunto de series; lo de esta serie:
    - al menos un equipo gana la ronda 2 en monocultivo (p 0.50)
    - en pista mixta con 6 FABRICA gana alguno (p 0.25)
    - O1 con fundador limpio cruza en monocultivo con R0 real (p 0.60)
    medido en esta serie: pista con 6 FABRICA, equipo ['O2']: gana no
  JSON C:\Users\User\Documents\PROYECTOS\JUACO\carrera\experimentos\carrera_escuderias\datos\humos_r2\O2\humo_O2_fab_s9025_T30000_20260922_171731.json · 55.8s · te quedan 1 humos
