HUMO RONDA 2 · equipo O2 · modo mix · semilla 9005 · T=30000 · fundador limpio · humo 6/12
  carros ['O2', 'O2', 'O2', 'O3', 'O3', 'O3', 'O4', 'O4', 'O4'] · sha {'O2': '4ff4b24a653e6a38', 'O3': 'a3476bf748d08866', 'O4': '3add228dec0ef88f'} · pista c96d723fe2c6eaba · juez b776b52e515a2fac · chequeo estatico PASA

RESUMEN · humo O2 mix · semillas [9005] · T=30000 · pizarra 1 · rep_acum 0
  linaje        R0 med         R0 por semilla    vida  muert  desc  fund    p1    c1   expA    sac  causas (hambre/sed/veneno/sal)  >=0.9
  O2#0           3.286               [3.2857]  1000.0    6.0  23.0   4.0 0.833   1.0  171.0  0.601  3/1/1/1 (50%/17%/17%/17%)  1/1
  O2#1            10.0                 [10.0]  6548.0    2.0  30.0   0.0   0.5   1.0  220.0  0.646  1/1/0/0 (50%/50%/0%/0%)  1/1
  O2#2            13.0                 [13.0] 15000.0    1.0  26.0   0.0   1.0   0.0  201.0  0.641  1/0/0/0 (100%/0%/0%/0%)  1/1
  O3#3           1.333               [1.3333]  2964.0    8.0  12.0   0.0 0.875   1.0  184.0  0.571  1/1/6/0 (12%/12%/75%/0%)  1/1
  O3#4           1.556               [1.5556]  2700.0    8.0  14.0   0.0 0.875 0.875  187.0  0.493  1/0/5/2 (12%/0%/62%/25%)  1/1
  O3#5             1.5                  [1.5]  3102.5    7.0  12.0   0.0   1.0   1.0  204.0  0.513  1/2/0/4 (14%/29%/0%/57%)  1/1
  O4#6             1.0                  [1.0]  3027.5    9.0  10.0   1.0 0.778   1.0  198.0   0.39  1/1/3/4 (11%/11%/33%/44%)  1/1
  O4#7             1.2                  [1.2]  3049.0    9.0  12.0   0.0 0.889   1.0  236.0  0.416  0/1/2/6 (0%/11%/22%/67%)  1/1
  O4#8           1.222               [1.2222]  3037.0    8.0  11.0   0.0 0.875   1.0  203.0  0.438  1/0/2/5 (12%/0%/25%/62%)  1/1
  R0 de la pista (mediana por semilla de sum desc / (sum muertes + n)): 2.239 · por semilla [2.2388]
  semilla 9005: fraccion B+D del mundo por cuarto de T [0.938, 0.916, 0.886, 0.905] · L 360 nobj 36
  DIAGNOSTICO (mediana sobre 9 linajes-semilla; ventana 50 pasos tras perder el objetivo bueno):
    robos por linaje 609.0 · perdidas por olvido 16.0 · B/D tras robo 0.347 vs tras olvido 0.158 vs base 0.37 · A/C tras robo 0.363 vs base 0.442
    distancia media al bueno mas cercano 65.879 · frac pasos sin bueno en el mundo 0.198 · frac pasos sin NINGUN objeto a <= 20 0.029 (max 0.0423)
  MECANISMO (ENMIENDA 4; desde la fisica: 'limpieza' = mordida de B/D A SABIENDAS -letra ya mordida por el linaje- con el golpe en la necesidad MAS llena):
    limpiezas por linaje-semilla (mediana) 217.0 · por cuerpo 24.111 · total 1545 · objetos buenos que reaparecen por ellas 794 (0.514 por limpieza)
    todas las mordidas malas 1640 -> buenos que reaparecen 838 · fraccion de pasos SIN ningun objeto bueno en el mundo por semilla [0.0231] (mediana 0.023)
  HAMBRE -> BOCA (suma de todos los linajes-semilla; H = manda el hambre, S = manda la sed; deficit = el de la necesidad activa):
    AH: decisiones   1522 mordidas    938 tasa 0.616 · deficit medio al decidir 0.115 al morder 0.183
    AS: decisiones    376 mordidas    299 tasa 0.795 · deficit medio al decidir 0.333 al morder 0.341
    BH: decisiones  10779 mordidas    352 tasa 0.033 · deficit medio al decidir 0.119 al morder 0.026
    BS: decisiones   2795 mordidas    507 tasa 0.181 · deficit medio al decidir 0.342 al morder 0.333
    CH: decisiones   1364 mordidas    728 tasa 0.534 · deficit medio al decidir 0.104 al morder 0.151
    CS: decisiones    470 mordidas    458 tasa 0.974 · deficit medio al decidir 0.348 al morder 0.343
    DH: decisiones   8624 mordidas    764 tasa 0.089 · deficit medio al decidir 0.114 al morder 0.192
    DS: decisiones   2410 mordidas     17 tasa 0.007 · deficit medio al decidir 0.377 al morder 0.584
    deficit en mordidas B/D (bins de 0.1) [895, 140, 102, 126, 115, 78, 72, 51, 39, 22] (media ~0.225) · en mordidas A/C [1189, 240, 158, 202, 226, 133, 101, 76, 63, 35] (media ~0.243)
    mordidas B/D con un robo en los 50 pasos previos 0.693 vs pasos cubiertos asi 0.66 · deficit en B/D con robo previo 0.246 vs sin 0.189
    formato H-BOCA (mordidas / exposiciones): veneno con SED 507/2768 · veneno con HAMBRE 352/10049 · sal con HAMBRE 764/8047 · sal con SED 17/2408
  contabilidad fisica coherente: 9/9 · t_fund reconstruible desde telem == fisica: 9/9
  mundo: objetos medios por tipo (A comida, B veneno, C agua, D sal; nobj=36) por semilla [{'A': 1.5992, 'B': 18.1636, 'C': 1.5957, 'D': 14.6415}] · olvidos [857]
  mordidas totales por tipo por semilla [{'A': 1237, 'B': 859, 'C': 1186, 'D': 781}]
  referencia UN cuerpo a la vez: REL 0.395 (acum 1: 0.483) -- bloque 2, replica 1601-1620, un cuerpo a la vez (REGLAMENTO sec. 1)

RONDA 2 / ENMIENDA 5 (fundador limpio SI; cruza = R0 de NACIMIENTOS REALES >= 0.9 y 0 fundadores tras t = 10000, con >= 5 muertes) · r2mix3
  equipo     lin-sem cruzan evaluab casi inm R0 REAL eval med R0 prereg med sem cruza (mayoria)  (todos)  gana
  O2               3      0       1        2            0.286         3.286                 0/1      0/1  no
  O3               3      0       3        0            0.889           1.5                 0/1      0/1  no
  O4               3      1       3        0            0.889           1.2                 0/1      0/1  no
  PREDICCIONES FIRMADAS (ENMIENDA 5) -- se leen sobre el conjunto de series; lo de esta serie:
    - al menos un equipo gana la ronda 2 en monocultivo (p 0.50)
    - en pista mixta con 6 FABRICA gana alguno (p 0.25)
    - O1 con fundador limpio cruza en monocultivo con R0 real (p 0.60)
    medido en esta serie: pista mixta O2/O3/O4: ganan ninguno
  JSON C:\Users\User\Documents\PROYECTOS\JUACO\carrera\experimentos\carrera_escuderias\datos\humos_r2\O2\humo_O2_mix_s9005_T30000_20260922_165935.json · 96.1s · te quedan 6 humos
