HUMO RONDA 2 · equipo O2 · modo fab · semilla 9024 · T=30000 · fundador limpio · humo 10/12
  carros ['O2', 'O2', 'O2', 'FABRICA', 'FABRICA', 'FABRICA', 'FABRICA', 'FABRICA', 'FABRICA'] · sha {'FABRICA': '2ebee3e99ea5a33a', 'O2': '4ff4b24a653e6a38'} · pista c96d723fe2c6eaba · juez b776b52e515a2fac · chequeo estatico PASA

RESUMEN · humo O2 fab · semillas [9024] · T=30000 · pizarra 1 · rep_acum 0
  linaje        R0 med         R0 por semilla    vida  muert  desc  fund    p1    c1   expA    sac  causas (hambre/sed/veneno/sal)  >=0.9
  O2#0            51.0                 [51.0] 30000.0    0.0  51.0   0.0  None  None  399.0  0.892  0/0/0/0 (0%/0%/0%/0%)  1/1
  O2#1            49.0                 [49.0] 30000.0    0.0  49.0   0.0  None  None  392.0  0.872  0/0/0/0 (0%/0%/0%/0%)  1/1
  O2#2            49.0                 [49.0] 30000.0    0.0  49.0   0.0  None  None  438.0  0.853  0/0/0/0 (0%/0%/0%/0%)  1/1
  FABRICA#3      0.099               [0.0993]    59.0  140.0  14.0 126.0 0.221 0.978  242.0  0.446  0/0/66/74 (0%/0%/47%/53%)  0/1
  FABRICA#4      0.263               [0.2625]    81.5   79.0  21.0  58.0 0.321   1.0  256.0  0.536  0/0/31/48 (0%/0%/39%/61%)  0/1
  FABRICA#5      0.079               [0.0794]    54.0  188.0  15.0 173.0 0.127 0.963  212.0   0.38  0/0/84/104 (0%/0%/45%/55%)  0/1
  FABRICA#6      0.097               [0.0974]    52.0  153.0  15.0 138.0 0.123 0.979  262.0  0.483  0/0/80/73 (0%/0%/52%/48%)  0/1
  FABRICA#7      0.104                [0.104]    55.0  124.0  13.0 112.0 0.154 0.972  242.0  0.499  0/0/66/58 (0%/0%/53%/47%)  0/1
  FABRICA#8      0.172               [0.1724]    43.0  115.0  20.0  95.0 0.192 0.967  268.0  0.555  0/0/51/64 (0%/0%/44%/56%)  0/1
  R0 de la pista (mediana por semilla de sum desc / (sum muertes + n)): 0.306 · por semilla [0.3057]
  semilla 9024: fraccion B+D del mundo por cuarto de T [0.787, 0.777, 0.793, 0.777] · L 360 nobj 36
  DIAGNOSTICO (mediana sobre 9 linajes-semilla; ventana 50 pasos tras perder el objetivo bueno):
    robos por linaje 423.0 · perdidas por olvido 16.0 · B/D tras robo 0.739 vs tras olvido 0.267 vs base 0.757 · A/C tras robo 0.48 vs base 0.747
    distancia media al bueno mas cercano 50.016 · frac pasos sin bueno en el mundo 0.04 · frac pasos sin NINGUN objeto a <= 20 0.053 (max 0.0706)
  MECANISMO (ENMIENDA 4; desde la fisica: 'limpieza' = mordida de B/D A SABIENDAS -letra ya mordida por el linaje- con el golpe en la necesidad MAS llena):
    limpiezas por linaje-semilla (mediana) 305.0 · por cuerpo 2.897 · total 2059 · objetos buenos que reaparecen por ellas 1042 (0.506 por limpieza)
    todas las mordidas malas 3012 -> buenos que reaparecen 1532 · fraccion de pasos SIN ningun objeto bueno en el mundo por semilla [0.0029] (mediana 0.003)
  HAMBRE -> BOCA (suma de todos los linajes-semilla; H = manda el hambre, S = manda la sed; deficit = el de la necesidad activa):
    AH: decisiones   2485 mordidas   1438 tasa 0.579 · deficit medio al decidir 0.092 al morder 0.158
    AS: decisiones    378 mordidas    339 tasa 0.897 · deficit medio al decidir 0.402 al morder 0.417
    BH: decisiones   9427 mordidas    879 tasa 0.093 · deficit medio al decidir 0.093 al morder 0.530
    BS: decisiones   1435 mordidas    553 tasa 0.385 · deficit medio al decidir 0.401 al morder 0.640
    CH: decisiones   2553 mordidas   1347 tasa 0.528 · deficit medio al decidir 0.084 al morder 0.150
    CS: decisiones    467 mordidas    428 tasa 0.916 · deficit medio al decidir 0.373 al morder 0.387
    DH: decisiones   8587 mordidas   1125 tasa 0.131 · deficit medio al decidir 0.089 al morder 0.486
    DS: decisiones   1490 mordidas    455 tasa 0.305 · deficit medio al decidir 0.424 al morder 0.662
    deficit en mordidas B/D (bins de 0.1) [378, 76, 68, 59, 937, 148, 67, 83, 984, 212] (media ~0.569) · en mordidas A/C [2033, 202, 148, 213, 437, 114, 54, 28, 262, 61] (media ~0.236)
    mordidas B/D con un robo en los 50 pasos previos 0.529 vs pasos cubiertos asi 0.496 · deficit en B/D con robo previo 0.575 vs sin 0.531
    formato H-BOCA (mordidas / exposiciones): veneno con SED 553/1326 · veneno con HAMBRE 879/7977 · sal con HAMBRE 1125/7448 · sal con SED 455/1312
  contabilidad fisica coherente: 9/9 · t_fund reconstruible desde telem == fisica: 9/9
  mundo: objetos medios por tipo (A comida, B veneno, C agua, D sal; nobj=36) por semilla [{'A': 3.901, 'B': 14.6585, 'C': 3.8863, 'D': 13.5541}] · olvidos [747]
  mordidas totales por tipo por semilla [{'A': 1777, 'B': 1432, 'C': 1775, 'D': 1580}]
  referencia UN cuerpo a la vez: REL 0.395 (acum 1: 0.483) -- bloque 2, replica 1601-1620, un cuerpo a la vez (REGLAMENTO sec. 1)

RONDA 2 / ENMIENDA 5 (fundador limpio SI; cruza = R0 de NACIMIENTOS REALES >= 0.9 y 0 fundadores tras t = 10000, con >= 5 muertes) · r2fab
  equipo     lin-sem cruzan evaluab casi inm R0 REAL eval med R0 prereg med sem cruza (mayoria)  (todos)  gana
  O2               3      0       0        3             None          None                 0/1      0/1  no
  FABRICA          6      0       6        0            0.098         0.102                 0/1      0/1  no  (FABRICA: piso, no compite)
  PREDICCIONES FIRMADAS (ENMIENDA 5) -- se leen sobre el conjunto de series; lo de esta serie:
    - al menos un equipo gana la ronda 2 en monocultivo (p 0.50)
    - en pista mixta con 6 FABRICA gana alguno (p 0.25)
    - O1 con fundador limpio cruza en monocultivo con R0 real (p 0.60)
    medido en esta serie: pista con 6 FABRICA, equipo ['O2']: gana no
  JSON C:\Users\User\Documents\PROYECTOS\JUACO\carrera\experimentos\carrera_escuderias\datos\humos_r2\O2\humo_O2_fab_s9024_T30000_20260922_171046.json · 49.4s · te quedan 2 humos
