HUMO RONDA 2 · equipo O2 · modo mono · semilla 9022 · T=30000 · fundador limpio · humo 8/12
  carros ['O2', 'O2', 'O2', 'O2', 'O2', 'O2', 'O2', 'O2', 'O2'] · sha {'O2': '4ff4b24a653e6a38'} · pista c96d723fe2c6eaba · juez b776b52e515a2fac · chequeo estatico PASA

RESUMEN · humo O2 mono · semillas [9022] · T=30000 · pizarra 1 · rep_acum 0
  linaje        R0 med         R0 por semilla    vida  muert  desc  fund    p1    c1   expA    sac  causas (hambre/sed/veneno/sal)  >=0.9
  O2#0             3.4                  [3.4]  6532.0    4.0  17.0   0.0  0.75   1.0  124.0  0.517  1/0/1/2 (25%/0%/25%/50%)  1/1
  O2#1             2.0                  [2.0]  4358.0    6.0  14.0   1.0 0.833   1.0  130.0  0.481  1/2/1/2 (17%/33%/17%/33%)  1/1
  O2#2           2.143               [2.1429]  1561.0    6.0  15.0   1.0   1.0   1.0  147.0  0.444  3/3/0/0 (50%/50%/0%/0%)  1/1
  O2#3           1.286               [1.2857]  1958.0    6.0   9.0   0.0   1.0   1.0  142.0  0.402  1/2/1/2 (17%/33%/17%/33%)  1/1
  O2#4             1.5                  [1.5]  4121.5    7.0  12.0   0.0   1.0   1.0  120.0  0.444  1/2/0/4 (14%/29%/0%/57%)  1/1
  O2#5           0.733               [0.7333]  1464.0   14.0  11.0   9.0 0.857   1.0  124.0  0.338  3/2/5/4 (21%/14%/36%/29%)  0/1
  O2#6             2.6                  [2.6]  5812.0    4.0  13.0   0.0  0.75   1.0  142.0  0.452  1/3/0/0 (25%/75%/0%/0%)  1/1
  O2#7           1.667               [1.6667]  1512.0    5.0  10.0   0.0   0.8   1.0  127.0  0.451  1/2/1/1 (20%/40%/20%/20%)  1/1
  O2#8             1.7                  [1.7]  1937.0    9.0  17.0   0.0 0.889   1.0  126.0  0.438  5/2/1/1 (56%/22%/11%/11%)  1/1
  R0 de la pista (mediana por semilla de sum desc / (sum muertes + n)): 1.686 · por semilla [1.6857]
  semilla 9022: fraccion B+D del mundo por cuarto de T [0.935, 0.954, 0.95, 0.944] · L 360 nobj 36
  DIAGNOSTICO (mediana sobre 9 linajes-semilla; ventana 50 pasos tras perder el objetivo bueno):
    robos por linaje 591.0 · perdidas por olvido 12.0 · B/D tras robo 0.229 vs tras olvido 0.25 vs base 0.198 · A/C tras robo 0.287 vs base 0.335
    distancia media al bueno mas cercano 76.195 · frac pasos sin bueno en el mundo 0.334 · frac pasos sin NINGUN objeto a <= 20 0.022 (max 0.0268)
  MECANISMO (ENMIENDA 4; desde la fisica: 'limpieza' = mordida de B/D A SABIENDAS -letra ya mordida por el linaje- con el golpe en la necesidad MAS llena):
    limpiezas por linaje-semilla (mediana) 117.0 · por cuerpo 16.857 · total 1001 · objetos buenos que reaparecen por ellas 507 (0.506 por limpieza)
    todas las mordidas malas 1024 -> buenos que reaparecen 516 · fraccion de pasos SIN ningun objeto bueno en el mundo por semilla [0.0436] (mediana 0.044)
  HAMBRE -> BOCA (suma de todos los linajes-semilla; H = manda el hambre, S = manda la sed; deficit = el de la necesidad activa):
    AH: decisiones    907 mordidas    646 tasa 0.712 · deficit medio al decidir 0.181 al morder 0.254
    AS: decisiones    315 mordidas    255 tasa 0.810 · deficit medio al decidir 0.398 al morder 0.416
    BH: decisiones   8595 mordidas    117 tasa 0.014 · deficit medio al decidir 0.173 al morder 0.019
    BS: decisiones   3213 mordidas    382 tasa 0.119 · deficit medio al decidir 0.424 al morder 0.369
    CH: decisiones    943 mordidas    541 tasa 0.574 · deficit medio al decidir 0.144 al morder 0.230
    CS: decisiones    364 mordidas    364 tasa 1.000 · deficit medio al decidir 0.401 al morder 0.401
    DH: decisiones  10018 mordidas    522 tasa 0.052 · deficit medio al decidir 0.176 al morder 0.287
    DS: decisiones   3749 mordidas      3 tasa 0.001 · deficit medio al decidir 0.423 al morder 0.313
    deficit en mordidas B/D (bins de 0.1) [391, 92, 86, 93, 115, 90, 68, 39, 27, 23] (media ~0.300) · en mordidas A/C [720, 158, 116, 119, 178, 150, 142, 106, 70, 47] (media ~0.315)
    mordidas B/D con un robo en los 50 pasos previos 0.762 vs pasos cubiertos asi 0.654 · deficit en B/D con robo previo 0.302 vs sin 0.263
    formato H-BOCA (mordidas / exposiciones): veneno con SED 382/3191 · veneno con HAMBRE 117/8148 · sal con HAMBRE 522/9491 · sal con SED 3/3741
  contabilidad fisica coherente: 9/9 · t_fund reconstruible desde telem == fisica: 9/9
  mundo: objetos medios por tipo (A comida, B veneno, C agua, D sal; nobj=36) por semilla [{'A': 0.9579, 'B': 15.5637, 'C': 0.9932, 'D': 18.4852}] · olvidos [827]
  mordidas totales por tipo por semilla [{'A': 901, 'B': 499, 'C': 905, 'D': 525}]
  referencia UN cuerpo a la vez: REL 0.395 (acum 1: 0.483) -- bloque 2, replica 1601-1620, un cuerpo a la vez (REGLAMENTO sec. 1)

RONDA 2 / ENMIENDA 5 (fundador limpio SI; cruza = R0 de NACIMIENTOS REALES >= 0.9 y 0 fundadores tras t = 10000, con >= 5 muertes) · r2mono
  equipo     lin-sem cruzan evaluab casi inm R0 REAL eval med R0 prereg med sem cruza (mayoria)  (todos)  gana
  O2               9      1       7        2            0.833         1.667                 0/1      0/1  no
  PREDICCIONES FIRMADAS (ENMIENDA 5) -- se leen sobre el conjunto de series; lo de esta serie:
    - al menos un equipo gana la ronda 2 en monocultivo (p 0.50)
    - en pista mixta con 6 FABRICA gana alguno (p 0.25)
    - O1 con fundador limpio cruza en monocultivo con R0 real (p 0.60)
    medido en esta serie: monocultivo de ['O2']: gana no
  JSON C:\Users\User\Documents\PROYECTOS\JUACO\carrera\experimentos\carrera_escuderias\datos\humos_r2\O2\humo_O2_mono_s9022_T30000_20260922_170734.json · 67.4s · te quedan 4 humos
