[12:30:46] ECO v2 eco_v2_prueba_pool · T 4000 · corte 2500 · mundos {'w30': {'esc': 30, 'n0': 30, 'tope': 3000}, 'w90': {'esc': 90, 'n0': 90, 'tope': 3000}, 'w270': {'esc': 270, 'n0': 270, 'tope': 9000}} · pool 2 · motor GEMELO · shas {'corre_eco_v2.py': '41fd6280607d4f4f', 'corre_eco.py': '47d9cee4d6462116', 'motor_eco2.py': '0921ee3a50ce7f7a', 'motor_eco_rapido_org.py': '024f0a8ea5e12c7d', 'carros/FAMB_ORG_ECO.py': '75d5f4118079ff15', 'construye_eco_org.py': 'ff5531748aa4bd6a', 'PREREGISTRO_eco_v2.md': 'e8327d743f72b7f9'}
[12:30:49] [1/12] w270 VIDA s20092: persiste 1 (vivos 34, max 294) · banco con ensena 0.015 · filtra0 0.005 (2.6 s; 3 s)
[12:30:49] [2/12] w270 AZAR s20092: persiste 1 (vivos 39, max 294) · banco con ensena 0.03 · filtra0 0.245 (3.0 s; 3 s)
[12:30:50] [3/12] w270 VIDA s20093: persiste 1 (vivos 33, max 298) · banco con ensena 0.02 · filtra0 0.005 (1.4 s; 4 s)
[12:30:51] [4/12] w270 AZAR s20093: persiste 1 (vivos 47, max 293) · banco con ensena 0.135 · filtra0 0.225 (1.4 s; 4 s)
[12:30:51] [5/12] w90 VIDA s20092: persiste 1 (vivos 13, max 101) · banco con ensena 0.0 · filtra0 0.0 (0.5 s; 5 s)
[12:30:51] [6/12] w90 VIDA s20093: persiste 1 (vivos 16, max 99) · banco con ensena 0.0059 · filtra0 0.0 (0.4 s; 5 s)
[12:30:52] [7/12] w90 AZAR s20092: persiste 1 (vivos 20, max 104) · banco con ensena 0.11 · filtra0 0.06 (0.6 s; 5 s)
[12:30:52] [8/12] w30 VIDA s20092: persiste 1 (vivos 8, max 35) · banco con ensena 0.0 · filtra0 0.0 (0.1 s; 5 s)
[12:30:52] [9/12] w30 AZAR s20092: persiste 1 (vivos 7, max 36) · banco con ensena 0.01 · filtra0 0.04 (0.2 s; 5 s)
[12:30:52] [10/12] w90 AZAR s20093: persiste 1 (vivos 13, max 103) · banco con ensena 0.04 · filtra0 0.03 (0.4 s; 5 s)
[12:30:52] [11/12] w30 AZAR s20093: persiste 1 (vivos 3, max 35) · banco con ensena 0.02 · filtra0 0.02 (0.1 s; 6 s)
[12:30:52] [12/12] w30 VIDA s20093: persiste 1 (vivos 4, max 34) · banco con ensena 0.0 · filtra0 0.0 (0.2 s; 6 s)
[w30] ensena fuera de sus sombras (+,-): VIDA (0, 0) · AZAR (0, 0) · filtra0: VIDA (0, 0) · AZAR (0, 0)
[w30] fraccion del banco con ensena prendido (mediana): VIDA 0.0 · AZAR 0.015; VIDA > AZAR 0/2 · con filtra0: VIDA 0.0 · AZAR 0.03
[w30] otros genes seleccionados en VIDA (>= 15/20): [] · persisten en T: {'VIDA': 2, 'AZAR': 2} · O1 NO · O2 NO · F NO
[w30] descriptivo: correlacion alpha-ensena en el banco de VIDA (mediana) 0.5 (n 2) · vivos en T con ensena (mediana): VIDA 0.0 · AZAR 0.0
[w90] ensena fuera de sus sombras (+,-): VIDA (0, 0) · AZAR (0, 0) · filtra0: VIDA (0, 0) · AZAR (0, 0)
[w90] fraccion del banco con ensena prendido (mediana): VIDA 0.00295 · AZAR 0.075; VIDA > AZAR 0/2 · con filtra0: VIDA 0.0 · AZAR 0.045
[w90] otros genes seleccionados en VIDA (>= 15/20): [] · persisten en T: {'VIDA': 2, 'AZAR': 2} · O1 NO · O2 NO · F NO
[w90] descriptivo: correlacion alpha-ensena en el banco de VIDA (mediana) -0.004 (n 2) · vivos en T con ensena (mediana): VIDA 0.03125 · AZAR 0.05
[w270] ensena fuera de sus sombras (+,-): VIDA (0, 0) · AZAR (0, 0) · filtra0: VIDA (0, 0) · AZAR (0, 0)
[w270] fraccion del banco con ensena prendido (mediana): VIDA 0.0175 · AZAR 0.0825; VIDA > AZAR 0/2 · con filtra0: VIDA 0.005 · AZAR 0.235
[w270] otros genes seleccionados en VIDA (>= 15/20): [] · persisten en T: {'VIDA': 2, 'AZAR': 2} · O1 NO · O2 NO · F NO
[w270] descriptivo: correlacion alpha-ensena en el banco de VIDA (mediana) -0.012 (n 2) · vivos en T con ensena (mediana): VIDA 0.0 · AZAR 0.0851
secundario: filtra0 seleccionado en 0 de 3 mundos (se lee junto a ensena: su beneficio solo existe si el padre ensena)
VEREDICTO ECO v2 POR LA LETRA (una serie; el del bloque exige serie + replica con el mismo veredicto): NO (en esta serie)
[12:30:52] VEREDICTO: NO (en esta serie)
