corre_n9 · n9_humo_s13391_T12000 · 2026-09-23 16:01:50 · python 3.14.2 · pool NO (un proceso)
  brazos ['O3', 'O3_LES_SI', 'O3_TERM_CIEGO', 'CTRL_O3_SINTERM'] · semillas 13391-13391 · T=12000 · monocultivo de 9 · fundador limpio 1 · pizarra 1
  sha experimentos\carrera_escuderias\pista.py 9f47c65e438e0ff4 OK
  sha experimentos\carrera_escuderias\juez.py 6a68f640a7832f12 OK
  sha experimentos\carrera_escuderias\revisa_carro.py 1c8a789f7427ab96 OK
  sha experimentos\carrera_escuderias\carros\O3.py 0442c2884fcb0e11 OK
  sha experimentos\nivel09_cuerpo_nuevo_b2\organismo_f9c.py 9dd1fb91ecec35ae OK
  construccion por anclas reproducible: OK
  chequeo estatico O3: PASA
  chequeo estatico O3_LES_SI: PASA
  chequeo estatico O3_TERM_CIEGO: PASA
  chequeo estatico CTRL_O3_SINTERM: PASA
  chequeo estatico O3_LES_OFF: PASA
  chequeo estatico O3_LES_COLA: PASA
  identidad corta del juez (FABRICA == organismo_f9c REL, s=1, T=5000): OK
  mini identidad O3_LES_OFF == O3 (s13399, T=3000): OK
  [   48.6s] O3               s13391 (32.2s) R0 pista 1.1622 · muertes 28 · persisten 0/9 · R0 real [0.5, 0.5, 0.1667, 0.75, 0.75, 0.6, 0.75, 0.3333, 0.6667]
  [   74.6s] O3_LES_SI        s13391 (26.0s) R0 pista 0.0435 · muertes 106 · persisten 0/9 · R0 real [0.0625, 0.0, 0.1818, 0.0, 0.0769, 0.0667, 0.0, 0.0, 0.0]
  [  107.8s] O3_TERM_CIEGO    s13391 (33.2s) R0 pista 1.0185 · muertes 45 · persisten 3/9 · R0 real [0.6, 0.2857, 0.6667, 0.8333, 0.75, 0.5, 0.75, 0.6, 0.5556]
  [  142.3s] CTRL_O3_SINTERM  s13391 (34.5s) R0 pista 1.1622 · muertes 28 · persisten 0/9 · R0 real [0.5, 0.5, 0.1667, 0.75, 0.75, 0.6, 0.75, 0.3333, 0.6667]
  CRUDO C:\Users\User\Documents\PROYECTOS\JUACO\bundle\experimentos\subida_n9\datos\humo\n9_humo_s13391_T12000_20260923_160150.json (sha ecd6577816d94809)

ERR-99 / ENMIENDA 2 (evaluable = >= 5 muertes; cruza = R0 >= 0.9 y 0 fundadores tras t = 10000) · modo r2
  escuderia  lin-sem cruzan evaluab casi inm R0 eval med sem. que cruza nac reales fund>10k med sin parir R0 REAL eval med cruzan real  gana
  O3               9      1       2        7       0.833            1/1        3.0          0.0       0.5            0.333           0  -- (varios linajes por semilla)
  PREDICCIONES FIRMADAS (ENMIENDAS 2 y 3) y lo medido:
    (ronda 2: el criterio y las predicciones que deciden estan en el bloque RONDA 2 / ENMIENDA 5 de abajo)

RONDA 2 / ENMIENDA 5 (fundador limpio SI; cruza = R0 de NACIMIENTOS REALES >= 0.9 y 0 fundadores tras t = 10000, con >= 5 muertes) · r2mono_O3
  equipo     lin-sem cruzan evaluab casi inm R0 REAL eval med R0 prereg med sem cruza (mayoria)  (todos)  gana
  O3               9      0       2        7            0.333         0.833                 0/1      0/1  no
  PREDICCIONES FIRMADAS (ENMIENDA 5) -- se leen sobre el conjunto de series; lo de esta serie:
    - al menos un equipo gana la ronda 2 en monocultivo (p 0.50)
    - en pista mixta con 6 FABRICA gana alguno (p 0.25)
    - O1 con fundador limpio cruza en monocultivo con R0 real (p 0.60)
    medido en esta serie: monocultivo de ['O3']: gana no

PERSISTENCIA / ENMIENDA 6 (co-principal; persiste = 0 fundadores tras t = 10000 y >= 5 nacimientos reales; estabiliza en una semilla si persiste > 1/2 de sus linajes; estabiliza la ronda con >= 15/20)
  equipo     lin-sem persisten nac reales med sem estabiliza  estabiliza   muertes voluntarias FISICAS (fraccion)   declaradas por el carro (no cuentan)
  O3               9         0            3.0            0/1  no          1/28 (0.0357)   {'cuerpos_term': 0}
  PREDICCIONES FIRMADAS (ENMIENDA 6, persistencia) y lo medido en esta serie:
    - O3 estabiliza en mono (p 0.5)  ->  medido: NO estabiliza (0/1 semillas)

ERR-99 / ENMIENDA 2 (evaluable = >= 5 muertes; cruza = R0 >= 0.9 y 0 fundadores tras t = 10000) · modo r2
  escuderia  lin-sem cruzan evaluab casi inm R0 eval med sem. que cruza nac reales fund>10k med sin parir R0 REAL eval med cruzan real  gana
  O3_LES_SI        9      0       9        0         0.0            0/1        0.0          2.0       1.0              0.0           0  -- (varios linajes por semilla)
  PREDICCIONES FIRMADAS (ENMIENDAS 2 y 3) y lo medido:
    (ronda 2: el criterio y las predicciones que deciden estan en el bloque RONDA 2 / ENMIENDA 5 de abajo)

RONDA 2 / ENMIENDA 5 (fundador limpio SI; cruza = R0 de NACIMIENTOS REALES >= 0.9 y 0 fundadores tras t = 10000, con >= 5 muertes) · r2mono_O3_LES_SI
  equipo     lin-sem cruzan evaluab casi inm R0 REAL eval med R0 prereg med sem cruza (mayoria)  (todos)  gana
  O3_LES_SI        9      0       9        0              0.0           0.0                 0/1      0/1  no
  PREDICCIONES FIRMADAS (ENMIENDA 5) -- se leen sobre el conjunto de series; lo de esta serie:
    - al menos un equipo gana la ronda 2 en monocultivo (p 0.50)
    - en pista mixta con 6 FABRICA gana alguno (p 0.25)
    - O1 con fundador limpio cruza en monocultivo con R0 real (p 0.60)
    medido en esta serie: monocultivo de ['O3_LES_SI']: gana no

PERSISTENCIA / ENMIENDA 6 (co-principal; persiste = 0 fundadores tras t = 10000 y >= 5 nacimientos reales; estabiliza en una semilla si persiste > 1/2 de sus linajes; estabiliza la ronda con >= 15/20)
  equipo     lin-sem persisten nac reales med sem estabiliza  estabiliza   muertes voluntarias FISICAS (fraccion)   declaradas por el carro (no cuentan)
  O3_LES_SI        9         0            0.0            0/1  no          81/106 (0.7642)   {'cuerpos_term': 0}
  PREDICCIONES FIRMADAS (ENMIENDA 6, persistencia) y lo medido en esta serie:
    (ninguna prediccion de persistencia para esta alineacion)

ERR-99 / ENMIENDA 2 (evaluable = >= 5 muertes; cruza = R0 >= 0.9 y 0 fundadores tras t = 10000) · modo r2
  escuderia  lin-sem cruzan evaluab casi inm R0 eval med sem. que cruza nac reales fund>10k med sin parir R0 REAL eval med cruzan real  gana
  O3_TERM_CIEGO       9      1       5        4         0.8            1/1        3.0          0.0      0.25            0.556           0  -- (varios linajes por semilla)
  PREDICCIONES FIRMADAS (ENMIENDAS 2 y 3) y lo medido:
    (ronda 2: el criterio y las predicciones que deciden estan en el bloque RONDA 2 / ENMIENDA 5 de abajo)

RONDA 2 / ENMIENDA 5 (fundador limpio SI; cruza = R0 de NACIMIENTOS REALES >= 0.9 y 0 fundadores tras t = 10000, con >= 5 muertes) · r2mono_O3_TERM_CIEGO
  equipo     lin-sem cruzan evaluab casi inm R0 REAL eval med R0 prereg med sem cruza (mayoria)  (todos)  gana
  O3_TERM_CIEGO       9      0       5        4            0.556           0.8                 0/1      0/1  no
  PREDICCIONES FIRMADAS (ENMIENDA 5) -- se leen sobre el conjunto de series; lo de esta serie:
    - al menos un equipo gana la ronda 2 en monocultivo (p 0.50)
    - en pista mixta con 6 FABRICA gana alguno (p 0.25)
    - O1 con fundador limpio cruza en monocultivo con R0 real (p 0.60)
    medido en esta serie: monocultivo de ['O3_TERM_CIEGO']: gana no

PERSISTENCIA / ENMIENDA 6 (co-principal; persiste = 0 fundadores tras t = 10000 y >= 5 nacimientos reales; estabiliza en una semilla si persiste > 1/2 de sus linajes; estabiliza la ronda con >= 15/20)
  equipo     lin-sem persisten nac reales med sem estabiliza  estabiliza   muertes voluntarias FISICAS (fraccion)   declaradas por el carro (no cuentan)
  O3_TERM_CIEGO       9         3            3.0            0/1  no          21/45 (0.4667)   {'cuerpos_term': 19}
  PREDICCIONES FIRMADAS (ENMIENDA 6, persistencia) y lo medido en esta serie:
    (ninguna prediccion de persistencia para esta alineacion)

ERR-99 / ENMIENDA 2 (evaluable = >= 5 muertes; cruza = R0 >= 0.9 y 0 fundadores tras t = 10000) · modo r2
  escuderia  lin-sem cruzan evaluab casi inm R0 eval med sem. que cruza nac reales fund>10k med sin parir R0 REAL eval med cruzan real  gana
  CTRL_O3_SINTERM       9      1       2        7       0.833            1/1        3.0          0.0       0.5            0.333           0  -- (varios linajes por semilla)
  PREDICCIONES FIRMADAS (ENMIENDAS 2 y 3) y lo medido:
    (ronda 2: el criterio y las predicciones que deciden estan en el bloque RONDA 2 / ENMIENDA 5 de abajo)

RONDA 2 / ENMIENDA 5 (fundador limpio SI; cruza = R0 de NACIMIENTOS REALES >= 0.9 y 0 fundadores tras t = 10000, con >= 5 muertes) · r2mono_CTRL_O3_SINTERM
  equipo     lin-sem cruzan evaluab casi inm R0 REAL eval med R0 prereg med sem cruza (mayoria)  (todos)  gana
  CTRL_O3_SINTERM       9      0       2        7            0.333         0.833                 0/1      0/1  no
  PREDICCIONES FIRMADAS (ENMIENDA 5) -- se leen sobre el conjunto de series; lo de esta serie:
    - al menos un equipo gana la ronda 2 en monocultivo (p 0.50)
    - en pista mixta con 6 FABRICA gana alguno (p 0.25)
    - O1 con fundador limpio cruza en monocultivo con R0 real (p 0.60)
    medido en esta serie: monocultivo de ['CTRL_O3_SINTERM']: gana no

PERSISTENCIA / ENMIENDA 6 (co-principal; persiste = 0 fundadores tras t = 10000 y >= 5 nacimientos reales; estabiliza en una semilla si persiste > 1/2 de sus linajes; estabiliza la ronda con >= 15/20)
  equipo     lin-sem persisten nac reales med sem estabiliza  estabiliza   muertes voluntarias FISICAS (fraccion)   declaradas por el carro (no cuentan)
  CTRL_O3_SINTERM       9         0            3.0            0/1  no          1/28 (0.0357)   {'cuerpos_term': 0}
  PREDICCIONES FIRMADAS (ENMIENDA 6, persistencia) y lo medido en esta serie:
    (ninguna prediccion de persistencia para esta alineacion)

TABLA n9 · n9_humo_s13391_T12000
  brazo             gana(E5) estab(E6) R0real med persisten evaluab muertes med nac reales desc med sin parir vida med  causas h/s/v/sal
  O3                     0/1       0/1     0.3333       0/9       2         3.0        3.0      5.0       0.5   2622.5  11/7/6/4
  O3_LES_SI              0/1       0/1        0.0       0/9       9        12.0        0.0      0.0       1.0    670.5  3/3/50/50  lesion {'pasos': 5948, 'E_real': 0.9441, 'E_usado': 0.795, 'Ag_real': 0.8564, 'Ag_usado': 0.7535, 'dlev': 0.7172}
  O3_TERM_CIEGO          0/1       0/1     0.5556       3/9       5         5.0        3.0      6.0      0.25   1897.0  7/9/13/16
  CTRL_O3_SINTERM        0/1       0/1     0.3333       0/9       2         3.0        3.0      5.0       0.5   2622.5  11/7/6/4
  O3 contra O3_LES_SI: persistencia pareada O3 gana/X gana/empate 0/0/1 (dif 0) · R0 real pareado O3/X 1/0 de 1 (dif mediana 0.3333) · descendientes dif mediana 5.0 -> X NO pierde (por E5 False, por persistencia False)
  O3 contra O3_TERM_CIEGO: persistencia pareada O3 gana/X gana/empate 0/1/0 (dif -3) · R0 real pareado O3/X 0/1 de 1 (dif mediana -0.2223) · descendientes dif mediana -1.0 -> X NO pierde (por E5 False, por persistencia False)
  O3 contra CTRL_O3_SINTERM: persistencia pareada O3 gana/X gana/empate 0/0/1 (dif 0) · R0 real pareado O3/X 0/0 de 1 (dif mediana 0.0) · descendientes dif mediana 0.0 -> X NO pierde (por E5 False, por persistencia False)

PREDICCIONES FIRMADAS (PREREGISTRO_n9.md §4) -- HUMO de una semilla: SIN VALOR, solo se imprimen
  P1 ANCLA: O3 gana la ENMIENDA 5 (>= 15/20) con R0 real eval mediana en [0.95, 0.99] y persisten >= 170/180 -> (humo) [medido: no]
  P2 L-SI: O3_LES_SI R0 real eval mediana en [0.55, 0.88], no gana (<= 5/20 por mayoria) y persisten <= 60/180 -> (humo) [medido: no]
  P3 L-SI pareado: O3 persiste mas que O3_LES_SI en >= 17/20 semillas -> (humo) [medido: no]
  P4 L-RES (puede fallar; el creador la da por REFUTADA con p 0.55): O3_TERM_CIEGO PIERDE contra O3 (§5) -> (humo) [medido: no]
  P5 L-RES: O3_TERM_CIEGO muere mas que O3 (mediana de muertes por linaje-semilla >= 1.2x la de O3) -> (humo) [medido: si]
  P6 SIN TERMINAL: CTRL_O3_SINTERM tiene 100-175 de 180 linajes-semilla evaluables (>= 5 muertes) -> (humo) [medido: no]
  P7 SIN TERMINAL: CTRL_O3_SINTERM R0 real eval mediana >= 0.90 (p 0.5; puede fallar en cualquiera de los dos sentidos) -> (humo) [medido: no]

VEREDICTO (HUMO: sin valor) NO EVALUABLE (el ancla O3 no gana la ENMIENDA 5 en estas semillas)
  coherencia fisica 36/36 · t_fund reconstruible 36/36 · escrituras en pizarra 0
  RESUMEN C:\Users\User\Documents\PROYECTOS\JUACO\bundle\experimentos\subida_n9\datos\humo\n9_humo_s13391_T12000_20260923_160150_resumen.json

Terminado en 142.3s
