[13:52:02] lanza w9 T30000 ['SIN', 'COMPOST', 'BORRA', 'ENSENA_F0', 'ENSENA+COMPOST', 'ENSENA_F0+COMPOST', 'ENSENA_F0+BORRA', 'ENSENA_F0+CADAVER+COMPOST', 'FLUJO2', 'ENSENA_F0+FLUJO2'] s34011-34015: 50 corridas
[13:52:04] fin SIN s34011 rc 0 (2 s)
[13:52:04] fin BORRA s34011 rc 0 (2 s)
[13:52:06] fin ENSENA+COMPOST s34011 rc 0 (4 s)
[13:52:08] fin FLUJO2 s34011 rc 0 (6 s)
[13:52:10] fin COMPOST s34011 rc 0 (8 s)
[13:52:10] fin ENSENA_F0+FLUJO2 s34011 rc 0 (8 s)
[13:52:12] fin ENSENA_F0 s34011 rc 0 (10 s)
[13:52:12] fin SIN s34012 rc 0 (10 s)
[13:52:20] fin COMPOST s34012 rc 0 (18 s)
[13:52:20] fin BORRA s34012 rc 0 (18 s)
[13:52:26] fin ENSENA_F0 s34012 rc 0 (24 s)
[13:52:36] fin ENSENA_F0+BORRA s34011 rc 0 (34 s)
[13:52:50] fin ENSENA+COMPOST s34012 rc 0 (48 s)
[13:52:52] fin FLUJO2 s34012 rc 0 (50 s)
[13:52:54] fin ENSENA_F0+COMPOST s34011 rc 0 (52 s)
[13:52:54] fin ENSENA_F0+CADAVER+COMPOST s34011 rc 0 (52 s)
[13:52:54] fin ENSENA_F0+FLUJO2 s34012 rc 0 (52 s)
[13:52:56] fin ENSENA_F0+BORRA s34012 rc 0 (54 s)
[13:52:56] fin SIN s34013 rc 0 (54 s)
[13:52:58] fin COMPOST s34013 rc 0 (56 s)
[13:52:58] fin BORRA s34013 rc 0 (56 s)
[13:53:08] fin ENSENA_F0 s34013 rc 0 (66 s)
[13:53:10] fin ENSENA_F0+COMPOST s34012 rc 0 (68 s)
[13:53:12] fin FLUJO2 s34013 rc 0 (70 s)
[13:53:14] fin ENSENA+COMPOST s34013 rc 0 (72 s)
[13:53:14] fin ENSENA_F0+FLUJO2 s34013 rc 0 (72 s)
[13:53:16] fin SIN s34014 rc 0 (74 s)
[13:53:16] fin COMPOST s34014 rc 0 (74 s)
[13:53:18] fin BORRA s34014 rc 0 (76 s)
[13:53:18] fin ENSENA_F0 s34014 rc 0 (76 s)
[13:53:30] fin ENSENA_F0+CADAVER+COMPOST s34012 rc 0 (88 s)
[13:53:34] fin ENSENA_F0+BORRA s34013 rc 0 (92 s)
[13:53:38] fin ENSENA+COMPOST s34014 rc 0 (96 s)
[13:53:40] fin FLUJO2 s34014 rc 0 (98 s)
[13:53:50] fin ENSENA_F0+COMPOST s34013 rc 0 (108 s)
[13:53:52] fin ENSENA_F0+FLUJO2 s34014 rc 0 (110 s)
[13:53:52] fin SIN s34015 rc 0 (110 s)
[13:53:54] fin BORRA s34015 rc 0 (112 s)
[13:53:56] fin COMPOST s34015 rc 0 (114 s)
[13:54:00] fin ENSENA_F0+CADAVER+COMPOST s34013 rc 0 (118 s)
[13:54:04] fin ENSENA_F0+BORRA s34014 rc 0 (122 s)
[13:54:08] fin ENSENA_F0 s34015 rc 0 (126 s)
[13:54:12] fin ENSENA_F0+COMPOST s34014 rc 0 (130 s)
[13:54:14] fin FLUJO2 s34015 rc 0 (132 s)
[13:54:18] fin ENSENA+COMPOST s34015 rc 0 (137 s)
[13:54:20] fin ENSENA_F0+CADAVER+COMPOST s34014 rc 0 (139 s)
[13:54:22] fin ENSENA_F0+FLUJO2 s34015 rc 0 (141 s)
[13:54:34] fin ENSENA_F0+BORRA s34015 rc 0 (153 s)
[13:54:50] fin ENSENA_F0+COMPOST s34015 rc 0 (169 s)
[13:54:56] fin ENSENA_F0+CADAVER+COMPOST s34015 rc 0 (175 s)
[13:54:56] LISTO (175 s)
