PASAJES bloques_pista · 21:10:29 · cadenas [1, 2, 3] · brazos ['bloqaza'] · np 4 · Tp 25000 · prueba T 100000
  [  37.8s] bloqaza_c1_p0 s59220 T 25000 aborto None · R0 real [0.0168, 0.6667, 0.1538, 0.0273, 0.0288, 0.0909, 0.0, 0.875, 0.875] · fundadores [116, 0, 43, 106, 100, 19, 6, 0, 0]
    siembra tras p0: 336 listas; con rechazo 0
  [  39.6s] bloqaza_c1_p1 s59221 T 25000 aborto None · R0 real [0.8333, 0.1538, 0.25, 0.5, 0.0396, 0.0086, 0.75, 0.9231, 0.16] · fundadores [0, 32, 5, 9, 96, 114, 2, 0, 20]
    siembra tras p1: 450 listas; con rechazo 0
  [  39.6s] bloqaza_c1_p2 s59222 T 25000 aborto None · R0 real [0.0581, 0.7143, 0.6667, 0.6667, 0.875, 0.0, 0.0909, 0.0, 0.6667] · fundadores [80, 1, 0, 1, 0, 102, 29, 143, 2]
    siembra tras p2: 450 listas; con rechazo 0
  [  39.6s] bloqaza_c1_p3 s59223 T 25000 aborto None · R0 real [0.7143, 0.0615, 0.9, 0.0, 0.9286, 0.9, 0.0899, 0.4545, 0.2] · fundadores [1, 60, 0, 115, 0, 0, 80, 5, 15]
    siembra tras p3: 450 listas; con rechazo 0
  [ 154.9s] bloqaza_pas s59201 T 100000 aborto None · R0 real [0.9697, 0.9474, 0.0302, 0.1429, 0.9375, 0.8571, 0.9677, 0.9091, 0.0033] · fundadores [0, 0, 320, 167, 1, 5, 0, 1, 606]
  [  37.9s] bloqaza_c2_p0 s59224 T 25000 aborto None · R0 real [0.6842, 0.0268, 0.75, 0.0204, 0.3333, 0.8333, 0.0408, 0.2778, 0.0] · fundadores [5, 108, 0, 191, 3, 0, 46, 12, 2]
    siembra tras p0: 299 listas; con rechazo 2
  [  37.3s] bloqaza_c2_p1 s59225 T 25000 aborto None · R0 real [0.44, 0.0079, 0.0741, 0.9091, 0.4, 0.6667, 0.7143, 0.6471, 0.0444] · fundadores [13, 125, 99, 0, 11, 1, 1, 5, 42]
    siembra tras p1: 450 listas; con rechazo 2
  [  37.2s] bloqaza_c2_p2 s59226 T 25000 aborto None · R0 real [0.75, 0.2667, 0.9091, 0.3333, 0.9167, 0.0, 0.8571, 0.6667, 0.1111] · fundadores [0, 21, 0, 19, 0, 112, 0, 2, 79]
    siembra tras p2: 450 listas; con rechazo 2
  [  37.9s] bloqaza_c2_p3 s59227 T 25000 aborto None · R0 real [0.1139, 0.1935, 0.0469, 0.0377, 0.8571, 0.8889, 0.875, 0.1053, 0.7] · fundadores [69, 49, 121, 50, 0, 0, 0, 33, 2]
    siembra tras p3: 450 listas; con rechazo 2
  [ 153.8s] bloqaza_pas s59202 T 100000 aborto None · R0 real [0.973, 0.9697, 0.2823, 0.9583, 0.9677, 0.0642, 0.02, 0.9189, 0.9268] · fundadores [0, 0, 88, 1, 0, 334, 587, 2, 2]
  [  33.6s] bloqaza_c3_p0 s59228 T 25000 aborto None · R0 real [0.2273, 0.875, 0.8333, 0.012, 0.0161, 0.625, 0.75, 0.0, 0.0405] · fundadores [33, 0, 0, 81, 121, 2, 1, 9, 70]
    siembra tras p0: 319 listas; con rechazo 2
  [  37.1s] bloqaza_c3_p1 s59229 T 25000 aborto None · R0 real [0.75, 0.6429, 0.8571, 0.0673, 0.5625, 0.4375, 0.0336, 0.4, 0.0707] · fundadores [0, 4, 0, 96, 6, 8, 114, 5, 91]
    siembra tras p1: 450 listas; con rechazo 0
  [  36.6s] bloqaza_c3_p2 s59230 T 25000 aborto None · R0 real [0.381, 0.0182, 0.0075, 0.1389, 0.7778, 0.3103, 0.8, 0.8333, 0.7] · fundadores [12, 107, 132, 30, 1, 19, 0, 0, 2]
    siembra tras p2: 450 listas; con rechazo 0
  [  36.9s] bloqaza_c3_p3 s59231 T 25000 aborto None · R0 real [0.8889, 0.018, 0.3182, 0.0588, 0.8, 0.5333, 0.6667, 0.1429, 0.4] · fundadores [0, 108, 14, 79, 2, 6, 0, 53, 2]
    siembra tras p3: 450 listas; con rechazo 0
  [ 150.9s] bloqaza_pas s59203 T 100000 aborto None · R0 real [0.4828, 0.1238, 0.9667, 0.0202, 0.9655, 0.1106, 0.045, 0.3803, 0.9524] · fundadores [14, 91, 0, 582, 0, 176, 402, 43, 0]
