PASAJES bloques_pista · 21:51:17 · cadenas [1, 2, 3] · brazos ['bloq2'] · np 3 · Tp 100000 · prueba T 300000
  [ 156.6s] bloq2_c1_p0 s59410 T 100000 aborto None · R0 real [0.0073, 0.9091, 0.425, 0.9722, 0.2041, 0.9714, 0.9412, 0.9655, 0.0183] · fundadores [406, 0, 45, 0, 77, 0, 0, 0, 748]
    siembra tras p0: 367 listas; con rechazo 0
  [ 178.6s] bloq2_c1_p1 s59411 T 100000 aborto None · R0 real [0.2975, 0.9762, 0.9655, 0.105, 0.0359, 0.9714, 0.9756, 0.2836, 0.1562] · fundadores [84, 0, 0, 212, 590, 0, 0, 47, 188]
    siembra tras p1: 450 listas; con rechazo 0
  [ 182.6s] bloq2_c1_p2 s59412 T 100000 aborto None · R0 real [0.1567, 0.9615, 0.9286, 0.8254, 0.0692, 0.9655, 0.2645, 0.9839, 0.0814] · fundadores [182, 0, 1, 10, 322, 0, 88, 0, 281]
    siembra tras p2: 450 listas; con rechazo 0
  [ 556.4s] bloq2_pas s59401 T 300000 aborto None · R0 real [0.4123, 0.0853, 0.0832, 0.1868, 0.6714, 0.1373, 0.9905, 0.991, 0.991] · fundadores [123, 814, 869, 382, 45, 445, 0, 0, 0]
  [ 155.8s] bloq2_c2_p0 s59414 T 100000 aborto None · R0 real [0.9706, 0.0043, 0.9474, 0.6286, 0.9677, 0.2963, 0.0391, 0.8372, 0.9722] · fundadores [0, 466, 1, 12, 0, 56, 441, 6, 0]
    siembra tras p0: 378 listas; con rechazo 0
  [ 157.6s] bloq2_c2_p1 s59415 T 100000 aborto None · R0 real [0.9583, 0.9412, 0.931, 0.9444, 0.9706, 0.8333, 0.0469, 0.1918, 0.0394] · fundadores [0, 1, 1, 0, 0, 2, 426, 117, 584]
    siembra tras p1: 450 listas; con rechazo 0
  [ 163.7s] bloq2_c2_p2 s59416 T 100000 aborto None · R0 real [0.9444, 0.7826, 0.3333, 0.8696, 0.0153, 0.973, 0.2946, 0.3495, 0.4915] · fundadores [1, 4, 43, 2, 836, 0, 90, 66, 29]
    siembra tras p2: 450 listas; con rechazo 0
  [ 533.8s] bloq2_pas s59402 T 300000 aborto None · R0 real [0.989, 0.0909, 0.9877, 0.3881, 0.7542, 0.051, 0.1644, 0.991, 0.99] · fundadores [0, 899, 0, 133, 28, 1282, 558, 0, 0]
  [ 146.6s] bloq2_c3_p0 s59418 T 100000 aborto None · R0 real [0.9677, 0.963, 0.0166, 0.0299, 0.6, 0.9091, 0.6818, 0.875, 0.95] · fundadores [0, 0, 531, 615, 17, 1, 6, 2, 1]
    siembra tras p0: 368 listas; con rechazo 0
  [ 161.1s] bloq2_c3_p1 s59419 T 100000 aborto None · R0 real [0.8095, 0.6786, 0.9783, 0.3621, 0.0688, 0.9655, 0.0302, 0.9714, 0.3411] · fundadores [3, 8, 0, 73, 351, 0, 481, 0, 84]
    siembra tras p1: 450 listas; con rechazo 11
  [ 178.5s] bloq2_c3_p2 s59420 T 100000 aborto None · R0 real [0.0528, 0.975, 0.0392, 0.1697, 0.973, 0.8431, 0.725, 0.975, 0.975] · fundadores [268, 0, 465, 136, 0, 7, 10, 0, 0]
    siembra tras p2: 450 listas; con rechazo 3
  [ 506.9s] bloq2_pas s59403 T 300000 aborto None · R0 real [0.0244, 0.9692, 0.1041, 0.2507, 0.9912, 0.9911, 0.9697, 0.7823, 0.9897] · fundadores [2040, 3, 593, 271, 0, 0, 2, 26, 0]
