12:06:27 cola 70 tareas · brazos ['vu', 'termo', 'vh', 'vnav', 'vuinv', 'vw', 'o1'] · semillas 39201-39210 · max 6
12:08:33 [  126s rc 0] termo s39201 T100000 (125s) cruzan 4/9 R0 real [0.7447, 0.1053, 0.9688, 0.4605, 0.9677, 0.7826, 0.9714, 0.9706, 0.0302] aborto None
12:08:33 [  126s rc 0] vh s39201 T100000 (125s) cruzan 0/9 R0 real [0.2604, 0.117, 0.1748, 0.2381, 0.9375, 0.3095, 0.6316, 0.1653, 0.3516] aborto None
12:08:35 [  128s rc 0] vuinv s39201 T100000 (127s) cruzan 0/9 R0 real [0.6094, 0.2804, 0.1182, 0.2478, 0.1622, 0.2411, 0.1504, 0.7222, 0.2619] aborto None
12:08:35 [  128s rc 0] vw s39201 T100000 (128s) cruzan 1/9 R0 real [0.9714, 0.2796, 0.2809, 0.3023, 0.25, 0.2473, 0.3951, 0.35, 0.1231] aborto None
12:08:37 [  130s rc 0] vu s39201 T100000 (129s) cruzan 0/9 R0 real [0.2784, 0.3026, 0.2661, 0.3288, 0.3882, 0.2857, 0.5085, 0.1667, 0.5283] aborto None
12:08:43 [  136s rc 0] vnav s39201 T100000 (134s) cruzan 0/9 R0 real [0.1636, 0.1783, 0.7872, 0.1458, 0.1127, 0.1709, 0.8462, 0.25, 0.8621] aborto None
12:10:45 [  132s rc 0] vu s39202 T100000 (130s) cruzan 0/9 R0 real [0.29, 0.2198, 0.2816, 0.7708, 0.1593, 0.2762, 0.1622, 0.2, 0.3239] aborto None
12:10:47 [  132s rc 0] termo s39202 T100000 (130s) cruzan 5/9 R0 real [0.5652, 0.9667, 0.9615, 0.9667, 0.0405, 0.9762, 0.0838, 0.9444, 0.2522] aborto None
12:10:49 [  134s rc 0] vh s39202 T100000 (133s) cruzan 0/9 R0 real [0.6818, 0.3043, 0.4333, 0.1265, 0.3433, 0.4219, 0.3913, 0.1374, 0.2202] aborto None
12:10:55 [  138s rc 0] vnav s39202 T100000 (136s) cruzan 0/9 R0 real [0.2391, 0.2949, 0.2131, 0.219, 0.3288, 0.2, 0.5172, 0.2016, 0.5781] aborto None
12:10:55 [  132s rc 0] vuinv s39202 T100000 (130s) cruzan 1/9 R0 real [0.9302, 0.2308, 0.1605, 0.0731, 0.0751, 0.8409, 0.5714, 0.8478, 0.1646] aborto None
12:12:57 [  132s rc 0] vw s39202 T100000 (131s) cruzan 0/9 R0 real [0.4667, 0.2396, 0.1639, 0.1615, 0.7917, 0.3171, 0.2316, 0.369, 0.3173] aborto None
12:13:03 [  134s rc 0] vu s39203 T100000 (132s) cruzan 1/9 R0 real [0.3875, 0.9697, 0.1313, 0.3875, 0.411, 0.3766, 0.3214, 0.2193, 0.1243] aborto None
12:13:05 [  272s rc 0] o1 s39201 T100000 (270s) cruzan 8/9 R0 real [0.9375, 0.9286, 0.9444, 0.9412, 0.9333, 0.9286, 0.9412, 0.9167, 0.0] aborto None
12:13:07 [  132s rc 0] termo s39203 T100000 (130s) cruzan 5/9 R0 real [0.9643, 0.6275, 0.975, 0.0474, 0.0649, 0.975, 0.7059, 0.9744, 0.9756] aborto None
12:13:09 [  134s rc 0] vh s39203 T100000 (133s) cruzan 0/9 R0 real [0.2571, 0.2551, 0.7143, 0.2232, 0.2653, 0.4915, 0.1978, 0.1724, 0.3415] aborto None
12:15:17 [  140s rc 0] vnav s39203 T100000 (138s) cruzan 1/9 R0 real [0.2453, 0.1754, 0.3462, 0.2294, 0.2907, 0.9714, 0.2685, 0.192, 0.2717] aborto None
12:15:17 [  134s rc 0] vuinv s39203 T100000 (133s) cruzan 2/9 R0 real [0.2778, 0.1055, 0.975, 0.3654, 0.4186, 0.9714, 0.0565, 0.1218, 0.4416] aborto None
12:15:17 [  132s rc 0] vw s39203 T100000 (132s) cruzan 0/9 R0 real [0.3043, 0.5, 0.1295, 0.6857, 0.6122, 0.5, 0.1608, 0.1065, 0.4308] aborto None
12:15:21 [  274s rc 0] o1 s39202 T100000 (272s) cruzan 7/9 R0 real [0.9286, 0.007, 0.9091, 0.95, 0.9, 0.875, 0.9375, 0.9167, 0.96] aborto None
12:15:23 [  134s rc 0] vu s39204 T100000 (134s) cruzan 0/9 R0 real [0.2065, 0.1418, 0.4412, 0.2658, 0.3333, 0.2292, 0.8261, 0.1833, 0.2574] aborto None
12:17:27 [  130s rc 0] termo s39204 T100000 (128s) cruzan 6/9 R0 real [0.7778, 0.9615, 0.9583, 0.0103, 0.9714, 0.975, 0.9756, 0.7538, 0.9722] aborto None
12:17:27 [  130s rc 0] vh s39204 T100000 (129s) cruzan 1/9 R0 real [0.1172, 0.6591, 0.189, 0.1963, 0.2874, 0.243, 0.6545, 0.9677, 0.25] aborto None
12:17:31 [  130s rc 0] vuinv s39204 T100000 (128s) cruzan 0/9 R0 real [0.225, 0.1712, 0.2105, 0.3398, 0.5745, 0.0922, 0.7105, 0.1359, 0.2045] aborto None
12:17:33 [  266s rc 0] o1 s39203 T100000 (265s) cruzan 8/9 R0 real [0.9231, 0.9474, 0.9615, 0.9412, 0.9333, 0.9412, 0.9167, 0.0, 0.95] aborto None
12:17:33 [  136s rc 0] vnav s39204 T100000 (135s) cruzan 0/9 R0 real [0.8667, 0.5161, 0.1, 0.1983, 0.3521, 0.1495, 0.2577, 0.2545, 0.3229] aborto None
12:17:35 [  132s rc 0] vw s39204 T100000 (131s) cruzan 0/9 R0 real [0.8889, 0.4833, 0.6122, 0.1858, 0.1517, 0.5254, 0.1894, 0.1694, 0.58] aborto None
12:19:39 [  132s rc 0] vu s39205 T100000 (130s) cruzan 1/9 R0 real [0.1078, 0.9697, 0.4028, 0.6034, 0.2617, 0.2449, 0.3146, 0.1462, 0.2708] aborto None
12:19:41 [  130s rc 0] termo s39205 T100000 (129s) cruzan 5/9 R0 real [0.963, 0.7778, 0.9615, 0.0112, 0.1209, 0.9714, 0.9697, 0.9524, 0.7059] aborto None
12:19:43 [  130s rc 0] vh s39205 T100000 (129s) cruzan 0/9 R0 real [0.1754, 0.1982, 0.4444, 0.3176, 0.5246, 0.4286, 0.2885, 0.1496, 0.5556] aborto None
12:19:47 [  134s rc 0] vnav s39205 T100000 (134s) cruzan 0/9 R0 real [0.4531, 0.1059, 0.6531, 0.2927, 0.3881, 0.4125, 0.7273, 0.1919, 0.1619] aborto None
12:19:47 [  132s rc 0] vuinv s39205 T100000 (131s) cruzan 2/9 R0 real [0.5072, 0.1781, 0.2348, 0.2273, 0.0819, 0.9722, 0.0756, 0.4462, 0.9697] aborto None
12:21:49 [  130s rc 0] vw s39205 T100000 (129s) cruzan 0/9 R0 real [0.2035, 0.4706, 0.6889, 0.4648, 0.6346, 0.26, 0.1103, 0.2051, 0.6744] aborto None
12:21:53 [  130s rc 0] vu s39206 T100000 (128s) cruzan 0/9 R0 real [0.7955, 0.177, 0.1689, 0.1554, 0.0753, 0.4333, 0.9286, 0.4688, 0.3366] aborto None
12:21:55 [  268s rc 0] o1 s39204 T100000 (267s) cruzan 7/9 R0 real [0.9524, 0.95, 0.9565, 0.9583, 0.4068, 0.2941, 0.9667, 0.9333, 0.95] aborto None
12:21:57 [  130s rc 0] termo s39206 T100000 (128s) cruzan 4/9 R0 real [0.0609, 0.7447, 0.0478, 0.9688, 0.1795, 0.92, 0.9615, 0.9688, 0.5882] aborto None
12:21:59 [  132s rc 0] vh s39206 T100000 (131s) cruzan 1/9 R0 real [0.1382, 0.2292, 0.6, 0.2581, 0.25, 0.6667, 0.3375, 0.1176, 0.973] aborto None
12:24:03 [  130s rc 0] vuinv s39206 T100000 (129s) cruzan 1/9 R0 real [0.3084, 0.2117, 0.0821, 0.8085, 0.0683, 0.9756, 0.1033, 0.1694, 0.3587] aborto None
12:24:07 [  138s rc 0] vnav s39206 T100000 (137s) cruzan 0/9 R0 real [0.2523, 0.3939, 0.2404, 0.181, 0.1013, 0.1901, 0.9118, 0.3448, 0.4154] aborto None
12:24:07 [  132s rc 0] vw s39206 T100000 (130s) cruzan 1/9 R0 real [0.126, 0.8696, 0.1538, 0.2083, 0.234, 0.8, 0.9655, 0.2784, 0.3034] aborto None
12:24:09 [  268s rc 0] o1 s39205 T100000 (266s) cruzan 7/9 R0 real [0.9545, 0.9545, 0.9474, 0.7368, 0.2857, 0.9545, 0.9444, 0.9565, 0.96] aborto None
12:24:13 [  134s rc 0] vu s39207 T100000 (132s) cruzan 0/9 R0 real [0.2524, 0.0899, 0.7447, 0.1223, 0.617, 0.2527, 0.4, 0.5, 0.2105] aborto None
12:26:11 [  128s rc 0] termo s39207 T100000 (127s) cruzan 2/9 R0 real [0.1159, 0.9737, 0.3043, 0.0258, 0.9565, 0.8222, 0.4681, 0.8276, 0.7241] aborto None
12:26:17 [  130s rc 0] vh s39207 T100000 (130s) cruzan 0/9 R0 real [0.3671, 0.1756, 0.2889, 0.3944, 0.7143, 0.5102, 0.1639, 0.1468, 0.2233] aborto None
12:26:19 [  130s rc 0] vuinv s39207 T100000 (128s) cruzan 2/9 R0 real [0.1699, 0.4918, 0.162, 0.131, 0.9286, 0.9767, 0.3431, 0.3978, 0.0593] aborto None
12:26:21 [  264s rc 0] o1 s39206 T100000 (264s) cruzan 8/9 R0 real [0.9412, 0.0249, 0.9333, 0.95, 0.9286, 0.9091, 0.9412, 0.9444, 0.9412] aborto None
12:26:25 [  138s rc 0] vnav s39207 T100000 (137s) cruzan 0/9 R0 real [0.1418, 0.2963, 0.4179, 0.3939, 0.3836, 0.1489, 0.2, 0.5625, 0.1818] aborto None
12:26:25 [  132s rc 0] vw s39207 T100000 (131s) cruzan 0/9 R0 real [0.3671, 0.2762, 0.172, 0.2198, 0.8444, 0.7895, 0.2202, 0.2241, 0.4783] aborto None
12:28:27 [  128s rc 0] termo s39208 T100000 (127s) cruzan 5/9 R0 real [0.8491, 0.9545, 0.6393, 0.9778, 0.9, 0.9429, 0.5962, 0.0082, 0.96] aborto None
12:28:29 [  132s rc 0] vu s39208 T100000 (130s) cruzan 0/9 R0 real [0.1038, 0.157, 0.2449, 0.3377, 0.5818, 0.3721, 0.6296, 0.3816, 0.2475] aborto None
12:28:31 [  130s rc 0] vh s39208 T100000 (130s) cruzan 0/9 R0 real [0.3061, 0.3514, 0.1694, 0.1982, 0.5, 0.4462, 0.2273, 0.5556, 0.0847] aborto None
12:28:35 [  130s rc 0] vuinv s39208 T100000 (129s) cruzan 1/9 R0 real [0.9677, 0.7895, 0.1657, 0.3077, 0.3882, 0.1935, 0.2, 0.0777, 0.18] aborto None
12:28:39 [  134s rc 0] vnav s39208 T100000 (133s) cruzan 0/9 R0 real [0.1818, 0.181, 0.2258, 0.625, 0.4328, 0.1235, 0.9459, 0.1565, 0.2353] aborto None
12:30:34 [  262s rc 0] o1 s39207 T100000 (262s) cruzan 5/9 R0 real [0.1111, 0.96, 0.9474, 0.1959, 0.9444, 0.5897, 0.5897, 0.9583, 0.963] aborto None
12:30:36 [  128s rc 0] vw s39208 T100000 (128s) cruzan 1/9 R0 real [0.3733, 0.0804, 0.2211, 0.9615, 0.314, 0.2, 0.1197, 0.4384, 0.3898] aborto None
12:30:42 [  126s rc 0] termo s39209 T100000 (125s) cruzan 3/9 R0 real [0.0134, 0.2566, 0.9756, 0.6, 0.678, 0.9667, 0.7234, 0.9615, 0.7179] aborto None
12:30:44 [  132s rc 0] vu s39209 T100000 (131s) cruzan 0/9 R0 real [0.1985, 0.2069, 0.1053, 0.4118, 0.3636, 0.2396, 0.1401, 0.5918, 0.68] aborto None
12:30:52 [  132s rc 0] vh s39209 T100000 (131s) cruzan 0/9 R0 real [0.3333, 0.56, 0.6, 0.1885, 0.2809, 0.2529, 0.0926, 0.1594, 0.2553] aborto None
12:32:48 [  132s rc 0] vuinv s39209 T100000 (131s) cruzan 0/9 R0 real [0.1447, 0.3095, 0.2014, 0.256, 0.1852, 0.75, 0.1701, 0.197, 0.1646] aborto None
12:32:52 [  138s rc 0] vnav s39209 T100000 (137s) cruzan 0/9 R0 real [0.4909, 0.1869, 0.268, 0.0909, 0.7105, 0.2368, 0.2727, 0.0952, 0.3457] aborto None
12:32:54 [  264s rc 0] o1 s39208 T100000 (262s) cruzan 7/9 R0 real [0.8889, 0.9375, 0.9333, 0.9565, 0.9231, 0.0079, 0.9412, 0.9375, 0.9444] aborto None
12:32:56 [  134s rc 0] vw s39209 T100000 (133s) cruzan 0/9 R0 real [0.1441, 0.4348, 0.4444, 0.5106, 0.213, 0.2407, 0.3034, 0.2212, 0.1473] aborto None
12:33:04 [  132s rc 0] vu s39210 T100000 (131s) cruzan 2/9 R0 real [0.1641, 0.2941, 0.1538, 0.2604, 0.9143, 0.9706, 0.152, 0.2178, 0.2241] aborto None
12:34:58 [  130s rc 0] termo s39210 T100000 (128s) cruzan 5/9 R0 real [0.9677, 0.6757, 0.973, 0.8947, 0.95, 0.9667, 0.9737, 0.0655, 0.0385] aborto None
12:35:04 [  132s rc 0] vh s39210 T100000 (131s) cruzan 0/9 R0 real [0.9412, 0.1947, 0.2688, 0.3438, 0.2647, 0.3467, 0.3049, 0.1511, 0.1918] aborto None
12:35:06 [  130s rc 0] vuinv s39210 T100000 (129s) cruzan 0/9 R0 real [0.1548, 0.2743, 0.2, 0.6905, 0.1145, 0.3483, 0.1309, 0.4394, 0.2521] aborto None
12:35:12 [  268s rc 0] o1 s39209 T100000 (267s) cruzan 7/9 R0 real [0.9412, 0.9091, 0.0191, 0.9412, 0.9524, 0.9375, 0.9375, 0.9375, 0.1066] aborto None
12:35:12 [  138s rc 0] vnav s39210 T100000 (137s) cruzan 0/9 R0 real [0.3944, 0.3867, 0.1587, 0.3836, 0.2125, 0.1385, 0.3333, 0.5349, 0.2233] aborto None
12:35:16 [  132s rc 0] vw s39210 T100000 (131s) cruzan 0/9 R0 real [0.6889, 0.176, 0.3385, 0.4921, 0.4286, 0.1631, 0.4839, 0.3611, 0.1364] aborto None
12:38:02 [  184s rc 0] o1 s39210 T100000 (183s) cruzan 7/9 R0 real [0.1782, 0.9444, 0.9286, 0.9444, 0.95, 0.95, 0.95, 0.9444, 0.1029] aborto None
12:38:02 cola terminada
12:40:47 cola 30 tareas · brazos ['lu', 'lh', 'luinv'] · semillas 39201-39210 · max 6
12:43:23 [  156s rc 0] lu s39202 T100000 (154s) cruzan 0/9 R0 real [0.5, 0.3333, 0.2, 0.0526, 0.1613, 0.0732, 0.0526, 0.12, 0.0606] aborto None
12:43:25 [  158s rc 0] lu s39201 T100000 (158s) cruzan 0/9 R0 real [0.1515, 0.1515, 0.0545, 0.0286, 0.1333, 0.1714, 0.1667, 0.0233, 0.0833] aborto None
12:43:29 [  162s rc 0] lh s39202 T100000 (160s) cruzan 0/9 R0 real [0.0, 0.25, 0.0, 0.6667, 0.0, 0.0, 0.0, 0.0769, 0.0] aborto None
12:43:31 [  164s rc 0] lh s39201 T100000 (162s) cruzan 0/9 R0 real [0.5, 0.0, 0.0, 0.1818, 0.5, 0.5, 0.5, 0.1667, 0.6667] aborto None
12:43:33 [  166s rc 0] luinv s39201 T100000 (165s) cruzan 0/9 R0 real [0.0664, 0.0386, 0.0223, 0.0396, 0.0924, 0.0571, 0.1033, 0.0481, 0.0403] aborto None
12:43:33 [  166s rc 0] luinv s39202 T100000 (164s) cruzan 0/9 R0 real [0.0526, 0.0405, 0.0596, 0.0659, 0.0533, 0.0539, 0.0363, 0.0617, 0.0482] aborto None
12:46:01 [  158s rc 0] lu s39203 T100000 (157s) cruzan 0/9 R0 real [0.1064, 0.5455, 0.0667, 0.0488, 0.0263, 0.0909, 0.1053, 0.1786, 0.28] aborto None
12:46:05 [  160s rc 0] lh s39203 T100000 (160s) cruzan 0/9 R0 real [0.0, 0.0, 0.0, 0.5, 0.0455, 0.25, 0.1111, 0.0, 0.0] aborto None
12:46:09 [  158s rc 0] lu s39204 T100000 (157s) cruzan 0/9 R0 real [0.0476, 0.0444, 0.25, 0.0476, 0.0227, 0.3, 0.0, 0.1304, 0.0769] aborto None
12:46:15 [  166s rc 0] luinv s39203 T100000 (165s) cruzan 0/9 R0 real [0.0254, 0.0385, 0.0342, 0.0367, 0.0532, 0.0674, 0.0603, 0.0664, 0.0282] aborto None
12:46:17 [  164s rc 0] lh s39204 T100000 (163s) cruzan 0/9 R0 real [0.0, 0.5, 0.0, 0.2727, 0.5, 0.0667, 0.0, 0.0, 0.5] aborto None
12:46:21 [  168s rc 0] luinv s39204 T100000 (166s) cruzan 0/9 R0 real [0.0457, 0.0249, 0.0694, 0.022, 0.0459, 0.0298, 0.0556, 0.0599, 0.0531] aborto None
12:48:39 [  158s rc 0] lu s39205 T100000 (156s) cruzan 0/9 R0 real [0.0, 0.15, 0.15, 0.1, 0.1389, 0.0, 0.129, 0.069, 0.1429] aborto None
12:48:49 [  164s rc 0] lh s39205 T100000 (163s) cruzan 0/9 R0 real [0.1, 0.0, 0.2, 0.3333, 0.0, 0.6667, 0.0, 0.2857, 0.6667] aborto None
12:48:53 [  164s rc 0] luinv s39205 T100000 (163s) cruzan 0/9 R0 real [0.0478, 0.0522, 0.0625, 0.069, 0.0417, 0.0303, 0.0531, 0.0408, 0.0376] aborto None
12:48:53 [  158s rc 0] lu s39206 T100000 (156s) cruzan 0/9 R0 real [0.0909, 0.5, 0.0476, 0.0909, 0.1, 0.1333, 0.0625, 0.1724, 0.0645] aborto None
12:48:59 [  162s rc 0] lh s39206 T100000 (160s) cruzan 0/9 R0 real [0.1, 0.0, 0.0714, 0.2, 0.1667, 0.0, 0.4, 0.3333, 0.0] aborto None
12:49:09 [  168s rc 0] luinv s39206 T100000 (167s) cruzan 0/9 R0 real [0.0507, 0.0493, 0.0806, 0.0254, 0.0773, 0.0575, 0.0445, 0.058, 0.0698] aborto None
12:51:29 [  170s rc 0] lu s39207 T100000 (168s) cruzan 0/9 R0 real [0.0645, 0.0714, 0.0345, 0.2105, 0.1053, 0.2222, 0.2609, 0.2222, 0.2941] aborto None
12:51:41 [  168s rc 0] lu s39208 T100000 (167s) cruzan 0/9 R0 real [0.0833, 0.5, 0.0667, 0.0303, 0.4444, 0.1429, 0.0233, 0.1724, 0.1667] aborto None
12:51:43 [  174s rc 0] lh s39207 T100000 (172s) cruzan 0/9 R0 real [0.0, 0.0, 0.0714, 0.0, 0.0, 0.0667, 0.0, 0.0, 0.2222] aborto None
12:51:49 [  176s rc 0] luinv s39207 T100000 (175s) cruzan 0/9 R0 real [0.065, 0.045, 0.075, 0.0219, 0.0547, 0.0691, 0.0267, 0.0538, 0.067] aborto None
12:51:55 [  176s rc 0] lh s39208 T100000 (174s) cruzan 0/9 R0 real [0.2857, 0.5, 0.0, 0.0, 0.0, 0.0, 0.1176, 0.3333, 0.2222] aborto None
12:52:05 [  176s rc 0] luinv s39208 T100000 (175s) cruzan 0/9 R0 real [0.0215, 0.0622, 0.0151, 0.0588, 0.0419, 0.0498, 0.0573, 0.0505, 0.0605] aborto None
12:54:17 [  168s rc 0] lu s39209 T100000 (167s) cruzan 0/9 R0 real [0.027, 0.2353, 0.0227, 0.2308, 0.0238, 0.25, 0.0698, 0.075, 0.0256] aborto None
12:54:37 [  176s rc 0] lh s39209 T100000 (174s) cruzan 0/9 R0 real [0.125, 0.8, 0.0714, 0.0, 0.2, 0.0, 0.4, 0.0, 0.0] aborto None
12:54:39 [  170s rc 0] lu s39210 T100000 (169s) cruzan 0/9 R0 real [0.25, 0.0469, 0.25, 0.6667, 0.1163, 0.5714, 0.08, 0.1818, 0.0741] aborto None
12:54:43 [  180s rc 0] luinv s39209 T100000 (179s) cruzan 0/9 R0 real [0.0281, 0.0412, 0.0413, 0.0348, 0.0331, 0.0464, 0.0354, 0.0792, 0.0667] aborto None
12:54:49 [  174s rc 0] lh s39210 T100000 (173s) cruzan 0/9 R0 real [0.0, 0.0345, 0.25, 0.2308, 0.0, 0.3333, 0.75, 0.6667, 0.0] aborto None
12:55:03 [  178s rc 0] luinv s39210 T100000 (177s) cruzan 0/9 R0 real [0.0653, 0.0311, 0.0316, 0.0339, 0.0927, 0.098, 0.0219, 0.0456, 0.0464] aborto None
12:55:03 cola terminada
12:57:52 cola 40 tareas · brazos ['pu', 'pc', 'pd', 'pi'] · semillas 39201-39210 · max 6
13:00:34 [  162s rc 0] pd s39201 T100000 (161s) cruzan 5/9 R0 real [0.0614, 0.9038, 0.9744, 0.4674, 0.1212, 0.9778, 0.98, 0.9615, 0.5051] aborto None
13:01:00 [  188s rc 0] pu s39201 T100000 (187s) cruzan 6/9 R0 real [0.9811, 0.1964, 0.9787, 0.9804, 0.1697, 0.9762, 0.9545, 0.9796, 0.0345] aborto None
13:01:00 [  188s rc 0] pu s39202 T100000 (186s) cruzan 5/9 R0 real [0.9737, 0.3333, 0.2961, 0.0982, 0.9787, 0.0607, 0.9444, 0.9811, 0.9783] aborto None
13:01:04 [  192s rc 0] pc s39201 T100000 (191s) cruzan 5/9 R0 real [0.9756, 0.75, 0.9825, 0.9767, 0.4191, 0.9688, 0.3026, 0.9818, 0.0237] aborto None
13:01:04 [  192s rc 0] pi s39201 T100000 (191s) cruzan 4/9 R0 real [0.9545, 0.4828, 0.4524, 0.3158, 0.9756, 0.8, 0.9412, 0.0197, 0.975] aborto None
13:01:04 [  192s rc 0] pc s39202 T100000 (191s) cruzan 7/9 R0 real [0.9762, 0.9811, 0.975, 0.0253, 0.9737, 0.3182, 0.973, 0.9706, 0.9756] aborto None
13:03:12 [  158s rc 0] pd s39202 T100000 (157s) cruzan 5/9 R0 real [0.5876, 0.0515, 0.2087, 0.9767, 0.9762, 0.9362, 0.9783, 0.1571, 0.9737] aborto None
13:03:40 [  156s rc 0] pd s39203 T100000 (154s) cruzan 5/9 R0 real [0.9744, 0.9767, 0.9778, 0.0263, 0.9697, 0.7576, 0.519, 0.9825, 0.4545] aborto None
13:04:02 [  182s rc 0] pu s39203 T100000 (181s) cruzan 5/9 R0 real [0.6447, 0.1075, 0.973, 0.9792, 0.054, 0.9778, 0.9737, 0.8298, 0.9804] aborto None
13:04:06 [  186s rc 0] pi s39202 T100000 (185s) cruzan 3/9 R0 real [0.1038, 0.7447, 0.9706, 0.1983, 0.1173, 0.2679, 0.9677, 0.9697, 0.1402] aborto None
13:04:10 [  186s rc 0] pc s39203 T100000 (186s) cruzan 6/9 R0 real [0.0181, 0.9062, 0.9697, 0.898, 0.9787, 0.9762, 0.9714, 0.283, 0.9767] aborto None
13:04:10 [  186s rc 0] pi s39203 T100000 (184s) cruzan 4/9 R0 real [0.75, 0.66, 0.9778, 0.9756, 0.0349, 0.973, 0.1342, 0.24, 0.9756] aborto None
13:06:12 [  180s rc 0] pu s39204 T100000 (179s) cruzan 4/9 R0 real [0.2938, 0.9714, 0.9737, 0.9756, 0.9737, 0.7843, 0.2414, 0.1153, 0.0712] aborto None
13:06:36 [  154s rc 0] pd s39204 T100000 (152s) cruzan 4/9 R0 real [0.7188, 0.9661, 0.5455, 0.8333, 0.0355, 0.9677, 0.3147, 0.9773, 0.9231] aborto None
13:06:44 [  184s rc 0] pc s39204 T100000 (182s) cruzan 4/9 R0 real [0.902, 0.9524, 0.3194, 0.5652, 0.0215, 0.7273, 0.4878, 0.9677, 0.9804] aborto None
13:07:08 [  182s rc 0] pi s39204 T100000 (181s) cruzan 3/9 R0 real [0.7381, 0.0551, 0.642, 0.8333, 0.9688, 0.9767, 0.74, 0.975, 0.0768] aborto None
13:07:08 [  178s rc 0] pu s39205 T100000 (178s) cruzan 5/9 R0 real [0.6818, 0.9762, 0.3958, 0.9815, 0.2602, 0.0309, 0.9714, 0.9706, 0.9773] aborto None
13:07:12 [  182s rc 0] pc s39205 T100000 (181s) cruzan 6/9 R0 real [0.5263, 0.9787, 0.973, 0.98, 0.9792, 0.6207, 0.9737, 0.0268, 0.9667] aborto None
13:08:48 [  156s rc 0] pd s39205 T100000 (154s) cruzan 5/9 R0 real [0.0728, 0.0686, 0.6585, 0.9744, 0.9778, 0.9783, 0.9615, 0.3312, 0.9778] aborto None
13:09:40 [  184s rc 0] pi s39205 T100000 (183s) cruzan 4/9 R0 real [0.3377, 0.0208, 0.9, 0.66, 0.4409, 0.9737, 0.2108, 0.9714, 0.9737] aborto None
13:09:44 [  180s rc 0] pu s39206 T100000 (178s) cruzan 5/9 R0 real [0.9778, 0.9487, 0.3662, 0.9744, 0.434, 0.9792, 0.975, 0.0351, 0.386] aborto None
13:09:44 [  156s rc 0] pd s39206 T100000 (155s) cruzan 5/9 R0 real [0.9778, 0.0789, 0.9808, 0.9756, 0.11, 0.8431, 0.9583, 0.9778, 0.4783] aborto None
13:10:12 [  184s rc 0] pc s39206 T100000 (182s) cruzan 7/9 R0 real [0.9722, 0.9394, 0.9184, 0.9, 0.9744, 0.2464, 0.9677, 0.9787, 0.0182] aborto None
13:10:16 [  184s rc 0] pi s39206 T100000 (182s) cruzan 3/9 R0 real [0.3086, 0.875, 0.878, 0.6909, 0.0142, 0.2609, 0.9412, 0.973, 0.9706] aborto None
13:11:44 [  176s rc 0] pu s39207 T100000 (176s) cruzan 7/9 R0 real [0.1104, 0.9773, 0.9714, 0.9762, 0.0382, 0.9783, 0.9706, 0.9697, 0.9756] aborto None
13:12:18 [  154s rc 0] pd s39207 T100000 (153s) cruzan 5/9 R0 real [0.902, 0.9667, 0.0642, 0.9767, 0.0897, 0.9792, 0.425, 0.6, 0.9714] aborto None
13:12:44 [  184s rc 0] pc s39207 T100000 (183s) cruzan 5/9 R0 real [0.875, 0.9655, 0.1208, 0.9348, 0.7, 0.9111, 0.9615, 0.9767, 0.0486] aborto None
13:12:46 [  182s rc 0] pi s39207 T100000 (180s) cruzan 2/9 R0 real [0.0544, 0.8947, 0.1257, 0.7541, 0.9245, 0.7586, 0.5063, 0.3717, 0.9787] aborto None
13:13:10 [  178s rc 0] pu s39208 T100000 (177s) cruzan 6/9 R0 real [0.8378, 0.975, 0.0784, 0.9744, 0.0549, 0.9744, 0.9783, 0.9231, 0.9783] aborto None
13:13:20 [  184s rc 0] pc s39208 T100000 (183s) cruzan 4/9 R0 real [0.96, 0.0235, 0.9302, 0.6061, 0.3529, 0.6923, 0.9667, 0.9512, 0.2197] aborto None
13:14:20 [  156s rc 0] pd s39208 T100000 (155s) cruzan 4/9 R0 real [0.9762, 0.2626, 0.1122, 0.8462, 0.9787, 0.9804, 0.0476, 0.5455, 0.9714] aborto None
13:15:22 [  184s rc 0] pi s39208 T100000 (182s) cruzan 3/9 R0 real [0.219, 0.9697, 0.4468, 0.9756, 0.7255, 0.0873, 0.6667, 0.0747, 0.9767] aborto None
13:15:44 [  180s rc 0] pu s39209 T100000 (178s) cruzan 3/9 R0 real [0.875, 0.7966, 0.0851, 0.7292, 0.9792, 0.9767, 0.7556, 0.9756, 0.0579] aborto None
13:15:44 [  154s rc 0] pd s39209 T100000 (153s) cruzan 4/9 R0 real [0.9804, 0.973, 0.1849, 0.0578, 0.7797, 0.7903, 0.9767, 0.6885, 0.98] aborto None
13:15:48 [  182s rc 0] pc s39209 T100000 (182s) cruzan 6/9 R0 real [0.975, 0.9677, 0.2763, 0.9474, 0.0234, 0.9815, 0.1813, 0.9688, 0.9744] aborto None
13:16:24 [  184s rc 0] pi s39209 T100000 (183s) cruzan 5/9 R0 real [0.022, 0.6508, 0.9787, 0.9512, 0.9744, 0.9808, 0.3974, 0.9787, 0.8723] aborto None
13:17:12 [  172s rc 0] pu s39210 T100000 (170s) cruzan 4/9 R0 real [0.9778, 0.9688, 0.1845, 0.3852, 0.2454, 0.9643, 0.0404, 0.8571, 0.9565] aborto None
13:18:08 [  144s rc 0] pd s39210 T100000 (142s) cruzan 5/9 R0 real [0.975, 0.0967, 0.5432, 0.2199, 0.9787, 0.9722, 0.9273, 0.1172, 0.975] aborto None
13:18:12 [  170s rc 0] pc s39210 T100000 (168s) cruzan 5/9 R0 real [0.6098, 0.973, 0.9583, 0.975, 0.0213, 0.9143, 0.9286, 0.6667, 0.7714] aborto None
13:18:30 [  166s rc 0] pi s39210 T100000 (165s) cruzan 3/9 R0 real [0.0478, 0.5444, 0.9667, 0.9737, 0.2614, 0.9697, 0.8103, 0.1613, 0.296] aborto None
13:18:30 cola terminada
13:19:00 cola 80 tareas · brazos ['pc', 'termo', 'pu', 'pi'] · semillas 39211-39230 · max 6
13:21:06 [  126s rc 0] termo s39212 T100000 (124s) cruzan 5/9 R0 real [0.9804, 0.9706, 0.3277, 0.6739, 0.3733, 0.013, 0.9032, 0.9677, 0.9565] aborto None
13:21:08 [  128s rc 0] termo s39211 T100000 (128s) cruzan 5/9 R0 real [0.9655, 0.0256, 0.9787, 0.9773, 0.2737, 0.7018, 0.1275, 0.96, 0.9655] aborto None
13:21:32 [  152s rc 0] pu s39211 T100000 (151s) cruzan 3/9 R0 real [0.2396, 0.9706, 0.5217, 0.7959, 0.3519, 0.1789, 0.9643, 0.0388, 0.9375] aborto None
13:21:36 [  156s rc 0] pc s39211 T100000 (154s) cruzan 5/9 R0 real [0.975, 0.9815, 0.3103, 0.975, 0.0172, 0.9697, 0.8649, 0.975, 0.8182] aborto None
13:21:36 [  156s rc 0] pi s39211 T100000 (154s) cruzan 5/9 R0 real [0.9811, 0.9697, 0.1892, 0.9773, 0.6604, 0.973, 0.0233, 0.36, 0.9783] aborto None
13:21:36 [  156s rc 0] pc s39212 T100000 (155s) cruzan 3/9 R0 real [0.9444, 0.9216, 0.7213, 0.2667, 0.0382, 0.1643, 0.8542, 0.973, 0.614] aborto None
13:23:44 [  158s rc 0] pu s39212 T100000 (158s) cruzan 5/9 R0 real [0.9394, 0.871, 0.9184, 0.9737, 0.1173, 0.975, 0.3, 0.0471, 0.9091] aborto None
13:23:48 [  160s rc 0] pi s39212 T100000 (159s) cruzan 4/9 R0 real [0.1838, 0.975, 0.0537, 0.94, 0.9778, 0.9744, 0.1593, 0.6774, 0.8868] aborto None
