cola 30 tareas · brazos ['lu', 'lh', 'luinv'] · semillas 39201-39210 · max 6
[  156s rc 0] lu s39202 T100000 (154s) cruzan 0/9 R0 real [0.5, 0.3333, 0.2, 0.0526, 0.1613, 0.0732, 0.0526, 0.12, 0.0606] aborto None
[  158s rc 0] lu s39201 T100000 (158s) cruzan 0/9 R0 real [0.1515, 0.1515, 0.0545, 0.0286, 0.1333, 0.1714, 0.1667, 0.0233, 0.0833] aborto None
[  162s rc 0] lh s39202 T100000 (160s) cruzan 0/9 R0 real [0.0, 0.25, 0.0, 0.6667, 0.0, 0.0, 0.0, 0.0769, 0.0] aborto None
[  164s rc 0] lh s39201 T100000 (162s) cruzan 0/9 R0 real [0.5, 0.0, 0.0, 0.1818, 0.5, 0.5, 0.5, 0.1667, 0.6667] aborto None
[  166s rc 0] luinv s39201 T100000 (165s) cruzan 0/9 R0 real [0.0664, 0.0386, 0.0223, 0.0396, 0.0924, 0.0571, 0.1033, 0.0481, 0.0403] aborto None
[  166s rc 0] luinv s39202 T100000 (164s) cruzan 0/9 R0 real [0.0526, 0.0405, 0.0596, 0.0659, 0.0533, 0.0539, 0.0363, 0.0617, 0.0482] aborto None
[  158s rc 0] lu s39203 T100000 (157s) cruzan 0/9 R0 real [0.1064, 0.5455, 0.0667, 0.0488, 0.0263, 0.0909, 0.1053, 0.1786, 0.28] aborto None
[  160s rc 0] lh s39203 T100000 (160s) cruzan 0/9 R0 real [0.0, 0.0, 0.0, 0.5, 0.0455, 0.25, 0.1111, 0.0, 0.0] aborto None
[  158s rc 0] lu s39204 T100000 (157s) cruzan 0/9 R0 real [0.0476, 0.0444, 0.25, 0.0476, 0.0227, 0.3, 0.0, 0.1304, 0.0769] aborto None
[  166s rc 0] luinv s39203 T100000 (165s) cruzan 0/9 R0 real [0.0254, 0.0385, 0.0342, 0.0367, 0.0532, 0.0674, 0.0603, 0.0664, 0.0282] aborto None
[  164s rc 0] lh s39204 T100000 (163s) cruzan 0/9 R0 real [0.0, 0.5, 0.0, 0.2727, 0.5, 0.0667, 0.0, 0.0, 0.5] aborto None
[  168s rc 0] luinv s39204 T100000 (166s) cruzan 0/9 R0 real [0.0457, 0.0249, 0.0694, 0.022, 0.0459, 0.0298, 0.0556, 0.0599, 0.0531] aborto None
[  158s rc 0] lu s39205 T100000 (156s) cruzan 0/9 R0 real [0.0, 0.15, 0.15, 0.1, 0.1389, 0.0, 0.129, 0.069, 0.1429] aborto None
[  164s rc 0] lh s39205 T100000 (163s) cruzan 0/9 R0 real [0.1, 0.0, 0.2, 0.3333, 0.0, 0.6667, 0.0, 0.2857, 0.6667] aborto None
[  164s rc 0] luinv s39205 T100000 (163s) cruzan 0/9 R0 real [0.0478, 0.0522, 0.0625, 0.069, 0.0417, 0.0303, 0.0531, 0.0408, 0.0376] aborto None
[  158s rc 0] lu s39206 T100000 (156s) cruzan 0/9 R0 real [0.0909, 0.5, 0.0476, 0.0909, 0.1, 0.1333, 0.0625, 0.1724, 0.0645] aborto None
[  162s rc 0] lh s39206 T100000 (160s) cruzan 0/9 R0 real [0.1, 0.0, 0.0714, 0.2, 0.1667, 0.0, 0.4, 0.3333, 0.0] aborto None
[  168s rc 0] luinv s39206 T100000 (167s) cruzan 0/9 R0 real [0.0507, 0.0493, 0.0806, 0.0254, 0.0773, 0.0575, 0.0445, 0.058, 0.0698] aborto None
[  170s rc 0] lu s39207 T100000 (168s) cruzan 0/9 R0 real [0.0645, 0.0714, 0.0345, 0.2105, 0.1053, 0.2222, 0.2609, 0.2222, 0.2941] aborto None
[  168s rc 0] lu s39208 T100000 (167s) cruzan 0/9 R0 real [0.0833, 0.5, 0.0667, 0.0303, 0.4444, 0.1429, 0.0233, 0.1724, 0.1667] aborto None
[  174s rc 0] lh s39207 T100000 (172s) cruzan 0/9 R0 real [0.0, 0.0, 0.0714, 0.0, 0.0, 0.0667, 0.0, 0.0, 0.2222] aborto None
[  176s rc 0] luinv s39207 T100000 (175s) cruzan 0/9 R0 real [0.065, 0.045, 0.075, 0.0219, 0.0547, 0.0691, 0.0267, 0.0538, 0.067] aborto None
[  176s rc 0] lh s39208 T100000 (174s) cruzan 0/9 R0 real [0.2857, 0.5, 0.0, 0.0, 0.0, 0.0, 0.1176, 0.3333, 0.2222] aborto None
[  176s rc 0] luinv s39208 T100000 (175s) cruzan 0/9 R0 real [0.0215, 0.0622, 0.0151, 0.0588, 0.0419, 0.0498, 0.0573, 0.0505, 0.0605] aborto None
[  168s rc 0] lu s39209 T100000 (167s) cruzan 0/9 R0 real [0.027, 0.2353, 0.0227, 0.2308, 0.0238, 0.25, 0.0698, 0.075, 0.0256] aborto None
[  176s rc 0] lh s39209 T100000 (174s) cruzan 0/9 R0 real [0.125, 0.8, 0.0714, 0.0, 0.2, 0.0, 0.4, 0.0, 0.0] aborto None
[  170s rc 0] lu s39210 T100000 (169s) cruzan 0/9 R0 real [0.25, 0.0469, 0.25, 0.6667, 0.1163, 0.5714, 0.08, 0.1818, 0.0741] aborto None
[  180s rc 0] luinv s39209 T100000 (179s) cruzan 0/9 R0 real [0.0281, 0.0412, 0.0413, 0.0348, 0.0331, 0.0464, 0.0354, 0.0792, 0.0667] aborto None
[  174s rc 0] lh s39210 T100000 (173s) cruzan 0/9 R0 real [0.0, 0.0345, 0.25, 0.2308, 0.0, 0.3333, 0.75, 0.6667, 0.0] aborto None
[  178s rc 0] luinv s39210 T100000 (177s) cruzan 0/9 R0 real [0.0653, 0.0311, 0.0316, 0.0339, 0.0927, 0.098, 0.0219, 0.0456, 0.0464] aborto None
cola terminada
