cola 40 tareas · brazos ['pu', 'pc', 'pd', 'pi'] · semillas 39201-39210 · max 6
[  162s rc 0] pd s39201 T100000 (161s) cruzan 5/9 R0 real [0.0614, 0.9038, 0.9744, 0.4674, 0.1212, 0.9778, 0.98, 0.9615, 0.5051] aborto None
[  188s rc 0] pu s39201 T100000 (187s) cruzan 6/9 R0 real [0.9811, 0.1964, 0.9787, 0.9804, 0.1697, 0.9762, 0.9545, 0.9796, 0.0345] aborto None
[  188s rc 0] pu s39202 T100000 (186s) cruzan 5/9 R0 real [0.9737, 0.3333, 0.2961, 0.0982, 0.9787, 0.0607, 0.9444, 0.9811, 0.9783] aborto None
[  192s rc 0] pc s39201 T100000 (191s) cruzan 5/9 R0 real [0.9756, 0.75, 0.9825, 0.9767, 0.4191, 0.9688, 0.3026, 0.9818, 0.0237] aborto None
[  192s rc 0] pi s39201 T100000 (191s) cruzan 4/9 R0 real [0.9545, 0.4828, 0.4524, 0.3158, 0.9756, 0.8, 0.9412, 0.0197, 0.975] aborto None
[  192s rc 0] pc s39202 T100000 (191s) cruzan 7/9 R0 real [0.9762, 0.9811, 0.975, 0.0253, 0.9737, 0.3182, 0.973, 0.9706, 0.9756] aborto None
[  158s rc 0] pd s39202 T100000 (157s) cruzan 5/9 R0 real [0.5876, 0.0515, 0.2087, 0.9767, 0.9762, 0.9362, 0.9783, 0.1571, 0.9737] aborto None
[  156s rc 0] pd s39203 T100000 (154s) cruzan 5/9 R0 real [0.9744, 0.9767, 0.9778, 0.0263, 0.9697, 0.7576, 0.519, 0.9825, 0.4545] aborto None
[  182s rc 0] pu s39203 T100000 (181s) cruzan 5/9 R0 real [0.6447, 0.1075, 0.973, 0.9792, 0.054, 0.9778, 0.9737, 0.8298, 0.9804] aborto None
[  186s rc 0] pi s39202 T100000 (185s) cruzan 3/9 R0 real [0.1038, 0.7447, 0.9706, 0.1983, 0.1173, 0.2679, 0.9677, 0.9697, 0.1402] aborto None
[  186s rc 0] pc s39203 T100000 (186s) cruzan 6/9 R0 real [0.0181, 0.9062, 0.9697, 0.898, 0.9787, 0.9762, 0.9714, 0.283, 0.9767] aborto None
[  186s rc 0] pi s39203 T100000 (184s) cruzan 4/9 R0 real [0.75, 0.66, 0.9778, 0.9756, 0.0349, 0.973, 0.1342, 0.24, 0.9756] aborto None
[  180s rc 0] pu s39204 T100000 (179s) cruzan 4/9 R0 real [0.2938, 0.9714, 0.9737, 0.9756, 0.9737, 0.7843, 0.2414, 0.1153, 0.0712] aborto None
[  154s rc 0] pd s39204 T100000 (152s) cruzan 4/9 R0 real [0.7188, 0.9661, 0.5455, 0.8333, 0.0355, 0.9677, 0.3147, 0.9773, 0.9231] aborto None
[  184s rc 0] pc s39204 T100000 (182s) cruzan 4/9 R0 real [0.902, 0.9524, 0.3194, 0.5652, 0.0215, 0.7273, 0.4878, 0.9677, 0.9804] aborto None
[  182s rc 0] pi s39204 T100000 (181s) cruzan 3/9 R0 real [0.7381, 0.0551, 0.642, 0.8333, 0.9688, 0.9767, 0.74, 0.975, 0.0768] aborto None
[  178s rc 0] pu s39205 T100000 (178s) cruzan 5/9 R0 real [0.6818, 0.9762, 0.3958, 0.9815, 0.2602, 0.0309, 0.9714, 0.9706, 0.9773] aborto None
[  182s rc 0] pc s39205 T100000 (181s) cruzan 6/9 R0 real [0.5263, 0.9787, 0.973, 0.98, 0.9792, 0.6207, 0.9737, 0.0268, 0.9667] aborto None
[  156s rc 0] pd s39205 T100000 (154s) cruzan 5/9 R0 real [0.0728, 0.0686, 0.6585, 0.9744, 0.9778, 0.9783, 0.9615, 0.3312, 0.9778] aborto None
[  184s rc 0] pi s39205 T100000 (183s) cruzan 4/9 R0 real [0.3377, 0.0208, 0.9, 0.66, 0.4409, 0.9737, 0.2108, 0.9714, 0.9737] aborto None
[  180s rc 0] pu s39206 T100000 (178s) cruzan 5/9 R0 real [0.9778, 0.9487, 0.3662, 0.9744, 0.434, 0.9792, 0.975, 0.0351, 0.386] aborto None
[  156s rc 0] pd s39206 T100000 (155s) cruzan 5/9 R0 real [0.9778, 0.0789, 0.9808, 0.9756, 0.11, 0.8431, 0.9583, 0.9778, 0.4783] aborto None
[  184s rc 0] pc s39206 T100000 (182s) cruzan 7/9 R0 real [0.9722, 0.9394, 0.9184, 0.9, 0.9744, 0.2464, 0.9677, 0.9787, 0.0182] aborto None
[  184s rc 0] pi s39206 T100000 (182s) cruzan 3/9 R0 real [0.3086, 0.875, 0.878, 0.6909, 0.0142, 0.2609, 0.9412, 0.973, 0.9706] aborto None
[  176s rc 0] pu s39207 T100000 (176s) cruzan 7/9 R0 real [0.1104, 0.9773, 0.9714, 0.9762, 0.0382, 0.9783, 0.9706, 0.9697, 0.9756] aborto None
[  154s rc 0] pd s39207 T100000 (153s) cruzan 5/9 R0 real [0.902, 0.9667, 0.0642, 0.9767, 0.0897, 0.9792, 0.425, 0.6, 0.9714] aborto None
[  184s rc 0] pc s39207 T100000 (183s) cruzan 5/9 R0 real [0.875, 0.9655, 0.1208, 0.9348, 0.7, 0.9111, 0.9615, 0.9767, 0.0486] aborto None
[  182s rc 0] pi s39207 T100000 (180s) cruzan 2/9 R0 real [0.0544, 0.8947, 0.1257, 0.7541, 0.9245, 0.7586, 0.5063, 0.3717, 0.9787] aborto None
[  178s rc 0] pu s39208 T100000 (177s) cruzan 6/9 R0 real [0.8378, 0.975, 0.0784, 0.9744, 0.0549, 0.9744, 0.9783, 0.9231, 0.9783] aborto None
[  184s rc 0] pc s39208 T100000 (183s) cruzan 4/9 R0 real [0.96, 0.0235, 0.9302, 0.6061, 0.3529, 0.6923, 0.9667, 0.9512, 0.2197] aborto None
[  156s rc 0] pd s39208 T100000 (155s) cruzan 4/9 R0 real [0.9762, 0.2626, 0.1122, 0.8462, 0.9787, 0.9804, 0.0476, 0.5455, 0.9714] aborto None
[  184s rc 0] pi s39208 T100000 (182s) cruzan 3/9 R0 real [0.219, 0.9697, 0.4468, 0.9756, 0.7255, 0.0873, 0.6667, 0.0747, 0.9767] aborto None
[  180s rc 0] pu s39209 T100000 (178s) cruzan 3/9 R0 real [0.875, 0.7966, 0.0851, 0.7292, 0.9792, 0.9767, 0.7556, 0.9756, 0.0579] aborto None
[  154s rc 0] pd s39209 T100000 (153s) cruzan 4/9 R0 real [0.9804, 0.973, 0.1849, 0.0578, 0.7797, 0.7903, 0.9767, 0.6885, 0.98] aborto None
[  182s rc 0] pc s39209 T100000 (182s) cruzan 6/9 R0 real [0.975, 0.9677, 0.2763, 0.9474, 0.0234, 0.9815, 0.1813, 0.9688, 0.9744] aborto None
[  184s rc 0] pi s39209 T100000 (183s) cruzan 5/9 R0 real [0.022, 0.6508, 0.9787, 0.9512, 0.9744, 0.9808, 0.3974, 0.9787, 0.8723] aborto None
[  172s rc 0] pu s39210 T100000 (170s) cruzan 4/9 R0 real [0.9778, 0.9688, 0.1845, 0.3852, 0.2454, 0.9643, 0.0404, 0.8571, 0.9565] aborto None
[  144s rc 0] pd s39210 T100000 (142s) cruzan 5/9 R0 real [0.975, 0.0967, 0.5432, 0.2199, 0.9787, 0.9722, 0.9273, 0.1172, 0.975] aborto None
[  170s rc 0] pc s39210 T100000 (168s) cruzan 5/9 R0 real [0.6098, 0.973, 0.9583, 0.975, 0.0213, 0.9143, 0.9286, 0.6667, 0.7714] aborto None
[  166s rc 0] pi s39210 T100000 (165s) cruzan 3/9 R0 real [0.0478, 0.5444, 0.9667, 0.9737, 0.2614, 0.9697, 0.8103, 0.1613, 0.296] aborto None
cola terminada
