cola 70 tareas · brazos ['vu', 'termo', 'vh', 'vnav', 'vuinv', 'vw', 'o1'] · semillas 39201-39210 · max 6
[  126s rc 0] termo s39201 T100000 (125s) cruzan 4/9 R0 real [0.7447, 0.1053, 0.9688, 0.4605, 0.9677, 0.7826, 0.9714, 0.9706, 0.0302] aborto None
[  126s rc 0] vh s39201 T100000 (125s) cruzan 0/9 R0 real [0.2604, 0.117, 0.1748, 0.2381, 0.9375, 0.3095, 0.6316, 0.1653, 0.3516] aborto None
[  128s rc 0] vuinv s39201 T100000 (127s) cruzan 0/9 R0 real [0.6094, 0.2804, 0.1182, 0.2478, 0.1622, 0.2411, 0.1504, 0.7222, 0.2619] aborto None
[  128s rc 0] vw s39201 T100000 (128s) cruzan 1/9 R0 real [0.9714, 0.2796, 0.2809, 0.3023, 0.25, 0.2473, 0.3951, 0.35, 0.1231] aborto None
[  130s rc 0] vu s39201 T100000 (129s) cruzan 0/9 R0 real [0.2784, 0.3026, 0.2661, 0.3288, 0.3882, 0.2857, 0.5085, 0.1667, 0.5283] aborto None
[  136s rc 0] vnav s39201 T100000 (134s) cruzan 0/9 R0 real [0.1636, 0.1783, 0.7872, 0.1458, 0.1127, 0.1709, 0.8462, 0.25, 0.8621] aborto None
[  132s rc 0] vu s39202 T100000 (130s) cruzan 0/9 R0 real [0.29, 0.2198, 0.2816, 0.7708, 0.1593, 0.2762, 0.1622, 0.2, 0.3239] aborto None
[  132s rc 0] termo s39202 T100000 (130s) cruzan 5/9 R0 real [0.5652, 0.9667, 0.9615, 0.9667, 0.0405, 0.9762, 0.0838, 0.9444, 0.2522] aborto None
[  134s rc 0] vh s39202 T100000 (133s) cruzan 0/9 R0 real [0.6818, 0.3043, 0.4333, 0.1265, 0.3433, 0.4219, 0.3913, 0.1374, 0.2202] aborto None
[  138s rc 0] vnav s39202 T100000 (136s) cruzan 0/9 R0 real [0.2391, 0.2949, 0.2131, 0.219, 0.3288, 0.2, 0.5172, 0.2016, 0.5781] aborto None
[  132s rc 0] vuinv s39202 T100000 (130s) cruzan 1/9 R0 real [0.9302, 0.2308, 0.1605, 0.0731, 0.0751, 0.8409, 0.5714, 0.8478, 0.1646] aborto None
[  132s rc 0] vw s39202 T100000 (131s) cruzan 0/9 R0 real [0.4667, 0.2396, 0.1639, 0.1615, 0.7917, 0.3171, 0.2316, 0.369, 0.3173] aborto None
[  134s rc 0] vu s39203 T100000 (132s) cruzan 1/9 R0 real [0.3875, 0.9697, 0.1313, 0.3875, 0.411, 0.3766, 0.3214, 0.2193, 0.1243] aborto None
[  272s rc 0] o1 s39201 T100000 (270s) cruzan 8/9 R0 real [0.9375, 0.9286, 0.9444, 0.9412, 0.9333, 0.9286, 0.9412, 0.9167, 0.0] aborto None
[  132s rc 0] termo s39203 T100000 (130s) cruzan 5/9 R0 real [0.9643, 0.6275, 0.975, 0.0474, 0.0649, 0.975, 0.7059, 0.9744, 0.9756] aborto None
[  134s rc 0] vh s39203 T100000 (133s) cruzan 0/9 R0 real [0.2571, 0.2551, 0.7143, 0.2232, 0.2653, 0.4915, 0.1978, 0.1724, 0.3415] aborto None
[  140s rc 0] vnav s39203 T100000 (138s) cruzan 1/9 R0 real [0.2453, 0.1754, 0.3462, 0.2294, 0.2907, 0.9714, 0.2685, 0.192, 0.2717] aborto None
[  134s rc 0] vuinv s39203 T100000 (133s) cruzan 2/9 R0 real [0.2778, 0.1055, 0.975, 0.3654, 0.4186, 0.9714, 0.0565, 0.1218, 0.4416] aborto None
[  132s rc 0] vw s39203 T100000 (132s) cruzan 0/9 R0 real [0.3043, 0.5, 0.1295, 0.6857, 0.6122, 0.5, 0.1608, 0.1065, 0.4308] aborto None
[  274s rc 0] o1 s39202 T100000 (272s) cruzan 7/9 R0 real [0.9286, 0.007, 0.9091, 0.95, 0.9, 0.875, 0.9375, 0.9167, 0.96] aborto None
[  134s rc 0] vu s39204 T100000 (134s) cruzan 0/9 R0 real [0.2065, 0.1418, 0.4412, 0.2658, 0.3333, 0.2292, 0.8261, 0.1833, 0.2574] aborto None
[  130s rc 0] termo s39204 T100000 (128s) cruzan 6/9 R0 real [0.7778, 0.9615, 0.9583, 0.0103, 0.9714, 0.975, 0.9756, 0.7538, 0.9722] aborto None
[  130s rc 0] vh s39204 T100000 (129s) cruzan 1/9 R0 real [0.1172, 0.6591, 0.189, 0.1963, 0.2874, 0.243, 0.6545, 0.9677, 0.25] aborto None
[  130s rc 0] vuinv s39204 T100000 (128s) cruzan 0/9 R0 real [0.225, 0.1712, 0.2105, 0.3398, 0.5745, 0.0922, 0.7105, 0.1359, 0.2045] aborto None
[  266s rc 0] o1 s39203 T100000 (265s) cruzan 8/9 R0 real [0.9231, 0.9474, 0.9615, 0.9412, 0.9333, 0.9412, 0.9167, 0.0, 0.95] aborto None
[  136s rc 0] vnav s39204 T100000 (135s) cruzan 0/9 R0 real [0.8667, 0.5161, 0.1, 0.1983, 0.3521, 0.1495, 0.2577, 0.2545, 0.3229] aborto None
[  132s rc 0] vw s39204 T100000 (131s) cruzan 0/9 R0 real [0.8889, 0.4833, 0.6122, 0.1858, 0.1517, 0.5254, 0.1894, 0.1694, 0.58] aborto None
[  132s rc 0] vu s39205 T100000 (130s) cruzan 1/9 R0 real [0.1078, 0.9697, 0.4028, 0.6034, 0.2617, 0.2449, 0.3146, 0.1462, 0.2708] aborto None
[  130s rc 0] termo s39205 T100000 (129s) cruzan 5/9 R0 real [0.963, 0.7778, 0.9615, 0.0112, 0.1209, 0.9714, 0.9697, 0.9524, 0.7059] aborto None
[  130s rc 0] vh s39205 T100000 (129s) cruzan 0/9 R0 real [0.1754, 0.1982, 0.4444, 0.3176, 0.5246, 0.4286, 0.2885, 0.1496, 0.5556] aborto None
[  134s rc 0] vnav s39205 T100000 (134s) cruzan 0/9 R0 real [0.4531, 0.1059, 0.6531, 0.2927, 0.3881, 0.4125, 0.7273, 0.1919, 0.1619] aborto None
[  132s rc 0] vuinv s39205 T100000 (131s) cruzan 2/9 R0 real [0.5072, 0.1781, 0.2348, 0.2273, 0.0819, 0.9722, 0.0756, 0.4462, 0.9697] aborto None
[  130s rc 0] vw s39205 T100000 (129s) cruzan 0/9 R0 real [0.2035, 0.4706, 0.6889, 0.4648, 0.6346, 0.26, 0.1103, 0.2051, 0.6744] aborto None
[  130s rc 0] vu s39206 T100000 (128s) cruzan 0/9 R0 real [0.7955, 0.177, 0.1689, 0.1554, 0.0753, 0.4333, 0.9286, 0.4688, 0.3366] aborto None
[  268s rc 0] o1 s39204 T100000 (267s) cruzan 7/9 R0 real [0.9524, 0.95, 0.9565, 0.9583, 0.4068, 0.2941, 0.9667, 0.9333, 0.95] aborto None
[  130s rc 0] termo s39206 T100000 (128s) cruzan 4/9 R0 real [0.0609, 0.7447, 0.0478, 0.9688, 0.1795, 0.92, 0.9615, 0.9688, 0.5882] aborto None
[  132s rc 0] vh s39206 T100000 (131s) cruzan 1/9 R0 real [0.1382, 0.2292, 0.6, 0.2581, 0.25, 0.6667, 0.3375, 0.1176, 0.973] aborto None
[  130s rc 0] vuinv s39206 T100000 (129s) cruzan 1/9 R0 real [0.3084, 0.2117, 0.0821, 0.8085, 0.0683, 0.9756, 0.1033, 0.1694, 0.3587] aborto None
[  138s rc 0] vnav s39206 T100000 (137s) cruzan 0/9 R0 real [0.2523, 0.3939, 0.2404, 0.181, 0.1013, 0.1901, 0.9118, 0.3448, 0.4154] aborto None
[  132s rc 0] vw s39206 T100000 (130s) cruzan 1/9 R0 real [0.126, 0.8696, 0.1538, 0.2083, 0.234, 0.8, 0.9655, 0.2784, 0.3034] aborto None
[  268s rc 0] o1 s39205 T100000 (266s) cruzan 7/9 R0 real [0.9545, 0.9545, 0.9474, 0.7368, 0.2857, 0.9545, 0.9444, 0.9565, 0.96] aborto None
[  134s rc 0] vu s39207 T100000 (132s) cruzan 0/9 R0 real [0.2524, 0.0899, 0.7447, 0.1223, 0.617, 0.2527, 0.4, 0.5, 0.2105] aborto None
[  128s rc 0] termo s39207 T100000 (127s) cruzan 2/9 R0 real [0.1159, 0.9737, 0.3043, 0.0258, 0.9565, 0.8222, 0.4681, 0.8276, 0.7241] aborto None
[  130s rc 0] vh s39207 T100000 (130s) cruzan 0/9 R0 real [0.3671, 0.1756, 0.2889, 0.3944, 0.7143, 0.5102, 0.1639, 0.1468, 0.2233] aborto None
[  130s rc 0] vuinv s39207 T100000 (128s) cruzan 2/9 R0 real [0.1699, 0.4918, 0.162, 0.131, 0.9286, 0.9767, 0.3431, 0.3978, 0.0593] aborto None
[  264s rc 0] o1 s39206 T100000 (264s) cruzan 8/9 R0 real [0.9412, 0.0249, 0.9333, 0.95, 0.9286, 0.9091, 0.9412, 0.9444, 0.9412] aborto None
[  138s rc 0] vnav s39207 T100000 (137s) cruzan 0/9 R0 real [0.1418, 0.2963, 0.4179, 0.3939, 0.3836, 0.1489, 0.2, 0.5625, 0.1818] aborto None
[  132s rc 0] vw s39207 T100000 (131s) cruzan 0/9 R0 real [0.3671, 0.2762, 0.172, 0.2198, 0.8444, 0.7895, 0.2202, 0.2241, 0.4783] aborto None
[  128s rc 0] termo s39208 T100000 (127s) cruzan 5/9 R0 real [0.8491, 0.9545, 0.6393, 0.9778, 0.9, 0.9429, 0.5962, 0.0082, 0.96] aborto None
[  132s rc 0] vu s39208 T100000 (130s) cruzan 0/9 R0 real [0.1038, 0.157, 0.2449, 0.3377, 0.5818, 0.3721, 0.6296, 0.3816, 0.2475] aborto None
[  130s rc 0] vh s39208 T100000 (130s) cruzan 0/9 R0 real [0.3061, 0.3514, 0.1694, 0.1982, 0.5, 0.4462, 0.2273, 0.5556, 0.0847] aborto None
[  130s rc 0] vuinv s39208 T100000 (129s) cruzan 1/9 R0 real [0.9677, 0.7895, 0.1657, 0.3077, 0.3882, 0.1935, 0.2, 0.0777, 0.18] aborto None
[  134s rc 0] vnav s39208 T100000 (133s) cruzan 0/9 R0 real [0.1818, 0.181, 0.2258, 0.625, 0.4328, 0.1235, 0.9459, 0.1565, 0.2353] aborto None
[  262s rc 0] o1 s39207 T100000 (262s) cruzan 5/9 R0 real [0.1111, 0.96, 0.9474, 0.1959, 0.9444, 0.5897, 0.5897, 0.9583, 0.963] aborto None
[  128s rc 0] vw s39208 T100000 (128s) cruzan 1/9 R0 real [0.3733, 0.0804, 0.2211, 0.9615, 0.314, 0.2, 0.1197, 0.4384, 0.3898] aborto None
[  126s rc 0] termo s39209 T100000 (125s) cruzan 3/9 R0 real [0.0134, 0.2566, 0.9756, 0.6, 0.678, 0.9667, 0.7234, 0.9615, 0.7179] aborto None
[  132s rc 0] vu s39209 T100000 (131s) cruzan 0/9 R0 real [0.1985, 0.2069, 0.1053, 0.4118, 0.3636, 0.2396, 0.1401, 0.5918, 0.68] aborto None
[  132s rc 0] vh s39209 T100000 (131s) cruzan 0/9 R0 real [0.3333, 0.56, 0.6, 0.1885, 0.2809, 0.2529, 0.0926, 0.1594, 0.2553] aborto None
[  132s rc 0] vuinv s39209 T100000 (131s) cruzan 0/9 R0 real [0.1447, 0.3095, 0.2014, 0.256, 0.1852, 0.75, 0.1701, 0.197, 0.1646] aborto None
[  138s rc 0] vnav s39209 T100000 (137s) cruzan 0/9 R0 real [0.4909, 0.1869, 0.268, 0.0909, 0.7105, 0.2368, 0.2727, 0.0952, 0.3457] aborto None
[  264s rc 0] o1 s39208 T100000 (262s) cruzan 7/9 R0 real [0.8889, 0.9375, 0.9333, 0.9565, 0.9231, 0.0079, 0.9412, 0.9375, 0.9444] aborto None
[  134s rc 0] vw s39209 T100000 (133s) cruzan 0/9 R0 real [0.1441, 0.4348, 0.4444, 0.5106, 0.213, 0.2407, 0.3034, 0.2212, 0.1473] aborto None
[  132s rc 0] vu s39210 T100000 (131s) cruzan 2/9 R0 real [0.1641, 0.2941, 0.1538, 0.2604, 0.9143, 0.9706, 0.152, 0.2178, 0.2241] aborto None
[  130s rc 0] termo s39210 T100000 (128s) cruzan 5/9 R0 real [0.9677, 0.6757, 0.973, 0.8947, 0.95, 0.9667, 0.9737, 0.0655, 0.0385] aborto None
[  132s rc 0] vh s39210 T100000 (131s) cruzan 0/9 R0 real [0.9412, 0.1947, 0.2688, 0.3438, 0.2647, 0.3467, 0.3049, 0.1511, 0.1918] aborto None
[  130s rc 0] vuinv s39210 T100000 (129s) cruzan 0/9 R0 real [0.1548, 0.2743, 0.2, 0.6905, 0.1145, 0.3483, 0.1309, 0.4394, 0.2521] aborto None
[  268s rc 0] o1 s39209 T100000 (267s) cruzan 7/9 R0 real [0.9412, 0.9091, 0.0191, 0.9412, 0.9524, 0.9375, 0.9375, 0.9375, 0.1066] aborto None
[  138s rc 0] vnav s39210 T100000 (137s) cruzan 0/9 R0 real [0.3944, 0.3867, 0.1587, 0.3836, 0.2125, 0.1385, 0.3333, 0.5349, 0.2233] aborto None
[  132s rc 0] vw s39210 T100000 (131s) cruzan 0/9 R0 real [0.6889, 0.176, 0.3385, 0.4921, 0.4286, 0.1631, 0.4839, 0.3611, 0.1364] aborto None
[  184s rc 0] o1 s39210 T100000 (183s) cruzan 7/9 R0 real [0.1782, 0.9444, 0.9286, 0.9444, 0.95, 0.95, 0.95, 0.9444, 0.1029] aborto None
cola terminada
