[22:16:51] V01 v01_serie_s29011-29030 · mundos ('quieto', 'onda8k') · {'T': 24000, 't_cambio': 0, 't_corte': 16000, 'r0_margen': 2000} · LAMBDA_ROB 0.292 · pool 6 · shas {'v01/corre_v01.py': 'b835e4c4a94e6355', 'v01/motor_v01.py': '8a67a259baa5454b', 'v01/construye_v01.py': '58a9004f1bdefee1', 'v01/PREREGISTRO_v01.md': 'a2f402e12624be19', 'exploracion_fable/motor_fable.py': '46750da69ef8cce1', 'exploracion_fable/fable_mundos.py': 'ccb39d6de1cd62d3', 'codigo_def.py': '1096202c8afaa3d1', 'carros/FAMB_GRAM_ECO.py': '2cee0a8510c997b9'}
[22:18:51] [1/200] quieto  CODIGO_SIN_SOS   s29013: 119.2 s · abort None · persiste 1 (vivos 7) · nac solo 66 · R0 final 0.6061 · B_pre 39.67 post/pre 1.229 · fenotipo identico 0.6974 (n 390) · errores/copia 1.0923 · SOS None->0.0 · largo corte 31.9 · lam None
[22:19:01] [2/200] quieto  CODIGO_SIN_SOS   s29011: 129.3 s · abort None · persiste 1 (vivos 11) · nac solo 41 · R0 final 0.2683 · B_pre 47.0 post/pre 1.0532 · fenotipo identico 0.6843 (n 396) · errores/copia 1.1212 · SOS None->0.0 · largo corte 32.08 · lam None
[22:19:03] [3/200] quieto  CODIGO_SIN_SOS   s29012: 131.5 s · abort None · persiste 1 (vivos 15) · nac solo 61 · R0 final 0.5574 · B_pre 46.0 post/pre 1.0571 · fenotipo identico 0.7584 (n 389) · errores/copia 0.7584 · SOS None->0.0 · largo corte 29.96 · lam None
[22:19:05] [4/200] quieto  CODIGO_SIN_SOS   s29014: 133.2 s · abort None · persiste 1 (vivos 10) · nac solo 64 · R0 final 0.4844 · B_pre 38.33 post/pre 1.2098 · fenotipo identico 0.7305 (n 371) · errores/copia 0.9057 · SOS None->0.0 · largo corte 29.8 · lam None
[22:19:07] [5/200] quieto  CODIGO_SIN_SOS   s29016: 134.6 s · abort None · persiste 1 (vivos 12) · nac solo 75 · R0 final 0.5333 · B_pre 41.67 post/pre 1.191 · fenotipo identico 0.665 (n 397) · errores/copia 1.1839 · SOS None->0.0 · largo corte 30.8 · lam None
[22:19:07] [6/200] quieto  CODIGO_SIN_SOS   s29015: 134.9 s · abort None · persiste 1 (vivos 18) · nac solo 103 · R0 final 0.5437 · B_pre 43.33 post/pre 1.3096 · fenotipo identico 0.6278 (n 454) · errores/copia 1.1916 · SOS None->0.0 · largo corte 33.13 · lam None
[22:20:55] [7/200] quieto  CODIGO_SIN_SOS   s29017: 124.3 s · abort None · persiste 1 (vivos 11) · nac solo 52 · R0 final 0.5577 · B_pre 39.0 post/pre 1.1699 · fenotipo identico 0.7068 (n 365) · errores/copia 0.9973 · SOS None->0.0 · largo corte 30.84 · lam None
[22:21:09] [8/200] quieto  CODIGO_SIN_SOS   s29020: 124.1 s · abort None · persiste 1 (vivos 11) · nac solo 64 · R0 final 0.4688 · B_pre 45.33 post/pre 1.1333 · fenotipo identico 0.7664 (n 411) · errores/copia 0.7932 · SOS None->0.0 · largo corte 29.79 · lam None
[22:21:10] [9/200] quieto  CODIGO_SIN_SOS   s29022: 123.1 s · abort None · persiste 1 (vivos 10) · nac solo 59 · R0 final 0.6271 · B_pre 37.33 post/pre 1.2489 · fenotipo identico 0.6542 (n 373) · errores/copia 1.1367 · SOS None->0.0 · largo corte 31.09 · lam None
[22:21:13] [10/200] quieto  CODIGO_SIN_SOS   s29019: 129.8 s · abort None · persiste 1 (vivos 14) · nac solo 58 · R0 final 0.5862 · B_pre 39.33 post/pre 1.2553 · fenotipo identico 0.6861 (n 395) · errores/copia 1.1494 · SOS None->0.0 · largo corte 30.86 · lam None
[22:21:13] [11/200] quieto  CODIGO_SIN_SOS   s29021: 126.7 s · abort None · persiste 1 (vivos 14) · nac solo 97 · R0 final 0.4639 · B_pre 34.67 post/pre 1.4603 · fenotipo identico 0.558 (n 405) · errores/copia 1.6568 · SOS None->0.0 · largo corte 33.2 · lam None
[22:21:14] [12/200] quieto  CODIGO_SIN_SOS   s29018: 133.1 s · abort None · persiste 1 (vivos 11) · nac solo 90 · R0 final 0.5333 · B_pre 42.33 post/pre 1.1486 · fenotipo identico 0.7172 (n 389) · errores/copia 0.8895 · SOS None->0.0 · largo corte 29.82 · lam None
[22:23:00] [13/200] quieto  CODIGO_SIN_SOS   s29023: 124.4 s · abort None · persiste 1 (vivos 10) · nac solo 70 · R0 final 0.5429 · B_pre 39.67 post/pre 1.1565 · fenotipo identico 0.7275 (n 367) · errores/copia 0.9918 · SOS None->0.0 · largo corte 31.61 · lam None
[22:23:14] [14/200] quieto  CODIGO_SIN_SOS   s29024: 125.0 s · abort None · persiste 1 (vivos 11) · nac solo 50 · R0 final 0.42 · B_pre 39.33 post/pre 1.2299 · fenotipo identico 0.6563 (n 387) · errores/copia 1.0078 · SOS None->0.0 · largo corte 30.33 · lam None
[22:23:16] [15/200] quieto  CODIGO_SIN_SOS   s29025: 126.4 s · abort None · persiste 1 (vivos 16) · nac solo 62 · R0 final 0.5806 · B_pre 40.33 post/pre 1.1498 · fenotipo identico 0.7305 (n 371) · errores/copia 1.0162 · SOS None->0.0 · largo corte 31.57 · lam None
[22:23:20] [16/200] quieto  CODIGO_SIN_SOS   s29028: 126.0 s · abort None · persiste 1 (vivos 8) · nac solo 72 · R0 final 0.5833 · B_pre 37.67 post/pre 1.1781 · fenotipo identico 0.6648 (n 355) · errores/copia 1.1831 · SOS None->0.0 · largo corte 31.53 · lam None
[22:23:21] [17/200] quieto  CODIGO_SIN_SOS   s29026: 127.6 s · abort None · persiste 1 (vivos 11) · nac solo 97 · R0 final 1.0309 · B_pre 36.33 post/pre 1.3142 · fenotipo identico 0.6335 (n 382) · errores/copia 1.178 · SOS None->0.0 · largo corte 32.22 · lam None
[22:23:24] [18/200] quieto  CODIGO_SIN_SOS   s29027: 130.8 s · abort None · persiste 1 (vivos 8) · nac solo 66 · R0 final 0.5 · B_pre 40.0 post/pre 1.1313 · fenotipo identico 0.7956 (n 362) · errores/copia 0.5552 · SOS None->0.0 · largo corte 29.98 · lam None
[22:24:29] [19/200] onda8k  CODIGO_SIN_SOS   s29011: 72.2 s · abort None · persiste 0 (vivos 0) · nac solo 36 · R0 final 0.2778 · B_pre 23.0 post/pre 1.2663 · fenotipo identico 0.5794 (n 233) · errores/copia 1.1502 · SOS None->0.0 · largo corte 31.08 · lam None
[22:24:31] [20/200] onda8k  CODIGO_SIN_SOS   s29014: 66.5 s · abort None · persiste 0 (vivos 0) · nac solo 29 · R0 final 0.2069 · B_pre 21.0 post/pre 1.1369 · fenotipo identico 0.6754 (n 191) · errores/copia 0.9895 · SOS None->0.0 · largo corte 30.25 · lam None
[22:24:31] [21/200] onda8k  CODIGO_SIN_SOS   s29013: 70.1 s · abort None · persiste 1 (vivos 5) · nac solo 39 · R0 final 0.4872 · B_pre 24.0 post/pre 1.1146 · fenotipo identico 0.6869 (n 214) · errores/copia 1.0935 · SOS None->0.0 · largo corte 30.25 · lam None
[22:24:33] [22/200] onda8k  CODIGO_SIN_SOS   s29012: 73.1 s · abort None · persiste 0 (vivos 0) · nac solo 29 · R0 final 0.2414 · B_pre 20.67 post/pre 1.4274 · fenotipo identico 0.7119 (n 236) · errores/copia 1.0466 · SOS None->0.0 · largo corte 30.21 · lam None
[22:25:02] [23/200] quieto  CODIGO_SIN_SOS   s29029: 122.1 s · abort None · persiste 1 (vivos 16) · nac solo 64 · R0 final 0.4219 · B_pre 33.67 post/pre 1.4889 · fenotipo identico 0.6633 (n 401) · errores/copia 1.1197 · SOS None->0.0 · largo corte 30.21 · lam None
[22:25:22] [24/200] quieto  CODIGO_SIN_SOS   s29030: 127.7 s · abort None · persiste 1 (vivos 12) · nac solo 63 · R0 final 0.4444 · B_pre 38.33 post/pre 1.1576 · fenotipo identico 0.6535 (n 355) · errores/copia 1.1493 · SOS None->0.0 · largo corte 31.11 · lam None
[22:25:43] [25/200] onda8k  CODIGO_SIN_SOS   s29017: 72.2 s · abort None · persiste 0 (vivos 0) · nac solo 32 · R0 final 0.3125 · B_pre 23.0 post/pre 1.212 · fenotipo identico 0.6996 (n 223) · errores/copia 1.1659 · SOS None->0.0 · largo corte 29.91 · lam None
[22:25:47] [26/200] onda8k  CODIGO_SIN_SOS   s29018: 73.1 s · abort None · persiste 0 (vivos 0) · nac solo 40 · R0 final 0.375 · B_pre 20.67 post/pre 1.2944 · fenotipo identico 0.6449 (n 214) · errores/copia 1.3224 · SOS None->0.0 · largo corte 30.65 · lam None
[22:25:51] [27/200] onda8k  CODIGO_SIN_SOS   s29015: 82.4 s · abort None · persiste 1 (vivos 7) · nac solo 131 · R0 final 0.6718 · B_pre 24.0 post/pre 1.4271 · fenotipo identico 0.6496 (n 274) · errores/copia 1.135 · SOS None->0.0 · largo corte 30.98 · lam None
[22:26:05] [28/200] onda8k  CODIGO_SIN_SOS   s29016: 94.7 s · abort None · persiste 0 (vivos 0) · nac solo 179 · R0 final 0.4078 · B_pre 35.0 post/pre 3.9571 · fenotipo identico 0.9413 (n 1108) · errores/copia 0.1778 · SOS None->0.0 · largo corte 31.05 · lam None
[22:26:16] [29/200] onda8k  CODIGO_SIN_SOS   s29019: 74.0 s · abort None · persiste 0 (vivos 0) · nac solo 41 · R0 final 0.4878 · B_pre 21.33 post/pre 1.2363 · fenotipo identico 0.7393 (n 211) · errores/copia 0.8246 · SOS None->0.0 · largo corte 30.61 · lam None
[22:26:38] [30/200] onda8k  CODIGO_SIN_SOS   s29020: 75.9 s · abort None · persiste 1 (vivos 2) · nac solo 39 · R0 final 0.359 · B_pre 24.67 post/pre 1.0997 · fenotipo identico 0.6544 (n 217) · errores/copia 1.1982 · SOS None->0.0 · largo corte 30.59 · lam None
[22:27:00] [31/200] onda8k  CODIGO_SIN_SOS   s29021: 76.8 s · abort None · persiste 0 (vivos 0) · nac solo 60 · R0 final 0.4667 · B_pre 23.33 post/pre 1.1786 · fenotipo identico 0.6773 (n 220) · errores/copia 1.0818 · SOS None->0.0 · largo corte 31.5 · lam None
[22:27:04] [32/200] onda8k  CODIGO_SIN_SOS   s29023: 73.2 s · abort None · persiste 1 (vivos 6) · nac solo 31 · R0 final 0.4839 · B_pre 25.67 post/pre 1.0958 · fenotipo identico 0.7156 (n 225) · errores/copia 1.1156 · SOS None->0.0 · largo corte 30.32 · lam None
[22:27:07] [33/200] onda8k  CODIGO_SIN_SOS   s29022: 80.3 s · abort None · persiste 0 (vivos 0) · nac solo 105 · R0 final 0.581 · B_pre 25.67 post/pre 1.1932 · fenotipo identico 0.6816 (n 245) · errores/copia 1.1796 · SOS None->0.0 · largo corte 30.81 · lam None
[22:27:21] [34/200] onda8k  CODIGO_SIN_SOS   s29024: 75.7 s · abort None · persiste 1 (vivos 1) · nac solo 42 · R0 final 0.2619 · B_pre 18.0 post/pre 1.4097 · fenotipo identico 0.67 (n 203) · errores/copia 1.0739 · SOS None->0.0 · largo corte 30.41 · lam None
[22:27:28] [35/200] onda8k  CODIGO_SIN_SOS   s29025: 72.4 s · abort None · persiste 1 (vivos 2) · nac solo 37 · R0 final 0.4324 · B_pre 23.0 post/pre 1.1359 · fenotipo identico 0.7273 (n 209) · errores/copia 0.9761 · SOS None->0.0 · largo corte 30.43 · lam None
[22:27:50] [36/200] onda8k  CODIGO_SIN_SOS   s29026: 71.8 s · abort None · persiste 0 (vivos 0) · nac solo 34 · R0 final 0.2941 · B_pre 19.0 post/pre 1.3289 · fenotipo identico 0.6337 (n 202) · errores/copia 1.0347 · SOS None->0.0 · largo corte 30.26 · lam None
[22:28:10] [37/200] onda8k  CODIGO_SIN_SOS   s29027: 69.9 s · abort None · persiste 0 (vivos 0) · nac solo 25 · R0 final 0.24 · B_pre 18.33 post/pre 1.4795 · fenotipo identico 0.6498 (n 217) · errores/copia 1.1429 · SOS None->0.0 · largo corte 30.2 · lam None
[22:28:20] [38/200] onda8k  CODIGO_SIN_SOS   s29029: 72.7 s · abort None · persiste 0 (vivos 0) · nac solo 43 · R0 final 0.2558 · B_pre 23.67 post/pre 1.3151 · fenotipo identico 0.6466 (n 249) · errores/copia 1.0763 · SOS None->0.0 · largo corte 30.39 · lam None
[22:28:20] [39/200] onda8k  CODIGO_SIN_SOS   s29028: 76.0 s · abort None · persiste 1 (vivos 12) · nac solo 72 · R0 final 0.6528 · B_pre 19.33 post/pre 1.4935 · fenotipo identico 0.645 (n 231) · errores/copia 1.1385 · SOS None->0.0 · largo corte 31.05 · lam None
[22:28:36] [40/200] onda8k  CODIGO_SIN_SOS   s29030: 74.3 s · abort None · persiste 1 (vivos 8) · nac solo 49 · R0 final 0.4286 · B_pre 23.67 post/pre 1.3363 · fenotipo identico 0.7115 (n 253) · errores/copia 1.0949 · SOS None->0.0 · largo corte 30.4 · lam None
[22:29:25] [41/200] quieto  PERILLAS         s29011: 116.7 s · abort None · persiste 1 (vivos 10) · nac solo 55 · R0 final 0.6 · B_pre 41.0 post/pre 1.2439 · fenotipo identico 0.299 (n 408) · errores/copia None · SOS None->None · largo corte None · lam None
[22:29:47] [42/200] quieto  PERILLAS         s29012: 116.8 s · abort None · persiste 1 (vivos 12) · nac solo 60 · R0 final 0.55 · B_pre 38.0 post/pre 1.1447 · fenotipo identico 0.319 (n 348) · errores/copia None · SOS None->None · largo corte None · lam None
[22:30:02] [43/200] quieto  PERILLAS         s29015: 102.2 s · abort None · persiste 1 (vivos 7) · nac solo 63 · R0 final 0.746 · B_pre 30.0 post/pre 1.2958 · fenotipo identico 0.3215 (n 311) · errores/copia None · SOS None->None · largo corte None · lam None
[22:30:03] [44/200] quieto  PERILLAS         s29013: 112.9 s · abort None · persiste 1 (vivos 11) · nac solo 73 · R0 final 0.589 · B_pre 38.33 post/pre 1.2554 · fenotipo identico 0.3351 (n 385) · errores/copia None · SOS None->None · largo corte None · lam None
[22:30:21] [45/200] quieto  PERILLAS         s29014: 121.7 s · abort None · persiste 1 (vivos 12) · nac solo 80 · R0 final 0.3875 · B_pre 41.67 post/pre 1.371 · fenotipo identico 0.2932 (n 457) · errores/copia None · SOS None->None · largo corte None · lam None
[22:30:29] [46/200] quieto  PERILLAS         s29016: 113.7 s · abort None · persiste 1 (vivos 12) · nac solo 68 · R0 final 0.4118 · B_pre 31.33 post/pre 1.2726 · fenotipo identico 0.3135 (n 319) · errores/copia None · SOS None->None · largo corte None · lam None
[22:31:11] [47/200] quieto  PERILLAS         s29017: 105.9 s · abort None · persiste 1 (vivos 12) · nac solo 52 · R0 final 0.5769 · B_pre 37.67 post/pre 1.1615 · fenotipo identico 0.3086 (n 350) · errores/copia None · SOS None->None · largo corte None · lam None
[22:31:32] [48/200] quieto  PERILLAS         s29018: 105.5 s · abort None · persiste 1 (vivos 9) · nac solo 60 · R0 final 0.3833 · B_pre 35.67 post/pre 1.3458 · fenotipo identico 0.2969 (n 384) · errores/copia None · SOS None->None · largo corte None · lam None
[22:31:52] [49/200] quieto  PERILLAS         s29019: 109.6 s · abort None · persiste 1 (vivos 5) · nac solo 60 · R0 final 0.5833 · B_pre 39.67 post/pre 1.1786 · fenotipo identico 0.3369 (n 374) · errores/copia None · SOS None->None · largo corte None · lam None
[22:31:56] [50/200] quieto  PERILLAS         s29020: 113.6 s · abort None · persiste 1 (vivos 12) · nac solo 72 · R0 final 0.4861 · B_pre 42.33 post/pre 1.1073 · fenotipo identico 0.3547 (n 375) · errores/copia None · SOS None->None · largo corte None · lam None
[22:32:03] [51/200] quieto  PERILLAS         s29021: 101.4 s · abort None · persiste 1 (vivos 8) · nac solo 45 · R0 final 0.6 · B_pre 37.33 post/pre 1.0848 · fenotipo identico 0.2994 (n 324) · errores/copia None · SOS None->None · largo corte None · lam None
[22:32:12] [52/200] quieto  PERILLAS         s29022: 102.4 s · abort None · persiste 1 (vivos 10) · nac solo 58 · R0 final 0.569 · B_pre 37.33 post/pre 1.1719 · fenotipo identico 0.2571 (n 350) · errores/copia None · SOS None->None · largo corte None · lam None
[22:32:59] [53/200] quieto  PERILLAS         s29023: 108.4 s · abort None · persiste 1 (vivos 11) · nac solo 65 · R0 final 0.4462 · B_pre 41.33 post/pre 1.1159 · fenotipo identico 0.3252 (n 369) · errores/copia None · SOS None->None · largo corte None · lam None
[22:33:23] [54/200] quieto  PERILLAS         s29024: 110.7 s · abort None · persiste 1 (vivos 11) · nac solo 47 · R0 final 0.3617 · B_pre 36.33 post/pre 1.2179 · fenotipo identico 0.3079 (n 354) · errores/copia None · SOS None->None · largo corte None · lam None
[22:33:39] [55/200] quieto  PERILLAS         s29027: 96.6 s · abort None · persiste 1 (vivos 11) · nac solo 61 · R0 final 0.5738 · B_pre 36.67 post/pre 1.2545 · fenotipo identico 0.2799 (n 368) · errores/copia None · SOS None->None · largo corte None · lam None
[22:33:41] [56/200] quieto  PERILLAS         s29026: 104.6 s · abort None · persiste 1 (vivos 8) · nac solo 53 · R0 final 0.4906 · B_pre 36.67 post/pre 1.2205 · fenotipo identico 0.3128 (n 358) · errores/copia None · SOS None->None · largo corte None · lam None
[22:33:42] [57/200] quieto  PERILLAS         s29025: 109.5 s · abort None · persiste 1 (vivos 14) · nac solo 55 · R0 final 0.6 · B_pre 37.33 post/pre 1.1853 · fenotipo identico 0.274 (n 354) · errores/copia None · SOS None->None · largo corte None · lam None
[22:33:58] [58/200] quieto  PERILLAS         s29028: 105.9 s · abort None · persiste 1 (vivos 13) · nac solo 66 · R0 final 0.5606 · B_pre 38.33 post/pre 1.2196 · fenotipo identico 0.3021 (n 374) · errores/copia None · SOS None->None · largo corte None · lam None
[22:34:42] [59/200] onda8k  PERILLAS         s29011: 63.0 s · abort None · persiste 1 (vivos 1) · nac solo 39 · R0 final 0.2564 · B_pre 22.33 post/pre 1.2425 · fenotipo identico 0.3243 (n 222) · errores/copia None · SOS None->None · largo corte None · lam None
[22:34:44] [60/200] onda8k  PERILLAS         s29012: 63.1 s · abort None · persiste 1 (vivos 1) · nac solo 35 · R0 final 0.2 · B_pre 20.0 post/pre 1.2563 · fenotipo identico 0.3781 (n 201) · errores/copia None · SOS None->None · largo corte None · lam None
[22:34:44] [61/200] onda8k  PERILLAS         s29013: 62.9 s · abort None · persiste 0 (vivos 0) · nac solo 30 · R0 final 0.3333 · B_pre 22.33 post/pre 1.2425 · fenotipo identico 0.3198 (n 222) · errores/copia None · SOS None->None · largo corte None · lam None
[22:34:46] [62/200] quieto  PERILLAS         s29029: 107.0 s · abort None · persiste 1 (vivos 13) · nac solo 54 · R0 final 0.5185 · B_pre 33.33 post/pre 1.245 · fenotipo identico 0.3434 (n 332) · errores/copia None · SOS None->None · largo corte None · lam None
[22:34:59] [63/200] onda8k  PERILLAS         s29014: 61.6 s · abort None · persiste 0 (vivos 0) · nac solo 27 · R0 final 0.2593 · B_pre 19.0 post/pre 1.3618 · fenotipo identico 0.2947 (n 207) · errores/copia None · SOS None->None · largo corte None · lam None
[22:35:13] [64/200] quieto  PERILLAS         s29030: 110.3 s · abort None · persiste 1 (vivos 10) · nac solo 55 · R0 final 0.4545 · B_pre 37.0 post/pre 1.152 · fenotipo identico 0.3138 (n 341) · errores/copia None · SOS None->None · largo corte None · lam None
[22:35:42] [65/200] onda8k  PERILLAS         s29015: 59.7 s · abort None · persiste 0 (vivos 0) · nac solo 23 · R0 final 0.2174 · B_pre 23.33 post/pre 1.125 · fenotipo identico 0.3048 (n 210) · errores/copia None · SOS None->None · largo corte None · lam None
[22:35:45] [66/200] onda8k  PERILLAS         s29017: 61.0 s · abort None · persiste 0 (vivos 0) · nac solo 21 · R0 final 0.0476 · B_pre 21.33 post/pre 1.207 · fenotipo identico 0.2961 (n 206) · errores/copia None · SOS None->None · largo corte None · lam None
[22:35:46] [67/200] onda8k  PERILLAS         s29018: 59.7 s · abort None · persiste 0 (vivos 0) · nac solo 24 · R0 final 0.25 · B_pre 23.0 post/pre 1.1685 · fenotipo identico 0.2884 (n 215) · errores/copia None · SOS None->None · largo corte None · lam None
[22:35:49] [68/200] onda8k  PERILLAS         s29016: 64.8 s · abort None · persiste 1 (vivos 1) · nac solo 32 · R0 final 0.1875 · B_pre 22.67 post/pre 1.1801 · fenotipo identico 0.2944 (n 214) · errores/copia None · SOS None->None · largo corte None · lam None
[22:35:59] [69/200] onda8k  PERILLAS         s29019: 60.2 s · abort None · persiste 0 (vivos 0) · nac solo 32 · R0 final 0.2188 · B_pre 21.67 post/pre 1.1135 · fenotipo identico 0.285 (n 193) · errores/copia None · SOS None->None · largo corte None · lam None
[22:36:19] [70/200] onda8k  PERILLAS         s29020: 66.3 s · abort None · persiste 1 (vivos 2) · nac solo 31 · R0 final 0.4839 · B_pre 22.33 post/pre 1.1362 · fenotipo identico 0.3103 (n 203) · errores/copia None · SOS None->None · largo corte None · lam None
[22:36:48] [71/200] onda8k  PERILLAS         s29021: 65.6 s · abort None · persiste 0 (vivos 0) · nac solo 42 · R0 final 0.4286 · B_pre 20.0 post/pre 1.3125 · fenotipo identico 0.3143 (n 210) · errores/copia None · SOS None->None · largo corte None · lam None
[22:36:48] [72/200] onda8k  PERILLAS         s29023: 61.6 s · abort None · persiste 0 (vivos 0) · nac solo 37 · R0 final 0.2703 · B_pre 20.0 post/pre 1.1438 · fenotipo identico 0.3224 (n 183) · errores/copia None · SOS None->None · largo corte None · lam None
[22:36:49] [73/200] onda8k  PERILLAS         s29024: 59.8 s · abort None · persiste 0 (vivos 0) · nac solo 18 · R0 final 0.0556 · B_pre 19.67 post/pre 1.2203 · fenotipo identico 0.2552 (n 192) · errores/copia None · SOS None->None · largo corte None · lam None
[22:36:50] [74/200] onda8k  PERILLAS         s29022: 64.7 s · abort None · persiste 1 (vivos 2) · nac solo 28 · R0 final 0.3929 · B_pre 21.33 post/pre 1.2246 · fenotipo identico 0.3493 (n 209) · errores/copia None · SOS None->None · largo corte None · lam None
[22:37:01] [75/200] onda8k  PERILLAS         s29025: 61.8 s · abort None · persiste 1 (vivos 2) · nac solo 33 · R0 final 0.303 · B_pre 19.67 post/pre 1.2585 · fenotipo identico 0.2879 (n 198) · errores/copia None · SOS None->None · largo corte None · lam None
[22:37:23] [76/200] onda8k  PERILLAS         s29026: 63.4 s · abort None · persiste 0 (vivos 0) · nac solo 26 · R0 final 0.4615 · B_pre 23.0 post/pre 1.1957 · fenotipo identico 0.3273 (n 220) · errores/copia None · SOS None->None · largo corte None · lam None
[22:37:51] [77/200] onda8k  PERILLAS         s29030: 60.6 s · abort None · persiste 0 (vivos 0) · nac solo 19 · R0 final 0.2105 · B_pre 18.67 post/pre 1.3728 · fenotipo identico 0.3268 (n 205) · errores/copia None · SOS None->None · largo corte None · lam None
[22:37:51] [78/200] onda8k  PERILLAS         s29028: 63.6 s · abort None · persiste 1 (vivos 4) · nac solo 32 · R0 final 0.5 · B_pre 19.33 post/pre 1.306 · fenotipo identico 0.396 (n 202) · errores/copia None · SOS None->None · largo corte None · lam None
[22:37:54] [79/200] onda8k  PERILLAS         s29029: 65.1 s · abort None · persiste 0 (vivos 0) · nac solo 29 · R0 final 0.2414 · B_pre 25.0 post/pre 1.165 · fenotipo identico 0.3348 (n 233) · errores/copia None · SOS None->None · largo corte None · lam None
[22:37:54] [80/200] onda8k  PERILLAS         s29027: 66.4 s · abort None · persiste 1 (vivos 4) · nac solo 39 · R0 final 0.3846 · B_pre 21.67 post/pre 1.3269 · fenotipo identico 0.2435 (n 230) · errores/copia None · SOS None->None · largo corte None · lam None
[22:38:43] [81/200] quieto  PERILLAS_ROBUSTA s29011: 101.7 s · abort None · persiste 1 (vivos 6) · nac solo 56 · R0 final 0.4286 · B_pre 42.67 post/pre 1.0518 · fenotipo identico 0.7409 (n 359) · errores/copia None · SOS None->None · largo corte None · lam 0.292
[22:39:20] [82/200] quieto  PERILLAS_ROBUSTA s29012: 117.5 s · abort None · persiste 1 (vivos 8) · nac solo 65 · R0 final 0.4923 · B_pre 44.0 post/pre 1.1392 · fenotipo identico 0.7506 (n 401) · errores/copia None · SOS None->None · largo corte None · lam 0.292
[22:39:35] [83/200] quieto  PERILLAS_ROBUSTA s29013: 104.5 s · abort None · persiste 1 (vivos 11) · nac solo 50 · R0 final 0.62 · B_pre 36.67 post/pre 1.1455 · fenotipo identico 0.7262 (n 336) · errores/copia None · SOS None->None · largo corte None · lam 0.292
[22:39:37] [84/200] quieto  PERILLAS_ROBUSTA s29016: 103.1 s · abort None · persiste 1 (vivos 8) · nac solo 66 · R0 final 0.303 · B_pre 37.67 post/pre 1.1648 · fenotipo identico 0.6866 (n 351) · errores/copia None · SOS None->None · largo corte None · lam 0.292
[22:39:46] [85/200] quieto  PERILLAS_ROBUSTA s29015: 111.7 s · abort None · persiste 1 (vivos 12) · nac solo 59 · R0 final 0.4068 · B_pre 36.67 post/pre 1.1693 · fenotipo identico 0.7493 (n 343) · errores/copia None · SOS None->None · largo corte None · lam 0.292
[22:39:46] [86/200] quieto  PERILLAS_ROBUSTA s29014: 114.4 s · abort None · persiste 1 (vivos 12) · nac solo 65 · R0 final 0.5231 · B_pre 37.33 post/pre 1.1652 · fenotipo identico 0.7299 (n 348) · errores/copia None · SOS None->None · largo corte None · lam 0.292
[22:40:29] [87/200] quieto  PERILLAS_ROBUSTA s29017: 106.3 s · abort None · persiste 1 (vivos 13) · nac solo 59 · R0 final 0.6441 · B_pre 39.33 post/pre 1.0583 · fenotipo identico 0.7568 (n 333) · errores/copia None · SOS None->None · largo corte None · lam 0.292
[22:41:11] [88/200] quieto  PERILLAS_ROBUSTA s29018: 111.0 s · abort None · persiste 1 (vivos 9) · nac solo 65 · R0 final 0.5846 · B_pre 37.67 post/pre 1.1914 · fenotipo identico 0.6825 (n 359) · errores/copia None · SOS None->None · largo corte None · lam 0.292
[22:41:19] [89/200] quieto  PERILLAS_ROBUSTA s29020: 102.3 s · abort None · persiste 1 (vivos 9) · nac solo 63 · R0 final 0.5238 · B_pre 34.67 post/pre 1.2296 · fenotipo identico 0.7419 (n 341) · errores/copia None · SOS None->None · largo corte None · lam 0.292
[22:41:27] [90/200] quieto  PERILLAS_ROBUSTA s29019: 111.3 s · abort None · persiste 1 (vivos 16) · nac solo 60 · R0 final 0.55 · B_pre 38.33 post/pre 1.2065 · fenotipo identico 0.6946 (n 370) · errores/copia None · SOS None->None · largo corte None · lam 0.292
[22:41:30] [91/200] quieto  PERILLAS_ROBUSTA s29021: 104.2 s · abort None · persiste 1 (vivos 10) · nac solo 49 · R0 final 0.5714 · B_pre 38.67 post/pre 1.1606 · fenotipo identico 0.7159 (n 359) · errores/copia None · SOS None->None · largo corte None · lam 0.292
[22:41:33] [92/200] quieto  PERILLAS_ROBUSTA s29022: 107.0 s · abort None · persiste 1 (vivos 13) · nac solo 57 · R0 final 0.4912 · B_pre 40.33 post/pre 1.1002 · fenotipo identico 0.7014 (n 355) · errores/copia None · SOS None->None · largo corte None · lam 0.292
[22:42:13] [93/200] quieto  PERILLAS_ROBUSTA s29023: 103.4 s · abort None · persiste 1 (vivos 8) · nac solo 50 · R0 final 0.56 · B_pre 36.33 post/pre 1.211 · fenotipo identico 0.7358 (n 352) · errores/copia None · SOS None->None · largo corte None · lam 0.292
[22:43:03] [94/200] quieto  PERILLAS_ROBUSTA s29025: 103.7 s · abort None · persiste 1 (vivos 6) · nac solo 55 · R0 final 0.4909 · B_pre 37.67 post/pre 1.2013 · fenotipo identico 0.6989 (n 362) · errores/copia None · SOS None->None · largo corte None · lam 0.292
[22:43:04] [95/200] quieto  PERILLAS_ROBUSTA s29024: 112.1 s · abort None · persiste 1 (vivos 9) · nac solo 74 · R0 final 0.6081 · B_pre 43.67 post/pre 1.062 · fenotipo identico 0.7008 (n 371) · errores/copia None · SOS None->None · largo corte None · lam 0.292
[22:43:12] [96/200] quieto  PERILLAS_ROBUSTA s29027: 102.4 s · abort None · persiste 1 (vivos 8) · nac solo 52 · R0 final 0.4808 · B_pre 33.33 post/pre 1.3837 · fenotipo identico 0.6829 (n 369) · errores/copia None · SOS None->None · largo corte None · lam 0.292
[22:43:14] [97/200] quieto  PERILLAS_ROBUSTA s29026: 107.4 s · abort None · persiste 1 (vivos 5) · nac solo 71 · R0 final 0.4789 · B_pre 35.67 post/pre 1.2757 · fenotipo identico 0.75 (n 364) · errores/copia None · SOS None->None · largo corte None · lam 0.292
[22:43:24] [98/200] quieto  PERILLAS_ROBUSTA s29028: 110.7 s · abort None · persiste 1 (vivos 15) · nac solo 61 · R0 final 0.5246 · B_pre 36.0 post/pre 1.2188 · fenotipo identico 0.7379 (n 351) · errores/copia None · SOS None->None · largo corte None · lam 0.292
[22:43:55] [99/200] quieto  PERILLAS_ROBUSTA s29029: 102.4 s · abort None · persiste 1 (vivos 16) · nac solo 55 · R0 final 0.7273 · B_pre 39.67 post/pre 1.125 · fenotipo identico 0.7451 (n 357) · errores/copia None · SOS None->None · largo corte None · lam 0.292
[22:44:06] [100/200] onda8k  PERILLAS_ROBUSTA s29011: 62.8 s · abort None · persiste 1 (vivos 4) · nac solo 42 · R0 final 0.4048 · B_pre 20.0 post/pre 1.35 · fenotipo identico 0.7037 (n 216) · errores/copia None · SOS None->None · largo corte None · lam 0.292
[22:44:13] [101/200] onda8k  PERILLAS_ROBUSTA s29012: 60.3 s · abort None · persiste 1 (vivos 1) · nac solo 36 · R0 final 0.1944 · B_pre 20.67 post/pre 1.1855 · fenotipo identico 0.75 (n 196) · errores/copia None · SOS None->None · largo corte None · lam 0.292
[22:44:14] [102/200] onda8k  PERILLAS_ROBUSTA s29013: 59.5 s · abort None · persiste 1 (vivos 2) · nac solo 28 · R0 final 0.3214 · B_pre 18.0 post/pre 1.3889 · fenotipo identico 0.705 (n 200) · errores/copia None · SOS None->None · largo corte None · lam 0.292
[22:44:20] [103/200] onda8k  PERILLAS_ROBUSTA s29014: 56.6 s · abort None · persiste 0 (vivos 0) · nac solo 32 · R0 final 0.3125 · B_pre 22.33 post/pre 1.1362 · fenotipo identico 0.7143 (n 203) · errores/copia None · SOS None->None · largo corte None · lam 0.292
[22:44:43] [104/200] quieto  PERILLAS_ROBUSTA s29030: 99.9 s · abort None · persiste 1 (vivos 12) · nac solo 70 · R0 final 0.6286 · B_pre 39.67 post/pre 1.1534 · fenotipo identico 0.6858 (n 366) · errores/copia None · SOS None->None · largo corte None · lam 0.292
[22:44:51] [105/200] onda8k  PERILLAS_ROBUSTA s29015: 55.7 s · abort None · persiste 0 (vivos 0) · nac solo 30 · R0 final 0.2667 · B_pre 21.33 post/pre 1.2539 · fenotipo identico 0.7617 (n 214) · errores/copia None · SOS None->None · largo corte None · lam 0.292
[22:45:04] [106/200] onda8k  PERILLAS_ROBUSTA s29016: 57.3 s · abort None · persiste 0 (vivos 0) · nac solo 37 · R0 final 0.2973 · B_pre 19.67 post/pre 1.2585 · fenotipo identico 0.7475 (n 198) · errores/copia None · SOS None->None · largo corte None · lam 0.292
[22:45:12] [107/200] onda8k  PERILLAS_ROBUSTA s29017: 59.7 s · abort None · persiste 1 (vivos 10) · nac solo 33 · R0 final 0.4545 · B_pre 20.33 post/pre 1.291 · fenotipo identico 0.7143 (n 210) · errores/copia None · SOS None->None · largo corte None · lam 0.292
[22:45:15] [108/200] onda8k  PERILLAS_ROBUSTA s29018: 61.1 s · abort None · persiste 1 (vivos 2) · nac solo 42 · R0 final 0.4762 · B_pre 20.67 post/pre 1.2399 · fenotipo identico 0.6976 (n 205) · errores/copia None · SOS None->None · largo corte None · lam 0.292
[22:45:17] [109/200] onda8k  PERILLAS_ROBUSTA s29019: 56.4 s · abort None · persiste 0 (vivos 0) · nac solo 32 · R0 final 0.4062 · B_pre 23.0 post/pre 1.1902 · fenotipo identico 0.7306 (n 219) · errores/copia None · SOS None->None · largo corte None · lam 0.292
[22:45:43] [110/200] onda8k  PERILLAS_ROBUSTA s29020: 60.1 s · abort None · persiste 0 (vivos 0) · nac solo 31 · R0 final 0.2581 · B_pre 22.67 post/pre 1.2298 · fenotipo identico 0.722 (n 223) · errores/copia None · SOS None->None · largo corte None · lam 0.292
[22:45:48] [111/200] onda8k  PERILLAS_ROBUSTA s29021: 57.3 s · abort None · persiste 1 (vivos 2) · nac solo 36 · R0 final 0.3333 · B_pre 16.0 post/pre 1.4375 · fenotipo identico 0.6739 (n 184) · errores/copia None · SOS None->None · largo corte None · lam 0.292
[22:46:01] [112/200] onda8k  PERILLAS_ROBUSTA s29022: 57.3 s · abort None · persiste 0 (vivos 0) · nac solo 30 · R0 final 0.3667 · B_pre 19.0 post/pre 1.4539 · fenotipo identico 0.7149 (n 221) · errores/copia None · SOS None->None · largo corte None · lam 0.292
[22:46:07] [113/200] onda8k  PERILLAS_ROBUSTA s29023: 55.2 s · abort None · persiste 0 (vivos 0) · nac solo 26 · R0 final 0.1154 · B_pre 23.0 post/pre 1.0707 · fenotipo identico 0.7208 (n 197) · errores/copia None · SOS None->None · largo corte None · lam 0.292
[22:46:13] [114/200] onda8k  PERILLAS_ROBUSTA s29024: 57.9 s · abort None · persiste 0 (vivos 0) · nac solo 31 · R0 final 0.2903 · B_pre 23.67 post/pre 1.1092 · fenotipo identico 0.7 (n 210) · errores/copia None · SOS None->None · largo corte None · lam 0.292
[22:46:17] [115/200] onda8k  PERILLAS_ROBUSTA s29025: 60.3 s · abort None · persiste 1 (vivos 6) · nac solo 40 · R0 final 0.375 · B_pre 18.0 post/pre 1.4097 · fenotipo identico 0.7882 (n 203) · errores/copia None · SOS None->None · largo corte None · lam 0.292
[22:46:42] [116/200] onda8k  PERILLAS_ROBUSTA s29026: 59.3 s · abort None · persiste 0 (vivos 0) · nac solo 28 · R0 final 0.1429 · B_pre 23.33 post/pre 1.125 · fenotipo identico 0.7048 (n 210) · errores/copia None · SOS None->None · largo corte None · lam 0.292
[22:46:45] [117/200] onda8k  PERILLAS_ROBUSTA s29027: 56.5 s · abort None · persiste 0 (vivos 0) · nac solo 33 · R0 final 0.2727 · B_pre 21.33 post/pre 1.1309 · fenotipo identico 0.7098 (n 193) · errores/copia None · SOS None->None · largo corte None · lam 0.292
[22:47:01] [118/200] onda8k  PERILLAS_ROBUSTA s29028: 60.4 s · abort None · persiste 1 (vivos 2) · nac solo 48 · R0 final 0.4375 · B_pre 22.67 post/pre 1.0864 · fenotipo identico 0.7259 (n 197) · errores/copia None · SOS None->None · largo corte None · lam 0.292
[22:47:05] [119/200] onda8k  PERILLAS_ROBUSTA s29029: 57.7 s · abort None · persiste 1 (vivos 3) · nac solo 39 · R0 final 0.4359 · B_pre 21.33 post/pre 1.248 · fenotipo identico 0.7371 (n 213) · errores/copia None · SOS None->None · largo corte None · lam 0.292
[22:47:10] [120/200] onda8k  PERILLAS_ROBUSTA s29030: 57.9 s · abort None · persiste 0 (vivos 0) · nac solo 34 · R0 final 0.2941 · B_pre 20.0 post/pre 1.3438 · fenotipo identico 0.6698 (n 215) · errores/copia None · SOS None->None · largo corte None · lam 0.292
[22:47:50] [121/200] quieto  MUT0             s29011: 93.1 s · abort None · persiste 1 (vivos 14) · nac solo 62 · R0 final 0.5484 · B_pre 37.67 post/pre 1.1681 · fenotipo identico 1.0 (n 352) · errores/copia 0.0 · SOS None->0.0 · largo corte 30.0 · lam None
[22:48:22] [122/200] quieto  MUT0             s29012: 99.4 s · abort None · persiste 1 (vivos 18) · nac solo 60 · R0 final 0.6167 · B_pre 36.67 post/pre 1.2545 · fenotipo identico 1.0 (n 368) · errores/copia 0.0 · SOS None->0.0 · largo corte 30.0 · lam None
[22:48:23] [123/200] quieto  MUT0             s29013: 98.0 s · abort None · persiste 1 (vivos 13) · nac solo 62 · R0 final 0.3226 · B_pre 39.33 post/pre 1.1568 · fenotipo identico 1.0 (n 364) · errores/copia 0.0 · SOS None->0.0 · largo corte 30.0 · lam None
[22:48:42] [124/200] quieto  MUT0             s29014: 100.2 s · abort None · persiste 1 (vivos 10) · nac solo 57 · R0 final 0.4386 · B_pre 40.67 post/pre 1.1404 · fenotipo identico 1.0 (n 371) · errores/copia 0.0 · SOS None->0.0 · largo corte 30.0 · lam None
[22:48:47] [125/200] quieto  MUT0             s29016: 96.6 s · abort None · persiste 1 (vivos 10) · nac solo 50 · R0 final 0.46 · B_pre 39.33 post/pre 1.16 · fenotipo identico 1.0 (n 365) · errores/copia 0.0 · SOS None->0.0 · largo corte 30.0 · lam None
[22:48:53] [126/200] quieto  MUT0             s29015: 107.4 s · abort None · persiste 1 (vivos 13) · nac solo 57 · R0 final 0.614 · B_pre 39.33 post/pre 1.1886 · fenotipo identico 1.0 (n 374) · errores/copia 0.0 · SOS None->0.0 · largo corte 30.0 · lam None
[22:49:30] [127/200] quieto  MUT0             s29017: 99.6 s · abort None · persiste 1 (vivos 5) · nac solo 42 · R0 final 0.4048 · B_pre 44.67 post/pre 1.0634 · fenotipo identico 1.0 (n 380) · errores/copia 0.0 · SOS None->0.0 · largo corte 30.0 · lam None
[22:50:02] [128/200] quieto  MUT0             s29019: 99.2 s · abort None · persiste 1 (vivos 9) · nac solo 50 · R0 final 0.66 · B_pre 42.67 post/pre 1.0518 · fenotipo identico 1.0 (n 359) · errores/copia 0.0 · SOS None->0.0 · largo corte 30.0 · lam None
[22:50:02] [129/200] quieto  MUT0             s29018: 100.1 s · abort None · persiste 1 (vivos 10) · nac solo 56 · R0 final 0.3929 · B_pre 42.33 post/pre 1.1516 · fenotipo identico 1.0 (n 390) · errores/copia 0.0 · SOS None->0.0 · largo corte 30.0 · lam None
[22:50:20] [130/200] quieto  MUT0             s29020: 98.6 s · abort None · persiste 1 (vivos 11) · nac solo 63 · R0 final 0.4921 · B_pre 37.67 post/pre 1.208 · fenotipo identico 1.0 (n 364) · errores/copia 0.0 · SOS None->0.0 · largo corte 30.0 · lam None
[22:50:25] [131/200] quieto  MUT0             s29022: 92.7 s · abort None · persiste 1 (vivos 9) · nac solo 61 · R0 final 0.5246 · B_pre 34.33 post/pre 1.307 · fenotipo identico 1.0 (n 359) · errores/copia 0.0 · SOS None->0.0 · largo corte 30.0 · lam None
[22:50:26] [132/200] quieto  MUT0             s29021: 99.3 s · abort None · persiste 1 (vivos 11) · nac solo 60 · R0 final 0.5167 · B_pre 37.67 post/pre 1.2212 · fenotipo identico 1.0 (n 368) · errores/copia 0.0 · SOS None->0.0 · largo corte 30.0 · lam None
[22:51:10] [133/200] quieto  MUT0             s29023: 100.7 s · abort None · persiste 1 (vivos 13) · nac solo 56 · R0 final 0.5 · B_pre 40.33 post/pre 1.125 · fenotipo identico 1.0 (n 363) · errores/copia 0.0 · SOS None->0.0 · largo corte 30.0 · lam None
[22:51:38] [134/200] quieto  MUT0             s29024: 96.5 s · abort None · persiste 1 (vivos 9) · nac solo 60 · R0 final 0.5167 · B_pre 42.33 post/pre 1.0778 · fenotipo identico 1.0 (n 365) · errores/copia 0.0 · SOS None->0.0 · largo corte 30.0 · lam None
[22:51:48] [135/200] quieto  MUT0             s29025: 105.8 s · abort None · persiste 1 (vivos 9) · nac solo 62 · R0 final 0.5968 · B_pre 40.33 post/pre 1.1405 · fenotipo identico 1.0 (n 368) · errores/copia 0.0 · SOS None->0.0 · largo corte 30.0 · lam None
[22:51:58] [136/200] quieto  MUT0             s29026: 97.6 s · abort None · persiste 1 (vivos 9) · nac solo 56 · R0 final 0.4107 · B_pre 37.0 post/pre 1.1757 · fenotipo identico 1.0 (n 348) · errores/copia 0.0 · SOS None->0.0 · largo corte 30.0 · lam None
[22:52:01] [137/200] quieto  MUT0             s29027: 96.1 s · abort None · persiste 1 (vivos 6) · nac solo 59 · R0 final 0.5593 · B_pre 40.0 post/pre 1.1094 · fenotipo identico 1.0 (n 355) · errores/copia 0.0 · SOS None->0.0 · largo corte 30.0 · lam None
[22:52:08] [138/200] quieto  MUT0             s29028: 101.8 s · abort None · persiste 1 (vivos 10) · nac solo 62 · R0 final 0.5 · B_pre 43.0 post/pre 1.064 · fenotipo identico 1.0 (n 366) · errores/copia 0.0 · SOS None->0.0 · largo corte 30.0 · lam None
[22:52:43] [139/200] onda8k  MUT0             s29011: 54.8 s · abort None · persiste 0 (vivos 0) · nac solo 29 · R0 final 0.2414 · B_pre 23.0 post/pre 1.1848 · fenotipo identico 1.0 (n 218) · errores/copia 0.0 · SOS None->0.0 · largo corte 30.0 · lam None
[22:52:55] [140/200] onda8k  MUT0             s29012: 57.1 s · abort None · persiste 1 (vivos 3) · nac solo 37 · R0 final 0.4595 · B_pre 18.33 post/pre 1.3773 · fenotipo identico 1.0 (n 202) · errores/copia 0.0 · SOS None->0.0 · largo corte 30.0 · lam None
[22:52:56] [141/200] quieto  MUT0             s29029: 105.3 s · abort None · persiste 1 (vivos 11) · nac solo 57 · R0 final 0.5789 · B_pre 36.67 post/pre 1.1864 · fenotipo identico 1.0 (n 348) · errores/copia 0.0 · SOS None->0.0 · largo corte 30.0 · lam None
[22:52:58] [142/200] onda8k  MUT0             s29013: 56.3 s · abort None · persiste 1 (vivos 3) · nac solo 32 · R0 final 0.4375 · B_pre 24.0 post/pre 1.1719 · fenotipo identico 1.0 (n 225) · errores/copia 0.0 · SOS None->0.0 · largo corte 30.0 · lam None
[22:53:06] [143/200] onda8k  MUT0             s29014: 57.6 s · abort None · persiste 0 (vivos 0) · nac solo 34 · R0 final 0.2353 · B_pre 20.33 post/pre 1.2541 · fenotipo identico 1.0 (n 204) · errores/copia 0.0 · SOS None->0.0 · largo corte 30.0 · lam None
[22:53:14] [144/200] quieto  MUT0             s29030: 95.8 s · abort None · persiste 1 (vivos 9) · nac solo 58 · R0 final 0.4828 · B_pre 40.33 post/pre 1.1188 · fenotipo identico 1.0 (n 361) · errores/copia 0.0 · SOS None->0.0 · largo corte 30.0 · lam None
[22:53:42] [145/200] onda8k  MUT0             s29015: 59.5 s · abort None · persiste 0 (vivos 0) · nac solo 31 · R0 final 0.1613 · B_pre 21.67 post/pre 1.3096 · fenotipo identico 1.0 (n 227) · errores/copia 0.0 · SOS None->0.0 · largo corte 30.0 · lam None
[22:53:53] [146/200] onda8k  MUT0             s29017: 57.8 s · abort None · persiste 1 (vivos 3) · nac solo 34 · R0 final 0.3529 · B_pre 21.0 post/pre 1.2143 · fenotipo identico 1.0 (n 204) · errores/copia 0.0 · SOS None->0.0 · largo corte 30.0 · lam None
[22:53:54] [147/200] onda8k  MUT0             s29016: 58.5 s · abort None · persiste 0 (vivos 0) · nac solo 25 · R0 final 0.28 · B_pre 24.0 post/pre 1.1562 · fenotipo identico 1.0 (n 222) · errores/copia 0.0 · SOS None->0.0 · largo corte 30.0 · lam None
[22:53:54] [148/200] onda8k  MUT0             s29018: 56.4 s · abort None · persiste 0 (vivos 0) · nac solo 24 · R0 final 0.1667 · B_pre 23.33 post/pre 1.1625 · fenotipo identico 1.0 (n 217) · errores/copia 0.0 · SOS None->0.0 · largo corte 30.0 · lam None
[22:54:08] [149/200] onda8k  MUT0             s29019: 62.1 s · abort None · persiste 1 (vivos 7) · nac solo 35 · R0 final 0.3429 · B_pre 21.33 post/pre 1.3184 · fenotipo identico 1.0 (n 225) · errores/copia 0.0 · SOS None->0.0 · largo corte 30.0 · lam None
[22:54:16] [150/200] onda8k  MUT0             s29020: 61.4 s · abort None · persiste 1 (vivos 1) · nac solo 34 · R0 final 0.2353 · B_pre 19.33 post/pre 1.3707 · fenotipo identico 1.0 (n 212) · errores/copia 0.0 · SOS None->0.0 · largo corte 30.0 · lam None
[22:54:38] [151/200] onda8k  MUT0             s29021: 55.4 s · abort None · persiste 0 (vivos 0) · nac solo 24 · R0 final 0.1667 · B_pre 19.33 post/pre 1.3254 · fenotipo identico 1.0 (n 205) · errores/copia 0.0 · SOS None->0.0 · largo corte 30.0 · lam None
[22:54:52] [152/200] onda8k  MUT0             s29022: 59.0 s · abort None · persiste 1 (vivos 4) · nac solo 51 · R0 final 0.6078 · B_pre 19.67 post/pre 1.2521 · fenotipo identico 1.0 (n 197) · errores/copia 0.0 · SOS None->0.0 · largo corte 30.0 · lam None
[22:54:52] [153/200] onda8k  MUT0             s29023: 58.9 s · abort None · persiste 0 (vivos 0) · nac solo 30 · R0 final 0.3667 · B_pre 21.33 post/pre 1.207 · fenotipo identico 1.0 (n 206) · errores/copia 0.0 · SOS None->0.0 · largo corte 30.0 · lam None
[22:54:54] [154/200] onda8k  MUT0             s29024: 59.5 s · abort None · persiste 0 (vivos 0) · nac solo 37 · R0 final 0.5135 · B_pre 18.67 post/pre 1.3393 · fenotipo identico 1.0 (n 200) · errores/copia 0.0 · SOS None->0.0 · largo corte 30.0 · lam None
[22:55:09] [155/200] onda8k  MUT0             s29025: 60.9 s · abort None · persiste 1 (vivos 5) · nac solo 39 · R0 final 0.4615 · B_pre 22.67 post/pre 1.2188 · fenotipo identico 1.0 (n 221) · errores/copia 0.0 · SOS None->0.0 · largo corte 30.0 · lam None
[22:55:15] [156/200] onda8k  MUT0             s29026: 59.3 s · abort None · persiste 1 (vivos 5) · nac solo 33 · R0 final 0.5152 · B_pre 19.33 post/pre 1.2543 · fenotipo identico 1.0 (n 194) · errores/copia 0.0 · SOS None->0.0 · largo corte 30.0 · lam None
[22:55:37] [157/200] onda8k  MUT0             s29027: 58.8 s · abort None · persiste 0 (vivos 0) · nac solo 36 · R0 final 0.4167 · B_pre 20.0 post/pre 1.3125 · fenotipo identico 1.0 (n 210) · errores/copia 0.0 · SOS None->0.0 · largo corte 30.0 · lam None
[22:55:51] [158/200] onda8k  MUT0             s29028: 58.8 s · abort None · persiste 0 (vivos 0) · nac solo 37 · R0 final 0.4595 · B_pre 21.33 post/pre 1.2363 · fenotipo identico 1.0 (n 211) · errores/copia 0.0 · SOS None->0.0 · largo corte 30.0 · lam None
[22:55:52] [159/200] onda8k  MUT0             s29029: 59.7 s · abort None · persiste 0 (vivos 0) · nac solo 34 · R0 final 0.3235 · B_pre 19.67 post/pre 1.303 · fenotipo identico 1.0 (n 205) · errores/copia 0.0 · SOS None->0.0 · largo corte 30.0 · lam None
[22:55:52] [160/200] onda8k  MUT0             s29030: 58.6 s · abort None · persiste 1 (vivos 1) · nac solo 26 · R0 final 0.3846 · B_pre 22.67 post/pre 1.2353 · fenotipo identico 1.0 (n 224) · errores/copia 0.0 · SOS None->0.0 · largo corte 30.0 · lam None
[22:56:33] [161/200] quieto  AZAR             s29011: 83.8 s · abort None · persiste 1 (vivos 4) · nac solo 49 · R0 final 0.2041 · B_pre 37.67 post/pre 1.1914 · fenotipo identico 0.7967 (n 359) · errores/copia 0.9582 · SOS None->0.0 · largo corte 30.43 · lam None
[22:56:34] [162/200] quieto  AZAR             s29012: 79.3 s · abort None · persiste 1 (vivos 7) · nac solo 43 · R0 final 0.186 · B_pre 41.0 post/pre 1.0945 · fenotipo identico 0.7577 (n 359) · errores/copia 1.0028 · SOS None->0.0 · largo corte 33.49 · lam None
[22:56:53] [163/200] quieto  AZAR             s29013: 76.9 s · abort None · persiste 1 (vivos 2) · nac solo 45 · R0 final 0.2889 · B_pre 33.33 post/pre 1.2112 · fenotipo identico 0.7709 (n 323) · errores/copia 1.0031 · SOS None->0.0 · largo corte 33.81 · lam None
[22:57:10] [164/200] quieto  AZAR             s29016: 78.1 s · abort None · persiste 1 (vivos 9) · nac solo 61 · R0 final 0.2623 · B_pre 36.0 post/pre 1.1771 · fenotipo identico 0.7758 (n 339) · errores/copia 1.0324 · SOS None->0.0 · largo corte 36.03 · lam None
[22:57:21] [165/200] quieto  AZAR             s29015: 88.4 s · abort None · persiste 1 (vivos 3) · nac solo 54 · R0 final 0.1852 · B_pre 46.0 post/pre 1.0408 · fenotipo identico 0.7937 (n 383) · errores/copia 0.799 · SOS None->0.0 · largo corte 32.27 · lam None
[22:57:22] [166/200] quieto  AZAR             s29014: 90.5 s · abort None · persiste 1 (vivos 5) · nac solo 35 · R0 final 0.3143 · B_pre 48.33 post/pre 1.0216 · fenotipo identico 0.7392 (n 395) · errores/copia 1.043 · SOS None->0.0 · largo corte 33.03 · lam None
[22:57:40] [167/200] quieto  AZAR             s29018: 65.4 s · abort None · persiste 1 (vivos 4) · nac solo 55 · R0 final 0.4364 · B_pre 36.33 post/pre 1.0665 · fenotipo identico 0.8226 (n 310) · errores/copia 0.7968 · SOS None->0.0 · largo corte 32.55 · lam None
[22:57:54] [168/200] quieto  AZAR             s29017: 81.5 s · abort None · persiste 1 (vivos 10) · nac solo 64 · R0 final 0.5781 · B_pre 43.0 post/pre 1.1599 · fenotipo identico 0.782 (n 399) · errores/copia 1.0226 · SOS None->0.0 · largo corte 32.81 · lam None
[22:58:27] [169/200] quieto  AZAR             s29019: 93.3 s · abort None · persiste 1 (vivos 8) · nac solo 76 · R0 final 0.5395 · B_pre 39.0 post/pre 1.1763 · fenotipo identico 0.8392 (n 367) · errores/copia 0.6839 · SOS None->0.0 · largo corte 30.72 · lam None
[22:58:34] [170/200] quieto  AZAR             s29020: 84.0 s · abort None · persiste 1 (vivos 10) · nac solo 51 · R0 final 0.4706 · B_pre 35.67 post/pre 1.2477 · fenotipo identico 0.8399 (n 356) · errores/copia 0.8258 · SOS None->0.0 · largo corte 32.34 · lam None
[22:58:45] [171/200] quieto  AZAR             s29021: 84.6 s · abort None · persiste 1 (vivos 2) · nac solo 74 · R0 final 0.4865 · B_pre 38.67 post/pre 1.1961 · fenotipo identico 0.8324 (n 370) · errores/copia 0.773 · SOS None->0.0 · largo corte 33.51 · lam None
[22:58:46] [172/200] quieto  AZAR             s29022: 84.0 s · abort None · persiste 1 (vivos 6) · nac solo 70 · R0 final 0.3714 · B_pre 40.0 post/pre 1.1719 · fenotipo identico 0.816 (n 375) · errores/copia 1.0667 · SOS None->0.0 · largo corte 33.48 · lam None
[22:59:06] [173/200] quieto  AZAR             s29023: 86.5 s · abort None · persiste 1 (vivos 5) · nac solo 54 · R0 final 0.5 · B_pre 35.33 post/pre 1.1356 · fenotipo identico 0.8037 (n 321) · errores/copia 0.9097 · SOS None->0.0 · largo corte 34.69 · lam None
[22:59:15] [174/200] quieto  AZAR             s29024: 80.5 s · abort None · persiste 1 (vivos 10) · nac solo 57 · R0 final 0.4561 · B_pre 36.33 post/pre 1.1284 · fenotipo identico 0.7256 (n 328) · errores/copia 0.9268 · SOS None->0.0 · largo corte 33.66 · lam None
[22:59:43] [175/200] quieto  AZAR             s29026: 68.6 s · abort None · persiste 1 (vivos 1) · nac solo 46 · R0 final 0.3261 · B_pre 30.67 post/pre 1.3288 · fenotipo identico 0.8037 (n 326) · errores/copia 0.8865 · SOS None->0.0 · largo corte 33.72 · lam None
[22:59:48] [176/200] quieto  AZAR             s29025: 81.0 s · abort None · persiste 1 (vivos 8) · nac solo 62 · R0 final 0.4194 · B_pre 42.33 post/pre 1.0778 · fenotipo identico 0.7014 (n 365) · errores/copia 1.1178 · SOS None->0.0 · largo corte 33.13 · lam None
[23:00:12] [177/200] quieto  AZAR             s29027: 87.2 s · abort None · persiste 1 (vivos 6) · nac solo 56 · R0 final 0.2857 · B_pre 41.0 post/pre 1.128 · fenotipo identico 0.8027 (n 370) · errores/copia 0.8757 · SOS None->0.0 · largo corte 33.84 · lam None
[23:00:13] [178/200] quieto  AZAR             s29028: 87.0 s · abort None · persiste 1 (vivos 5) · nac solo 64 · R0 final 0.2656 · B_pre 41.33 post/pre 1.1492 · fenotipo identico 0.7658 (n 380) · errores/copia 0.9211 · SOS None->0.0 · largo corte 29.96 · lam None
[23:00:26] [179/200] quieto  AZAR             s29029: 80.0 s · abort None · persiste 1 (vivos 10) · nac solo 53 · R0 final 0.2642 · B_pre 38.67 post/pre 1.222 · fenotipo identico 0.7804 (n 378) · errores/copia 0.8624 · SOS None->0.0 · largo corte 32.8 · lam None
[23:00:42] [180/200] onda8k  AZAR             s29012: 53.6 s · abort None · persiste 0 (vivos 0) · nac solo 28 · R0 final 0.0357 · B_pre 20.33 post/pre 1.248 · fenotipo identico 0.7635 (n 203) · errores/copia 1.1724 · SOS None->0.0 · largo corte 32.28 · lam None
[23:00:42] [181/200] onda8k  AZAR             s29011: 58.7 s · abort None · persiste 1 (vivos 2) · nac solo 35 · R0 final 0.4571 · B_pre 27.0 post/pre 1.1389 · fenotipo identico 0.6585 (n 246) · errores/copia 1.2602 · SOS None->0.0 · largo corte 34.48 · lam None
[23:00:45] [182/200] quieto  AZAR             s29030: 90.4 s · abort None · persiste 1 (vivos 8) · nac solo 120 · R0 final 0.4833 · B_pre 37.33 post/pre 1.4967 · fenotipo identico 0.7002 (n 447) · errores/copia 1.1007 · SOS None->0.0 · largo corte 31.43 · lam None
[23:01:09] [183/200] onda8k  AZAR             s29013: 56.7 s · abort None · persiste 1 (vivos 4) · nac solo 40 · R0 final 0.3 · B_pre 23.33 post/pre 1.1304 · fenotipo identico 0.7488 (n 211) · errores/copia 0.9858 · SOS None->0.0 · largo corte 33.1 · lam None
[23:01:10] [184/200] onda8k  AZAR             s29014: 56.8 s · abort None · persiste 0 (vivos 0) · nac solo 31 · R0 final 0.0968 · B_pre 23.33 post/pre 1.0875 · fenotipo identico 0.7488 (n 203) · errores/copia 0.8424 · SOS None->0.0 · largo corte 31.61 · lam None
[23:01:23] [185/200] onda8k  AZAR             s29015: 57.2 s · abort None · persiste 1 (vivos 1) · nac solo 39 · R0 final 0.2308 · B_pre 21.0 post/pre 1.2083 · fenotipo identico 0.6798 (n 203) · errores/copia 1.1675 · SOS None->0.0 · largo corte 32.06 · lam None
[23:01:35] [186/200] onda8k  AZAR             s29016: 53.6 s · abort None · persiste 0 (vivos 0) · nac solo 18 · R0 final 0.2778 · B_pre 22.67 post/pre 1.1471 · fenotipo identico 0.7404 (n 208) · errores/copia 1.0481 · SOS None->0.0 · largo corte 32.95 · lam None
[23:01:37] [187/200] onda8k  AZAR             s29017: 55.6 s · abort None · persiste 1 (vivos 4) · nac solo 40 · R0 final 0.5 · B_pre 23.33 post/pre 1.2589 · fenotipo identico 0.7745 (n 235) · errores/copia 0.9191 · SOS None->0.0 · largo corte 31.82 · lam None
[23:01:39] [188/200] onda8k  AZAR             s29018: 54.0 s · abort None · persiste 0 (vivos 0) · nac solo 37 · R0 final 0.1351 · B_pre 22.67 post/pre 1.1746 · fenotipo identico 0.6714 (n 213) · errores/copia 1.1502 · SOS None->0.0 · largo corte 32.66 · lam None
[23:02:03] [189/200] onda8k  AZAR             s29020: 53.3 s · abort None · persiste 1 (vivos 1) · nac solo 24 · R0 final 0.4583 · B_pre 23.67 post/pre 1.2412 · fenotipo identico 0.7234 (n 235) · errores/copia 0.9191 · SOS None->0.0 · largo corte 32.85 · lam None
[23:02:10] [190/200] onda8k  AZAR             s29019: 60.6 s · abort None · persiste 0 (vivos 0) · nac solo 34 · R0 final 0.0294 · B_pre 21.67 post/pre 1.2462 · fenotipo identico 0.7407 (n 216) · errores/copia 1.0556 · SOS None->0.0 · largo corte 32.39 · lam None
[23:02:17] [191/200] onda8k  AZAR             s29021: 53.6 s · abort None · persiste 0 (vivos 0) · nac solo 27 · R0 final 0.2222 · B_pre 26.67 post/pre 0.9656 · fenotipo identico 0.7282 (n 206) · errores/copia 1.0388 · SOS None->0.0 · largo corte 30.27 · lam None
[23:02:28] [192/200] onda8k  AZAR             s29022: 52.7 s · abort None · persiste 1 (vivos 2) · nac solo 21 · R0 final 0.381 · B_pre 22.0 post/pre 1.2841 · fenotipo identico 0.7124 (n 226) · errores/copia 1.115 · SOS None->0.0 · largo corte 32.76 · lam None
[23:02:31] [193/200] onda8k  AZAR             s29023: 53.3 s · abort None · persiste 0 (vivos 0) · nac solo 31 · R0 final 0.2581 · B_pre 23.0 post/pre 1.163 · fenotipo identico 0.7617 (n 214) · errores/copia 1.0794 · SOS None->0.0 · largo corte 33.23 · lam None
[23:02:32] [194/200] onda8k  AZAR             s29024: 53.2 s · abort None · persiste 0 (vivos 0) · nac solo 18 · R0 final 0.0556 · B_pre 19.33 post/pre 1.3772 · fenotipo identico 0.723 (n 213) · errores/copia 1.0892 · SOS None->0.0 · largo corte 33.11 · lam None
[23:02:57] [195/200] onda8k  AZAR             s29025: 54.3 s · abort None · persiste 0 (vivos 0) · nac solo 32 · R0 final 0.2188 · B_pre 19.67 post/pre 1.2394 · fenotipo identico 0.7744 (n 195) · errores/copia 0.959 · SOS None->0.0 · largo corte 32.53 · lam None
[23:03:07] [196/200] onda8k  AZAR             s29026: 57.3 s · abort None · persiste 0 (vivos 0) · nac solo 30 · R0 final 0.4333 · B_pre 20.33 post/pre 1.3033 · fenotipo identico 0.7406 (n 212) · errores/copia 0.9858 · SOS None->0.0 · largo corte 30.48 · lam None
[23:03:14] [197/200] onda8k  AZAR             s29027: 56.7 s · abort None · persiste 0 (vivos 0) · nac solo 45 · R0 final 0.2444 · B_pre 23.67 post/pre 1.257 · fenotipo identico 0.6555 (n 238) · errores/copia 1.063 · SOS None->0.0 · largo corte 33.11 · lam None
[23:03:21] [198/200] onda8k  AZAR             s29028: 53.1 s · abort None · persiste 0 (vivos 0) · nac solo 15 · R0 final 0.0667 · B_pre 22.33 post/pre 1.1642 · fenotipo identico 0.7115 (n 208) · errores/copia 1.0385 · SOS None->0.0 · largo corte 32.63 · lam None
[23:03:23] [199/200] onda8k  AZAR             s29029: 52.3 s · abort None · persiste 1 (vivos 2) · nac solo 28 · R0 final 0.3571 · B_pre 25.0 post/pre 1.1 · fenotipo identico 0.6545 (n 220) · errores/copia 1.2409 · SOS None->0.0 · largo corte 32.94 · lam None
[23:03:26] [200/200] onda8k  AZAR             s29030: 53.6 s · abort None · persiste 0 (vivos 0) · nac solo 30 · R0 final 0.2333 · B_pre 22.67 post/pre 1.2132 · fenotipo identico 0.7773 (n 220) · errores/copia 0.9091 · SOS None->0.0 · largo corte 32.16 · lam None
[23:03:28] P3 (SOS) NO MEDIDA: la serie corrio sin CODIGO con SOS (--con_sos)
[23:03:28] [quieto] nac solo (suma) {'CODIGO_SIN_SOS': 1374, 'PERILLAS': 1202, 'PERILLAS_ROBUSTA': 1202, 'MUT0': 1150, 'AZAR': 1189, 'CODIGO': 0} · persisten {'CODIGO_SIN_SOS': 20, 'PERILLAS': 20, 'PERILLAS_ROBUSTA': 20, 'MUT0': 20, 'AZAR': 20, 'CODIGO': 0}
[23:03:28] [quieto] R0 final mediana {'CODIGO_SIN_SOS': 0.5381, 'PERILLAS': 0.5553, 'PERILLAS_ROBUSTA': 0.5242, 'MUT0': 0.5084, 'AZAR': 0.3488, 'CODIGO': None} · fenotipo identico (mediana) {'CODIGO_SIN_SOS': 0.6852, 'PERILLAS': 0.3107, 'PERILLAS_ROBUSTA': 0.728, 'MUT0': 1.0, 'AZAR': 0.7878, 'CODIGO': None}
[23:03:28] [onda8k] nac solo (suma) {'CODIGO_SIN_SOS': 1093, 'PERILLAS': 597, 'PERILLAS_ROBUSTA': 688, 'MUT0': 662, 'AZAR': 603, 'CODIGO': 0} · persisten {'CODIGO_SIN_SOS': 8, 'PERILLAS': 8, 'PERILLAS_ROBUSTA': 9, 'MUT0': 9, 'AZAR': 7, 'CODIGO': 0}
[23:03:28] [onda8k] R0 final mediana {'CODIGO_SIN_SOS': 0.3914, 'PERILLAS': 0.2579, 'PERILLAS_ROBUSTA': 0.317, 'MUT0': 0.3598, 'AZAR': 0.2389, 'CODIGO': None} · fenotipo identico (mediana) {'CODIGO_SIN_SOS': 0.6764, 'PERILLAS': 0.3123, 'PERILLAS_ROBUSTA': 0.7146, 'MUT0': 1.0, 'AZAR': 0.7343, 'CODIGO': None}
[23:03:28] P0 base: CODIGO_SIN_SOS > PERILLAS en quieto 14/20 -> False
[23:03:28] P1 [quieto] CODIGO_SIN_SOS > PERILLAS_ROBUSTA 13/20 -> False
[23:03:28] P1 [onda8k] CODIGO_SIN_SOS > PERILLAS_ROBUSTA 13/20 -> False
[23:03:28] P2 amplificacion: razon SIN_SOS/ROBUSTA onda8k 1.588 vs quieto 1.143 (x1.39; pide >= 1.5) -> False · (contra PERILLAS: onda 1.829 quieto 1.143)
[23:03:28] guardia variacion (quieto) SIN_SOS > MUT0 16/20 -> True · guardia seleccion (quieto) SIN_SOS > AZAR 13/20 -> False
[23:03:28] VEREDICTO CODIGO v0.1 POR LA LETRA (una ventana; el bloque exige serie + replica con el mismo veredicto): NO — con la carga igualada la cinta no vive mejor: la ventaja de v0 era mutacion mas suave
