CORRE_PAS · cadena 2 · T 25000 · pasajes 10 · brazos ['pas', 'ctl', 'pasg', 'termo', 'o1'] · semillas 58320-58329 · python 3.14.2 · corre_pas 578ccf98ce97fd49 · carros {'V143_PAS': 'd9dd7fb0187a0bc6', 'V143_PAS0': '598a98a13aa1f754', 'V143_TERMO': '3db639cab75641fb'} · EXPLORATORIO
  [  44.7s] c2 p0 s58320 pas   R0med 0.5 cruzan 0/9 fund [15, 53, 0, 0, 3, 3, 0, 10, 0] g_siembra 0.0418 [-0.0643, 0.0572, 0.094] de_siembra 0/93
  [  45.6s] c2 p0 s58320 ctl   R0med 0.5 cruzan 0/9 fund [15, 53, 0, 0, 3, 3, 0, 10, 0] g_siembra 0.0418 [-0.0643, 0.0572, 0.094] de_siembra 0/93
  [  42.9s] c2 p0 s58320 pasg  R0med 0.6667 cruzan 0/9 fund [6, 1, 0, 0, 45, 40, 0, 60, 0] g_siembra 0.038 [-0.0298, 0.0398, 0.0996] de_siembra 0/161
  [  46.9s] c2 p0 s58320 termo R0med 0.6667 cruzan 0/9 fund [3, 1, 0, 0, 2, 3, 238, 10, 54] g_siembra None None de_siembra None/None
  [  96.0s] c2 p0 s58320 o1    R0med 0.75 cruzan 0/9 fund [0, 0, 0, 19, 0, 0, 0, 0, 0] g_siembra None None de_siembra None/None
  [  46.6s] c2 p1 s58321 pas   R0med 0.2 cruzan 0/9 fund [1, 22, 0, 0, 1, 13, 19, 44, 27] g_siembra 0.0493 [-0.0068, 0.0354, 0.1222] de_siembra 136/136
  [  45.6s] c2 p1 s58321 ctl   R0med 0.3333 cruzan 0/9 fund [56, 37, 0, 3, 1, 0, 32, 0, 0] g_siembra 0.0382 [0.0078, 0.0356, 0.0829] de_siembra 0/138
  [  46.5s] c2 p1 s58321 pasg  R0med 0.2857 cruzan 0/9 fund [4, 2, 12, 32, 37, 12, 6, 0, 0] g_siembra 0.0267 [-0.0774, 0.0281, 0.1372] de_siembra 114/114
  [  44.5s] c2 p1 s58321 termo R0med 0.7143 cruzan 2/9 fund [54, 103, 0, 1, 26, 0, 0, 137, 0] g_siembra None None de_siembra None/None
  [  86.3s] c2 p1 s58321 o1    R0med 0.6667 cruzan 0/9 fund [0, 123, 0, 0, 123, 0, 0, 0, 5] g_siembra None None de_siembra None/None
  [  42.8s] c2 p2 s58322 pas   R0med 0.75 cruzan 1/9 fund [0, 0, 2, 27, 35, 0, 0, 69, 0] g_siembra 0.112 [0.0545, 0.1152, 0.1729] de_siembra 142/142
  [  43.1s] c2 p2 s58322 ctl   R0med 0.3333 cruzan 0/9 fund [5, 0, 0, 1, 0, 87, 10, 7, 0] g_siembra 0.0097 [-0.0285, 0.0072, 0.0504] de_siembra 0/119
  [  40.7s] c2 p2 s58322 pasg  R0med 0.1842 cruzan 0/9 fund [14, 48, 5, 30, 34, 3, 1, 0, 10] g_siembra 0.0616 [-0.0422, 0.0916, 0.1275] de_siembra 154/154
  [  42.6s] c2 p2 s58322 termo R0med 0.8333 cruzan 0/9 fund [0, 0, 0, 0, 105, 5, 116, 61, 0] g_siembra None None de_siembra None/None
  [  82.8s] c2 p2 s58322 o1    R0med 0.75 cruzan 0/9 fund [0, 0, 0, 0, 0, 0, 0, 123, 0] g_siembra None None de_siembra None/None
  [  40.3s] c2 p3 s58323 pas   R0med 0.4667 cruzan 0/9 fund [2, 0, 0, 81, 7, 50, 37, 7, 0] g_siembra 0.1596 [0.0937, 0.169, 0.2403] de_siembra 193/193
  [  40.7s] c2 p3 s58323 ctl   R0med 0.1538 cruzan 0/9 fund [10, 0, 24, 0, 25, 11, 3, 1, 67] g_siembra 0.06 [0.0144, 0.054, 0.1638] de_siembra 0/150
  [  39.9s] c2 p3 s58323 pasg  R0med 0.1739 cruzan 0/9 fund [18, 28, 7, 0, 3, 11, 0, 23, 78] g_siembra 0.0929 [0.0089, 0.0894, 0.1811] de_siembra 177/177
  [  40.4s] c2 p3 s58323 termo R0med 0.4643 cruzan 0/9 fund [17, 0, 0, 14, 3, 205, 85, 3, 13] g_siembra None None de_siembra None/None
  [  77.8s] c2 p3 s58323 o1    R0med 0.8333 cruzan 0/9 fund [81, 0, 0, 0, 0, 0, 0, 0, 0] g_siembra None None de_siembra None/None
  [  40.9s] c2 p4 s58324 pas   R0med 0.5 cruzan 2/9 fund [8, 48, 6, 3, 7, 95, 0, 0, 0] g_siembra 0.1928 [0.1159, 0.162, 0.3699] de_siembra 176/176
  [  39.5s] c2 p4 s58324 ctl   R0med 0.4615 cruzan 0/9 fund [6, 0, 37, 72, 3, 17, 0, 0, 0] g_siembra 0.0608 [-0.0041, 0.0741, 0.0982] de_siembra 0/144
  [  38.7s] c2 p4 s58324 pasg  R0med 0.4118 cruzan 1/9 fund [87, 0, 12, 0, 10, 0, 5, 1, 9] g_siembra 0.0837 [-0.0062, 0.0352, 0.2162] de_siembra 133/133
  [  39.0s] c2 p4 s58324 termo R0med 0.8 cruzan 1/9 fund [0, 49, 1, 0, 169, 0, 1, 0, 2] g_siembra None None de_siembra None/None
  [  79.3s] c2 p4 s58324 o1    R0med 0.75 cruzan 0/9 fund [0, 0, 48, 0, 0, 0, 0, 0, 123] g_siembra None None de_siembra None/None
  [  37.5s] c2 p5 s58325 pas   R0med 0.7 cruzan 2/9 fund [0, 0, 54, 4, 0, 120, 2, 7, 0] g_siembra 0.2219 [0.1467, 0.2134, 0.3211] de_siembra 196/196
  [  36.4s] c2 p5 s58325 ctl   R0med 0.1429 cruzan 0/9 fund [5, 11, 1, 1, 48, 1, 33, 5, 23] g_siembra 0.0394 [-0.0467, 0.0525, 0.0993] de_siembra 0/137
  [  36.7s] c2 p5 s58325 pasg  R0med 0.2727 cruzan 0/9 fund [1, 0, 0, 19, 85, 13, 2, 15, 0] g_siembra 0.0651 [-0.0073, 0.0323, 0.1846] de_siembra 144/144
  [  37.1s] c2 p5 s58325 termo R0med 0.8 cruzan 1/9 fund [2, 0, 8, 29, 290, 1, 0, 0, 0] g_siembra None None de_siembra None/None
  [  75.0s] c2 p5 s58325 o1    R0med 0.75 cruzan 0/9 fund [0, 0, 9, 0, 0, 0, 123, 9, 0] g_siembra None None de_siembra None/None
  [  40.2s] c2 p6 s58326 pas   R0med 0.7143 cruzan 1/9 fund [8, 0, 1, 246, 0, 1, 0, 5, 0] g_siembra 0.2757 [0.1317, 0.2997, 0.3508] de_siembra 270/270
  [  40.7s] c2 p6 s58326 ctl   R0med 0.5 cruzan 0/9 fund [3, 2, 0, 0, 2, 0, 0, 83, 40] g_siembra 0.0249 [-0.0974, 0.0163, 0.1166] de_siembra 0/139
  [  41.2s] c2 p6 s58326 pasg  R0med 0.6111 cruzan 0/9 fund [3, 97, 0, 62, 2, 0, 6, 45, 22] g_siembra 0.1292 [-0.0598, 0.1546, 0.2655] de_siembra 246/246
  [  39.5s] c2 p6 s58326 termo R0med 0.3684 cruzan 2/9 fund [27, 1, 0, 73, 0, 74, 11, 0, 107] g_siembra None None de_siembra None/None
  [  81.8s] c2 p6 s58326 o1    R0med 0.8 cruzan 0/9 fund [0, 0, 0, 0, 0, 123, 0, 0, 0] g_siembra None None de_siembra None/None
  [  39.7s] c2 p7 s58327 pas   R0med 0.875 cruzan 2/9 fund [0, 60, 0, 0, 111, 0, 14, 0, 0] g_siembra 0.2459 [0.0885, 0.2584, 0.3916] de_siembra 194/194
  [  39.8s] c2 p7 s58327 ctl   R0med 0.2069 cruzan 0/9 fund [6, 0, 6, 40, 0, 31, 0, 35, 22] g_siembra 0.038 [-0.0541, 0.0285, 0.1569] de_siembra 0/149
  [  40.6s] c2 p7 s58327 pasg  R0med 0.8 cruzan 1/9 fund [7, 0, 44, 0, 0, 74, 20, 0, 0] g_siembra 0.1786 [0.0415, 0.1912, 0.2827] de_siembra 154/154
  [  44.3s] c2 p7 s58327 termo R0med 0.8 cruzan 1/9 fund [3, 18, 1, 0, 0, 259, 0, 66, 0] g_siembra None None de_siembra None/None
  [  84.5s] c2 p7 s58327 o1    R0med 0.5 cruzan 0/9 fund [0, 0, 0, 0, 0, 0, 0, 0, 117] g_siembra None None de_siembra None/None
  [  35.5s] c2 p8 s58328 pas   R0med 0.8 cruzan 2/9 fund [68, 33, 3, 0, 0, 52, 0, 0, 0] g_siembra 0.2163 [0.0708, 0.1805, 0.3921] de_siembra 165/165
  [  36.3s] c2 p8 s58328 ctl   R0med 0.0645 cruzan 0/9 fund [4, 19, 59, 0, 6, 0, 6, 14, 28] g_siembra 0.0117 [-0.0917, 0.0495, 0.1218] de_siembra 0/145
  [  39.5s] c2 p8 s58328 pasg  R0med 0.6667 cruzan 0/9 fund [42, 0, 1, 28, 0, 0, 0, 2, 122] g_siembra 0.1836 [0.1018, 0.1778, 0.258] de_siembra 204/204
  [  45.8s] c2 p8 s58328 termo R0med 0.7647 cruzan 0/9 fund [82, 27, 0, 161, 0, 0, 3, 0, 5] g_siembra None None de_siembra None/None
  [  83.1s] c2 p8 s58328 o1    R0med 0.6667 cruzan 0/9 fund [112, 0, 112, 0, 0, 0, 0, 0, 0] g_siembra None None de_siembra None/None
  [  38.0s] c2 p9 s58329 pas   R0med 0.4444 cruzan 1/9 fund [9, 60, 16, 19, 6, 50, 0, 0, 0] g_siembra 0.1762 [0.0462, 0.1592, 0.3356] de_siembra 169/169
  [  33.4s] c2 p9 s58329 ctl   R0med 0.4 cruzan 0/9 fund [4, 6, 0, 4, 139, 1, 0, 0, 5] g_siembra 0.0422 [-0.0128, 0.0463, 0.1337] de_siembra 0/168
  [  39.9s] c2 p9 s58329 pasg  R0med 0.4545 cruzan 0/9 fund [0, 0, 66, 28, 23, 5, 0, 0, 57] g_siembra 0.184 [0.0757, 0.2139, 0.2957] de_siembra 188/188
  [  43.4s] c2 p9 s58329 termo R0med 0.875 cruzan 1/9 fund [107, 0, 0, 123, 29, 0, 0, 0, 0] g_siembra None None de_siembra None/None
  [  91.6s] c2 p9 s58329 o1    R0med 0.75 cruzan 1/9 fund [107, 0, 0, 114, 0, 0, 0, 0, 0] g_siembra None None de_siembra None/None
  p0_pas_eq_ctl (pasaje 0: pas == ctl en el juez): True
pasaje | pas: R0 med [cadenas] · fund/linaje · mayorias · g | ctl: R0 med [cadenas] · fund/linaje · mayorias · g | pasg: R0 med [cadenas] · fund/linaje · mayorias · g | termo: R0 med [cadenas] · fund/linaje · mayorias · g | o1: R0 med [cadenas] · fund/linaje · mayorias · g
  p0 | 0.5 (0.5) · 9.3333 · 0/1 · g 0.0418 | 0.5 (0.5) · 9.3333 · 0/1 · g 0.0418 | 0.6667 (0.6667) · 16.8889 · 0/1 · g 0.038 | 0.6667 (0.6667) · 34.5556 · 0/1 · g None | 0.75 (0.75) · 2.1111 · 0/1 · g None
  p1 | 0.2 (0.2) · 14.1111 · 0/1 · g 0.0493 | 0.3333 (0.3333) · 14.3333 · 0/1 · g 0.0382 | 0.2857 (0.2857) · 11.6667 · 0/1 · g 0.0267 | 0.7143 (0.7143) · 35.6667 · 0/1 · g None | 0.6667 (0.6667) · 27.8889 · 0/1 · g None
  p2 | 0.75 (0.75) · 14.7778 · 0/1 · g 0.112 | 0.3333 (0.3333) · 12.2222 · 0/1 · g 0.0097 | 0.1842 (0.1842) · 16.1111 · 0/1 · g 0.0616 | 0.8333 (0.8333) · 31.8889 · 0/1 · g None | 0.75 (0.75) · 13.6667 · 0/1 · g None
  p3 | 0.4667 (0.4667) · 20.4444 · 0/1 · g 0.1596 | 0.1538 (0.1538) · 15.6667 · 0/1 · g 0.06 | 0.1739 (0.1739) · 18.6667 · 0/1 · g 0.0929 | 0.4643 (0.4643) · 37.7778 · 0/1 · g None | 0.8333 (0.8333) · 9.0 · 0/1 · g None
  p4 | 0.5 (0.5) · 18.5556 · 0/1 · g 0.1928 | 0.4615 (0.4615) · 15.0 · 0/1 · g 0.0608 | 0.4118 (0.4118) · 13.7778 · 0/1 · g 0.0837 | 0.8 (0.8) · 24.6667 · 0/1 · g None | 0.75 (0.75) · 19.0 · 0/1 · g None
  p5 | 0.7 (0.7) · 20.7778 · 0/1 · g 0.2219 | 0.1429 (0.1429) · 14.2222 · 0/1 · g 0.0394 | 0.2727 (0.2727) · 15.0 · 0/1 · g 0.0651 | 0.8 (0.8) · 36.6667 · 0/1 · g None | 0.75 (0.75) · 15.6667 · 0/1 · g None
  p6 | 0.7143 (0.7143) · 29.0 · 0/1 · g 0.2757 | 0.5 (0.5) · 14.4444 · 0/1 · g 0.0249 | 0.6111 (0.6111) · 26.3333 · 0/1 · g 0.1292 | 0.3684 (0.3684) · 32.5556 · 0/1 · g None | 0.8 (0.8) · 13.6667 · 0/1 · g None
  p7 | 0.875 (0.875) · 20.5556 · 0/1 · g 0.2459 | 0.2069 (0.2069) · 15.5556 · 0/1 · g 0.038 | 0.8 (0.8) · 16.1111 · 0/1 · g 0.1786 | 0.8 (0.8) · 38.5556 · 0/1 · g None | 0.5 (0.5) · 13.0 · 0/1 · g None
  p8 | 0.8 (0.8) · 17.3333 · 0/1 · g 0.2163 | 0.0645 (0.0645) · 15.1111 · 0/1 · g 0.0117 | 0.6667 (0.6667) · 21.6667 · 0/1 · g 0.1836 | 0.7647 (0.7647) · 30.8889 · 0/1 · g None | 0.6667 (0.6667) · 24.8889 · 0/1 · g None
  p9 | 0.4444 (0.4444) · 17.7778 · 0/1 · g 0.1762 | 0.4 (0.4) · 17.6667 · 0/1 · g 0.0422 | 0.4545 (0.4545) · 19.8889 · 0/1 · g 0.184 | 0.875 (0.875) · 28.7778 · 0/1 · g None | 0.75 (0.75) · 24.5556 · 0/1 · g None
Terminado en 2475.5s · C:\Users\User\Documents\PROYECTOS\JUACO\organelos\experimentos\organelos\reunion\opusB\datos\c2_T25000_n10_20260928_184930
