CORRE_PAS · cadena 4 · T 25000 · pasajes 10 · brazos ['pas', 'ctl', 'pasg', 'termo', 'o1'] · semillas 58340-58349 · python 3.14.2 · corre_pas 578ccf98ce97fd49 · carros {'V143_PAS': 'd9dd7fb0187a0bc6', 'V143_PAS0': '598a98a13aa1f754', 'V143_TERMO': '3db639cab75641fb'} · EXPLORATORIO
  [  48.5s] c4 p0 s58340 pas   R0med 0.1765 cruzan 0/9 fund [13, 92, 0, 1, 0, 5, 34, 0, 0] g_siembra 0.0241 [-0.0047, 0.0198, 0.0598] de_siembra 0/154
  [  46.4s] c4 p0 s58340 ctl   R0med 0.1765 cruzan 0/9 fund [13, 92, 0, 1, 0, 5, 34, 0, 0] g_siembra 0.0241 [-0.0047, 0.0198, 0.0598] de_siembra 0/154
  [  42.7s] c4 p0 s58340 pasg  R0med 0.0172 cruzan 0/9 fund [56, 17, 0, 4, 18, 2, 15, 0, 0] g_siembra 0.0228 [-0.0925, 0.0365, 0.0956] de_siembra 0/121
  [  47.0s] c4 p0 s58340 termo R0med 0.75 cruzan 0/9 fund [42, 0, 0, 58, 0, 2, 15, 0, 148] g_siembra None None de_siembra None/None
  [  95.6s] c4 p0 s58340 o1    R0med 0.75 cruzan 0/9 fund [0, 0, 0, 102, 0, 35, 0, 0, 0] g_siembra None None de_siembra None/None
  [  46.8s] c4 p1 s58341 pas   R0med 0.2632 cruzan 0/9 fund [13, 0, 1, 0, 5, 24, 5, 0, 102] g_siembra 0.0427 [-0.0651, 0.0576, 0.1427] de_siembra 159/159
  [  44.9s] c4 p1 s58341 ctl   R0med 0.0303 cruzan 0/9 fund [31, 5, 2, 3, 25, 0, 6, 15, 19] g_siembra 0.0138 [-0.0611, 0.0137, 0.0814] de_siembra 0/115
  [  46.7s] c4 p1 s58341 pasg  R0med 0.2 cruzan 0/9 fund [0, 2, 55, 7, 18, 8, 0, 38, 13] g_siembra 0.0556 [0.0109, 0.0628, 0.1175] de_siembra 150/150
  [  44.0s] c4 p1 s58341 termo R0med 0.5217 cruzan 2/9 fund [10, 129, 73, 0, 22, 11, 4, 1, 0] g_siembra None None de_siembra None/None
  [  86.7s] c4 p1 s58341 o1    R0med 0.5 cruzan 0/9 fund [0, 0, 0, 0, 0, 35, 121, 0, 0] g_siembra None None de_siembra None/None
  [  42.6s] c4 p2 s58342 pas   R0med 0.2778 cruzan 0/9 fund [13, 35, 0, 0, 23, 41, 0, 4, 12] g_siembra 0.0721 [-0.0136, 0.0731, 0.149] de_siembra 137/137
  [  42.5s] c4 p2 s58342 ctl   R0med 0.1714 cruzan 0/9 fund [9, 28, 0, 0, 1, 13, 32, 0, 58] g_siembra 0.037 [-0.0276, 0.0376, 0.0943] de_siembra 0/150
  [  41.2s] c4 p2 s58342 pasg  R0med 0.2941 cruzan 0/9 fund [0, 9, 17, 24, 11, 19, 28, 0, 56] g_siembra 0.0539 [-0.0062, 0.0582, 0.1259] de_siembra 173/173
  [  42.2s] c4 p2 s58342 termo R0med 0.5 cruzan 1/9 fund [0, 0, 12, 42, 4, 163, 93, 0, 0] g_siembra None None de_siembra None/None
  [  82.7s] c4 p2 s58342 o1    R0med 0.8333 cruzan 0/9 fund [0, 0, 0, 0, 0, 0, 99, 0, 0] g_siembra None None de_siembra None/None
  [  41.1s] c4 p3 s58343 pas   R0med 0.6667 cruzan 0/9 fund [0, 59, 61, 0, 1, 0, 0, 4, 42] g_siembra 0.1 [0.0184, 0.0981, 0.1729] de_siembra 176/176
  [  41.3s] c4 p3 s58343 ctl   R0med 0.0333 cruzan 0/9 fund [0, 22, 2, 57, 24, 33, 0, 22, 4] g_siembra 0.0003 [-0.098, 0.0106, 0.0657] de_siembra 0/173
  [  39.5s] c4 p3 s58343 pasg  R0med 0.3043 cruzan 0/9 fund [0, 0, 1, 0, 24, 38, 29, 15, 53] g_siembra 0.1044 [-0.0412, 0.0969, 0.1957] de_siembra 169/169
  [  40.3s] c4 p3 s58343 termo R0med 0.3636 cruzan 3/9 fund [1, 0, 184, 26, 0, 16, 0, 36, 6] g_siembra None None de_siembra None/None
  [  77.2s] c4 p3 s58343 o1    R0med 0.6667 cruzan 0/9 fund [0, 0, 25, 65, 0, 0, 0, 0, 51] g_siembra None None de_siembra None/None
  [  41.3s] c4 p4 s58344 pas   R0med 0.2857 cruzan 0/9 fund [53, 29, 4, 0, 46, 1, 9, 0, 56] g_siembra 0.1527 [0.0763, 0.1447, 0.2376] de_siembra 207/207
  [  38.9s] c4 p4 s58344 ctl   R0med 0.1143 cruzan 0/9 fund [27, 0, 0, 30, 2, 1, 2, 22, 6] g_siembra -0.009 [-0.0975, -0.0084, 0.0645] de_siembra 0/99
  [  38.6s] c4 p4 s58344 pasg  R0med 0.6667 cruzan 2/9 fund [127, 0, 9, 0, 2, 1, 11, 2, 0] g_siembra 0.135 [0.0503, 0.1421, 0.2238] de_siembra 161/161
  [  39.2s] c4 p4 s58344 termo R0med 0.7059 cruzan 1/9 fund [0, 3, 4, 0, 3, 22, 218, 4, 0] g_siembra None None de_siembra None/None
  [  78.8s] c4 p4 s58344 o1    R0med 0.5 cruzan 0/9 fund [0, 0, 0, 123, 0, 0, 26, 119, 0] g_siembra None None de_siembra None/None
  [  37.6s] c4 p5 s58345 pas   R0med 0.6667 cruzan 0/9 fund [2, 6, 1, 0, 55, 0, 90, 1, 0] g_siembra 0.1533 [0.0521, 0.1685, 0.2531] de_siembra 164/164
  [  37.7s] c4 p5 s58345 ctl   R0med 0.0 cruzan 0/9 fund [12, 0, 2, 15, 18, 103, 1, 4, 0] g_siembra 0.0396 [-0.0417, 0.0492, 0.1205] de_siembra 0/164
  [  36.6s] c4 p5 s58345 pasg  R0med 0.8333 cruzan 1/9 fund [0, 83, 0, 0, 9, 0, 1, 26, 0] g_siembra 0.1567 [0.0897, 0.1686, 0.2199] de_siembra 128/128
  [  36.8s] c4 p5 s58345 termo R0med 0.5 cruzan 2/9 fund [22, 0, 0, 14, 0, 0, 3, 226, 6] g_siembra None None de_siembra None/None
  [  76.8s] c4 p5 s58345 o1    R0med 0.6667 cruzan 0/9 fund [0, 0, 116, 0, 0, 66, 0, 0, 0] g_siembra None None de_siembra None/None
  [  40.5s] c4 p6 s58346 pas   R0med 0.7143 cruzan 2/9 fund [43, 1, 0, 14, 9, 80, 0, 0, 0] g_siembra 0.1781 [0.0475, 0.182, 0.3198] de_siembra 156/156
  [  40.7s] c4 p6 s58346 ctl   R0med 0.125 cruzan 0/9 fund [4, 0, 0, 48, 24, 0, 20, 12, 0] g_siembra 0.0427 [-0.0588, 0.0626, 0.1222] de_siembra 0/117
  [  40.7s] c4 p6 s58346 pasg  R0med 0.8571 cruzan 3/9 fund [135, 0, 1, 16, 0, 8, 0, 0, 0] g_siembra 0.1984 [0.1074, 0.2037, 0.2662] de_siembra 169/169
  [  39.5s] c4 p6 s58346 termo R0med 0.75 cruzan 0/9 fund [0, 69, 131, 89, 1, 0, 0, 0, 15] g_siembra None None de_siembra None/None
  [  81.9s] c4 p6 s58346 o1    R0med 0.6667 cruzan 0/9 fund [0, 0, 63, 0, 0, 0, 3, 0, 0] g_siembra None None de_siembra None/None
  [  40.0s] c4 p7 s58347 pas   R0med 0.5625 cruzan 1/9 fund [75, 2, 0, 0, 0, 6, 120, 18, 7] g_siembra 0.2663 [0.1021, 0.2539, 0.3746] de_siembra 237/237
  [  39.7s] c4 p7 s58347 ctl   R0med 0.0 cruzan 0/9 fund [4, 11, 27, 0, 0, 29, 1, 15, 0] g_siembra 0.0161 [-0.0987, 0.0397, 0.1135] de_siembra 0/96
  [  40.8s] c4 p7 s58347 pasg  R0med 0.4091 cruzan 0/9 fund [63, 18, 0, 12, 44, 23, 0, 4, 0] g_siembra 0.2065 [0.0934, 0.2243, 0.2718] de_siembra 173/173
  [  45.3s] c4 p7 s58347 termo R0med 0.3125 cruzan 1/9 fund [0, 150, 10, 0, 34, 0, 58, 3, 16] g_siembra None None de_siembra None/None
  [  82.0s] c4 p7 s58347 o1    R0med 0.6667 cruzan 0/9 fund [121, 13, 0, 0, 0, 0, 0, 24, 0] g_siembra None None de_siembra None/None
  [  35.3s] c4 p8 s58348 pas   R0med 0.6923 cruzan 0/9 fund [0, 1, 3, 76, 107, 56, 2, 1, 0] g_siembra 0.3034 [0.1286, 0.332, 0.4311] de_siembra 255/255
  [  37.8s] c4 p8 s58348 ctl   R0med 0.1 cruzan 0/9 fund [2, 0, 0, 0, 9, 32, 38, 4, 17] g_siembra 0.0618 [0.0034, 0.0745, 0.1373] de_siembra 0/111
  [  40.5s] c4 p8 s58348 pasg  R0med 0.8333 cruzan 3/9 fund [1, 69, 0, 0, 105, 1, 0, 0, 0] g_siembra 0.2111 [0.1048, 0.2016, 0.308] de_siembra 185/185
  [  46.6s] c4 p8 s58348 termo R0med 0.8 cruzan 1/9 fund [246, 68, 0, 0, 0, 0, 0, 45, 0] g_siembra None None de_siembra None/None
  [  83.0s] c4 p8 s58348 o1    R0med 0.8 cruzan 0/9 fund [0, 0, 0, 0, 0, 0, 0, 78, 0] g_siembra None None de_siembra None/None
  [  38.0s] c4 p9 s58349 pas   R0med 0.5238 cruzan 1/9 fund [26, 9, 0, 15, 5, 0, 214, 27, 0] g_siembra 0.3415 [0.2506, 0.3259, 0.5011] de_siembra 305/305
  [  33.5s] c4 p9 s58349 ctl   R0med 0.3846 cruzan 0/9 fund [3, 3, 0, 3, 49, 43, 7, 3, 3] g_siembra 0.0508 [-0.0141, 0.0522, 0.1069] de_siembra 0/123
  [  42.9s] c4 p9 s58349 pasg  R0med 0.7273 cruzan 0/9 fund [44, 0, 0, 1, 0, 2, 151, 48, 9] g_siembra 0.2593 [0.1235, 0.2501, 0.3691] de_siembra 264/264
  [  40.9s] c4 p9 s58349 termo R0med 0.75 cruzan 2/9 fund [2, 0, 0, 134, 0, 58, 0, 25, 14] g_siembra None None de_siembra None/None
  [  96.1s] c4 p9 s58349 o1    R0med 0.7273 cruzan 0/9 fund [0, 0, 0, 0, 0, 0, 0, 2, 76] g_siembra None None de_siembra None/None
  p0_pas_eq_ctl (pasaje 0: pas == ctl en el juez): True
pasaje | pas: R0 med [cadenas] · fund/linaje · mayorias · g | ctl: R0 med [cadenas] · fund/linaje · mayorias · g | pasg: R0 med [cadenas] · fund/linaje · mayorias · g | termo: R0 med [cadenas] · fund/linaje · mayorias · g | o1: R0 med [cadenas] · fund/linaje · mayorias · g
  p0 | 0.1765 (0.1765) · 16.1111 · 0/1 · g 0.0241 | 0.1765 (0.1765) · 16.1111 · 0/1 · g 0.0241 | 0.0172 (0.0172) · 12.4444 · 0/1 · g 0.0228 | 0.75 (0.75) · 29.4444 · 0/1 · g None | 0.75 (0.75) · 15.2222 · 0/1 · g None
  p1 | 0.2632 (0.2632) · 16.6667 · 0/1 · g 0.0427 | 0.0303 (0.0303) · 11.7778 · 0/1 · g 0.0138 | 0.2 (0.2) · 15.6667 · 0/1 · g 0.0556 | 0.5217 (0.5217) · 27.7778 · 0/1 · g None | 0.5 (0.5) · 17.3333 · 0/1 · g None
  p2 | 0.2778 (0.2778) · 14.2222 · 0/1 · g 0.0721 | 0.1714 (0.1714) · 15.6667 · 0/1 · g 0.037 | 0.2941 (0.2941) · 18.2222 · 0/1 · g 0.0539 | 0.5 (0.5) · 34.8889 · 0/1 · g None | 0.8333 (0.8333) · 11.0 · 0/1 · g None
  p3 | 0.6667 (0.6667) · 18.5556 · 0/1 · g 0.1 | 0.0333 (0.0333) · 18.2222 · 0/1 · g 0.0003 | 0.3043 (0.3043) · 17.7778 · 0/1 · g 0.1044 | 0.3636 (0.3636) · 29.8889 · 0/1 · g None | 0.6667 (0.6667) · 15.6667 · 0/1 · g None
  p4 | 0.2857 (0.2857) · 22.0 · 0/1 · g 0.1527 | 0.1143 (0.1143) · 10.0 · 0/1 · g -0.009 | 0.6667 (0.6667) · 16.8889 · 0/1 · g 0.135 | 0.7059 (0.7059) · 28.2222 · 0/1 · g None | 0.5 (0.5) · 29.7778 · 0/1 · g None
  p5 | 0.6667 (0.6667) · 17.2222 · 0/1 · g 0.1533 | 0.0 (0.0) · 17.2222 · 0/1 · g 0.0396 | 0.8333 (0.8333) · 13.2222 · 0/1 · g 0.1567 | 0.5 (0.5) · 30.1111 · 0/1 · g None | 0.6667 (0.6667) · 20.2222 · 0/1 · g None
  p6 | 0.7143 (0.7143) · 16.3333 · 0/1 · g 0.1781 | 0.125 (0.125) · 12.0 · 0/1 · g 0.0427 | 0.8571 (0.8571) · 17.7778 · 0/1 · g 0.1984 | 0.75 (0.75) · 33.8889 · 0/1 · g None | 0.6667 (0.6667) · 7.3333 · 0/1 · g None
  p7 | 0.5625 (0.5625) · 25.3333 · 0/1 · g 0.2663 | 0.0 (0.0) · 9.6667 · 0/1 · g 0.0161 | 0.4091 (0.4091) · 18.2222 · 0/1 · g 0.2065 | 0.3125 (0.3125) · 30.1111 · 0/1 · g None | 0.6667 (0.6667) · 17.5556 · 0/1 · g None
  p8 | 0.6923 (0.6923) · 27.3333 · 0/1 · g 0.3034 | 0.1 (0.1) · 11.3333 · 0/1 · g 0.0618 | 0.8333 (0.8333) · 19.5556 · 0/1 · g 0.2111 | 0.8 (0.8) · 39.8889 · 0/1 · g None | 0.8 (0.8) · 8.6667 · 0/1 · g None
  p9 | 0.5238 (0.5238) · 32.8889 · 0/1 · g 0.3415 | 0.3846 (0.3846) · 12.6667 · 0/1 · g 0.0508 | 0.7273 (0.7273) · 28.3333 · 0/1 · g 0.2593 | 0.75 (0.75) · 25.8889 · 0/1 · g None | 0.7273 (0.7273) · 8.6667 · 0/1 · g None
Terminado en 2487.8s · C:\Users\User\Documents\PROYECTOS\JUACO\organelos\experimentos\organelos\reunion\opusB\datos\c4_T25000_n10_20260928_184930
