CORRE_PAS · cadena 3 · T 25000 · pasajes 10 · brazos ['pas', 'ctl', 'pasg', 'termo', 'o1'] · semillas 58330-58339 · python 3.14.2 · corre_pas 578ccf98ce97fd49 · carros {'V143_PAS': 'd9dd7fb0187a0bc6', 'V143_PAS0': '598a98a13aa1f754', 'V143_TERMO': '3db639cab75641fb'} · EXPLORATORIO
  [  47.5s] c3 p0 s58330 pas   R0med 0.5 cruzan 0/9 fund [0, 27, 3, 5, 50, 0, 0, 2, 2] g_siembra 0.0311 [-0.0814, 0.0169, 0.1017] de_siembra 0/98
  [  46.4s] c3 p0 s58330 ctl   R0med 0.5 cruzan 0/9 fund [0, 27, 3, 5, 50, 0, 0, 2, 2] g_siembra 0.0311 [-0.0814, 0.0169, 0.1017] de_siembra 0/98
  [  42.9s] c3 p0 s58330 pasg  R0med 0.375 cruzan 0/9 fund [0, 18, 3, 0, 4, 0, 0, 19, 33] g_siembra 0.0506 [-0.0609, 0.0519, 0.1027] de_siembra 0/86
  [  44.9s] c3 p0 s58330 termo R0med 0.7692 cruzan 1/9 fund [0, 0, 2, 54, 15, 0, 16, 180, 0] g_siembra None None de_siembra None/None
  [  96.2s] c3 p0 s58330 o1    R0med 0.6667 cruzan 0/9 fund [81, 0, 0, 0, 47, 1, 0, 13, 0] g_siembra None None de_siembra None/None
  [  46.3s] c3 p1 s58331 pas   R0med 0.1905 cruzan 0/9 fund [2, 2, 34, 38, 8, 0, 17, 16, 0] g_siembra 0.0511 [-0.0234, 0.0306, 0.1752] de_siembra 126/126
  [  47.8s] c3 p1 s58331 ctl   R0med 0.0714 cruzan 0/9 fund [33, 12, 6, 14, 0, 23, 1, 0, 78] g_siembra 0.0059 [-0.0839, 0.01, 0.1062] de_siembra 0/176
  [  46.5s] c3 p1 s58331 pasg  R0med 0.6667 cruzan 0/9 fund [2, 42, 11, 0, 64, 0, 53, 0, 0] g_siembra 0.092 [0.0439, 0.0954, 0.1462] de_siembra 181/181
  [  43.9s] c3 p1 s58331 termo R0med 0.6667 cruzan 1/9 fund [5, 0, 0, 2, 0, 0, 56, 10, 209] g_siembra None None de_siembra None/None
  [  87.3s] c3 p1 s58331 o1    R0med 0.8 cruzan 0/9 fund [52, 36, 0, 0, 0, 0, 0, 0, 0] g_siembra None None de_siembra None/None
  [  42.9s] c3 p2 s58332 pas   R0med 0.1364 cruzan 0/9 fund [9, 17, 28, 18, 36, 12, 0, 11, 0] g_siembra 0.0705 [-0.0142, 0.1014, 0.1509] de_siembra 140/140
  [  43.1s] c3 p2 s58332 ctl   R0med 0.1935 cruzan 0/9 fund [57, 0, 1, 13, 0, 1, 24, 2, 0] g_siembra 0.0425 [-0.0247, 0.0293, 0.1403] de_siembra 0/107
  [  41.1s] c3 p2 s58332 pasg  R0med 0.1667 cruzan 2/9 fund [0, 36, 1, 19, 0, 37, 0, 14, 0] g_siembra 0.091 [0.0226, 0.0848, 0.1583] de_siembra 116/116
  [  42.4s] c3 p2 s58332 termo R0med 0.8333 cruzan 1/9 fund [0, 0, 82, 30, 0, 0, 0, 153, 0] g_siembra None None de_siembra None/None
  [  82.2s] c3 p2 s58332 o1    R0med 0.6667 cruzan 0/9 fund [0, 0, 0, 0, 92, 0, 0, 95, 0] g_siembra None None de_siembra None/None
  [  40.5s] c3 p3 s58333 pas   R0med 0.2667 cruzan 0/9 fund [0, 63, 0, 42, 0, 3, 14, 40, 21] g_siembra 0.1014 [-0.0117, 0.1253, 0.2225] de_siembra 192/192
  [  40.8s] c3 p3 s58333 ctl   R0med 0.0233 cruzan 0/9 fund [10, 63, 0, 2, 1, 6, 4, 41, 1] g_siembra -0.0049 [-0.0936, -0.0136, 0.0753] de_siembra 0/137
  [  39.7s] c3 p3 s58333 pasg  R0med 0.4286 cruzan 0/9 fund [0, 0, 0, 29, 28, 47, 0, 7, 31] g_siembra 0.0932 [0.0271, 0.0936, 0.17] de_siembra 151/151
  [  40.6s] c3 p3 s58333 termo R0med 0.7143 cruzan 3/9 fund [0, 0, 272, 1, 0, 22, 0, 0, 1] g_siembra None None de_siembra None/None
  [  77.3s] c3 p3 s58333 o1    R0med 0.75 cruzan 0/9 fund [112, 0, 0, 0, 0, 0, 0, 0, 0] g_siembra None None de_siembra None/None
  [  41.3s] c3 p4 s58334 pas   R0med 0.75 cruzan 1/9 fund [0, 0, 22, 0, 77, 0, 2, 56, 1] g_siembra 0.1407 [0.021, 0.1402, 0.2269] de_siembra 167/167
  [  39.7s] c3 p4 s58334 ctl   R0med 0.0444 cruzan 0/9 fund [17, 0, 0, 35, 0, 16, 42, 1, 11] g_siembra 0.0097 [-0.0978, 0.0267, 0.0883] de_siembra 0/131
  [  38.7s] c3 p4 s58334 pasg  R0med 0.6667 cruzan 3/9 fund [74, 0, 34, 1, 1, 27, 0, 4, 0] g_siembra 0.1236 [0.0042, 0.1358, 0.1928] de_siembra 150/150
  [  39.3s] c3 p4 s58334 termo R0med 0.7273 cruzan 1/9 fund [0, 9, 0, 2, 0, 2, 81, 3, 166] g_siembra None None de_siembra None/None
  [  80.6s] c3 p4 s58334 o1    R0med 0.8571 cruzan 1/9 fund [0, 0, 0, 0, 0, 0, 0, 0, 0] g_siembra None None de_siembra None/None
  [  37.8s] c3 p5 s58335 pas   R0med 0.7143 cruzan 0/9 fund [0, 1, 17, 1, 28, 0, 10, 105, 0] g_siembra 0.126 [0.0278, 0.1233, 0.2402] de_siembra 171/171
  [  37.7s] c3 p5 s58335 ctl   R0med 0.0435 cruzan 0/9 fund [0, 6, 9, 43, 26, 9, 55, 0, 0] g_siembra 0.0395 [-0.0914, 0.0627, 0.1422] de_siembra 0/157
  [  36.9s] c3 p5 s58335 pasg  R0med 0.6667 cruzan 0/9 fund [0, 1, 12, 109, 0, 1, 72, 5, 0] g_siembra 0.157 [0.0697, 0.1364, 0.2798] de_siembra 209/209
  [  37.2s] c3 p5 s58335 termo R0med 0.3333 cruzan 0/9 fund [11, 0, 0, 0, 18, 4, 147, 20, 107] g_siembra None None de_siembra None/None
  [  75.2s] c3 p5 s58335 o1    R0med 0.6667 cruzan 0/9 fund [25, 0, 69, 111, 0, 0, 0, 0, 0] g_siembra None None de_siembra None/None
  [  40.5s] c3 p6 s58336 pas   R0med 0.7 cruzan 1/9 fund [4, 0, 0, 2, 42, 1, 87, 14, 0] g_siembra 0.1388 [0.0027, 0.1362, 0.2823] de_siembra 159/159
  [  41.0s] c3 p6 s58336 ctl   R0med 0.04 cruzan 0/9 fund [23, 11, 38, 43, 1, 1, 1, 0, 0] g_siembra 0.0164 [-0.0465, 0.0063, 0.0955] de_siembra 0/127
  [  40.8s] c3 p6 s58336 pasg  R0med 0.7143 cruzan 1/9 fund [3, 0, 0, 12, 0, 156, 11, 2, 1] g_siembra 0.1782 [0.0321, 0.1498, 0.3056] de_siembra 194/194
  [  40.0s] c3 p6 s58336 termo R0med 0.7222 cruzan 3/9 fund [0, 0, 0, 80, 45, 6, 2, 4, 154] g_siembra None None de_siembra None/None
  [  81.9s] c3 p6 s58336 o1    R0med 0.75 cruzan 0/9 fund [96, 0, 0, 0, 0, 10, 0, 0, 0] g_siembra None None de_siembra None/None
  [  40.2s] c3 p7 s58337 pas   R0med 0.25 cruzan 1/9 fund [26, 53, 63, 0, 17, 4, 0, 53, 0] g_siembra 0.1784 [0.0258, 0.1416, 0.3565] de_siembra 225/225
  [  40.0s] c3 p7 s58337 ctl   R0med 0.0 cruzan 0/9 fund [0, 22, 9, 1, 17, 1, 18, 17, 17] g_siembra -0.0046 [-0.0963, 0.0082, 0.0942] de_siembra 0/111
  [  41.1s] c3 p7 s58337 pasg  R0med 0.875 cruzan 3/9 fund [0, 0, 0, 0, 81, 0, 1, 56, 0] g_siembra 0.2073 [0.0613, 0.2354, 0.3254] de_siembra 147/147
  [  46.7s] c3 p7 s58337 termo R0med 0.3913 cruzan 2/9 fund [0, 13, 139, 0, 96, 0, 0, 17, 14] g_siembra None None de_siembra None/None
  [  81.0s] c3 p7 s58337 o1    R0med 0.6667 cruzan 0/9 fund [0, 0, 0, 0, 0, 123, 0, 0, 5] g_siembra None None de_siembra None/None
  [  35.0s] c3 p8 s58338 pas   R0med 0.5294 cruzan 0/9 fund [0, 7, 10, 32, 10, 4, 4, 96, 0] g_siembra 0.1958 [0.1016, 0.1708, 0.3202] de_siembra 172/172
  [  38.6s] c3 p8 s58338 ctl   R0med 0.1282 cruzan 0/9 fund [18, 3, 13, 0, 33, 0, 4, 12, 10] g_siembra 0.0048 [-0.0963, -0.0124, 0.0789] de_siembra 0/102
  [  40.4s] c3 p8 s58338 pasg  R0med 0.8889 cruzan 4/9 fund [0, 45, 0, 0, 0, 0, 150, 0, 0] g_siembra 0.217 [0.127, 0.2259, 0.3045] de_siembra 204/204
  [  46.6s] c3 p8 s58338 termo R0med 0.8571 cruzan 2/9 fund [107, 157, 0, 0, 0, 0, 0, 0, 22] g_siembra None None de_siembra None/None
  [  81.1s] c3 p8 s58338 o1    R0med 0.6667 cruzan 0/9 fund [0, 20, 0, 0, 0, 113, 0, 0, 0] g_siembra None None de_siembra None/None
  [  37.8s] c3 p9 s58339 pas   R0med 0.75 cruzan 3/9 fund [0, 0, 37, 0, 67, 0, 8, 111, 1] g_siembra 0.2501 [0.1289, 0.2828, 0.3616] de_siembra 233/233
  [  34.2s] c3 p9 s58339 ctl   R0med 0.0435 cruzan 1/9 fund [21, 29, 5, 5, 0, 0, 26, 4, 19] g_siembra 0.0313 [-0.033, 0.0306, 0.1281] de_siembra 0/118
  [  43.0s] c3 p9 s58339 pasg  R0med 0.8333 cruzan 2/9 fund [25, 0, 0, 87, 11, 0, 0, 30, 1] g_siembra 0.2056 [0.0853, 0.1464, 0.361] de_siembra 163/163
  [  41.7s] c3 p9 s58339 termo R0med 0.75 cruzan 0/9 fund [131, 0, 0, 0, 0, 189, 25, 0, 1] g_siembra None None de_siembra None/None
  [  96.5s] c3 p9 s58339 o1    R0med 0.8 cruzan 0/9 fund [0, 0, 13, 0, 0, 0, 6, 0, 40] g_siembra None None de_siembra None/None
  p0_pas_eq_ctl (pasaje 0: pas == ctl en el juez): True
pasaje | pas: R0 med [cadenas] · fund/linaje · mayorias · g | ctl: R0 med [cadenas] · fund/linaje · mayorias · g | pasg: R0 med [cadenas] · fund/linaje · mayorias · g | termo: R0 med [cadenas] · fund/linaje · mayorias · g | o1: R0 med [cadenas] · fund/linaje · mayorias · g
  p0 | 0.5 (0.5) · 9.8889 · 0/1 · g 0.0311 | 0.5 (0.5) · 9.8889 · 0/1 · g 0.0311 | 0.375 (0.375) · 8.5556 · 0/1 · g 0.0506 | 0.7692 (0.7692) · 29.6667 · 0/1 · g None | 0.6667 (0.6667) · 15.7778 · 0/1 · g None
  p1 | 0.1905 (0.1905) · 13.0 · 0/1 · g 0.0511 | 0.0714 (0.0714) · 18.5556 · 0/1 · g 0.0059 | 0.6667 (0.6667) · 19.1111 · 0/1 · g 0.092 | 0.6667 (0.6667) · 31.3333 · 0/1 · g None | 0.8 (0.8) · 9.7778 · 0/1 · g None
  p2 | 0.1364 (0.1364) · 14.5556 · 0/1 · g 0.0705 | 0.1935 (0.1935) · 10.8889 · 0/1 · g 0.0425 | 0.1667 (0.1667) · 11.8889 · 0/1 · g 0.091 | 0.8333 (0.8333) · 29.4444 · 0/1 · g None | 0.6667 (0.6667) · 20.7778 · 0/1 · g None
  p3 | 0.2667 (0.2667) · 20.3333 · 0/1 · g 0.1014 | 0.0233 (0.0233) · 14.2222 · 0/1 · g -0.0049 | 0.4286 (0.4286) · 15.7778 · 0/1 · g 0.0932 | 0.7143 (0.7143) · 32.8889 · 0/1 · g None | 0.75 (0.75) · 12.4444 · 0/1 · g None
  p4 | 0.75 (0.75) · 17.5556 · 0/1 · g 0.1407 | 0.0444 (0.0444) · 13.5556 · 0/1 · g 0.0097 | 0.6667 (0.6667) · 15.6667 · 0/1 · g 0.1236 | 0.7273 (0.7273) · 29.2222 · 0/1 · g None | 0.8571 (0.8571) · 0.0 · 0/1 · g None
  p5 | 0.7143 (0.7143) · 18.0 · 0/1 · g 0.126 | 0.0435 (0.0435) · 16.4444 · 0/1 · g 0.0395 | 0.6667 (0.6667) · 22.2222 · 0/1 · g 0.157 | 0.3333 (0.3333) · 34.1111 · 0/1 · g None | 0.6667 (0.6667) · 22.7778 · 0/1 · g None
  p6 | 0.7 (0.7) · 16.6667 · 0/1 · g 0.1388 | 0.04 (0.04) · 13.1111 · 0/1 · g 0.0164 | 0.7143 (0.7143) · 20.5556 · 0/1 · g 0.1782 | 0.7222 (0.7222) · 32.3333 · 0/1 · g None | 0.75 (0.75) · 11.7778 · 0/1 · g None
  p7 | 0.25 (0.25) · 24.0 · 0/1 · g 0.1784 | 0.0 (0.0) · 11.3333 · 0/1 · g -0.0046 | 0.875 (0.875) · 15.3333 · 0/1 · g 0.2073 | 0.3913 (0.3913) · 31.0 · 0/1 · g None | 0.6667 (0.6667) · 14.2222 · 0/1 · g None
  p8 | 0.5294 (0.5294) · 18.1111 · 0/1 · g 0.1958 | 0.1282 (0.1282) · 10.3333 · 0/1 · g 0.0048 | 0.8889 (0.8889) · 21.6667 · 0/1 · g 0.217 | 0.8571 (0.8571) · 31.7778 · 0/1 · g None | 0.6667 (0.6667) · 14.7778 · 0/1 · g None
  p9 | 0.75 (0.75) · 24.8889 · 0/1 · g 0.2501 | 0.0435 (0.0435) · 12.1111 · 0/1 · g 0.0313 | 0.8333 (0.8333) · 17.1111 · 0/1 · g 0.2056 | 0.75 (0.75) · 38.4444 · 0/1 · g None | 0.8 (0.8) · 6.5556 · 0/1 · g None
Terminado en 2492.2s · C:\Users\User\Documents\PROYECTOS\JUACO\organelos\experimentos\organelos\reunion\opusB\datos\c3_T25000_n10_20260928_184930
