CORRE_PAS · cadena 1 · T 25000 · pasajes 10 · brazos ['pas', 'ctl', 'pasg', 'termo', 'o1'] · semillas 58310-58319 · python 3.14.2 · corre_pas 578ccf98ce97fd49 · carros {'V143_PAS': 'd9dd7fb0187a0bc6', 'V143_PAS0': '598a98a13aa1f754', 'V143_TERMO': '3db639cab75641fb'} · EXPLORATORIO
  [  48.8s] c1 p0 s58310 pas   R0med 0.15 cruzan 0/9 fund [11, 43, 0, 2, 16, 0, 31, 2, 0] g_siembra 0.0296 [-0.0367, 0.0268, 0.1183] de_siembra 0/114
  [  45.6s] c1 p0 s58310 ctl   R0med 0.15 cruzan 0/9 fund [11, 43, 0, 2, 16, 0, 31, 2, 0] g_siembra 0.0296 [-0.0367, 0.0268, 0.1183] de_siembra 0/114
  [  42.8s] c1 p0 s58310 pasg  R0med 0.0385 cruzan 0/9 fund [14, 3, 0, 0, 0, 0, 9, 24, 15] g_siembra 0.0361 [-0.0251, 0.0422, 0.0953] de_siembra 0/74
  [  47.0s] c1 p0 s58310 termo R0med 0.6 cruzan 1/9 fund [121, 73, 0, 59, 3, 1, 0, 3, 8] g_siembra None None de_siembra None/None
  [  97.5s] c1 p0 s58310 o1    R0med 0.75 cruzan 0/9 fund [0, 102, 0, 0, 0, 0, 39, 0, 0] g_siembra None None de_siembra None/None
  [  46.6s] c1 p1 s58311 pas   R0med 0.1905 cruzan 1/9 fund [1, 17, 0, 19, 1, 11, 60, 1, 16] g_siembra 0.0466 [-0.0697, 0.0442, 0.1121] de_siembra 135/135
  [  48.5s] c1 p1 s58311 ctl   R0med 0.1818 cruzan 0/9 fund [0, 22, 0, 0, 1, 8, 0, 6, 57] g_siembra 0.014 [-0.0529, 0.0213, 0.0907] de_siembra 0/103
  [  46.2s] c1 p1 s58311 pasg  R0med 0.0857 cruzan 0/9 fund [8, 11, 0, 6, 31, 0, 0, 0, 15] g_siembra 0.0343 [-0.0484, 0.0172, 0.1356] de_siembra 80/80
  [  44.2s] c1 p1 s58311 termo R0med 0.875 cruzan 4/9 fund [0, 0, 69, 0, 8, 0, 200, 0, 0] g_siembra None None de_siembra None/None
  [  88.5s] c1 p1 s58311 o1    R0med 0.8571 cruzan 0/9 fund [0, 0, 0, 0, 0, 0, 0, 0, 0] g_siembra None None de_siembra None/None
  [  42.9s] c1 p2 s58312 pas   R0med 0.75 cruzan 0/9 fund [0, 0, 77, 5, 0, 1, 12, 0, 3] g_siembra 0.1118 [0.0432, 0.0907, 0.2034] de_siembra 107/107
  [  42.6s] c1 p2 s58312 ctl   R0med 0.0435 cruzan 1/9 fund [21, 0, 27, 8, 7, 43, 0, 5, 0] g_siembra 0.0327 [-0.0793, 0.0193, 0.1458] de_siembra 0/120
  [  41.5s] c1 p2 s58312 pasg  R0med 0.3333 cruzan 0/9 fund [5, 0, 31, 0, 35, 69, 0, 8, 4] g_siembra 0.0656 [-0.0073, 0.0412, 0.1724] de_siembra 161/161
  [  42.2s] c1 p2 s58312 termo R0med 0.7857 cruzan 0/9 fund [0, 0, 0, 73, 2, 41, 87, 0, 23] g_siembra None None de_siembra None/None
  [  81.6s] c1 p2 s58312 o1    R0med 0.75 cruzan 0/9 fund [0, 0, 0, 0, 37, 0, 0, 121, 0] g_siembra None None de_siembra None/None
  [  40.9s] c1 p3 s58313 pas   R0med 0.5 cruzan 0/9 fund [71, 0, 91, 1, 0, 0, 0, 7, 18] g_siembra 0.1479 [0.0202, 0.1379, 0.2841] de_siembra 197/197
  [  40.7s] c1 p3 s58313 ctl   R0med 0.2727 cruzan 0/9 fund [18, 0, 0, 0, 55, 7, 5, 41, 0] g_siembra 0.0303 [-0.0692, 0.0242, 0.117] de_siembra 0/135
  [  39.6s] c1 p3 s58313 pasg  R0med 0.25 cruzan 0/9 fund [0, 17, 19, 0, 1, 0, 0, 20, 59] g_siembra 0.0932 [-0.0475, 0.0877, 0.166] de_siembra 125/125
  [  40.9s] c1 p3 s58313 termo R0med 0.8333 cruzan 2/9 fund [0, 0, 0, 0, 23, 0, 14, 201, 26] g_siembra None None de_siembra None/None
  [  77.3s] c1 p3 s58313 o1    R0med 0.6667 cruzan 0/9 fund [0, 0, 0, 116, 0, 0, 0, 0, 0] g_siembra None None de_siembra None/None
  [  41.2s] c1 p4 s58314 pas   R0med 0.5 cruzan 1/9 fund [0, 40, 2, 5, 0, 0, 26, 74, 0] g_siembra 0.1417 [0.0408, 0.1325, 0.2831] de_siembra 156/156
  [  38.9s] c1 p4 s58314 ctl   R0med 0.0 cruzan 0/9 fund [4, 3, 0, 0, 23, 2, 39, 14, 18] g_siembra -0.0031 [-0.0911, -0.0206, 0.1016] de_siembra 0/112
  [  38.4s] c1 p4 s58314 pasg  R0med 0.3333 cruzan 1/9 fund [0, 48, 33, 8, 48, 0, 0, 0, 7] g_siembra 0.0868 [0.0161, 0.0773, 0.1704] de_siembra 153/153
  [  40.4s] c1 p4 s58314 termo R0med 0.75 cruzan 0/9 fund [0, 131, 92, 0, 0, 0, 0, 80, 0] g_siembra None None de_siembra None/None
  [  79.3s] c1 p4 s58314 o1    R0med 0.8 cruzan 0/9 fund [0, 0, 121, 0, 0, 0, 0, 0, 0] g_siembra None None de_siembra None/None
  [  37.4s] c1 p5 s58315 pas   R0med 0.7 cruzan 0/9 fund [0, 11, 0, 30, 103, 0, 48, 2, 0] g_siembra 0.1441 [0.0473, 0.1253, 0.2753] de_siembra 203/203
  [  37.2s] c1 p5 s58315 ctl   R0med 0.0741 cruzan 0/9 fund [0, 0, 2, 18, 10, 22, 33, 49, 0] g_siembra 0.015 [-0.0887, 0.0052, 0.0955] de_siembra 0/143
  [  36.3s] c1 p5 s58315 pasg  R0med 0.5 cruzan 0/9 fund [0, 9, 0, 0, 13, 0, 73, 38, 0] g_siembra 0.0854 [0.0317, 0.0591, 0.1794] de_siembra 142/142
  [  37.4s] c1 p5 s58315 termo R0med 0.5556 cruzan 2/9 fund [12, 0, 3, 0, 48, 108, 0, 0, 80] g_siembra None None de_siembra None/None
  [  77.8s] c1 p5 s58315 o1    R0med 0.6667 cruzan 0/9 fund [0, 0, 1, 0, 0, 0, 123, 3, 0] g_siembra None None de_siembra None/None
  [  41.2s] c1 p6 s58316 pas   R0med 0.6667 cruzan 2/9 fund [43, 0, 11, 2, 0, 0, 124, 1, 0] g_siembra 0.1991 [0.0687, 0.2265, 0.3011] de_siembra 190/190
  [  41.2s] c1 p6 s58316 ctl   R0med 0.0625 cruzan 0/9 fund [5, 0, 17, 14, 0, 36, 15, 11, 24] g_siembra 0.0295 [-0.0883, 0.0311, 0.104] de_siembra 0/131
  [  40.4s] c1 p6 s58316 pasg  R0med 0.6667 cruzan 0/9 fund [4, 59, 0, 0, 99, 0, 11, 0, 0] g_siembra 0.0794 [-0.0051, 0.071, 0.1816] de_siembra 182/182
  [  40.6s] c1 p6 s58316 termo R0med 0.75 cruzan 3/9 fund [11, 0, 4, 0, 1, 0, 225, 61, 0] g_siembra None None de_siembra None/None
  [  81.8s] c1 p6 s58316 o1    R0med 0.8333 cruzan 0/9 fund [52, 0, 0, 0, 41, 0, 0, 0, 0] g_siembra None None de_siembra None/None
  [  40.6s] c1 p7 s58317 pas   R0med 0.6667 cruzan 1/9 fund [0, 0, 3, 0, 33, 1, 19, 32, 76] g_siembra 0.1916 [0.0716, 0.1757, 0.3215] de_siembra 173/173
  [  39.6s] c1 p7 s58317 ctl   R0med 0.0769 cruzan 0/9 fund [4, 27, 8, 15, 3, 8, 7, 0, 23] g_siembra 0.0624 [-0.0254, 0.0903, 0.1295] de_siembra 0/104
  [  41.3s] c1 p7 s58317 pasg  R0med 0.6667 cruzan 0/9 fund [1, 28, 38, 3, 0, 0, 0, 63, 0] g_siembra 0.1067 [0.0599, 0.0915, 0.176] de_siembra 142/142
  [  47.6s] c1 p7 s58317 termo R0med 0.75 cruzan 1/9 fund [1, 5, 0, 223, 32, 0, 0, 9, 0] g_siembra None None de_siembra None/None
  [  77.8s] c1 p7 s58317 o1    R0med 0.1 cruzan 0/9 fund [0, 0, 0, 97, 17, 0, 123, 3, 0] g_siembra None None de_siembra None/None
  [  35.1s] c1 p8 s58318 pas   R0med 0.3158 cruzan 1/9 fund [64, 12, 18, 0, 15, 17, 22, 12, 2] g_siembra 0.2396 [0.0939, 0.2352, 0.3773] de_siembra 171/171
  [  39.8s] c1 p8 s58318 ctl   R0med 0.2 cruzan 0/9 fund [3, 1, 0, 2, 11, 5, 47, 7, 39] g_siembra 0.0383 [-0.0649, 0.0317, 0.1209] de_siembra 0/124
  [  41.3s] c1 p8 s58318 pasg  R0med 0.6667 cruzan 0/9 fund [42, 3, 0, 2, 0, 25, 69, 0, 0] g_siembra 0.1343 [0.0859, 0.1362, 0.1769] de_siembra 150/150
  [  46.4s] c1 p8 s58318 termo R0med 0.6364 cruzan 0/9 fund [3, 0, 0, 3, 183, 6, 0, 45, 0] g_siembra None None de_siembra None/None
  [  80.5s] c1 p8 s58318 o1    R0med 0.8333 cruzan 0/9 fund [0, 0, 90, 0, 0, 0, 0, 0, 0] g_siembra None None de_siembra None/None
  [  35.9s] c1 p9 s58319 pas   R0med 0.6923 cruzan 1/9 fund [55, 29, 0, 0, 2, 3, 0, 0, 51] g_siembra 0.2399 [0.0925, 0.2635, 0.3961] de_siembra 149/149
  [  34.5s] c1 p9 s58319 ctl   R0med 0.0 cruzan 0/9 fund [0, 6, 25, 4, 51, 0, 6, 5, 0] g_siembra 0.0132 [-0.0836, 0.0159, 0.1001] de_siembra 0/106
  [  44.0s] c1 p9 s58319 pasg  R0med 0.6154 cruzan 1/9 fund [0, 55, 4, 55, 2, 0, 0, 32, 0] g_siembra 0.1261 [0.0549, 0.1382, 0.1782] de_siembra 157/157
  [  41.8s] c1 p9 s58319 termo R0med 0.7 cruzan 1/9 fund [240, 0, 1, 2, 0, 0, 11, 46, 2] g_siembra None None de_siembra None/None
  [  95.7s] c1 p9 s58319 o1    R0med 0.6667 cruzan 0/9 fund [0, 54, 0, 0, 0, 0, 119, 0, 0] g_siembra None None de_siembra None/None
  p0_pas_eq_ctl (pasaje 0: pas == ctl en el juez): True
pasaje | pas: R0 med [cadenas] · fund/linaje · mayorias · g | ctl: R0 med [cadenas] · fund/linaje · mayorias · g | pasg: R0 med [cadenas] · fund/linaje · mayorias · g | termo: R0 med [cadenas] · fund/linaje · mayorias · g | o1: R0 med [cadenas] · fund/linaje · mayorias · g
  p0 | 0.15 (0.15) · 11.6667 · 0/1 · g 0.0296 | 0.15 (0.15) · 11.6667 · 0/1 · g 0.0296 | 0.0385 (0.0385) · 7.2222 · 0/1 · g 0.0361 | 0.6 (0.6) · 29.7778 · 0/1 · g None | 0.75 (0.75) · 15.6667 · 0/1 · g None
  p1 | 0.1905 (0.1905) · 14.0 · 0/1 · g 0.0466 | 0.1818 (0.1818) · 10.4444 · 0/1 · g 0.014 | 0.0857 (0.0857) · 7.8889 · 0/1 · g 0.0343 | 0.875 (0.875) · 30.7778 · 0/1 · g None | 0.8571 (0.8571) · 0.0 · 0/1 · g None
  p2 | 0.75 (0.75) · 10.8889 · 0/1 · g 0.1118 | 0.0435 (0.0435) · 12.3333 · 0/1 · g 0.0327 | 0.3333 (0.3333) · 16.8889 · 0/1 · g 0.0656 | 0.7857 (0.7857) · 25.1111 · 0/1 · g None | 0.75 (0.75) · 17.5556 · 0/1 · g None
  p3 | 0.5 (0.5) · 20.8889 · 0/1 · g 0.1479 | 0.2727 (0.2727) · 14.0 · 0/1 · g 0.0303 | 0.25 (0.25) · 12.8889 · 0/1 · g 0.0932 | 0.8333 (0.8333) · 29.3333 · 0/1 · g None | 0.6667 (0.6667) · 12.8889 · 0/1 · g None
  p4 | 0.5 (0.5) · 16.3333 · 0/1 · g 0.1417 | 0.0 (0.0) · 11.4444 · 0/1 · g -0.0031 | 0.3333 (0.3333) · 16.0 · 0/1 · g 0.0868 | 0.75 (0.75) · 33.6667 · 0/1 · g None | 0.8 (0.8) · 13.4444 · 0/1 · g None
  p5 | 0.7 (0.7) · 21.5556 · 0/1 · g 0.1441 | 0.0741 (0.0741) · 14.8889 · 0/1 · g 0.015 | 0.5 (0.5) · 14.7778 · 0/1 · g 0.0854 | 0.5556 (0.5556) · 27.8889 · 0/1 · g None | 0.6667 (0.6667) · 14.1111 · 0/1 · g None
  p6 | 0.6667 (0.6667) · 20.1111 · 0/1 · g 0.1991 | 0.0625 (0.0625) · 13.5556 · 0/1 · g 0.0295 | 0.6667 (0.6667) · 19.2222 · 0/1 · g 0.0794 | 0.75 (0.75) · 33.5556 · 0/1 · g None | 0.8333 (0.8333) · 10.3333 · 0/1 · g None
  p7 | 0.6667 (0.6667) · 18.2222 · 0/1 · g 0.1916 | 0.0769 (0.0769) · 10.5556 · 0/1 · g 0.0624 | 0.6667 (0.6667) · 14.7778 · 0/1 · g 0.1067 | 0.75 (0.75) · 30.0 · 0/1 · g None | 0.1 (0.1) · 26.6667 · 0/1 · g None
  p8 | 0.3158 (0.3158) · 18.0 · 0/1 · g 0.2396 | 0.2 (0.2) · 12.7778 · 0/1 · g 0.0383 | 0.6667 (0.6667) · 15.6667 · 0/1 · g 0.1343 | 0.6364 (0.6364) · 26.6667 · 0/1 · g None | 0.8333 (0.8333) · 10.0 · 0/1 · g None
  p9 | 0.6923 (0.6923) · 15.5556 · 0/1 · g 0.2399 | 0.0 (0.0) · 10.7778 · 0/1 · g 0.0132 | 0.6154 (0.6154) · 16.4444 · 0/1 · g 0.1261 | 0.7 (0.7) · 33.5556 · 0/1 · g None | 0.6667 (0.6667) · 19.2222 · 0/1 · g None
Terminado en 2497.3s · C:\Users\User\Documents\PROYECTOS\JUACO\organelos\experimentos\organelos\reunion\opusB\datos\c1_T25000_n10_20260928_184930
