CORRE_TERMOSTATO · replica · 20260929_090548 · python 3.14.2 · pool 6 · corre_termostato.py 27d091dd179ad95c · preregistro PREREGISTRO_termostato_pista.md · semillas pasaje 596300-596499 · prueba 596501-596520 · T pasaje 25000 · T prueba 100000 · C:\Users\User\Documents\PROYECTOS\JUACO\organelos\experimentos\organelos\reunion\opusB\datos_termostato\termostato_replica_20260929_090548
  sha experimentos\organelos\reunion\opusB\corre_pas.py 49322105ff725569 OK
  sha experimentos\organelos\reunion\opusB\construye_pas.py db39a13617113793 OK
  sha experimentos\organelos\reunion\opusB\carros\V143_PAS.py d9dd7fb0187a0bc6 OK
  sha experimentos\organelos\reunion\opusB\carros\V143_PAS0.py 598a98a13aa1f754 OK
  sha experimentos\organelos\termo\carros\V143_TERMO.py 3db639cab75641fb OK
  sha experimentos\organelos\termo_banco\carros\V143_EVO_BAJO.py 3187b373654e119f OK
  sha experimentos\tronco_v14_3\corre_v143.py 24100621c450da22 OK
  sha experimentos\tronco_v14_3\carros_v143\V143.py 2a03048a7f1525e5 OK
  sha experimentos\carrera_escuderias\pista.py 9f47c65e438e0ff4 OK
  sha experimentos\carrera_escuderias\juez.py 6a68f640a7832f12 OK
  sha experimentos\carrera_escuderias\carros\O1.py 99436afa2715f028 OK
  carro V143_PAS == construye_pas: True
  carro V143_PAS0 == construye_pas: True
  [  249.8s] cadena i0 pasg (249.4s) aborto None R0 None g [0.3826]
  [  250.2s] cadena i2 pasg (249.7s) aborto None R0 None g [0.2215]
  [  251.7s] cadena i1 ctl (251.3s) aborto None R0 None g [0.0036]
  [  252.0s] cadena i0 ctl (251.6s) aborto None R0 None g [0.0138]
  [  252.9s] cadena i1 pasg (252.5s) aborto None R0 None g [0.2804]
  [  253.3s] cadena i2 ctl (252.9s) aborto None R0 None g [0.042]
  [  491.2s] cadena i3 ctl (241.0s) aborto None R0 None g [-0.0032]
  [  491.5s] cadena i3 pasg (241.6s) aborto None R0 None g [0.1842]
  [  497.9s] cadena i4 pasg (246.2s) aborto None R0 None g [0.2393]
  [  499.3s] cadena i4 ctl (247.3s) aborto None R0 None g [0.0245]
  [  499.9s] cadena i5 pasg (247.0s) aborto None R0 None g [0.1957]
  [  502.8s] cadena i5 ctl (249.4s) aborto None R0 None g [0.0154]
  [  741.4s] cadena i6 pasg (250.3s) aborto None R0 None g [0.1908]
  [  742.1s] cadena i6 ctl (250.6s) aborto None R0 None g [0.0086]
  [  754.7s] cadena i7 pasg (256.8s) aborto None R0 None g [0.1708]
  [  756.5s] cadena i7 ctl (257.2s) aborto None R0 None g [0.0281]
  [  759.1s] cadena i8 pasg (259.1s) aborto None R0 None g [0.1801]
  [  761.2s] cadena i8 ctl (258.4s) aborto None R0 None g [0.0061]
  [  991.9s] cadena i9 pasg (250.5s) aborto None R0 None g [0.1805]
  [  992.4s] cadena i9 ctl (250.3s) aborto None R0 None g [0.01]
  [ 1011.3s] cadena i11 pasg (252.3s) aborto None R0 None g [0.2019]
  [ 1012.3s] cadena i10 pasg (257.6s) aborto None R0 None g [0.404]
  [ 1015.4s] cadena i10 ctl (258.9s) aborto None R0 None g [-0.022]
  [ 1020.6s] cadena i11 ctl (259.4s) aborto None R0 None g [0.0367]
  [ 1242.1s] cadena i12 pasg (250.2s) aborto None R0 None g [0.2671]
  [ 1243.2s] cadena i12 ctl (250.9s) aborto None R0 None g [0.0648]
  [ 1263.5s] cadena i13 pasg (252.1s) aborto None R0 None g [0.1655]
  [ 1267.4s] cadena i13 ctl (255.1s) aborto None R0 None g [0.0345]
  [ 1272.2s] cadena i14 pasg (256.8s) aborto None R0 None g [0.276]
  [ 1273.9s] cadena i14 ctl (253.3s) aborto None R0 None g [0.0489]
  [ 1485.6s] cadena i15 pasg (243.5s) aborto None R0 None g [0.19]
  [ 1488.7s] cadena i15 ctl (245.4s) aborto None R0 None g [0.0337]
  [ 1507.8s] cadena i16 pasg (244.3s) aborto None R0 None g [0.2779]
  [ 1512.8s] cadena i16 ctl (245.4s) aborto None R0 None g [0.0302]
  [ 1519.7s] cadena i17 ctl (245.8s) aborto None R0 None g [0.0231]
  [ 1520.2s] cadena i17 pasg (248.0s) aborto None R0 None g [0.2425]
  [ 1617.4s] prueba i0 ctl (97.7s) aborto None R0 0.6786 g []
  [ 1618.6s] prueba i0 v143 (98.4s) aborto None R0 0.8065 g []
  [ 1717.1s] prueba i0 termo (99.7s) aborto None R0 0.8788 g []
  [ 1729.1s] cadena i18 pasg (243.6s) aborto None R0 None g [0.3016]
  [ 1733.9s] cadena i18 ctl (245.2s) aborto None R0 None g [-0.0061]
  [ 1752.3s] cadena i19 pasg (244.6s) aborto None R0 None g [0.1249]
  [ 1761.0s] cadena i19 ctl (248.2s) aborto None R0 None g [0.0272]
  [ 1811.3s] prueba i0 o1 (192.8s) aborto None R0 0.95 g []
  [ 1817.2s] prueba i1 ctl (100.1s) aborto None R0 0.3571 g []
  [ 1830.5s] prueba i1 v143 (101.4s) aborto None R0 0.8033 g []
  [ 1834.6s] prueba i1 termo (100.7s) aborto None R0 0.8857 g []
  [ 1862.9s] prueba i2 ctl (101.9s) aborto None R0 0.2308 g []
  [ 1913.1s] prueba i2 v143 (101.8s) aborto None R0 0.5714 g []
  [ 1918.4s] prueba i2 termo (101.2s) aborto None R0 0.9474 g []
  [ 1934.9s] prueba i3 ctl (100.4s) aborto None R0 0.3167 g []
  [ 1945.6s] prueba i1 o1 (193.3s) aborto None R0 0.9474 g []
  [ 1964.6s] prueba i3 v143 (101.6s) aborto None R0 0.6279 g []
  [ 2013.6s] prueba i3 termo (100.5s) aborto None R0 0.9091 g []
  [ 2030.5s] prueba i2 o1 (200.0s) aborto None R0 0.95 g []
  [ 2035.6s] prueba i4 ctl (100.7s) aborto None R0 0.3704 g []
  [ 2047.4s] prueba i4 v143 (101.8s) aborto None R0 0.75 g []
  [ 2065.3s] prueba i4 termo (100.8s) aborto None R0 0.9231 g []
  [ 2110.2s] prueba i3 o1 (191.9s) aborto None R0 0.875 g []
  [ 2131.7s] prueba i5 ctl (101.2s) aborto None R0 0.5312 g []
  [ 2138.5s] prueba i5 v143 (102.9s) aborto None R0 0.8462 g []
  [ 2149.5s] prueba i5 termo (102.1s) aborto None R0 0.9643 g []
  [ 2208.0s] prueba i4 o1 (194.4s) aborto None R0 0.95 g []
  [ 2211.1s] prueba i6 ctl (100.9s) aborto None R0 0.381 g []
  [ 2234.0s] prueba i6 v143 (102.2s) aborto None R0 0.7568 g []
  [ 2239.7s] prueba i6 termo (101.1s) aborto None R0 0.96 g []
  [ 2257.3s] prueba i5 o1 (192.0s) aborto None R0 0.9286 g []
  [ 2308.4s] prueba i7 ctl (100.3s) aborto None R0 0.4038 g []
  [ 2314.3s] prueba i7 v143 (103.2s) aborto None R0 0.5556 g []
  [ 2334.9s] prueba i7 termo (100.9s) aborto None R0 0.8667 g []
  [ 2342.0s] prueba i6 o1 (192.5s) aborto None R0 0.9524 g []
  [ 2356.3s] prueba i8 ctl (99.0s) aborto None R0 0.4324 g []
  [ 2410.4s] prueba i8 v143 (102.1s) aborto None R0 0.4048 g []
  [ 2415.7s] prueba i8 termo (101.4s) aborto None R0 0.96 g []
  [ 2430.9s] prueba i7 o1 (191.2s) aborto None R0 0.9286 g []
  [ 2441.0s] prueba i9 ctl (99.0s) aborto None R0 0.2381 g []
  [ 2456.8s] prueba i9 v143 (100.5s) aborto None R0 0.7179 g []
  [ 2508.7s] prueba i9 termo (98.3s) aborto None R0 0.9189 g []
  [ 2528.0s] prueba i10 ctl (97.1s) aborto None R0 0.5128 g []
  [ 2530.2s] prueba i8 o1 (195.3s) aborto None R0 0.9412 g []
  [ 2540.6s] prueba i10 v143 (99.6s) aborto None R0 0.3284 g []
  [ 2554.5s] prueba i10 termo (97.6s) aborto None R0 0.6852 g []
  [ 2600.3s] prueba i9 o1 (184.6s) aborto None R0 0.9167 g []
  [ 2624.1s] prueba i11 ctl (96.1s) aborto None R0 0.2745 g []
  [ 2628.9s] prueba i11 v143 (98.7s) aborto None R0 0.24 g []
  [ 2637.8s] prueba i11 termo (97.1s) aborto None R0 0.6429 g []
  [ 2693.1s] prueba i10 o1 (184.5s) aborto None R0 0.9444 g []
  [ 2697.0s] prueba i12 ctl (96.7s) aborto None R0 0.3673 g []
  [ 2723.4s] prueba i12 v143 (99.3s) aborto None R0 0.4561 g []
  [ 2726.8s] prueba i12 termo (97.9s) aborto None R0 0.963 g []
  [ 2737.1s] prueba i11 o1 (182.7s) aborto None R0 0.9167 g []
  [ 2790.1s] prueba i13 ctl (97.0s) aborto None R0 0.2222 g []
  [ 2796.6s] prueba i13 v143 (99.6s) aborto None R0 0.6667 g []
  [ 2820.7s] prueba i13 termo (97.3s) aborto None R0 0.9667 g []
  [ 2822.0s] prueba i12 o1 (184.3s) aborto None R0 0.9231 g []
  [ 2833.4s] prueba i14 ctl (96.3s) aborto None R0 0.5946 g []
  [ 2888.6s] prueba i14 v143 (98.5s) aborto None R0 0.7931 g []
  [ 2893.8s] prueba i14 termo (97.2s) aborto None R0 0.92 g []
  [ 2917.2s] prueba i13 o1 (190.5s) aborto None R0 0.9474 g []
  [ 2918.4s] prueba i15 ctl (96.4s) aborto None R0 0.2632 g []
  [ 2931.9s] prueba i15 v143 (98.5s) aborto None R0 0.3134 g []
  [ 2986.5s] prueba i15 termo (97.9s) aborto None R0 0.96 g []
  [ 3007.5s] prueba i14 o1 (186.8s) aborto None R0 0.9333 g []
  [ 3014.7s] prueba i16 ctl (97.5s) aborto None R0 0.1163 g []
  [ 3017.6s] prueba i16 v143 (99.2s) aborto None R0 0.5273 g []
  [ 3030.4s] prueba i16 termo (98.6s) aborto None R0 0.66 g []
  [ 3081.3s] prueba i15 o1 (187.5s) aborto None R0 0.9474 g []
  [ 3104.2s] prueba i17 ctl (96.7s) aborto None R0 0.1463 g []
  [ 3113.1s] prueba i17 v143 (98.4s) aborto None R0 0.3929 g []
  [ 3115.9s] prueba i17 termo (98.3s) aborto None R0 0.963 g []
  [ 3172.3s] prueba i16 o1 (185.8s) aborto None R0 0.9444 g []
  [ 3178.6s] prueba i18 ctl (97.3s) aborto None R0 0.3143 g []
  [ 3203.3s] prueba i18 v143 (99.1s) aborto None R0 0.3051 g []
  [ 3209.8s] prueba i18 termo (96.7s) aborto None R0 0.8085 g []
  [ 3214.0s] prueba i17 o1 (183.5s) aborto None R0 0.9167 g []
  [ 3267.2s] prueba i19 ctl (94.9s) aborto None R0 0.209 g []
  [ 3275.9s] prueba i19 v143 (97.3s) aborto None R0 0.5818 g []
  [ 3297.1s] prueba i19 termo (93.9s) aborto None R0 0.9545 g []
  [ 3297.3s] prueba i18 o1 (181.4s) aborto None R0 0.9545 g []
  [ 3383.1s] prueba i19 o1 (173.3s) aborto None R0 0.9333 g []
  [ 3479.5s] prueba i5 pasg (96.0s) aborto None R0 0.8235 g 0.1957
  [ 3481.9s] prueba i2 pasg (98.4s) aborto None R0 0.9062 g 0.2215
  [ 3481.9s] prueba i3 pasg (98.4s) aborto None R0 0.8158 g 0.1842
  [ 3482.3s] prueba i0 pasg (98.8s) aborto None R0 0.8649 g 0.3826
  [ 3482.7s] prueba i4 pasg (99.2s) aborto None R0 0.9565 g 0.2393
  [ 3483.5s] prueba i1 pasg (100.0s) aborto None R0 0.96 g 0.2804
  [ 3575.7s] prueba i6 pasg (96.2s) aborto None R0 0.9643 g 0.1908
  [ 3577.3s] prueba i7 pasg (95.4s) aborto None R0 0.9565 g 0.1708
  [ 3578.3s] prueba i9 pasg (96.0s) aborto None R0 0.8846 g 0.1805
  [ 3578.7s] prueba i8 pasg (96.7s) aborto None R0 0.9545 g 0.1801
  [ 3580.9s] prueba i11 pasg (97.5s) aborto None R0 0.9512 g 0.2019
  [ 3581.6s] prueba i10 pasg (98.8s) aborto None R0 0.8333 g 0.404
  [ 3673.1s] prueba i12 pasg (97.4s) aborto None R0 0.92 g 0.2671
  [ 3674.0s] prueba i13 pasg (96.7s) aborto None R0 0.6486 g 0.1655
  [ 3675.9s] prueba i15 pasg (97.2s) aborto None R0 0.9474 g 0.19
  [ 3676.3s] prueba i14 pasg (98.0s) aborto None R0 0.9574 g 0.276
  [ 3679.1s] prueba i16 pasg (98.1s) aborto None R0 0.9583 g 0.2779
  [ 3680.2s] prueba i17 pasg (98.6s) aborto None R0 0.8214 g 0.2425
  [ 3761.6s] prueba i18 pasg (88.5s) aborto None R0 0.6444 g 0.3016
  [ 3762.3s] prueba i19 pasg (88.4s) aborto None R0 0.95 g 0.1249

================ LA LETRA (PREREGISTRO_termostato_pista.md sec. 6)
  validez: {'V1_completa': True, 'V2_p0_pasg_eq_ctl': True, 'V3_ancla_v143': True, 'V4_ancla_o1': True, 'V5_siembra_actua': True}
  puertas: {'PA_pasg_gana_v143': True, 'PA_pasg_gana_ctl': True, 'PB_g_sube_a_banda': True, 'PC_ctl_no_sube': True}
  pareados: {'pasg_vs_v143': {'n': 20, 'gana': 18, 'dif_med': 0.337}, 'pasg_vs_ctl': {'n': 20, 'gana': 20, 'dif_med': 0.568}, 'pasg_vs_termo': {'n': 20, 'gana': 8, 'dif_med': -0.009}, 'ctl_vs_v143': {'n': 20, 'gana': 4, 'dif_med': -0.2789}, 'termo_vs_v143': {'n': 20, 'gana': 20, 'dif_med': 0.3056}, 'o1_vs_v143': {'n': 20, 'gana': 20, 'dif_med': 0.3623}}
  descriptivo: {'g_siembra_pasg_ultimo': {0: 0.3826, 2: 0.2215, 1: 0.2804, 3: 0.1842, 4: 0.2393, 5: 0.1957, 6: 0.1908, 7: 0.1708, 8: 0.1801, 9: 0.1805, 11: 0.2019, 10: 0.404, 12: 0.2671, 13: 0.1655, 14: 0.276, 15: 0.19, 16: 0.2779, 17: 0.2425, 18: 0.3016, 19: 0.1249}, 'g_siembra_pasg_p0': {0: 0.046, 2: 0.0031, 1: 0.0519, 3: 0.0666, 4: 0.0102, 5: 0.0717, 6: -0.0265, 7: 0.0291, 8: 0.0089, 9: 0.0624, 11: 0.0244, 10: 0.0305, 12: 0.045, 13: 0.0037, 14: 0.0256, 15: 0.0174, 16: 0.0243, 17: 0.0235, 18: 0.0259, 19: -0.0066}, 'g_siembra_ctl_ultimo': {1: 0.0036, 0: 0.0138, 2: 0.042, 3: -0.0032, 4: 0.0245, 5: 0.0154, 6: 0.0086, 7: 0.0281, 8: 0.0061, 9: 0.01, 10: -0.022, 11: 0.0367, 12: 0.0648, 13: 0.0345, 14: 0.0489, 15: 0.0337, 16: 0.0302, 17: 0.0231, 18: -0.0061, 19: 0.0272}, 'indices_que_suben': 20, 'R0_med': {'pasg': 0.9337, 'ctl': 0.3369, 'v143': 0.5766, 'termo': 0.9216, 'o1': 0.9428}, 'mayorias': {'pasg': 12, 'ctl': 0, 'v143': 0, 'termo': 13, 'o1': 19}, 'fund_por_linaje': {'pasg': 87.0556, 'ctl': 53.5, 'v143': 188.0556, 'termo': 121.1667, 'o1': 37.2778}, 'pasg_aprox_termo': {'n': 20, 'gana': 8, 'dif_med': -0.009}}

  RESUMEN C:\Users\User\Documents\PROYECTOS\JUACO\organelos\experimentos\organelos\reunion\opusB\datos_termostato\termostato_replica_20260929_090548\resumen.json (sha dd724aab152c4faa) · abortos 0 · 3762.4s
VEREDICTO DE LA REPLICA: FUNCIONA
