CORRE_TERMOSTATO · serie · 20260928_225549 · python 3.14.2 · pool 6 · corre_termostato.py 27d091dd179ad95c · preregistro PREREGISTRO_termostato_pista.md · semillas pasaje 596000-596199 · prueba 596201-596220 · T pasaje 25000 · T prueba 100000 · C:\Users\User\Documents\PROYECTOS\JUACO\organelos\experimentos\organelos\reunion\opusB\datos_termostato\termostato_serie_20260928_225549
  sha experimentos\organelos\reunion\opusB\corre_pas.py 49322105ff725569 OK
  sha experimentos\organelos\reunion\opusB\construye_pas.py db39a13617113793 OK
  sha experimentos\organelos\reunion\opusB\carros\V143_PAS.py d9dd7fb0187a0bc6 OK
  sha experimentos\organelos\reunion\opusB\carros\V143_PAS0.py 598a98a13aa1f754 OK
  sha experimentos\organelos\termo\carros\V143_TERMO.py 3db639cab75641fb OK
  sha experimentos\organelos\termo_banco\carros\V143_EVO_BAJO.py 3187b373654e119f OK
  sha experimentos\tronco_v14_3\corre_v143.py 24100621c450da22 OK
  sha experimentos\tronco_v14_3\carros_v143\V143.py 2a03048a7f1525e5 OK
  sha experimentos\carrera_escuderias\pista.py 9f47c65e438e0ff4 OK
  sha experimentos\carrera_escuderias\juez.py 6a68f640a7832f12 OK
  sha experimentos\carrera_escuderias\carros\O1.py 99436afa2715f028 OK
  carro V143_PAS == construye_pas: True
  carro V143_PAS0 == construye_pas: True
  [  366.9s] cadena i0 pasg (366.5s) aborto None R0 None g [0.1643]
  [  367.8s] cadena i0 ctl (367.4s) aborto None R0 None g [0.0194]
  [  369.0s] cadena i2 pasg (368.5s) aborto None R0 None g [0.1237]
  [  369.2s] cadena i1 pasg (368.7s) aborto None R0 None g [0.3281]
  [  369.6s] cadena i2 ctl (369.2s) aborto None R0 None g [0.0346]
  [  370.0s] cadena i1 ctl (369.6s) aborto None R0 None g [0.0216]
  [  735.7s] cadena i3 pasg (368.8s) aborto None R0 None g [0.219]
  [  737.0s] cadena i3 ctl (369.2s) aborto None R0 None g [0.02]
  [  740.0s] cadena i4 ctl (370.8s) aborto None R0 None g [0.0186]
  [  740.9s] cadena i4 pasg (372.0s) aborto None R0 None g [0.235]
  [  741.2s] cadena i5 ctl (371.2s) aborto None R0 None g [0.0434]
  [  741.4s] cadena i5 pasg (371.8s) aborto None R0 None g [0.1409]
