HUMO RONDA 2 · equipo O3 · modo mix · semilla 9052 · T=30000 · fundador limpio · humo 9/12
  carros ['O2', 'O2', 'O2', 'O3', 'O3', 'O3', 'O4', 'O4', 'O4'] · sha {'O2': '4ff4b24a653e6a38', 'O3': 'a3476bf748d08866', 'O4': 'd27fbf1c172a0d6b'} · pista c96d723fe2c6eaba · juez b776b52e515a2fac · chequeo estatico PASA

RESUMEN · humo O3 mix · semillas [9052] · T=30000 · pizarra 1 · rep_acum 0
  linaje        R0 med         R0 por semilla    vida  muert  desc  fund    p1    c1   expA    sac  causas (hambre/sed/veneno/sal)  >=0.9
  O2#0             8.0                  [8.0]  2691.0    2.0  24.0   0.0   1.0   1.0  195.0  0.549  0/1/1/0 (0%/50%/50%/0%)  1/1
  O2#1            14.5                 [14.5] 15000.0    1.0  29.0   0.0   0.0   0.0  166.0  0.664  0/0/1/0 (0%/0%/100%/0%)  1/1
  O2#2           9.667               [9.6667]  2709.0    2.0  29.0   0.0   0.5   1.0  181.0  0.626  1/1/0/0 (50%/50%/0%/0%)  1/1
  O3#3           1.125                [1.125]  2747.0    7.0   9.0   0.0   1.0 0.857  204.0  0.468  0/1/3/3 (0%/14%/43%/43%)  1/1
  O3#4           1.077               [1.0769]  2089.0   12.0  14.0   1.0   1.0 0.909  167.0  0.477  1/2/3/6 (8%/17%/25%/50%)  1/1
  O3#5           1.167               [1.1667]  2274.0   11.0  14.0   0.0 0.818   1.0  182.0  0.495  2/0/6/3 (18%/0%/55%/27%)  1/1
  O4#6             1.1                  [1.1]  3034.0    9.0  11.0   0.0   1.0   1.0  231.0  0.442  0/0/6/3 (0%/0%/67%/33%)  1/1
  O4#7             1.1                  [1.1]  3025.0    9.0  11.0   0.0 0.889 0.889  203.0   0.43  1/1/4/3 (11%/11%/44%/33%)  1/1
  O4#8           1.111               [1.1111]  3030.0    8.0  10.0   0.0 0.875   1.0  217.0  0.412  0/0/2/6 (0%/0%/25%/75%)  1/1
  R0 de la pista (mediana por semilla de sum desc / (sum muertes + n)): 2.157 · por semilla [2.1571]
  semilla 9052: fraccion B+D del mundo por cuarto de T [0.93, 0.922, 0.895, 0.912] · L 360 nobj 36
  DIAGNOSTICO (mediana sobre 9 linajes-semilla; ventana 50 pasos tras perder el objetivo bueno):
    robos por linaje 617.0 · perdidas por olvido 13.0 · B/D tras robo 0.339 vs tras olvido 0.385 vs base 0.353 · A/C tras robo 0.374 vs base 0.417
    distancia media al bueno mas cercano 67.462 · frac pasos sin bueno en el mundo 0.229 · frac pasos sin NINGUN objeto a <= 20 0.03 (max 0.0445)
  MECANISMO (ENMIENDA 4; desde la fisica: 'limpieza' = mordida de B/D A SABIENDAS -letra ya mordida por el linaje- con el golpe en la necesidad MAS llena):
    limpiezas por linaje-semilla (mediana) 210.0 · por cuerpo 26.333 · total 1600 · objetos buenos que reaparecen por ellas 797 (0.498 por limpieza)
    todas las mordidas malas 1726 -> buenos que reaparecen 858 · fraccion de pasos SIN ningun objeto bueno en el mundo por semilla [0.03] (mediana 0.03)
  HAMBRE -> BOCA (suma de todos los linajes-semilla; H = manda el hambre, S = manda la sed; deficit = el de la necesidad activa):
    AH: decisiones   1505 mordidas    908 tasa 0.603 · deficit medio al decidir 0.122 al morder 0.199
    AS: decisiones    367 mordidas    313 tasa 0.853 · deficit medio al decidir 0.375 al morder 0.375
    BH: decisiones   9407 mordidas    340 tasa 0.036 · deficit medio al decidir 0.115 al morder 0.038
    BS: decisiones   2896 mordidas    538 tasa 0.186 · deficit medio al decidir 0.374 al morder 0.347
    CH: decisiones   1319 mordidas    766 tasa 0.581 · deficit medio al decidir 0.105 al morder 0.138
    CS: decisiones    468 mordidas    464 tasa 0.991 · deficit medio al decidir 0.352 al morder 0.348
    DH: decisiones   9036 mordidas    825 tasa 0.091 · deficit medio al decidir 0.119 al morder 0.191
    DS: decisiones   2963 mordidas     23 tasa 0.008 · deficit medio al decidir 0.393 al morder 0.520
    deficit en mordidas B/D (bins de 0.1) [941, 148, 92, 115, 123, 70, 88, 75, 39, 35] (media ~0.235) · en mordidas A/C [1209, 240, 153, 181, 227, 120, 122, 98, 60, 41] (media ~0.248)
    mordidas B/D con un robo en los 50 pasos previos 0.68 vs pasos cubiertos asi 0.662 · deficit en B/D con robo previo 0.251 vs sin 0.222
    formato H-BOCA (mordidas / exposiciones): veneno con SED 538/2885 · veneno con HAMBRE 340/8849 · sal con HAMBRE 825/8508 · sal con SED 23/2946
  contabilidad fisica coherente: 9/9 · t_fund reconstruible desde telem == fisica: 9/9
  mundo: objetos medios por tipo (A comida, B veneno, C agua, D sal; nobj=36) por semilla [{'A': 1.5607, 'B': 16.6084, 'C': 1.508, 'D': 16.3229}] · olvidos [795]
  mordidas totales por tipo por semilla [{'A': 1221, 'B': 878, 'C': 1230, 'D': 848}]
  referencia UN cuerpo a la vez: REL 0.395 (acum 1: 0.483) -- bloque 2, replica 1601-1620, un cuerpo a la vez (REGLAMENTO sec. 1)

RONDA 2 / ENMIENDA 5 (fundador limpio SI; cruza = R0 de NACIMIENTOS REALES >= 0.9 y 0 fundadores tras t = 10000, con >= 5 muertes) · r2mix3
  equipo     lin-sem cruzan evaluab casi inm R0 REAL eval med R0 prereg med sem cruza (mayoria)  (todos)  gana
  O2               3      0       0        3             None          None                 0/1      0/1  no
  O3               3      1       3        0            0.875         1.125                 0/1      0/1  no
  O4               3      2       3        0              0.9           1.1                 1/1      0/1  SI
  PREDICCIONES FIRMADAS (ENMIENDA 5) -- se leen sobre el conjunto de series; lo de esta serie:
    - al menos un equipo gana la ronda 2 en monocultivo (p 0.50)
    - en pista mixta con 6 FABRICA gana alguno (p 0.25)
    - O1 con fundador limpio cruza en monocultivo con R0 real (p 0.60)
    medido en esta serie: pista mixta O2/O3/O4: ganan ['O4']
  JSON C:\Users\User\Documents\PROYECTOS\JUACO\carrera\experimentos\carrera_escuderias\datos\humos_r2\O3\humo_O3_mix_s9052_T30000_20260922_170941.json · 83.8s · te quedan 3 humos
