HUMO RONDA 2 · equipo O3 · modo mono · semilla 9034 · T=30000 · fundador limpio · humo 1/12
  carros ['O3', 'O3', 'O3', 'O3', 'O3', 'O3', 'O3', 'O3', 'O3'] · sha {'O3': '8bb3ad6e7cc5da97'} · pista c96d723fe2c6eaba · juez b776b52e515a2fac · chequeo estatico PASA

RESUMEN · humo O3 mono · semillas [9034] · T=30000 · pizarra 1 · rep_acum 0
  linaje        R0 med         R0 por semilla    vida  muert  desc  fund    p1    c1   expA    sac  causas (hambre/sed/veneno/sal)  >=0.9
  O3#0             0.0                  [0.0]   600.0   64.0   0.0  64.0   1.0   0.0  933.0    0.0  36/1/0/27 (56%/2%/0%/42%)  0/1
  O3#1             0.0                  [0.0]   600.0   54.0   0.0  54.0   1.0   0.0 1170.0    0.0  41/0/0/13 (76%/0%/0%/24%)  0/1
  O3#2             0.0                  [0.0]   600.0   60.0   0.0  60.0   1.0   0.0  904.0    0.0  39/1/0/20 (65%/2%/0%/33%)  0/1
  O3#3             0.0                  [0.0]   600.0   62.0   0.0  62.0   1.0   0.0 1001.0    0.0  39/0/0/23 (63%/0%/0%/37%)  0/1
  O3#4             0.0                  [0.0]   600.0   58.0   0.0  58.0   1.0   0.0  985.0    0.0  40/0/0/18 (69%/0%/0%/31%)  0/1
  O3#5             0.0                  [0.0]   600.0   58.0   0.0  58.0   1.0   0.0  785.0    0.0  39/0/0/19 (67%/0%/0%/33%)  0/1
  O3#6             0.0                  [0.0]   600.0   62.0   0.0  62.0   1.0 0.018 1046.0    0.0  37/1/0/24 (60%/2%/0%/39%)  0/1
  O3#7             0.0                  [0.0]   600.0   60.0   0.0  60.0   1.0 0.018  985.0    0.0  40/0/0/20 (67%/0%/0%/33%)  0/1
  O3#8             0.0                  [0.0]   600.0   64.0   0.0  64.0   1.0   0.0  832.0    0.0  34/0/0/30 (53%/0%/0%/47%)  0/1
  R0 de la pista (mediana por semilla de sum desc / (sum muertes + n)): 0.0 · por semilla [0.0]
  semilla 9034: fraccion B+D del mundo por cuarto de T [0.453, 0.566, 0.594, 0.491] · L 360 nobj 36
  DIAGNOSTICO (mediana sobre 9 linajes-semilla; ventana 50 pasos tras perder el objetivo bueno):
    robos por linaje 13.0 · perdidas por olvido 19.0 · B/D tras robo 0.0 vs tras olvido 0.053 vs base 0.063 · A/C tras robo 0.0 vs base 0.067
    distancia media al bueno mas cercano 11.969 · frac pasos sin bueno en el mundo 0.035 · frac pasos sin NINGUN objeto a <= 20 0.018 (max 0.0261)
  MECANISMO (ENMIENDA 4; desde la fisica: 'limpieza' = mordida de B/D A SABIENDAS -letra ya mordida por el linaje- con el golpe en la necesidad MAS llena):
    limpiezas por linaje-semilla (mediana) 37.0 · por cuerpo 0.627 · total 338 · objetos buenos que reaparecen por ellas 181 (0.536 por limpieza)
    todas las mordidas malas 347 -> buenos que reaparecen 186 · fraccion de pasos SIN ningun objeto bueno en el mundo por semilla [0.0] (mediana 0.0)
  HAMBRE -> BOCA (suma de todos los linajes-semilla; H = manda el hambre, S = manda la sed; deficit = el de la necesidad activa):
    AH: decisiones  11546 mordidas      0 tasa 0.000 · deficit medio al decidir 0.665 al morder 0.000
    AS: decisiones    475 mordidas      0 tasa 0.000 · deficit medio al decidir 0.885 al morder 0.000
    BH: decisiones  12647 mordidas      0 tasa 0.000 · deficit medio al decidir 0.661 al morder 0.000
    BS: decisiones    545 mordidas      0 tasa 0.000 · deficit medio al decidir 0.896 al morder 0.000
    CH: decisiones    375 mordidas    342 tasa 0.912 · deficit medio al decidir 0.660 al morder 0.660
    CS: decisiones     12 mordidas     12 tasa 1.000 · deficit medio al decidir 0.906 al morder 0.906
    DH: decisiones    399 mordidas    347 tasa 0.870 · deficit medio al decidir 0.663 al morder 0.662
    DS: decisiones     10 mordidas      0 tasa 0.000 · deficit medio al decidir 0.898 al morder 0.000
    deficit en mordidas B/D (bins de 0.1) [2, 5, 4, 0, 60, 65, 57, 64, 53, 37] (media ~0.662) · en mordidas A/C [5, 0, 0, 0, 70, 59, 68, 51, 51, 50] (media ~0.671)
    mordidas B/D con un robo en los 50 pasos previos 0.0 vs pasos cubiertos asi 0.016 · deficit en B/D con robo previo 0.409 vs sin 0.653
    formato H-BOCA (mordidas / exposiciones): veneno con SED 0/410 · veneno con HAMBRE 0/9022 · sal con HAMBRE 347/393 · sal con SED 0/10
  contabilidad fisica coherente: 9/9 · t_fund reconstruible desde telem == fisica: 9/9
  mundo: objetos medios por tipo (A comida, B veneno, C agua, D sal; nobj=36) por semilla [{'A': 16.8197, 'B': 18.6583, 'C': 0.237, 'D': 0.285}] · olvidos [788]
  mordidas totales por tipo por semilla [{'A': 0, 'B': 0, 'C': 354, 'D': 347}]
  referencia UN cuerpo a la vez: REL 0.395 (acum 1: 0.483) -- bloque 2, replica 1601-1620, un cuerpo a la vez (REGLAMENTO sec. 1)

RONDA 2 / ENMIENDA 5 (fundador limpio SI; cruza = R0 de NACIMIENTOS REALES >= 0.9 y 0 fundadores tras t = 10000, con >= 5 muertes) · r2mono
  equipo     lin-sem cruzan evaluab casi inm R0 REAL eval med R0 prereg med sem cruza (mayoria)  (todos)  gana
  O3               9      0       9        0              0.0           0.0                 0/1      0/1  no
  PREDICCIONES FIRMADAS (ENMIENDA 5) -- se leen sobre el conjunto de series; lo de esta serie:
    - al menos un equipo gana la ronda 2 en monocultivo (p 0.50)
    - en pista mixta con 6 FABRICA gana alguno (p 0.25)
    - O1 con fundador limpio cruza en monocultivo con R0 real (p 0.60)
    medido en esta serie: monocultivo de ['O3']: gana no
  JSON C:\Users\User\Documents\PROYECTOS\JUACO\carrera\experimentos\carrera_escuderias\datos\humos_r2\O3\humo_O3_mono_s9034_T30000_20260922_165201.json · 18.1s · te quedan 11 humos
