HUMO RONDA 2 · equipo O3 · modo mix · semilla 9036 · T=30000 · fundador limpio · humo 5/12
  carros ['O2', 'O2', 'O2', 'O3', 'O3', 'O3', 'O4', 'O4', 'O4'] · sha {'O2': '4ff4b24a653e6a38', 'O3': 'a3476bf748d08866', 'O4': '99773badc7f9c165'} · pista c96d723fe2c6eaba · juez b776b52e515a2fac · chequeo estatico PASA

RESUMEN · humo O3 mix · semillas [9036] · T=30000 · pizarra 1 · rep_acum 0
  linaje        R0 med         R0 por semilla    vida  muert  desc  fund    p1    c1   expA    sac  causas (hambre/sed/veneno/sal)  >=0.9
  O2#0             6.5                  [6.5]  3698.5    3.0  26.0   0.0 0.667   1.0  175.0    0.6  1/0/0/2 (33%/0%/0%/67%)  1/1
  O2#1           3.143               [3.1429]  1380.0    6.0  22.0   5.0 0.833   1.0  191.0  0.538  1/0/3/2 (17%/0%/50%/33%)  1/1
  O2#2            6.25                 [6.25]  3313.5    3.0  25.0   2.0 0.333   1.0  194.0  0.575  0/1/1/1 (0%/33%/33%/33%)  1/1
  O3#3           1.667               [1.6667]  2354.0    8.0  15.0   0.0   1.0 0.875  206.0  0.469  0/0/3/5 (0%/0%/38%/62%)  1/1
  O3#4           1.143               [1.1429]  2017.5   13.0  16.0   0.0 0.769 0.917  186.0  0.471  2/2/5/4 (15%/15%/38%/31%)  1/1
  O3#5             1.5                  [1.5]  2843.0    9.0  15.0   0.0 0.889   1.0  210.0  0.511  1/1/5/2 (11%/11%/56%/22%)  1/1
  O4#6             1.2                  [1.2]  3020.0    9.0  12.0   0.0 0.889   1.0  225.0  0.468  1/1/5/2 (11%/11%/56%/22%)  1/1
  O4#7           1.222               [1.2222]  3026.0    8.0  11.0   0.0 0.875   1.0  203.0  0.449  0/0/2/6 (0%/0%/25%/75%)  1/1
  O4#8           1.182               [1.1818]  3022.0   10.0  13.0   0.0   0.9   1.0  198.0  0.441  0/1/5/4 (0%/10%/50%/40%)  1/1
  R0 de la pista (mediana por semilla de sum desc / (sum muertes + n)): 1.987 · por semilla [1.9872]
  semilla 9036: fraccion B+D del mundo por cuarto de T [0.892, 0.914, 0.888, 0.927] · L 360 nobj 36
  DIAGNOSTICO (mediana sobre 9 linajes-semilla; ventana 50 pasos tras perder el objetivo bueno):
    robos por linaje 594.0 · perdidas por olvido 19.0 · B/D tras robo 0.401 vs tras olvido 0.182 vs base 0.373 · A/C tras robo 0.399 vs base 0.44
    distancia media al bueno mas cercano 65.565 · frac pasos sin bueno en el mundo 0.22 · frac pasos sin NINGUN objeto a <= 20 0.039 (max 0.0519)
  MECANISMO (ENMIENDA 4; desde la fisica: 'limpieza' = mordida de B/D A SABIENDAS -letra ya mordida por el linaje- con el golpe en la necesidad MAS llena):
    limpiezas por linaje-semilla (mediana) 222.0 · por cuerpo 24.1 · total 1677 · objetos buenos que reaparecen por ellas 822 (0.49 por limpieza)
    todas las mordidas malas 1796 -> buenos que reaparecen 877 · fraccion de pasos SIN ningun objeto bueno en el mundo por semilla [0.025] (mediana 0.025)
  HAMBRE -> BOCA (suma de todos los linajes-semilla; H = manda el hambre, S = manda la sed; deficit = el de la necesidad activa):
    AH: decisiones   1431 mordidas    955 tasa 0.667 · deficit medio al decidir 0.135 al morder 0.199
    AS: decisiones    397 mordidas    315 tasa 0.793 · deficit medio al decidir 0.356 al morder 0.362
    BH: decisiones   9364 mordidas    392 tasa 0.042 · deficit medio al decidir 0.129 al morder 0.043
    BS: decisiones   2590 mordidas    546 tasa 0.211 · deficit medio al decidir 0.351 al morder 0.347
    CH: decisiones   1550 mordidas    787 tasa 0.508 · deficit medio al decidir 0.104 al morder 0.157
    CS: decisiones    533 mordidas    452 tasa 0.848 · deficit medio al decidir 0.374 al morder 0.344
    DH: decisiones   9374 mordidas    839 tasa 0.090 · deficit medio al decidir 0.121 al morder 0.206
    DS: decisiones   2860 mordidas     19 tasa 0.007 · deficit medio al decidir 0.370 al morder 0.505
    deficit en mordidas B/D (bins de 0.1) [958, 138, 119, 136, 137, 83, 89, 50, 47, 39] (media ~0.237) · en mordidas A/C [1213, 248, 159, 191, 244, 135, 126, 91, 62, 40] (media ~0.251)
    mordidas B/D con un robo en los 50 pasos previos 0.671 vs pasos cubiertos asi 0.645 · deficit en B/D con robo previo 0.276 vs sin 0.193
    formato H-BOCA (mordidas / exposiciones): veneno con SED 546/2582 · veneno con HAMBRE 392/8860 · sal con HAMBRE 839/8790 · sal con SED 19/2858
  contabilidad fisica coherente: 9/9 · t_fund reconstruible desde telem == fisica: 9/9
  mundo: objetos medios por tipo (A comida, B veneno, C agua, D sal; nobj=36) por semilla [{'A': 1.5373, 'B': 16.3842, 'C': 1.88, 'D': 16.1985}] · olvidos [851]
  mordidas totales por tipo por semilla [{'A': 1270, 'B': 938, 'C': 1239, 'D': 858}]
  referencia UN cuerpo a la vez: REL 0.395 (acum 1: 0.483) -- bloque 2, replica 1601-1620, un cuerpo a la vez (REGLAMENTO sec. 1)

RONDA 2 / ENMIENDA 5 (fundador limpio SI; cruza = R0 de NACIMIENTOS REALES >= 0.9 y 0 fundadores tras t = 10000, con >= 5 muertes) · r2mix3
  equipo     lin-sem cruzan evaluab casi inm R0 REAL eval med R0 prereg med sem cruza (mayoria)  (todos)  gana
  O2               3      0       1        2            0.143         3.143                 0/1      0/1  no
  O3               3      2       3        0              0.9           1.5                 1/1      0/1  SI
  O4               3      2       3        0              0.9           1.2                 1/1      0/1  SI
  PREDICCIONES FIRMADAS (ENMIENDA 5) -- se leen sobre el conjunto de series; lo de esta serie:
    - al menos un equipo gana la ronda 2 en monocultivo (p 0.50)
    - en pista mixta con 6 FABRICA gana alguno (p 0.25)
    - O1 con fundador limpio cruza en monocultivo con R0 real (p 0.60)
    medido en esta serie: pista mixta O2/O3/O4: ganan ['O3', 'O4']
  JSON C:\Users\User\Documents\PROYECTOS\JUACO\carrera\experimentos\carrera_escuderias\datos\humos_r2\O3\humo_O3_mix_s9036_T30000_20260922_170056.json · 94.2s · te quedan 7 humos
