HUMO RONDA 2 · equipo O3 · modo mono · semilla 9055 · T=30000 · fundador limpio · humo 12/12
  carros ['O3', 'O3', 'O3', 'O3', 'O3', 'O3', 'O3', 'O3', 'O3'] · sha {'O3': '0442c2884fcb0e11'} · pista c96d723fe2c6eaba · juez b776b52e515a2fac · chequeo estatico PASA

RESUMEN · humo O3 mono · semillas [9055] · T=30000 · pizarra 1 · rep_acum 0
  linaje        R0 med         R0 por semilla    vida  muert  desc  fund    p1    c1   expA    sac  causas (hambre/sed/veneno/sal)  >=0.9
  O3#0           2.125                [2.125]  3532.5    7.0  17.0   0.0 0.857 0.857  221.0  0.601  0/0/3/4 (0%/0%/43%/57%)  1/1
  O3#1             2.0                  [2.0]  2853.0    9.0  20.0   0.0   1.0 0.889  215.0  0.581  0/0/4/5 (0%/0%/44%/56%)  1/1
  O3#2           1.833               [1.8333]  2518.0   11.0  22.0   1.0 0.909 0.909  229.0  0.643  1/1/4/5 (9%/9%/36%/45%)  1/1
  O3#3           1.909               [1.9091]  2182.0   10.0  21.0   0.0   0.9   0.9  235.0  0.647  1/0/4/5 (10%/0%/40%/50%)  1/1
  O3#4             1.8                  [1.8]  2861.0    9.0  18.0   0.0 0.889 0.889  207.0  0.596  0/1/3/5 (0%/11%/33%/56%)  1/1
  O3#5             2.0                  [2.0]  2818.0    8.0  18.0   0.0 0.875 0.875  215.0  0.598  1/0/3/4 (12%/0%/38%/50%)  1/1
  O3#6             2.0                  [2.0]  2173.0   10.0  22.0   0.0   0.9   0.9  208.0  0.571  1/0/7/2 (10%/0%/70%/20%)  1/1
  O3#7           1.923               [1.9231]  2093.0   12.0  25.0   0.0 0.917 0.917  237.0  0.661  0/1/7/4 (0%/8%/58%/33%)  1/1
  O3#8             2.0                  [2.0]  3075.0    8.0  18.0   0.0 0.875 0.875  207.0  0.621  0/0/6/2 (0%/0%/75%/25%)  1/1
  R0 de la pista (mediana por semilla de sum desc / (sum muertes + n)): 1.946 · por semilla [1.9462]
  semilla 9055: fraccion B+D del mundo por cuarto de T [0.914, 0.895, 0.887, 0.862] · L 360 nobj 36
  DIAGNOSTICO (mediana sobre 9 linajes-semilla; ventana 50 pasos tras perder el objetivo bueno):
    robos por linaje 505.0 · perdidas por olvido 14.0 · B/D tras robo 0.348 vs tras olvido 0.4 vs base 0.282 · A/C tras robo 0.366 vs base 0.423
    distancia media al bueno mas cercano 62.025 · frac pasos sin bueno en el mundo 0.163 · frac pasos sin NINGUN objeto a <= 20 0.028 (max 0.0305)
  MECANISMO (ENMIENDA 4; desde la fisica: 'limpieza' = mordida de B/D A SABIENDAS -letra ya mordida por el linaje- con el golpe en la necesidad MAS llena):
    limpiezas por linaje-semilla (mediana) 167.0 · por cuerpo 15.364 · total 1493 · objetos buenos que reaparecen por ellas 772 (0.517 por limpieza)
    todas las mordidas malas 1513 -> buenos que reaparecen 783 · fraccion de pasos SIN ningun objeto bueno en el mundo por semilla [0.023] (mediana 0.023)
  HAMBRE -> BOCA (suma de todos los linajes-semilla; H = manda el hambre, S = manda la sed; deficit = el de la necesidad activa):
    AH: decisiones   1940 mordidas    901 tasa 0.464 · deficit medio al decidir 0.111 al morder 0.214
    AS: decisiones    306 mordidas    211 tasa 0.690 · deficit medio al decidir 0.368 al morder 0.369
    BH: decisiones  10471 mordidas    228 tasa 0.022 · deficit medio al decidir 0.093 al morder 0.003
    BS: decisiones   2332 mordidas    482 tasa 0.207 · deficit medio al decidir 0.396 al morder 0.410
    CH: decisiones   1636 mordidas    677 tasa 0.414 · deficit medio al decidir 0.097 al morder 0.158
    CS: decisiones    502 mordidas    489 tasa 0.974 · deficit medio al decidir 0.370 al morder 0.368
    DH: decisiones   9016 mordidas    803 tasa 0.089 · deficit medio al decidir 0.085 al morder 0.248
    DS: decisiones   2204 mordidas      0 tasa 0.000 · deficit medio al decidir 0.405 al morder 0.000
    deficit en mordidas B/D (bins de 0.1) [650, 118, 127, 169, 119, 93, 88, 99, 26, 24] (media ~0.279) · en mordidas A/C [1005, 199, 172, 217, 275, 149, 104, 74, 57, 26] (media ~0.264)
    mordidas B/D con un robo en los 50 pasos previos 0.66 vs pasos cubiertos asi 0.59 · deficit en B/D con robo previo 0.248 vs sin 0.279
    formato H-BOCA (mordidas / exposiciones): veneno con SED 482/2314 · veneno con HAMBRE 228/9477 · sal con HAMBRE 803/7925 · sal con SED 0/2202
  contabilidad fisica coherente: 9/9 · t_fund reconstruible desde telem == fisica: 9/9
  mundo: objetos medios por tipo (A comida, B veneno, C agua, D sal; nobj=36) por semilla [{'A': 1.9339, 'B': 17.2515, 'C': 2.0324, 'D': 14.7822}] · olvidos [767]
  mordidas totales por tipo por semilla [{'A': 1112, 'B': 710, 'C': 1166, 'D': 803}]
  referencia UN cuerpo a la vez: REL 0.395 (acum 1: 0.483) -- bloque 2, replica 1601-1620, un cuerpo a la vez (REGLAMENTO sec. 1)

RONDA 2 / ENMIENDA 5 (fundador limpio SI; cruza = R0 de NACIMIENTOS REALES >= 0.9 y 0 fundadores tras t = 10000, con >= 5 muertes) · r2mono
  equipo     lin-sem cruzan evaluab casi inm R0 REAL eval med R0 prereg med sem cruza (mayoria)  (todos)  gana
  O3               9      5       9        0              0.9           2.0                 1/1      0/1  SI
  PREDICCIONES FIRMADAS (ENMIENDA 5) -- se leen sobre el conjunto de series; lo de esta serie:
    - al menos un equipo gana la ronda 2 en monocultivo (p 0.50)
    - en pista mixta con 6 FABRICA gana alguno (p 0.25)
    - O1 con fundador limpio cruza en monocultivo con R0 real (p 0.60)
    medido en esta serie: monocultivo de ['O3']: gana SI
  JSON C:\Users\User\Documents\PROYECTOS\JUACO\carrera\experimentos\carrera_escuderias\datos\humos_r2\O3\humo_O3_mono_s9055_T30000_20260922_172632.json · 90.0s · te quedan 0 humos
