HUMO RONDA 2 · equipo O3 · modo mix · semilla 9054 · T=30000 · fundador limpio · humo 11/12
  carros ['O2', 'O2', 'O2', 'O3', 'O3', 'O3', 'O4', 'O4', 'O4'] · sha {'O2': '34d0bbac36a02521', 'O3': '0442c2884fcb0e11', 'O4': 'd27fbf1c172a0d6b'} · pista c96d723fe2c6eaba · juez b776b52e515a2fac · chequeo estatico PASA

RESUMEN · humo O3 mix · semillas [9054] · T=30000 · pizarra 1 · rep_acum 0
  linaje        R0 med         R0 por semilla    vida  muert  desc  fund    p1    c1   expA    sac  causas (hambre/sed/veneno/sal)  >=0.9
  O2#0            4.75                 [4.75]  7933.0    3.0  19.0   0.0 0.667   1.0  271.0  0.576  0/0/2/1 (0%/0%/67%/33%)  1/1
  O2#1             7.0                  [7.0]  6656.0    2.0  21.0   0.0   0.5   1.0  277.0  0.569  0/0/1/1 (0%/0%/50%/50%)  1/1
  O2#2             5.6                  [5.6]  3674.0    4.0  28.0   0.0   0.5   1.0  259.0  0.622  1/0/0/3 (25%/0%/0%/75%)  1/1
  O3#3           1.923               [1.9231]  2001.0   12.0  25.0   0.0   1.0   1.0  285.0  0.688  0/0/6/6 (0%/0%/50%/50%)  1/1
  O3#4           1.923               [1.9231]  2285.0   12.0  25.0   0.0   1.0   1.0  281.0  0.682  0/0/5/7 (0%/0%/42%/58%)  1/1
  O3#5           2.083               [2.0833]  2415.5   11.0  25.0   0.0   1.0   1.0  238.0  0.632  0/0/5/6 (0%/0%/45%/55%)  1/1
  O4#6             1.2                  [1.2]  3029.0    9.0  12.0   0.0   1.0   1.0  305.0  0.533  0/1/6/2 (0%/11%/67%/22%)  1/1
  O4#7             1.2                  [1.2]  3023.0    9.0  12.0   0.0   1.0   1.0  295.0  0.513  0/0/6/3 (0%/0%/67%/33%)  1/1
  O4#8           1.333               [1.3333]  3025.5    5.0   8.0   0.0   1.0   1.0  301.0  0.479  0/0/4/1 (0%/0%/80%/20%)  1/1
  R0 de la pista (mediana por semilla de sum desc / (sum muertes + n)): 2.303 · por semilla [2.3026]
  semilla 9054: fraccion B+D del mundo por cuarto de T [0.862, 0.828, 0.839, 0.885] · L 360 nobj 36
  DIAGNOSTICO (mediana sobre 9 linajes-semilla; ventana 50 pasos tras perder el objetivo bueno):
    robos por linaje 566.0 · perdidas por olvido 18.0 · B/D tras robo 0.525 vs tras olvido 0.333 vs base 0.55 · A/C tras robo 0.49 vs base 0.608
    distancia media al bueno mas cercano 60.27 · frac pasos sin bueno en el mundo 0.115 · frac pasos sin NINGUN objeto a <= 20 0.038 (max 0.046)
  MECANISMO (ENMIENDA 4; desde la fisica: 'limpieza' = mordida de B/D A SABIENDAS -letra ya mordida por el linaje- con el golpe en la necesidad MAS llena):
    limpiezas por linaje-semilla (mediana) 294.0 · por cuerpo 30.8 · total 2395 · objetos buenos que reaparecen por ellas 1189 (0.496 por limpieza)
    todas las mordidas malas 2575 -> buenos que reaparecen 1276 · fraccion de pasos SIN ningun objeto bueno en el mundo por semilla [0.0094] (mediana 0.009)
  HAMBRE -> BOCA (suma de todos los linajes-semilla; H = manda el hambre, S = manda la sed; deficit = el de la necesidad activa):
    AH: decisiones   2192 mordidas   1206 tasa 0.550 · deficit medio al decidir 0.101 al morder 0.174
    AS: decisiones    429 mordidas    335 tasa 0.781 · deficit medio al decidir 0.356 al morder 0.369
    BH: decisiones  11055 mordidas    555 tasa 0.050 · deficit medio al decidir 0.103 al morder 0.034
    BS: decisiones   2249 mordidas    686 tasa 0.305 · deficit medio al decidir 0.392 al morder 0.352
    CH: decisiones   2541 mordidas   1136 tasa 0.447 · deficit medio al decidir 0.097 al morder 0.151
    CS: decisiones    539 mordidas    503 tasa 0.933 · deficit medio al decidir 0.367 al morder 0.367
    DH: decisiones   8234 mordidas   1318 tasa 0.160 · deficit medio al decidir 0.097 al morder 0.218
    DS: decisiones   1945 mordidas     16 tasa 0.008 · deficit medio al decidir 0.390 al morder 0.391
    deficit en mordidas B/D (bins de 0.1) [1428, 170, 124, 191, 161, 163, 112, 124, 77, 25] (media ~0.238) · en mordidas A/C [1727, 238, 174, 215, 240, 168, 128, 127, 116, 47] (media ~0.240)
    mordidas B/D con un robo en los 50 pasos previos 0.615 vs pasos cubiertos asi 0.613 · deficit en B/D con robo previo 0.297 vs sin 0.252
    formato H-BOCA (mordidas / exposiciones): veneno con SED 686/2235 · veneno con HAMBRE 555/10297 · sal con HAMBRE 1318/7630 · sal con SED 16/1935
  contabilidad fisica coherente: 9/9 · t_fund reconstruible desde telem == fisica: 9/9
  mundo: objetos medios por tipo (A comida, B veneno, C agua, D sal; nobj=36) por semilla [{'A': 2.4042, 'B': 17.5554, 'C': 2.8656, 'D': 13.1749}] · olvidos [820]
  mordidas totales por tipo por semilla [{'A': 1541, 'B': 1241, 'C': 1639, 'D': 1334}]
  referencia UN cuerpo a la vez: REL 0.395 (acum 1: 0.483) -- bloque 2, replica 1601-1620, un cuerpo a la vez (REGLAMENTO sec. 1)

RONDA 2 / ENMIENDA 5 (fundador limpio SI; cruza = R0 de NACIMIENTOS REALES >= 0.9 y 0 fundadores tras t = 10000, con >= 5 muertes) · r2mix3
  equipo     lin-sem cruzan evaluab casi inm R0 REAL eval med R0 prereg med sem cruza (mayoria)  (todos)  gana
  O2               3      0       0        3             None          None                 0/1      0/1  no
  O3               3      3       3        0            0.923         1.923                 1/1      1/1  SI
  O4               3      2       3        0              0.9           1.2                 1/1      0/1  SI
  PREDICCIONES FIRMADAS (ENMIENDA 5) -- se leen sobre el conjunto de series; lo de esta serie:
    - al menos un equipo gana la ronda 2 en monocultivo (p 0.50)
    - en pista mixta con 6 FABRICA gana alguno (p 0.25)
    - O1 con fundador limpio cruza en monocultivo con R0 real (p 0.60)
    medido en esta serie: pista mixta O2/O3/O4: ganan ['O3', 'O4']
  JSON C:\Users\User\Documents\PROYECTOS\JUACO\carrera\experimentos\carrera_escuderias\datos\humos_r2\O3\humo_O3_mix_s9054_T30000_20260922_172419.json · 102.9s · te quedan 1 humos
