[11:24:29] H-PLANO w90 replica 25131-25150 · MUNDO {'nombre': 'w90_pobre', 'esc': 90, 'n0': 90, 'tope': 9000} · r_rep 0.006 · SERIE {'T': 80000, 't_corte': 40000, 'r0_margen': 15000, 'banco': 200, 'n_sombra': 8, 'sigma': 0.15, 'p_mut': 0.05, 'cada_gen': 2000, 'ckpt_cada': 10000} · GRAM {'p_campo': 0.05, 'p_dup': 0.02, 'p_del': 0.02, 'tope': 4} · pool 6 · shas {'corre_ohno.py': 'd47b9de89709d25b', 'motor_gramatica.py': '6b65dc5e32093424', 'carros/FAMB_GRAM_ECO.py': '2cee0a8510c997b9', 'gramatica_def.py': 'c58086e103d030d9', 'conducta.py': '9a2f1226fe27a514', 'construye_ohno.py': '85b9a9e231a91074', 'PREREGISTRO_ohno.md': '0b9ab3fa0f9ce8e3'}
[11:34:58] [1/40] VIDA s25131: persiste 0 vivos 0 r0 0.9677 nac 114 post 93 abort None (627.9 s; 628 s)
[11:36:37] [2/40] VIDA s25133: persiste 1 vivos 33 r0 1.2021 nac 592 post 568 abort None (727.7 s; 728 s)
[11:36:41] [3/40] VIDA s25132: persiste 1 vivos 26 r0 1.0933 nac 694 post 671 abort None (731.0 s; 731 s)
[11:36:47] [4/40] FIJO:filtra0 s25133: persiste 1 vivos 33 r0 1.1104 nac 593 post 575 abort None (737.1 s; 738 s)
[11:36:52] [5/40] FIJO:filtra0 s25131: persiste 1 vivos 35 r0 1.136 nac 603 post 582 abort None (742.4 s; 743 s)
[11:37:10] [6/40] FIJO:filtra0 s25132: persiste 1 vivos 48 r0 1.1281 nac 747 post 725 abort None (760.2 s; 761 s)
[11:47:14] [7/40] VIDA s25134: persiste 1 vivos 27 r0 1.1375 nac 645 post 613 abort None (736.0 s; 1364 s)
[11:49:16] [8/40] FIJO:filtra0 s25134: persiste 1 vivos 31 r0 1.1513 nac 579 post 547 abort None (758.8 s; 1487 s)
[11:49:18] [9/40] VIDA s25135: persiste 1 vivos 25 r0 1.1314 nac 656 post 627 abort None (757.2 s; 1489 s)
[11:49:28] [10/40] FIJO:filtra0 s25135: persiste 1 vivos 30 r0 1.1157 nac 584 post 555 abort None (761.4 s; 1499 s)
[11:49:44] [11/40] FIJO:filtra0 s25136: persiste 1 vivos 35 r0 1.0813 nac 649 post 626 abort None (754.1 s; 1515 s)
[11:49:48] [12/40] VIDA s25136: persiste 1 vivos 44 r0 1.0907 nac 696 post 674 abort None (775.6 s; 1518 s)
[11:58:13] [13/40] VIDA s25137: persiste 1 vivos 32 r0 1.1863 nac 335 post 309 abort None (659.9 s; 2024 s)
[11:59:06] [14/40] VIDA s25139: persiste 0 vivos 0 r0 0.9359 nac 94 post 80 abort None (561.4 s; 2076 s)
[12:00:05] [15/40] FIJO:filtra0 s25137: persiste 1 vivos 34 r0 1.1489 nac 445 post 418 abort None (648.7 s; 2136 s)
[12:00:18] [16/40] VIDA s25138: persiste 1 vivos 37 r0 1.12 nac 619 post 602 abort None (660.4 s; 2149 s)
[12:00:28] [17/40] FIJO:filtra0 s25138: persiste 1 vivos 38 r0 1.1262 nac 608 post 591 abort None (659.6 s; 2159 s)
[12:00:34] [18/40] FIJO:filtra0 s25139: persiste 1 vivos 28 r0 1.205 nac 453 post 435 abort None (646.7 s; 2165 s)
[12:09:19] [19/40] VIDA s25140: persiste 1 vivos 32 r0 1.1099 nac 747 post 729 abort None (665.8 s; 2690 s)
[12:10:03] [20/40] VIDA s25141: persiste 0 vivos 0 r0 0.5 nac 43 post 16 abort None (597.9 s; 2734 s)
[12:10:45] [21/40] FIJO:filtra0 s25140: persiste 1 vivos 41 r0 1.0678 nac 840 post 822 abort None (699.4 s; 2776 s)
[12:12:41] [22/40] FIJO:filtra0 s25141: persiste 1 vivos 38 r0 1.0755 nac 729 post 707 abort None (742.9 s; 2892 s)
[12:12:54] [23/40] VIDA s25142: persiste 1 vivos 24 r0 1.1019 nac 677 post 650 abort None (745.7 s; 2904 s)
[12:13:17] [24/40] FIJO:filtra0 s25142: persiste 1 vivos 40 r0 1.1488 nac 626 post 599 abort None (762.4 s; 2928 s)
[12:24:59] [25/40] VIDA s25143: persiste 1 vivos 29 r0 1.1494 nac 477 post 458 abort None (939.7 s; 3630 s)
[12:26:58] [26/40] FIJO:filtra0 s25143: persiste 1 vivos 35 r0 1.1017 nac 654 post 631 abort None (1015.0 s; 3749 s)
[12:27:55] [27/40] VIDA s25144: persiste 1 vivos 31 r0 1.1063 nac 635 post 605 abort None (1030.1 s; 3806 s)
[12:29:48] [28/40] VIDA s25145: persiste 1 vivos 29 r0 1.0651 nac 619 post 599 abort None (1014.0 s; 3918 s)
[12:30:00] [29/40] FIJO:filtra0 s25144: persiste 1 vivos 42 r0 1.0868 nac 598 post 568 abort None (1038.2 s; 3930 s)
[12:30:18] [30/40] FIJO:filtra0 s25145: persiste 1 vivos 37 r0 1.0714 nac 761 post 741 abort None (1020.9 s; 3949 s)
[12:40:20] [31/40] VIDA s25146: persiste 1 vivos 28 r0 1.0831 nac 633 post 609 abort None (920.9 s; 4551 s)
[12:42:30] [32/40] FIJO:filtra0 s25146: persiste 1 vivos 44 r0 1.107 nac 613 post 589 abort None (932.1 s; 4681 s)
[12:42:37] [33/40] VIDA s25147: persiste 1 vivos 14 r0 1.1003 nac 647 post 621 abort None (881.6 s; 4687 s)
[12:44:13] [34/40] VIDA s25148: persiste 1 vivos 33 r0 1.2059 nac 427 post 408 abort None (853.9 s; 4784 s)
[12:45:01] [35/40] FIJO:filtra0 s25147: persiste 1 vivos 37 r0 1.1284 nac 847 post 821 abort None (913.5 s; 4832 s)
[12:45:28] [36/40] FIJO:filtra0 s25148: persiste 1 vivos 33 r0 1.0957 nac 589 post 570 abort None (909.8 s; 4858 s)
[12:51:57] [37/40] VIDA s25149: persiste 0 vivos 0 r0 0.6364 nac 29 post 11 abort None (697.1 s; 5248 s)
[12:55:13] [38/40] VIDA s25150: persiste 1 vivos 38 r0 1.1012 nac 676 post 657 abort None (755.8 s; 5443 s)
[12:55:16] [39/40] FIJO:filtra0 s25149: persiste 1 vivos 38 r0 1.0836 nac 678 post 660 abort None (766.0 s; 5447 s)
[12:56:25] [40/40] FIJO:filtra0 s25150: persiste 1 vivos 36 r0 1.0909 nac 618 post 602 abort None (731.3 s; 5515 s)
[12:56:25] M0 nacidos antes del corte (mediana) VIDA 22.5 FIJO 22.0 (umbral 18) -> OK
[12:56:25] P1 vivos_T VIDA/FIJO en pares que persisten los dos: mediana 0.831 en 16 pares (min 8; sostiene >= 0.9, cae <= 0.75) · rango (0.378, 1.257)
[12:56:25] S1 persistencia pareada: ambos 16 · solo VIDA 0 · solo FIJO 4 · ninguno 0 · D 4 (sostiene <= 1, cae >= 4)
[12:56:25] S2 (version fuerte) vivos_T VIDA > FIJO pareado 2/20 (fuerte >= 15)
[12:56:25]   VIDA: persisten 16/20 · vivos_T mediana 28.5 · nac_post mediana 603.5 · r0_post mediana 1.10155 rango (0.5, 1.2059) · g_nmut mediana 1810.0
[12:56:25]   FIJO: persisten 20/20 · vivos_T mediana 36.5 · nac_post mediana 595.0 · r0_post mediana 1.1087 rango (1.0678, 1.205) · g_nmut mediana 0.0
[12:56:25] VEREDICTO H-PLANO w90 POR LA LETRA (una ventana; el bloque exige serie + replica con el mismo veredicto): CAE
