[11:07:48] explora: 20 trabajos, pool 2, T 500000, reanuda False
[11:08:19] [1/20] NUEZ_SOC s50102: K 49.42231075697211 · persiste 1 · frac_ok 0.2057 · SI -0.1337 · copias 0 · aborto None (30.1 s; 31 s)
[11:08:22] [2/20] NUEZ_SOC s50101: K 51.27490039840637 · persiste 1 · frac_ok 0.2155 · SI -0.1187 · copias 38 · aborto None (33.0 s; 34 s)
[11:08:49] [3/20] NUEZ_SOC s50103: K 48.50597609561753 · persiste 1 · frac_ok 0.197 · SI -0.1468 · copias 40 · aborto None (29.8 s; 61 s)
[11:08:51] [4/20] NUEZ_SOC s50104: K 50.2589641434263 · persiste 1 · frac_ok 0.1055 · SI -0.227 · copias 142 · aborto None (29.7 s; 64 s)
[11:09:19] [5/20] NUEZ_SOC s50105: K 44.657370517928285 · persiste 1 · frac_ok 0.1531 · SI -0.1991 · copias 27 · aborto None (30.1 s; 91 s)
[11:09:23] [6/20] NUEZ_OFF s50101: K 50.79282868525896 · persiste 1 · frac_ok 0.2051 · SI -0.1316 · copias 0 · aborto None (31.4 s; 95 s)
[11:09:47] [7/20] NUEZ_OFF s50102: K 50.123505976095615 · persiste 1 · frac_ok 0.2102 · SI -0.1264 · copias 0 · aborto None (28.3 s; 119 s)
[11:09:53] [8/20] NUEZ_OFF s50103: K 50.40239043824701 · persiste 1 · frac_ok 0.2024 · SI -0.1401 · copias 0 · aborto None (30.2 s; 125 s)
[11:10:15] [9/20] NUEZ_OFF s50104: K 49.1593625498008 · persiste 1 · frac_ok 0.1967 · SI -0.1441 · copias 0 · aborto None (28.5 s; 148 s)
[11:10:22] [10/20] NUEZ_OFF s50105: K 43.9203187250996 · persiste 1 · frac_ok 0.1897 · SI -0.1562 · copias 0 · aborto None (29.1 s; 154 s)
[11:10:46] [11/20] NUEZ_DESF s50101: K 48.37848605577689 · persiste 1 · frac_ok 0.2008 · SI -0.1348 · copias 32 · aborto None (30.7 s; 179 s)
[11:10:50] [12/20] NUEZ_DESF s50102: K 48.876494023904385 · persiste 1 · frac_ok 0.2073 · SI -0.1265 · copias 5 · aborto None (28.3 s; 183 s)
[11:11:15] [13/20] NUEZ_DESF s50103: K 46.82868525896414 · persiste 1 · frac_ok 0.2122 · SI -0.1324 · copias 22 · aborto None (29.2 s; 208 s)
[11:11:19] [14/20] NUEZ_DESF s50104: K 49.92828685258964 · persiste 1 · frac_ok 0.2151 · SI -0.1334 · copias 3 · aborto None (28.9 s; 212 s)
[11:11:41] [15/20] REF s50101: K 35.20318725099602 · persiste 1 · frac_ok 0.0 · SI None · copias 0 · aborto None (21.2 s; 233 s)
[11:11:46] [16/20] NUEZ_DESF s50105: K 47.354581673306775 · persiste 1 · frac_ok 0.1919 · SI -0.1483 · copias 26 · aborto None (30.9 s; 239 s)
[11:12:04] [17/20] REF s50102: K 37.10756972111554 · persiste 1 · frac_ok 0.0 · SI None · copias 0 · aborto None (23.1 s; 256 s)
[11:12:10] [18/20] REF s50103: K 35.9003984063745 · persiste 1 · frac_ok 0.0 · SI None · copias 0 · aborto None (24.0 s; 263 s)
[11:12:26] [19/20] REF s50104: K 35.64143426294821 · persiste 1 · frac_ok 0.0 · SI None · copias 0 · aborto None (22.6 s; 279 s)
[11:12:35] [20/20] REF s50105: K 36.56573705179283 · persiste 1 · frac_ok 0.0 · SI None · copias 0 · aborto None (25.0 s; 288 s)
carpeta C:\Users\User\Documents\PROYECTOS\JUACO\organelos\experimentos\organelos\enriquecido\datos\explora: brazos ['NUEZ_DESF', 'NUEZ_OFF', 'NUEZ_SOC', 'REF']
  NUEZ_DESF  s50101: K 48.38 · persiste 1 · aborto None · frac_ok 0.201 · SI -0.135 · p_llave_A 0.336 · abre_pc 0.95 · intentos 57434 · copias 32 · disparos 48 · frac_copia_T 0.0 · frac_sen_nuez_T 0.0 · t_adq None
  NUEZ_DESF  s50102: K 48.88 · persiste 1 · aborto None · frac_ok 0.207 · SI -0.127 · p_llave_A 0.334 · abre_pc 0.957 · intentos 56659 · copias 5 · disparos 12 · frac_copia_T 0.056 · frac_sen_nuez_T 0.028 · t_adq None
  NUEZ_DESF  s50103: K 46.83 · persiste 1 · aborto None · frac_ok 0.212 · SI -0.132 · p_llave_A 0.345 · abre_pc 0.992 · intentos 54933 · copias 22 · disparos 40 · frac_copia_T 0.0 · frac_sen_nuez_T 0.0 · t_adq None
  NUEZ_DESF  s50104: K 49.93 · persiste 1 · aborto None · frac_ok 0.215 · SI -0.133 · p_llave_A 0.348 · abre_pc 0.932 · intentos 54296 · copias 3 · disparos 14 · frac_copia_T 0.0 · frac_sen_nuez_T 0.0 · t_adq None
  NUEZ_DESF  s50105: K 47.35 · persiste 1 · aborto None · frac_ok 0.192 · SI -0.148 · p_llave_A 0.34 · abre_pc 1.031 · intentos 63887 · copias 26 · disparos 186 · frac_copia_T 0.647 · frac_sen_nuez_T 1.0 · t_adq None
  NUEZ_OFF   s50101: K 50.79 · persiste 1 · aborto None · frac_ok 0.205 · SI -0.132 · p_llave_A 0.337 · abre_pc 0.942 · intentos 58571 · copias 0 · disparos 13 · frac_copia_T 0.0 · frac_sen_nuez_T 0.0 · t_adq None
  NUEZ_OFF   s50102: K 50.12 · persiste 1 · aborto None · frac_ok 0.21 · SI -0.126 · p_llave_A 0.337 · abre_pc 0.947 · intentos 56689 · copias 0 · disparos 8 · frac_copia_T 0.0 · frac_sen_nuez_T 0.0 · t_adq None
  NUEZ_OFF   s50103: K 50.4 · persiste 1 · aborto None · frac_ok 0.202 · SI -0.14 · p_llave_A 0.343 · abre_pc 0.943 · intentos 58937 · copias 0 · disparos 326 · frac_copia_T 0.667 · frac_sen_nuez_T 0.351 · t_adq None
  NUEZ_OFF   s50104: K 49.16 · persiste 1 · aborto None · frac_ok 0.197 · SI -0.144 · p_llave_A 0.341 · abre_pc 0.942 · intentos 59072 · copias 0 · disparos 7 · frac_copia_T 0.0 · frac_sen_nuez_T 0.511 · t_adq None
  NUEZ_OFF   s50105: K 43.92 · persiste 1 · aborto None · frac_ok 0.19 · SI -0.156 · p_llave_A 0.346 · abre_pc 1.084 · intentos 62992 · copias 0 · disparos 222 · frac_copia_T 0.256 · frac_sen_nuez_T 1.0 · t_adq None
  NUEZ_SOC   s50101: K 51.27 · persiste 1 · aborto None · frac_ok 0.215 · SI -0.119 · p_llave_A 0.334 · abre_pc 0.934 · intentos 55793 · copias 38 · disparos 136 · frac_copia_T 0.056 · frac_sen_nuez_T 0.037 · t_adq None
  NUEZ_SOC   s50102: K 49.42 · persiste 1 · aborto None · frac_ok 0.206 · SI -0.134 · p_llave_A 0.339 · abre_pc 0.953 · intentos 57451 · copias 0 · disparos 2 · frac_copia_T 0.0 · frac_sen_nuez_T 0.189 · t_adq None
  NUEZ_SOC   s50103: K 48.51 · persiste 1 · aborto None · frac_ok 0.197 · SI -0.147 · p_llave_A 0.344 · abre_pc 0.962 · intentos 59450 · copias 40 · disparos 75 · frac_copia_T 0.286 · frac_sen_nuez_T 0.232 · t_adq None
  NUEZ_SOC   s50104: K 50.26 · persiste 1 · aborto None · frac_ok 0.105 · SI -0.227 · p_llave_A 0.333 · abre_pc 0.942 · intentos 112537 · copias 142 · disparos 210 · frac_copia_T 0.176 · frac_sen_nuez_T 0.02 · t_adq None
  NUEZ_SOC   s50105: K 44.66 · persiste 1 · aborto None · frac_ok 0.153 · SI -0.199 · p_llave_A 0.352 · abre_pc 1.071 · intentos 78418 · copias 27 · disparos 42 · frac_copia_T 0.18 · frac_sen_nuez_T 1.0 · t_adq None
  REF        s50101: K 35.2 · persiste 1 · aborto None · frac_ok 0.0 · SI None · p_llave_A None · abre_pc 0.0 · intentos 0 · copias 0 · disparos 0 · frac_copia_T 0.077 · frac_sen_nuez_T 0.231 · t_adq None
  REF        s50102: K 37.11 · persiste 1 · aborto None · frac_ok 0.0 · SI None · p_llave_A None · abre_pc 0.0 · intentos 0 · copias 0 · disparos 0 · frac_copia_T 0.075 · frac_sen_nuez_T 1.0 · t_adq None
  REF        s50103: K 35.9 · persiste 1 · aborto None · frac_ok 0.0 · SI None · p_llave_A None · abre_pc 0.0 · intentos 0 · copias 0 · disparos 0 · frac_copia_T 0.0 · frac_sen_nuez_T 1.0 · t_adq None
  REF        s50104: K 35.64 · persiste 1 · aborto None · frac_ok 0.0 · SI None · p_llave_A None · abre_pc 0.0 · intentos 0 · copias 0 · disparos 0 · frac_copia_T 0.061 · frac_sen_nuez_T 0.0 · t_adq None
  REF        s50105: K 36.57 · persiste 1 · aborto None · frac_ok 0.0 · SI None · p_llave_A None · abre_pc 0.0 · intentos 0 · copias 0 · disparos 0 · frac_copia_T 0.378 · frac_sen_nuez_T 0.178 · t_adq None
--- NUEZ_DESF: formas de regla en >= 30 % de los vivos en T
  s50101 (vivos 45): pixF1<θ -> boca- 1.00
  s50102 (vivos 36): pixF1<θ -> boca- 1.00
  s50103 (vivos 57): pixF1<θ -> boca- 0.98 | cerca<θ -> boca+ 0.46 | cerca<θ -> boca- 0.33
  s50104 (vivos 43): pixF1<θ -> boca- 1.00
  s50105 (vivos 51): pixF4<θ -> boca+ 1.00 | nuez<θ -> boca- 1.00 | sed>θ -> boca- 0.80 | pixM4>θ -> hacia- 0.71 | pixM4>θ -> boca+ 0.71 | cerca>θ -> boca- 0.69 | sed<θ -> parir+ 0.65 | Rult<θ -> hacia+ 0.59 | hambre<θ -> copiar+ 0.55
--- NUEZ_OFF: formas de regla en >= 30 % de los vivos en T
  s50101 (vivos 50): pixF1<θ -> boca- 1.00 | hambre>θ -> copiar- 0.34
  s50102 (vivos 51): pixF1<θ -> boca- 1.00
  s50103 (vivos 57): pixF1<θ -> boca- 1.00 | sed<θ -> boca- 0.47 | Rult<θ -> boca+ 0.42 | pixF1>θ -> quieto- 0.40 | hambre>θ -> parir- 0.32
  s50104 (vivos 47): pixF1<θ -> boca- 1.00 | nuez<θ -> copiar- 0.38
  s50105 (vivos 43): pixF4<θ -> boca+ 1.00 | nuez<θ -> boca- 1.00 | cerca<θ -> boca- 0.49 | pixF5>θ -> parir- 0.47 | Rult>θ -> boca- 0.47 | hambre>θ -> boca- 0.40 | nuez<θ -> boca+ 0.33
--- NUEZ_SOC: formas de regla en >= 30 % de los vivos en T
  s50101 (vivos 54): pixF1<θ -> boca- 1.00 | cerca<θ -> boca- 0.78 | pixM5>θ -> parir+ 0.46
  s50102 (vivos 53): pixF1<θ -> boca- 1.00 | Rult<θ -> copiar- 0.83 | sed<θ -> copiar- 0.70 | Rult>θ -> copiar- 0.55 | cerca<θ -> boca- 0.49
  s50103 (vivos 56): pixF1<θ -> boca- 1.00 | Rult<θ -> hacia- 0.89 | pixF1>θ -> boca+ 0.64 | hambre<θ -> parir+ 0.46 | sed<θ -> parir+ 0.43
  s50104 (vivos 51): pixF1<θ -> boca- 1.00 | Rult<θ -> boca- 0.63 | cerca<θ -> boca- 0.61 | pixF4<θ -> hacia+ 0.57 | Rult>θ -> boca- 0.49 | Rult<θ -> copiar- 0.45 | Rult<θ -> hacia- 0.41 | pixF0<θ -> parir+ 0.39 | pixM0<θ -> parir+ 0.37
  s50105 (vivos 50): nuez<θ -> boca- 1.00 | pixF4<θ -> boca+ 0.98 | pixF1<θ -> boca- 0.90 | pixF4<θ -> hacia+ 0.72 | sed<θ -> hacia+ 0.58 | Rult>θ -> boca- 0.58 | hambre>θ -> parir- 0.48 | nuez>θ -> boca- 0.38 | cerca>θ -> boca- 0.38 | pixF1<θ -> quieto+ 0.32 | pixM4>θ -> parir- 0.30
--- REF: formas de regla en >= 30 % de los vivos en T
  s50101 (vivos 39): pixF4>θ -> boca- 1.00 | cerca>θ -> hacia- 0.87 | pixM1<θ -> copiar- 0.33
  s50102 (vivos 40): pixF4>θ -> boca- 1.00 | pixF1>θ -> hacia+ 0.90 | nuez<θ -> parir+ 0.85
  s50103 (vivos 33): pixF4>θ -> boca- 1.00 | pixF1>θ -> parir- 0.94 | nuez>θ -> boca- 0.94 | nuez>θ -> boca+ 0.64 | cerca>θ -> parir- 0.45 | nuez>θ -> quieto- 0.39 | pixF5>θ -> parir- 0.36
  s50104 (vivos 33): pixF4>θ -> boca- 1.00 | pixM4>θ -> copiar- 0.45
  s50105 (vivos 45): pixF4>θ -> boca- 1.00 | hambre>θ -> copiar+ 0.31
V0 completo (5 semillas x 4 brazos, T 500000, t_corte 100000, sin abortos, bloqueados 0): SE CUMPLE
V1 cfg declarada por brazo (BQ y NZ) y carro FABRICA_ECO en cada JSON: SE CUMPLE
V2 el mundo con nueces es vivible (NUEZ_SOC, NUEZ_OFF y NUEZ_DESF persisten >= 3/5 cada uno): SE CUMPLE {'NUEZ_SOC': 5, 'NUEZ_OFF': 5, 'NUEZ_DESF': 5, 'REF': 5}
V3 sanidad (hay nueces en NUEZ_*; REF sin nueces ni copias; OFF sin copias): SE CUMPLE
P1 frac_ok(SOC) > frac_ok(OFF) en >= 4 pares validos (>= 4 exigidos) y mediana >= +0.05: NO SE CUMPLE (1/5 pares validos [50101, 50102, 50103, 50104, 50105], mediana -0.005; [0.01, -0.005, -0.005, -0.091, -0.037])
P2 (control) frac_ok(SOC) > frac_ok(DESF) en >= 4 pares validos (>= 4 exigidos) y mediana >= +0.05: NO SE CUMPLE (1/5 pares validos [50101, 50102, 50103, 50104, 50105], mediana -0.015; [0.015, -0.002, -0.015, -0.11, -0.039])
P3 la secuencia es real en SOC: SI = P(llave|nuez) - P(llave|A comun) >= 0.10 en >= 3/5: NO SE CUMPLE ([-0.1187, -0.1337, -0.1468, -0.227, -0.1991])
PS (sub-veredicto, sin social) SI(OFF) >= 0.10 en >= 3/5: NO SE CUMPLE ([-0.1316, -0.1264, -0.1401, -0.1441, -0.1562])
P4 (firma, no entra al veredicto) frac de vivos con 'copiar+' en T: SOC > DESF pareado >= 4/5: NO SE CUMPLE ([0.056, -0.056, 0.286, 0.176, -0.467])
VEREDICTO (social + secuencia, EXPLORATORIO): NO
SUB-VEREDICTO (la seleccion arma la secuencia sin social): NO
