HUMO RONDA 2 · equipo O4 · modo fab · semilla 9079 · T=30000 · fundador limpio · humo 9/12
  carros ['O4', 'O4', 'O4', 'FABRICA', 'FABRICA', 'FABRICA', 'FABRICA', 'FABRICA', 'FABRICA'] · sha {'FABRICA': '2ebee3e99ea5a33a', 'O4': 'd27fbf1c172a0d6b'} · pista c96d723fe2c6eaba · juez b776b52e515a2fac · chequeo estatico PASA

RESUMEN · humo O4 fab · semillas [9079] · T=30000 · pizarra 1 · rep_acum 0
  linaje        R0 med         R0 por semilla    vida  muert  desc  fund    p1    c1   expA    sac  causas (hambre/sed/veneno/sal)  >=0.9
  O4#0             1.2                  [1.2]  3047.5    9.0  12.0   0.0   1.0 0.889  493.0  0.673  0/0/6/3 (0%/0%/67%/33%)  1/1
  O4#1           1.286               [1.2857]  3044.0    6.0   9.0   0.0   1.0 0.833  483.0  0.678  0/0/3/3 (0%/0%/50%/50%)  1/1
  O4#2           1.286               [1.2857]  3061.0    6.0   9.0   0.0   1.0   1.0  480.0  0.604  0/0/2/4 (0%/0%/33%/67%)  1/1
  FABRICA#3        0.2                  [0.2]    72.5   99.0  20.0  80.0 0.181   1.0  291.0  0.514  0/0/49/50 (0%/0%/49%/51%)  0/1
  FABRICA#4      0.253               [0.2532]    82.0   78.0  20.0  61.0 0.187   1.0  278.0  0.568  0/0/30/48 (0%/0%/38%/62%)  0/1
  FABRICA#5      0.051               [0.0506]    61.0  177.0   9.0 168.0 0.102 0.949  285.0  0.345  0/0/93/84 (0%/0%/53%/47%)  0/1
  FABRICA#6      0.134               [0.1339]    68.0  126.0  17.0 110.0  0.19 0.976  244.0  0.421  0/0/62/64 (0%/0%/49%/51%)  0/1
  FABRICA#7      0.127                [0.127]    68.5  125.0  16.0 109.0 0.141  0.98  265.0  0.483  0/0/67/58 (0%/0%/54%/46%)  0/1
  FABRICA#8      0.358               [0.3582]   123.0   66.0  24.0  42.0 0.322 0.968  275.0  0.599  0/0/33/33 (0%/0%/50%/50%)  0/1
  R0 de la pista (mediana por semilla de sum desc / (sum muertes + n)): 0.194 · por semilla [0.194]
  semilla 9079: fraccion B+D del mundo por cuarto de T [0.751, 0.762, 0.768, 0.745] · L 360 nobj 36
  DIAGNOSTICO (mediana sobre 9 linajes-semilla; ventana 50 pasos tras perder el objetivo bueno):
    robos por linaje 570.0 · perdidas por olvido 19.0 · B/D tras robo 0.865 vs tras olvido 0.929 vs base 0.83 · A/C tras robo 0.638 vs base 0.888
    distancia media al bueno mas cercano 47.328 · frac pasos sin bueno en el mundo 0.022 · frac pasos sin NINGUN objeto a <= 20 0.07 (max 0.086)
  MECANISMO (ENMIENDA 4; desde la fisica: 'limpieza' = mordida de B/D A SABIENDAS -letra ya mordida por el linaje- con el golpe en la necesidad MAS llena):
    limpiezas por linaje-semilla (mediana) 347.0 · por cuerpo 2.861 · total 3282 · objetos buenos que reaparecen por ellas 1646 (0.502 por limpieza)
    todas las mordidas malas 4571 -> buenos que reaparecen 2289 · fraccion de pasos SIN ningun objeto bueno en el mundo por semilla [0.0003] (mediana 0.0)
  HAMBRE -> BOCA (suma de todos los linajes-semilla; H = manda el hambre, S = manda la sed; deficit = el de la necesidad activa):
    AH: decisiones   2587 mordidas   2065 tasa 0.798 · deficit medio al decidir 0.095 al morder 0.116
    AS: decisiones    550 mordidas    484 tasa 0.880 · deficit medio al decidir 0.333 al morder 0.356
    BH: decisiones   8385 mordidas   1546 tasa 0.184 · deficit medio al decidir 0.092 al morder 0.269
    BS: decisiones   1617 mordidas    708 tasa 0.438 · deficit medio al decidir 0.328 al morder 0.478
    CH: decisiones   2705 mordidas   2035 tasa 0.752 · deficit medio al decidir 0.080 al morder 0.099
    CS: decisiones    576 mordidas    530 tasa 0.920 · deficit medio al decidir 0.316 al morder 0.318
    DH: decisiones   8099 mordidas   1868 tasa 0.231 · deficit medio al decidir 0.083 al morder 0.251
    DS: decisiones   1770 mordidas    449 tasa 0.254 · deficit medio al decidir 0.340 al morder 0.610
    deficit en mordidas B/D (bins de 0.1) [2074, 191, 88, 92, 789, 181, 111, 97, 745, 203] (media ~0.353) · en mordidas A/C [3562, 315, 138, 104, 392, 118, 68, 41, 277, 99] (media ~0.184)
    mordidas B/D con un robo en los 50 pasos previos 0.598 vs pasos cubiertos asi 0.588 · deficit en B/D con robo previo 0.523 vs sin 0.478
    formato H-BOCA (mordidas / exposiciones): veneno con SED 708/1540 · veneno con HAMBRE 1546/7355 · sal con HAMBRE 1868/7101 · sal con SED 449/1569
  contabilidad fisica coherente: 9/9 · t_fund reconstruible desde telem == fisica: 9/9
  mundo: objetos medios por tipo (A comida, B veneno, C agua, D sal; nobj=36) por semilla [{'A': 4.2791, 'B': 13.7945, 'C': 4.4894, 'D': 13.437}] · olvidos [783]
  mordidas totales por tipo por semilla [{'A': 2549, 'B': 2254, 'C': 2565, 'D': 2317}]
  referencia UN cuerpo a la vez: REL 0.395 (acum 1: 0.483) -- bloque 2, replica 1601-1620, un cuerpo a la vez (REGLAMENTO sec. 1)

RONDA 2 / ENMIENDA 5 (fundador limpio SI; cruza = R0 de NACIMIENTOS REALES >= 0.9 y 0 fundadores tras t = 10000, con >= 5 muertes) · r2fab
  equipo     lin-sem cruzan evaluab casi inm R0 REAL eval med R0 prereg med sem cruza (mayoria)  (todos)  gana
  O4               3      1       3        0            0.857         1.286                 0/1      0/1  no
  FABRICA          6      0       6        0            0.159         0.167                 0/1      0/1  no  (FABRICA: piso, no compite)
  PREDICCIONES FIRMADAS (ENMIENDA 5) -- se leen sobre el conjunto de series; lo de esta serie:
    - al menos un equipo gana la ronda 2 en monocultivo (p 0.50)
    - en pista mixta con 6 FABRICA gana alguno (p 0.25)
    - O1 con fundador limpio cruza en monocultivo con R0 real (p 0.60)
    medido en esta serie: pista con 6 FABRICA, equipo ['O4']: gana no
  JSON C:\Users\User\Documents\PROYECTOS\JUACO\carrera\experimentos\carrera_escuderias\datos\humos_r2\O4\humo_O4_fab_s9079_T30000_20260922_171439.json · 67.1s · te quedan 3 humos
