HUMO RONDA 2 · equipo O4 · modo mono · semilla 9071 · T=30000 · fundador limpio · humo 4/12
  carros ['O4', 'O4', 'O4', 'O4', 'O4', 'O4', 'O4', 'O4', 'O4'] · sha {'O4': '99773badc7f9c165'} · pista c96d723fe2c6eaba · juez b776b52e515a2fac · chequeo estatico PASA

RESUMEN · humo O4 mono · semillas [9071] · T=30000 · pizarra 1 · rep_acum 0
  linaje        R0 med         R0 por semilla    vida  muert  desc  fund    p1    c1   expA    sac  causas (hambre/sed/veneno/sal)  >=0.9
  O4#0           0.909               [0.9091]  3031.0   10.0  10.0   3.0   0.9   1.0  225.0  0.502  0/3/4/3 (0%/30%/40%/30%)  1/1
  O4#1             1.0                  [1.0]  3010.0   10.0  11.0   2.0   0.7   1.0  217.0  0.441  1/0/6/3 (10%/0%/60%/30%)  1/1
  O4#2           1.083               [1.0833]  3010.0   11.0  13.0   0.0 0.909   1.0  250.0  0.476  1/3/4/3 (9%/27%/36%/27%)  1/1
  O4#3           0.455               [0.4545]   200.0   21.0  10.0  14.0 0.524   1.0  241.0   0.43  1/1/8/11 (5%/5%/38%/52%)  0/1
  O4#4             1.2                  [1.2]  3024.5    9.0  12.0   0.0   1.0   1.0  215.0  0.492  1/1/5/2 (11%/11%/56%/22%)  1/1
  O4#5           1.182               [1.1818]  2105.0   10.0  13.0   0.0   0.9   1.0  245.0  0.463  3/3/3/1 (30%/30%/30%/10%)  1/1
  O4#6           0.857               [0.8571]  2481.5   13.0  12.0   3.0 0.846   1.0  253.0  0.468  0/4/4/5 (0%/31%/31%/38%)  0/1
  O4#7             0.6                  [0.6]  1508.0   14.0   9.0   8.0 0.538   1.0  211.0  0.425  1/1/7/5 (7%/7%/50%/36%)  0/1
  O4#8           1.167               [1.1667]  2725.5   11.0  14.0   0.0 0.909   1.0  236.0  0.484  2/2/3/4 (18%/18%/27%/36%)  1/1
  R0 de la pista (mediana por semilla de sum desc / (sum muertes + n)): 0.881 · por semilla [0.8814]
  semilla 9071: fraccion B+D del mundo por cuarto de T [0.932, 0.94, 0.919, 0.798] · L 360 nobj 36
  DIAGNOSTICO (mediana sobre 9 linajes-semilla; ventana 50 pasos tras perder el objetivo bueno):
    robos por linaje 625.0 · perdidas por olvido 20.0 · B/D tras robo 0.4 vs tras olvido 0.364 vs base 0.395 · A/C tras robo 0.469 vs base 0.538
    distancia media al bueno mas cercano 63.609 · frac pasos sin bueno en el mundo 0.253 · frac pasos sin NINGUN objeto a <= 20 0.033 (max 0.0385)
  MECANISMO (ENMIENDA 4; desde la fisica: 'limpieza' = mordida de B/D A SABIENDAS -letra ya mordida por el linaje- con el golpe en la necesidad MAS llena):
    limpiezas por linaje-semilla (mediana) 205.0 · por cuerpo 17.273 · total 1976 · objetos buenos que reaparecen por ellas 937 (0.474 por limpieza)
    todas las mordidas malas 2283 -> buenos que reaparecen 1117 · fraccion de pasos SIN ningun objeto bueno en el mundo por semilla [0.061] (mediana 0.061)
  HAMBRE -> BOCA (suma de todos los linajes-semilla; H = manda el hambre, S = manda la sed; deficit = el de la necesidad activa):
    AH: decisiones   1717 mordidas   1141 tasa 0.665 · deficit medio al decidir 0.092 al morder 0.136
    AS: decisiones    425 mordidas    315 tasa 0.741 · deficit medio al decidir 0.303 al morder 0.332
    BH: decisiones   9853 mordidas    679 tasa 0.069 · deficit medio al decidir 0.151 al morder 0.042
    BS: decisiones   3505 mordidas    425 tasa 0.121 · deficit medio al decidir 0.386 al morder 0.338
    CH: decisiones   1645 mordidas   1039 tasa 0.632 · deficit medio al decidir 0.080 al morder 0.109
    CS: decisiones    464 mordidas    461 tasa 0.994 · deficit medio al decidir 0.274 al morder 0.272
    DH: decisiones   8219 mordidas   1133 tasa 0.138 · deficit medio al decidir 0.122 al morder 0.110
    DS: decisiones   2877 mordidas     46 tasa 0.016 · deficit medio al decidir 0.373 al morder 0.526
    deficit en mordidas B/D (bins de 0.1) [1607, 126, 97, 94, 108, 55, 32, 64, 69, 31] (media ~0.172) · en mordidas A/C [1845, 227, 172, 137, 213, 115, 74, 52, 67, 54] (media ~0.193)
    mordidas B/D con un robo en los 50 pasos previos 0.64 vs pasos cubiertos asi 0.648 · deficit en B/D con robo previo 0.164 vs sin 0.091
    formato H-BOCA (mordidas / exposiciones): veneno con SED 425/3417 · veneno con HAMBRE 679/9493 · sal con HAMBRE 1133/8024 · sal con SED 46/2826
  contabilidad fisica coherente: 9/9 · t_fund reconstruible desde telem == fisica: 9/9
  mundo: objetos medios por tipo (A comida, B veneno, C agua, D sal; nobj=36) por semilla [{'A': 1.8785, 'B': 17.5785, 'C': 1.8158, 'D': 14.7272}] · olvidos [823]
  mordidas totales por tipo por semilla [{'A': 1456, 'B': 1104, 'C': 1500, 'D': 1179}]
  referencia UN cuerpo a la vez: REL 0.395 (acum 1: 0.483) -- bloque 2, replica 1601-1620, un cuerpo a la vez (REGLAMENTO sec. 1)

RONDA 2 / ENMIENDA 5 (fundador limpio SI; cruza = R0 de NACIMIENTOS REALES >= 0.9 y 0 fundadores tras t = 10000, con >= 5 muertes) · r2mono
  equipo     lin-sem cruzan evaluab casi inm R0 REAL eval med R0 prereg med sem cruza (mayoria)  (todos)  gana
  O4               9      4       9        0            0.727           1.0                 0/1      0/1  no
  PREDICCIONES FIRMADAS (ENMIENDA 5) -- se leen sobre el conjunto de series; lo de esta serie:
    - al menos un equipo gana la ronda 2 en monocultivo (p 0.50)
    - en pista mixta con 6 FABRICA gana alguno (p 0.25)
    - O1 con fundador limpio cruza en monocultivo con R0 real (p 0.60)
    medido en esta serie: monocultivo de ['O4']: gana no
  JSON C:\Users\User\Documents\PROYECTOS\JUACO\carrera\experimentos\carrera_escuderias\datos\humos_r2\O4\humo_O4_mono_s9071_T30000_20260922_170042.json · 94.6s · te quedan 8 humos
