HUMO RONDA 2 · equipo O4 · modo mono · semilla 9077 · T=30000 · fundador limpio · humo 11/12
  carros ['O4', 'O4', 'O4', 'O4', 'O4', 'O4', 'O4', 'O4', 'O4'] · sha {'O4': '75fd196ccbc1347e'} · pista c96d723fe2c6eaba · juez b776b52e515a2fac · chequeo estatico PASA

RESUMEN · humo O4 mono · semillas [9077] · T=30000 · pizarra 1 · rep_acum 0
  linaje        R0 med         R0 por semilla    vida  muert  desc  fund    p1    c1   expA    sac  causas (hambre/sed/veneno/sal)  >=0.9
  O4#0           2.111               [2.1111]  3039.0    8.0  19.0   0.0 0.875   1.0  173.0  0.501  1/0/5/2 (12%/0%/62%/25%)  1/1
  O4#1             2.4                  [2.4]  3015.5    9.0  24.0   0.0 0.889   1.0  171.0  0.548  0/1/5/3 (0%/11%/56%/33%)  1/1
  O4#2           2.182               [2.1818]  3019.0   10.0  24.0   0.0   0.9   1.0  177.0  0.569  0/1/2/7 (0%/10%/20%/70%)  1/1
  O4#3             2.5                  [2.5]  3021.0    9.0  25.0   0.0   1.0   1.0  167.0   0.65  0/1/1/7 (0%/11%/11%/78%)  1/1
  O4#4             2.2                  [2.2]  3032.5    9.0  22.0   0.0   1.0   1.0  203.0   0.56  1/1/3/4 (11%/11%/33%/44%)  1/1
  O4#5             2.0                  [2.0]  3023.0   10.0  22.0   0.0   0.9   1.0  163.0  0.548  1/2/4/3 (10%/20%/40%/30%)  1/1
  O4#6             0.3                  [0.3]   200.0   49.0  15.0  43.0 0.553 0.389  182.0  0.367  1/3/21/24 (2%/6%/43%/49%)  0/1
  O4#7           2.444               [2.4444]  3031.0    8.0  22.0   0.0 0.875   1.0  177.0  0.635  0/0/3/5 (0%/0%/38%/62%)  1/1
  O4#8           0.007               [0.0075]   200.0  133.0   1.0 132.0 0.447 0.148  121.0   0.08  0/1/66/66 (0%/1%/50%/50%)  0/1
  R0 de la pista (mediana por semilla de sum desc / (sum muertes + n)): 0.685 · por semilla [0.685]
  semilla 9077: fraccion B+D del mundo por cuarto de T [0.922, 0.929, 0.911, 0.914] · L 360 nobj 36
  DIAGNOSTICO (mediana sobre 9 linajes-semilla; ventana 50 pasos tras perder el objetivo bueno):
    robos por linaje 454.0 · perdidas por olvido 12.0 · B/D tras robo 0.224 vs tras olvido 0.25 vs base 0.178 · A/C tras robo 0.286 vs base 0.357
    distancia media al bueno mas cercano 69.06 · frac pasos sin bueno en el mundo 0.244 · frac pasos sin NINGUN objeto a <= 20 0.033 (max 0.0413)
  MECANISMO (ENMIENDA 4; desde la fisica: 'limpieza' = mordida de B/D A SABIENDAS -letra ya mordida por el linaje- con el golpe en la necesidad MAS llena):
    limpiezas por linaje-semilla (mediana) 88.0 · por cuerpo 8.0 · total 822 · objetos buenos que reaparecen por ellas 414 (0.504 por limpieza)
    todas las mordidas malas 978 -> buenos que reaparecen 491 · fraccion de pasos SIN ningun objeto bueno en el mundo por semilla [0.0307] (mediana 0.031)
  HAMBRE -> BOCA (suma de todos los linajes-semilla; H = manda el hambre, S = manda la sed; deficit = el de la necesidad activa):
    AH: decisiones   1332 mordidas    673 tasa 0.505 · deficit medio al decidir 0.151 al morder 0.211
    AS: decisiones    339 mordidas    202 tasa 0.596 · deficit medio al decidir 0.483 al morder 0.417
    BH: decisiones   8048 mordidas    225 tasa 0.028 · deficit medio al decidir 0.189 al morder 0.252
    BS: decisiones   2697 mordidas    268 tasa 0.099 · deficit medio al decidir 0.508 al morder 0.391
    CH: decisiones   1140 mordidas    522 tasa 0.458 · deficit medio al decidir 0.132 al morder 0.158
    CS: decisiones    385 mordidas    330 tasa 0.857 · deficit medio al decidir 0.453 al morder 0.378
    DH: decisiones  10078 mordidas    416 tasa 0.041 · deficit medio al decidir 0.174 al morder 0.294
    DS: decisiones   3952 mordidas     69 tasa 0.017 · deficit medio al decidir 0.557 al morder 0.516
    deficit en mordidas B/D (bins de 0.1) [292, 82, 57, 67, 267, 66, 36, 49, 27, 35] (media ~0.345) · en mordidas A/C [790, 107, 118, 145, 232, 129, 77, 58, 45, 26] (media ~0.271)
    mordidas B/D con un robo en los 50 pasos previos 0.652 vs pasos cubiertos asi 0.552 · deficit en B/D con robo previo 0.317 vs sin 0.306
    formato H-BOCA (mordidas / exposiciones): veneno con SED 268/2619 · veneno con HAMBRE 225/7323 · sal con HAMBRE 416/9207 · sal con SED 69/3695
  contabilidad fisica coherente: 9/9 · t_fund reconstruible desde telem == fisica: 9/9
  mundo: objetos medios por tipo (A comida, B veneno, C agua, D sal; nobj=36) por semilla [{'A': 1.4483, 'B': 14.4002, 'C': 1.4594, 'D': 18.6921}] · olvidos [813]
  mordidas totales por tipo por semilla [{'A': 875, 'B': 493, 'C': 852, 'D': 485}]
  referencia UN cuerpo a la vez: REL 0.395 (acum 1: 0.483) -- bloque 2, replica 1601-1620, un cuerpo a la vez (REGLAMENTO sec. 1)

RONDA 2 / ENMIENDA 5 (fundador limpio SI; cruza = R0 de NACIMIENTOS REALES >= 0.9 y 0 fundadores tras t = 10000, con >= 5 muertes) · r2mono
  equipo     lin-sem cruzan evaluab casi inm R0 REAL eval med R0 prereg med sem cruza (mayoria)  (todos)  gana
  O4               9      5       9        0              0.9         2.182                 1/1      0/1  SI
  PREDICCIONES FIRMADAS (ENMIENDA 5) -- se leen sobre el conjunto de series; lo de esta serie:
    - al menos un equipo gana la ronda 2 en monocultivo (p 0.50)
    - en pista mixta con 6 FABRICA gana alguno (p 0.25)
    - O1 con fundador limpio cruza en monocultivo con R0 real (p 0.60)
    medido en esta serie: monocultivo de ['O4']: gana SI
