HUMO RONDA 2 · equipo O4 · modo fab · semilla 9070 · T=30000 · fundador limpio · humo 6/12
  carros ['O4', 'O4', 'O4', 'FABRICA', 'FABRICA', 'FABRICA', 'FABRICA', 'FABRICA', 'FABRICA'] · sha {'FABRICA': '2ebee3e99ea5a33a', 'O4': 'd27fbf1c172a0d6b'} · pista c96d723fe2c6eaba · juez b776b52e515a2fac · chequeo estatico PASA

RESUMEN · humo O4 fab · semillas [9070] · T=30000 · pizarra 1 · rep_acum 0
  linaje        R0 med         R0 por semilla    vida  muert  desc  fund    p1    c1   expA    sac  causas (hambre/sed/veneno/sal)  >=0.9
  O4#0           1.286               [1.2857]  3053.0    6.0   9.0   0.0 0.833 0.833  509.0  0.676  0/0/5/1 (0%/0%/83%/17%)  1/1
  O4#1             1.4                  [1.4]  3112.0    4.0   7.0   0.0  0.75  0.75  466.0  0.667  0/0/2/2 (0%/0%/50%/50%)  1/1
  O4#2           1.333               [1.3333]  3067.5    5.0   8.0   0.0   0.8   0.8  454.0  0.617  0/0/5/0 (0%/0%/100%/0%)  1/1
  FABRICA#3      0.093               [0.0935]    78.0  138.0  13.0 126.0 0.178   1.0  288.0  0.371  0/0/66/72 (0%/0%/48%/52%)  0/1
  FABRICA#4      0.167               [0.1667]    75.0  101.0  17.0  85.0 0.149 0.976  266.0  0.525  0/0/51/50 (0%/0%/50%/50%)  0/1
  FABRICA#5      0.074               [0.0736]    50.0  162.0  12.0 150.0 0.147   1.0  245.0  0.417  0/0/79/83 (0%/0%/49%/51%)  0/1
  FABRICA#6      0.161               [0.1613]    87.0   92.0  15.0  77.0 0.172 0.976  291.0  0.507  0/0/48/44 (0%/0%/52%/48%)  0/1
  FABRICA#7      0.215               [0.2151]    83.0   92.0  20.0  72.0 0.218   1.0  254.0  0.554  0/0/44/48 (0%/0%/48%/52%)  0/1
  FABRICA#8      0.179               [0.1792]    80.0  105.0  19.0  88.0  0.19 0.975  281.0   0.47  0/0/58/47 (0%/0%/55%/45%)  0/1
  R0 de la pista (mediana por semilla de sum desc / (sum muertes + n)): 0.168 · por semilla [0.1681]
  semilla 9070: fraccion B+D del mundo por cuarto de T [0.728, 0.751, 0.761, 0.77] · L 360 nobj 36
  DIAGNOSTICO (mediana sobre 9 linajes-semilla; ventana 50 pasos tras perder el objetivo bueno):
    robos por linaje 601.0 · perdidas por olvido 18.0 · B/D tras robo 0.829 vs tras olvido 0.857 vs base 0.885 · A/C tras robo 0.637 vs base 0.858
    distancia media al bueno mas cercano 47.282 · frac pasos sin bueno en el mundo 0.022 · frac pasos sin NINGUN objeto a <= 20 0.075 (max 0.09)
  MECANISMO (ENMIENDA 4; desde la fisica: 'limpieza' = mordida de B/D A SABIENDAS -letra ya mordida por el linaje- con el golpe en la necesidad MAS llena):
    limpiezas por linaje-semilla (mediana) 353.0 · por cuerpo 2.72 · total 3431 · objetos buenos que reaparecen por ellas 1705 (0.497 por limpieza)
    todas las mordidas malas 4781 -> buenos que reaparecen 2403 · fraccion de pasos SIN ningun objeto bueno en el mundo por semilla [0.0001] (mediana 0.0)
  HAMBRE -> BOCA (suma de todos los linajes-semilla; H = manda el hambre, S = manda la sed; deficit = el de la necesidad activa):
    AH: decisiones   2554 mordidas   2087 tasa 0.817 · deficit medio al decidir 0.092 al morder 0.108
    AS: decisiones    529 mordidas    485 tasa 0.917 · deficit medio al decidir 0.341 al morder 0.365
    BH: decisiones   8321 mordidas   1677 tasa 0.202 · deficit medio al decidir 0.103 al morder 0.266
    BS: decisiones   1654 mordidas    663 tasa 0.401 · deficit medio al decidir 0.311 al morder 0.489
    CH: decisiones   2853 mordidas   2157 tasa 0.756 · deficit medio al decidir 0.095 al morder 0.117
    CS: decisiones    547 mordidas    516 tasa 0.943 · deficit medio al decidir 0.285 al morder 0.292
    DH: decisiones   7772 mordidas   2019 tasa 0.260 · deficit medio al decidir 0.087 al morder 0.242
    DS: decisiones   1723 mordidas    422 tasa 0.245 · deficit medio al decidir 0.300 al morder 0.623
    deficit en mordidas B/D (bins de 0.1) [2268, 151, 102, 76, 848, 154, 106, 91, 785, 200] (media ~0.345) · en mordidas A/C [3680, 306, 132, 88, 411, 108, 71, 32, 326, 91] (media ~0.185)
    mordidas B/D con un robo en los 50 pasos previos 0.594 vs pasos cubiertos asi 0.61 · deficit en B/D con robo previo 0.537 vs sin 0.492
    formato H-BOCA (mordidas / exposiciones): veneno con SED 663/1542 · veneno con HAMBRE 1677/7269 · sal con HAMBRE 2019/6952 · sal con SED 422/1562
  contabilidad fisica coherente: 9/9 · t_fund reconstruible desde telem == fisica: 9/9
  mundo: objetos medios por tipo (A comida, B veneno, C agua, D sal; nobj=36) por semilla [{'A': 4.1309, 'B': 13.6515, 'C': 4.7779, 'D': 13.4396}] · olvidos [828]
  mordidas totales por tipo por semilla [{'A': 2572, 'B': 2340, 'C': 2673, 'D': 2441}]
  referencia UN cuerpo a la vez: REL 0.395 (acum 1: 0.483) -- bloque 2, replica 1601-1620, un cuerpo a la vez (REGLAMENTO sec. 1)

RONDA 2 / ENMIENDA 5 (fundador limpio SI; cruza = R0 de NACIMIENTOS REALES >= 0.9 y 0 fundadores tras t = 10000, con >= 5 muertes) · r2fab
  equipo     lin-sem cruzan evaluab casi inm R0 REAL eval med R0 prereg med sem cruza (mayoria)  (todos)  gana
  O4               3      0       2        1            0.845         1.309                 0/1      0/1  no
  FABRICA          6      0       6        0            0.159         0.164                 0/1      0/1  no  (FABRICA: piso, no compite)
  PREDICCIONES FIRMADAS (ENMIENDA 5) -- se leen sobre el conjunto de series; lo de esta serie:
    - al menos un equipo gana la ronda 2 en monocultivo (p 0.50)
    - en pista mixta con 6 FABRICA gana alguno (p 0.25)
    - O1 con fundador limpio cruza en monocultivo con R0 real (p 0.60)
    medido en esta serie: pista con 6 FABRICA, equipo ['O4']: gana no
  JSON C:\Users\User\Documents\PROYECTOS\JUACO\carrera\experimentos\carrera_escuderias\datos\humos_r2\O4\humo_O4_fab_s9070_T30000_20260922_170626.json · 67.9s · te quedan 6 humos
